257532276
0
0
0
308126832
308126832
816072716
430620074
896969828
903230788
101565796
1042178931
128274534
194043143
420552885
786738259
716625181
198819533
1033044293
786738259
473772004
790541487
110261560
1045874816
802155302
1034241631
834295082
78696572
47525894
830691235
740195670
175501151
238316903
985097120
1045051023
0
676755028
57149904
525717380
238316903
450928671
320288965
749983477
664186090
261399122
320239878
809874859
927272128
180574860
345877834
1045971505
21479856
497781195
1072872354
677731746
995934240
566075730
902316163
220271437
68630476
492723477
220083608
1035251046
849058946
818357748
53759587
3936332
656916472
534864160
271002136
86613425
54101339
521216702
151872101
501064542
147570142
627960110
627960110
517471493
131769465
922833880
713723380
921104911
517471493
125951750
365307552
864797630
672989381
474682804
137803605
330117350
249326218
645878577
450815604
308754283
952916764
547286301
724528235
582972657
99388167
440755241
954778367
510209164
393262812
681176126
876113471
725003163
751209522
1057189525
390728175
165389860
960073780
365628549
867593351
785481407
9573821
410883976
72017407
818357748
664742691
480677105
19671891
643200587
568553089
206611903
952190320
871296857
748157453
508594776
757153395
799821569
37757177
799821569
1021417239
1021417239
314069071
648202994
0
384868731
535799984
701560406
756682543
463953184
740833881
67212791
393969155
535799984
384868731
457498880
803230837
748157453
1025246596
850282649
555171416
475690387
393969155
237797582
417468874
972635253
923772564
657620772
152699781
337311932
812856931
784038197
643200587
420144886
54768425
429682359
921834950
679530090
345539718
463744178
648658335
1033815020
191354087
64997217
895499173
953289097
139820530
809075225
856325078
341252091
70027898
645138394
263776088
187293570
467361738
589055658
643200587
434364186
574863983
887046192
949479223
1046923787
34745813
3579229
103352981
241337763
658861340
829194838
480413025
689060498
1019559139
65185677
753823137
173436689
998999141
1034249203
568614939
648909230
1034755371
469461856
739686623
332516275
103750358
914919027
13331821
51901172
258080686
138716621
648909230
935425719
568614939
776130580
906168890
469461856
877157621
292961287
524519647
1047544239
1047544239
469461856
782291630
692316613
419553676
492744996
789128727
481512250
825491643
994334406
782291630
899983747
700042683
987304964
446597840
511425781
932001282
821487761
1027163917
716879283
724430818
469461856
190848159
718857132
300914020
463451377
895192390
1001701853
123714585
476269058
196420057
824651206
202506727
718252822
644112350
514484345
658236590
469461856
733787595
186440189
735786414
962419814
717745013
127793577
545177439
153768743
48320580
1003552876
578733838
412292580
691884487
468360073
635361649
757351842
954789315
839656499
854895330
469461856
842873712
779344064
63297113
60980869
173588521
422378729
158650275
583535335
552148739
327414407
687209172
153360251
840840987
750147792
172500612
707043538
176839125
372140653
750147792
979916121
867126203
346845462
833140367
63310821
328242584
188008521
899074366
56864410
284735907
73319218
253996991
804404707
940235275
701639796
274910626
526289795
861441990
332398222
927671186
984765265
530223041
383273987
614887008
854370289
812778808
610655049
936855023
734381302
655854848
648406613
375224648
363053949
340607920
1004109800
518171137
262699486
427223554
858068954
258772088
794527274
970594722
647173899
648814949
5158490
1065198213
21233816
154294953
104417695
387708347
571615222
667673396
798134204
469461856
216208374
801175095
23121968
518858409
551983315
333627729
769590378
817510357
591015440
173442673
857594336
917134421
847234157
387993698
708956163
854816699
656148211
561169064
624078488
469461856
10727162
392738137
641032154
1000370731
847145045
891275059
1030908562
858917264
912075902
346376007
852761458
532249267
72644591
944777876
812611174
100582576
784253537
737922281
1060852919
461145694
268190430
152165738
8775309
846403802
314329940
1025957643
1014510193
358131059
922909346
262971766
268340049
871121051
71012991
848668510
147037303
888331215
132847334
290915426
1040697491
503379033
1058213569
616966721
555056651
623119481
280824347
435514839
868043719
949577586
641900777
107852187
406309039
967658834
739912485
276286195
134409772
328849384
827099608
605027254
129820157
970560525
10848475
28527447
627883531
483118359
100276751
1031250022
283667780
491818922
485235394
985530540
812506512
1014664004
986311096
187577764
332501397
241220379
764295125
815766341
375792717
618570060
1028141240
393764560
43570915
618570060
796131538
973228166
313679522
132815437
129050740
201348514
840273064
532274198
169161646
977851908
297963409
222716469
664872211
1038154483
532754499
0
38729350
323567765
504701986
762358653
1001706251
50690061
941929583
117275064
0
586404348
131394988
591176676
27711263
540681589
58195624
316979331
844129235
436671820
191616379
66149568
628969906
210041268
252076545
673657970
716185256
611083155
804593969
592497725
191616379
609360759
423684866
269620186
10005409
910842273
1019138807
1023336425
119281742
1038442389
679874444
25629620
614762948
275179558
369439125
768706320
536674621
83722216
914083973
568123170
464757813
4276534
1030500105
461124356
959086841
9209515
855529995
429551946
442762406
22030740
966858461
731945247
1000987629
750703449
507083773
232942443
837159852
234612915
656929850
1024055357
969049528
1016874797
861796300
562177211
930919600
84381532
792167512
1056451003
80419911
431962082
685275576
930870194
889158103
496761584
889158103
128082458
495926574
248150844
221311596
179774620
887299016
447372361
877865189
950778806
175494572
433909736
43171900
70302431
622668158
1062032525
706389766
855316779
725731496
1030485032
215635268
9862502
674647743
680141708
1049828847
849817480
566040796
914851813
709644221
72557074
241895739
811011850
769558010
952200517
36825770
590545490
27597658
463450434
117710358
8869161
1011550945
176188405
1021316184
425428324
426220680
617865826
401053314
771851419
561049618
235754442
647641985
837189594
650059006
428006395
936330739
805064680
153861788
1009728798
879031893
248125255
1048977671
486225497
153850996
434001935
785446753
609094680
161324168
1059928814
307753522
837370518
643014340
467729526
0
70644778
145712570
156621879
419713801
452939733
57126505
38796771
380930646
863650875
1064699519
783226673
971475437
828959833
274600174
524638257
291375079
665188878
209635011
1008828086
989767042
377366384
758791459
849485923
1061758017
51833881
339015266
574810757
885667504
889883559
242196356
840933188
543237080
599767656
550626170
267170949
308029555
1024232670
235714265
625293463
490242910
658262213
383498358
390309451
0
196737146
971765559
51667185
944922784
59789999
365270173
233068121
1068213348
886610678
1050495305
630600667
623427252
249391518
625128898
481083983
703591687
1071253531
505020233
948652236
585289807
817685221
783314949
229609791
1013038879
850831916
749208558
973078017
258647804
1005983360
438074566
502309214
685426206
598884420
199473028
536901911
904561391
196584085
244765667
38506922
340879875
433899750
954798261
454118570
705484331
10852233
314879042
425683722
75036158
566958383
181477741
502048407
801449413
474711318
474971836
894497367
358121219
412753035
269428816
513360456
513360456
67335114
435829915
449109106
848216089
672304079
899087660
566228203
249423108
567346553
911042794
684007831
901287603
368944670
217918028
772229966
910290752
820708641
693206696
845951769
573987047
734988403
1034884932
396131019
490058689
396131019
599888495
273236016
224937203
118816610
890336312
813680366
343728967
217242505
742354820
931266119
706751552
1007399575
991650561
307249375
273180025
767914845
238488794
781249989
792822188
1050166989
541240256
455300428
427623642
52997551
820477989
587834744
1051482372
704874595
794915217
36275504
763982925
217499395
611250633
135818342
498869423
736578259
409630552
859844057
903364415
92749318
619149700
229017300
240028632
60693891
635173425
669708050
926455327
567223315
753184345
983363832
537424756
127603722
619149700
179845727
252927397
673582400
650639000
1069161596
404036141
631519328
1028064272
619149700
275481194
1020143796
643482018
735465437
787069960
935362018
748702786
721859997
1069107803
573213101
817638650
441588462
651431465
518905038
89333492
728002814
229755282
488350826
151672342
776392954
928567017
603508188
838448586
588594273
531269862
138734798
175898226
331183490
6126407
1022430189
174973030
1049742270
366009232
709533168
347093769
247125470
607110082
566316584
271064018
816434015
129831371
755315340
978861648
118154150
550026893
852031227
563150438
759050216
947900456
549106916
382163201
438322115
963985610
916327278
668929175
303558382
240663940
317755278
195789449
574191228
194286719
97982911
810443593
861964703
575920244
843203598
695271580
108660339
13306270
562917555
1063349751
282513540
234308596
29290375
340193011
897876515
455784880
105557794
926502368
850358185
900783432
906112092
256368413
779060022
981515209
548130603
211580239
977557578
484829921
416587657
643885850
356871852
744458334
940490642
228370043
379309216
606675596
320061626
418743775
783193632
524183331
169286654
281273956
470795149
461446294
532049637
613296587
125119329
508581685
614428195
977017564
861034775
560293699
975119806
228568902
831678775
161941748
370383680
987347974
580934394
700956004
394549909
1025574344
25128205
976321903
791074763
489674041
900051490
446787587
157580798
26362087
443290267
46576354
739941604
802121364
861110992
61384042
571069443
461186376
124249694
592474796
311211765
1064865350
416406607
974877100
768128897
429644994
412809123
42574947
209651101
864223366
394726443
645724383
898242501
51483680
878647659
203741001
670066572
128851781
768553994
522713267
393651546
731199308
894375667
378037194
818441462
77705522
123191350
420213194
678921625
216191919
242675239
378584332
30090204
773088568
313524512
754975060
571149163
192438913
238484546
384942381
1061094434
148451798
106627261
581216214
434719783
82533170
312202472
563371886
1056107430
395144354
695481827
167071786
982905189
598816184
464462556
347190327
134377658
825357792
245658939
984532228
965227963
578996740
1017380634
651365034
319436445
211237999
930682811
232854693
116354934
1011772116
1049549339
588504976
991293142
442457846
1068046049
727328289
873923155
918767521
270425350
393156523
455417696
1022578791
917311283
302088667
185419651
146365202
21125709
487656255
540552728
618316775
894685565
302955087
549355727
948696977
364015160
556765598
1022539514
963629793
1009721365
331333172
702130219
347213613
3550420
7064097
200489740
862408939
460484784
994326996
460484784
78044132
926354144
783620187
522653128
713341403
461185443
939150387
453454691
660210421
340648453
450712438
1017044851
967466165
530056746
515555116
740213486
71190810
78570557
976301937
39440756
1068239076
36033488
704252635
286284273
666319281
868328837
18800933
105510030
123152937
708879793
372780753
376709373
819038872
737721002
44430371
457107532
569623071
595435120
1053504740
157196157
468557720
794326726
822735001
735648436
287825328
279620061
919622585
411270536
155525958
912021776
825314463
874375734
263140541
142266292
95807161
403504643
227096583
318862070
800670542
793068726
711455498
563490300
239246579
622296760
555620062
494386737
863104019
219336554
497981760
187875515
183646013
419821435
685361348
796976003
991058185
769225967
87188624
68790038
625163583
829314119
644621437
1017218617
497981760
73915635
850632507
753575751
680037888
667903435
479385092
172055008
847138999
576024605
747574475
898585234
988516976
146397612
429122155
126537751
894683062
516744578
468639448
817404608
874439615
504572924
676249751
157506348
932784346
297894780
349208923
971588758
805777376
1068987809
225121052
438721190
1049149357
1068467332
696945828
849701675
468639448
44812048
1033408029
549048658
55385420
1062205247
371974927
425293495
318611446
215706619
908686090
73698392
384107533
979939832
534461838
584860611
784119991
305484290
84206087
909717166
313260808
53892921
1013962524
685807880
685962470
86964139
770359591
38945061
373526118
783775593
765400360
926302373
671929158
1049384003
24963505
772546753
850348448
393923652
742498103
938562614
431963860
212349909
509470945
348679023
987390510
11900557
711758762
55584160
503601282
1020420887
639268312
250882062
1010726429
856186499
134934581
790258297
32554630
564856686
829799762
1006325173
1013565179
79501533
399014284
1062976787
311713222
463687469
395518785
770970158
828887785
492051095
479683065
427977691
914133938
418167245
1055300549
819465194
556874512
1034662617
107255857
937561791
592216590
282434397
2712833
716399861
144331090
980408796
294481328
836918913
983639091
716303372
71956000
437785021
1013615825
355342451
261700773
451816949
850996585
262404927
686340498
801296650
183054219
272597455
541270493
135137479
678433836
440969072
969944084
153812004
992405502
740633946
872372391
689146801
982206543
183732950
103701207
79010270
34713029
236665888
101418836
502432524
814901293
392258233
220754325
930716707
497981760
308394243
163894588
445723039
390238040
182910294
573219631
850299104
632027823
552931759
478347192
620373185
895634417
854030977
877995401
575892958
923063904
905935764
491453282
611326269
9607139
286324034
1057846508
879880735
954472568
281142493
183365887
778724350
474154188
135355376
877395437
23644012
65322936
308710747
638972494
997326274
745849503
112921802
492247080
850887787
345500735
273336190
115466491
116074083
772398463
379843544
379495323
672751796
773030854
768671747
345613432
352509418
449716556
986915338
696848047
299829668
214309220
251912683
393624546
286878548
559230495
312131317
425295036
771072238
272124026
1049723983
1061429774
380850106
395155724
530203228
965230326
371028982
430573401
390581146
145226455
547998262
451716624
255554163
414281482
887793939
658444555
640046786
285655955
782646644
840504277
512170709
54026110
938643928
391313078
934608192
886320983
801410804
586829962
19378969
746365691
478405984
1022622208
702516908
829928843
144483539
791208482
317352186
925150873
396431392
1048540949
241173842
873047590
599353841
1002074249
686874205
118820169
812405359
752300653
217705968
294776856
705198666
627188787
102362966
540537887
121063233
590999969
454084817
826961667
519084849
1068353797
24346290
692845774
767367790
396400318
388327590
277370646
408785318
594979790
624117956
872009895
413037462
480516322
819677000
324572918
875555952
137905879
87887054
171318072
935275770
892807487
132839092
1031477975
972836858
666678356
453290973
957021093
712373179
81359421
349309511
262886938
88655387
602429949
370386429
761429425
495656914
518325909
829530615
173849338
601569699
79339128
1035371559
389409547
75212853
633708209
230084455
22196056
325890226
221863327
276678483
438322115
934806427
371128781
62311938
966380263
1026953736
570072552
238648422
616440726
736400787
944981805
235985833
541826249
347552295
672145333
1015181368
848559157
660839277
128102457
471481481
419111625
771621743
617286193
201540504
726630679
695614337
231064568
181566722
916588869
151978777
357237348
635642689
86959687
708222121
710239008
32775758
185877437
40662579
496991247
633258414
429649274
560419390
957197673
461426825
776103895
898452472
893279184
41938812
222765855
207280535
74321457
922115916
40811934
721269576
470262986
182756296
990658932
1063798138
101797408
771147917
606621618
724916376
115045219
13372250
1006684749
228888647
447177614
936418269
110183830
76426806
1056231365
1008170066
648826572
43749932
301539645
675463826
1022763019
203078481
746349332
225320538
701514174
1049257677
1051117972
439210509
681007022
35516457
799174357
848352335
762874621
939779351
657697568
766233509
382494970
408156494
804809004
247749078
156229613
18151126
599475288
504389598
3587767
367562116
489858347
87817304
890517169
952518803
986610208
258357920
775354512
268502263
944954299
813120296
506083745
748295764
992730150
815023481
931185410
18723796
388726562
938815124
777105134
202104240
230871219
108724169
972713967
442898276
547972188
473657891
275867342
263391110
445795831
1016382606
347611657
659913636
844306471
503251423
37553609
680310058
736050234
12104103
124085445
183837240
85974287
211899695
600811882
30032915
807797210
697342788
930307928
711029429
195308057
975249248
1000653101
941453090
915024443
360225113
539577288
8848471
961638138
317583462
262116890
480963237
691607988
846233654
676040018
182555929
133776444
293894863
807381826
596680633
1025242823
583104934
163707198
66964092
836463276
110572906
658148347
422903418
321354073
680686803
878879060
1044865618
182411818
197821375
52961502
84411633
736952268
296105656
401420764
943256995
543187844
333660889
931817812
595099812
1039724184
51365257
536028763
497122751
310082646
492632575
179726656
46576105
810771067
966769393
846395401
322970439
497976226
110301790
731627840
1072357334
349088217
802998427
575879728
250321044
671448850
873950164
834566478
997085891
483534109
709265218
514411080
965802470
830561529
47262003
408783026
949541579
62726324
384513823
654851166
617123085
248437996
668265980
1024113125
842235854
675886398
287740360
286638046
173607042
114356518
41933233
31433878
996910448
210220682
203890815
827811684
23623328
338822488
446523838
572767737
839853845
719089038
737783796
609272624
254611804
1006289559
739098792
785249847
543547310
77497559
864552236
86692677
138706747
950744613
256024722
392324154
999742996
80847567
297151996
611846362
689712228
801958863
288248022
653510277
423586293
312206936
24220892
986155189
982424551
878803588
391443238
483456443
912454696
229501420
137940788
414161495
314075541
310816406
797709124
975711634
150648335
426495812
528464136
105221140
945421508
951684797
139260645
70999559
402872773
66494430
27123219
965287170
512142173
898715481
246291479
563388479
419710294
626957323
890078678
363215366
764134519
515903007
716279852
1070889034
880082105
797509675
787443839
19847972
991337700
483197825
714990808
669091162
1042630441
1015162812
455688331
552657890
1057570394
644760510
1061888487
875343110
448972420
522895098
350163700
765859863
949008333
374093762
121469543
355178832
354296422
1037172342
564988119
911906176
358196654
1054993056
360193311
1033673845
529300284
406440221
607351501
879020582
914047549
586960082
168655335
82859750
612263388
597103132
808508081
818539274
625038627
943361329
707380457
1009985991
959960434
960820080
64369282
68372016
96632003
640848717
223162970
466489853
1048490189
382064032
1041945962
970684083
1001181049
786453108
875267875
262707267
764077598
165295186
221069416
340531990
592622237
833995656
85808708
251140873
640700072
1024136122
822567323
935017962
956688858
286591166
920617794
703767436
768385896
1051825152
709445699
170239869
1072804640
484591744
850789057
210084152
899928555
1066070078
465528997
1046842923
792670894
859872818
726057506
452816104
525458513
244324947
344549370
810843472
184361214
854107007
1057289603
997491451
332915732
564269268
856889109
383172263
568292252
1010831678
664662011
545140558
876730610
564269268
240352748
845229202
637397074
117303532
598543782
301562923
1000683233
126662425
232821086
760769346
770839815
1057104279
98599465
704047119
370037555
1042214085
434893343
618338603
959258634
578234850
222247896
86455809
326896269
440264455
509870999
116573890
743045137
248495364
392445402
790298119
635758525
878172383
392594556
959960434
881931311
1018479919
213276926
169865031
835525535
447183180
708077569
638634253
293334420
817031923
869288200
297443145
144089644
1067383235
876923113
27681458
531770095
800258273
495757751
522719176
148751637
967525654
198477523
869679131
231595040
423210997
183659248
589572945
848947143
883507393
627399044
29531409
106024373
139496347
598116313
951871863
627958048
419710294
178674183
488585666
986092953
576363756
579916214
55322239
760397438
331805484
843165969
606865041
318225695
719960483
50091236
879952271
873095793
605072452
395599430
615372810
980007671
606679979
1027524240
319405600
987563022
437958711
143001583
155587307
858418580
242815481
183425579
822395336
972023919
785679539
315646690
388595903
64370130
122001502
143992994
247420782
122001502
635265162
752192962
756751205
117932410
495060907
499841954
554180022
547231466
1065912358
418557868
265285282
70461992
324169531
1029228942
769600239
479919405
334357182
55916245
81010792
64263904
570573860
866648874
1070345097
1026224087
643123934
318910279
977926927
489920733
1065339169
154676164
1024362873
467553824
668008441
781662527
325882983
32648886
936711277
261951597
927321215
499631176
171626757
490839358
564780686
326016047
1021285984
835605324
370795612
863330571
904771132
935401081
415997977
6496999
225357370
380356309
760794788
325121850
510421775
846114506
160040115
574984791
130025915
490946160
209179777
314966414
268959644
53551069
926316814
923953245
578823261
110518233
712361152
595929528
89131297
656833906
378229331
674764913
242852776
488386198
781960001
783381411
913673213
781960001
739331717
667042457
234719993
822151926
817072830
905209889
410115159
579957414
970929452
639196841
16027760
90492107
525163924
33509484
385281480
562972208
197900377
122190812
502387922
618302506
791342991
66732475
94363995
450363876
1012586349
1002250726
13636380
172306616
874355181
453403865
559187659
720556923
505348163
817179684
826384205
158574771
385130406
423894584
968241429
452197356
344536237
276412977
579747039
291877205
242515144
1057334179
727889519
321834400
195049086
698055250
460905918
345162791
128387672
552015660
338153431
990640394
736274276
904874257
1008773885
1026626922
504549990
841778673
287103352
616477670
795146173
164544058
254267193
732823172
13401364
1051560926
659862830
22077452
395765194
827769197
643398905
31908101
211540477
234226026
539544775
1025306262
646935786
4765414
207470006
453211260
100695841
1050530949
387753676
113062235
356397419
246213135
211838759
709951646
263104537
539632689
466395208
898907740
1006614500
307314638
306622645
1023755780
1065942618
616956418
734698825
753989695
759510079
1026207602
483767681
1001996993
1062816682
421798170
40342281
232827467
574716988
897926855
316554266
662371454
1028494957
136762659
846615553
719393262
291894395
835597290
235713953
862127874
323837613
950045819
1020832240
1071913257
231386168
1056034504
330207437
273515296
341556104
66212717
1065487873
1065775772
301240916
1005804391
95258451
1050668453
326928609
629689825
177468378
687669625
76178537
446812384
671551744
78411195
818161421
363750108
296409515
998826665
846934532
371761628
49459071
772212159
701527472
88277329
478437157
829258323
58791660
828845931
651176393
276812188
523087961
339608418
855387385
53652165
425810159
543550792
220917978
952961079
491916160
669360038
419710294
713240890
915029625
850935008
278634758
129656771
923930695
851938255
961432862
110201817
77153461
951193054
49925604
289466054
863299260
340182950
106860267
21563391
349710560
655595576
646947175
879570920
387468013
583558968
770459228
325594276
368044418
845805470
631955412
56461759
818743469
486475048
61074981
954807123
414089074
241796472
244932595
374896648
524640208
34239568
428803858
165862647
624836103
339623291
720717866
150367409
870985534
904745967
976750703
145208947
527244021
627491905
130333555
614806243
142271796
820433408
744825907
12597970
331825641
360566198
389201684
783184783
731039482
821789661
39188947
858178897
469464233
56374517
252550804
715155241
295072222
67253278
147269750
465494939
731214120
640508218
503341355
461953873
380020641
646578081
889286215
961372598
29561979
888124576
625101577
716305691
666690156
575389650
634949085
474313843
799105301
1036807856
415485949
1046925477
387661286
648358717
720031218
96139006
33489571
223628629
999239228
615654232
222739750
739838523
93520547
266279597
579271436
998661336
656182650
890504842
527612493
381185480
293371743
754451087
692653369
108124190
389196691
446144557
659011064
832989442
1012290524
471474347
385371953
494301763
291092321
293371743
18116396
1053956207
785562038
643348148
944953226
801400381
92490349
377699099
155789138
237001042
633215407
559146072
1009707847
269454947
877504495
1069520644
505929809
575145104
201139280
772096689
393285356
200763069
681389592
861064474
126434570
511422135
27537032
763611807
459807292
810707239
291137262
905695228
869861893
460564517
706432619
660732791
564261882
424515486
68807431
960057237
914079915
898142046
734720218
268976820
59990847
144053202
1023248760
586073053
83692661
648165932
210609572
280719916
820460022
335138400
1004716331
1013365892
331114780
599204515
1030357403
166668733
283534873
745737157
1013480034
762572204
512376272
578245023
731214120
253183345
676577124
792190991
1040380534
1039556712
602120602
499051686
620100625
571649871
202281679
469424354
486376172
573797461
909996496
158231460
851824222
169162197
492663641
986661373
518304630
851269959
913755623
564800982
772260099
248554179
852224060
531239248
1008995357
647352720
812740620
848124931
575145104
549998760
855983520
44940798
65165322
46570544
1010012641
1023271364
420513395
921262435
596474746
914128613
451761159
437998727
818357219
695856917
428580810
873473729
890619784
432156993
1012093399
586246177
21275635
531226050
961266963
574971253
413379745
10330746
225795860
699563587
762745322
222204696
639239192
923490227
1001187526
21226104
181693770
910554491
643420958
287267473
1005223303
267760114
5917540
195730283
654651921
382907852
556516254
406076143
661659707
235745432
1064606196
687641174
618433153
698707145
618433153
214530504
527554603
250197377
803262474
627711145
328542681
126434570
946293923
616179119
461155828
435829302
723627379
217494712
848726815
80209991
4351855
751026036
667907504
797812405
352977091
755539918
390786896
503386315
756012755
396922575
308323866
960495915
949377213
823335139
759842113
158461556
925986956
98272021
884145697
361085561
104278817
539289571
423608769
396930336
5315978
872863695
637702181
1049142863
1016891240
419433401
829746296
211939691
6328513
459219294
836187822
967522
322152800
844431287
361441354
882160668
764599100
178982198
723341309
750198708
571192925
62631388
895312746
653666681
127023800
721677668
94383057
391088142
131681606
1019907117
333477582
177456190
357564648
742451427
813556942
962282707
636957901
863279572
611180955
451060013
475495044
338425593
47309388
152316179
294144014
645397071
843691391
569707530
893646908
675933116
646183129
126900315
986238442
533062520
1040321288
976178794
474441180
227653746
287253187
146426411
573675555
283397287
883809355
88413232
641667847
1030889464
4835387
848229319
1064284864
963273676
902974324
940368163
934119490
833874256
1006737878
641241242
382510893
110804965
185134160
898795902
68108220
1035406604
605263155
643622603
24403969
335576541
67730557
950186779
898703646
499234496
651861518
1059547115
180373599
613226368
84774646
179139192
797598553
227777633
1040256146
731214120
801181859
501143786
61872089
821421216
6190185
840449588
833243793
781557602
611597492
731214120
904470141
744113491
691953537
875964314
328466767
955368666
952949405
584344269
412357955
272919637
557314685
226564043
688910712
705289444
574789696
191178323
472015642
677833259
905236750
959653808
1070833043
385483123
450617993
677964045
27606534
987632156
924569985
969665924
58451240
831220672
1048720443
788284360
950190566
1008790788
468059498
717162791
678798769
401217668
731214120
229554923
445725156
125708848
1013606913
578942541
944509559
965279862
190419576
574190977
249734194
814264696
725022315
47253987
987432823
182555860
822090984
581097786
337867423
995074584
848749336
988395468
819023128
906998784
475837214
197146925
630127992
755894792
9931043
790355998
103656849
977727550
864542484
809477591
1055798173
114987563
37338144
1028079392
719244047
804385675
581357046
621070161
40014769
822654693
842172954
427185972
130170795
680757024
463941657
840684175
617817177
593731233
280245906
624651171
648057199
251622996
203462005
76208974
400028998
617546197
935436089
730459713
929289764
581105803
705912739
748510973
1012557309
207958181
43205961
670926666
873836268
413060398
766012427
264890620
402910520
788085867
1013497116
486841518
558134987
106056209
946965517
290330076
263568472
630923305
615005176
92020523
185229909
1060076162
688870019
678334398
850922044
587926123
382903930
633684087
292121700
205345502
234562056
769600671
529058537
854620306
403948135
221426181
1059482121
8271036
74260718
928232762
266173525
397595553
510527188
321870151
758999292
576953005
1016356042
736416029
678073875
280344192
16235719
182170376
459850960
179567723
927318228
444678421
844289182
956582468
145175494
934074601
568168930
324272466
1065628129
199384788
340262445
412656417
419804358
815692774
930883397
651120170
679527990
835302522
208806406
381801324
998368356
605512766
820348327
321300760
622406175
1007872050
629197693
24844991
267953268
912515380
398439604
217628724
627896315
609897329
250360466
662474005
269477801
62978780
186036650
36696963
734916233
13199785
397237064
495246733
557230822
301894617
10887618
163183551
1040347862
395084559
574803182
952331248
371240916
860277533
329285609
360278658
363756473
857959238
695644223
395535967
437180543
497977423
168356923
640172642
411544881
618817858
409652930
303111769
117056033
226264775
938203015
294055600
194045997
644841996
416198793
877311163
738674489
648914594
921690252
700582237
487264
642638887
401623515
583245273
224754751
524210186
624595437
377899401
884217406
801191648
545648154
921116707
237945325
315694575
743270858
449550479
634425953
1067815068
659289202
112803627
362724266
897341947
268324815
528111814
246883959
147512970
241255885
235706191
301817136
858161829
652365465
272587374
867657652
706689064
1072986806
64880211
349287078
1030215570
440462831
865645515
946835614
474141799
94043788
625975583
324146137
204176554
1033944393
494513826
470871106
1025611681
1013345675
409261082
169575232
253372030
312237591
289974402
386398469
34357966
820713883
765647412
820378887
145305824
481436395
582858700
521343142
258941050
449635440
453102884
334489197
1040036981
720822759
388525354
265620411
154263505
429973068
1003305604
544841926
125454378
841891634
341283131
398359332
111766975
878318037
25147307
327272255
316077850
840588210
945598029
301901496
125919301
310730833
938851739
761699280
522106343
515377062
355976175
248696385
955073687
138652043
933828371
205525473
545579479
77235582
577712142
1001526153
239487311
140487043
866042693
447309024
103446845
780181981
1054868981
167990736
286601357
821259041
218443479
252661923
933744509
864522532
741544359
288578301
371727477
102498407
374009754
1013210887
929215124
824652480
369877231
880620821
157507875
956667440
518487551
856698532
281175003
7239928
186681690
733386173
621700079
340551916
196899388
837889733
930666768
361325265
92758288
690265716
225526029
766093852
798356110
929053307
409295009
1059961537
268876687
543326932
6377208
709142669
34956034
548793075
964526115
763868114
700020166
257208214
986031939
740518407
384740413
188055234
31833257
47106566
1048956952
780265947
319035978
125105918
6923307
978768611
977601793
881001714
415127266
781348093
351113649
1037078710
101648274
171306112
17033029
1002905923
639848
558768133
392319191
462235891
1002869723
309315840
241183438
890936615
141212919
577546723
871473048
606002345
888005409
770018923
558583021
93197579
160080397
944982254
242622224
722066532
173841033
133830629
314664798
880527518
791671110
278781845
789366893
498224506
789366893
361201687
632616158
225812507
437130314
664693308
1003033091
932807893
83212977
745195830
514192811
375684064
545078889
360650374
658864828
1047358672
271431384
876322969
992481756
434736642
963612301
214288820
787316553
56477856
17181209
40251890
632106012
212724524
930129528
822810198
145542863
416467179
302632984
698785159
935367455
706575700
497140455
27931589
1039159357
559497648
902536048
468184092
930026752
174847718
1031392742
603732765
355093435
738145657
70656475
1039998752
588563626
946792814
446801593
951870511
1004472607
23354717
732709314
953179335
725490905
1055595331
602491020
1002472577
502951091
838552080
1001725761
38418973
583537543
1006188838
319870116
8899924
395141065
357417192
360118170
760705611
137940193
782771836
461721844
933564049
19040027
757106414
404627940
560765590
553436994
334149195
175396638
414518810
528846556
776489260
878471835
629824743
866153866
440774691
17315282
417841889
50822481
584628198
831352847
55827876
395818314
954705324
158038379
144540915
73764914
432898538
1017889281
438866637
1049293377
178769539
426564664
912083572
272706138
841593399
466941452
53874205
524030917
5396318
362485178
732456470
754947222
34222888
570595459
607418941
68926148
95771412
706406465
116150176
163299360
728627895
333362199
150575406
173995008
556007163
361141957
32869931
772817961
592561069
744809146
974856666
628806494
527206984
1047465439
278861906
45477808
286758513
469449480
984466608
676923986
838493737
424503663
386048020
278094695
772603626
116476748
929183434
789471828
913022615
917430604
245414113
626448443
766838012
483809013
901349378
386671930
266785359
213013932
349766744
757417798
410460985
773913942
321586051
6715997
301619252
34263790
636172294
472529192
371512355
207442374
195962444
281703946
356778000
14409401
467166102
287440439
619271600
578318572
590706747
667447692
325288078
894963427
1036282426
891798234
701604050
79890921
13267788
789086520
163843856
580127555
737576414
860794288
191811684
286188531
308147102
915542029
1047962123
924287825
1039818672
239306933
140017930
128284449
141661451
292540167
764130391
878508593
918332740
974035001
995874755
166730906
338696377
201583476
878947063
138538953
592810091
724962157
1010994690
381219679
819587363
756378079
375669891
563091544
922273227
178195924
821484778
812280414
290500802
616419034
85580771
434143370
765701592
838428338
1063730225
948416013
962502020
471384551
993239172
1043155916
868639318
223736445
835110442
148454632
982423135
507061343
35252702
840112233
426537684
751158470
427295135
74768619
246674271
1057087221
173544321
672817879
817875147
208794074
777251373
112261433
1003814956
395761586
347422445
151580776
358651407
254417591
911932268
2112722
457599407
79789878
865390336
1005119175
489826997
746257319
319346084
454045132
985745485
958466914
560482351
887645765
81601579
326127056
782464139
136314213
817442058
1041844669
571287732
997469096
109381659
180437202
801394474
810862757
679694409
383777655
323813774
265590127
108904830
514435355
381259829
1034764585
733700026
1062001116
171843031
629650638
360719636
258771340
855995769
685302730
576804948
369216257
432950925
544633054
913148801
1054275882
14534129
781814298
771323317
707926025
327239143
805895975
582654662
84623481
814173772
314931335
566425388
681306831
662357759
99698625
617682149
317111391
108709501
255236734
597145136
514774333
120664889
598776626
800470456
887505259
116335582
533047081
231713335
281859909
886318908
273805092
671275704
671150353
947773096
839543102
841261150
876068267
840149426
173575273
834197952
9271028
928585371
917731750
314679765
488234498
269742101
242847193
564170420
1042751770
162177434
991615450
529128415
576543250
820242400
165153974
253830314
501150985
623865490
405055973
223088712
4088588
796934708
386670502
388020475
131225686
211679046
557125677
672938426
225154160
461394885
350093731
19484162
174927330
148727006
567166299
836995722
881475777
1012003862
1061208614
721387505
646711320
622685304
610476418
112662210
1037184345
245544687
1040691073
499033194
922611116
1044136979
920198051
570690538
736656106
50171831
914636714
271190454
421023153
49450776
395965178
597076513
547538914
672587882
494396434
940194234
728719010
210350360
996122097
503490548
542465815
855279857
723517686
987833698
841094262
426187719
915524681
825716782
186467187
429548596
480675469
457855477
31085466
113718793
391375434
471557648
409968893
881171770
136794763
1057705120
888002501
886806239
1420135
1026066706
213200705
198475943
295477421
325537138
911890917
123191584
31270303
197163891
139183045
958501541
836312221
763318163
795070329
190726488
386264527
543064768
868582091
844651098
109809057
442849327
643524269
181598595
903259269
306559494
336793359
13163393
527256086
748392132
257453071
494600882
26233342
859537010
52150986
322583954
876020317
918524313
588583303
891801233
191515812
722613578
405683999
878961398
274076926
1025185159
148286020
213404488
259546600
161015927
340890165
444486277
766497248
973358856
612184492
219344506
721229199
926708645
483130010
1022049990
733675501
919988706
270685203
328428846
290812502
649138209
1004551414
686222198
178207223
373510104
847390410
382360273
294959291
217849698
735156754
474233910
911386728
143886663
755538092
251037129
48712103
469933996
86519808
142251771
905884866
178618572
351577729
445433823
938041361
919544328
905627425
775982792
557893182
1001377904
938627936
284490656
1008054835
869881690
352683720
519638620
823012801
888855981
654387643
455300762
109381659
689167120
1020694852
210320959
913752335
581729600
247393702
857735748
886810213
714551977
435327271
716901981
523900588
365772257
45029142
859320104
715213730
469414063
158748546
920095413
76801911
540901017
410297169
651170937
779807908
621912359
266070478
692825647
320233145
611746381
302135051
83113892
549443217
880934165
653482774
252882948
272265758
19797127
527408419
398573856
883743530
613430790
128247555
886888094
87518364
304635198
377842665
875356719
13986229
745274884
633535797
614037631
258848604
787045784
735210518
1056311284
840170696
829409402
468869908
871919357
319797191
713244853
740098506
834918234
777204025
438673366
203290158
48006660
749995873
461273966
443907852
994718868
17667686
257780813
434966230
853972945
164118206
432219423
536363023
187848649
193998576
467895812
955487296
1019684550
221194199
190857447
276309574
264980407
704415470
941719949
220592156
1017320467
820911056
456262594
415373304
351312603
937080434
254874295
212860363
982160076
100330433
794401535
754303101
360291370
1041992796
560000382
743179236
238862344
226260858
138372824
933236283
301286342
890111803
177057889
1050184932
184951775
680938778
250317377
697078435
478017452
553581835
57669371
964073009
143758658
274309142
123311026
670202616
510115362
985959802
621655776
441841467
350406094
45686160
715581294
107953484
896850614
737974536
79351866
255867488
891952472
1013714265
266831821
617688583
903772308
572484975
836831050
405905282
483809120
842326292
725143246
1037222394
197255069
840330588
205184148
973920381
33424803
1060755510
669471128
967246041
322630230
82796536
51839853
85384752
314952155
350711536
1059386611
647102520
608690938
335624876
632757694
85487264
570543660
977397748
224213029
650314924
87719457
700311591
107476836
568529694
1061605072
469597842
821518091
695554874
201254519
153576291
273972462
1069936444
550312133
267292552
664745605
979010738
458961671
259942425
361745692
369263794
681184061
145725282
107598656
760582950
652201872
366534221
796408437
487564001
896892680
765962848
969976905
262272135
691360749
887737234
225839379
510812243
843589242
998635612
904261724
179929043
102701136
255195938
460799879
94291127
159428210
702247592
438409165
522849345
468909353
487211012
370436372
739144079
350660118
980655541
381892874
995587992
875161010
812094748
643012028
367523723
839535194
896808578
567581228
993595503
961687518
527454277
569961102
293332411
961918149
192785162
380275002
550877661
142830559
300936786
54435310
484504481
896732774
841007379
815425036
109894872
749678539
784203243
379137498
95933199
520765869
484428628
538704969
648100385
205911085
849111582
646601661
989022013
883698248
601689252
718881270
484428628
20106153
336383621
749525432
829646499
773087264
677264653
634949106
23055746
763380983
954572416
271457096
975905558
189286958
37810144
345471926
378725872
225625457
213256460
51575870
975313418
221048078
13615807
628460312
579417941
959276420
807675697
858373374
187296696
328361310
607186060
928474901
922050865
185758302
504680812
959276420
986175690
410172866
682305933
917135500
705334452
157214677
370559236
879203567
1049419605
428835785
653979444
230542739
436432492
488224283
745464222
1007013799
149882382
959486611
442702068
1016766262
137494639
587698936
910262531
673941580
879218852
258903588
595366574
910262531
754692401
943482136
205814480
1039047162
688848791
1055513669
964055998
269982284
165137742
513730724
496824673
634949106
809186616
550902713
405492598
520289875
546165016
779816397
539003288
470012498
39327296
505128432
474223114
218438202
107276102
651889306
315019850
383474049
682185428
587242873
377649521
654574640
376846888
1025558850
621501203
948247061
755270244
732137078
170906690
611768604
727887336
957925365
319677047
917820193
437922090
448697818
22880736
330124990
315465719
310636232
1038182634
271393310
386044284
918192343
127830209
595703583
528798990
382562606
467284277
56603954
782462517
551719442
599174465
447779570
868190158
1069833179
876030130
363073049
18665939
1048295950
1041973778
251002365
838008243
955656373
73355457
889857660
493695874
882934656
203330979
960623079
398263519
904227692
632521991
707048195
849084186
672742103
736521240
319110213
576905051
929969699
806567673
432477277
877316704
80093549
221638587
634129453
811371431
121412798
498198151
321272750
882403167
938642476
346846298
257627974
713741621
810649463
610581719
588962405
684800487
211508798
985594150
260490042
287877462
485977199
296090634
34365038
455399477
857184472
11535137
825377665
589006042
682137496
913400693
914183884
386952021
429835988
328759687
508954487
821241238
496976222
1001013991
511873336
586756977
335975984
325596338
925461793
525310510
890323441
334442186
697900968
475857474
656262480
109381659
171367903
1068184303
207717486
967573265
888395053
427758099
202278249
741100978
416378227
881200807
945684753
808497701
293229015
870124832
806094611
133348060
119884857
660530471
1061524701
792257936
796200373
22748667
504792755
111383052
117379356
866197187
553978511
456282009
80856283
808821634
965556672
672480437
297711603
525119835
338017548
124139967
74594447
480054879
51333282
179417526
428224711
133889265
112227925
90523238
604742244
358017917
106088523
409631209
928802184
687512208
334155251
55655539
614116550
217186854
491581370
888113155
431184489
964978252
797469107
612953458
190771626
4743130
1052116297
801786385
954035537
964583494
181278280
500218015
290708930
596030645
512005929
171398609
919680521
716143411
519760248
373881187
846691215
63678377
277988186
408491902
643641548
100351389
190896906
613784967
398918923
297571950
771655418
834711284
937868168
894224844
201343145
469238001
511815017
411920933
196928717
291653389
811316235
590673362
118672668
650229506
628912927
551793459
345382216
774807034
339114110
189341540
834655771
614817865
125644470
329684279
418111315
971001862
505940646
1055444224
189193458
69900283
1044496749
348265172
88530448
555263869
550342919
263824050
147311463
768342922
128467178
597841320
753226303
696155417
390744722
1009221157
222518025
980935692
30377124
651328705
333148559
34028082
879052171
433338516
299572297
569811945
81249830
929129418
357003677
129391673
114296083
530368865
184516526
728215034
813929073
961392971
592644009
1023967045
394239435
426183945
763726642
836133819
117494067
608316450
763519105
85727523
463959908
704688324
452648326
130899070
873469450
705312969
846175826
596279240
151079854
812983985
967769792
322227058
399062149
72757983
1038773845
552625375
692494792
527980340
1059545288
803419663
493961104
717218615
625716126
623608191
1022546065
473855622
331903791
833285375
631674243
650729944
991107206
351368250
190138918
717817576
444660716
173810452
394444582
105025389
339908451
441611709
794624698
218739081
436799248
564704632
409870045
412985193
916202965
274621307
620756417
397062847
66198554
928150058
771198869
388619682
545095554
566850560
579348727
215108395
25499696
637101196
583699992
921535618
811602032
284587003
588671889
318231887
382051823
302487400
132854196
482231016
502313790
622706920
1017579701
286461545
264550115
684137344
189778682
491258343
182084781
355362847
444509226
813833208
194538067
200563115
746263947
595342374
633008946
125866592
527462544
782740782
330637019
204889499
265058264
339101069
267506447
737082678
180369572
487189919
907722926
636956950
786161865
272429417
354499868
417126827
146305109
437139102
568813409
218708727
92815236
672997469
515814665
649872246
655435211
208439782
471991907
283762230
534860083
66675254
25150782
232374250
816687250
811780937
544166601
582126140
68410109
1046845017
270400621
508374468
252369895
276368625
993475136
517503697
322305823
603232539
661289088
326942306
883564147
956404851
648784413
313183094
234547550
533801700
162346295
172903421
635759694
258857719
905682421
206871106
267181174
819280352
493136803
484099617
758960167
742398500
2866893
826396051
232747088
904662580
439634006
771174261
940850994
840625919
814196141
491665312
953304955
368950744
22672839
863566373
994789900
577082092
269747464
117093737
688505812
564040667
189761862
802516922
278967187
114336377
942711212
167241292
1047730730
740847595
65420260
312072456
892601524
208114525
550471264
403368906
906734847
1035277339
816017631
776711309
133708912
62651233
526316686
245383186
749166361
408059724
267237568
662967193
688282629
172410062
61567606
146941477
986849730
22106571
160660837
896745084
762726294
954078675
1043394964
297189748
312956499
175805756
432836676
853444567
817186589
446335123
444112041
869522506
602138016
332989265
491737180
131117103
475482016
268826632
232228225
100609672
541412191
320515667
539823686
575224533
808605148
354792833
381421342
858920011
660028743
79325435
321957985
201710049
127375727
836713586
315942656
424082166
482762269
672830888
814617758
21373499
551812345
434978165
1069145722
610095794
685260279
356681556
577404387
596750632
755956227
1064493291
971507983
858764137
43461828
926769015
565821008
663024515
563342214
22177582
124204810
906455072
664540479
356485948
117985642
1047448198
801195638
324915168
253739343
625332870
1010330405
61363150
48122412
829542528
976772675
648916226
198392342
971337642
80775663
196831361
213384657
290006942
411400484
872383961
100960789
1013825333
923565479
609646298
637520260
1022896311
612170895
56774973
287367806
685798868
827517705
808998245
666658007
914756640
526298106
995971377
910014429
401072806
998870434
447038001
726177025
636114105
946254727
634768819
860100610
714598178
7073486
48089658
616125587
366016476
1060151307
741808232
816324268
54319082
349367156
469197246
864595588
36105458
902439299
336580245
934305954
944942160
606653866
507521582
791662178
492650721
190234703
743453448
663622735
1060642362
851784882
739988355
438521185
679653220
971440646
619116503
951081646
260613084
902383432
767162244
489341099
348803121
526042537
1052239484
789736160
801740699
254254156
1064417003
975402311
137115567
400787672
1003189832
248137240
324305805
213162419
873298513
373672677
399991951
380377836
844603200
647172055
214654352
446159176
331402571
735820779
553611299
986822577
159115575
225306102
837571039
1062428466
339165333
272177033
915743232
311499965
858466957
426242538
384555165
823227393
46755102
293636552
1046482515
910556729
304113294
168985963
319627881
677468320
765719567
1066322870
1049535632
1013793839
726336188
853297140
859097825
280518236
628313153
808781451
1023016907
411423449
12058782
184815661
1059426313
810129776
565124869
255356603
255356603
587776640
706979919
332601598
34715297
787691149
931235001
127793156
633758435
354419196
907803830
1021708859
193543877
104046256
536697934
67968326
911979968
612180194
52067723
351753473
809039937
569326164
72436524
241532607
707501250
724139045
793720747
241475956
893289815
635998427
11646129
103853781
599970981
438341384
940020292
257214715
830045748
1013638490
287511927
123740428
873679463
550165407
661372849
792484753
244337558
394585496
850284915
750210984
1021780052
855595130
847671190
303360965
209940739
1013137986
319351825
750086834
14144597
1016647294
417162663
1046810400
850870979
604014652
639013713
714697460
313692762
297420467
549557922
863293231
557299776
118369406
914017875
634380377
435465452
301530005
416540647
1048291346
372326860
638992185
897234510
261534032
530088971
135850753
465898717
390023483
851998635
984321568
695677434
976791276
891006259
53718981
413497638
1041133839
635782942
141750533
1065585248
304616164
164275427
988638714
1062631132
344589000
343774923
512043332
704186324
131035371
298497929
823705161
930389252
20079680
81182301
803857108
756032110
571814884
63667500
833040451
153963956
682403845
670664550
322941645
770301274
612526651
861049178
1069259015
91495556
330338668
809566662
570111660
436272350
1046023857
944371503
776891602
472393470
607435135
761977664
709256584
186558300
158403034
551100070
766762577
3456895
220548431
667554980
176120682
749175173
115259961
510822481
594480339
237994549
332717930
308459707
557947709
485422387
12387384
275418242
401427195
1065362112
206352504
174777552
938523299
412262250
77912176
691088312
120637468
210677040
1031222247
560952649
670637250
395721153
551520526
964984789
478416178
9057935
172575705
172507058
564613414
206414385
935664231
443005403
166068998
118075710
862255727
681958765
73971871
1065200335
810052002
562955495
1046520490
366122705
727237262
412581003
401384581
36329408
801731366
1001958779
817285719
468295824
843374431
426324224
461939319
609183029
370335436
972891579
124902235
581296504
280122673
300651155
159352014
463183
312346046
407486835
887562769
106194770
127714690
1055556757
883575722
770447312
1028221554
352786240
983356084
942233205
75477162
388025814
1047897211
103344531
648987468
829792066
827539456
725053313
345045905
770820636
265915685
804041703
183513372
1068642108
354000385
248839763
102436729
970348610
482867956
251507223
669065756
125157996
629145673
271096464
859095847
278046968
546479533
1040394646
425222124
177898213
797101444
907724949
392551711
8752680
20056083
766280728
114391580
255316983
267399517
495250233
1005349846
1071442320
453455727
997986369
572085918
782583613
414069146
854165255
252899289
712738214
1059631347
231684664
410854801
643797031
371739396
997926388
187176474
955490345
228329312
674560938
933775609
250103631
587315260
148872462
235106740
758413547
142672450
131357390
364536888
277320997
440651721
894301832
1024595856
337774933
418066328
304583407
26938599
725626602
229518514
958527029
815372140
752836257
686369563
820127031
711107895
402872166
808681402
702775367
551142808
568802969
280562661
27546089
853365985
52948420
703098416
253185554
988323988
158349
830691896
1043426808
5873568
688422477
993426859
504996204
197069411
240895803
1017918534
576544724
795354700
902780038
798845578
426022608
770472119
25036748
160316459
596081197
307877387
470968120
137005667
787013762
154830280
890416536
79960102
784316542
921966112
1032198616
427224929
337888075
400608699
405628468
1047168594
262137092
388468223
377536938
220997057
871728437
770826840
120668692
29006375
786831629
109381659
629087220
934397750
955722338
703562178
45021445
183909638
916737494
802635068
126098810
406739537
528216880
880584665
693902903
510152399
111284939
24339495
116841250
779757741
878459230
43790786
751959318
876264914
573538133
3477200
256869926
1028031346
331860762
853033978
891688384
396687011
719922090
170588098
863849562
509629273
655370326
1025738218
328879635
903614779
1041135633
72992434
797873510
914308290
502882180
202205749
199318829
188272310
482916524
543411644
1000831675
642792979
9881573
774897695
822832731
12612684
600365122
365878313
978764465
507632631
526952090
615364572
538667262
877258470
993759749
180809705
531619798
882910978
473671463
956400089
1003590962
244873310
786759944
57168732
77561125
303942477
224857205
1064319999
389334228
103551270
384649091
565435359
730177209
461515744
757509362
140652545
617496347
215285107
256045945
286912520
337497842
136376097
700371715
710408335
438255390
632681393
34436737
415685583
320308180
913007352
1034265266
773922447
780197667
197008426
208746974
743825739
213798355
102781701
167807102
671836474
650616258
614683053
15692701
486951137
396665412
940690705
317823108
193115384
182741947
1045958965
120871858
505102026
182163349
597994599
403801162
441432866
674801967
176946352
670015315
198437026
521230285
1014438087
643227414
544227577
989957398
1052922376
945069559
182690114
222063705
38499145
504494759
351791045
859274718
583650664
394178326
84590585
140659544
707022790
364393327
943431085
236313576
9706611
546770257
1058909810
606953897
786829541
75016281
140878279
565627738
1006232866
682852015
718222827
656487585
651435948
891895797
573782620
395258693
958357416
456346455
342946244
962913778
940472354
311614872
879869317
76911495
1070861236
141417484
669504035
341129673
450498761
277914869
686538157
395439009
283857282
23260662
852381799
317292726
12980282
570872301
939985460
1055996806
1068656193
853944775
161560679
628787814
1047858372
852336066
950722319
204619175
1068936809
472724395
790735061
512265342
915302084
148177357
389085517
528272771
827684430
511875662
1010581397
477735082
569571176
125367907
97504310
129035659
513277833
241603576
356787907
891293242
354034545
997679546
474633756
546269723
829320204
515806241
131124581
370683285
933021046
127150031
613664061
57921781
296620494
597500824
148462859
1004564194
500081734
16294572
322986542
1059619409
860847023
301188331
392511019
564991967
21080284
348926031
689972112
673672904
1058780133
710571719
1064561888
718174017
834227608
85974161
14931502
544719258
308459791
300492787
112876038
808319854
979741559
678059227
205958470
23705426
918949661
587780187
695679917
954579586
420570029
874997956
351190860
405765440
969374689
1012378102
466213673
189557552
389223291
28594268
85984823
505963134
132513102
981601649
1041224837
252089838
130471010
482880298
493908558
473067938
302320835
240501587
914486319
326102928
1045952672
587270639
731990011
391300524
615460651
566597094
867337426
117177855
166065518
650093003
895183028
720773975
7796863
816436494
943984125
992871359
594691662
983437196
426297679
35835994
888465007
289235797
208122505
601411902
335691810
140276806
784634124
797081478
486657583
254755436
1068828993
1007276495
919296168
115757282
710951775
572353534
612054457
995971640
337482195
113920862
1002477864
858255182
881538852
643307960
817852844
120167277
994893175
528826396
663926788
637632086
560369158
444058450
171833715
982739718
558214872
566984459
463528351
329463073
857025453
782394129
393123916
888777179
242737211
62734537
987774996
467130355
757273507
125880364
715608916
415345303
823551266
733261326
586846141
18470153
1003871317
914189494
394077141
233093525
17196218
487300280
903857213
1046488879
194043787
536540611
865359844
830961456
447735976
579306380
573872775
377681155
195649608
351632512
718004908
327370574
499759071
885608488
901175969
668916286
208494919
962995448
1041737169
452763298
849694543
580450250
14220205
541155753
612963498
851478428
617864354
937134669
237180186
621825509
8414440
90568223
743793388
889866610
953557146
990605546
424086379
964867723
759981589
696936649
739588580
795961221
864678204
1067057567
927421865
238729223
291054681
151416122
568809807
200423715
247587200
195767679
412011505
302035357
724038664
651844425
628266004
772882926
765293066
513703847
147928386
822711550
242803579
640551166
39906299
933952433
576910661
840003129
891301191
293558347
857157792
893688671
756463044
236057297
882624454
551413885
896548584
737685568
166004837
433173329
964662208
299027181
872165945
139200988
308529879
887652202
366327860
827818970
101440406
1064978071
85719786
514700921
132456575
1048848440
302376242
47207999
191260386
523299244
266394192
469304122
876873231
818933991
838622290
573463776
183590110
239122170
712508438
269829448
546225406
926368875
659846642
515125660
247741976
648533680
612980691
559226476
1002605032
686530657
859222724
1032406327
156176440
1019941193
83288557
834335026
66330337
511993604
834253899
647004352
926415845
201435800
298565054
704029186
267877028
631907642
790379986
986255922
673565506
377037071
162352746
744145974
743664854
93687412
520145744
149916204
252865059
791789614
625934722
789677491
455695107
641077949
545472802
914737194
886747671
294263106
1017094873
871427580
818520250
552157992
1016901110
966484766
297649941
77111580
423120576
554491805
244524013
31118738
903119009
562455464
231550196
204046219
311502085
482239513
737824962
720629808
906301669
216711012
984630942
946148718
716757643
941637182
347635065
483117169
555700715
43649502
106015631
512964316
543928059
722820586
484187050
423141312
52252237
773950810
915238400
205122371
1025421121
13083158
112657168
982162128
195934424
593366646
834003685
171298137
955962986
253599247
38210292
788056877
804212933
119616747
767760
651155168
633359958
1037144924
97564540
76780862
963531903
481341692
286592781
479755226
961567170
184559638
667385801
684251437
474851883
709376218
348535464
699809669
607024689
543817168
652392755
277009651
1053104486
612086741
1071688642
354434751
574668284
471688422
190994418
692832594
527336738
353207604
640174470
442113365
1008448153
247817313
946854939
701370479
847804381
553062415
74720550
54933918
911840669
627047697
189694591
549201936
631078137
583705717
1054581103
167713548
777721558
203273294
854110562
962219123
328590722
361499669
723788527
123859188
682022784
572483498
480937434
851297400
31802990
556806491
911819862
1032424158
804406244
397776704
276312635
30650526
1024426749
995474567
595252887
84208588
748826427
237198808
83744334
1001371252
366203736
659168477
593774609
168977312
134682421
36170121
813500654
1005703831
1038604953
276483659
629653921
127632596
25825316
242124966
648773156
675254
1033321367
530195452
580265656
13531203
512502340
984760414
34101613
47738446
58012961
874804845
1059773480
30674776
276398137
491682508
411801401
141827033
1053645246
1034505512
782744813
625307665
213968984
412863024
375317593
248967053
199897089
460941220
401868094
762103762
389218275
480594904
688570106
555853930
991133006
770117843
310184597
666784162
621518764
603208021
347196011
909545453
633021100
773982909
127711226
26271436
945031984
549836951
606830494
276195557
541574963
644127964
200135680
927003358
966697367
151162088
444645255
261287288
829538920
433287343
1016345282
713812675
600260104
277346899
1022524136
462781530
394909657
684977796
711826326
762959735
28454838
768014619
158685674
739486199
289734926
12517419
143201604
444952801
433314522
600514479
701611265
933331548
1013119463
418880179
219556573
4376141
180126119
395279274
905768232
385601823
186447968
476907332
606665871
456422705
492085215
251132756
144337205
654974563
335203405
730926521
533357289
883697412
1057402245
252511347
923897921
125957185
319843817
68852633
1030172858
404270101
812927677
786688846
45154998
420498118
1043270230
83763214
382512000
633784565
697991106
360198648
499384578
996925405
809649508
680393419
857059284
100644056
614971675
526340389
279960617
74801544
581149357
266834037
246608606
664108860
412796992
177655449
208328553
791261226
228593505
1032293221
473711615
790187618
805791586
146748147
806785351
169767400
390952380
272259783
145400519
544575997
153085875
89536161
839638543
677639407
936637996
600676447
492591323
312669184
903637133
172099579
265809881
311052691
114709455
497851081
197612769
1029315406
704523759
651038342
690282216
271451703
293530158
209919219
74877483
420832234
746710773
726113102
867185223
159404612
302203924
2435601
1023339991
25550458
203477680
409633642
254488432
399638196
18553693
1063348090
982788826
37633880
751601359
465423534
783926285
318045896
312394407
56475737
999878628
900379747
522589766
51270322
1032871154
1009078241
682706433
854524748
132112622
641407482
580946233
1065424962
