18601388
17832642
16729819
12476300
19640549
19858473
22508491
9846009
6246944
24534887
9964451
17428336
17923325
11600045
14496894
9409883
15577307
19736406
15579727
19981719
18686845
15482384
22540023
33783761
17857891
7713656
14309300
21895948
11243296
9709404
14716851
22442775
12292288
18272205
13091833
18717919
10151901
17531414
18069256
22993161
14314425
15463612
16473517
26334590
17788728
18526828
8808754
23555818
23417313
20173799
15162499
20748503
22165416
13454935
15502862
22007844
19019968
14576513
10405795
15455348
7260825
12223163
14288303
17131528
12602982
12529604
12202106
20022956
15023370
13710120
15040021
15903785
11697528
10255012
16708242
23137641
11426265
14162197
29427073
12797019
14138200
13294248
8755523
16865490
22729973
41101125
30022638
20534123
21944465
17031287
17548491
10969947
21244217
16998469
12473393
9863570
12243769
40319972
14640508
20381543
10999894
9607063
8670034
12196068
13749319
18428169
16137582
17006502
17228230
22456356
16055540
11531646
17465700
17539447
14445006
15916548
19861496
23641891
20332122
15340042
24952330
9147212
20815279
9832438
21482618
11985081
14572885
19512230
9613527
16224535
15142421
19387339
17897651
11677738
16323009
6281720
20304303
22766489
10240572
29282838
16925143
23256177
28944822
10689965
21056357
12874746
14525270
18480723
13544617
19210462
13204058
16777325
11016355
13238799
12956738
16093666
11693429
9915728
8622461
10711796
17792600
13552396
21982062
17948765
23713000
19267498
13042054
26740417
21967220
13461086
13752057
15775368
22431059
15930572
22056741
10525401
16996116
13471740
10177146
15482952
27059988
24694366
15586057
28956468
16319792
22546136
15883602
7783675
19765224
11753204
17288586
16498719
15341071
7933652
17562409
12788218
19113161
25909941
12956735
14654570
33904364
14270387
11560790
23865279
14281781
10520987
16074545
15370510
12992962
22092160
10164278
11459933
25061014
12653360
31403091
11433991
12506027
19021904
16985625
26964493
21544663
22009598
20065607
14096462
8224741
48784171
16411022
26507210
19224016
21046044
14308336
15395912
30119179
32272752
13116589
29309632
13746117
13034047
20159824
9449781
15084979
14004399
18504227
13840407
8953261
13844055
13567721
27894729
12553186
11533663
9274305
14013571
19876929
16445704
20296283
17820703
18438289
15910440
11252472
12323940
12623275
16818168
13469205
12143098
17681132
10685191
17167761
11958180
18838758
14681064
18120404
30789390
20027887
11522025
17214011
11657527
9163122
13219799
13527184
26107014
17565310
15953804
33556004
14796770
27307591
14462967
22388921
13167426
17924656
7752281
12512385
20596926
20344262
35723773
12377061
12884295
40078269
15627976
16004110
12446478
13425342
14896176
24434112
24250988
10214158
19470299
20564265
7196151
13579471
16200775
20318584
25237413
16422942
20159816
6333889
14755034
12274244
13254862
11079444
11591264
16998557
28305342
10096024
11811117
11727223
12865191
18439484
26155176
10224425
7626967
36366298
17713242
17733025
18718313
19055312
26834628
9419687
21389031
14103461
13087425
11176332
35257628
15818155
18985047
9629512
23629427
15252817
16423045
28978409
13867339
15807816
13252475
18084338
16850381
13512406
32142531
15545553
15254500
20581801
16317361
12122404
26295894
16040643
13628726
10889486
11713873
15228282
17434500
10613973
16385358
11767052
20365041
11563013
25111710
14707432
18947665
12233431
13245929
17951415
22535031
7362155
26003075
30290309
10838922
20370901
12226007
8815570
19641420
14050770
11222030
25154741
23590292
15568588
23648673
15586405
7718538
35524447
25031964
7231550
12757720
13098718
11573387
17828382
18481410
19881072
29864417
17864161
10760555
9829537
29521510
14240862
15400534
13631445
14356197
16665077
21375384
18623805
21245768
21198006
11221813
9881683
9089492
17446340
26350578
27178575
23918128
16461088
11669473
12698798
17443552
14799429
18819702
28003430
22838722
30231329
10429020
9759662
7085489
18530467
13973014
9257646
11218456
21512361
20682404
13333734
20406228
22664873
25611681
17187856
23043866
13920534
14406077
18034218
18751243
15679889
20540829
11936946
8751703
20642134
12476917
14943883
10002494
18358325
31562047
17049973
18720302
29296621
15610617
17700280
25613941
20527344
16971052
13002480
8549505
13857088
13954685
22787764
13377077
13431477
18585800
18257468
23010247
9844102
12924377
13054530
24071915
17391878
14623005
12392734
21856625
19553310
22022610
10199365
8568638
18463854
10762643
14205559
10344999
20797528
12847919
16546064
14621626
15308631
12730305
14545558
23423393
20598542
22486686
19171843
19613878
11730978
18088742
16182725
11286679
27531322
21841688
17163995
10823218
18827445
18980273
14569060
11908655
15799429
11864532
35399094
13938495
20263106
15439271
12768724
13996927
19741580
15533205
17912524
9716380
26686222
10804005
27469551
27078152
22552017
17907785
21375080
20667862
22944101
20086497
11298084
10907241
17633942
12580401
22656883
13821403
26544810
8883168
15356885
8919582
14805340
13946250
17543747
16421617
19134180
12652146
8067584
11991963
9956564
12876683
20911346
14701641
19038744
21387417
15604484
21246568
28819632
35369239
10361667
9852185
11791642
16717486
19603608
10984632
22590680
14027896
10968190
16115045
11593817
9048027
27616337
12971020
12940823
7862385
14705135
18003948
16124893
20372892
19510378
23440743
19666351
21190617
11188417
19000324
17555922
8933544
16455169
16110424
15664228
10652052
6229016
12399868
32643713
11933731
9273066
27989738
7730050
12436930
21773641
19417729
9182991
12856759
20251646
28690789
10024556
16405723
18925746
9215415
17970779
10399376
16170942
33370679
20204851
6165209
29996411
22243475
11263407
17634241
21794130
13489924
14108950
8236347
15083233
31575124
13519677
22635981
23109925
8466274
13715032
19733696
8310489
10518416
11516884
24777139
14043962
12774425
20601696
12152571
17444133
20356826
10010652
16133303
15050073
16506808
13134270
15539725
15115136
18645577
23073266
26606603
13206765
11455197
11517410
23531134
17771762
13989052
16928238
13483285
29223728
17948580
22583446
10608691
23269208
35383868
17608637
19357949
19777573
14769818
15756672
21179904
20190816
24435331
13291391
20705660
13420952
9092877
22492056
10214005
17491226
23384613
18152175
11512083
27492877
13405717
19649151
13807608
18784993
17037347
27100865
24615129
16040929
17109491
22697890
6790944
10298522
20005928
22885854
17273062
13132065
14340605
9072465
10953660
14106644
19883236
8066272
18666566
24674250
16740838
18189718
18437561
18103792
9816029
18591863
17323846
8307391
10881613
13218080
25520878
13702788
18042827
21992553
29377837
9886305
17943557
15086928
13892971
17879570
27820252
7148259
13346713
15209519
14159800
19162673
12115537
18779199
12758273
13027931
21138440
20742948
15461582
17978387
21743441
13485393
13424067
8840370
18746929
10411132
14403992
26257397
9321515
23202833
27088259
27241147
12475088
21608769
11508022
21086980
26469736
17836712
11905331
18280522
14197825
18288402
16187007
21568478
11957683
12007846
12139622
23946704
27134582
13285310
15832022
12861407
15081420
14272000
11932031
8220346
27088395
14837093
25300350
27392964
10471392
28239567
15532330
32932768
23236676
18061903
19266706
17047127
12679428
20103034
9769377
14308146
15802834
20987346
7905077
16362353
8704444
13386901
14251222
10182426
8490273
12720485
16578635
12370652
17666365
13634637
20683597
16699869
12078255
20661987
25892653
13902080
12340558
23000745
15262997
12011011
17179932
21631137
15837353
27509564
21085666
13717793
25595929
17534493
9043596
23600695
23315628
13826997
16085486
20505802
9192294
8139979
34466384
10784296
13207289
12512164
20028381
17578389
15168108
11778655
16412230
7522481
15377111
17912881
22373939
12689808
10161530
9970489
10064653
18583575
15592741
21444409
22270984
10757322
12169053
21796013
18012647
16115666
10041571
15138281
17552259
25205460
12418523
29211979
23995767
13618559
15565440
18707886
24715289
12099350
14621501
14739115
12732754
27418420
7796507
22814551
30892715
7264358
21000107
8567660
22227471
13583342
11313909
16960996
15088816
12997082
11602615
13134626
9352832
14459927
10851745
11402567
9888217
13890393
19118020
14106434
17546230
34686652
12467009
21564267
13729549
14685291
15686888
10833524
10588880
18405250
13764908
14488398
14082863
11933772
18614460
16272840
21347835
11299873
22711240
10782084
11489993
7564192
20540433
11229310
10565652
21538327
10514298
18800269
21608449
14587859
14184567
13747654
22790702
30526227
20365566
13066660
9118945
15981409
16957205
13962653
18299210
9559948
6670767
13835981
21887270
13567733
5684014
14300334
18962301
8852558
20336385
6746939
18483083
23914579
15626513
18962507
6793271
12865454
26835993
17499955
13345815
20097578
25601117
13742813
14748656
20071273
8608388
16456780
19696766
13264305
18268424
14890021
18571818
13397138
9761577
31210133
16725290
16119813
24836275
15788873
23730229
6676615
23757248
17846440
11945551
17374831
15339966
15263207
11716736
19281572
12163787
13821049
16902486
14262942
10720239
17710416
15808206
18486316
11729148
14643993
8193434
12276296
8286570
14181811
22326008
12905157
21581276
23168625
12711883
19987778
25904609
7005029
21011538
14581733
13799069
19468131
13413539
16749766
12932104
17569572
19398896
20483648
15634394
11973585
16731309
19721332
11760017
19514635
22985159
14292190
23385558
25141322
13413279
11773156
14377010
9675887
22808391
18696288
19008708
7105354
20705650
12022671
30922432
26340426
9384621
10972220
11519862
7972265
23182224
21532511
14787309
15221930
12453512
13524761
18684634
8656085
17155661
28968706
22735228
14625161
17187833
12533791
14933837
8005787
16036292
13201712
17617160
10651322
39136010
18854481
25401126
9599279
12471597
15603336
14104473
16416947
17312720
10033798
16446257
16557804
12636074
16060796
16393830
18712171
18036390
14317732
25855252
23543640
27350275
12035285
8180736
22104579
10065826
25839638
20318741
26249883
10917963
11779392
24865760
23902498
19902542
15970440
15947978
15482965
25207147
7121810
17796006
17251604
11423284
17440200
13558596
16270595
18688462
6559029
9016683
21001443
18360164
18893827
10121862
11710231
14494719
18630713
20254987
13286681
11170824
13863764
24454854
31026602
24621832
28086786
16098168
17142233
18453477
11726205
15016419
14569342
27562568
16462047
18169506
16807356
13378423
9484534
22762540
20206223
19459562
14095696
34069598
16481009
10168615
14314221
11368180
12749510
18273249
9277867
14995336
10020893
9118236
17030868
17975746
11679306
9592457
21927727
14895165
22690112
23692941
23089943
23792805
14092505
12178961
11712139
15552324
22029572
14619949
11359344
20084426
15902773
13812437
21329579
19246447
14973025
20936300
19986963
21235655
17340888
12307786
11558926
11727464
26621551
27010635
14976116
23913590
9337950
20794898
13994340
12814812
13291924
13655399
9648741
30191701
8138103
16251249
10102725
7866681
17947735
16524689
11493380
18305318
12919415
41558696
16651670
18698568
10519894
7849865
16056016
11300101
10533648
15692505
26858124
17157377
16991857
24495175
14028702
12623322
25687829
28273987
15613031
17807975
18933230
8178754
19733463
13787587
14038456
11918779
19786126
10768513
16515184
17285202
15755980
13611893
14953888
19331760
29173308
10491965
11525292
17568085
14865122
10337713
27463593
11482314
19764159
34201956
22980738
9680601
15138293
19061623
14374808
12534998
25814179
25802720
10492956
19430138
27464036
20932808
10292095
23548246
11790161
7879599
8882856
22971695
12505104
23328508
16062563
23615351
16618646
13056788
13283149
13921670
12709432
13064836
24792322
11994835
14093116
9843890
10179493
19319996
34433004
12865179
19977468
17535434
13061883
6752158
19196225
18642385
19668180
14235394
15350979
25817674
11403646
23067203
17231167
15100390
13587404
18473712
29247056
14233599
9015265
18193903
13210424
12375206
12314505
10639173
16205158
13917430
15005503
12802353
11049161
13226583
18459191
24623660
7449797
12820742
15660897
26420193
26150008
14230083
18522645
20363711
9967604
18468260
30239897
25859394
23637029
12103591
13409313
24241555
15582606
11932142
23223334
10072497
10629526
19440100
22471543
14735299
10824217
10438896
23265926
26320000
23745730
14482623
11644939
18005019
19233162
12301077
15049790
16527454
25854185
18549625
18591160
11160928
15292426
27496957
10326583
11192392
20592160
12831269
33245897
9200129
16472132
9254805
22370282
16051057
17771759
11968806
13870022
22481434
10862105
10940643
11843753
12146747
32866338
10060360
12712034
9398299
21860055
12303659
19772643
9669421
15530955
12532485
18714919
23305871
11471071
17566765
13722820
15311979
14928760
13744691
20636655
14988786
15652595
14886389
12960533
16512791
15741437
18418427
38971257
22228875
12903757
39623581
22164301
18679467
12460132
14236940
26603668
10734807
9924818
17030371
12273531
12117807
11001357
13384430
15146214
13757165
12370111
16571821
16997620
15172859
13351261
16558839
20811020
17938149
13132156
17571696
19955886
11410497
17752428
14923261
13426363
13364560
8818719
34981099
18464013
20793183
29852426
11010525
18357464
18446620
21836307
15718099
12919399
14036789
14311095
30607191
32816292
16467506
18119847
13595143
33665377
31523241
14638731
7853408
11385891
17072183
26055993
16602456
12917830
20368068
29851306
17394491
9851758
16209953
20731357
21467196
23567671
18934049
7744150
19203364
10488630
7832360
22783871
16151800
18938211
17490293
10786624
11916991
11910337
22770486
19414467
24433453
12461633
20675212
13250998
20998828
20257101
25034747
20739515
12406731
17455422
15331368
18124573
17049701
22835242
19849037
13505914
23216534
12248615
33151031
12017220
27511031
11117781
9037384
11616377
16585490
16542995
18250718
14191664
19909535
15515373
30398548
12624850
13081839
23642550
24045135
17920158
19489062
10837403
12177138
14835118
17159456
27520656
12691200
25382746
25638840
14326229
10029465
19393945
11916333
18968398
8935880
8897040
17113044
15486091
34499948
16608528
19863774
11724068
30468941
18018698
11480911
10948720
14733739
19608159
13681978
22048270
15691294
10417674
14374997
16987600
15075923
8748989
31044351
19816057
26112211
16271025
20197830
17999188
27773830
22998721
12486370
24787444
6492091
12209215
15349768
11408541
19234471
20484823
17218240
21348397
23569274
25515524
14611452
16792459
18788273
20684409
10840268
8394519
11592294
20456239
22358909
20205879
30197934
19757125
21453804
10897702
13985320
18565170
25032681
31052738
23416652
12981448
10028284
15158973
13000050
10994351
19629308
19318592
13227206
13570842
18538106
13381369
18821312
24170551
20880880
38438867
16846982
22031838
15985848
14989735
14529814
31078220
13514495
22387973
31689338
14382390
12883219
33899844
12672684
14466825
17644251
14317279
20161485
8384452
12137411
8461976
14477611
12454162
10987438
17218159
26184007
14229844
20757975
22096250
23811923
29410316
10088741
26828446
20059963
15287731
11287047
13651260
31192598
33355562
24099095
20586852
8444314
23933986
38123009
13259985
22583286
12638218
14597281
18315819
19697304
12377441
17859185
15233991
19690624
24456354
19000721
7708005
15683401
30662351
17135043
23927247
15178726
12529881
10872732
22285381
12285376
25523761
13643317
9960894
23375076
21975588
27407841
12851806
11914684
15353920
11079886
21677053
17063911
18856891
9129546
22781891
19879191
12590594
18820866
15111884
9807679
19928436
13764841
23182737
11566576
15620028
16029552
8775869
13066233
9138761
11733329
21044196
19579792
11352629
14854709
10340876
9862886
19200842
24807634
11497412
9469071
9322393
19040491
23078056
12722007
19196616
8354947
9077062
14343830
11247975
13363809
28833703
20879402
10693728
14590232
17081961
32019639
18422103
15485533
12745149
18226732
11826746
9985682
16073179
11778270
26092092
22084073
18514513
20116645
17685853
16891112
15802581
18972409
12578612
21958362
8549348
16862416
31214215
11954284
17706000
15460050
12738563
11020353
21303459
7474459
21751259
10654807
18110336
13873991
19973570
18803578
10137428
27694889
19236507
16446056
12743264
15904532
15401139
11238488
19726633
19055291
24593467
19155037
18614067
8860824
13026044
10287673
13984777
23334580
10443549
16004727
10626796
17366726
17884818
21642239
13686771
17962210
21675928
29557168
13583209
14519500
12649710
14766574
13884241
20090296
11563157
19938132
17793307
12534473
27425699
16276174
9419164
14584767
26961489
22288072
23496737
16905662
16440654
19955699
15854718
22220157
18758211
10871136
13540332
16246459
18395568
13134532
12025534
22026935
12093142
14019411
15344347
17290158
19344161
20210041
17225699
13706713
11309350
13945324
23693998
18688463
16609389
8435381
17485176
22202288
15286863
16690155
15346455
12408649
27936006
14658403
11181814
23537744
16983201
26306262
17138501
13524917
29374663
11887831
17801301
17320416
16491400
14058808
8744696
13318531
12578001
13712970
11473043
16299846
18657404
20445816
14560887
16685859
11306789
14018931
19600000
23509632
12850761
11286293
19268356
22714098
17453254
10099907
11999238
19855022
10600724
37211705
11909776
19788624
14836592
17706562
14290819
20690633
11142030
16115739
20328659
21484347
11442175
15510265
16354228
10981118
13827549
34530104
10504498
16627466
17728472
8648597
10891371
15181203
18230816
13787618
17885621
22814365
15231614
28528463
13655357
18067469
19969876
21246636
28507059
8020824
11563113
18422886
21277361
9563307
8803839
19919748
14289383
29887218
15770241
15982851
15516319
14140826
15783826
37189164
10639349
14415400
7715360
10636244
30539364
15836247
17781444
22483720
11734127
12227460
26664330
18181547
11441408
21294301
14626513
21343749
11142135
17438559
16077021
13113140
10245097
17062209
31391665
21306803
10257307
16619978
23640326
14997323
26534640
9370650
15907803
12866419
8788362
12954042
8126092
13465682
15111133
10717132
14860289
14387317
24507440
21429739
24984204
17909903
31435186
25440679
21868170
31653382
11494847
13527762
15027638
11785430
17880761
16181992
14414949
15956496
9700168
8430602
14948737
10075484
15103307
10750160
13474273
14997397
7399453
32880090
25846541
10493700
12986517
9401847
7319194
10348612
10119946
17563698
9794007
13182108
29922430
17589761
20080753
19014743
16276420
8965198
17258458
36075177
37849270
30927963
18907452
8231630
11960408
28445051
12014933
21906911
15411853
28617538
14849537
21924874
40026260
16458044
32126482
13665615
10884076
35377032
12498332
9529569
