7450398
3729965
8119094
5757154
8075850
14387611
4151171
4143991
4766996
5774116
5782128
6536499
6795324
6395838
4975690
4492418
6613907
7206310
3530952
6391959
5321341
4159121
4657224
7754961
8436428
7290266
8923161
3834800
3842799
9374193
5281034
5347628
3546771
9202601
5621921
4963806
6177621
4241776
7833316
3846066
5513620
4815936
12347748
7070733
4652771
5951742
6134863
7901484
5555579
4810134
6015664
12319965
5393735
8166577
6681515
4481172
5145867
2966513
3784811
5504684
7588228
6170097
7871824
4973080
4912907
5862125
4157268
5010270
5356162
3944708
6065041
9696139
9810705
4277948
7817800
3274782
9333273
3381939
6066373
4020328
3589569
7259466
9154147
5415658
5028561
7112484
4311999
4672588
9198263
3164398
9146689
6468311
8039872
8116420
3138501
5903335
10061839
3714234
10188681
4881528
4916041
3922173
5462158
5279077
6109001
9807880
4074292
7995685
7252632
6448074
11373124
12031885
4997522
3520300
5321229
5091401
3811063
4103345
5933862
8219417
8730065
3855308
7535958
6841037
5091836
5686819
7771544
5286774
7339832
4183655
7781067
8812610
7402848
6037699
7425659
5330330
4980915
8948093
8697890
5407781
7439520
5474973
3152452
8659976
7795238
7008567
10232074
4096979
6101467
4029581
3452186
3225419
3461798
6386427
4519785
9532640
5743337
5149260
5468973
3415081
7502480
8728922
5435373
6987166
5124483
4621661
4491880
5711015
6130528
6659607
8569687
4813234
6951859
7603945
7615076
5049000
3425252
6596641
4718647
4705294
3342544
12669479
3560993
4476684
5220850
3510071
6980126
5985137
7803726
4786233
5355157
4203469
5689723
3643356
5406248
3961095
11059219
6079026
9397542
3387067
4699473
11128893
5001542
6006027
5858151
5872183
6529754
5799188
4411455
4216324
4878436
2973264
4891532
6211273
4225894
6280051
2896305
3525562
4058374
3668290
6336974
7572878
9666252
5646927
8783131
5353467
4316566
6059852
6427332
3811244
7790201
7225544
4557263
6106234
10303475
4493939
3738864
4331393
8304494
3579374
3545078
8097565
2645691
2933233
4698358
5302051
7078800
3674422
11730321
5295989
3944987
5864517
4742718
9537539
5916550
4372458
