131995295
140203272
235704756
131183859
147189067
157628006
144327861
156459169
157250024
81418010
158951358
99144610
281284995
108962318
164530261
180910966
356630444
89235940
219974379
151929388
128812138
58979413
177125693
115185767
245071382
190817218
128859227
123785071
276809605
150380448
311763077
114435381
59091696
120071661
155208119
141474804
79689222
133143712
207550141
93459635
363547884
257397700
134172558
102009919
260415711
151638698
229302809
100473705
149555454
144092937
99081269
168858735
98754084
117890998
257906190
159527049
150351305
325022375
231449257
193113437
157091389
122335803
183525839
99770303
70955593
124836674
139420981
175555665
137791781
113020021
124761300
86925050
159657369
173661183
141717640
67730530
73360257
72315974
206746240
89217303
172035518
113308891
122483743
173322916
76472843
68265366
155064807
97958501
76763554
116062612
107004845
264807121
120427701
94091707
99665516
181199280
149138375
116998945
93900340
143037924
236971473
131728394
153088241
141607323
154407127
214409225
89180246
141270369
142593132
158343671
148112040
207391651
118198700
105088430
98766371
146256159
163917351
323525432
82255074
79791380
139933421
77517212
175702407
46541590
127928622
118297219
154881365
168177810
95374808
198302650
212131275
122733502
242890631
140302102
85121157
243345472
94402645
174638466
198022486
64567228
277626626
155111148
238748943
99151249
209743822
251022685
102120556
117284031
185122603
117782890
159050679
195958607
146823698
87090745
119130455
176273228
322563953
126688193
98460418
114990333
118943367
95853261
231301896
150258453
83313098
252181471
122021944
112534201
175355198
145002796
170326836
127981167
137905388
129572130
103275662
155711696
141338183
216443327
183572182
308116334
161816725
186906185
74587107
205480482
126594437
204423930
143767050
113238429
91149701
134760501
98289677
223404975
88935431
178665886
185786387
222296286
98428734
91859107
242803838
221171180
216601344
121396821
162877131
207787632
128710742
66394166
119368021
548121003
296778772
168485414
244121626
136587603
144869345
195505028
165107807
215285001
124524110
226689662
109003325
305763439
156275857
179631327
122770747
78050369
222831722
171879344
158639505
68801739
58988825
120225800
81065077
137062062
113439453
165944714
226847078
186735192
200332991
216128576
193778816
162063697
135808607
192303820
64822374
108651100
205916854
225828579
136148554
91546901
96588347
189264233
159713430
178159833
101886727
162106492
47659115
141138598
91302089
258264523
250458027
119984810
144675199
156742497
94329668
164914638
173190150
139653161
108622867
92029216
150320920
160215069
161139630
166855725
143376338
67591427
84350563
84707785
100727327
110752801
140062886
276486733
111006239
147656650
132416279
97795156
141522712
91920409
380032219
163890433
99248192
189086270
148996772
117314916
190201428
114796201
145067242
242411290
129677694
140718531
94414828
100387791
128509188
109569535
214947496
190056028
100047029
152733229
224080583
87847029
327433608
243975357
131128909
167610784
108543411
127190084
123816150
191819588
136337918
215581974
117558229
238587724
197272557
161248255
143035980
116946587
146922316
197076654
112794291
125537588
149156749
141053265
137039111
153725128
189348563
140678199
224136873
208937673
92978948
141259944
223606556
67087094
163606775
311133363
85015263
186758868
172707497
321139287
91753491
107017700
127558933
240769640
112404135
159893651
128135353
195118133
107212732
91089976
142798628
169942961
124599316
78126488
183854900
112754926
155637682
123890641
227539320
233026253
102431238
226061954
182297218
146663124
180600985
153513919
116628871
99121734
157436292
258951276
83136937
168878703
110904047
222941355
67029068
124474851
167201087
282693599
113460474
201950198
79911041
159893015
142215420
328859404
84475301
164958501
132506206
129929814
260815921
176878756
72076643
187588377
223543738
135912058
150687715
72956987
169251297
163480556
104232077
68318822
178924067
163789499
231813763
153468711
431160733
119324562
157892656
151601158
244240370
242927361
139909347
94814821
133157280
209938665
111619035
159441817
107506896
200561411
299264136
192433402
84480906
198933077
157291268
134648421
115634509
119045276
203096047
230799138
175382471
240723108
143236808
82632233
100634081
146480793
87539487
175878512
117320912
159034268
134107825
58555136
121735336
115911040
316360438
199447913
219715623
144062293
150316103
116754780
113344522
148427028
199266472
127855220
180879215
87158006
83153678
234393453
107152256
77672931
202795492
97226842
190179684
127080472
203401800
191762103
101171637
166408038
150171921
101000392
127376360
210181811
165586136
127324373
203258378
221465335
101447379
249090798
178360809
106168641
135853907
254038280
61788641
136700668
190394618
170178117
186080318
162786202
201943289
241735660
59720120
185856945
134010854
87352524
174312864
90185398
123329193
200737618
247894550
232047160
134253098
93972026
234396663
207307353
134511121
318052175
181247742
105967218
250029593
79433119
121541687
158540060
252415018
86086358
185645769
104279069
89549851
102272501
65944911
121032850
171282008
228606250
133961870
93026297
40258398
237495859
214038916
189328058
200970956
142332860
182583850
198645429
126580019
141258774
115057503
113136042
127400637
146709691
113869678
212599835
311593600
220222081
182646105
159307269
170693573
138282947
268934682
160888616
145853498
124601186
214651875
118376753
341617860
78247087
127006442
172186269
159463941
161670372
136293501
161390603
177763387
130187714
234714259
341475170
103463547
107949385
180197128
100618999
323359598
170282628
99492190
155904148
161545743
177159938
237069268
176002685
156884798
277037641
114117424
187047348
103118634
191669749
120222519
96132056
173986220
153888651
276689122
110935741
105456178
162746380
56657198
102911263
124784393
101509540
113845100
107869284
140886200
82523239
227806151
221004865
110475681
160614707
126410031
122537332
249692875
100729413
216794525
218333101
234557490
116727998
130167488
86321561
127723757
229592553
205339072
223761111
70212478
99019531
221748501
102365378
211143723
134602702
164040986
182119507
149840627
151176080
118115714
175243573
150135507
284629329
153724791
88579276
103613424
140963784
109059368
101721738
242332158
77901813
79380042
192808688
202938745
292743175
262844450
181588947
143243529
153294090
156155149
117528707
150881747
99102962
214979657
287951794
131604135
130126221
111927370
246787216
171758421
151064384
136456312
169650645
190905155
156998256
113534512
75468973
112038780
91289838
63603707
271408104
218150644
321551230
239200842
88614789
120476406
137309417
153929048
89794311
177186713
79783782
104681874
111302867
147504872
228655088
230537233
183332630
155666410
128642914
106875163
158881383
133249258
137887498
196239558
228732496
164726492
122317030
109314803
127269533
298314970
143346607
63324068
126684917
106796468
67838486
234491817
107696818
63324000
151062488
114990238
151801548
269056715
245675177
124158738
104929765
137187385
206227670
184617724
137765721
95736772
196113763
105603077
84286785
88805455
189101032
88893080
116461016
131268862
100087026
275103708
113357149
132980504
212724327
228187654
139119022
208635837
206476595
136620302
178359774
68615983
77943939
97959720
123087932
66244198
158648396
242897235
115175111
179611656
159506776
133071340
322057317
104222512
177544381
208123836
109025906
122346630
423731969
91387236
73403999
204658440
110212902
105798741
119346337
102551831
110800944
131713771
277273024
120444803
122574243
177646852
207329395
194049100
130128048
261453096
101916492
103895613
119086474
167986630
123427187
249781744
90035245
203545258
143656305
162444340
119717912
39690216
128550509
109788262
103616302
126207597
118915451
226820848
168545331
141317464
81894905
159541271
123697496
193464906
111841743
158492205
247518465
167468738
149076711
84388211
199186692
219323565
208551756
160483408
188097870
179748956
167576108
231931484
245221973
245156464
87763814
105836714
118510482
222316637
139158638
152140295
101757253
78196342
183248905
144965906
310064962
332323058
269023145
241972783
219844254
104409396
158325930
154344413
152677316
160428823
173117745
133128297
182869083
70135583
194180636
154769240
111510451
80299003
159599165
309708270
292165941
155684669
124360838
129690281
95119058
149588919
172126167
224325187
110165221
231507656
131088899
189245867
100165872
126322406
116740875
169851335
95145950
165415222
115318466
90906140
249104308
203596781
183657121
209103545
91108563
279535992
187802117
267918094
141093862
115189701
149962376
104875426
147244766
164624818
85292715
82262614
108014060
134527806
111621762
195645728
97557378
172653194
75665739
89671441
133568924
93749606
190059396
144129316
80077835
103113248
86374427
68201724
188952552
124670986
77247078
109649556
206931095
148275825
133923907
171313717
139095294
90090486
172486750
226115600
92240251
162670696
62995641
210452580
115882289
170211586
94154279
215312943
316278999
139144868
201982629
85447037
147555116
101712324
68732079
205675889
125500906
77159798
139213609
186899587
152769450
149858085
66588569
117879962
113701476
90809836
191716339
153135966
172200497
137393276
101657599
107803887
153757060
141806346
95466670
85401648
143124820
106575486
92882605
119875426
51116113
233149825
126831676
190227238
193236155
281999296
164564087
220470853
100209428
139618214
183753027
78929723
112877445
248508896
115746021
159422068
168534397
200287902
142493892
213339374
305052383
115069126
165946286
237015778
296575407
152286220
313873440
220063119
203568079
158691188
123048086
198242322
159410070
176893189
67976809
138084609
302389710
148571828
210409170
119488745
234603962
218097497
136936792
150314297
142053779
84244684
140586807
134900028
189960590
230261189
95532852
164906321
100758856
155691258
110719932
147730181
206349390
67850054
208260711
283276529
178771614
106464652
184987872
175577878
308132468
128110570
122931959
168354151
114042294
193382922
84403555
147533659
126144583
115087023
208207787
146616766
257450903
404830094
105898577
151939308
87069884
163677117
224323643
111876738
268167729
117424152
222346095
94416666
184930441
189226295
111690551
343996334
71043834
119573715
187262546
206085739
90168951
193754497
128268359
216018021
150386663
124378945
116637616
223106287
146044013
147428370
310749937
76473955
80843744
92082425
62283950
182844813
200840838
113962830
160293359
183258664
103157462
140702910
192656395
170373554
89141371
107117007
160273609
153832003
195157214
74378235
97969896
57301544
136102565
192065283
156486123
150146834
113961670
143597849
96320274
173227956
148697064
300759698
119573589
132201083
98116391
158817866
293453244
69489855
86628708
92578604
134371152
141394199
143047366
158309291
204019291
223170362
188802553
235555691
108856342
120585754
243103843
117266183
213613868
117794681
299994033
123379880
173765321
156979040
134627466
176398547
159141675
135374069
234349898
121086939
124358690
113693187
88143579
142909102
112982988
237511720
432705335
141276308
129552703
142378325
148014180
180147509
127922334
268109355
154728096
116287548
108592875
127556334
112725207
88503920
190117408
96349354
120647407
89310339
158739654
303185326
168234681
246393870
214279740
147327129
185726483
152756298
306753542
277457949
181818467
197717562
70010027
205339117
135139549
366260481
116384012
64149941
220577122
149740312
152448488
143381081
101464899
115979403
136971761
134989344
157118847
171866045
155746276
145084128
137348856
227501701
234253902
157069586
180058233
119480635
126823037
134334766
101888735
111700309
204486842
141520741
78927171
224971182
156041663
85441286
134773492
171634464
193630890
335537574
197409060
116875693
77881205
233946384
91849879
160272052
191468899
150079051
125317598
70584687
228376119
278041560
78019599
140694452
156975851
171581449
177250495
115815102
170564853
160130109
100547780
168780883
78588628
120521429
105720645
93103250
167689595
136717820
201119904
122654726
142231847
123708116
211629099
190134951
101408015
119991660
123366160
176270218
107397938
126829483
70710608
100798396
109435754
224663522
102054079
61799748
139068170
122283934
313324295
124216228
222921806
138630463
210884809
223710116
171770661
130116957
104795521
103341648
108965970
209916089
215839820
138301458
106030252
62138864
139152909
150096799
233767402
204091912
123212046
129374757
231182524
196210649
76660034
252293803
149612278
226905639
103668343
113358756
119859565
193452366
196160501
125529114
294478821
178985710
207200335
173422747
186548724
209062386
94686700
155357067
186723653
119052496
172644605
149326755
102276739
229851746
99245506
107029661
93818606
152511817
206194272
113317921
57873326
279134736
273333832
174003430
97753205
104573169
102482633
158994191
81873380
112792789
107688911
141620776
139674691
117366808
186950141
259237758
197127292
142810928
129728135
147100513
152121623
161199535
120273456
213919460
238222973
158754865
156710514
174458122
62055294
125852255
132159484
185124100
166869374
195503443
166494574
153771385
122350773
246815731
103872481
176997196
214607143
234037481
194076445
220571421
74323203
184996300
151510608
164442542
221898112
111992407
165242278
167448375
114157555
213862326
215366821
141458588
242771478
134964584
186789314
181898805
216948339
271774523
230999510
180019638
130151971
93416218
154843524
109298811
92134501
237139239
97446706
219627909
151204759
127301142
130803368
110164377
128111455
188147564
211355874
132999288
201654611
276519809
154789210
258153158
240932579
117944975
223020749
114482787
78890368
142453674
115689740
210124869
177397021
133801697
64180514
72751862
166741350
108594214
145191556
81245719
154805529
110604315
78414990
113738648
260534927
94452760
233421086
91668405
249545135
63048635
181692241
208789218
103379004
232729028
207418887
316025783
81064564
89713878
97329150
217590418
54286296
85526549
226675235
211555732
274902708
174193149
168269337
149457845
252028716
307738102
105338395
217335434
174631575
123910023
175487859
122912808
167824892
152636905
110635836
116735547
104088017
114475860
126977404
276236937
137331903
230199982
83150036
115504591
176214705
126003716
165498693
291298415
72114535
112341350
190754912
171794971
268732215
141051184
161668696
161617448
62720226
164697758
113035236
180581487
112057663
200679620
127454258
212526243
121524342
171643581
227157774
72948278
81925588
91661655
137959811
107642438
92041085
274710532
85653501
224082176
154782436
108209048
181184409
101786416
81725427
178437430
277203110
114402342
85511019
114058026
257612554
181780583
111952422
110303316
138194141
164009564
154549926
243478332
170084555
116583835
212078803
248407414
201387559
103769171
112722104
288862355
126423881
139868327
191521898
96774503
163266261
104775096
239564400
86400648
140164791
168979276
144905908
284504791
138002300
302268521
187989502
90490551
209479343
52528037
158237901
106599218
255156777
126127593
120060016
149978444
143583093
180350662
158964627
193382788
222268302
126828298
85095130
269512483
63631086
151660326
176165445
157766868
88561728
70140257
117133211
124020899
214426294
71906538
74267041
150035217
117365265
81121164
220438583
144751694
144730592
180888649
206598162
266054651
161452633
77737606
127941549
160561471
167029233
135100695
106115441
126549080
115145555
133933175
224958428
72535842
250128189
232807107
123453365
180239320
161455883
240704593
236946332
132224797
167764546
120015160
148838583
101067401
112745263
130591394
235094434
135590356
105012697
125784687
185462991
113790030
157816301
109464151
148285290
173739370
174235605
90113372
265992139
144205528
126543669
141837654
166281924
143594458
107012453
152421535
221147581
55165150
67479083
109451105
113181946
134410215
152263189
237301000
94015727
162650935
119310356
187496535
211007400
133760445
160449902
199829153
136127565
162011256
185313741
124182033
112523457
187295417
85990813
196094752
233216841
173958483
259782030
127626662
159212316
198407134
109454201
90385812
149141729
75364491
76030798
193447840
170949465
111156973
237889399
130475101
265597075
145616247
180061513
79546273
89398768
128930284
117571241
106207219
102304569
176373256
143504916
99037463
213587242
186470154
118314425
113537170
134218219
88042784
152996097
193466053
126866990
136756792
115635439
99412839
136204839
100376907
161431389
151936508
179085699
154776283
197499289
236752825
162318441
112967426
137842498
242872794
151394000
191648130
180069547
166401880
121899090
155501751
179759731
230782030
111307488
127565482
92387621
143483801
124318069
120568990
126944846
239238788
104525787
181907876
176998090
125524388
125444972
127083455
168858736
139636063
200187221
89361031
193084154
138040371
160727040
165349835
134567790
111120847
231379239
369277176
124318772
115369667
62950103
141209923
192867006
203773357
249549441
231740118
126372794
87745955
182654437
113442104
139959727
306075078
357740204
77551436
162207026
80508227
120324354
132679309
273707392
164554978
140353404
139865328
149505518
151691035
226599545
213224770
132060412
135810467
133838235
101617079
156807233
136666166
262944859
113419662
208565301
145872496
165697531
156415937
117126442
139096407
186899910
122874080
99819407
479465556
137589426
109657523
199611444
176987308
177254016
122822096
167131807
78218613
99480452
136739868
84069927
141232003
120906690
218436054
189509308
118745623
99863804
103598604
153348591
103608985
185163169
152185444
108668775
121436476
107650622
137583515
178578767
99406463
156275280
98669512
185019693
115372095
145767721
124845877
210515872
104252991
97970784
118612900
122305119
135410541
236347745
87926782
157203279
311126293
167071731
153429383
139579356
274614996
173109518
116826191
209533397
96402081
256228260
136554436
153678081
98528582
152888687
125397563
106060635
155479186
121234799
117691155
129188259
471281932
97968691
191442653
129563005
63571476
134722066
209232377
115639533
82380822
120682977
145765233
247728536
96462334
114823115
117877184
122095432
138982916
111551944
113801814
109585504
171497592
178601197
103178656
227294759
98908318
78245594
90354348
147047332
348906754
222256125
131146627
207294132
144756703
190921530
192975582
146419633
124757522
219188266
155472489
146144777
258844434
168493668
62513680
129322949
90888684
223842580
208132725
181277371
145085993
313426535
118488414
108372276
119553482
103558936
165465752
168511666
292617908
239480752
89083962
232347134
243159137
252720570
197717357
199200626
125980638
126185755
84754634
116332662
229296253
237526686
189045727
93149789
91883179
120662485
184443486
119664680
175170587
128083280
203093607
169000692
267390411
220811167
102435137
141206191
150738667
111074693
120140902
141521738
156996779
133916834
163710787
237623866
194892691
167832798
145172636
136405874
96703195
202781973
109697059
124200050
167938974
77183380
132672427
208389380
100200033
134887334
158047510
188146144
175954677
171644306
182152743
180018020
117938713
138191884
103995648
117639329
88576215
70998383
105554490
157581413
115082017
191300721
269320854
170289152
154411920
158966737
93549107
148798022
156619650
129340034
198126506
142886614
127812771
92425692
127702422
202709566
175615352
103524972
83203755
143230348
144925645
194906656
91676571
298373412
100780359
97749945
83539037
129803781
118485308
188433103
94616386
195017470
243575235
97010063
69133054
142762719
131462664
228604383
222997395
110015428
165399979
118108453
312358645
112648559
150911414
87811814
174389791
159076939
93657745
127289116
88505528
121847832
236631631
124414643
119995699
121887241
128472772
88715824
95175014
213016238
211470382
130251659
141947569
153257155
267486691
159322564
156886176
125983121
325906588
96073292
189255728
255592018
108201579
233982008
105789728
101228480
118486309
104486746
289057937
152343465
151888021
134245358
165855166
102861736
115734252
183022097
180558561
118436986
173384973
153228259
136486967
123378632
71652826
116038931
116751079
139984138
150278880
225196635
93270837
220978717
205484258
67646503
85015144
242650703
177037353
133358171
106152132
157374486
124648361
160794828
