332
506
533
304
56
1177
2350
2588
341
610
936
148
500
1019
1693
608
1719
908
1826
261
1499
954
1334
559
67
397
288
629
999
409
558
248
184
483
92
530
643
1403
1082
928
424
338
587
1174
554
1249
201
1548
808
2127
747
1059
1536
654
109
912
1769
2098
783
382
1651
328
667
1157
26
1060
984
762
86
1524
1068
1068
61
1016
1515
1592
1633
1845
1134
1752
1830
2366
98
1979
776
291
1431
1625
212
1390
803
1764
452
1362
224
1138
585
1946
730
1480
615
624
811
376
699
777
507
1896
208
774
725
281
1165
1071
326
682
904
1531
1150
691
993
1379
1127
431
29
1432
917
393
714
504
692
768
2394
1332
537
559
678
1043
149
818
221
1196
56
745
127
1323
1968
2247
239
2151
595
769
798
1647
139
546
1132
696
9
874
479
23
357
77
733
621
432
814
1067
54
1582
29
2548
1239
875
795
438
240
119
778
1012
523
1570
985
858
2221
681
3660
896
559
2170
1806
975
167
198
524
759
1185
876
2037
965
758
17
329
1306
17
1587
290
1162
1023
715
2305
815
476
2096
1228
1187
546
744
1813
1552
104
1913
58
281
1788
1519
1259
1237
1824
3485
252
2136
15
1057
185
13
1888
34
295
574
2687
454
672
864
959
351
69
897
1900
190
1341
922
470
307
639
343
358
265
1170
96
63
274
870
169
523
1132
194
1136
1712
1968
1287
117
1052
416
339
415
949
361
1159
821
1296
1930
849
58
755
2328
437
1568
749
552
368
159
2521
1176
1563
1441
1356
1557
573
1723
775
701
1116
3
494
333
927
575
95
851
1282
1956
21
1815
592
771
649
171
1129
791
1454
26
397
365
117
908
133
2804
474
412
1796
173
938
1566
1860
1674
628
1585
1738
468
952
177
1852
1043
4
3803
432
590
1779
151
1358
501
701
393
382
107
1188
170
1926
268
171
1432
295
316
1665
769
204
1163
416
1339
2283
1025
658
85
91
44
221
994
53
735
1120
553
380
622
1158
95
1884
2139
1482
2196
1742
1998
1143
731
435
294
19
353
1936
861
1393
289
1296
1591
1747
1335
613
964
578
1340
647
342
325
1601
2332
7
1901
106
1351
2284
23
1233
173
573
197
764
749
841
249
422
2690
582
307
337
107
149
1217
552
1786
834
129
1610
806
551
619
508
446
1563
96
2078
748
2353
1708
92
1110
436
587
1633
707
2070
1483
466
1365
629
802
539
226
620
1703
844
1395
554
73
642
190
1925
7
234
1613
777
621
1131
846
451
185
179
659
1147
1442
1583
760
1451
443
325
704
452
1197
574
1264
1788
1281
113
610
1277
1167
2233
1902
635
988
2449
3785
521
419
529
1766
103
2004
254
75
151
1245
1154
3
510
667
1660
256
1408
1366
1541
1349
1792
235
1567
52
2026
1114
790
2128
99
538
1366
1097
557
1310
1814
1587
991
233
861
448
258
892
456
2263
661
567
1159
962
812
850
198
749
246
336
741
2773
165
1389
403
2069
117
865
146
1411
2066
440
692
2179
1157
150
771
1209
2384
447
1788
364
184
500
2765
540
112
618
359
186
318
402
767
1075
674
1139
2034
432
405
266
1010
169
1832
1096
359
2829
1517
1689
149
348
1732
903
669
170
237
912
2097
793
227
1432
155
3191
1532
1919
320
448
1718
692
1359
1624
2222
322
464
1225
567
205
1463
1189
1984
1278
902
1006
897
1159
892
1774
1010
59
1286
171
375
639
742
269
1997
1092
1590
1825
1046
1667
62
686
79
1181
254
228
377
1187
202
1880
1127
338
1775
2720
996
1587
1587
1955
2519
1151
65
576
448
17
1649
914
232
178
130
329
1108
1171
1609
931
1120
1110
1028
1270
1553
1598
96
701
530
672
473
447
236
981
1654
1035
1466
2641
383
744
1589
8
1801
1583
747
174
103
670
751
691
1850
660
658
996
98
1744
359
2010
1135
1423
141
575
1254
706
515
2158
1947
534
432
2709
2301
2228
2301
118
867
1356
1478
918
379
1105
364
2185
822
155
2036
559
1229
1208
373
1496
582
1493
320
1255
897
6
209
666
4
504
976
2591
760
515
143
644
74
1153
1668
109
1721
59
1947
1393
611
726
618
401
802
463
1915
155
263
161
916
1360
1232
684
1729
49
789
504
582
1969
175
1351
899
1162
733
668
1193
299
1512
1236
1342
449
1891
1066
448
1587
1292
1595
2923
790
2185
619
108
725
2538
335
249
392
387
1183
951
1576
1309
1122
654
1000
221
2041
500
357
342
931
1975
680
1417
778
568
640
36
1383
505
1382
717
1150
369
1306
3259
591
147
124
2721
2254
1068
768
1657
559
356
20
410
1175
350
1606
463
295
386
280
1083
700
2178
2046
1053
714
42
323
484
801
842
380
2437
706
497
727
78
986
622
1539
1374
125
1187
612
715
490
952
416
771
510
313
796
1612
1281
832
2028
236
572
2395
837
711
1656
727
1170
423
396
784
1046
180
3620
913
1611
2236
617
2116
152
386
761
308
709
97
1119
1552
178
722
443
879
670
1035
777
1239
1203
1873
266
1173
803
1536
409
75
1568
842
133
461
137
713
635
381
856
269
1449
123
1151
1264
1058
154
977
1369
574
2244
213
296
594
935
2693
200
218
580
1661
774
478
1108
318
1959
483
1746
1286
345
2686
397
671
1860
230
985
301
1791
427
1537
199
683
701
2509
644
1069
147
