22966729
22330360
29427219
17765909
17377572
26789117
17557652
20475489
27790558
15924333
13938407
15459058
13758108
16665824
29702413
14380654
18416681
11853956
32982022
24496469
14055531
42580664
18824253
22409139
18219093
21825654
8944425
48833343
30043585
26123326
11182698
13941978
15609520
24897323
30351933
15448592
25421310
26651266
16483513
19467141
21992884
17130957
21149004
15592369
20349486
25174317
30942630
26787851
27452342
24490460
41820048
30698624
25161279
25634445
15375065
26987577
18636171
17007902
13155225
15661647
16218929
14207055
13045320
18583776
27556915
16722118
15680382
30157546
27204943
17872029
23080936
22470950
21310864
18061448
31165906
12792789
36228749
22364951
30120268
26732522
19714872
27403637
13438110
25173667
33067083
46764889
27005541
32015705
12465609
19445265
21967121
23926924
21213259
17930405
24569364
13171222
16376895
14375354
10232900
23849967
19654271
14658524
13135075
12623956
15275406
14467828
21660466
16008448
16171715
16129354
12731137
18394581
12470995
28323348
17115577
13790363
25290863
22857333
12600947
19703996
16916339
29577755
15510928
18865836
10677810
25711119
22853854
47509529
