127912226
83375408
82895684
88975800
154551031
127103438
164461558
127418872
63616207
113739801
115668884
78869629
47400193
60287792
66190615
64147552
89975576
128085613
186223375
124156480
95432736
94243144
225440970
122940636
210467952
72982135
88594007
81232350
124837403
69535677
131565208
71710672
102987851
160750257
56473273
222339470
128636662
95828200
119418447
65816069
57531732
110998468
185902013
53245818
134167498
191973908
59361981
118087784
154099960
84113101
89087193
86908692
106536689
94748815
85407910
90178640
87342169
82014101
124742237
113774590
220106836
134411109
85516092
100496620
100574582
94012893
136886160
134192573
83417330
45266508
180602976
123055095
73417503
100278159
93449374
108786545
69842053
114629726
43446203
112339600
112947799
135250386
121662281
75997550
133763775
187331131
135202690
120551087
98797075
128094544
59135086
151037530
88793831
77112075
225537914
105036196
91729673
95179344
96824406
67588870
72757623
126619177
62111529
91199394
68627891
142837238
130310369
125600353
60406540
90068563
148003371
100280106
187238483
163339258
180406120
121082224
174781522
167997743
50983528
121679500
82239161
85997567
51910969
106949552
63261587
73984302
149797977
110104469
140806864
177750478
188150719
163931607
128222372
192522393
120991290
72582834
78784800
129958171
80176213
81101234
119983719
110148211
122927493
126374178
132436062
117149965
144322706
90464970
78030385
111790754
81531405
113610025
73452423
49735714
107507206
104990382
156648052
69005849
165381600
121048161
131290694
85412454
82670133
94233074
91092399
142496816
74223623
112503669
89783928
59923945
100548524
102686610
111805673
69188133
59914148
68171669
137488981
156001528
73153476
85442305
51182234
119046851
96826836
94721311
135723843
83398425
110835882
74501012
120716130
210074286
90177473
128816925
125074873
132704902
52929383
133242292
90573512
83404686
129876707
124949505
63777126
114443842
95831718
145087576
157367984
65212341
92429730
75527614
186633497
144888417
48399039
78921486
68984320
124963983
237418979
137667114
116464172
134251091
85809436
77162869
132932180
70952770
136872853
107354465
91910381
146140390
85194557
240898349
65578986
92386810
55576937
108085792
53180516
73153172
118157328
125579528
148844228
101856654
63358331
75370739
89460240
58558401
151129176
102680289
124405472
50376427
76849075
79579684
186565633
82386658
255561775
180021675
156132141
125124282
100153826
79235040
174677336
174427054
47475306
121524146
111651993
64300122
90901596
84346516
123522278
68061025
189306836
112451636
144356943
147841828
109103850
93884054
71456939
149788471
117840226
141531755
177869283
139334932
76508560
81531696
70931660
104313881
203172681
158704446
115279489
113654415
172043532
136437553
57763983
46921313
214934630
94947952
70687171
44306202
45055306
188114899
112788286
104372526
123476993
61949175
171739378
80403804
46239444
86087341
217432835
85668177
88863390
115472213
141589533
132720541
186750776
193715796
197487612
108750684
103934950
122697599
87966907
156419981
51526837
195966630
122962755
111777698
58314399
114510840
139656564
133710267
164738113
148780048
104606329
106272655
202118320
129025161
104753130
92125562
108295136
131792918
55903721
60454714
47282853
111217111
96944234
185934312
117897574
99204296
135840717
91500149
91793495
83217964
61637007
99966809
147355241
70790108
108460190
169913068
115099779
130960603
97216380
201819640
113760087
194262971
137278848
64866404
109426789
66513345
52324751
81035391
74214033
99733847
51606329
68790327
87591301
138558241
42452208
177857454
144327071
46802588
122267690
128824282
128852582
86972356
80764791
87050800
73504544
106085303
60012680
172556903
67055887
75196933
80554501
173885146
84554965
112750872
197945330
109158443
89450279
100704706
87588577
108498484
143698565
126788646
107043125
93004641
160583172
99212915
99780821
141978071
89974244
95146214
42286730
128287979
154591399
69956245
147607171
139598066
67247234
95320677
113760421
76512146
96014071
163860222
94544811
126174115
114852866
60822552
69856648
82676715
134974920
59196320
117118985
297242782
72677182
84984273
99480072
86308885
100405418
62213415
161925963
87981226
129334103
88747049
137219323
108082013
65207979
85895055
163305217
90590609
72563910
149860117
182778409
153807816
145388410
127427131
114586223
84192658
65887193
62201968
68801869
103254797
77600238
174621677
159364941
155391802
91699701
50946861
96988793
157971929
195816873
153312029
77002046
239177657
117962972
109593284
74926741
101525583
142667923
118775499
132418128
65896308
159025690
70052089
106003847
160043818
120451827
199259515
76451663
100821849
76477845
132180901
159447792
76287686
63131328
73889991
84579634
124677580
151707301
163723747
112352854
64701706
107509327
126854829
77274622
91024384
110362386
59793973
70461938
118744984
122061567
138892004
52367640
86415337
43236343
120853785
91104156
97254217
109379906
88147000
129724224
166307789
78543329
59589231
145888920
92316472
133880751
129437034
156108587
57708607
130789920
69808331
64381990
133214918
69954956
168628676
221837429
105937779
88796078
120954772
90194750
156815429
77258263
90956966
55128253
79075549
94744412
58341553
115238641
79295141
94957543
112626221
87725313
72129127
78336066
112012416
76564139
90250351
83356190
225805353
127089179
69712402
72718488
192499734
262366090
103986482
107878135
95070374
79077231
99751000
122259595
112523642
63984101
123833887
73577152
130126893
62742587
140369138
66680320
61548183
71498649
55696146
152154698
153449443
74193161
110413183
110380950
122371948
151193921
127066993
156296359
54568197
126926848
78856869
157413023
87042733
85607245
103796295
151596630
124262658
60756596
117731534
122475665
189067735
197605478
95652967
231252848
64927690
166819641
101276937
116114782
168648226
151512336
87539388
136265963
79493054
70639576
82067356
88564537
123092945
119706570
138673640
123274170
161152537
93233075
228103693
121196009
161741364
82864496
78777170
105780444
42389772
73398395
172434408
108377814
115492848
116887410
84709465
62040772
120763360
111589883
142036797
77511646
113980781
79513511
92717022
164182474
60182026
133146213
77082044
121592583
105156395
92543870
111906204
175261931
92551262
146791686
72701125
106469038
156866207
110857655
111580763
126565317
109438007
200937659
90805301
109009327
155499961
179278556
95421442
55020642
92952802
56410494
146526749
93205190
68340374
139707176
61762951
107266462
97155976
171384500
160833794
211343897
113020360
78836971
168110505
117992059
56964038
106900705
151774222
125598887
96738193
112428715
104990902
87702619
51852271
143165332
62442765
156003758
154279039
118762065
83345218
83295512
81991454
99540474
140067045
87201794
131013641
90602277
138711034
220831163
120370343
116884864
50954732
81463190
121432608
107771366
70974453
59337085
180112108
118818649
72345134
143714394
105226095
107335082
109966493
117992013
93062643
66359451
90880627
115365949
180694049
134382221
74140201
94414488
78764280
139841053
215352331
94481185
84309514
116876123
144022371
89452100
72967586
107696134
86353476
90562218
94744225
89068988
120818559
122427906
136870575
131696590
107032493
51581065
146591874
210935061
105318540
103921871
103807066
226958192
43440118
147383385
81204508
95658869
98319344
128588112
80298718
96525814
165946756
126106017
112437305
132515733
87185125
81628864
84932440
55538320
69494078
140332557
161798615
127061161
87763789
89233421
105149348
170600550
78799698
137003465
69981959
141930778
158094521
118079965
87001833
120904198
307435943
116174021
97384095
171407087
168386473
112918921
94479125
53154816
171577218
98829744
73129880
125284392
164399390
115575701
111487807
55581570
101994438
75333547
134327729
134498926
71249440
122237622
100851807
137578608
61418373
107300958
66953807
182966531
57982840
116751788
146584921
90206983
84597874
97846778
107311101
170936089
75605212
80844606
110247726
135653575
224336066
86696140
54160159
74169374
91642409
155148172
150865761
65375016
144646379
191959885
111219139
70651085
57157692
154547557
54895249
63857688
85036727
146105368
81050504
224328855
101544511
181772489
144378165
93486774
87211456
210218171
113213440
122350983
127211097
116740434
123106351
228619918
87299042
89702672
168397587
75042431
128675537
70090925
67012437
71605117
183132292
200122767
54021707
167081259
74238128
95463149
138720699
157602456
170480532
53377687
143212864
90192333
182504434
106733297
128297250
108454987
50660246
112452499
117885940
119648623
89196760
190849723
131411485
140116085
89420176
101423890
141783002
77446133
112249966
74170089
175659603
94895911
160504341
135845526
90376512
188540153
62255915
65265395
143901504
83836274
76628805
133466786
111278178
59913240
57408974
59220287
80064709
80949381
37586767
97053908
70483039
190927807
109309565
115910710
84717821
198174814
103722683
103429305
103092016
65664269
179025959
96828640
61895325
68431392
112977117
87351399
63237788
125176328
90321403
88305002
127401442
66170639
181662533
145312268
72223621
74232811
123973998
132349261
78621206
90478071
116857468
94385616
164782033
106069958
127395389
84485500
117011168
154956601
84546024
83462478
98182199
90200543
115555180
91767550
72795507
100129352
97848389
165270194
87980068
90132597
116813632
115109620
126162989
78292275
98408716
115491875
114705594
133055998
121919148
103255115
86176196
161210598
116679189
58842350
97660245
107439783
174034874
75293416
81726447
115248950
81700185
77078607
158601105
50851798
63581883
157729706
83219338
50588322
117257357
71331521
70723685
119740788
113975998
89531700
184239644
55992530
118346761
139574252
128152426
117232970
79832169
82646094
88784294
76585638
88597539
90540976
77140344
105607538
60551771
84003620
62379489
139988097
86926463
134411410
82722612
