6358126
5339397
5237074
8928315
2077530
4301566
4199209
2706578
1987806
4130182
5559986
3576468
3125815
5567395
2237687
2670479
2678151
2745627
3528146
1872447
4527392
1892168
5494366
3223702
5457014
3755249
5088442
3351709
2698056
2675839
4868762
4298135
2451180
1998212
2598049
6624594
3405864
5451264
6402533
3758348
4266962
4042568
2986152
3969891
4194999
3270417
4464274
3122824
2406739
2579917
3533552
5104480
4239633
2391562
7869072
2527940
3960891
2455225
2511128
5061087
2265723
2106215
3094914
2963131
2586091
3961962
2420859
3578998
6716413
4066964
6215635
4175264
4493432
4518147
3527031
2669668
4257859
3870282
2987554
4146366
5315785
6829880
2333346
5026817
4014304
3158566
3800307
2091423
3437479
4276276
4142775
4143511
4996022
5767549
3881018
2749777
4030321
3163100
5010899
4093369
2855805
4421861
6879112
3003845
4398729
7759085
7412842
4068411
3455996
4202484
1974024
3365082
2746225
2644848
3289383
2673218
10688615
5495550
2257953
5400610
4074289
6847854
4744015
4244802
8819676
4301977
5883870
4419856
