17559776
15625496
14392143
20228583
11523800
5021926
7650128
11692159
11021746
21599946
10207765
16563915
15407378
10934993
29213302
17029432
21395434
16411030
9660281
15426556
11649309
15453272
12168722
15499616
22067635
15695910
20795285
19168376
9993890
30245414
9226575
14486848
14705690
8903374
15278192
7069920
17017045
10141578
24324485
10478865
16009315
20329388
17852904
14044528
7598137
15476760
9864490
22601809
28692364
25083953
10207218
7762454
13189505
15074167
22974681
11147319
9698938
27769526
16755441
14991708
13004105
13694176
9618392
19297498
