49280377
37937915
68719627
82290351
38840047
42431372
44602523
56499464
54908337
55142434
74248856
66487303
53145690
99426158
80987515
37012324
43504353
34123022
64723579
120631475
25091807
58587547
105317860
66156551
54021195
57262580
56038568
70418938
104127553
38392797
44685330
40357219
68769296
91458355
51043130
119126813
99093084
64780071
71363393
49990308
87974967
58210689
75882858
63404849
48739321
33276759
66572598
54363469
102517147
50794668
27826761
45701287
55874559
53609958
43120417
67512013
58103340
81212369
50573930
51399485
63357091
37727338
31136975
72669856
44705216
46911299
48719867
29564086
65114689
62364598
82214407
39501034
56288123
58998768
88902514
81891620
45168128
46071403
81406554
94106676
36216766
51528897
85442805
53036392
136516093
32332644
49646310
80846774
105608135
78073825
82059392
35143372
32707153
42560343
85504981
52827015
74545076
67122677
40589924
42406958
91983576
52535736
72824197
39769139
126219161
66472149
40943957
59825720
111479457
61080318
38300430
98047263
37247157
86781118
68807837
62207798
67114826
43539665
109742583
48516693
36155902
70197588
39920922
32365184
27958153
34547396
51732549
86406489
53637521
40826758
66652409
61078341
47666287
40702594
60566328
37529260
66446492
71997730
69203716
47725771
81261152
27340476
50205439
47728126
60450896
32883551
83158054
45426904
32626788
65468207
56214833
72248850
61124555
62315889
59728805
51031218
43270340
63259744
64792906
48380355
33727124
63040943
59067440
47042005
29891965
57793834
129068204
66926828
36087336
38530378
26715028
86062923
76493643
63003787
126234883
78216678
44356226
43238347
50534516
28086640
29387462
52174034
66905386
49835374
66010639
55793865
31886657
53450354
40440050
36654507
74671904
105156304
87197456
83884796
61033023
48486121
93989065
60414254
36625197
48217047
41853173
51460387
20997699
46950777
43421090
45654833
33163570
55965279
50779512
57693276
38868766
62481893
36491451
49058557
44490589
77351264
108091310
37911807
52241283
66916439
48632796
64641994
67098906
76714182
69349276
26689493
98516896
126991815
61008711
67331041
66607030
72328772
73877758
31326808
85246202
70845013
37148841
31303052
53321266
63047819
35003345
27436982
52239740
52176659
42206897
113919808
65743792
38667554
29978254
50409083
91831314
65039533
71994024
54438698
41310344
85238039
