11671368
13316333
12631328
10804747
17125818
17155256
7240154
11367174
8455886
17731801
11936843
7540110
9961865
10178380
8564984
7535557
17329865
16767561
10025466
11912746
11723571
9514064
7091284
8950264
9931278
10361327
12236567
7403346
7634834
11678103
11359057
11813587
8895998
8656197
9732237
13851915
10648919
12935462
13068333
10000026
7342101
9149907
13781960
13356422
7681721
13132008
10745745
10142717
5208641
11940550
9318335
17128575
12151181
13863652
6264201
9267593
8352526
7741338
18974063
10454893
6212154
18274492
7391484
5901111
6621354
8182855
11773577
32189562
6935418
12618624
15293894
9099220
14871092
14680646
11906921
11791235
11799949
9265861
11705670
26661882
16382274
8781075
10642565
9246675
12123850
6617416
10692657
10554548
16860252
19823020
17253045
11372316
13376105
10880604
8148046
12621567
14686805
7774427
9695323
14188070
8199673
6370644
9212274
6101041
15185728
12318576
11951892
10892529
10343048
15532558
9861599
11965669
23223037
7269061
15200849
11954812
9847688
7270543
12501321
15689383
5735195
11603272
15102850
6035162
12813556
9749091
11052176
14946327
5141401
11212852
8516947
12398106
6353005
7759504
25891150
7183521
6408955
16852495
16677795
17165569
10404261
12231112
6937166
8861388
10566429
20234425
17464442
5787715
11401849
9839344
9321076
8529527
5783111
11371683
9178190
16235803
7371610
10274719
16209557
12759610
13661324
9464950
6971355
12546907
8992583
13747674
11257908
11790778
11108947
6635387
15415873
9645370
6028942
20554863
22601739
8953091
11895901
8222869
15807135
10695642
12349840
10221265
13565015
16576237
15297827
8581204
6714353
23877006
14060173
14426917
28330097
11898368
20073319
12729024
9795197
12798960
6509915
12499529
8163991
14595543
22551520
10980925
14766380
16022900
6735335
14020451
13113745
6393248
7925239
10161177
9361227
14775753
20943251
8308652
12275191
14268972
5365031
8213270
12540091
15954825
19745844
5681525
13508166
14486485
7773270
8711563
12815857
25090464
9394643
15841895
15363676
8829062
9413775
19074240
9335808
9442251
14017488
10928918
13161091
20281637
8661301
7063472
11865431
15693718
23723925
13256061
8140811
5323722
5456450
8373157
9252375
12326870
17425861
7675926
14706313
11706781
12728366
11030337
14623875
13135961
11559390
11219474
11939141
15843565
10120218
11876272
14734708
5530275
11774707
15414865
11473449
7648529
11609778
18646971
8877208
12846401
8754296
11899005
8416993
11754517
11815426
13839754
6543319
16819655
17842445
10611377
11418435
12309788
8176105
14628020
11030726
10375289
8903981
10372289
15803806
14910253
17931833
12615452
11496576
7920210
14173760
9715916
12162884
10459740
9815418
13960239
11852100
15805399
10085269
11237281
24024344
19341617
14328402
11501267
13920488
11526974
7314272
7448527
9951294
9535972
14980774
12830783
10833613
8789403
10745779
15864850
9587237
13690876
10290203
22441256
10859336
13690809
12753194
8516318
12377764
8734546
17905668
8485954
11697989
13220010
14352564
8537202
13844050
13150372
8884189
13755928
10330656
13445195
8392459
8208940
11899617
15941737
9654683
21035040
7839140
9672841
17351678
9611799
13109895
11234102
15049972
9680633
8768508
6467652
7643060
7386404
9540980
22253757
10315032
11729127
6812705
11473009
7756038
9591996
14085985
22691086
15061121
9947057
10639211
13388470
8953724
19150867
14897883
7927058
11140603
10981916
11716730
12222545
9521765
11402710
20532107
16953443
9119871
9672293
11359855
11082112
7245428
11711196
14452788
10817138
8279567
19999947
11909083
8044884
5136351
9054021
8945417
11209473
7686537
12039579
6918447
21582140
11067013
10002789
16864588
23774303
10979865
10765507
12829253
11793483
16353890
21268127
6750099
10942937
8922904
12968123
11975520
14190862
11555219
8057525
9999209
9237252
14574411
7986174
9990207
17733167
14651914
6918676
15080041
11125480
11364345
8100740
15369047
10333796
22530236
4299031
10273178
15426599
14593322
20256612
17644965
8639474
11951647
12905928
15092814
8516117
11876666
13543367
11574292
8169668
23719936
11300865
4059856
15839203
25801696
11450070
12713589
12735552
12636115
9953382
10890131
29362271
7826896
11584582
5739638
13081683
20602554
18404301
11657300
9316740
12389756
7473636
13211175
7986840
8263362
12517408
15726741
9366348
7570596
7622135
7178159
9073246
13360039
10625099
12223718
7346893
9729962
14416380
17250293
16726389
10352192
10738915
17660736
16646670
7436425
11799850
10115842
11277466
6616694
12735244
9839608
10443675
10837671
19454624
6406288
12516522
5875829
8600196
12996012
12995718
9101825
7760952
20779511
12563164
14288775
8563548
4351157
17855090
11581295
18209043
10263220
10475953
12409283
8198588
18929557
12631224
7687596
6583288
16499227
19238060
17273624
11348215
14439986
15147266
17606493
6696705
7326017
20101280
18004215
17357745
12978986
18882215
9374592
9603852
17219038
5917499
16290391
19641485
10081099
9416139
9185563
11045956
5954488
10078226
14061972
10093291
11116802
21355739
5342928
10986107
9057473
10558288
12875832
7802866
8083098
7957184
17971680
12880389
10257202
10056741
11863329
15909095
12648372
6669207
20677409
15789350
7614567
19721545
8044526
17812285
13468175
23198747
11210069
12120497
16599052
8655147
22951315
17414773
17802912
13451794
11270505
11884947
10248183
13043412
12140801
11924338
19887177
4164666
6749031
13575787
10599453
14960871
9413364
18322839
18294881
22819243
22498080
19144905
10440983
13761586
12545238
18496068
15951973
16595535
7034694
11580237
11770913
21069803
13711762
7449492
16006975
13706956
20349594
8265642
9471610
13753330
8993942
18678464
14304946
7304893
13936906
14830091
12329713
19748834
11519486
15492353
13565639
8780095
14120337
7330581
12886955
9598547
15437963
11838057
9537600
19989550
15890001
10959595
18643740
9305075
16072848
12200220
5555062
5800537
15936224
12801591
9078403
10918722
11623224
8118279
18267590
16728134
6876519
7756796
13724755
13734345
8930809
12360533
14181286
14820386
14127977
8749552
9359714
7002712
9624269
12819658
5619087
7936470
19467289
16988451
7522118
11291301
6407747
10974310
23842452
11657391
17135915
5498418
6673703
11824930
14493967
5832595
4090029
10077576
13883527
10933316
17629954
12360876
9346537
16645628
18983678
10350131
24579339
22048231
13526865
9838649
9425246
12149617
12473571
9708524
13796561
20168451
12302796
10245714
8235919
9375468
18436208
15985416
8801895
14328842
19014742
20343473
9487019
10476355
14718344
10314009
17512498
9453561
13801095
10426152
10700030
7066893
10919925
9201390
10528204
9987298
12733701
11431470
9603984
11641171
13975321
21427089
14924717
14486127
13464538
8891855
7410209
27870689
9522107
15984005
9105151
16106278
11837480
17114513
8076163
9708204
12780610
7198580
10027259
6531379
14856514
17651720
11634255
5827034
8516939
8335453
8995809
9202457
13701211
10107009
10407129
8816609
15543955
5889161
17110913
6167414
9974861
12350012
12312547
18216586
11196693
9448502
7588698
11602382
12468554
4906739
9244816
6953159
10926214
10394713
9190334
7826194
21780219
5859899
13587377
12924819
10947527
12585161
14282180
13927183
15703313
12152084
9183637
13420437
16505745
11863730
12251557
8621560
13862827
12337215
10538397
8928623
14861358
15795550
11142521
14104246
18253616
9434090
10547635
9439724
13976138
8727281
15495358
16357355
18322103
13661269
16543555
11120968
14638093
9508096
18713517
21992278
10016301
9890194
12768336
7533237
12882733
9228154
11011838
10085991
3588497
12104036
8396605
12122572
12912167
11369894
16618493
19858219
13154156
9189432
8691123
12995298
9837683
16597524
7176426
14058916
9160982
16879592
28225844
10037405
7189305
10435581
9410489
6990205
8091308
10788987
16750396
16692148
12318783
11840478
22206543
7708493
4741226
13137962
12267879
12217287
5675834
12728022
6324266
11768617
10641702
18187952
8718269
10319074
16983446
5021359
15028474
9047078
11663325
10983980
11371557
9097291
21992263
9294223
11283686
8451094
14813186
7683043
14164108
12876244
11492434
6599820
13014282
10576260
11027389
9503956
11068590
20711671
10017327
7193217
12659095
11196729
7632402
10360662
12999787
6963198
11135598
11492713
9700283
8981076
9284473
7493305
8266523
13084219
13134273
19623024
11171170
13040178
22602256
14316118
8380183
15815678
11296507
7999962
11291608
11234626
10494959
14801054
19082418
10048333
18536785
11144416
12765013
9947170
9075422
14446779
12654560
19608985
18568440
20558162
26642906
21386347
17850324
18915623
8855283
18131707
11465100
8415061
10580892
5134684
6425322
17122054
11664419
19793101
7050988
8261245
10911865
12492517
7188038
7164677
6715036
24936022
6835180
27266806
6965697
22718115
13937631
21445994
21676170
13571001
10580683
12495642
17900453
5260793
12365023
13097589
15463781
6580578
13419538
7378703
5442355
8750763
16332208
9439945
11803609
5486569
10690468
12197469
5344045
12636580
7175943
7068614
9892165
12571417
12133084
12136543
8389422
11766135
8884819
11324096
11401023
10226160
14271706
9565517
