21638087
73384879
32688317
59069659
80797194
43723417
42280156
66778113
57297412
74181291
42214726
38125141
34327065
72492431
65043046
69654243
97230041
77599727
80507977
64689312
32324946
70303861
103809659
60786921
54166125
49807599
58304549
72795071
47636920
84048238
77872059
35954793
56565200
99644289
31750812
45269757
85525818
73705944
57882207
40875756
45825620
51525784
80614595
64339908
34389883
37938670
45903662
30630788
48510434
57422343
88378210
48302396
48543361
30269811
43622331
50796460
30633517
63488102
56285188
72912326
37851494
41305413
39968638
52664590
76263510
73202807
68861585
51739203
50255645
45099200
47424401
95290305
75861440
129224022
44777994
53027831
60882156
39173550
41881971
45866139
35886178
33974391
28082796
94431886
55285366
64410846
60380043
58964404
55021577
22355710
58134406
56528935
24679447
35995278
49993526
51173907
38651910
59895822
47206481
53157647
96877469
33395740
56581824
62820731
78193800
69573356
46144290
73031301
121319031
25775332
59644574
27401303
49497309
109066994
48510326
45713266
109322479
58924166
43804490
40083769
41007464
61936402
57380075
101602975
77342031
35531187
86576738
59577597
59970172
36925235
54511806
48240569
42600487
68144750
45944789
43273976
40312681
66131951
75325500
58524631
97413921
75375524
52499472
21991276
55052497
71261829
46494585
52177898
63182049
94029413
48389420
51587370
68348175
44467142
80752970
87197216
50456813
40164880
34946200
106149481
74409252
88652616
50991372
47890450
30383783
62402140
49922204
46682913
42474903
72555453
41290648
70555413
103133840
49643107
103566123
83678718
35879817
57795919
104286595
50132402
98872642
57527045
44653790
29878391
50104587
70901407
67782874
50666964
43939868
45258434
74467326
23707088
70636254
57025310
70289905
59271543
43845901
44962789
74696079
50874256
38148686
58760366
45884814
71294817
28787983
63011992
63840894
93198009
51678676
47790709
57975209
49570402
24062168
82283797
58901372
42540513
39518369
25750793
72118239
49657593
65425613
71333088
65781928
111425812
44869413
27309313
75827130
60152430
111043728
89248246
51285281
53801836
48313427
55076592
37620054
62129746
60785275
44691675
64555192
43670186
56337738
45820126
45652445
87761405
90788781
34998887
43519524
43351669
49076405
72020950
50422716
105165506
58338714
36028630
50945220
35631772
35954705
75322808
38501189
86258116
59348049
48908061
73373913
92647222
37918118
50210439
38827973
58142026
39072301
75848739
49817877
53836869
44161283
70735531
29057851
117825869
72964470
52131366
39466357
60991618
86044389
64976669
65245039
31140057
54031468
91319404
100328950
48159963
75834954
30849740
60929100
57214674
49627689
44818634
39440739
76231756
97203898
52689256
75780279
50891457
31747120
54523918
56960619
83617909
74731113
54798619
78735460
35753644
48980584
51338186
39131660
59127329
51369099
46786936
61605411
56261316
135369369
48549928
35249108
53758042
48857712
40529076
35430860
76085030
49721561
28467562
38474519
106108874
78842986
70420602
41317470
74163397
55632864
62216554
31332703
33535758
36968601
91898372
63173700
43122381
100938999
26717548
43648829
49624980
56310312
38072800
48735159
66863055
41690361
66158859
44146194
46962341
49663701
94888838
67359801
49037543
85229042
22889648
70475905
42005228
56341070
65625147
50711499
80415654
50780579
56587352
60574226
77182167
46598837
51848961
43447228
21039055
21002943
75264290
53941967
47203384
56382038
70884844
111686937
81530570
59192930
50508628
95756950
42948826
46412416
66955913
104985321
27120934
64815948
77649537
50900906
79426415
79838378
52064004
50522387
28075524
47350369
39154094
62532785
50288422
51803920
38167795
52469499
77086840
54651275
59724965
92142203
40613940
53090194
55983891
124999329
46198170
43280488
32564949
31952530
34089990
53492626
88763593
42061902
41976395
77435920
62533289
62677846
41755871
59424182
97735387
91018545
48911793
41379858
50525670
34212608
71617466
66046093
73210687
58456472
60977944
43475137
30874023
62092055
53443901
37047525
24979550
44087482
72564333
71090975
97221643
88048038
49284954
53212825
40453753
43980083
34497638
56231939
43306730
65371460
43863973
52683579
48591577
36857948
75283405
53151641
54364892
48618863
35662034
53464886
53533424
113929814
64874445
61734783
57306121
57452772
72312636
35608769
34777040
53773740
43235285
37481679
44791405
82877140
47748876
63562855
45446647
61445578
48405297
39245161
118445340
33761955
55356193
35934619
46817310
101098831
55960433
50620229
81992479
44133038
46035308
79192630
72731445
63065658
70188426
53700353
37276600
65915142
46556529
56766382
73811135
56045107
64045559
46141477
47556774
47909323
32565589
31446316
52680247
63600809
57071426
28414026
41107892
25469921
55370753
84267125
31581100
88581693
45027444
59773345
29749569
51877721
60469516
83889362
40863931
43117768
55981972
38579100
43655783
49552260
63984448
47252121
73314169
38385465
63842905
96109007
36462311
44768217
32416787
66604244
107463392
33891532
88245421
76002346
79475746
39434192
58756106
47883490
38949247
34235073
58322657
57213639
53694464
47490202
73327188
46887936
138629104
100807983
57797687
43988171
39054921
73422991
38606441
60501246
37852434
36774891
46676405
87525162
87972256
60973206
71103193
61474215
43982447
57519448
39781438
62183385
38765073
34228354
115565240
53761322
49973775
35385603
48286524
81821411
77184116
32395016
44415545
27873722
55700123
56189490
48385654
34234931
48683226
65489996
63826758
56615570
58455264
57022196
59975806
55138094
26876084
54802383
59074402
39978751
45414773
20010672
57232935
110340144
54260624
102714186
60804324
35203395
109545425
83524642
60174281
51506203
147890515
90271925
51502294
55804342
49061108
81881220
36986567
81307858
79980183
66824541
64111610
36489095
64045258
51194480
47926011
40115157
81801643
59178936
111715189
47024292
49537036
53390076
28882057
57163775
72328619
62120447
62637156
104040142
38013047
44471393
43645782
75711677
51897321
50263125
51512975
102814818
89325415
66462277
57341197
55076321
36399456
30512099
52255664
74727569
84477935
54826081
45454143
31698408
39793759
39233181
103290639
55125960
44411218
68771341
62867387
54024170
121243288
59051176
63785379
45963748
39373326
59196544
28641512
51871275
43931477
73649186
30866378
37400589
83187383
83489640
38960475
28702408
72246980
62538364
97461893
38592453
37993465
41367794
104661961
73462397
55044293
30350550
67065147
65850690
59638561
54027775
78427647
79490750
44138370
65960069
29415440
53073653
92175732
77075725
61986660
83250564
102276381
41183585
90841190
46199356
31790081
75884077
46616062
48623455
154110780
81951942
60980930
121975314
43106794
42828651
73143124
40410699
54640356
40095354
57201574
42375602
58516727
57699646
120906717
65008740
65027869
76880800
39861944
50087018
53054687
40793723
57639608
47303566
53077734
70813304
58633314
101200942
56364579
68891976
67661736
54807053
27380709
68633515
40094809
31470907
76935352
40065764
66007568
59069663
40956334
27042589
52975488
75543451
86469037
42329855
46131536
64112927
64284741
38740313
46955468
57880764
62397713
57386210
115662518
60918453
58338974
77399003
57070703
53167112
34626764
64965499
41987531
99336401
78691594
44122134
29640686
80306464
75407535
50865936
74429995
60702939
44574877
55161365
98890248
28138252
67809000
48173679
94139649
69915290
55033465
35913703
52718654
34882065
65626830
33606881
31233430
67713797
41962295
40173863
80087326
36032681
53575437
78980512
92138703
58834405
31051371
66987153
41342709
87610698
83236215
53678628
35956672
54411160
67342326
52062896
69928643
97668453
55409927
52173186
36311657
52959981
25859340
81312092
38545441
78019072
50082116
21479398
50481830
90020670
37453347
53542449
46199098
36869615
38200126
72664533
43311209
40243909
50484907
58212364
60453552
66708546
37626342
53581315
58743320
42478879
76529992
48023839
117169389
79801473
56417545
109354000
60501568
63392228
79560503
58328778
63496706
90430742
34295041
76604282
42228947
46622935
34329131
37530803
51310815
85502341
42720920
79657300
35264400
98020044
48024411
50962450
59727908
35323816
63764864
47382847
108762426
44191939
35720858
75257870
23140381
75543953
43548704
53768874
38884290
68063575
63946459
41595353
77626742
82673560
94079438
52700116
40867677
70767522
45989344
31844592
50155261
44990263
79096655
70998976
56158223
40944557
79952945
81128903
104525153
32959246
72989918
57028738
67012361
34546747
56467031
73131063
50272228
36814556
69320135
58585249
34924420
74972139
35862088
25063900
49626221
86762010
54813140
83727103
95177824
100830355
43675010
29609575
30203486
34780397
78531962
64210898
39791299
36829446
52694060
82826513
63597825
49974833
51137472
79713406
42818628
29014090
47424529
49908698
115756799
97463031
79234017
63802540
77733377
53740985
44453615
35361276
80887625
69051145
74378497
51988064
49882377
58536949
78159851
58059422
83839782
17619773
38326507
47071519
61582559
96687070
54502850
56271752
141868155
45176957
55409668
54131191
61863311
69374868
26681210
109575692
46406438
59129505
52864724
123468800
50481215
59025780
134342961
96970726
40820994
77422055
59489240
66465474
63162119
157986474
108371630
81753781
29398114
46663635
139180750
57721763
69003020
62222712
55707183
59326317
63120338
75624753
48109193
53429056
60280689
59888159
51974772
48227344
40824819
