210490748
191417159
161359947
117343212
293934916
226065632
165226877
260498188
106058535
122041627
222204120
212721281
286180736
235878031
131429571
182007986
194832318
243626283
294854739
327044538
166110494
179254408
441283740
139781152
132361962
379803319
161535020
146882178
280882076
273236806
209492862
158553965
141975102
160767842
174003571
159864509
208446942
244226705
118157887
171263715
291662593
360292236
89403599
139841973
310134989
294032986
200162905
322336843
172499624
159098029
182763003
221243865
192865190
180199936
125620160
137009399
163826105
114102125
284391614
263171214
254787210
224220397
349723410
186698659
203548366
153930251
237067549
114277393
208978433
160616037
225843252
247105174
189934348
160928132
86669625
221116925
189976531
190549223
290265948
196216477
281508793
171896350
196359138
161533044
138155000
195140724
211173141
235391348
173136909
122987283
226230459
153104987
343273996
397955348
208730085
425026002
370658291
257764597
144424915
135669037
258833731
194182551
129291354
226614554
199869603
217542812
122458916
228895557
184697120
107106563
351116272
182687000
204288216
116827227
156806468
297129198
145405779
312799639
303328812
171400115
218792371
134794580
251667948
217385913
363400614
70530847
359582855
408793459
168246327
130566796
121275295
211251844
268745258
455062513
263617416
304211789
189738093
373293898
276167542
247293742
151732533
207715739
232386505
187355432
245577371
150021598
355863969
151142085
223110758
146932266
170257669
128086890
350539636
260827385
213577004
229722194
165543454
249612514
166298889
357609646
257229802
148248592
157716119
267632119
252990936
149821943
129515941
173373579
149764187
256432213
168552857
116757545
212121492
237481883
200050606
126931370
164736411
207921717
229288875
137147748
127657982
258436025
123045037
216744161
172033985
125710726
180676885
184045169
109338478
227984711
285070514
206339307
288787302
251755991
185843267
257822652
191937744
542196256
132541328
153417702
189333485
156538816
229209394
245982510
380824071
140873823
107137376
263018355
316753363
249944822
196876282
185175979
161000527
303225341
210324611
345858386
192636183
237379793
250252329
165550144
222416584
149724688
215628170
196960510
131179243
223769354
197697169
369026348
102244192
148689922
215186346
223061301
184609870
198742167
124634242
347277311
114477240
142659702
268399510
215949077
181337283
178103927
346101764
254914669
162793162
118117735
381015171
211142535
187371892
185822166
301743316
411722819
302653743
418836445
205646659
183321946
269038574
230916010
313989653
200476760
196890367
152681752
207817459
221274604
115657453
237428630
206509620
275502888
143750337
124384574
168606004
132738057
224356064
257022980
161355290
223850326
146213054
200584296
183367852
155632586
211883110
275000108
239907786
193713001
160016781
140794517
106808863
288926353
242917195
329591059
254641452
178213994
129220380
156423615
203050804
178540263
174679624
300206009
287202700
226259488
177950082
230294573
211576817
214058069
117387789
151437194
300543049
101140353
129163909
207603620
121698213
142936894
134961508
110861030
230200766
145326402
177478748
329578286
437936825
421729448
202780466
355470969
196594199
266870355
262906807
244004567
116552004
262077842
126408660
178557909
379477249
228555922
267340137
315959904
318856164
345016817
297438280
189471427
236762640
114864715
69240899
316366898
204856200
107365937
331758157
198464507
53965166
195169668
192256534
196567700
145197955
225396128
231559699
235766502
158066444
231611514
174671128
276899153
334049852
247229986
233109171
281275963
163547764
150950849
134754889
196863146
153928742
113430098
163643922
270286480
207025488
233934316
388606362
187294924
341533935
205434395
167229836
140052263
346709792
157334239
167326216
503133871
312583101
139202841
219763488
185792061
147171902
150539050
143698090
243929745
161448853
219037243
204084671
96667675
207137943
168160918
122945487
87626258
176211290
147928227
311671413
204652966
278629532
244116232
235892779
251242036
172109386
184874404
179674045
176948280
182742806
157923667
236699652
134858364
152004565
254592696
194232144
343902039
215035526
203350659
121874517
151437249
139592774
144596839
120662463
150296682
137863880
237647892
240476714
260724459
473981539
130822978
297119959
164978927
87774692
244810317
127140810
313793261
188874048
235979362
276585546
139086826
87513931
171838445
148551369
164860618
192034938
246129724
227909408
280838199
186971577
200369890
123660388
90338169
199086300
290930352
192114118
257337590
160891362
394561105
249427287
114918973
145173475
381565019
61956501
241893736
370293589
139002046
428013355
216534586
245035864
308539012
259138832
254308896
298875800
265283805
117552090
205874404
340604004
295411733
129728278
332441750
244330778
282212859
284709161
268030199
272313702
99622765
410836335
290759010
269184342
81374199
264444582
287573710
223550076
72460299
151939077
435195906
262783645
249682931
166550486
197340064
168207323
134280876
196527959
207339894
252611895
157481511
215188818
199081110
291548529
279907842
360068027
221335907
111991377
84021065
161617210
115188577
285952858
299508838
255907723
191153307
111932596
332612074
158837239
145485773
64371221
357431588
72014821
271725488
200154718
187730135
274824072
192902695
129392544
264607208
124943107
226114374
412522606
235405760
185599190
209843185
195605754
144623834
355438434
151122987
187832856
145571221
91157637
281892567
117633757
289648808
363231705
295383988
71787389
101041840
139567042
332823718
318443031
262256301
137015992
171787151
153821454
168298406
196818947
191662611
381275031
145053331
211025859
151034365
234409035
231490208
90460449
145460102
143030479
167875997
232548272
123333860
266442308
167711759
510407624
241284023
126718950
283658938
387439468
515388092
280429972
140291150
131783777
114231049
203256671
128886362
224069233
166496058
176425725
302614099
148985991
116721097
152319162
504880515
275433449
120878984
352885895
216598242
143472111
175210166
172151560
333375251
247267634
184771175
124554892
183068717
374496613
238331060
296986202
230397674
217583007
202281480
155062697
255691491
195327682
528171350
134785381
406126794
118409144
231133421
262845530
147116556
184482646
115639523
257547708
265477781
115014206
309008820
261655685
217938816
154664382
165544516
191192895
125709098
90803892
151637424
165681217
180516401
194133705
295722662
109792203
209834889
126435646
115168040
115460083
97116507
450074669
170865571
213109666
188587752
342984502
168834502
161014271
203633693
206086436
87515630
219027303
168715980
223308017
266365343
394514984
131527419
180721878
161986712
257832951
198874324
172889236
369390618
122778485
180447582
179075855
156230406
157873155
223903996
127513025
238948700
86474080
161379049
140297161
139638107
264828977
228944384
165509082
417273301
212233968
196493052
268715368
194750411
177972162
177654550
249546989
128273575
99361359
346590806
189977472
191006117
292681223
208697703
168652046
221425969
180987300
155402806
74879235
141416014
271675855
131564655
102508472
175491637
184768227
174034564
110439648
255746404
170742581
112970485
332335881
273440486
241859591
222051952
205938541
243784575
109712697
133465708
113842170
103763953
385609153
197577175
196512493
253014621
251093691
182245857
117896916
194144743
301081951
143765690
106900857
292943957
207282429
152106169
244755310
141566738
94772797
60148397
150799283
277306460
269396368
325155842
325160515
194185034
144683181
150728859
174327218
208468740
86269888
370867359
192102013
353614118
109012409
128142821
205648986
182489193
159954537
225463107
175801823
185152079
198581551
103224145
301012748
203079477
315252480
123817425
236184367
184255845
255717608
141223143
140810541
277812287
299293618
160701082
274269495
170667823
307139016
204215473
240279309
212861920
88907781
300285100
210294464
186809819
265929312
224373353
277232539
134264835
188743744
262721094
393523270
170672728
150190513
133991740
220377458
276059928
155379148
228651317
256634632
110216902
446623169
246220733
237607831
181437690
200209639
230683782
214024143
59202581
189959473
134278057
265174045
121071548
313512227
477342173
287799514
253656484
132483738
459423518
304372118
367645758
396880769
161581427
310183688
145597586
224189355
150351589
286206879
294234478
128413391
127686638
319361214
296387742
186911533
137227244
149652292
279115171
163562892
297792797
246689799
260365125
226814054
134133527
307322898
312039340
331488901
130926876
236296260
234982527
183544042
137521826
245625422
129819679
134704556
153176995
187125520
187624227
166691527
341264225
175181218
293059986
140077409
197895338
142422145
151075776
155504143
141945758
145991471
335926946
197137428
119702073
200284894
233520493
121416888
244313532
363207423
258286156
211488806
80777483
197664611
165024956
92695215
223029040
346392097
312791403
232265006
396523521
190812916
114346946
190990325
152730733
395073270
199995864
151321407
113425278
361906531
221531336
293700872
151101981
180869476
101653162
310280305
135686568
160160587
128371323
148520046
231240657
143916912
265962655
162262126
190266477
190981994
129105168
149555442
137080095
303780770
150519865
220508424
183204539
150202611
283335209
272204387
213018145
201887875
79616327
212284092
109140905
174128905
125288047
198568472
248319067
171140917
164238643
228343023
230486088
167616315
147534803
377716359
111571505
363173821
134880017
259922824
173907818
218696745
220070411
216438135
231388910
150915775
263348326
198395818
102116318
227612063
317536259
150880749
154602706
143695348
197152559
233621213
117493179
166949257
149700434
395023164
208749553
256932964
131886281
208815151
167201998
254506409
123262508
150941066
150598003
261693341
143555661
179708400
277772324
362361292
141102099
149165928
145863782
329236086
148309526
177798582
288654706
88607285
140743606
190982614
96682413
206409196
325303340
232040719
139876731
155808760
104287318
279474849
232702578
164804106
206523931
309876824
398096576
312801817
299504545
157996299
368179320
247852125
98704215
188642929
371693323
307784160
444025651
263478372
115998464
146791081
256749722
256036600
124901917
342427465
78361948
186471245
237763722
106573237
205274075
147364281
147988527
241242926
108885246
264960744
197536141
282127327
151502308
400871838
147941388
253047080
114883143
388849544
376795747
189592503
99585119
404457138
201795248
198189518
163461818
193987943
190360873
174938769
132575976
209213211
366119002
150380669
192498254
103431825
86675085
223028393
95838125
120252270
208326018
282007743
118889889
212208435
195673667
122750392
109828130
110421857
201900636
158712242
307218122
212784789
232451316
164920655
286132853
152953373
314218926
113237635
256692241
138763698
183976398
178755183
124698217
157495777
332130693
229671705
139727339
265578203
108434110
306938828
146795309
275968887
238239635
175099191
188821674
167585519
148225258
183555322
219390284
349269520
251885701
206689485
470793829
294180691
150405822
158716911
92074473
304738186
328787493
218814412
227425695
90449620
269003756
93094067
228883969
248278106
196317528
206533723
202017845
218494421
253212803
256652151
147521092
278330845
141329405
336939490
212942248
150343233
108677630
164131389
398071822
211662786
225947838
110259790
64492993
184191704
136488911
177957892
242958581
129811867
202785021
195842872
275862571
149936983
176743517
155764742
170594350
95219044
221350119
232749068
124899324
169872521
196358934
351963408
271384278
366119961
165274694
106543250
178493844
103245311
190448163
255001708
231665165
176269629
133338463
235954062
145886409
141269947
207151936
132266181
179821936
273771473
181915338
267279743
209106331
316664730
152450040
165866263
250256743
248407375
227539642
170727529
120410443
290545297
203361564
146119326
109601773
222488585
124454509
377429376
149366649
151675282
233674633
175576340
236911080
205444319
177448753
230996495
175110674
273014690
176523975
104559605
483378262
392618622
123022617
170606906
141007067
250452241
395202839
139289726
240635132
166538132
178711716
199877837
98718374
238162151
143429577
173539352
114974153
352828856
246108885
145364388
122917869
81401580
111388431
330089965
234286092
204581908
127450418
160788687
179997861
344701422
90904830
148437199
291068309
285050382
174469173
170860656
224469939
128492257
122934254
281479915
159043765
156890228
203826275
199398825
260159517
159908267
128733794
557539494
194434674
324046283
159803964
183932132
185290839
197241617
135152062
298653538
226850374
132806670
235839308
416717080
96867173
219005855
149466016
319261547
109411694
245479302
181448926
190155152
283336195
221203752
235223460
268762185
149222086
85858271
232060470
547388653
248437200
322454269
225353466
207415086
116509652
184230342
227538678
113876054
194388000
124608966
162847553
125072478
175019461
96207590
88837318
101775903
200780803
136639412
161320712
209327102
159516514
141452328
105445004
248222651
170730967
114814503
233845906
361657221
190807170
175900652
140469348
143071666
115281998
163538847
328609020
181311600
140667070
118966654
302783858
381510430
232458101
169406576
318558200
198631079
296369893
274126815
332691211
191509578
393672522
230387431
115113003
94903267
282056762
180328943
105462836
149933950
61348402
117033163
228112916
432529366
173134179
152878991
119055414
118118757
151565930
209785586
230006384
166000974
105033260
157850621
170963823
132874249
240520937
169309177
307084397
349807839
268633336
185171518
326882466
153371993
156593633
130820137
243923435
137818231
97793453
104273083
137975112
231254306
130460060
201671643
298025118
157549973
303437408
216617073
245836140
137983940
293081261
216898020
120600471
293022545
116458876
81978432
152078411
329038122
125440167
110333151
134991310
250883373
125940491
189666224
237882728
225109146
175559126
168672338
144618071
155189072
136221765
256750533
203236239
180178483
213202880
199865844
392086703
324152397
253056865
194507069
128496672
269823460
349389298
150994794
194529933
197002465
148607111
145716180
86394910
198365038
227607982
276866207
165179664
113794014
233216943
229097903
170458437
237629770
200935621
146837084
124279638
264332970
217506508
154869462
133015165
115706269
133042748
198493713
428888553
467508361
120548065
144504257
145465717
266276442
155020709
175585765
300225490
155633038
150375076
235947014
262431378
245348304
121016991
140152676
173823133
74329855
142705908
199389410
281858684
318066345
122575860
185722891
172804638
114374470
206180709
459753853
376534081
237731746
374233215
206295072
141466816
329460386
205415167
196636517
160199779
138048559
191148684
157313258
282798736
210131108
162828348
360160285
167093827
309719307
204022991
170951561
247800066
108459593
316184497
118431654
206597290
246327579
186775735
181292537
193253115
151066830
432655558
130700156
171946802
123479780
187061640
300324105
191989288
183381483
192775999
285398717
156182617
211781974
220305899
160486894
150110644
205853312
120818968
424038536
209712060
123750739
153610678
405162938
138261436
196103925
198933105
248020245
365319808
290700957
227247386
243220095
104827477
360169858
156662268
136499029
619969076
172325406
247163841
134370702
414342178
239157260
207269258
99223044
135418490
436416426
147080315
448539389
85076196
126458006
113618747
211865088
182569299
135023866
167208913
309248689
172414870
210718878
256811580
136037771
125602532
347529083
249140203
276705156
276501955
94956255
202704407
299579764
352858954
213987399
241781907
233290944
152987436
132982775
172429520
214495623
209161599
312186309
327081382
225618202
269364703
81144111
167413982
219211847
204341880
217746259
269708987
291935389
235598507
129851105
155347558
241900583
115337466
334505779
198796744
176974085
113859298
338047347
171393359
165787625
183894914
169784878
175117875
164573965
268682382
164402917
114984176
95474234
168565272
95194674
119483718
140086074
235950853
198355681
186667525
95606252
138264778
247624856
66582186
177277400
209433802
198068570
242449225
203314657
117553696
297348247
165930582
249010918
94398141
79010853
433689373
167296320
109743636
184342793
163009272
232471927
115991990
203323612
137393377
279388380
164457760
119279068
261857283
288619792
267577297
259247406
375803936
267798853
144411154
312114678
143151655
192108791
479993423
268625954
138793946
132657405
191592233
224825645
129404538
498953737
300029258
216435843
216941514
212197304
360948985
247720422
159158435
245688806
155417163
156880115
142094981
194939760
146664105
348639410
109296719
242606305
116336865
331733051
93426951
131826823
537551943
163683038
171122846
222413802
103793699
269577628
241632577
199041838
79503515
260249471
215897207
173338141
287674423
222342416
213248317
257994698
175041613
171277478
188432478
224564628
158175408
195539255
154896257
215085934
245707771
272471947
170639622
121144034
160344849
104019516
145961048
78155463
170341412
219112292
301769273
271796147
120013672
115503167
264951129
122493217
128245115
195705194
183115685
162101265
120237995
243652117
162120784
120684705
123702053
254769838
205165550
183354329
186755534
156033793
124761916
149639603
391581831
211394686
223886857
221535679
297221297
233489529
168501341
205941723
240356636
177415902
175833531
114378457
193020276
154233357
111793522
212892163
168761776
289956033
201898742
327777460
121816199
149265641
299925540
223001469
121039898
139205528
187473647
129415681
76240577
359304174
264848575
301338320
134685930
218151887
191253233
253815656
164260276
154604068
91248400
220688867
286438653
180714087
399797176
302375684
304142714
232684240
160273632
404202945
210829101
314591091
146876243
181896165
349177718
286875858
279252191
185765688
133492410
136654545
252404747
306304767
239470604
197918547
347805004
121694240
227696995
324845410
207397522
277794493
191594534
141775418
106698461
216663544
170993879
293328289
281610971
290209925
262714385
186835913
260425801
196678668
190487790
531818556
123445215
104157834
143845403
198057594
194684523
138689974
219776109
325110402
237486963
152175683
167354783
210490435
213474729
175302186
248070680
310812557
89832100
338441517
218911382
135358047
260361519
213030213
174752412
278639024
143487773
176989974
99272310
78277859
257959318
104421969
90196444
226225147
248659201
95116714
140312885
353141155
440382628
135259065
150176350
114413479
129979179
165789421
209816718
239779485
154851017
222742296
230639358
249359554
204344360
154043257
127967219
345234606
130424880
234533814
126829865
311378670
360619803
281656870
315559997
206524778
251503271
263547954
189243505
163870821
170392895
187033011
158447578
250741052
326633802
333362058
227851951
158659763
169672455
192057036
181854753
71512723
159729154
203921733
95596273
291145100
322503096
544212165
196126322
209559821
168703235
135021372
129047010
326576820
135929013
279064836
125130094
116497772
113009058
199836801
194785474
335115895
166735845
96400474
164639607
252554970
255653749
144985477
265935986
122494691
149443482
196180362
342992340
217699466
126160216
348097332
178295850
279102367
330065371
159122615
139136868
237598416
124768914
188998439
168806347
194795502
157621766
265573660
222451851
259381441
104385392
119175493
377068265
180815175
172900459
198748495
188746001
131440419
220223432
158832103
203777352
173707865
281288641
157857659
138191052
191213943
116395739
165063855
154882003
201622885
123117879
203762983
174709133
186951614
162436573
91179515
150296953
137211125
160896393
216344417
203908099
161657245
233993071
261612316
147774107
299848296
80949552
266968268
259566972
220184823
206425044
172110330
272126672
130113081
214574374
322873152
108290319
291513640
104969305
128073897
185768085
199861942
185441698
148679662
408965960
282202479
210525097
264397079
139188670
267022803
257464439
165567672
322148117
144136648
87928413
189342980
182427770
365346152
153326160
235277199
116098131
217489454
183469345
226980921
212169609
331951064
121498999
196936040
176736177
168851492
227060782
348734653
76612420
124910427
261746732
126647219
262890184
334388751
285489747
296669913
346904659
183495945
133019986
117051141
151231805
301486318
202568973
144792791
294485577
280929910
202634551
185641718
346692426
249703501
165279995
319144464
349110350
148251958
235143027
225294146
209005688
213918925
187291159
239328812
188493764
207785910
192847644
295115753
299166513
306195631
239582076
109428005
173439602
279911109
247618910
197689440
162628117
156168751
185241394
117814711
116509723
288890253
197864105
159268338
151515793
196989051
204654037
195641431
107252601
142447332
168296303
128348431
205895769
126725087
296627502
180651544
192675002
171460910
169921614
168726439
190360377
135440220
171880641
314317827
318885738
476784537
260583205
357253712
181312245
219077321
291522265
62482826
248793973
124266039
312300095
175476211
151954794
181641767
335265609
339642625
139857398
259425521
211097734
254196029
136070047
114409828
163758517
84026527
236490014
258950662
206018021
180526549
144270124
244134958
201018430
164772156
250131934
327051174
159541248
313688886
286206231
224586433
267767423
172971416
160327417
177694343
221161670
144297992
282245980
266955592
128583848
122971018
105144987
125505885
244061828
166215685
300269537
246523117
275847524
376238318
307641189
233146900
92209429
194040015
114925489
204180927
230546671
253960597
106513482
153121281
226515907
297497126
200849808
154385460
183373480
415086928
199537099
272736523
234927815
128993296
232124076
82684674
174033346
152686805
110155374
281118501
327691631
162842079
180574034
209523885
206447751
141228146
93122771
196647348
249038144
235681745
315554691
89410858
159803688
245323326
60390032
198246959
150161803
221730446
180378481
264818691
163470876
210150659
227215134
355417670
155435958
182263513
123207447
308764194
321872171
177006757
213542502
106328717
199468031
154479039
211753738
351489498
69565803
186793502
280935914
105712770
169563504
174131160
307235584
161518464
258169779
175509103
277682555
261241726
319535543
190819377
298162385
120401922
296904759
161572375
177293468
277441084
305406970
198366552
171903882
243220262
94722114
179089688
110569812
279959759
210814285
339582790
121331290
303242690
182876894
324265167
232208835
205840009
205476217
120826182
130548092
291198058
334884488
302021491
151009743
383413609
275183036
179428478
135492525
103296090
134038396
156234749
170755323
174172563
253865207
107745502
286520739
167905075
331342810
368812178
351628391
184359958
264733130
214936041
130568641
257017549
242356874
193220211
327425228
334574062
134491935
276301461
111684166
229380131
121102049
257999708
219829408
177312472
75291902
133349097
123353924
282220051
201776017
153720732
263624785
151388499
169899303
192404505
189190460
231282198
146188562
148756916
135043172
144728757
139366926
252403645
171651475
247049743
374025555
81632859
155871050
94344934
120289482
145441663
111779801
222334689
215380122
81359776
157689401
113233980
392704311
230695758
423069845
191987487
297772216
176102674
343753512
203517745
255636845
125006705
455051840
207111828
186016729
273384573
240931024
102886637
179306457
219471476
223991272
131535452
88407251
304734331
320887691
76748391
207696539
163292163
375042016
271781392
172750545
231919288
189864523
122772271
245463666
216290865
156974707
439655853
237361127
191714954
246544412
100294366
204562601
246252112
95350342
190783214
167132741
116759941
143698888
145064886
215715768
218764169
152389801
179383738
100848112
182115180
111544482
300791126
137736899
107362590
168488260
199150068
296970202
128843616
135718057
234416592
242009028
222830217
138683774
253290780
115269861
334970287
244888797
492229395
224469097
160438395
118475135
257274650
246255395
134809498
117781576
135628207
263327532
224450975
111440516
223782588
171858460
371479545
259742679
104072728
222817785
152873617
157677020
155720970
160941324
199823049
326509367
352466375
152974479
340902744
356252367
139421516
321027783
183888418
247310599
110118516
241872715
125056651
315739777
77102974
196436875
104040632
318052363
203871522
209969284
163623503
158569892
266971726
273650183
341737658
161005749
278989369
311736312
209939733
179262488
224582162
190488847
184496289
205496273
386849635
158467858
128540067
331151332
385135944
117500780
121919652
233400833
302678413
143634317
162168641
144859606
92819696
203389124
252662090
308355355
174032763
234242691
382339909
64060499
190124321
388006761
95769960
330164377
164516672
293355889
306998590
152571172
216104810
209446233
203001917
254750659
320729392
148661822
211865594
173233228
294904874
219698989
254978358
225195616
229644271
224066394
172088468
177489071
308818266
224009904
275901902
111962861
260955618
218616052
242862812
130411785
227521039
151007253
131578152
244886044
186813143
275492372
227863412
224214301
210625179
187503157
265491182
145483858
207540786
395699132
261053677
141721734
206635285
225665013
120582231
219149715
218069392
204168069
418076485
224433388
345888644
298385158
351935941
130034229
199535481
129560578
168330083
162110813
213299904
149304641
114861009
287828653
336210020
124045389
386508272
156383990
209510084
132605861
177812601
151539289
166012655
255162079
301419564
79341467
228678440
132202998
253777657
237998364
189222981
139435462
245821363
175366050
67680736
143028381
150292366
178574530
191500200
209489888
122768849
152439805
91100447
100221557
151921822
130524746
189617439
168421120
136371907
193666350
109511560
152655030
194422459
243044748
296529008
119463330
322800149
258586396
225999784
225626395
120914524
195412090
64898267
189440666
221464097
229182597
176914870
163786705
158283744
171773041
208206080
149358254
73987492
147275996
294897856
405763189
285196814
255366129
89512720
96607164
150114427
195795298
112842454
185207009
143693127
276438384
128296950
183425402
288837607
150974125
91543111
235408741
285193416
94163462
115519932
224756369
126053485
306487208
204217316
209753526
270797686
271289834
139358864
322079809
138362309
196857974
121445637
185510058
328751692
136769356
178947009
149034432
265109145
105737853
198772041
147028193
341219783
161228291
108133483
234284157
377425560
208737766
322546580
232546863
268365160
224377782
131383479
130676044
101085747
103090195
169714743
177663488
244775999
115229524
126968321
156129219
441446925
182489947
312065366
278041402
126872504
252522955
400398835
214158827
280461308
212078498
376774353
246180948
237220312
174237440
125165687
252926090
149133135
126507651
266198307
220648301
153058305
237686550
191468184
106662274
140312665
270272614
422074488
217507946
97346326
257909105
507295949
203930145
219671120
146594786
74738365
184254109
335778356
359087319
243830124
100125766
83900023
225801107
100796194
362681902
304801036
120023097
219365542
188923247
240495035
483052822
387638828
124371524
253296794
208413622
248556118
187345780
132897870
220262820
240292421
140192761
278529243
207978122
132125588
241777947
139130875
204087297
323289438
333513352
203930510
405513813
92120802
210611203
511802249
240116130
283252325
133643576
143613691
229114911
177357041
121753173
362283296
203807071
112324851
154269196
310124580
216658628
194757710
135037412
287497813
241015917
265348687
151785931
282642945
204103489
144724935
145197158
134449867
194753199
141003990
98237624
151976829
162545623
101723384
146858883
232488690
110067438
208476323
238913651
172748023
102083937
138244694
186613775
144310237
177956964
373387041
225374653
369074896
169611154
359895530
192767911
162418489
287846029
239036198
213679962
211104810
112650700
290098100
113165557
145774258
182153228
238013093
200409798
71649064
155635627
97523615
334448706
159618460
190827937
417740542
95674802
191206576
301442994
243371834
342883044
137003439
160582559
317803657
176132249
157176185
53441793
187617988
226686839
203582916
226442151
102060261
135824493
387348420
103247953
154959013
349850924
506586530
301912045
116199810
151649751
132521261
200817411
211911983
163443858
191444879
139611660
213588282
205265410
238971148
125058344
437562890
202884466
284265338
181053090
128955642
168259231
320022798
402902355
184606290
95838065
180645328
207384922
132827099
193747860
217694975
184129553
131034622
175175785
139579988
347941016
240174334
216965969
197463237
143921422
164190546
216268951
201180846
212446427
113863494
174414026
218559119
103602769
156887539
212795930
396748189
282516319
282338413
294422632
304506178
143554111
156463956
254408989
202905734
117704651
184418939
151217414
148525142
275608318
266293859
228292423
177327387
168917656
152657227
124217117
175196100
213896288
141584582
406537418
230574584
346406270
140926336
289744801
259946759
290603818
213603688
108929708
237970481
186875283
81744936
194902304
146951734
307499100
112738267
238626671
204716911
147365671
175295188
238113947
306597895
389606395
203719469
304476835
140936423
100368578
130722580
80142860
292451200
228930423
173222851
232423336
230573178
193540616
127518990
131786435
273696667
175964836
139621587
294908856
93243224
238089341
359081391
170463282
221787552
228903377
157706968
303161001
283946527
258531547
200659488
193149317
161729387
173352661
236445866
147545658
139582060
192422592
290940331
362767284
210266188
142556598
89108074
163055196
222797285
185728167
187910437
146079023
231362967
418955250
255892914
158744091
193740017
252723210
216535398
222174555
155081141
397865078
140965865
130039698
217945331
187440821
312907205
112639518
137270509
197545548
173839080
250798832
220424250
179040749
261422690
154890408
299953672
149293731
239096617
354346509
146235774
410176854
242634533
139050036
224126386
110206685
354101096
305906539
310934168
158451352
168048365
277350167
170983582
167263153
144240768
114845198
408041169
190469218
322113060
252756246
237627490
195258489
146588222
130367178
226243571
172238398
128444535
148419162
155557280
282947956
159608614
250943198
215674574
154217833
111817297
206459608
139752643
151577947
152958893
266255492
198156819
106619907
203095418
198129342
195741389
382452493
80687337
97352275
277583085
272283370
156969692
271703667
240005373
167669667
290395868
156955105
143923212
125586126
203239716
180478334
87741987
78493079
135662995
155218404
147132682
255537040
318482768
163480395
283983870
271368306
171381967
234560293
99797600
189328179
239350590
126513123
258287850
132640618
176086729
194904031
324365416
180107504
212866113
190215184
394055189
221597653
220919761
251729603
127736418
216146276
308171177
119272454
144111750
326798332
254622446
627844727
408025352
142998302
84265046
170249489
162679672
148806252
141197723
442193861
242619327
143084574
123993992
216459846
332179681
232434061
261650819
185939232
247359340
171065165
265244307
181809593
236532318
225435498
264622999
245851614
413073906
281019859
176839558
128122227
189926634
252331521
106230789
145401290
209004918
411905204
359544382
282626502
80583136
215878729
325479833
175069024
156302754
264285690
261779077
173387856
245944434
136284924
97806668
199900249
133833013
158693875
369858467
255537465
227611757
234986454
220289211
321614985
154836107
69567854
171958636
292451815
263879904
232721891
243971183
181230078
277798761
235284798
157240545
182897067
161164406
211459126
263380101
77943244
166261765
178981248
152763512
155337471
227958604
141393815
101321597
266685930
269205884
92336763
261496766
122760701
135950604
228415038
131832552
216377332
98727195
180836061
222125030
223085061
127723667
151192730
121025845
211832212
139883055
224230912
374154973
150196147
142782249
198564381
108690860
263035457
175922282
113631943
328910454
199366230
283138457
168848444
194294754
155214512
181210570
136170275
215738211
142533103
90192647
134947465
110986303
138412305
270141018
324270068
197510580
222352722
267585364
236165608
286509189
120202734
160517995
172428029
248290390
196845257
156662534
209263951
209348287
210882491
263236631
153039088
150313371
240121272
231494151
260154391
215146898
141820357
257289654
294961291
150993914
146178091
238844555
193886584
168710705
199185264
362838760
151651759
96008430
277356264
318900735
91699429
128391720
290189500
128605208
269886365
183576842
146348763
263568781
309759685
142978517
262609688
235032305
293754762
282065587
153245433
151691985
105501750
253684427
199461295
368608783
171645284
221792903
168678891
252724150
249919612
115061210
57829087
112705069
361345670
231632838
160026714
220946730
221580890
244253393
188682866
278213594
193859107
134428190
179341344
185722791
166011056
177586980
143198749
296671900
221225443
176767737
204510128
126575502
212898150
117328294
243791379
164335014
301624952
120070630
61169890
286280249
261057450
277070357
194805835
366053345
237759309
258510870
145969474
162063721
176245266
272972334
134664985
246531389
113830530
290665981
233301814
123325178
185338016
386858428
87847604
218922518
63961153
127015478
170528711
131253019
397441419
211691270
45149689
148416374
220943230
294117335
207311117
160535532
163666994
193777886
123021510
275985512
346639685
275722985
116986942
129059451
174068255
213099442
247799823
158319918
208068934
312625058
123492236
152034303
395580082
84897447
190582767
194259204
226280619
222118014
217555985
167807146
132363373
223380954
164470705
133424317
107592893
131302996
173626734
129670603
222523685
217750966
98200718
268037258
183240794
188194638
277275542
129643950
220443247
241432599
155855892
129024689
229822645
196984606
128430522
147123921
257564227
139907378
107622068
162339500
193606139
150033775
249246498
156284840
274351624
119420119
90065646
128944293
121477953
158811823
134782242
312549376
280998126
114792524
330711307
146227440
161562266
229528313
386061731
286637208
170349693
207544714
257999547
469556794
159548001
345954568
236326209
155183899
81903943
368339674
226697302
165372306
203048756
397261267
243998611
193770323
246181427
138023014
262025865
215246156
460694140
229616169
210378520
286169675
351841868
145635711
261200899
102785412
161513017
113218481
282616475
252416344
381366843
160709559
280462227
325926685
178440640
215152105
213015318
331372968
307632442
178950962
211546560
324515871
155223910
71088645
235018736
191062109
135470561
173763675
160171648
180170219
195718376
271724135
188720949
99352595
171263225
324054312
289337012
202202687
158088871
337733873
164297497
271461334
114197164
236726846
106634440
197509852
130352713
237777421
235363247
139984062
129878491
254166834
295985503
113720177
154309735
230056948
258010377
144866614
79469247
124181008
217175358
99478823
253349897
100528690
163093159
306710037
147802086
154938018
109557883
207855194
171375156
286281995
171907317
267515010
126420050
158979132
192695195
410634428
228511961
215808666
208456579
239291162
164669671
82291113
212426881
195975599
278610555
149730057
176730586
260632327
218994142
144852990
184743415
152522102
160153116
140115656
167610922
182210226
159871373
165733448
305655855
166060379
125276135
113879481
129835413
267370925
476569007
176736269
298394256
229385840
111789381
335483252
177124225
257624771
200982832
225994599
189790527
329127518
160720472
177554496
175369835
226418072
140689524
472177909
229125955
160290790
218184499
350342387
334759877
133549265
122868821
127970380
266871447
49386749
158959872
310633049
313015425
155805104
209553717
180591776
204803843
189128648
289980894
193172513
187376465
366765823
211161849
56364803
142024568
99904020
235259515
125103596
245498975
231424452
288763315
106677064
195521137
183951318
310547918
89305114
111815621
190209129
250157460
340442598
167683181
247073676
136040653
158601209
158828336
153083627
150654724
156774129
318960224
99067737
307364529
454382153
132692274
377494783
104467270
230924610
298374636
239029398
222164493
51205450
299477467
228085366
261994190
265614630
193973283
118933593
204240092
253218176
142282146
111588655
229045523
391510693
136910110
253094834
173822893
106952494
217587315
201713740
287440323
276319065
201197242
109805554
94378587
161945128
185611812
306750814
223259859
214070157
138540226
183521427
307139232
65116366
177483713
317785185
243641096
101692221
90949411
267858901
199953617
146090107
210456244
391216863
337600857
259164850
264981687
244961193
74500857
339680127
324735377
141280407
297775885
193338045
168197651
250549355
336813686
135174669
182295039
228183717
134637595
152637562
338143162
369807990
190879453
281746031
175465597
246948453
98600426
213078059
188513367
250756074
206176908
169209115
158391158
219369032
235223991
189079259
194705346
127833240
131259590
186577627
242714400
167820769
177786668
158431919
164727257
189101248
104856001
144871514
76510769
135678121
314719489
186844051
280503825
336753918
159152627
155415805
241553389
169606211
134497703
259628250
128075119
156758937
184489138
189282026
190678985
103548037
228469281
360735614
288189159
209539460
388717936
76704072
254474256
167972698
137042955
256958659
360053046
88643003
142819114
312760813
124744425
226050024
230547075
116256990
319462652
213769552
278444100
148552362
166807348
61445467
120912410
129418738
219316714
131278738
91195796
121002372
188379199
149682856
188831266
194201642
147289968
240907990
175430167
181142189
121239471
169559318
141178705
275540950
242029072
160912902
527160135
259975680
149958582
355816389
283611273
54032208
115669939
307599377
144793594
177692586
252145677
227129564
227062733
260377787
130819387
247813222
203556584
176801941
146228625
232213998
209396184
170857353
256852827
178865502
86131346
279597498
222945434
156389168
170318655
110127110
135921198
187748237
125721915
431073626
52332643
253084676
190981206
277165996
176583902
179881972
172370016
213814349
492021112
226815070
182874951
235967337
370741910
85813363
120967260
123775777
140272461
252307493
206727209
191116864
203298202
128973940
394457714
254595829
241496441
401392152
189342039
98427189
173726229
255791027
221437972
207834101
167777920
266425356
136584174
300385936
128418426
225001706
198601324
135095676
127503091
290147824
250048801
296379096
398755106
138151916
241517845
268806675
144777387
201153033
192180948
91464928
255534933
178531663
108873578
230858276
196754155
226836942
344052165
106234313
123933632
167954737
300711640
174024230
175919898
132084483
161926415
170132402
362483100
104001263
207613241
185582337
183869128
227639538
274677207
118976819
243563096
98911233
169850126
83367771
267948786
250766524
172854814
199721263
211892935
240466544
54158266
150823392
145902273
245434837
355698813
123437605
89009875
216684312
306579734
215450431
141320902
213561811
311632956
128666463
219216102
317262136
179837470
151558716
199432087
263434669
203963139
228746610
99545816
211408306
116936579
213681730
85269314
200215500
167359424
182203752
171491204
189361270
508585772
225931908
301221610
189323909
181968661
423830044
94150670
221082863
275740243
133380724
223290978
169610660
219425986
95155656
277259777
345012028
498668470
195476234
249361647
235549589
166348144
288566189
111729678
160269946
241461881
265279121
153512399
225756873
185753164
203804945
331893067
180933136
157398073
236152482
434924231
159615511
240823116
151867325
104963584
173149686
268044415
176311524
235099187
153465429
152283660
116725544
208190341
144315560
131289575
251374348
109960029
277368790
199598885
275856968
147057307
257083276
287507050
188226195
234831240
177191736
98367592
86001361
185916877
278094882
189720625
133221565
197060649
248122530
204813645
98739423
221206910
172248818
131922969
102712938
130817867
143054955
176708561
96638209
143944310
115993507
196565858
127569730
308898446
234414640
318253294
225877924
116552106
223264917
246089113
196531248
238145832
122472194
245610803
421779018
192729052
232904747
241946970
163092311
223180987
139110587
224741710
154520236
100766976
297507886
88847838
435930491
120344635
238755202
214208775
251240552
149051443
245263813
114430207
189629707
242911417
109765522
298430155
184601449
228064039
206314769
201705098
310261072
198696646
209595531
130738844
202406241
211751376
240199996
156204232
166383385
206293024
271531025
163408722
203792218
286656176
143761938
250294237
416453852
145423952
104778189
204570849
61031215
283559511
108939809
214486005
469849968
105394160
182477767
142064460
143355699
171069450
115272278
89932929
219697056
215849506
148446634
132817106
270205574
207079337
148781036
148364213
94311476
313890406
372439206
245640949
146428277
297485151
281925140
330986586
177081022
178740806
184361511
276716575
192405011
108554957
360484748
172176977
112729271
324924172
268494625
124479450
288041274
116494368
327604762
212387196
122426096
97302053
192046985
185194027
225322547
167206905
180994057
177312428
213690791
244677722
99203482
159843393
