306914960
206295669
363787061
462382110
328800102
251670796
186420737
277758127
208948387
285576942
428689034
298969424
392689714
370753691
119037309
221627129
525677747
293312261
172676983
456609175
394351238
335706997
317492958
144420932
242079277
304677040
261403686
199820813
260439625
284628599
183475469
248177483
94918322
453163480
299101219
230618525
122494743
361169957
208008020
255695654
204478294
336969433
353812217
402774521
27830846
297756841
367787250
95890241
171904376
244699449
415726078
241401812
217997086
142925943
248234562
200469733
253532458
167183715
161385810
288535068
292830213
498909890
633253854
434976207
422437728
209001849
319596724
259754891
415277940
124590485
121289433
262309665
268105654
159458607
128073958
271831198
400452075
230189968
263583056
268497153
281800790
305147345
400449886
354215462
133522034
427616873
292544495
411773816
161055910
314654828
275799816
299577094
445774990
163390959
278197021
173912532
128293251
448040360
176442056
343388509
484793577
256070516
139103036
165808940
318658068
237629079
209224555
366032187
204403297
293264499
446497307
384405839
297725845
194355553
298323071
291107390
203863133
301762858
390353771
169120303
231410933
295513680
664786269
349071779
298844632
524455829
127043770
188089713
186507549
268856299
368636476
133398748
126274879
269958406
217699164
289591763
161035177
268216703
67098868
313023224
589123698
212649194
195834928
482740135
200515829
542105418
357735864
263298775
359217484
154232997
175459267
135886347
144353774
83794880
650364419
263185950
227590971
428616382
417155319
281087578
531796885
83003203
423820870
467601529
319873762
445987507
384926433
380087272
221184915
384543962
332561036
339803022
179910789
418840824
122919114
249851786
262543982
390813166
238385349
291140536
290657287
98352729
156921654
498383331
320804700
342063738
390764616
344872375
242246903
215746625
485451316
231515099
122427387
259922359
305291786
191349010
218677181
430943928
298335586
372485177
334289483
297105051
208612242
175718893
224925738
183009657
283036007
525968848
420285709
447955701
201645959
219067716
181339050
445187270
172297267
288588161
183187248
325737334
298258680
274037923
223813852
228915515
479666459
229189838
304879954
301062179
318840309
315689134
298904468
373947363
151213705
181129608
257445252
141841883
246989427
411031211
419574224
557524153
257397767
384820827
339630749
190763426
411447714
236162108
240251929
260596439
250962914
201888033
171753908
198161807
216962176
107306745
164209411
137665527
191904255
262641401
358480427
656520901
302199247
152966246
366834560
288206712
171107591
173160408
207144897
389394795
371111501
155933120
398196493
138724338
275011235
479818837
263509888
303159848
423381647
273006060
226785842
286353303
152416775
232574391
589783915
82868306
308483493
227822008
318140799
549845110
149816609
707194851
207864034
278410245
189727138
427371209
271751676
222556893
317409959
220812373
420966491
257392834
381207354
474932218
623388251
474428754
169888897
98054373
410013040
329819035
201736891
424846699
188259480
251282278
126677154
320141859
291486978
186715240
81605861
343034510
130705468
299672179
234932108
389230959
298335443
203263963
258943797
663211820
100832803
136244654
256157583
340071332
145950131
318303552
179912077
221945544
380560350
229168872
149872829
260292874
346761522
311021209
238508505
338705716
251826839
288999641
392126399
181492881
267292201
299401865
100630522
357824505
117939179
496154077
442804917
238202906
217441591
215466081
285482950
367705620
317091818
159144484
239679838
331314630
138764248
361602007
136387945
476131810
162655295
93962219
165549960
169347690
186065716
308145259
191878444
237998297
351519373
300082147
306360031
6768248
197314348
270489693
362239044
303031022
768524141
254806631
64475894
300488287
420042030
287532678
387153158
282536026
206898628
221207288
212034535
480807910
278132741
194250713
211350725
214272955
303277941
342792050
216357523
487778181
387438950
246340841
339737879
93303770
519594191
342762559
456192844
229040119
244175585
275928130
281526304
220832989
356487022
249453282
296673045
181914860
688440695
309447401
318362855
120487297
305609027
300982204
225425802
141666696
402446619
222052907
59204952
383128714
228663347
209098106
199570081
337282697
44572158
348870719
238616567
371761720
319301674
349023025
143875547
192842524
226005071
183365076
268277578
388941427
222680135
282374086
305230920
291407089
86396391
110712846
273875947
143113778
196740567
276065793
284584596
375672862
364845844
209132127
375547745
117541417
270999451
200602560
330294295
179398932
258219852
253825151
313235221
537417344
140206309
358384731
288412724
261943376
311621948
561199240
511568957
208551361
510372609
380320531
153053412
246554354
289411300
290504941
297621455
168008476
268073101
244845423
228816673
255708798
258659462
534567398
115516547
369120762
265007368
396562682
224712508
392405275
421688127
458603331
523382896
347786347
276301599
130634757
466072724
219437666
265448612
239899434
203984958
121893931
418512128
243091775
383048185
365081888
317332720
536630380
177292611
333870325
407094153
304913129
250889076
196977421
373275048
276554509
297266943
252605203
224751896
680898463
301320755
202396239
168868029
127064516
278721574
160964188
187045944
145384678
561433325
516087101
265288736
201944398
152554511
287854436
207793693
259727363
434886134
138742342
265455330
91922184
282101949
584595709
100569296
567755908
188472405
231610319
297977940
289566793
298691871
277294056
268317479
71478061
168817742
278872136
191794367
498958445
292802633
178501926
99235722
252561022
104158372
535082640
220645540
467539068
113034613
343955558
171116586
410253430
307996756
222640601
294172820
564101121
275635860
304402296
306151430
154554522
202102250
269699945
212120836
480126584
145000806
195555015
312206966
319726575
206355759
163222574
359767774
366752052
292145781
194225667
136880449
252737601
274853704
161665525
455964837
396421916
304615361
325061955
287366061
125785776
123599040
220303073
174376475
361801678
194873989
253143486
217418886
419299242
174147360
304225829
173702786
214737786
231017097
405422663
516467895
226203037
333468248
235808512
196705871
219135108
383903260
285719259
306720470
220200755
93128151
191785807
213414053
220778934
148449583
164259797
341492993
500551367
298310059
321993442
420104833
452523818
227462733
323672974
374833583
173756722
487847595
302333340
302967486
136040042
176342190
209482005
446130534
553443165
338420364
395745310
376501335
314101704
213432278
675152214
402634036
254857058
197094451
175091001
243388028
126265938
453047965
211042747
424313740
311167596
357157651
292491066
289013482
405285918
398081066
215494055
399353552
129516242
265951206
100783404
301578052
129252293
184393356
198798140
437960809
322891366
555378873
209705278
102929487
302413273
215461742
279632479
116573634
258404994
364194574
312510162
219244050
168822719
160336722
120167225
166522318
546117281
257377636
294115087
292120077
291557278
342847929
223036118
439075973
274106984
274938793
277315065
156895359
390716876
239202459
295769897
103111783
426942548
352809452
169287192
203497656
152874688
166515793
331724122
231341258
221639493
156830364
432565299
523910374
217023301
329684127
117726159
269651609
241993041
283734683
169967571
243140807
351278471
247174296
439790258
245448695
34850804
211006854
543712524
272259114
267877633
129813145
254923932
401101254
429717057
117640606
144473099
216816540
434344515
352816226
187940382
296368368
463223732
505613312
324200186
457274976
431431610
236078258
462537349
700245320
269809618
366231443
195136974
237338355
410280665
274967406
514512361
166397412
108904217
237086368
190438869
337533325
345062289
185301695
465628624
298821526
404458437
314618599
405578306
177353780
291802034
206147694
325124676
151441989
363445021
284684939
195936530
435197809
261769174
298566134
342776723
268474183
212044293
174291467
354930520
376706676
170677899
327104171
227371971
296677799
572491614
315993048
365730404
613673544
122489914
150030371
137826797
215957166
141196095
108824026
520132883
159878523
372133102
164237186
132991689
220483767
319301065
422617539
117864404
421586457
154961869
127149289
235750105
174783799
169267879
189548609
616418241
221689512
130265664
547334290
455153540
176255358
455322387
165193738
350336046
327721208
318517866
412263883
405424524
258905052
436033871
121066887
216649130
419625019
501857750
196463570
142823287
398789103
467976864
164045133
278861160
400853116
144201972
128949711
589184052
169445318
356544290
183308516
133874317
309847823
331806261
328085701
242383034
207548807
305651990
243102932
374218394
247773121
281983033
420839138
214427736
421130408
173061079
443529465
295899997
257608655
355833517
298063628
84221896
242655565
231491628
282688233
312975082
164102368
193127914
275397351
295929133
208267787
110880241
171343936
313527608
231345852
484527771
330105856
423511238
156734274
253157509
232081534
224650384
357394596
156870177
234052230
186969249
412016692
183975793
233650750
401734136
353955846
246899766
238113738
257962527
330329929
450698881
307647970
204838361
435295782
552246967
646640325
273288133
228270411
249630577
447879824
237137741
163631261
173844535
179735918
303045672
439373091
243164165
267893591
265569047
209475077
171329731
256280565
243247650
129246378
361641722
105722878
362385249
177582845
357695661
124584375
212316621
121558099
397685826
313315894
331188169
349326782
490747730
421275853
261848695
312092237
279380214
273208131
244988281
427858749
316460645
301193377
392455949
130952432
268714634
237910516
251405590
265590339
233555995
183222196
518892337
225481502
290223990
234734953
493533379
267892800
106636557
296189464
297594631
180284954
367741038
366225129
519853640
425210119
165712595
236348367
392501299
322166347
9703703
464414358
245577397
343084468
450887463
204414510
485192127
235701317
366943389
245112210
135074869
374029820
212690301
591048697
508785244
198391907
311211005
194160490
415970744
337043098
112829683
272728868
293412757
119971377
137289042
270553120
170932606
181339815
279500341
295716052
177247820
178828109
91837421
336700720
350705220
336206466
415478973
297248611
340281446
263216148
256676155
212806366
177569502
322800023
377481184
269927934
278481410
132566194
282819668
169133711
239362655
280329194
147377045
184145584
503751138
126408640
131283165
354603559
280691123
195314169
213241831
301726788
383411390
197896952
363316998
188136347
276901413
169902469
447909082
478569867
272263763
137988655
355366782
392125480
308630968
219582244
142250853
298084355
120010171
370717193
168440741
167668607
556485718
221006350
223587739
215267400
176990366
353900913
206255404
336164368
558961055
258372621
285325612
580360428
136791897
355911705
477936289
449583931
262746631
127230678
221473896
246001328
227313311
251039767
90466103
294066661
162212425
227572389
416727178
278288465
287827011
252816953
371186825
343118151
343709928
199853350
282503955
380965686
496558822
382114290
230297134
448386903
82632755
149226316
148474146
295912321
373158200
64664641
240863714
196432488
170288109
310299238
293102620
420194963
368752784
256117896
421751444
330488410
282103174
263094708
197388187
286805204
212020326
213095233
440366663
204329262
290484144
133571839
375434239
212856870
312033685
297036624
476161288
333816892
168767409
222286953
501896128
408353238
360517548
299121604
437462578
205309629
222136110
253990623
204647592
263315797
198110517
331368455
631806070
258714333
158390174
297685680
216497241
215943742
331875060
405115777
142337968
222699667
215250658
378770775
223408140
296444857
371508843
259195491
139038833
158341126
293591663
314374433
262141337
447933853
363790466
231294822
223218156
302691386
308963115
171207058
234119118
258772464
220528798
240611327
213585400
157477684
361359819
192841184
436659002
189499244
368578092
412054218
162784671
146103745
100879650
190954578
498778296
277001733
230626017
486195264
278871550
137738306
254902812
445398904
393453372
204974493
355032438
262320310
170670853
177780452
256834147
254189837
169457127
329502285
405876848
208051225
370020919
198263098
163731946
255330927
159972093
562045259
307442958
221029553
102648083
347759058
176066104
478844523
522582556
266990413
150700453
549293073
458767816
281976109
138303443
729404295
452263614
125798342
421123243
189267474
122448172
514117528
306472299
375329278
487595546
128373584
488309858
280668152
304186989
464869493
172276488
418943520
125942228
182221593
199453371
182695428
212735550
163153341
480492146
610105732
353341588
418287766
241324163
362044092
521696972
406248421
232765903
196532651
378305892
117721221
260751639
177144080
238033951
588477675
328153774
227670063
290728614
164802604
142188170
564428341
245499746
316949719
302426523
327703381
381748439
146605604
228033589
379683812
206392459
500386389
29801662
245431671
187793300
139195620
376694147
158798073
337351228
423172827
265521281
158803393
209242029
147824034
206171855
419281549
309175575
319256942
253686620
112145705
424742277
326084357
154895707
411733394
360866370
200681263
210986342
161750155
220206704
230229677
247201927
229427115
167357996
340354069
358970552
315711942
354518049
245168799
218705737
281815787
631504228
172453647
149516278
188719829
199179065
181622244
417017187
200002017
244512047
351932120
168609358
292752073
430431185
260561696
503608015
361678026
284370179
180606643
271670675
231001476
293575293
421590767
380155679
240603910
224429441
173037662
191484518
445460568
55002354
263136876
140216889
452205717
261002071
208625266
175494743
92348807
454938935
399416387
175517271
154748240
257895067
250672859
176868897
405915521
262308797
176101082
327472855
457836832
123713449
171100195
132864302
112718581
335156040
259887125
233121548
324551466
360149220
203845119
72671350
363822743
88490462
281727255
284521373
355399317
353023810
456681170
210942402
236103116
294312392
261725050
368747656
530358431
353195551
294764825
178945370
244197736
329572366
229470455
330054836
287802425
221276697
264913688
214295585
329193175
250812739
359304680
530070185
367804072
632784444
258253915
496094204
247309434
360433612
195788044
326077952
334045329
268481529
240013325
108026958
96110539
154222545
463573225
308255602
127042357
369262452
290602669
155371476
207475780
559640204
357195421
325580912
257806221
535453677
397795029
236752934
291686530
289147693
602970095
524405010
361814269
299074365
376855803
153188474
166694190
206234478
303100929
374425374
444473959
313123643
319368145
231655095
311614358
407409383
257890744
129927921
94864052
290213720
249668628
357139640
460368302
549456055
488392630
259362162
251460941
446200334
374651631
126442539
305770417
399167492
296977451
400815113
421715424
504718037
363522570
193121419
233098382
391230751
179575278
267620089
115402976
262613808
168042778
218752475
325965937
281667068
117547111
76491446
566629833
304277907
218264775
192180187
260044690
296948010
282456575
187550186
458462900
323386223
323976543
269104292
365624370
304772914
226253434
331367245
361352375
175079379
250070074
293904752
102627564
772886925
204066709
194349089
244534064
298386011
324015814
408327175
488676513
388140695
136227879
340556650
151448410
211381554
572081918
200274642
302767212
473790797
217350528
259162610
148837590
240424708
594467994
263145987
167836170
438588595
555736310
378807261
198561402
113446273
273625463
526631048
305085747
266290882
685433744
430101839
146349942
419617219
229497649
199034984
218461060
239435637
82685124
278702657
393360010
203098526
285957584
308129086
236623418
218179555
458171024
181215807
366738237
249164937
420761633
349768730
229921510
286124771
383266733
414556274
184710329
233459302
369163622
246454337
158637082
139292350
461363799
231773954
236773557
397486006
153102842
189587441
272108010
255618786
217845926
269575172
226172224
423443004
110254745
221906099
306303188
174945889
191908347
337789273
204176546
203220204
430794471
412711306
195065334
430370933
260991324
135777034
166401045
207452914
409944417
447951050
329043642
298010476
202430322
349995366
240721946
96023893
281993347
236866858
362470948
212860134
377616677
140872589
320756481
255271880
340963881
339201685
283249895
325755203
207616442
365372185
264075070
254295361
358311635
473260845
270538932
147296347
71813744
218747123
194367296
156600034
201599265
175253280
113089652
222706935
215714519
215795893
224598704
400782430
193532236
544059851
268174447
360420756
385634176
157585960
468612590
142679284
217183974
265964951
215913812
245388457
189835448
252599324
224080973
294846923
339422807
144914343
313607730
421806692
317051819
162178481
372081838
675956567
175095814
455403778
370930802
371520128
421428992
465187470
271453752
66287126
208663214
345484645
164007357
138097483
423491370
173879017
143810206
238291768
365834428
324087234
180805212
393700358
293911046
508676560
198749400
543364086
567254066
181706012
351173042
258215104
198157895
213436808
194788410
112555778
317669417
139391156
214432682
405062871
161437523
323375050
244484936
281880573
131350822
233664649
90001472
414444154
251012935
329935384
529317518
272725213
408078293
227096730
178630294
127133478
115858231
235508421
380850666
461924213
491198875
147424193
198702776
425144343
203666459
408609677
343597866
245489938
295811854
305366712
126510897
530687601
302185242
195519247
181087389
123456581
280689887
430858179
269045217
396922399
256428202
117919769
225640240
116779184
105119685
409031284
259647651
442571144
254017304
223733192
131575038
376619072
449536313
502158658
241148033
328849936
223724978
565851007
448364062
322778588
273389302
306678657
331787116
191247205
545404949
188528802
118837838
248353960
186509484
356560118
324111685
179831879
309516156
288896022
158483885
228626823
190227852
237804923
689215067
576243203
253866587
410066068
523154498
257709899
159569775
323160169
305085470
199491691
360243067
97426108
314405267
403465009
277283835
400423253
286574580
157737848
238038459
268249399
356367985
199384558
378297288
370276864
384044358
208258352
481669991
227210319
178625223
253174158
195245234
326649771
340722111
290739432
248834482
410157261
282520615
290907670
200530108
443986685
266630905
458627930
313818530
429656314
600117880
323196488
263573294
282759982
223923311
204144806
359703238
223166801
522022472
298725662
270072545
387708707
461390066
436093383
334029521
233520696
222574518
192851993
251349172
153652526
315526692
286540275
165138824
174692697
189516569
290824841
156980981
226739204
492964432
272421644
267147068
418934338
389916604
227663837
261210786
223979986
83249245
154145998
328700525
399783479
208215547
351191148
252983269
336788752
194526426
350486181
316707679
511851865
219540506
257800710
192919273
708914591
583622056
190449118
121405622
128201411
260161977
444547695
334416502
241321717
162301399
435651469
156411683
227374613
123027630
425549103
307165580
491796828
166137359
492977478
290005457
171356197
122580626
515550677
214091719
546603010
49761408
250687355
298535589
260854758
117460544
343403187
380196974
324501378
244813656
151790343
148903555
161040652
159873386
310999690
334453420
404430975
211534388
168081494
264072688
458500179
170596961
96273558
237388484
314995664
297858666
284602286
251499467
299138853
259254551
69658923
173371185
140284150
344899850
375170739
456655332
412644405
229299176
403023554
295972094
374167775
246519706
266152080
228730244
79064883
342249673
167904519
206264393
306080333
356145970
309378565
517876703
115456039
338002551
193046196
305633729
95191048
169462714
248400711
212823924
315101451
322741911
519017443
285061197
357167164
323647978
441942603
210661342
214350722
308933326
411649151
225116645
295173912
158923607
214073265
131979898
398580002
240145644
213501526
454878302
358573974
107916366
570566134
414039643
271803189
449520527
186389270
278514483
190422410
200813726
176275130
261048391
407688135
842357151
309232326
223394023
285126245
197264262
233571827
241447991
164912860
462490956
287832713
274622645
201148608
391090703
240240428
147596405
146573621
197505273
331791158
190680859
464839558
508946858
104939576
340064052
215499130
74533915
202420231
463805853
266773483
198262711
485938297
228152277
223701896
117025510
297417124
183909229
732469993
304566249
514062531
437893090
307342163
400582871
296287456
32176605
149757723
161604925
219409283
203057504
244978092
206699110
228326611
356962950
208676872
242655723
260334450
85629830
281769630
419058378
402237905
173575040
208101354
300498983
360591275
608899505
300217317
737414974
195495897
489581497
222705662
477096293
391342036
245127744
235368469
164893471
233553494
201345131
284890906
515902868
404556033
279198148
887583953
272704618
278292016
223071345
362533563
329713190
343618930
206476051
259139077
456431396
438620789
257500586
158003463
247658092
502889559
258534579
253649899
320842852
157530006
447302554
203843390
241432768
440468026
365600933
175108095
501150125
269797970
244767148
512258713
161262895
303832052
298993969
438669099
486238328
148305425
79969070
412839899
226274792
95337875
107910150
167551599
473557233
305562329
321459850
259460435
234960722
245570790
266841670
174086235
277750811
529655477
385283808
89557042
334548838
217353495
373279779
160498428
493833169
359542033
272162471
311079240
176433037
86086457
126474350
238964267
263089547
141921349
221872581
351786671
303843895
214487304
289742167
322578587
173994056
355711734
299622878
233953393
203130537
122859110
360031029
293186733
404828777
232727677
313998816
126438749
225143681
282901033
316752242
250355875
248243353
130889551
345990969
406216848
230719798
193177028
214581501
146496731
161277751
347351157
308862908
479806291
178997518
354190747
186892013
340024483
373696195
363373591
336147554
173088147
295522361
164340025
354415975
362113093
215012436
297500661
252396055
589177198
338877754
214879714
324808826
288872405
156264423
394663348
280313329
407854803
312270451
260814766
270693423
109600903
412585401
321360728
124706212
201996404
220275310
532216775
241565727
187239691
332998201
368974188
304655620
202409359
309821587
389061034
263793117
352124061
115076878
551516126
268994836
125905845
315086081
533427819
387207521
132129254
266134338
228058022
561503233
302039187
173755907
132035586
378216968
302111848
329449402
147605360
206213926
117712642
355550453
231431539
322170749
220725731
378397842
193745834
260966036
241594055
195720212
138724777
201080213
215965002
309160475
198980383
172951762
347843501
217082801
115463282
244941607
265517717
414059491
253382059
252359388
131234676
174498848
140572724
225520338
250058609
318516607
294312718
198784549
377267400
105159578
278457880
265951428
208307014
662337720
312551926
296144411
377898626
380729671
231920347
455549381
221682877
262733979
232476386
271959374
424250393
318502630
533705640
362395744
203231714
320844339
197519517
247171103
248171364
164725439
255239102
160906060
423115783
441067985
364939721
392265496
200219014
274376838
310072597
250510654
334074267
156001269
297412488
240943609
465774720
245036021
424654747
153752213
395805067
186832912
339782285
169819077
431609042
295052782
155215052
494626225
390473928
315505921
192256508
190311925
160636667
134401331
303722115
158894583
317780905
195650131
163702703
141969305
181888613
418757456
156409638
303262513
241468959
355547690
257034021
190720379
247981234
303606739
304273480
274827425
89408409
159707783
216918381
529438429
267229924
200264160
223977267
434570712
207677310
367721851
112683826
182276155
228005067
291034328
186839400
281390086
115114415
274501602
163670008
147925967
264458049
244010908
409792799
235823781
361707340
236549906
207010829
308389740
374295490
288938373
323941165
443203179
392877812
229420898
282829393
238445061
347274826
185350102
166404445
262844739
155148898
261220461
107216480
170834864
250431870
410882259
231731386
436968922
199616167
329065387
414984677
219551537
441043190
393058836
140551329
160552003
187220607
112041489
252344156
354741434
559044658
101932237
333051536
219182329
191485044
405006520
272671085
79113035
257739503
337521692
370077354
302164849
413669771
253545006
165027225
407571458
165720868
369421290
314948333
155311360
230665182
183840799
127185105
319768157
251932282
228707343
472682324
352317521
276396132
326116285
127503193
582515588
145988425
344918153
219237195
202202919
312946619
418905988
299692363
259769728
404057383
341531140
316935924
311140547
103680126
282695955
232848827
341161952
322987724
554244869
269257828
222562603
280901125
72689413
143843748
140115045
192220405
289654663
607603479
289012243
348204918
686429086
216067653
316098884
176853543
335592807
277053748
254622440
452065611
194473676
467428182
152254908
429455353
496144407
274234426
545207945
191865427
194630448
267236681
179828333
372201606
300732535
315830358
395471486
267123460
204164807
339124817
393564801
343668047
216212812
229493702
173707281
177093771
347077402
290605696
288276517
210277661
107270761
423836459
261173888
589938234
305207409
40190863
70158092
251887699
189892074
430675572
380067800
246378029
231805171
328554544
166241098
391331871
404790391
297084206
246174872
150281131
328765915
175489716
160250649
143455493
190748170
9361319
363879386
257776197
277900630
396690053
468335139
330715155
214170280
548276566
387662881
424259111
256723052
160795649
352290618
157265272
416524355
211277866
257785475
166345312
477523934
194811780
210984577
391280843
477840133
213458935
208903761
278254045
118874979
443026144
618436683
267904610
424654524
481793182
393594277
236143551
504281636
84805259
384659311
335042017
148610723
474819317
155387399
162011635
146865271
120971524
394024814
350622188
414657094
286778355
276109229
221882342
64847786
530453457
312959458
299829750
290488852
373473835
343015858
383293748
356377555
207926229
397594498
380387987
541576337
174722543
340789195
273368388
193163427
339342641
392966624
136429909
624735686
99383042
532186867
252944594
145672755
257827313
371261634
270522010
269647925
216883231
472738009
414155637
351643017
432815334
505538010
250491112
450981830
286484755
133211105
243328445
486007653
326639669
169152087
211891120
259496360
232689095
314096120
203897869
201716593
317778967
208254997
580913411
203841888
426576564
626271509
275413880
394867193
310194818
199539222
285134149
369998234
533993807
280484153
184615752
264630668
313395910
290730090
132815333
201246323
442335301
512931242
524553949
169614919
729391027
423972076
302426630
437591047
231274445
337451251
256277797
66420931
231019663
156851083
143453285
327007504
492143654
229970535
125681573
203514193
302157621
256025997
439878651
366060451
138724760
278106389
159637688
547599021
261724982
251562802
135406800
304947194
261588291
415799692
325232548
308928986
584808139
126155031
177055298
253979552
147482964
430924561
251424695
349831770
305566167
172986683
212971929
419396306
393774057
286894270
194482464
463344498
235960188
424716284
417437003
250795770
486843079
318105010
196799649
356955821
263381723
314190113
265498736
224910601
375286623
453222321
192761043
172187575
212095819
346682606
508640878
574168631
172915481
149518946
605092009
365907523
201078895
267146966
159000743
455608669
321176729
162943158
200366155
217944647
270387750
385220920
188043927
440871598
185899024
359588009
529617929
482572911
418389566
313627102
268243589
62562548
318389474
356907846
502778490
621809549
505920248
291499053
485059797
288910572
279760322
204950465
291458834
196960271
352734623
290432505
250692919
479246273
356082877
293119109
86102042
233672420
245454990
369377094
402603616
41039809
203109576
373939613
364573194
240628739
300951471
240572366
297253460
249572394
296595540
253989452
274696522
154199833
291908110
409277389
49610845
279135672
238877017
226331530
459216815
258291046
154465534
492938523
167827531
161236506
436355163
272578971
206138522
424902944
420613550
570119028
299758664
148412854
105858336
236807855
256104722
166562569
341557646
114065387
151626983
345425852
272933228
221479727
241611833
304927230
228691147
307548614
161791913
413178400
198498978
470911962
227936652
265228382
613508333
188650066
191264609
277318838
360222439
278988292
228824397
571494800
358225067
240380100
633385441
290705649
393212965
335445639
251416624
144562144
189726575
161320697
324175344
266960434
754055918
160205801
168582337
228191479
379255994
452076133
224531738
247508452
307222003
256161512
264446036
245746096
598780696
665282381
307431810
230979472
334672755
242564303
111606982
197576299
71857888
353123130
142496289
263797267
308877388
93078442
138904208
325917599
187093079
221675153
115006937
324782073
273034228
179380132
157821208
224695962
263855774
162487107
235483763
188559717
143482020
193572653
141729455
524637867
194446586
325068989
171087196
70242683
290113501
253058658
348026097
276396674
179347202
581332711
296130974
419810898
444423975
264211214
245125529
213226827
369696549
265347066
322615490
245369279
204134279
421146365
495410244
447259443
235374254
115785431
137880833
278230910
95467414
101670243
218364037
352824081
340324414
122408102
535351882
354350089
420873284
304878301
445569200
169453018
228650132
131508770
798471528
450447501
295191973
143892165
411737124
419300367
146508713
257818147
112990399
197253752
139827232
214027644
142050501
436019396
380258898
104303534
274368967
227021698
214757863
229199259
196307059
551919087
165357339
192391000
324346394
244746298
186211442
192211701
332473028
225041471
268880774
190623304
332763126
581483555
473832194
422160415
364823084
236949089
300250863
344530549
448201844
605547652
461308771
264967497
102667978
361340022
475353434
225177142
279637242
404528611
143417805
164107808
475375605
256299088
172291097
396550287
436340338
292065442
432491795
347982599
471383788
558193293
288286907
267928189
143150167
338247712
115042088
250882181
247726420
470913882
188380765
343507727
397697536
307787571
361316259
238024716
170982177
204399205
257147234
363402607
293668691
243493296
242143598
163103737
634401025
370537329
228862987
362683036
318944035
417512500
492958987
469331847
153009940
174087258
343910510
235961342
320570109
287019305
477378669
270087338
126551634
336315657
280199038
186156119
530887101
154964642
186678031
522145444
311705167
104616747
138803123
206122133
287874827
362033669
252932679
261028998
212746672
289511032
153282098
337232328
281524475
136021534
598858821
338443724
463253561
278548681
584663786
272848000
187319562
429029913
200477891
177151814
451065477
268343691
224159892
408725472
343865477
345070033
433140536
148773377
184051780
97275994
340340871
598769673
319777235
489670624
111639644
230756610
664527067
328262936
253335021
239227928
249452201
279220043
157146138
220137714
194690634
477391344
197257933
346125914
200993879
196279296
772548348
236909319
206236892
453504165
221270841
259930401
392732272
183196740
401558978
305206410
249692970
598546326
425377246
194320316
417022451
296935120
474543241
167742706
207013869
400861190
211439641
384126106
161153947
247021278
119941256
231191359
457623715
249769730
361024102
215502645
179671288
105215961
231268582
321535813
406588485
250583454
304972669
351659820
138962296
133972549
159225367
159536119
170510149
336776611
307816986
176013234
220672127
376271755
254372933
108615326
214447288
272952709
301778855
338491152
112644712
125979732
314902248
158692967
109016019
302365657
273160420
401889458
203002286
285509690
283298200
286347196
378789703
360450443
273075339
479283169
505738561
333217063
284864591
239813311
99801496
218408320
244547604
233071314
141936177
255272794
306758956
541032179
184566556
372563162
234695800
321386011
168729970
198277306
314855526
262704620
218085204
539584144
227277166
205615047
166152142
174620036
183380582
344356911
269183150
225975649
269040376
517509086
237167811
414047274
369432024
433993048
294781149
445764327
468748474
84240332
382884188
430222967
201943267
489981720
266625896
423153258
288063038
292360376
263246654
238687901
352632666
225891074
281138504
590404081
530578464
543992954
253495872
352811154
517194457
237724685
316961576
187577920
318163978
242112739
201863882
267674924
508381382
139621796
250274943
355892221
506292949
198999363
98636803
271501339
344526302
440881392
321351765
207817212
228937569
182870286
127869294
629378766
220491304
218571903
417043282
199044273
211756124
147786394
235465300
231002238
296713303
191956392
350386416
372670711
352224113
175846360
231011349
193673673
150218639
499251760
153375007
217535088
178423480
221988921
208760810
278767782
139877294
101878364
244785354
614390340
257084464
202725845
129639685
255054544
419388144
207154146
250855022
230299443
309326428
181611500
388892690
235094119
505023461
258567774
338410222
285844479
548861244
288972206
319140938
192494249
264784338
152764551
146463528
272301726
373378414
362331822
213588734
468788797
202421027
253281452
264807662
187753822
331236858
384389571
338390889
418040929
447946107
300382748
584891777
362260737
394681474
383260801
248029619
301405863
200014935
190455689
101595464
244741666
379844638
165539784
628050692
172046780
341360409
192722913
474978781
212855107
423349093
576248511
512112861
229779710
220693849
175659763
255146538
298296298
260440761
290466425
259447899
291586455
310842332
46088087
494725464
400850654
316304513
163456808
483213910
356061345
284671651
192574465
646254106
265347660
177566402
345829936
120918584
215898117
108233381
340724983
197688782
544380224
130336249
548364515
557144069
173796547
201552899
220029313
176705966
161687512
416910548
248127339
358332400
249950139
245071409
193387066
142955841
205616989
296711570
268027392
217167719
179105364
265603188
469330481
602331315
583197693
219652927
385696722
440539060
279802228
273602722
398262812
522469158
356881173
183253007
310888986
251672741
223420816
804088080
310141686
292571007
213792478
255164021
134938959
301469497
345605477
361013283
141439573
254749998
306716795
286359563
246595930
323061600
393004436
299407936
184348375
136922239
363068576
177156836
188590966
270062534
169445780
164452261
249268535
247375128
354017064
336613758
160411479
177047054
204456199
235142472
239027950
589577540
174649652
403187169
314641139
240827658
265440786
241574253
362532788
575796532
446005497
164034663
273289314
290437089
365757672
297827709
247093137
252950640
369462377
543596917
184182072
555500736
315017133
378385856
370360388
458831029
212953990
307851164
364660693
115198720
132190913
282737684
312243925
295734605
384306437
76966778
363680169
272232686
131196333
219371159
242969457
193428345
353719929
182325119
248369558
310878757
242590381
373730500
277425026
548961450
336527045
308531389
552629209
197006580
218073630
299505157
198361651
180998243
100523356
254996247
413701038
454380854
275814129
382451888
308224152
241205712
122801341
318288719
257676264
411915911
222777970
325166650
491821405
128154794
150932842
237329901
480749005
206952063
196316614
357378364
349813165
660665124
324410258
142363263
639215173
449169834
309611888
121673925
245268798
128817785
271908068
280866505
310031421
517190833
284167172
247573375
430697705
138028643
289913854
239227039
480857635
292202401
269120209
407153304
397391782
549090518
343603579
273202497
210613481
241554097
514672909
118615643
301706990
206566895
216202184
322412174
343613829
426314049
249218597
187637089
243037316
494574362
131956560
259981357
236316813
368167601
334455567
413811102
185801333
157796054
205513459
305390874
193071155
325476087
487415121
169861803
238822949
142889742
480082562
234344312
269896197
215972151
247790976
283373180
159864087
359579109
444742198
313747296
416931816
365132763
358982221
247214702
536511294
686305817
227953373
228829140
255053094
502439411
255273505
391424178
225210369
359453479
370486625
255221293
238650584
332648150
273550488
187650611
701170717
361208671
166984139
427358815
227162550
189870642
318078336
153781691
400057431
206693558
249631085
438442027
311193179
162512712
243428164
352454798
371092594
392112542
260871657
127959606
381894651
351408571
147234983
400560266
210184572
277981447
218884745
389602151
119177492
167456688
145260145
215236901
648194222
412206790
104470404
146229880
159385762
237060803
431957414
222295097
237777547
222480781
371381514
448720798
260982684
88569831
339378272
287073871
399000333
196828565
169016829
375929742
166875479
137146394
151258042
168343695
298376532
176855425
249378681
423173453
77977201
294685731
234417916
213606730
281208550
277353043
535776498
281305759
398817102
237379418
531518412
375241956
403976713
298378046
220175229
297545158
393631097
426176645
351864794
178527840
261551179
260080835
153543434
96299356
215516064
244801900
473335235
119418012
160281359
470624449
406627880
265486394
116922537
456396860
264635381
293962128
262549955
277693192
228048495
87825527
571470343
141380034
202624517
242241485
199164408
98873413
420512352
248584352
514891818
417207261
380360761
246464232
124735390
215437903
181708898
280470211
522430737
297605973
275350406
310351318
246356255
287327343
127048979
493011080
241422656
117836557
229519543
276306423
321839856
449237277
404590294
231741882
288206132
242052344
254769375
122264808
223964504
200144411
573960792
416430850
232047969
315829342
239842862
138086268
236451117
375659183
507187254
244929980
362627209
147673474
371402981
419161270
267857394
301198785
304469205
440066714
222931975
291676015
379664499
365347161
369827918
170074734
235887587
408239942
172448290
344981954
263658720
170556910
287911593
149255678
160005616
466682193
541043511
171822090
333495964
296481768
768638592
382276124
184984254
136324252
190442938
488058024
92095103
223045776
316890334
319655571
214158830
163673382
383674699
379238801
275520416
180070031
425756603
169042501
281320167
278748467
114751156
370591868
237380278
264220440
147945438
376610123
329298714
330179754
234918331
221299021
242451537
670111277
227264665
121205309
313882884
325268630
573777600
350282569
167188348
184236278
261927633
308469892
222968810
309741010
227332745
500284561
304904879
210937071
490793776
313742479
135248929
534456506
188313647
140477726
374452366
143206928
553755385
158833846
267060575
419834090
308330321
361624070
125995831
274588385
267106233
87811893
433697539
179210601
430720450
346778975
148460163
183174479
263541266
361241729
279888548
269748471
713305079
499970182
690128157
141483379
300435676
209809104
112611959
319329626
466154659
295645100
279080496
141914918
442161206
248806170
376907655
488469005
234005195
114045646
301428225
440527242
86414365
275555983
282140387
84331539
427161727
74386129
360564982
248375400
314620652
247623480
536235758
388098389
558899573
178097666
240687846
314886439
141484337
359625666
93161149
342845963
434378013
356798074
347704029
385806894
511014451
326679133
271573737
182688902
346065473
236121494
309360483
140652088
372830562
225241847
215086232
565381894
259571890
226238344
296568227
116889100
138317084
136455596
395147510
292767709
474356649
202059191
352747800
338407803
105013393
165964996
297798836
252913632
187078838
279030415
255896415
204678506
236114186
156493857
337506653
268014624
331792363
392734512
272617615
247257107
240938146
145078712
81684719
360529448
236060215
278989404
64434155
205538316
296314914
146220023
127061304
241798668
426600545
262401782
420737994
329539770
100847243
165077469
145441581
360013571
300069996
227716750
225453550
255122220
399184252
510009625
152467097
151251316
272770324
464398308
221566358
210566512
136125085
433724409
331886425
363439052
109107301
492723163
207703285
212584520
499632547
149651794
171484343
318630588
170841380
366623737
416956524
291160403
130382894
334945476
281117293
216930286
107458403
274770547
198064504
448722079
164722832
156676937
337508924
364891591
276986023
224386472
321401362
300575567
566972245
513189325
217383279
191054047
296069664
431488977
295342401
423086128
410724276
86564705
436000933
546625326
236558858
501047203
241667740
178265449
344950766
425338119
159232812
547118838
212635139
196576261
328740660
351285680
238791751
227934277
264884938
297067030
491638992
340639171
231003468
296159289
224649826
613832933
276164241
213107785
322065789
434465974
457884795
263760160
540868651
89017787
117531512
201374047
366320817
153329286
391349213
153900232
165016995
252593439
266411399
231022071
339348748
131660130
314706212
436936631
344763363
638060489
171350055
295620622
254247213
324888446
328843030
161221293
358127093
86132901
474792977
221919329
269958304
219577889
196460748
306903050
223630948
215282056
364988389
301951985
339333484
205187756
366908867
382459607
212773513
183440132
484299923
133459723
157295041
142175965
347896505
272746085
181871465
637704593
355749475
267766569
159667135
58134791
171132797
263308698
266577170
233791825
210272015
205355250
253741924
343389716
373742057
134006341
223478291
431018613
317522855
237955696
258242862
209831509
485596413
247371582
234055625
138357717
245229642
125493330
176225081
265862281
472538623
607641244
149353136
188955505
204419288
190749117
302252534
308534335
493830241
213583928
321646176
439880925
119132362
331999659
327371401
183984816
222532253
294626813
387548719
296391197
300989296
604538950
232344593
252828838
337265776
261667385
498768804
248770462
463378569
212303891
412702590
233561960
417982973
263374590
367943169
348662330
227874900
101950447
245318279
167721263
355238603
238073834
282761242
377116257
146602600
265251851
349926392
319176748
213777190
56592687
369731113
265005678
473269564
465697495
140941956
252394943
309033936
285787726
243666730
215790282
223449838
169825176
426676122
163472356
275363723
222617108
257328851
244462286
469605008
279334607
453154846
441280525
419850773
333272126
385250030
318250367
357885465
289935901
166572156
365528967
184658691
194031664
174161005
499372244
136495226
213179998
578316507
266485486
170241704
238646044
232953108
133958615
653897861
160191720
523319972
291371291
444409393
231564623
263358614
529971331
121582727
340024792
355076831
260249271
197251701
487106184
159745750
364724144
289723235
210850576
149646391
322803095
150677153
409572802
245231870
158945060
273580268
173785234
625359220
468378606
269660798
300458156
276853401
279242528
469957218
303737825
523117987
259483036
414573709
256729142
399107810
538660104
481682531
400149185
140540180
292890342
163398939
268195890
334726047
285838195
341292631
235650624
202380833
97178451
191184764
182950959
192536700
296226108
523833171
331603808
334854781
184467219
301686506
71586110
213362180
285935616
246162420
454746264
166535045
385892595
321979955
420982929
398699645
218551640
190053602
323431332
182053140
366984220
132947589
156489417
309900452
175536117
238023927
540528136
265974339
345763849
289609564
229899503
187128965
209661420
272194801
363741449
245094017
238713378
186839646
109293873
592217282
244032045
422996289
428218299
202023747
437840947
424210420
162408406
739673236
117772057
605579767
290026345
247907047
235670404
378717340
215422540
212079209
199704452
273825462
350828666
222253273
477467095
194481674
201031317
178465517
60271986
339551975
241524577
155319410
168610949
265213829
91200968
547416092
289052422
202045212
527161071
452844977
248740664
174601557
311617986
466008472
222646499
241239488
190099772
294749155
208551143
666059418
305826863
63278454
348204661
371333773
406131718
468797058
405016958
483236869
246751567
228029268
170849114
296961384
354842693
267012646
192841622
216739767
473255026
436876601
366168429
336988613
111111465
338863044
245784508
356102549
141516324
253006171
250905308
292722415
140450045
249996433
316371505
136084100
256188247
185822109
66855881
453148377
223004201
138145173
226252251
269727624
270866950
459856226
228897997
188511956
337415876
428997910
221699131
354395839
179351684
504677747
299440338
294026284
479174384
290678811
425161985
307304436
359429423
365129574
173283587
278179508
317945789
186566185
89294725
66507891
145977696
141932529
374179881
329940329
248379580
60697811
209557363
160003550
169442162
376273303
231778608
355117199
504474957
462867443
479144437
244159298
233950418
234770919
258862247
189450817
334864568
134771809
283521507
157382112
110886276
259475564
645582277
269348695
249390578
314727442
84357198
357889721
314555476
183665606
288800574
182112648
176338517
326789576
77152718
233695791
479207688
378486957
339061493
489164075
508317104
236227261
233137190
551220643
537084611
338213992
278119440
282206241
275348854
426922162
380630417
233412197
279732211
471678814
369023962
223793117
431241516
358871838
423025280
261022228
472483693
391913036
278317847
506763373
296017635
477842655
148939130
206828904
335243348
180491560
211590077
215506160
464177221
269740463
211361464
163488115
134198762
408887094
336316247
140397617
357223394
437322131
199344353
395329756
221308305
305365861
368307936
180402959
255872760
523719262
318701219
356553442
305775061
193632419
123620577
437473960
192530703
184338195
443458452
418754342
266262959
200734796
237313899
253645176
181569311
313598259
277253568
225556479
280248215
536574238
426477971
330266740
191865421
363751720
273668102
208396127
351466062
197313049
182547563
255790947
194738578
229414427
155482602
557271345
325381540
161735854
326903871
388214535
229475802
301146078
397484276
133604043
256572061
235847958
209957017
107152174
303136091
315059776
363161154
342161413
187946463
531343574
373782148
288995536
223487243
345178708
173880497
136315049
327447016
312288009
195897076
188818663
186474594
285836427
296727045
107051803
230827259
526361881
173496412
277795365
291035839
70102800
428399361
260946307
96978563
241314259
258357662
473559452
226881399
321664765
400594516
204123993
219746921
599839989
297937372
449306303
150921187
485444960
316986469
466147861
138111513
431245508
773073199
258192141
223677179
182546821
289608257
166757293
153702719
267303186
303830309
139388115
532317339
234935397
418131377
274588980
247737497
133301462
198915571
421673611
287146841
65023771
194698421
495928090
463528136
54042476
216803790
381641493
211581730
182894125
348544995
203924299
213563366
262654603
396223352
525058368
323085034
147248907
144473032
253027585
134657376
257725454
153369242
247056060
481688691
296285775
431337455
345733556
260034434
162416449
315368010
299226252
290108627
585954133
294409620
336096214
263012233
263321356
94234916
214052885
111520860
288824342
326301804
173625351
187853149
477929019
261613468
242617614
139010042
395183318
156664043
365255971
429754940
189169835
263366138
364869412
165436627
338937254
281990754
240887166
322605563
239405589
281453371
245322761
461841467
284721529
281839106
120631356
124298866
315044438
220564275
212048642
277860707
483652904
198205472
262926451
672214097
321415069
668494515
213981553
217231858
400681173
283491357
163903861
248146183
301009394
273125460
251224436
315623577
401421258
418951143
363746580
168493702
231827684
456676592
385535583
266578901
363196619
265823740
457178409
399939696
393046729
310369257
507541665
354615766
234855428
240303918
356052303
464985256
284936746
282803095
364434274
174543113
267666718
333466465
171100761
297976679
696132817
387440485
296186547
81948427
330980914
268290868
575981498
235158868
294609531
162088534
230573676
261333708
469967927
138303496
232416203
169344661
350202404
388694123
291673947
206845647
352794626
464911776
521957998
360834273
117179244
299235521
313128607
148042881
253094746
173719020
559870663
346027972
340884856
461595413
142208576
289877898
239743776
418274100
450670232
518862086
111127926
159854450
377571821
402846210
392337270
204169321
279869015
209350688
470940261
514260311
553004575
348683109
581642316
163989299
295563006
113809004
186386568
287662649
300591679
133732851
262844644
245008669
57622138
248225804
236144779
182748402
170738267
429176585
206153459
243351761
291379079
359378374
205307243
493735512
214557749
198091436
337571667
237946641
176350553
414295736
288820720
165896991
229720323
162239365
179103560
233231862
104631356
161638666
72014774
65910862
188747161
337242223
376893471
478705584
270483289
192942752
151539438
361628170
139959920
127036908
332780405
360185945
247714485
153972255
149631005
186199433
119119605
298134598
309755051
421192242
596735021
101742888
598708598
315165378
343549147
194459602
173582796
141511471
468405246
263738743
654192062
252539246
148782491
110595752
290994324
243522948
261683527
497654437
403287528
430374843
212816215
295610254
320366037
322800873
311985213
302343289
514683333
397762881
456398345
329037840
184902737
328757840
261687510
335992387
184548082
139330359
225135475
145505011
472623587
156513380
400085309
143831385
401305988
165077923
304182404
267707531
333939476
291734640
165277588
262330591
526023138
732352379
250854850
174432410
273181661
141711429
164509156
195617634
330985216
175507489
332405307
535058018
245549503
189175880
176295353
256545727
126650340
84846397
354374641
612582694
301227271
184663154
281316771
222498514
376443011
332682539
350216215
369369420
211614863
316124173
307652624
182585480
368808030
566933836
260406669
160322074
186230629
230746025
353291294
135732000
253319505
156600617
307668571
112570253
494265916
163256943
181431851
419029002
144851946
400294491
406523403
578959442
265748544
301679242
172513539
433709592
171045674
350686142
380536257
375129646
165852060
294907580
195966317
311936832
303730157
186696246
354326998
174342897
212347932
245096363
311658319
299662635
339016397
483219160
140453067
257371902
272947311
227889991
410291697
338997242
155270928
146903065
42839857
169856176
231385815
235920179
147806008
260253334
266423824
148658703
460366131
396864484
726891233
238155647
94699472
86709058
346030104
185957600
271989392
532106107
255188438
247396715
218796716
253481107
176346442
331838357
257001449
205328526
421672148
121625434
283498272
454001883
203702106
230817655
417899303
243108100
313967065
660482144
177936210
268098016
110704058
385091694
432808101
182154418
437080147
157975622
86690155
329115974
578934749
276434602
527003100
383487773
262323425
213946633
302030362
402601506
339829645
192421460
156347725
435167009
308782314
114115657
384398979
171490069
243612619
169513851
363240005
149702855
204623101
179816375
203715952
132949121
263167630
472410487
147504438
358231021
251412528
307144044
479434962
128244360
138750869
177699333
254203370
360582150
222901956
314312080
261051397
281561268
182231468
362361438
190103500
285098315
248773317
149556656
333473957
331984588
222496830
140854940
260775007
160730159
458079708
158888721
155008548
251374484
306263547
245578964
419650059
243889747
192900031
540318567
223192107
157246734
237005429
426244001
437896026
248886254
211823726
418503498
366894956
143901968
297694918
174776384
492386267
395850773
229004583
166987746
380279004
404441738
147948318
119450603
62494556
277066213
674066289
145613388
111597358
376401865
146294585
116653056
298789984
197226330
231184680
169073889
206565661
406704542
425516342
160136924
230930910
291375000
228239131
138914357
341359472
425650922
131065381
282088433
450118710
151527959
365839090
314409953
413966017
160747514
174571976
272684710
276455365
268027811
208220642
208130029
235326452
215831117
327518407
314756963
360247731
251544272
259425940
163566256
235386735
218209949
387208674
240643170
316179935
252214472
291395001
268307510
162785863
119620164
226252286
179080189
79400090
230316546
118296349
397798201
139281264
649075986
191858815
302036773
176294315
594089491
265783526
251987690
245520905
230396515
207611496
200440178
273653977
172310246
167165484
171352353
226792777
274664437
113803161
247140786
163662166
195986016
275749895
340071902
555726809
446803557
409968032
408841364
283579957
281839011
159941700
198828756
111863613
278477954
186868389
272148147
173277181
169343392
429378524
260605630
455675137
213131748
182429585
258149583
80335310
285918804
554715337
182041372
161634744
125395090
197831642
197614566
110867000
296674956
335901508
289547485
382541140
184232659
450086283
192282370
264021182
187298655
313049772
268075442
283360897
187295001
305489906
333411338
267332472
181526380
462106424
291105226
332539638
457121291
409819390
301918828
283186624
186050010
329621747
289818076
375214505
256169581
280033567
339853846
513680267
120846133
340295854
240536409
148974674
227980102
344770079
222295808
297002012
567765590
192136500
392880655
308028429
650594180
241922680
348605935
256540269
112292704
216030529
142466405
183287308
242199098
201344039
628372891
273847919
401038698
207161165
312346001
470911102
254582117
338553163
256771524
204232708
155268700
341007481
236236087
346804851
145790248
201951434
353476570
338911052
315637341
165205452
266532518
351435608
283379438
104617908
423558720
431413563
159266090
331405885
226716801
688390082
159436690
142132047
128519465
167298463
270853056
204550037
260028977
264545045
196563556
302633860
586978370
289167886
500316069
337073424
459689945
217192477
197163312
252177108
288357083
376871842
246986800
442443942
213564225
236539547
259263416
221722934
232305117
225389605
453752016
299800937
293301580
158406227
191204939
363669931
41496547
274455508
366016681
132989877
108728834
344031905
291621576
406814100
222521506
131208798
166908567
232536704
233493490
403685707
194750724
65478999
74014412
152630099
423223354
322098523
278564009
86468757
206985922
325871504
396715354
253850576
35047571
141211830
237112512
300833549
108153333
241166815
209313090
287289619
380020911
425557195
235624397
403656087
520403396
215397005
245575153
284019381
231947749
211255084
157312339
242272711
331959891
248281292
268207200
225118610
176532539
210414686
255893030
381865858
253824089
74725639
151599847
184658162
161307489
148223320
94802088
187664320
240904745
192498451
338635235
155066691
451312333
160468706
202084718
139685696
324452727
282206710
255337650
359744690
567490220
313332070
335454555
146645829
390505294
115102250
326313267
296547049
237753493
420088046
184412366
158250010
255558874
184951112
335375914
218216676
227785618
345381703
244877759
230541070
139704162
382205221
246469851
412175463
532952192
470085526
219364644
258017943
243776342
272579987
153357173
45419740
345513979
365318758
72030648
265640389
353504019
241219815
357546083
120106000
211103203
314861104
179189141
424037370
296504611
98411335
153499780
223165626
230922883
156027031
281749245
298251940
118432386
270455088
379634804
235808345
190053897
299748203
327844968
307754811
275851562
795118353
283449107
180819794
76605874
218720897
368252914
124107373
283761580
147776706
311646482
418199548
245402361
216362120
391307103
320345234
273031388
648877404
133493781
528972287
330664036
203855808
162217881
255174433
326114369
172919948
224707082
274946953
223359474
114007591
214731267
231000323
294236005
216331193
277505732
290945747
213611394
136399520
233350192
472770199
344822908
405231048
102090680
218592319
354938517
289466292
217367577
251595256
256919333
171414706
249814225
332825996
209376925
125262070
286092337
186640088
186424328
149602732
219583280
162742423
190561675
316448462
400392999
439492863
350177030
404945099
207231765
269908850
202866914
272358171
275103117
306317976
143100343
253354201
232357939
346623083
261523349
314583040
477726347
516339725
410906347
218604358
322355266
288449882
416365435
366584925
447807440
312834017
244863465
289664744
279696994
383695364
303953650
231436236
180819376
268038942
441697343
333421932
184144826
352839356
378195610
461748469
147758540
300477252
218878864
267959397
323848495
441435337
304948904
161068551
224800841
153050434
92184366
330163582
194272820
203044350
454760240
374160459
300959090
174651475
225607000
287512319
198776545
308634924
249474599
471279659
327609673
201500373
178960030
383645167
353703790
449181469
315302867
451011476
149324611
152153487
331802157
587706683
211256717
296485081
304404626
258121825
367402212
175622271
247583793
159529194
393054574
253662060
319023255
454739306
307393781
148438660
435931317
144805198
173962388
121177904
423879765
526559444
267645053
462613061
219741533
212208697
112082698
316345248
103269256
125614689
361215353
212230802
293302872
409120637
173820947
101467234
301335158
539142082
163694784
240564200
298434627
254807576
254901023
618110977
364660567
110874595
219915825
268191013
225976477
141240003
151223360
469565838
149655342
189755015
304901672
186091402
107999340
302295731
157459055
309616761
620430271
328750943
167862490
261301646
478890147
344130922
255083636
203259140
251667420
224960362
169532116
208778080
733846103
134019320
240915312
373336232
232129359
464805016
337773796
302653848
177509921
355059499
246598529
282000720
269256646
157830247
271447893
225392060
283480062
543921616
191806419
294105359
208101412
277122486
480162280
377942126
436138512
88631370
381925757
183876367
248356486
130325491
284618113
297562474
173270404
439858342
392170547
129302941
599314057
226076382
190571067
309053955
47038673
420729419
147231529
252786681
355977996
213195425
134121398
254481667
434532329
365715937
365443310
158199509
167937573
219536545
292633333
279271588
265138198
182478270
180202268
228346870
236357345
181006649
349928199
399587227
357471081
306406960
459333481
203708860
289573824
506673622
337919870
132543783
201450067
680942625
359009985
626951479
460535146
204792084
485071496
418629984
417022153
276711497
219317165
340166379
385072030
547680490
203358099
420993043
350010633
151684075
458231706
144904134
325166807
233511186
210311021
269059028
173278638
394865600
389352684
447590140
406795521
191270756
182198959
33874981
359734244
154995558
570435051
498661232
312195920
423018555
270733903
307815073
109461450
345532340
453537476
563441718
192964273
304455187
257181444
220062812
259622409
267775585
301648906
170599232
114564186
298325643
469762335
92179945
188181183
647200001
69275188
241866289
553385518
115899206
229910753
278177856
349169192
355540812
224378687
164023569
118262511
164366571
218419735
224503898
772015454
348211772
115094415
444311017
191792735
127896196
475440878
343697606
355910943
263877070
424184091
342691396
349581478
254638124
196177473
468363547
305961931
367136454
75673717
279379578
180164922
297692037
391204804
116178941
311638929
113248305
217273208
382368623
334770069
219807987
217442778
325713899
222121389
369834884
225193254
366004573
238282841
192677864
257985228
188735474
458183921
136923467
229614226
268346204
398458251
370051110
386903746
441783741
261094240
304441317
253172272
416706289
300672326
226931236
359405545
491860317
489499205
463658777
205215198
278229609
239790032
324997132
458924252
416052903
572456324
505158827
453825438
181811481
256429950
404369189
444321452
372292750
310504820
179381283
257131227
252199475
241197773
219980474
206762362
226466187
210891092
173540551
157464203
108548003
339214684
319361922
127260866
307840194
238487673
125041400
317991728
111014381
285793720
257093645
344044093
85970213
379806245
219746157
153843804
227962162
383090495
354477339
254832619
166376935
249400214
236136773
672921437
415269497
170752068
512304628
352219938
217473435
213244722
512862046
423476248
166707907
264624939
242206560
338516179
537846453
163262258
335013693
443742632
107531697
281063867
485582080
122092116
416870306
349620569
189608486
135220626
298684059
319914416
307802683
90497479
169154957
237550580
340858301
275695123
178982858
362290709
259845756
91141993
177725689
192300712
317628670
210191417
277697872
303184207
256961423
115121921
267263156
306322040
422070586
211335023
230457933
386382555
284977600
213675439
425843647
292343047
167046934
264353119
130479260
408044587
434276225
124671891
234514185
154534076
375104552
157182595
291387483
217465870
189406675
681549233
234592606
221912267
199798081
413806006
293005202
317963128
336101026
219820014
344825441
343095269
145811658
163313410
262496374
373231669
374845987
372904237
207653561
344280776
196787157
342937344
228535175
339858307
347435545
361519764
190643946
181937234
185945426
265028913
201952211
383991481
357451953
366121127
224627070
226719226
249087679
135623461
352035825
255069835
263208415
152732396
387023461
226866882
409761647
366868039
314601676
389718090
92915600
209519749
166780944
234665669
269537471
198912776
252510148
225810895
327033188
453617667
197760879
264053450
288754264
103688431
382281167
106297825
397085709
349249820
304765969
315160497
360423229
310628742
269380788
273101306
207991112
528933053
300583680
332372255
203839131
224888026
336443019
95466049
358222976
161297423
336544978
192396637
192099818
366914979
286691149
331846536
181871068
228432454
337914745
234073976
188144227
137103500
153789985
141848781
502852705
275143911
378952190
347277538
344792286
393296120
187636883
247756703
477061213
236316066
320109088
187506708
315299971
349499193
222804165
102487577
259735910
261492380
380845723
221424383
223133636
108112033
373578610
186800102
237239198
242907046
264837220
502060042
73264023
632333472
264159823
564034152
158492598
299519660
177649177
225458847
157266564
118154793
551686389
179500731
308577177
334624173
440713525
379650897
289263929
179699653
187220404
426782712
444825359
443156649
260982127
299847884
111364691
126472647
152559460
431267660
416479068
443468716
136353520
307801511
148849100
289109711
350634355
292400050
450938833
197524776
605329120
472649971
184651086
255579933
145022568
223063499
259875218
305230687
315328424
201638025
242211294
677599794
283854052
240052448
311464965
492497848
514645097
243460521
193127740
345094455
220585684
424434415
571154607
240303523
196906854
223557599
282976427
355939934
418018290
133443923
136353870
325481259
290386775
198335402
164996186
103569030
366872274
152887302
408806937
487324209
221987702
417300772
309584037
174803639
367311405
305396164
353790858
341741400
171735877
211834146
306943418
210144073
348570801
195315060
150390644
387287408
510039601
379169153
245187646
215749305
363658425
316540304
233925209
144432325
488393839
380682709
224230766
659914637
269943123
344689973
361435409
276644551
358587674
478300695
197703153
508436728
125536340
740572769
421385729
231725221
149556563
195909878
298541465
148560426
173015343
184016020
189311662
311016195
254511560
196655733
221961635
510383923
273679883
388364884
179309935
139846517
268894560
192532601
295049183
138257491
190095203
380265735
175815863
215264835
365637552
315763449
221448372
202432443
262258088
331839061
284595093
271296154
431466918
231972623
426421980
195403148
219897688
172657979
313431837
261849525
195830223
453034870
208725664
201850560
141109187
556561760
245657938
154764271
285294435
374747441
380566727
234515862
584977765
285162769
463519381
380206754
370301545
224632774
225159128
402679447
149645578
282451755
386632853
394999331
293964556
275536590
217132279
255784837
237023106
278205332
347842706
456569543
346052697
393479258
282468618
284912250
191033525
173259317
130233734
332386459
228670873
435713634
291880755
222559878
193303839
528774989
225580815
396831537
244506141
260514333
250074745
228403191
272902563
110564806
258670183
248589958
257792775
470528078
211776703
243843357
362125952
378554585
334338486
249845305
156746771
359725321
233542287
278331005
184546955
217370310
331128395
165165415
163333554
242783467
338179281
389209317
215599480
281458921
494922654
218196167
341534659
241671595
283626432
249327370
294114977
479527914
304478033
208488746
146378511
186813806
487824107
586415646
387129364
554280107
162095330
531840516
239214064
129008984
150346052
214480683
440939600
274850471
397045226
195515556
215235981
447048616
251062477
151573083
207988668
324279419
221849140
241725045
123231850
438572373
138757166
208078607
306077874
253342743
318990261
203277335
183946281
171259634
281950558
112642152
173034150
136273961
120386481
239756645
419996648
272819158
66422833
255411740
192121873
314997075
335147603
143951479
389019300
263020221
283906612
244917277
185056900
598656125
730632296
186361508
115235310
532900605
101924631
222176671
177681574
89496842
181252209
260323326
170795645
210816274
220360540
239972352
294526063
325390113
246599344
254804501
321217738
269750466
208329988
225495886
102230341
238911122
383464030
199522046
164281574
196031271
289083006
270680798
278045203
176094251
245945762
418485625
406240248
175217901
406862891
114325337
364864855
180534922
403201134
662179076
482434181
331501168
98380747
248552652
285597469
178384785
188398574
115449813
270217501
238550872
383754243
265697480
113742270
197413594
247208595
191845136
201429699
472559410
317076729
231925073
231880451
204523585
520907468
193721259
167325142
237434622
481897121
190246765
290045770
142001572
337388223
376172140
162500496
143317806
330771725
284637847
258211552
287856068
299588731
193255853
176503285
159900095
171546588
613073199
311754467
184539287
179787348
73251797
327587487
180291707
234769390
132717783
92904744
462411719
231674515
330077344
276752019
108738235
197858994
177042196
181889809
446662881
462635421
392357874
329473045
242455063
212752043
172032897
403847969
323386630
266173440
153964907
170752530
138259353
399602721
340316380
411139433
322651882
274432129
178364751
220124866
291939222
329772933
270101817
248917983
115791949
318343660
158132087
132949333
629445249
383674536
221040248
214071394
131838832
310049436
485393545
331151108
381518228
282277336
200214398
243671006
294796354
479792182
396858308
356536857
355131040
444860518
202979423
399752601
209424390
173497417
78486305
374391024
264255332
302515392
233232724
431521568
382215822
119551501
535508953
234181498
243291312
154277985
206249158
72764795
402404899
114421564
386688304
304827264
250378339
365319063
208948937
274121518
215157398
199948869
413279263
266665924
342013680
676398181
288524003
365854674
508924443
292947501
414777783
353177110
152839718
209953042
214398846
296814166
231238889
128307452
225585883
404092422
244967981
276682186
239462880
158639918
429644722
409606385
315440172
149289981
345124235
202030980
301651883
332591055
168445189
538556032
218948064
168613757
655500266
315333203
355214166
161733629
327884643
186116317
250914395
207742856
274052978
179447300
438129658
331697131
556263495
142490739
166921773
349453824
382327544
297464579
196539934
291463492
317351069
127612609
234386986
268626516
172719043
215967093
362862081
650655112
246473691
227283785
640678559
258510653
188062704
118383319
315637981
377746849
264558361
282839893
463424409
191024965
257720455
313336306
192888764
393723962
136534152
386550779
243819381
365629974
576647978
109487511
340052262
590236275
351886918
321835272
381344447
199596364
271542766
384984589
180109382
256075020
146850897
254060076
259248868
352486157
315926826
125621204
209444023
393712516
245738531
124953052
382930558
403367497
285703169
181662530
284424731
238145071
204648258
421860258
214262683
168057366
358182496
228814359
420772035
467784237
177602050
253638257
445439676
262759344
103741622
406649377
451123769
386569484
269305309
107955993
230898081
260045456
175808765
200636505
376728703
299651780
218312527
466453235
223589681
141526826
359947385
352668562
207547546
278428464
278195764
372665409
457964196
368487833
289236415
425360968
302053962
278948693
268902131
405172034
316936731
267408613
294111577
408725626
293781870
207673731
258883630
283923077
176405402
42002521
655561869
373863818
251592650
254901076
121643435
267447489
452308231
292300277
291400621
400083769
221196928
371465361
290349083
222126120
96402499
175491494
441698854
146279028
362751771
294079879
227820279
327224210
429479256
364733899
88361315
406391628
248850920
228841808
286292138
487187779
519855045
216940958
167777324
416373766
569010205
272199511
243515821
221236624
305648792
388018511
161514192
220443206
483961379
308456454
325570663
185078179
250265879
179742518
125773951
262332069
508359011
352662193
134775012
337723341
330258291
263884120
270029250
301106628
250563525
375864675
88086933
536206066
248389427
346846591
201321136
294072450
428307932
321619074
204144263
124671738
243327920
317088939
166649784
205650603
365291712
275871971
197602004
173334755
389742494
382618469
476483078
301525847
289800079
227326586
100840394
145903156
381237280
277962247
230875400
223302123
293060137
84827511
306565874
430513044
238709925
193923577
256596450
172616652
189135208
357886424
256801221
425968062
322403185
238869168
215829714
396621509
163645073
407732310
388093951
141949757
447810015
312485293
196261636
187929561
270700878
382972515
124918099
70738866
184018405
273603146
90646207
325239153
215375125
329506241
314541741
729918099
288319831
148365252
109786866
422372039
195763470
273719134
169444407
429652003
96808107
282990054
376992975
373985792
163224311
119819979
146669796
400822268
165490436
362570051
332894129
291432799
197180494
579644934
86045165
419818831
239239268
354584488
491221057
275503666
210063427
140788225
297472938
345560596
490845814
327295758
311081598
74335872
353398948
285905387
272228899
202178532
101651688
186778226
90996976
255163576
293271309
297840224
304050480
666314250
351772947
337666743
307636245
277622033
158203832
184855107
213472406
287949106
304238531
440474622
141433762
282488791
189512131
190012989
69395121
273221576
205049705
504080136
589163839
573422174
385844942
309564138
269843403
305847916
287986614
393781909
456607507
160667147
299446804
336619431
318917554
168221775
172986503
310578577
393222899
282909741
139748016
284482643
317514964
259248553
221203105
387527395
270490358
115603234
275034708
585151772
273141125
384358369
582129490
120351726
347921652
377006042
311143165
453431989
188962947
220995196
121939617
431042332
149571669
306801048
289980891
640338528
338251731
265931074
367268628
262449617
312665909
260471981
165227759
364132808
439728491
248970332
395051242
210889981
214979898
241299570
309902892
217481112
158794223
462741939
363660157
194288487
236174423
252282154
376074059
337540759
251231791
347432887
388778148
194988164
230678033
605498766
110605179
224042340
214636951
165738746
383417231
213514629
326898412
390657843
235076762
223966555
422384262
542927254
525932895
354794964
305040154
226353596
296575936
276605403
254798809
356207237
89174927
128562887
145339681
195279338
318951338
79681139
280140298
153775143
236922678
206569639
334020713
151851340
457972784
366963129
191191476
177493556
384256116
285752080
525541091
280937973
451636440
265441974
351195182
176686258
280476295
261087158
240298954
504938690
84730087
438530022
232832428
424113836
188610276
305804411
359024395
94623956
143409197
292680473
839601544
416308831
182179646
346774043
327277622
312873308
217825377
263918037
227725794
320107668
276700051
207756240
156424186
301218565
385617558
282823291
198298816
445934138
301671794
210692598
384311089
153416970
216786938
115729908
213860981
287956898
636043741
444930848
351491548
101237911
86122726
322895893
288058435
163297545
211343049
480499466
138340348
167754998
165886331
254850965
324667352
352309431
402752644
229788900
198525038
244294889
467848378
258599554
362493567
345756086
170079276
334735891
358026576
620773516
391508655
234003135
353028168
435900928
401393855
294322044
255582769
130742683
238629361
272869790
372108141
473904228
249662432
362542576
273684269
329742425
113985407
200787023
122774266
234927681
284703283
282657305
387554971
392262244
286412839
270450205
67787422
337045355
379020607
260381519
241574283
408550597
332591292
285814385
365971368
155984599
463980473
419346947
234714124
383085295
247034228
179529909
258321154
292798657
381115796
380079907
85989447
374149508
113378413
87701881
417430137
367700674
394886609
253373701
230696128
291396744
383326588
285627332
143056375
165584689
193035095
323185652
305645591
518689262
316528873
292337667
232225763
277158333
434561330
330802593
154605527
319662222
194883859
211641128
447316842
357811576
333914731
289451941
612093810
123720963
362333559
348275714
177095791
123348840
618830778
235881794
285531799
232575562
423413223
258427654
192371500
353374161
165099884
382946044
509241832
390033918
387647602
335130781
278013277
220275746
230137443
238690624
233970226
286314303
280759176
387677079
267653413
288172406
378805522
139337478
136222820
226287289
289619414
276288703
271700854
198850972
172204145
432432592
161360403
239347067
236119443
83856319
436092598
142760909
160999881
197815886
599715135
299615530
259491795
263365342
176462314
211819880
435521158
243716883
502080721
248603245
423337768
335060994
281899260
271962692
235847531
350807793
376234390
576171464
267655581
214227060
316010361
398690206
287909043
277069605
313183503
209048760
229596237
340283382
174391768
257345158
285767500
220883181
151130578
293563647
79830279
216586448
181563142
174717038
99212060
410806565
553260408
308105963
265737061
394168598
233611796
326394645
226542265
139408240
251187784
302215953
376132633
150942754
386259349
214460124
320505700
304237310
364630196
392097875
240246575
248347877
207305389
307973578
367502746
634114598
392515378
219790606
177131794
286449544
454969833
341475543
260562324
550104005
275330317
539465326
319125422
361671114
304051425
141437512
704504310
126076967
226986513
254796733
314325501
670312826
206756726
243656647
117753182
237328655
333342509
415497340
180581352
282037149
332345556
160202125
328730841
412594310
327652042
167349876
363028781
601228910
379809813
191110697
298586125
359259376
331094082
404516139
324975093
204353676
150480262
146766393
362304487
272433346
436796435
271198505
313613088
218626661
344475332
320965371
543514487
196647874
288245712
266306085
420244179
324064474
345249487
358219318
288208692
131997736
398677256
203614518
174430777
316252194
54572046
336280656
111753857
65198140
255836990
278449014
233799463
121717041
156659452
393194459
90306228
175608773
336262340
270138757
312943798
138925374
251912370
530204602
234086948
138899236
124454846
324568499
318300672
149784140
218764647
359522581
501076576
96260081
245022787
225136067
177853275
291319531
275884746
313551276
386740977
540965255
260731605
170290432
241931523
186026768
620152800
631693297
218982039
197434713
317993459
235419564
365880526
196139649
99801719
248479461
166452284
372905940
182660277
113378787
394132563
370832273
173552054
123490629
294745840
292993477
469281615
370070310
170386475
236330620
195300992
284539369
281183770
150566589
342035750
188401226
282489342
316135971
414648860
217657576
372130483
258087065
158663874
351734832
625723305
250506236
372142357
237262459
170650315
354741536
453318084
291198421
454585445
261367951
235857867
261509972
231899919
275752039
292973042
196140043
206580878
158543128
255747331
500208369
352440089
278746411
290959778
322789331
466110903
304630657
390998538
181107910
148948922
173225578
435173987
237911771
376285886
193186737
260528716
479484456
281862664
202447199
319452617
360832659
252572930
290906330
397255596
259578768
195467822
135545764
384728833
368960339
613424744
310105665
388863624
219586992
260085912
349988899
385107026
73509117
143995086
219175329
332450307
303881124
288630559
462419739
263708399
446769530
413946114
213612293
268278689
229760313
433717709
550923350
225075432
450681806
369023292
224155288
230953587
243913540
129576913
325825225
245906214
224291291
237078640
286266343
204666249
299685267
308215539
314084623
246778957
140643336
305867289
434161030
351622086
162778290
164062556
394794379
139755445
292041276
250930344
439586212
346670071
271837746
176834210
441654203
246729529
199457939
248336695
334909430
502221647
208879097
759894871
313222683
314509234
300131200
546768344
370024909
200340129
325053606
174119731
252684040
529570019
358420200
117884630
202629016
127799812
216297724
193308010
145601613
224204728
357800594
185868976
316504755
170157414
184531686
361872280
373780125
239808954
245965458
211225105
379999359
379191350
106683700
290197330
94513387
377521475
269943973
384461779
193832799
284798226
200165055
356112298
404721773
569734025
218019518
296148528
257979444
195056604
243711063
289899074
490991133
327368674
365502937
361287054
279639507
285000497
159090971
171961008
394152724
752041726
273161087
392112967
189282760
364610821
302129242
373996195
232273483
151212883
193587719
313842023
374887169
530866086
134754080
79440690
290189085
388184468
414176597
190726255
120476534
429282196
287371084
270760809
434819241
228569787
234862020
197669873
444621655
240199027
477084050
187929858
342703917
343776829
267863131
81436281
494091848
417364538
224108218
226185313
272781034
217439175
370863635
288470582
458245293
386722803
176404577
252308709
180020046
314784768
367559676
170069238
182494098
491013337
103815067
152688251
248691410
410604917
246944105
146132187
248970586
360783438
295030805
352458197
109166299
173691680
430577969
117973726
158166854
188567215
322569135
99865413
313295787
327963312
281878889
340954266
188462489
248556234
228664933
169893878
486681501
299101782
373152114
357824352
333233279
308189072
346164652
400111120
228053285
420795383
331342789
183518130
384231232
208563289
247498898
435811852
169620705
515437021
241203290
197409744
285725524
199098308
318621955
305999257
258412325
228779087
268290496
417688902
296232973
394558044
627795703
140396688
480942664
539648366
300580323
382634830
545724308
446173624
291830574
288141911
345368661
194180886
318297522
205027942
318955162
577097760
159672808
538811239
352532537
405585725
188331744
106219012
212247726
616692388
328920266
126349148
313622464
416107588
139598267
344745487
356497793
213108334
273206537
199906421
126203256
284481761
225447518
369384450
162726830
278220211
206062980
331795148
337777124
200058661
385642665
229382602
78703025
332924564
323209930
263641831
358004134
169285985
492642600
321051684
428851293
385462734
265310052
254663733
604130921
209163026
238053876
373073089
167540865
345816242
380728668
230905729
65198136
126879895
296007143
546847830
263178199
122566227
442342474
248725303
278548511
86478394
446354234
162721627
225045770
254445137
288595391
338869052
432649038
267391612
96727146
101165552
53824526
299390052
214863719
174399527
283146339
389311128
210210685
266817440
189099469
281041698
193884992
231375391
357874615
122815448
294557863
418202144
217118938
246501938
376371609
574676390
325664243
254331944
239838579
307802631
343525583
181806571
247649443
292358225
124260259
558063314
235131588
340514152
184637082
154137664
354222091
623444855
275085413
207770623
227994030
172891831
380048013
182711186
337772442
217491528
370100606
241765575
208344269
341214762
223759916
269865736
541816044
330349840
190740397
370712021
304900035
571892236
158468987
328532257
341484253
273298633
480359913
270853226
445045311
609289053
234926582
406329344
347074381
224940375
284484767
255280921
191347264
230744633
278634768
528792461
406546381
278867691
397047194
364097581
423815824
446872243
343588977
230578009
350443572
258404799
486633086
451117830
208640254
303950483
324841578
352956388
294174567
288661890
312576965
185930851
96976756
321287122
323441646
354438172
215170184
341288487
176304315
276535264
277780877
166751694
409968973
158144821
323427603
180588008
296150438
294155559
333997938
288952783
237070797
167420300
255274893
388533445
263386255
143757802
476264780
238119286
108417621
630647010
284737755
271849363
103012784
260800247
121126181
367656553
390493630
202299834
212927631
417758270
103480269
583002672
408092955
336810107
194521072
326480707
239285118
361471043
300338271
312535499
289951764
260626178
155708489
218507511
318152071
133939816
420332128
513091769
208289688
231747040
568736121
415407766
284852454
486636008
196613422
223481646
192214114
471600978
171618906
165592781
378158841
369098106
334832629
226795019
313521781
143930248
394051989
200647156
410213159
311550653
135511249
252251595
686340974
221748768
251271991
269815706
286911827
158549165
460642741
178176753
144603682
111922140
423875683
359774333
337782626
321917819
176974292
261276535
439939056
268686562
244294752
264560279
185802425
330268078
278273452
279154043
263894002
186871275
454251686
530202809
239196200
282593852
284920053
119056786
380289068
198576505
231493219
426863086
381123915
127907817
277066792
376725440
102685167
316479450
156860392
183490951
310641928
404213906
94279211
295479712
345595211
297598515
145097201
189708737
198828960
453394244
173420635
359733222
190804812
229425900
259230074
286534677
480407333
535019601
266123082
225893619
238991297
480537122
311439841
266885367
339137314
291841010
209947264
543503744
224282784
248444929
151688640
238938432
279374564
335299235
346916267
443985880
120435342
407914856
100116998
289789357
158473671
195092285
293021589
278631404
199939131
156488446
395378106
287787637
249167203
166622236
163879408
269537382
308863815
426657039
353412494
154633739
129269258
506040578
184003447
296739491
632686990
244572200
153162299
247685302
114431361
67071519
101333729
192538029
512061190
442458451
256864974
236419605
134208819
548051417
416961023
238258548
198774442
231438600
247287830
185981402
156246036
403471829
428077646
202940680
258774615
155371229
191166228
150603143
179831006
297554318
176877739
325775266
221130188
311237697
299577158
304629347
249921572
115692056
210391505
410842906
325968678
310223394
320660278
153755351
273257709
557950364
309157002
247370116
232155418
222716925
278073426
73225420
187804917
220501570
222405016
182970978
318802681
262518462
296882343
128306613
290117524
406810249
232039891
168828443
391033369
251017637
106861033
398652039
153919601
354459622
146373350
173649053
475782950
135197691
228504195
278568832
137335411
296886787
284926984
231022515
381687334
228566960
267058929
305296939
122839883
101339934
247752099
218729580
144522746
373148804
568464770
157467310
286608878
164068297
232895311
114147257
173766169
552817036
274288433
216882414
360254322
245717850
125706835
264813544
247251649
605661702
338709892
324575005
139804282
226531648
252506658
501059513
228382923
293015077
264392079
396417447
612003027
382884719
290219794
267202121
135230907
164617917
360896003
478514046
261690952
298095777
104501779
192167804
285282941
428831316
358437919
201827035
176911533
306089778
477258275
243879291
171913690
281858269
294338224
90843204
527163511
221282132
422530391
342055627
459168747
395595133
263299116
216051931
466816961
194292797
269551777
303874133
382824049
168301453
126736151
154378496
200310148
506497041
473832249
484073102
231597134
212735540
262066426
312453716
256460301
215030309
156159945
129750189
285950549
528913804
376770210
390292369
320522345
122888559
244310452
411621556
264608640
173275489
238771351
186299514
316388663
257703660
152312885
173292423
259652475
196607792
191238668
410707682
250231263
301199704
276021888
214450072
472335495
168006216
275715300
429580231
216777486
513392676
318563354
363556448
316877404
292338260
367562899
136865979
311347344
339598370
361720166
157747706
568745585
498933079
169386405
81141157
175198725
205627341
207481639
361714210
208849720
394318032
143827280
121317228
113968274
574523409
466837852
453031449
281630180
182844263
176514625
336424074
260087080
167919011
369677129
243660747
129334619
485738369
189094687
300413280
318453635
180875568
203302075
298223009
313940167
118179812
350757422
349861914
313618523
363909642
166025451
216060468
308060488
132819885
266364917
227071766
171514971
203590840
220174983
141180591
171233067
122001880
318553696
249008955
293001866
176982183
395683158
402514656
331097571
493114746
71373177
95765055
225768395
212004340
169971236
181039559
120581535
352496741
154299192
509329141
258593984
134309269
315192663
374840466
290463154
286739128
450564667
291783441
339595030
492541376
220305573
421875887
273463739
506998621
366424358
416771410
320842816
224990782
181860530
653133840
343904141
187893403
148092059
452769209
172698208
114473943
389169782
304179943
740537165
211196267
246634111
232934056
154764882
297058094
515767050
202520192
271744658
128739787
160509814
363253981
320346556
304004734
395384165
498139892
522014604
350385227
161721746
216288832
218063343
120172020
404058193
252449047
512014057
213281950
449435683
309591340
202418976
133510670
323328613
253023980
344249971
314696950
824153461
110929333
181753045
459491003
409040626
267337604
278811128
221671716
208677125
169140487
311277385
281425411
388004067
219550490
229117559
291856808
316236050
245931614
232232897
583531310
301685388
228890798
137744362
362661183
228124912
263814837
648696248
399312403
309588617
376902089
289553432
144189872
347549365
168328118
331149685
225359859
136440845
229845954
98131567
167832960
147813312
86763689
302595956
252792847
163048941
253401337
208585324
268904731
542556445
263063067
260457179
560857738
280442636
388438169
279511189
394666841
158075053
327755164
193474977
219299615
311959289
394495510
129478565
290386371
494046773
308919998
324365165
426191356
369692645
511346820
165559322
178793989
334035594
295155897
344880086
194631990
186184852
340162696
315213415
187549203
467541694
377253231
178650171
368207291
195742854
189272051
279080400
371637342
328862982
153612293
240210998
208598289
231424699
240157746
317811012
163825177
188209529
248862198
223254241
180940498
399133517
210686753
494548949
112439658
414282861
445969773
337571772
416778880
241203621
276599913
274893246
208461784
293487216
387310156
287842033
195480267
160016404
583112093
312232789
273749442
236995227
161296998
276131690
181560547
252978564
130303776
205170883
114549809
340678688
108704540
358985298
119655515
279851821
203632489
467247988
263797270
275721536
388776514
282147722
204005980
301356719
378480454
385699425
130173278
371916993
222297933
354938964
318454913
577176582
282467778
227363225
234277425
259988246
175642205
295115351
264623909
240944468
352719113
241432992
361474444
446083843
405461408
247946987
427411409
496440997
182049765
123835083
123149337
339431679
557791235
83946570
347213494
431784030
246403614
390784111
244110178
291002106
343356013
210479410
440096721
207961635
321348623
309178138
397299693
185970231
32182855
181731228
283087365
321980624
151442000
308207221
358483609
245875459
322501183
642276224
260962090
246794494
192644596
264265128
232759495
211987539
303315903
165751068
217198523
422112570
272974010
205131454
486331794
606733994
71477067
267727095
345082863
210257549
258598282
404374477
158147453
353128860
217329124
198730478
267235574
295745984
274577091
156492176
429767001
337535137
346111578
202858252
161138358
237687900
515447567
496016753
380680400
183824286
178453286
319995820
229599804
145088847
235412803
408695718
282941121
407549331
370330837
245253958
252059330
508573737
90735895
358499038
302652856
188525632
197737102
302671513
217245941
350381627
164678838
209341055
184358069
121700575
280742813
247719778
258271772
323583769
288255570
247443420
167793173
363949725
199892334
373765603
164329676
231080301
94268729
174992531
351083765
27506337
155722830
137259198
147846463
192452589
237160028
234967767
144232150
232161677
157610586
135453666
241045078
283206019
444164490
246282967
304013625
279350287
486758983
485731700
231674821
286304152
165349762
444746788
285851100
183350027
102113728
291881802
250477357
272328522
206294589
106477336
408588949
260668495
155059797
288145873
267406772
258511238
423820897
214511957
364029835
335457627
343271752
356377870
108586299
220334746
121465382
301086586
446718586
502055728
308754650
231643216
349875419
258923202
684197626
379601895
264735076
446601243
554359836
245567747
338409355
888395426
152645633
483903465
611566806
293287852
231974573
159273602
457173293
294104908
465134810
342487360
163933755
304966535
283451036
258109802
269992246
388693751
141472059
218439815
261487429
164114079
195843710
283658605
116643709
407348908
294979247
253253953
391213690
312861855
205259732
308608382
187869165
267684798
61918909
371006294
171065859
178165320
149113989
237453667
422287923
272803090
170238594
226435757
201520589
234951862
254344170
347920110
355575742
134692264
181525668
166703950
135165510
272529534
579379885
126141097
213308480
292846118
120196523
501715496
171175478
252692449
313030550
260535726
143745748
233051419
138116760
496278927
186138330
586055271
309751724
295511657
113472753
333072844
159630570
271641180
262227239
144815639
181871666
123089273
110412585
223777286
530161248
503013627
314447781
321012969
279796638
360190311
141261653
550504838
187611353
121622775
294091227
215510258
184872529
231332947
467967118
322791288
295873401
232167061
164846107
328304979
257937363
225612082
227632710
296911119
687814367
360216630
305804523
156822471
401510543
377598246
293813361
223865377
214886850
561318601
113441911
326963176
388776599
449752012
189718645
544995617
177902727
306534778
319377829
103138624
424222044
410794531
135265153
140792274
134864542
255008684
299977291
120513403
267476356
295098456
293777703
535056100
163594450
307379800
175930652
386286199
296038482
302227779
460507278
258738491
305516790
736836855
230185950
395078646
333911468
152086281
418098807
288299105
254621391
296590322
370539972
324134396
147236972
294798095
421005206
463781664
544373053
253309255
263595739
227941409
160575987
336481866
203400217
333106469
376083806
608276094
136173512
487109154
226387882
229102599
358991510
295059440
144636007
242396264
54579034
375737292
472336143
475675182
255308088
374289256
360814023
317217383
221995523
311903832
178130797
340334193
295114053
89886752
210292666
287427448
155421943
340918398
438093837
534663961
224208305
431041457
228912141
395866328
373344124
176084703
160951846
302219770
283463933
373023055
511017293
383553690
321690259
320137901
270097196
432889127
513517191
246868101
274863362
163292210
578092781
318255188
333750265
517404429
588725746
413636260
242820175
239366211
120477612
157886805
88073821
405928616
224899245
367174987
102741967
290005746
83215558
417811840
137145840
246971565
273678681
161364710
250181278
211803841
140684442
363832321
226873561
563821744
187260172
227928169
271214747
384685835
265186280
233098673
324749603
328370670
355324265
431865315
205157962
372511743
172750579
232537179
121966679
446729909
323097442
420190112
491942783
205933943
122187086
308591820
327331496
231527058
148413710
305897694
240061162
228435338
369762508
555499441
225464630
78300355
202484107
398755363
357321673
123734716
288935513
299570374
449906331
367391178
205266046
226143014
402551367
194529975
414276627
278414190
349497166
114812871
289969646
537229552
423987174
256420255
330680765
210031595
163648786
209662440
280151784
298803211
278790063
149080113
217016892
180713743
360817584
296053493
192307296
270546872
283950876
203810226
287239990
184310119
302845778
447823364
291840380
252669784
461352862
292390923
220566496
226531275
261022853
170858948
203298991
241885030
146190231
550330934
198422614
281364384
405389240
122541355
348525952
766417747
220581825
225244809
166546683
212163993
228941504
466477352
156054352
95931302
466304244
134556097
383977326
305396546
149883934
525881956
477338199
233734275
215298250
413594474
239927978
235359455
314334606
117807562
225743114
190632946
165553667
60886273
260344276
380699225
632346989
413197704
470073360
333085510
410329765
225866086
135715837
407366947
193013756
544547877
232770638
175825896
163958990
285103998
134315926
553462455
439985912
279469274
475753298
204027316
272259211
104210605
247775945
216895196
302551940
157748599
538760172
219390021
97833965
240084815
265896353
233482930
249380255
648324846
209785250
214284001
599555323
325855017
225795197
230784401
418186861
481358012
306345220
249603157
256103703
250142273
162697867
154514509
446438214
478098400
528442137
461431858
189190203
248734757
498919790
345672000
341853874
185985245
247305604
430210206
293301397
346841461
267085842
351887322
330216310
249027848
171888533
182396606
406577087
294796452
678092922
303016963
443655303
157204225
207118732
316919200
334433063
447338035
422206170
317179302
522183742
173251917
123061606
377473370
108485939
188989083
167054432
275631546
199023509
371136621
178790766
392118956
518033632
219048100
123642027
160534410
718310709
197375825
160554913
517397608
193112283
442569341
286755292
343135649
342905136
268505470
148012277
292483207
296864817
327974494
638671890
216522080
90093248
195774719
480014876
317632884
163681972
349036198
228844984
205265071
253641623
285995492
93383106
436468489
337525856
307859356
464175831
179463275
318298670
229187526
116880749
358686634
195575705
262671453
481488646
266703766
366154078
166495530
250981923
226893509
479317449
262586718
207561552
197188196
361932863
222305211
342232113
304526004
225914659
178055657
362363207
177062099
197076638
520159034
292179450
356040663
207520722
280377488
116323266
360674288
306264545
335341349
375970340
302533144
236116990
403946933
75321433
267290892
149759679
253031635
120236901
147047032
224965130
283287488
440380899
249804938
343786603
196349970
459419530
266387999
278898915
256124303
165136022
184763440
180378072
501439767
159561807
240866837
72332612
155637542
336283126
172247161
412287827
264970082
189185556
241946389
251638768
425555455
240856765
158004596
618919430
280604432
324007536
193246820
215211873
149219523
322699223
293963064
271069983
52579145
147558814
205245658
95016461
443416717
354055740
310687318
166201772
159153211
282374997
459007646
341105830
335631072
119270779
265017733
482369996
478919544
448676973
235514110
163042642
202605094
93142360
333401603
300196082
131616599
362655216
238336968
495817155
182794773
331381112
201671455
466742707
150465582
320847092
306980338
232385125
240407070
399583907
294358260
170750868
154459777
300858470
184981275
178003803
527405201
199050421
427511199
384220941
152268832
282153832
478558688
135103880
333102742
520357735
439122665
186083713
287394452
113526219
282087529
181144922
423166842
197825408
165692104
238376844
185480386
306887724
204254003
210912287
440803948
335383397
491276788
333894580
158273811
328686406
164141771
140365583
127777604
273528990
168939281
408967575
311060387
338705428
478393589
141956430
222723703
158239280
219647004
266207255
268900545
223816614
573906134
357358181
478073953
246896065
287513451
333482371
158394869
521970005
296103007
67808334
303248464
567321950
118901694
186154503
286351407
153510545
492935491
244783495
234561430
284952593
123106395
400295557
350816113
363926691
422597269
280114871
193420158
180463897
130428892
364096878
309424795
401812205
57034351
180121534
284389144
213738645
132052868
306064754
315059672
526351716
447621603
227704074
292788703
156246431
261347253
256434170
112088078
296143287
303420922
299186576
226411022
388019789
226916285
232952967
55297664
348242590
459922278
225516638
344821595
374659020
264126773
127250351
387600738
535710952
390165766
360294520
510186033
302071142
284211424
216732680
202173796
328298429
220391108
231364065
307114807
193902491
325677393
395115391
465004879
321476956
288662504
178000145
286911120
203056992
305357679
534485970
433997205
240666914
342943435
374559729
228590651
216788562
54900487
452952229
296434072
141739330
300751280
126896432
251201284
391814872
226081418
335676165
123981320
208916111
297787207
280448980
176883662
370575209
69034880
42690086
390815455
194010639
240559187
375905550
492615043
240327785
104794808
380982295
111809953
225287750
242647831
421649996
536363823
266028253
158965516
467578513
258463491
363704171
399861727
347177772
442808629
74955795
221304193
424298133
184773347
176958545
234613649
277207440
491098250
100110002
227881252
456708696
375085071
452428859
596673725
251044785
322853317
555625934
321510719
345884866
313944234
288540507
279213221
277965153
471354897
544008461
370673270
316488576
172527331
292334507
207311229
192207962
265187776
383874421
250583958
160604471
295244843
449925546
143416847
224781483
307831851
338758519
298541542
218625273
115581624
320649691
502943576
581979212
491647565
149119912
107740873
163448837
186651335
87021718
310014150
341888230
202986864
190131491
144100134
431932839
314591307
265925171
330188759
264955530
382990994
222982667
330486386
315986560
374509989
191583154
150427695
523064115
412099356
234507664
596983562
263014263
99828247
238872776
434214151
259572862
372303932
246301106
208012975
179535565
147639784
264788924
393511078
244525133
275327624
195298070
234132560
268196595
92091982
422284664
322909786
539065500
411905661
365001201
560279172
260606794
477890879
207983221
229722895
158344862
295727366
327925140
320624568
214816533
390466001
145725252
426110905
198742898
185269223
165502935
540190883
401195384
455176362
232292775
201890679
170530768
96996572
267080066
146310174
127564842
249402305
188943003
284295051
318896048
264473391
505616063
231464733
128524144
392898671
472727320
320044047
422591464
318850794
210123126
349902399
292630053
192390343
228134778
464009299
99822405
298257014
312910336
242125749
308173838
519594073
303359048
361003307
376452222
472539889
329158254
130327407
226112197
403417890
187016891
401372751
448826642
211952573
126851123
644392553
228246854
272904186
90554070
171693089
329429368
253576194
354114517
176137110
151889820
307687246
191393588
199202194
617883329
220646545
267174293
153017064
503404250
284885726
82193204
286542545
169867247
289196723
272707086
190184297
225273470
312759406
144141555
411603950
508935681
262839278
387995263
377872751
511048423
138595725
235962158
212302183
317016488
233243551
243123887
245849838
218755769
447897550
269692686
377994772
226150884
205456808
464832441
325413560
154373226
511470298
244179748
269296211
106825396
110959412
377703369
271116886
575661492
367100034
326170573
448743009
188042624
222365043
378927101
297118255
177112409
347542421
330907140
488547708
455960576
159037200
424722750
431335397
267162590
258580959
268974199
362665780
386691502
348336454
281710126
147530265
364852025
183031793
731640722
414817709
336507745
256905983
373924094
243821148
216013248
515132470
168922136
290808169
155130850
173285898
356808698
385115217
249016912
442487549
167490238
225195133
343175288
284603570
127805297
227456121
114688591
618836283
280822839
282931091
195052753
444528121
335677649
311741885
252389759
354809060
244624458
155368737
188053353
512329270
161726148
403856676
299802865
203192569
310521831
217219673
205375949
255711957
512268585
475340182
248276844
160377659
392806194
187739393
458699180
489834288
397547948
345351838
241488382
152909346
88729525
68552925
284552164
424498274
220792673
430125873
189969244
218650784
229857231
255783021
215128301
249102341
373786081
498344464
719838524
543738745
213796994
337000083
609221478
541810874
168072708
362675123
221995601
311447982
166718546
489261216
313097778
357158306
330094188
251458823
363741017
264030753
375628023
287898548
215034809
433156235
153171518
230013436
333022600
316796078
306141589
93235526
143329565
515746263
247354528
200522180
411581360
327017623
389663509
188538653
337708564
87666627
129096351
231070543
240047246
94866826
370193138
180501367
246752993
618790410
118190253
206099356
437946208
256998604
176682185
191502721
241738093
260846853
370716477
271440257
208632381
259601575
285362806
181065569
345462435
248232060
438398901
163360914
576356001
209206767
327862605
240887563
254907186
151917419
613640914
320196876
217842330
222088742
229745682
382362200
152254647
159501296
369524192
259773862
361642969
166350172
349721400
268897674
644869161
122514211
185341074
178321353
311837152
388953118
286990019
506303826
414685866
177490011
237933952
236564463
159901331
320109169
292336550
156359472
516873763
255060549
403562223
187912556
159579838
550686560
348040575
