5397217
3619466
2119506
4697429
3929536
2304555
2138445
1797041
2687628
3783310
2274700
1571922
2395539
2941174
2906724
3235551
4531049
3998789
3419336
5151985
4022381
2357020
2292200
3194994
3832256
5328118
4361011
1529657
4956257
3156710
3020104
3218592
2798662
2711590
3120430
2800452
2488468
4790321
2276809
2912174
4655533
2352865
5985294
1976507
1990137
3236838
4722744
3801637
2424480
2207673
2473731
1815912
4018146
1464173
4405180
3044612
4154193
2822936
2805692
7171497
3728724
2142397
2200968
3667206
