42686037
80573799
84610438
59987060
97442617
36810213
52353869
126567630
106789239
69476626
83954137
69001171
88968856
52339264
53854280
93719244
80686028
95806626
73150899
63139785
72573544
54080420
101206466
110633021
55168001
107593880
134561604
139375968
65711390
56110867
100600776
70816988
56927630
70712691
46937330
46675252
108721524
101720980
58521555
40191529
61970748
40731468
79532678
60774409
153826840
56663293
125586015
63735235
75293260
66272392
109112535
88327280
54206662
109638367
92372186
42435132
57862046
42859215
52425466
70544371
33376439
67781757
74834049
65117638
95388511
94218203
24955163
43014301
173716225
165072452
81498392
173425389
140473864
46920511
50676193
73636959
183140511
89478026
114548707
100144495
70801650
44715205
65731655
79819571
55210876
133625749
43182988
65581385
164708987
112251785
108618582
101004021
55519886
132947371
63383228
65974804
121336515
137613901
73152944
93656148
61295497
134904633
141852538
115564118
82785257
86546467
56853048
91276025
62604229
72742918
109977358
71518854
55495779
48559258
103982108
117075454
84794994
124517250
96490528
121652228
97798739
61453006
76334081
130616269
71954730
91136124
72768639
48517514
48830222
54515234
111889290
44530163
50669001
147961271
99931116
112739264
99557499
83773738
59892562
99634038
36756401
67355560
82046758
47889496
121747209
104935224
87016319
93574414
35621124
74234035
66867777
57736388
57740331
57466045
171321644
38459700
62031834
52079647
55973606
109935518
85311747
52451841
69067597
39305577
120236368
70928096
70930382
61526399
60920028
46494219
87889420
59695143
74652966
54999456
93265812
100769319
97501879
159217975
90799746
61808368
105881649
54908055
103569363
46071513
82647128
53325714
47731757
42512940
72974135
57909579
213721305
98918058
65875321
36040558
89179140
53718168
65771742
88670335
80323161
93613624
84418008
112575087
108219242
53221369
56154577
63532599
38600121
73869813
113158255
63135516
53360160
63829896
65402060
59979926
59866328
69447162
70502180
98402061
85646895
40384398
74581200
153210317
134791409
76841704
73559916
68912463
74463828
62390292
98572994
77066682
129165132
36739919
73655630
87353943
49163224
93813879
75105747
45665836
46374293
46999179
44405128
44185202
89178968
74645497
62590860
90185249
94823897
54266831
111820410
108289901
34696513
120544835
72812673
76779449
89313134
105579415
129564252
53960464
99070334
58870705
113117892
54740931
47519201
134327870
69758632
55591694
65722464
70571157
99172353
57573944
60912567
91246344
129733924
90427777
121188057
58580715
67643225
77656094
61024470
65233174
113551621
99943012
69734533
60107298
83541562
50750107
54877886
86091326
108882123
93775953
105813828
138967962
86668412
60828240
96344933
96124401
40804794
115600022
67014950
80412628
64778539
74738192
36111254
87722139
87720225
146615032
46597409
68727134
136852181
131396292
117891615
42374110
75921644
66945213
95085749
59568093
135053406
76584098
66910091
61553777
36293501
58649973
120993869
51771122
70172699
67528386
156478134
60359423
60368239
114851912
83979525
83640901
42990715
49299271
70789151
97338960
69938175
43960566
78677985
57168126
46516595
63325365
70654661
57667075
52333367
107623395
56253805
59672231
60577437
106255910
81667295
32603789
51633674
106927195
74660907
105669926
62692315
45367909
129253955
100416923
77459900
144284135
54890417
90715198
70568733
85846078
103432112
129246926
58359665
36939500
85429970
75139089
88837352
57169637
42758585
50951964
64033037
65767080
158205331
47576655
60770596
138107135
66429929
53886920
87787626
85484469
86258458
55546810
47203954
81013324
66607911
97976854
44818545
123465308
59850253
128486463
70128710
158457734
76952615
70965733
68163331
117104239
67117669
92993439
122380234
82371901
69194465
32596794
74241416
69359870
62871095
125037616
75762516
100379609
121793497
62452333
125877603
52659451
62930523
40497744
60661093
59634251
74736905
88119764
122807059
40141301
85685746
52856394
63867061
53430225
148743586
88327870
57279078
95640226
80563067
64890874
86567762
29149140
65854529
131809792
85836283
75759925
36469419
49202698
69202389
87454549
91643812
98060859
69027605
110781189
151492401
134011954
81588616
118455374
95569497
79676959
100691235
60998285
49079802
65796960
142874284
131826423
99456299
64085994
73185098
72441651
138282619
58784071
191296647
75412674
70439870
32456487
90244524
36965946
61376252
50339120
85154671
83143455
80319657
78325508
104900692
78383121
40234673
85277450
39104701
88081077
43811480
98943224
99058159
113384261
86153514
73980998
138594791
103516530
89134216
163637415
100345455
70012207
92618326
99829695
92438716
67467920
87629318
86542904
42484323
58725655
61466642
107722192
86806349
94064231
54550096
78882638
