1064
785
696
1543
829
80
951
97
783
728
777
516
541
136
292
287
78
211
410
203
437
758
793
841
547
27
121
1118
547
218
33
798
511
307
1313
278
707
856
671
517
1039
152
31
595
282
740
4
8
166
910
6
170
32
294
1306
129
747
640
313
773
473
705
190
98
711
645
97
393
491
1168
167
1739
801
557
680
819
323
1027
475
59
844
459
1313
171
709
1044
611
681
604
300
396
259
783
335
1036
1881
631
612
1854
577
72
681
91
928
247
91
2234
566
111
85
936
178
1221
965
897
838
601
299
86
456
36
932
157
231
490
1475
1057
1028
754
585
914
898
603
429
72
794
590
146
18
458
726
310
610
1359
22
447
1231
204
664
341
270
1217
729
1123
808
982
45
303
681
683
409
717
617
809
280
139
21
360
382
21
716
119
347
67
797
966
258
2
66
1552
347
727
982
87
678
564
46
47
66
532
531
585
371
305
587
733
628
380
1034
42
48
637
612
1656
1845
1068
421
316
64
533
888
1499
707
9
703
526
727
215
362
889
543
1166
1394
243
214
168
542
1158
759
199
354
440
766
252
360
795
707
523
1152
284
13
578
448
1297
24
243
564
407
219
628
1164
839
195
613
735
269
