48929376
51804559
28338616
36548688
20890427
40145555
36078779
31205290
56981291
28422146
36873320
31165840
27403257
22955681
31837851
72304296
48028965
27610482
32982740
26636412
43180755
36249646
30964194
30260293
25744826
53756431
39969382
42728844
25562992
49668486
48586802
52205167
36520961
53505362
41227707
24345617
48592358
33236171
84043948
28317797
27541893
42568865
43256583
58127572
29049992
28439588
40580904
53094973
21677074
91488870
34048068
45377196
28832620
29678702
26945899
42972275
35822302
28992014
90098589
47299157
40032958
39427361
42603849
26948736
55379022
44631072
56298500
18279052
30101349
80129188
28176407
25428026
41930070
52977497
34081020
37191915
39976953
41567471
25377375
36934171
40594770
69125245
51026493
32293947
42823629
28735533
70705680
23006439
46860879
36153396
17846766
59726719
37649572
40997450
40572938
46105634
38621750
91476686
36973415
51922757
48502997
24888366
44177625
37334761
22818157
44800171
28355480
43087627
28579039
23719748
58765923
48767678
23653755
50759858
52675408
27411263
54298519
43299907
70203946
31737407
56671697
44117655
27384214
35066573
39970181
42770317
41149091
32178313
65968530
55099191
21505335
39995092
39994317
27525116
24764248
37821929
25193348
56954193
66891156
23318208
45433523
43173729
39452140
61563272
37319372
35189826
22988688
31501044
27351697
20066119
69168085
49490535
42194449
51512879
26003892
59802011
67025324
31020786
39843054
32689636
30114481
35359229
37199549
21754671
32692973
30449391
28426173
69835439
36478985
37685602
38191201
32694213
34878361
65038858
47236911
48322509
36412985
36998532
23685565
80982223
27969570
41591241
45107964
26232518
42687646
22178061
36680986
50477703
34570869
28352654
69650587
49067630
34134129
25339105
23740625
26474912
25751601
75434865
62973101
24595245
20116218
30563515
31997300
44911848
40933956
48658177
26062534
41612261
33710120
51055373
70339761
31656951
70151912
33306639
58758256
46515118
111762195
56435035
41896748
47447904
59950850
29838314
40550493
63773209
39485333
46389253
63737758
30002586
47206856
68102015
57009862
31941644
51303218
46295370
44194892
23432968
36637222
30003839
38715594
25176067
28420357
33814453
60640372
53960185
25825578
20253600
63377808
35102249
34243573
39209568
53287923
49776129
55757946
54200806
31446385
83700829
46860982
29480746
50062346
54339180
54661725
66883306
50323142
48619845
47123653
34775320
35617996
63128980
27535048
36159823
27560108
47459569
26785685
49226987
22585489
53396129
38700470
29118729
37287556
62371897
34671042
24712572
37991777
44918638
41181006
40459147
50800750
25650850
31433778
51808502
26985886
28273827
37667628
55937205
44487954
32320504
44902020
24918296
30396208
37095727
98697547
64862925
34999207
41864830
31788345
44618280
32791614
29824277
32289806
25310095
16002107
33110150
17393628
45804282
39756137
28594362
59219378
30263006
27348830
50982224
32444819
25797927
34798097
68465035
48713767
44789926
56913493
37778300
29871259
61927964
38115954
24346765
23581922
36017359
45209802
19425167
21332996
49199864
28240749
23622056
36882703
41286861
41806874
16368875
24557366
57806720
33986676
51545100
64110564
43625188
49367729
19503540
25023806
34741347
41074935
55830604
34770355
45514895
38872733
71889873
63243881
63693281
31753261
28109691
34235721
42590843
38308488
28261095
40760130
20052382
20461944
34284225
34120265
59640508
33980763
39274603
29991038
31720469
68315446
43529546
37547868
53222609
35822694
53630000
85872853
28160549
37450721
27382655
34545515
45968281
42205361
22951014
73272603
32171214
23888379
77666630
62684731
26866319
58992598
15816686
58467404
40797235
33861238
42229915
42415334
27159068
25813275
45578667
49942427
49520393
19158784
36676925
63548324
26894117
71097553
23860986
41201350
42839857
35933645
29663672
43515684
25334959
58278740
65193858
42853821
22246759
71267228
35344488
42102175
86296002
50922945
26671021
57597667
40842646
61674638
29139972
42410618
63198459
52876161
46090373
43220547
45413230
32559184
37184480
72204425
61461975
36137321
42412178
63431022
62461030
41932982
46091110
38399785
32220721
63430344
36641919
45267727
46238911
60162056
32304173
25536925
20355713
21344080
51805484
61959219
38995693
110444077
36827255
25593222
43061559
36238031
45040012
29738906
27008792
43449027
36209862
28124803
38992069
30934744
39979242
25546463
42387492
26579275
26358845
52891084
25709354
37300344
34446421
45203810
51268197
67997813
59130259
29854404
24308423
63572588
62292244
57180801
48135625
62266747
36364350
96435921
90188607
69395772
34492714
89724968
70463958
37674937
25217612
49194187
36156427
66703336
19580815
