122581297
60822296
254568456
101312465
153749687
294142810
180776436
128674668
193554379
98607319
120471083
103780341
75088364
247886559
305792522
208710681
86430180
392747210
131242214
172786404
244845691
235430274
150879809
300631914
131609052
186548647
57485964
202951049
83334829
256680321
212396053
236399163
205330519
216976719
165207613
138431722
121476224
252169781
122979709
130449664
197502766
51937804
136254596
178452946
215458042
141796776
102091984
94723422
244632096
328048027
122944027
149579641
200165745
133684965
123515273
222657282
139653242
91034568
67738399
267010650
125646227
488598081
133110608
252947139
163184377
146374288
174632326
134474362
240187229
86761799
121322329
200901551
139626927
69023963
160105208
121923333
130861487
223416580
102444159
105334342
257793768
228451182
143862123
94954905
99984619
160642654
190967012
209605838
125280220
188532755
211524220
110673462
102238710
189075679
109067993
63469104
187183233
299292653
153735904
112745226
184356936
107463195
154392918
222764882
125288893
200285524
289335943
219223867
103655327
172261112
225710436
99727871
113008415
232332172
87318820
111163018
274566422
112239156
191654319
150929265
132194120
211027100
215551051
163431099
52282670
181339195
102900329
337559632
155845410
148422789
103357375
224480480
300936218
198572516
104565768
135032810
111331663
129221851
251826961
206375142
392922761
138099450
236511253
165003070
152312946
115782818
221907570
182538561
198101855
182750344
125840827
156116454
105232338
182932434
178296711
93472130
146667305
95191897
146084524
102332493
189249894
291331503
151505107
233710574
89721679
134619387
145222561
117099956
135342814
70341240
73368693
80953148
97577203
90744147
187271295
109682423
138689674
127227311
210171322
196358690
91896882
208119986
136335413
207793180
235977841
97750564
63621500
189705359
176057851
185260569
233973505
277953531
291475366
216751961
69362517
195069471
296895152
186370685
92242490
127056184
142222233
194385386
185282974
202680881
207008088
211875095
97670991
86624930
226307743
406643737
141649470
198896226
167875172
93531835
111246244
124042579
135595054
286729133
181269943
108442841
143918870
214436592
150677594
114926043
149757141
132990776
79440843
113726458
133629562
289404051
142306160
86456263
70208347
100217423
337371387
184514439
459098097
260467042
129815524
173335658
210566022
120258579
196063746
117797233
83255095
249027039
105716845
93845858
149204186
140695857
176462144
166331437
110417065
126869814
181174771
223829516
288462929
241103228
106996814
162892770
84624373
310935669
142548085
175766410
174171228
106599351
121560668
96240698
146922117
139241522
314988525
62417209
209272676
146732404
246193286
91848815
291344936
176401718
238138668
154610913
188355611
153967343
164378440
128452534
157776894
191358501
114037194
201027824
98835353
196686823
317382987
117578492
108567245
74922945
255714134
161929939
186539429
101841278
133537060
99023011
160160731
292900695
195036134
116196785
151576029
166607877
136475844
300723289
154724628
188880444
154943204
108824084
105033866
139168083
169780301
217710826
180365055
193640532
121367863
109366289
160058681
325724303
188113954
151101166
194416089
163420813
131392565
79740625
80573629
146491056
171347777
235807322
183578428
127133194
126744689
205441281
136256886
142329177
91984275
99451617
135566180
177934106
231295392
168035661
162852816
86398534
221295469
180144986
178104674
111756938
192317904
188881002
125837645
217936255
282998249
160679980
96478675
233052957
252022899
180075133
111614495
96849696
141116667
129703984
102475133
191373589
113645123
206235069
185490342
74575899
93746176
173875099
283495206
143419700
210690960
218866672
190827377
110629474
177281715
192723751
151609225
138460043
119547310
196160425
285486912
109463092
96642286
145424796
192743922
97910457
221439364
128948637
250026964
250938416
173698007
320509839
112211904
91206051
81899756
140155429
145495986
259281314
94953718
162831670
205925343
130741472
94587609
167266133
213947678
179645634
128988550
357875805
161439243
306828695
223235678
220157075
51220287
117843315
88300018
213399304
231377552
148939022
232939978
181487909
204662830
209221763
325270174
134025709
245993300
209103194
191319231
247003829
285105830
168781309
271619662
158262569
159775685
130612866
288399781
83332716
134109669
138580270
124988357
205766674
121889007
158107777
116481474
274229081
231244986
129620075
76655294
215154889
135030828
219207046
51383205
91414517
155098410
112231974
235902461
334962155
92000391
135884264
66949643
314032237
324232034
274337859
176659411
138449593
148175659
164203141
103310906
138971189
200518195
298821560
154680076
115073943
138907034
249164794
104380925
87665487
140063004
294033071
101424125
92551628
220114626
189939809
159730135
165150189
180073439
128449887
106281420
160609002
202450548
116418690
253525682
123556911
76166548
222714996
283234117
91930882
160466823
118051592
120974649
250320499
306544125
186030602
186766579
143349768
342385508
243690455
223594107
264454712
143836900
110279235
281107841
118163471
170989476
210193440
125318748
178012459
95296218
235132599
125328520
203001379
81414237
113874212
216927748
178361313
154680600
171915009
294134294
86899491
163730961
168327851
114872106
180217123
178447542
102356929
200867482
286429972
133258813
192887455
173240522
95398231
105267373
123349803
303359789
166719302
188463035
197777222
150041202
180092082
117913481
123600223
225843755
175454203
171955954
119417698
264841338
105726023
137358937
119842075
115150109
177907420
89576230
157192809
144359796
127731701
306035217
167367946
209691447
195085822
146364095
115020094
190430165
140805297
186161161
151638558
232538799
185152183
152750524
125834958
197278723
278488174
343508682
129669695
239118824
68798312
152912602
124825752
126974863
90553799
196297450
115432448
100465632
162886500
185599350
145776451
153606891
180120554
217399039
403216531
197031430
188171766
130055542
235946640
178787088
148754144
177259279
120122659
126924670
166560368
118356810
185347773
73786812
188716870
247044452
172885422
57288912
270480844
164845903
161020730
225378260
206577796
113853997
111221069
116108489
178478568
229302487
231062567
176488033
265190419
282520119
266162921
164170611
131618973
74518323
143410740
128980961
167455958
155926161
201149285
231083999
96150082
104682979
221429992
193254204
268087800
218031003
133351805
179080802
240875641
429909596
155196933
196719246
92027451
96559393
246050427
241120226
107758425
392792842
216393361
159584202
243986831
144472061
289301143
182114615
105222389
79649165
91711526
186481494
86330776
171861172
177786316
248579425
217427734
280390735
101740276
58360581
140389634
231209708
91686531
111847332
187255156
185483898
88793680
152605220
108383353
113989923
174972633
270561116
148039355
371379793
135410379
143628125
139699390
150154466
112736655
162675849
196461598
126361927
102476367
104809102
186284954
205260131
55097593
221063911
187331380
183065331
363582628
140607766
326299343
240151272
192984749
239490590
128515957
274191446
190330649
124093212
101250046
48269830
165431399
88734761
75781604
143392859
101482247
240455562
78123208
147005552
166860730
228793382
255196455
105830546
142519975
100354298
289117199
219475924
143564713
87666236
188712810
155104058
126159997
86648289
144980254
277457334
162457632
82748920
89116229
144759802
198833107
277649107
274872190
111464537
240135921
173907703
83194795
80684800
148374141
152018059
127041992
66162043
164031854
149367668
97732431
182923934
136809165
139749334
104990332
193527602
167439371
234843516
123501077
130320634
174200874
195870488
108639363
128048693
158581997
114803626
151682268
232213694
96350480
100834805
147910110
145710612
302576199
82918119
130082581
125642683
229258700
120478010
105650343
102976460
234462116
252340383
391906151
179967276
214552623
104323836
208980089
195310838
136534002
185545080
143778257
204299417
107357788
185808025
174889303
116715446
83595475
189205791
183724685
91526773
94842553
150383381
140106995
154408856
230082874
105893163
140819718
157509352
199672356
167211785
417233496
153583049
163159832
146806409
111880024
158327758
192074631
245956684
55331778
129606254
240767681
134873898
205228290
92432066
189495232
156213803
115495965
259355773
230763255
378791465
199382982
152425652
170613349
119059944
261176800
145386463
78734056
84355918
84312056
115278661
120900793
127394319
206816714
155228189
198027168
123473554
245254811
204905828
250136110
102035414
199335744
122191701
179320252
83842529
144462284
153518858
209949066
113434882
128021394
193288244
165321253
137026509
136916464
155345052
246492707
216799507
137821442
369946258
167511472
263792879
79298934
326256744
172566142
275207771
154498185
187185701
210317928
191171771
128672774
255632145
144981104
85214993
67328749
102009417
149721673
238071262
108503864
139946610
140010329
210386574
184783481
156291926
319097127
107962744
88671422
192945009
225024027
219562280
155883837
136873268
95100944
284406245
212861984
100775322
106074648
107905201
124790102
171915446
75563049
221966278
222407882
262482958
108113222
171963658
137359052
109829652
199438153
82532772
84586624
205720890
116217813
120699895
194690072
231246204
160004805
132024299
153177431
186088854
150433519
189254208
192860693
232819015
112433970
129115367
158291165
182695991
205465292
76459992
211843577
308205320
123803212
150632224
230858834
51639599
210525189
114691316
248991480
249923693
224409333
181703658
259513124
294693522
110224603
98552065
151003316
96459821
95829713
132997653
160356391
178643522
80527588
86029285
179839828
169299857
76829087
189222719
269228060
138590778
272196595
264630599
134629478
138490451
173630121
191626228
145636421
92266877
137473052
137028451
157547023
131725242
213122423
118472612
130571203
85920523
196051708
97221650
172431656
132789838
101888545
204141291
158336875
118111681
187763753
171745967
225170143
119716231
126639947
128260657
109197176
96496403
105549343
193952802
173871300
107747402
202726735
97808659
241142042
101480768
252065662
59885635
198180921
139483089
199009707
146634914
105284144
147968448
283395146
206442094
143114820
272282946
122808930
248212277
161640688
203945564
198133584
224311038
275575121
226226306
109030999
138962174
135065381
153942404
110970632
153998847
152203583
156297848
134493754
295400330
97346113
213224029
36778094
142122112
160368214
167831318
203044649
205587635
122103479
209389491
153328750
158907821
148961209
233831562
110767744
217605359
272805297
174567866
267613425
255117134
133052765
159934173
370876681
460368014
174121332
133321499
180524842
103603985
156374842
105860125
190511208
104734773
211569554
143611965
74828062
160295396
251867831
87573469
296625058
138212260
140222222
143299479
184489833
131465222
125112602
119836473
66774768
283493657
105936143
89991927
190848660
103839765
222660601
321514053
226119899
325281165
179405289
85247206
555112863
183140817
186010335
148351757
126472684
240547460
78544517
177551056
126925567
105220522
120415634
128418701
72303389
143341414
279488286
79472063
162058490
120446180
132475578
148420254
90707599
120447239
100218858
90753249
143303414
178010555
198038545
106591746
115694648
100617658
236399278
172738296
159509810
213806853
98260669
126147924
182456905
87986162
198233456
231262547
60190125
123894490
139741680
124838219
142689902
169293552
362313951
241258751
118620446
117307812
203629429
123419756
202716072
184422419
297741830
203893212
119063478
213817957
137813789
118477945
114822693
191358629
184410747
108710836
251136905
173017221
149400340
257401206
58105105
134088234
65143844
83084610
105823997
108099011
183477341
142204461
151449156
198611713
76106608
260911551
118818097
335191932
206877835
125200054
77496017
128070305
187276383
182360615
126585044
177461376
134491947
242189771
143116101
110921759
189380238
89793784
149282097
268397891
218247927
167290037
144481011
309611863
202652133
168724037
200318810
54228060
99493368
195910258
116115176
109966176
229350608
96664012
83662177
279745394
182120076
132913030
344061412
244937774
101709960
142485734
93280207
223660299
290136850
159171833
226867542
145079395
180355122
214481748
119173628
166709611
188197242
213910136
132481839
149933288
127604972
143787645
282772071
177898695
252326825
153871020
122650505
105858325
94555199
89495145
280675851
85579108
128440437
139813310
166316853
89568037
200199417
151327687
101201019
94433295
264552841
116818306
224118496
63566734
150441308
112928101
205672442
91201381
64152932
271380224
217024592
275876462
198453134
109082095
227134639
149243676
159806526
146607856
295445397
66709610
133172811
230304786
184072310
100790634
94610608
286190460
145026884
172065198
163663730
221820069
159656200
199376853
126592164
90301005
121189348
189152203
83537427
110454769
211717296
164866015
138054342
101414874
104187450
313237835
147172273
86447391
153524609
168778914
242029984
151403161
134908491
102839847
88921701
127155761
223539828
214579816
202766749
151380317
206649900
144364010
103341221
111925201
279219713
163234897
107421826
202398393
254279774
199171063
170947635
61088054
221179865
158112875
109439714
112251621
177106736
194863619
125447171
104162175
115694221
116715382
125439531
67797294
75229522
228034117
342470944
82924331
120149462
231188938
172502870
196243231
92475290
207128088
233598785
190473273
268156405
99012880
229042780
124133528
163236946
118577255
104136665
83235761
260759207
163176120
189043603
112704768
178399844
127969361
121022948
234166913
210794109
139706351
197243554
127606817
104566030
71336793
117427219
274682839
219324895
128116302
114092088
184859305
102951381
160900302
244951840
127638787
110530230
202799756
101184076
108077724
202419976
305007232
294146077
193809580
92812496
165969458
206437506
127795314
139544696
189181084
202657718
103032645
149632197
159892813
160231356
172218206
233356688
178099231
304733398
98665456
177587600
153891052
180400582
184091251
183203510
110811955
168533448
154202733
81137100
188217764
146457360
170358034
225215432
204823209
296890095
144878539
150603700
192167700
222042637
126400391
206058136
256261855
174307716
110802319
74797378
319730700
233137299
240277902
115646206
212811873
127260464
217393954
95381997
172206653
166725434
104267561
140344057
204526440
173533544
123722136
135009943
123675369
88006814
214497190
125624863
250500298
155747496
105564486
171995017
141278398
222715054
166786858
216990376
297641772
167732951
147486842
103361178
156442470
318614336
265204626
62713160
166361267
79633888
104973015
127054631
208489927
280493692
310098603
274924561
158285148
190154529
90691555
171431797
399826411
224031061
106295455
268131132
116178529
157315491
107749887
324533275
284129868
203456983
316952793
89755387
167358168
95933468
148932648
132431531
141679617
147112955
297184469
91096592
208634498
70098983
115421526
124416338
154633411
149449484
121685213
166791714
187391347
281052042
85892938
110716207
213412362
94276523
191259430
134074626
183276710
182144073
167470095
306278167
311720948
85655614
226786117
185737112
237341281
139092808
120877149
152833533
288011773
222023423
117906688
162930098
213445991
88672224
320567133
196746950
364543129
211548763
233989472
179691441
217208185
118509574
188734760
79249763
87468709
239393125
284114459
83462927
143482098
184391850
179004005
64840380
242687102
98567763
188800971
117877211
179272681
327594571
330550598
153623063
135013809
168616170
134114685
87846063
201429090
147384218
205101973
145290068
119938763
142362576
45645701
141432389
290053653
280567215
214909631
147845295
186272720
159287100
162255637
73539146
189046119
103205449
183265167
241138452
72429156
158013458
102702732
191056194
263787705
157189642
275863720
135839754
108885206
129343596
203972336
97839809
118556445
205846560
123894635
99135083
112347525
174777466
279680988
210678506
136284127
247322764
158329732
155516862
121415567
152303298
86038236
116280212
118915523
154484431
149226748
141648950
156472336
201737021
113969114
290717902
178055609
203417612
164477538
199415786
83884957
113498601
164515222
212134367
196196591
111417746
221943624
83255153
87460035
118656384
342709491
220442065
254440165
281784018
184768762
169315535
196287886
209346072
240553042
157950646
225276124
108423652
108107929
184720119
158910197
232067964
164257603
135155786
274673525
160714792
233481972
117473128
226003300
156651962
265852383
145271543
132089500
192584976
148764856
93148526
250421461
339471760
88842456
144330446
91095547
173463010
121030208
252813674
134510592
222522614
92556919
231684597
320109369
149953212
71346736
203575457
219967080
171658613
281596461
253509503
80895973
114730460
86486999
141856460
152423636
131776456
163301676
297733735
218736083
112298434
105379353
173233523
123322719
182123100
109246878
91761764
114480088
161322961
184106695
154591143
90831769
268422503
245991296
110028381
77443353
166900661
258143891
128179999
92879047
145150537
104745202
292834125
109301502
198697959
97663025
125146601
132099289
172327169
121936661
135746397
169344716
104837801
324281619
123263701
170983939
141029339
153603573
220428089
315087894
204780928
144261695
237066524
120234413
230218556
165376829
211572354
317263219
166040114
171398853
116278669
79689099
285872455
251991640
180010528
135510718
128056567
198446447
119153804
132796959
108431215
79691879
162457520
233547018
268728012
209965781
112761928
188268214
168165068
168388355
80149838
198952392
213179852
143404121
139424254
249931085
126861630
190712723
110074947
129928490
110068511
77130844
103755192
144341985
123891197
133063580
194551473
114223452
165864703
160433640
222352910
178186137
146899143
75711550
223729405
133805817
148596799
249058238
176455298
111144277
119228590
193405791
124198704
156198954
200010776
149086067
250129498
136637902
174894625
101670383
233633995
114152350
104654357
225467780
66245289
69036859
120072651
232605425
168229366
113393373
208916023
198774867
95271331
201963592
115649029
136626969
160536874
109728565
236816792
141832016
259781741
173031348
197269867
92022408
262524073
150783168
124422873
231993648
197605076
70065391
180471183
211785218
108354689
278722170
131423813
149022362
136166190
120975699
257530883
125091731
160340987
153403171
157347761
335391222
278546223
287894182
357342282
48983838
111174044
112707781
77938487
112311107
167291447
83799070
100302034
217094078
277442239
297084013
146992271
198251511
102384550
256479454
157542657
204165152
164573914
271612218
209888969
327564596
107963608
120722547
141190221
194886648
225799988
105347452
170664658
232924806
128436428
99426143
162178670
155452553
235022282
316349503
313224341
178778460
224449533
189642929
128896167
201489913
99505186
139171634
203603634
98177803
179737489
144694608
137824446
221981799
112361236
223123237
170549387
192284166
271446921
312794499
92343656
151415890
208313510
211676323
140267966
111044580
129831507
187184540
234444533
204589411
155080456
154199936
205921590
135729687
98126575
173291165
318637588
198046094
115196228
121697530
97953124
162710670
170091695
77977522
151656736
121213366
194218428
75459952
187573571
213829662
124002661
152791509
105226247
201441772
188421651
177588030
186094978
176762735
96206047
80992104
332583005
62302134
149488553
208810941
210108438
123934703
200858942
188171032
94544439
119403497
238655473
144647632
154441253
202125306
244064599
285355349
284881515
115565105
200347004
142748320
112233834
147247906
168499554
133710506
93762724
98272771
72247072
186059067
162038478
98411559
181116391
236015370
180519441
251461497
317391680
116657969
185124567
162839977
169371640
141726784
162787614
144987368
117233583
150294257
104824086
82936465
272001936
109807689
213947938
71507986
198370061
156718261
96629036
144793335
91872565
91005501
151370238
176316448
417502550
261158222
176704570
114029117
147125638
170028481
185941259
192849421
127591157
232768455
178135644
65538101
181854050
99280397
218844773
142136336
198917573
186885552
209342621
96956993
159066783
192517712
187927957
326743543
146914875
120613448
203887693
163782482
129667587
166093539
102222396
126812732
290540918
163914426
156454089
86315284
173053112
110573951
106713576
130192820
120758872
204795581
130376851
183727709
101500564
92381527
291860547
105642478
91631987
89264329
93037789
92834809
182246405
145096986
181739123
123312654
84399596
119602107
89575250
116219590
337290806
348609196
154725764
275832504
126307370
117386134
173978728
196009551
160443727
147807999
220828747
142260560
300020946
197400677
131453899
225388505
105281801
196961156
110625991
122132052
218330946
282927207
79179944
160334664
142086727
170014753
173033972
154346567
110875310
167825153
233033144
161142278
140717538
127178437
66956857
119792832
210152253
203436186
222150538
98608670
78600830
130895161
152906916
103252219
109053298
116319426
192715571
128653054
141033103
240733446
182839367
433554343
196489021
195852646
77963315
85410510
169698086
120604894
278799912
128345072
127762326
159880688
126770759
189449592
154322913
293782540
173737956
189386909
243602803
183388130
325156761
178741772
273953989
198164456
246684234
275406782
187284408
164114026
172320190
102809280
176583746
140862764
113587663
146352922
221477007
141467967
225162767
144982922
161606021
331863382
147033616
170512395
242906480
153300390
135942438
162858379
166027756
186872157
184161358
116891232
51574312
137071483
239507451
133890219
98375754
121838062
123020448
197082479
72088299
186799015
102938155
240406716
158990696
160159181
160838331
82590509
182434547
134475757
187540587
154545750
142592546
93822453
106891638
117804085
294531158
207349659
160807978
129903089
124836498
163358832
100684151
122326113
123186738
126469142
139713254
173423531
122130500
89527924
218034121
125238688
197813893
205041367
78009120
235237650
179556760
192648347
152994856
86434399
232966228
301286907
121555721
143856127
129676971
223564488
86519178
130927952
145518245
149801302
172589670
133998265
162354165
321254978
231164821
88372951
227376589
118141619
121014642
218954103
179665980
208306391
200373847
123516756
191179608
182365999
125072287
179724057
160593347
205523638
78227637
148126846
76781357
159472047
194648352
134392528
364633487
131182001
180301786
189368857
399783826
108939348
156612158
261931794
161620445
168993236
219798241
194802124
383861728
221136883
149546979
83568377
83662243
89868126
169038056
173832129
86928541
108401921
146937615
152608947
101514038
129926908
105499242
103625096
113803497
109972684
124308918
301234646
117149496
215653785
186393536
153297803
280091767
211170509
148791570
188096884
131235164
261854258
74148858
165715284
58945390
91857395
234024887
111221811
223917602
174937088
99603151
241361481
151843369
231915960
127051798
152421619
237556197
104250711
130012707
62963485
127441630
195438298
159876826
80503148
167052380
180775470
104814676
130364767
85317220
385565651
182250434
153665915
281520210
97925576
161511312
154146425
141498359
386613368
312084687
328376255
138445270
213060650
214539334
199518359
101632713
123261932
115781815
227917566
128332257
250214891
156244981
183511675
175177947
211431754
206455815
85773127
141851153
118683959
123735093
146289223
224365109
260625443
125848499
140089445
155268211
107041585
257628609
243773338
128042715
82940520
288716832
171039593
117913327
206004817
274397467
73895362
141212088
162707694
120565078
189042970
103140839
99164285
337330738
119853326
187703226
161670224
114644594
311515403
99960250
93829780
139765209
144771519
141162277
176205673
185488248
145798026
121014028
317844278
352389172
79887108
217879647
240684192
265728144
159343938
150581847
218161369
160161325
193949199
130053500
110848448
248629303
405850303
164491888
115091013
164822387
212774789
216869005
86977423
175966155
221754623
91846389
200814256
261199892
208300742
327440797
229861873
160720063
233252901
210399985
299919027
130205334
144937970
155186698
86774505
124099432
161946821
90498034
96484272
138132363
240449797
181426615
151869068
199602454
258876145
150753874
164638686
138613128
157322005
101628546
147312593
166568415
103725073
171386543
262921181
183305350
160665129
171025084
315224552
273210195
194431524
293649201
165324064
253406681
137476441
111832779
155129714
125712327
153602007
172230396
153574227
205069831
88701534
169799383
181035753
181654438
206974720
179849919
110897576
263395835
213597966
152359582
98216876
95919943
218064033
68132160
193055354
221179257
208762634
99615610
110305161
143700705
143540640
187276727
206234724
259802951
179690758
213179557
202491320
96352638
205343589
160194924
230779135
125155758
75905198
212903944
165668547
179237290
392079456
175942136
199655511
168351899
232072624
103425513
230074250
151707839
231543352
153074486
76433957
228709107
182825950
116539608
153187269
115923946
210344077
324271628
121114853
144290688
172030438
212238208
163197423
194554611
182964584
228622339
218217420
72710207
93145984
215214711
144631953
163364632
249661156
105815951
174213051
170034149
101842121
197170661
125270420
103102989
130243375
186037481
170533143
128783025
82771296
106712188
94790321
162324946
125517838
117690424
137525615
147914690
351408047
206930908
261365798
203610151
219286003
93216693
97948891
101708754
323149021
209418979
245318006
88325919
130851411
175088619
133140834
203304207
178313916
123895342
132849703
156145828
199703678
203277368
167053556
242332984
173906216
273196824
151719557
173103720
178398601
150688822
262416500
170822813
209930530
161414937
150718054
233373222
115215055
260817579
174253848
190809135
154798449
210102075
143321196
144845113
135074510
127301775
227968853
250622108
108544517
106729973
215152864
140375638
302235984
136380243
159152047
234483938
389510303
118143267
136141486
165746541
327511199
141016654
154715728
144773952
60549422
117369832
104298571
140172675
206825864
95985909
190368921
245650259
217879566
294080103
300769209
129833836
186496584
165510588
359005224
212733927
145748714
120432090
109108581
227806267
175974025
86880918
123666075
441118288
194563387
180616252
317684817
217982687
103900307
267141656
192591396
136754498
130140711
232258466
270579652
142889591
150694945
189077593
153239056
114214808
129003340
118731221
90033162
137137234
152557975
134284892
186841037
103204414
127253971
76089470
145344265
138234987
335609671
127137373
87531761
187945329
321364007
133599318
245075715
179860122
263389509
132794092
219056864
76768798
245874492
279886855
191119844
169965840
179254125
182898231
211809714
171585261
244495360
116012631
204185065
204680697
222405892
133956398
103512000
90223587
190535061
194721687
140864523
126446092
125077411
65256376
134961144
93630291
120885088
142367130
133315118
176211592
274334877
156551272
170932161
305345069
92079280
123241440
99136400
237284681
235291489
127171971
115478006
242478825
156530184
140341589
175098497
275272277
83902013
65773687
123464370
113396258
193621415
132246953
254656987
169628959
206246910
95215756
98704362
238906304
292367686
109490295
135700917
134337926
310915890
189060587
168157242
183196082
234526871
80030761
160776776
283243461
181823147
156762003
129234753
174209535
104038068
145074759
164920204
344559273
104691887
205459994
124917424
294801013
180670931
227452669
255342460
199813480
230923658
126440933
221959718
338101142
97838540
202163016
114258225
109106974
317026532
111066963
95033894
116009803
464281507
227077632
260030420
167105800
252903470
194895073
107374455
265461800
236568644
145949205
172006669
108996193
130220820
232871979
230444916
52445327
173187828
137342983
211125058
139575132
209400832
120446076
122552285
123978393
240894356
192628628
176954896
260813703
102142784
128645932
223133161
192127357
221104336
177465519
147442063
136252628
143930697
135886567
216688869
133690599
170530987
226558565
224332288
143283313
111218526
99172874
126443263
112309503
335515018
142429417
91357303
207326499
124435299
118050961
89694479
264761830
68203156
247668527
115534253
392691111
148021466
109377236
79664374
124997170
89281239
142342795
138046189
276134478
130570556
221344858
167715473
214931373
233568352
152787936
156255840
236482778
54049852
190909456
92322723
116189142
120340409
152577697
152592617
143108124
136884922
134510223
183617076
81002467
271194729
161795317
200392783
112660362
108650677
177723513
205239318
185742730
216131040
230366033
111920255
154186066
129374472
211225271
128531703
103684275
201267807
166388064
257780914
232302560
113217824
157871860
134229822
70455212
253620898
146447048
325993613
90868650
112594082
126855942
122338953
183908380
150270396
186122416
229720663
110929553
298133156
122742239
89733829
121028391
275399821
215531405
194483358
176011336
122621867
320990685
126855091
146665686
264796006
171110180
237896406
141130249
261337567
178956410
105617099
155299147
260506379
211607248
140997113
88439522
230512809
129452597
174123260
143141804
202370905
131535529
132093954
235070749
105985234
141784607
228385901
111037159
103875285
148535184
160925079
203402181
159214336
120397504
104977741
137248465
205499225
131894844
101782218
97591781
324271246
182116221
196801686
89277936
201930724
72525271
177125697
260321403
148257781
252525166
145392437
153869794
137122006
178500210
100865752
170771140
93321397
211551023
90575836
188142496
309666013
283035391
205477376
152201621
104688820
226799789
128296526
154287490
90419853
186406586
176673432
113472659
62647457
246420724
177519083
103765022
291861015
96713120
96000246
176404155
180842474
138056798
100407127
223348634
210977293
108973280
180576609
292607330
139349785
193824849
132647384
183485298
172478240
197267851
207495333
171593906
190950434
254045608
505690168
99751402
136619883
132912894
421585207
278527938
143426402
191729956
106127158
178011766
170200313
150367886
246675167
165606316
310359929
171078052
254585616
114074204
190554005
81827127
182779489
133596955
228586878
202093080
203942936
158236047
171151926
196881733
135056643
127489619
474255764
240306858
128542396
71476081
190190914
90089137
175407878
119743234
99092935
289763272
147770051
177030930
110271538
170282116
277156789
243281181
113083947
123096626
246457719
165924525
331702489
336979632
224350802
166612342
117352196
129308953
109452032
160626949
127204306
216332556
130403301
94760446
118318222
223153207
189599141
125669157
210978925
157197048
88176375
65870057
127899951
78814280
131721690
108603361
161154349
97076346
101058230
208114892
119375324
164490851
100232183
163093305
125959178
136039163
196313226
144547088
127594785
126488584
82392003
230202831
80260010
92031068
204380456
369745872
115240370
145812907
129513949
151174356
124563377
157214299
170886432
119641400
118463069
95304763
102484474
93225386
203139463
161174462
81040365
99519475
145231317
78756854
188260190
142948021
134148142
106536306
139379514
83697809
65181010
157041345
108125144
189564001
122582212
199622057
218534030
155388642
204891487
153468169
214275663
180944057
187871762
128869996
167467468
140169369
177918532
169257166
71975572
117671074
114730290
149787977
135289028
107689618
112360857
171075823
112712544
66266333
63533965
204956272
141651811
96771674
189668033
87665297
222946560
192434068
94125824
156637623
344021129
124610293
91265753
117848702
153767647
85137495
172103770
174748902
109124090
255331915
113629842
72078684
135182515
207923801
106562171
134107691
66176912
397582430
221435779
136840380
129127260
113352273
148454318
78580623
74578583
140614034
125226586
144632057
274060648
210095337
139461775
84035196
180517759
101589289
177018034
157782763
242256445
97887281
198445503
198154363
138096614
135264264
274599033
176574980
150717339
162201736
327781017
183105053
123929484
113865216
169663158
195772031
148285412
176551262
198623572
94064877
108458838
238477640
147681004
96629880
122116470
77786893
139855276
161776152
124593290
112287540
93563016
283055401
85598150
205914079
119919184
153529582
107024338
196021593
107636040
243777232
79689592
232453652
79846704
118692039
225399168
348882027
133881357
224573918
143301110
175711141
252213344
72685576
210481497
200127269
109617248
141747170
281994425
226494690
296563871
94945605
102974941
89344812
111497736
113480281
136122113
98751968
133607853
137385642
103029411
143801783
80667737
118276940
226648861
342625742
195018667
111843674
178055151
65383521
147098068
144956207
113057801
208724281
80788488
112868995
130868508
229474811
214811467
146473095
110904797
207381582
204615565
124300655
172988717
187576332
191840603
263936570
158812447
105932311
170902218
128799805
212228580
318206378
115641242
117569217
212145428
115575217
109406506
201485932
98926151
153712442
142065032
207743676
280386520
102660146
107399238
221854823
161673950
151048583
169294304
210309321
150031515
315602664
179477392
173570565
154276388
179392012
232759130
115428301
125980233
126273126
134643573
99577709
158442968
155709925
101192196
194558014
141486433
82592173
174452865
101023318
146189607
123319548
248578349
124277533
175974716
194382636
130446142
167474753
99792256
139002409
147520019
150634837
169522172
126417615
106620206
155470544
139378088
202274617
123032041
118104210
94490050
293156136
118897821
200560353
83233565
89687498
214858286
103493107
136569537
202643558
163656911
266054203
79888342
126530668
73257417
134587728
148461225
137568067
168406340
167180454
215162726
215085441
156690188
194667073
79556060
99560361
250850339
152287249
264199318
130412842
67232922
108541414
89453358
266620129
137941910
167244510
217565193
323219448
136404551
232976823
182691491
91107585
149402547
250771369
177607576
165810982
237929511
158754773
116672758
143459866
329317910
108807088
149587450
172832894
182153743
129202190
106044949
124382925
121710048
253856675
190207987
133434251
235754976
55033516
197489184
115369490
88565443
217863285
150628699
85297813
152551671
197483786
83571950
120404262
75579654
138532129
142122948
92366860
119737712
109745773
147216950
237353285
208089760
247117058
123470950
201893971
138204457
294281674
111533547
175005338
93605308
121550790
260677231
253423766
90759334
157110795
321828219
113244627
103278014
150345749
109083160
127034190
104104172
89619309
120528086
139183316
158075146
144463051
130694931
270666367
286806581
194867022
91157904
153384857
133684279
136586936
167454139
431562006
146259503
99905469
136528372
153829342
129056889
200801415
198381243
121470819
102430145
89406130
273281154
132487282
234895801
121536449
97160895
138299825
148864209
116510960
180811098
114745588
235634432
123610937
248092666
148025764
161147946
158421938
122466205
142885665
396934797
254670573
239513483
153511319
128523620
105823342
110138904
73919294
127415474
154688820
318010049
220128649
173575555
65847185
176349350
121843454
196534710
179729911
141956003
207150466
274738749
180635110
224212056
112739352
179356554
269265397
206452703
143334124
113932687
75550758
157502671
97952192
61581399
129481077
184213266
166626492
161248818
81418754
118716808
95746573
110532183
98806300
115341639
209242525
144952807
157005299
167184735
135683466
205728631
204382365
189957676
122168684
141653646
157846844
176545388
157251461
111288269
186047438
121640161
329267260
147690689
186968013
135503942
214899469
145619977
154972779
104334089
169728226
108150048
233172252
118058759
154727757
110466497
102620135
200504948
156968159
230365952
92895990
98169979
87298165
93777559
164848735
95664690
90122905
137660091
93873229
166405420
145078300
132448997
70033361
252686136
114519269
125509175
196363422
266988141
94155518
174245230
199548706
85060600
191003620
407542390
80371964
197558841
103060477
195395059
119451237
170064705
161528088
82783675
77654471
73113961
153672429
350014215
100374204
75897195
64664045
115140862
95861346
222338370
192414207
130468761
280703293
133509297
116343687
105357267
277567927
132689594
110142641
168833234
245858578
123100561
149976239
320218518
107984834
127162891
194981129
213076628
151218317
261345692
525876590
122365339
151424686
165804701
129633792
202171428
202120605
223474133
78817914
147311461
218615700
185054829
144308515
129207805
174473222
159185079
180604825
166992159
194686766
116952363
228384312
152968472
149284936
166482516
105432078
309055104
278276861
145509514
334773882
234311487
347231910
120327930
161966582
164477961
138822825
90471684
84777137
120791132
163130400
139504981
117467385
208920267
141701729
252132058
265184139
231688828
93418431
309516190
217475425
146193614
73622350
172389746
127334496
85493229
91750797
192727091
122423906
156008732
203078797
149246668
196802262
133626306
235286887
111856188
210605097
291795097
58343484
154400574
143598144
135236824
118561533
219863961
74070561
160983361
137455066
314869511
150196434
102286731
228084867
197941288
137973592
128989186
145341483
348144663
124600910
128104772
100389246
163224142
130676447
324571904
158391438
132259227
136297902
100368658
292316425
213394956
149437190
135428137
127269331
178617337
166491458
216433189
117315794
198237590
187475210
167544494
219773936
142474237
224336677
286496699
127864695
153749925
254772563
184203005
193940909
118241398
92925254
143352419
256779493
113668802
214236732
168165280
81454577
171748967
356798730
72110813
136142266
259085275
299193260
128645426
215839827
125000697
125011226
143624951
151336110
156642511
135171100
177185268
150064072
123204340
229663986
277844873
162549621
166024022
62386663
74850591
179451788
140457495
252411804
154194766
104568452
142422512
165978492
273216343
183150169
161652482
175412422
170860970
60401172
225557885
133885925
347939772
105295272
129184424
201107850
178331549
102558805
149596942
147570615
100960737
87051988
225440857
207857620
260571999
161052438
133854834
114976778
97313553
178958891
226991922
102304580
231119510
130873027
187069600
182754884
200895216
119677783
104917180
324041705
277024627
164461176
201375447
107004444
128062598
169537734
148075780
119514079
209724218
126174186
141982921
186698356
235729942
81446937
165184277
171428465
98547718
176433487
226864268
95599771
138355693
325493090
212369844
122755537
147509250
182745956
171884722
148984245
107200012
209532474
79070408
158723499
106454532
139066821
108780922
314056440
384166004
216243961
268699417
147495637
297828313
42915173
279584626
75663491
141990261
79543858
245157581
209482271
236589086
271644992
224700333
146348158
282638840
106320899
207937739
121882650
221916069
235500813
93352766
174621674
240294739
236670956
102161114
216519397
153167963
287127195
117204143
118964366
138280386
139343746
100720354
117531265
155385599
228530090
333970227
140122245
197059095
166948416
149842954
179672763
281839559
102593088
177669141
244285855
152471881
189684314
166466699
100590118
158177877
146885501
141026313
199399658
148240128
108593317
172381672
179946068
104875145
158720694
215989170
116522244
190759381
274589906
107705475
238156520
95559522
249045983
180304841
159440357
185134689
195015079
301791403
286236801
131862099
205809280
211024768
277405460
177931450
80076798
205246930
108703614
123048862
194242500
166854264
244275011
239013231
222761910
102568806
268022405
167116679
152840648
102715344
238359213
130723698
162190342
82899726
99040647
244815217
333068810
114111381
176366195
110823173
149191194
184330126
131470406
132279544
201661787
214431071
78902576
219708554
145076331
160345421
182383895
124656513
130046489
129351185
315247923
141626048
157701581
310160656
265563957
107027522
67548489
245331959
169127504
142588032
116571759
249172053
203727794
102527335
184898093
128847106
168120007
68589426
92136550
131058192
152779265
101663327
185542371
329289807
187682003
311971937
250897320
122324967
171119115
105711466
176188079
250747825
148336220
112435149
114220021
156932574
302157359
139159901
139422921
306903790
153802713
238798007
89306621
147622838
213875436
175974654
78498767
217239603
155244866
251234604
265072675
161303149
219878751
151775560
217458643
133808590
288096952
74257323
269100018
121148917
137010947
82680030
145312433
86911865
210742909
146085351
288836623
341802754
141481691
194945892
134357722
188476065
81100682
140227430
153298815
146461531
105710499
135721710
132378472
152146255
128915829
137468168
327023432
262133571
148519422
164686777
115202181
355924051
160378991
199685577
96732616
53772222
85815397
134981194
201835027
198113108
245318370
152142373
85813330
117300056
173334171
179406221
176880727
165151519
87754900
128232575
100516537
223771827
255662557
118277219
208421621
152865072
108422840
162943904
211922196
233974057
141086775
134903510
274197895
104418258
180775064
90376480
115825411
137388812
173642872
218954819
194116983
181609650
127496489
118251448
255048697
63091641
299444004
69501339
229583715
203964507
114550569
100886845
183529842
139577107
138169673
111596063
124568432
195949660
120817623
127332764
161430744
258025030
76755466
136422567
170667474
222819580
125957854
110834288
444908663
156320507
82732466
112131076
142519221
142347843
150108721
243746657
123093655
169439057
193086201
117587611
134832937
398435681
173831874
287234904
163308164
131970055
236701707
208918281
105297291
101127455
242981588
147317454
71627119
111165408
108713093
175196195
176555768
176398038
70515473
140865360
276913757
91749831
227947109
141227089
224744612
289301992
102637793
124989944
144189950
146564217
109039872
85319063
126047998
109749412
241038631
149305156
168705111
203690972
182231739
168750807
137390518
232039152
191061300
193407945
225629198
256409326
220663195
297470828
301022578
173301222
240773099
129170940
134410222
202454972
82712275
220605039
128837318
101270156
94473612
457543276
87539054
417124397
215974546
155194341
100998366
223278670
208871929
134559880
173676119
231296736
156275611
207083146
166374445
127105120
85475871
225765098
116846308
225751818
117695163
110221939
83441819
111963731
187946951
95926352
126095824
152560715
129905234
212587700
159531976
228945559
114347063
233603974
159842026
304918693
95551378
315968086
94889338
183454336
211579025
146166828
315548372
88944959
124134409
219661990
93319561
97025094
158793576
135278994
177238651
197064179
144620139
192973071
306843621
295551216
110497840
130020124
125336195
211934699
124803836
253879692
113806760
266301766
97553446
172283785
130821418
144250305
81340411
88174048
148925235
129593516
61584441
171527552
108342158
174882872
149580541
85858391
145936760
127263295
116043379
272433374
208404368
180923860
299708522
153894152
226206008
108806350
206472110
122284765
90882079
363309976
137855159
455225924
316462185
272929410
143335324
121622490
116342537
372773395
129046206
138153936
171936942
177726228
195619376
180591728
145340831
201794696
142990810
110684299
147058433
207976453
91944621
405550387
143186207
257236094
253706189
190981403
188812768
227538011
186458977
344032422
153987687
114827115
257374119
110130953
138705146
137759518
241609473
262568373
121705071
74612413
228003069
316004870
124324840
215733921
235762043
137290914
115226984
136872675
217742265
201916792
138648857
218574796
114371953
151202063
191414137
247666813
108003548
157727742
109106167
215328703
395414784
119036766
129430851
149369961
160320965
74027304
103726523
107836131
82203295
159112777
211641534
222711925
186167788
144720394
189977960
206961439
131782579
262389646
213796970
119022714
207856160
101106818
320842966
284824327
100085612
192108569
160584971
147654020
189054776
148574269
203194225
206693639
142299761
142542938
114789257
74424523
206352053
142253824
116479180
207250871
209347054
189259455
265674967
140910481
82409603
250255346
87101712
212192890
102422745
127993429
93133423
104955607
60942314
125319796
113491487
148563361
151359173
122244832
264898738
130836951
218408317
125221841
96060423
259984012
139462817
122290505
184839556
168635139
108707379
223967703
146913295
146921412
128305595
225231569
104806253
268996619
75722351
93905441
118936476
166910946
123108576
104614693
86798483
218870455
227092540
279472733
191003430
283912958
169857098
130408604
193762918
137959880
239720219
110987441
178805752
124149427
102846980
131713782
119374600
225944446
212822466
117916992
220858652
146089319
181502037
169281963
209843786
141333991
166701599
97381173
278241792
165536406
180386450
123452131
106686817
185388041
212712577
307704128
200131734
115269229
169002994
128551418
109207351
169930984
131240922
252589150
153849171
186082657
190808674
170151166
270594405
149704090
179982194
325512781
126330892
314491455
133484716
122573669
84963982
215399973
145960281
166307684
144028293
210415981
215412228
205828808
191646389
164995033
221191174
305540803
92885409
178416775
237331259
98851344
145366567
113565675
179284763
170370146
137265996
207006286
272568535
223396754
188961233
76272257
198120582
90343728
269237275
128526011
173475093
141650402
154352059
120349766
137647409
144389968
175512002
239208175
152420070
212844117
203599206
186531792
95655216
102259026
169434782
155847000
422515652
103121007
109823419
120764436
134899774
148962689
85237652
86521220
184564743
140380667
219427926
194858016
294527869
113500170
274111573
87310476
121512646
101097292
155113062
148011968
143808710
128716533
376173341
117409491
154272814
95874788
257645645
160896094
243990446
203680026
189420289
168194607
173230966
64494646
165558004
134754945
192326231
153503255
87349549
142181505
138822424
83637271
254406570
107992916
178253000
228058290
122832354
201836010
143514301
166825777
89945682
227082865
127293959
166971640
220598720
100724185
158880332
264975114
167515490
65759859
147327760
173019150
167368239
181304051
209949475
228797962
147710833
246360216
133943869
154513592
218510925
126898956
86932778
108643493
217765533
255501907
150989158
240683315
147442983
124379884
110433148
243169323
108396796
147073728
214666815
108373625
226013709
120378050
227016629
231549288
79061224
154906645
103336204
158921737
159721469
177714638
144619078
99876106
149286387
84482787
173529445
172597790
162569345
165513501
124745695
132009221
227826415
270408950
122159822
215050485
152860483
223603200
295644620
90987836
93547453
160020440
228907563
308232655
141140873
200526442
148289565
146499052
204197058
142657122
165256339
90618455
165901559
121477535
129236988
106025140
79017324
110784808
201044851
255669377
89585531
124172799
126032153
186150740
179407954
144378096
139915375
168595806
210181833
84593371
126015772
189201254
149358107
191108098
96768580
212871271
254250288
173622723
229856907
121716584
224180029
113155150
191459168
113783018
118418808
122036683
151464881
242583406
166650431
214210698
162152883
237328921
139627199
203617000
153618978
100928500
204624800
76330355
143404753
171680801
102460778
167051935
153209484
124782828
423409282
95314280
250829085
152851764
172252484
176092995
365577839
128145531
105273123
186034063
109613654
269459895
161022487
65868409
229269785
191829344
173486133
230873231
135668406
115414974
199899522
118274431
128752910
121512087
73803110
115421734
126769183
159665006
240255787
164267757
96311080
241184762
91447664
243119702
121134665
128363172
79490611
103414188
144606408
165463495
152142769
342372424
198675438
170482235
294442552
147578024
194095409
210069251
86615924
105709006
125328459
182066905
237672571
115380225
93131596
110450077
205960821
190240062
159667605
305806034
166849888
194275016
184106752
89565061
353111104
240779534
129771496
102047437
124625679
115206641
163574235
236668172
289609804
227231862
168142519
96910690
82249292
210513253
127634736
105342583
338109361
185008052
157418906
174796112
65843047
212535674
228276093
235573676
100623747
191695894
248321383
91523713
91205739
240891828
116632668
106497858
138469433
154874654
206914503
215464993
109460036
130697548
89608511
116969666
342653689
291477949
225212365
126060967
242688561
139487008
208457824
237360906
117608046
241603656
230680208
204587972
95554192
125383762
234951284
180054060
200825292
200708683
122070543
233017960
200378132
172878132
125521882
106044617
130541177
222191940
97831890
286253915
186126484
126341711
352696518
99186991
123732876
247209334
154078448
142720482
156686387
203831033
280905612
276587141
188471089
117620283
57019692
189781624
180579124
112358818
165283409
178841618
98890398
163485468
148765042
140271659
137702280
133154220
125314047
231892631
128216549
135086075
166258709
118931265
99346904
244210248
96520246
190554657
104099766
300790550
192108152
196266692
205658785
238292031
169239465
104226443
93565610
220435049
217950126
130083332
119122652
122554363
144744812
84073891
188803659
69288016
135605665
78422202
141926430
118360000
237285831
162064603
216597386
108405266
151840488
178253156
225172079
108255645
104043759
228171634
87046435
169098884
179991641
242012603
91410461
287877757
315773694
353689720
118309791
82650538
155865647
192557676
137984345
184413856
143813978
92543663
192674336
270636917
154085659
256153928
210126798
431623485
286532864
97859190
169637064
212439421
143642866
274635013
353376977
215690814
124473395
276353330
134273234
210309351
134514022
107664609
357000705
234576507
128200477
139153023
394586514
104743437
62337883
182106028
189841956
296747776
253333557
306182114
148917006
262584490
106883663
156995784
152134404
255098951
88188935
157560708
108049286
125932422
103785563
293682548
98580071
155885660
148277625
147073182
163592471
137109314
92085272
177420628
136581592
150718061
84067477
119186086
138433767
109846518
94595556
102693174
173072051
157301419
184428693
186803147
219271992
145323424
222746352
115784574
98439368
82785003
120320252
362333423
199039284
308501780
106233280
291030711
155079160
315481993
349987733
92599252
108566230
224099251
105726710
143733674
112093800
145995537
183098758
100059771
151378605
139181593
178619465
124270267
158890239
81421038
149390239
327731457
113348705
145870650
199807851
158717117
142099328
171681666
48373137
190746417
182466892
105601520
115396428
159935910
177016002
184672544
266909178
163311410
278667723
73413685
176991148
126076728
64957336
77823235
110130231
103960950
125671252
102500996
118413467
68960428
183256270
143131484
175536079
227958353
299510533
82088727
136312740
181950803
124764242
87743146
93147391
110242004
161369051
101385182
137248674
162874130
419912095
127028814
117847311
313647859
219692226
87561834
126880945
138237435
128410472
276522770
178405923
177221785
154009791
128827848
84216914
167841621
185692342
112050111
164076363
119006667
156161879
178872980
127755702
102450126
142532676
225690788
376755050
246543966
190597262
281070598
222855652
105646497
118366521
105387433
103708164
226317331
187849734
64758916
69287529
190140969
110320134
142349281
180702402
245289484
264164296
159729502
84520756
177402839
166364235
160838374
164444049
158300824
214294886
110997916
131195060
107798083
79704973
145318199
120916785
132584074
101482849
142081815
140932496
264785137
140821941
167937284
286720703
156385025
125173937
199402971
98714612
185149169
414738662
102581157
194788520
213070777
132310517
137207917
140880122
244811290
126567296
308390033
108763311
166774980
142518102
106906989
109912544
192862903
112231737
256780298
110044011
206018097
187175232
80543003
135011096
108807885
193161140
148310601
133430332
151665312
135303261
345693018
109395077
139100095
282290703
153800072
224377562
223340700
163475632
89128366
260640090
271996244
146739192
193710231
168484426
186188472
81000586
90203524
109755780
283693503
237284970
81945727
240082541
198107991
188704115
149222804
301327553
132866561
185237644
197080441
79479501
217731758
96668964
270804532
225538106
137074651
159972747
64731846
178504349
165804457
179410202
90732768
126924286
266572206
103396166
128186619
163566241
136182975
159667940
170495220
144757349
92421580
131287870
209493324
180089260
336669172
248214596
182869750
113485872
203217546
111841619
138850281
236859865
168079800
140564144
188911621
257645399
196529399
145872446
115646854
205440493
141488354
114865935
218679944
85651597
219578916
209515623
295353187
172015436
118525400
186628361
266812546
138271937
160455764
53974702
143428493
185379579
162198678
200524902
157895069
186619581
218873143
152096088
259550658
97232723
175083778
99276568
154793066
94824674
141010447
147429352
177378201
231315231
104258469
106988684
176238297
173643451
214411760
235674636
158497869
121745986
173363806
144952470
199878545
208502804
243163670
117724336
161156703
123924719
231784231
106528133
199565693
121896800
125739361
228189939
241931557
166225171
180409598
220023512
110036744
226612086
81087739
256822364
140260375
205695800
224753842
116972372
262921509
183399750
199677674
118476353
153223509
265441925
197587044
170780224
183991285
353087444
124000658
235038351
172486377
209213017
221719073
128167721
128200118
119168929
122687762
181991958
137011723
206403344
142411997
174657118
180232817
138767582
270142405
161283825
134264616
207919647
169782236
252325734
195140821
350230616
86507160
229124035
129861779
260183034
176900678
185967195
196927019
166618020
93289250
234769323
132696307
219858915
124809685
224585074
105162442
188317805
276115780
175870920
167499574
160815437
147766752
294532839
191134630
72870903
141990055
163803757
251809222
240310988
142520766
200297375
119388427
200879514
147647771
301868621
104225993
166222431
205773602
278564359
141293884
156068603
126285951
128931992
198638868
96118760
146192130
145658316
163949184
138441377
122809612
150863421
303718627
132563089
144677875
115083257
182030140
190323025
293090370
90797350
435811588
312122201
205694739
239607405
161793992
131010585
204058641
128771746
103697448
262034117
148967185
132801036
110279552
84498875
138198213
103342249
126489702
139521972
187012755
84148505
181865268
72148918
289844133
225522499
160504032
161856472
265667086
239489421
196283380
231898430
70882702
157787307
144100858
93613767
182859650
197711360
262314713
128862743
314645211
118040680
123269257
134332140
267775384
217178255
165458655
162777381
117482681
198286436
188269274
183669829
239826077
110224719
183628630
150795656
124367592
209080827
228028213
179672803
126203587
80373023
165766074
192366030
79978560
81695704
252472220
125576229
113675228
143982382
214260267
205732492
132312361
181317058
159915487
176637152
153061093
269827645
186098724
268946963
171057183
187147284
180212771
112030075
70824319
127079334
112734804
110112051
229823485
77373507
196685841
101127679
117644873
174678236
94160130
235087458
116605830
324386655
311317163
141087711
148083452
205349590
194055340
241016976
143275926
162155920
201606551
171735874
220918848
254175506
228010437
117112017
267471122
139861416
142340369
161081600
242072128
196497865
142423291
149589032
148990250
151797070
206324840
306503730
201675968
133924068
251648398
143766369
101051325
132648154
124373728
187553449
166007876
221537004
143040294
163796297
192292470
151847646
219775143
133018665
151933330
167527510
108167735
115102677
209372716
156536984
204288373
142899429
107515495
282430711
55967480
221417988
211807937
97213688
106532405
235622691
215898538
163303646
223421467
227117124
66025064
116016383
92927575
137938964
128330035
153563504
124458984
111155522
198577453
154358932
179529513
138030711
190737413
187308003
190401921
163600342
57194678
107902601
223785492
156071830
147737941
120666377
95862404
241523558
244897317
130598126
151538923
205590427
259902823
193437064
146702487
254497431
203661314
193864226
205250357
127548274
159478167
149837816
225841323
136995783
204359671
168163450
120405303
201739399
102840523
121437827
253794057
130118560
293280424
105400921
198468551
89465721
246299680
169748383
206340143
135669602
196335788
141750373
168683048
288727017
142797056
306123911
151985170
530840565
186763847
63869343
159564180
91291593
154309205
138918192
185727101
164909324
75468824
157654547
154118257
188465251
117480932
138411575
138922197
164850779
104261409
169860129
96594511
247573395
246480364
308900320
86504204
161612854
151773595
94539051
184792396
110186419
176984732
259715914
141926729
166621807
312523896
202080775
159673567
102763394
128273891
139720132
217232030
164495297
136210386
99466309
309227848
303944413
158194711
135246168
74854885
239604573
189707822
303429052
169514530
124381089
236867270
185216324
104518115
168031593
267994985
119405661
136383610
105161394
95168599
288316700
166130598
264876468
279147741
410888528
170040016
280916739
193505676
84268527
214409014
225691234
298523074
149799231
258366055
117028273
140417521
105909493
109638572
71714382
144296684
260385935
156988389
96947933
263787479
87810577
189394932
203079067
118720383
222831752
150505033
138033256
234741914
213486809
68432969
235111611
160084403
206392686
162036663
84586880
233404855
145288796
320319234
74970195
104479361
147230072
261163161
325099625
192915400
215120897
199535598
154329539
108428001
202383299
99999800
154470320
121639187
148697695
212262038
153416160
147399872
285669266
415757798
124342963
150301358
91363963
94530520
346705823
195955457
218737755
137699898
167636203
127667457
169896852
216784619
85792858
89901817
163022483
64582712
216531486
171825184
101427314
253136633
180193287
74030195
124667623
113399650
212156641
250832993
186896013
109938614
246971677
269528704
322334019
182301954
94363643
163344153
196250523
112081617
97620718
114865565
218779516
83883920
125735998
215683256
249776836
219099849
95552628
178441940
294460764
232884712
252908825
111937856
224747297
174875717
112663280
75145805
111470848
127876226
111593908
216285888
145825201
183102684
140437083
115061366
133284640
100095349
172251049
223760810
141467909
217927622
146391703
153819067
186256641
171442258
134997445
148398059
141118593
129939364
99321892
182730575
82664672
110434273
211946182
120876470
137962613
96936557
183989046
150965100
129317217
314236759
97859929
211542118
227732850
68940249
163695535
120177260
184097797
249088129
326423040
99809684
138904929
173699829
85490007
235644392
196701709
83838383
173226245
265075978
140210932
172003876
141380577
138006512
98412099
231064099
147237190
65533718
136610366
149654489
109465949
119719226
116172235
208893956
123431871
178209258
133796363
135553005
219441575
122487436
213330760
430414122
95905104
149661825
280678265
159635682
188867221
144724602
167587276
104843559
121561981
350354849
217633226
192343197
409077225
213120949
272989027
252785469
171105210
190053688
192170221
192357658
97778215
111654812
316480352
114326377
167291435
137074783
177704177
162849241
214891216
83449021
162288768
93344531
148454560
223700977
217980782
278873971
173904397
154031933
352725995
144027876
220428424
128158008
181042641
147141483
283835036
91825027
134789728
109391904
203866301
154018785
282204572
101371545
262429634
207561290
115062458
222765577
73655518
187657309
129627378
150486209
90436076
179901500
151657667
208167308
99621292
123358207
109153468
138678690
201227510
152716020
137520654
103284944
164919059
170154757
142275927
119923026
206755281
200782063
175850558
148986948
131043388
133049557
89948051
99312921
71937230
142381062
201513461
351218720
125304566
80094439
118316390
222929556
220453674
145537913
174394834
176072335
157523748
119654424
164887813
115464562
67740485
197295298
152739091
167984981
145219578
277378229
156882620
127250387
145904246
142033014
89848808
197367197
137457707
174184987
117012592
158724486
198396593
146168452
105043962
345504499
144772939
99898519
109129378
95309855
202679740
173829769
166967781
154332157
126264742
283150843
135283959
118651961
157661717
109835015
189302204
107716335
245560843
267546748
100259685
61498912
120292503
69451727
79287439
191486437
311971422
278630991
435334829
179482360
132152927
136482117
173939240
177684183
127158933
216286321
163945907
190079457
116928113
153624061
163634495
105137900
71063647
83972470
161709553
153441401
168103391
153272504
140232203
221077774
87115928
163711531
171342217
190073399
211469690
84741999
205940370
142332656
103339136
241560013
115767908
119235180
171548956
202894598
133998553
77338602
180015301
159499079
117751688
207005230
182334399
200834535
236839253
113294609
127575054
118225490
104491034
95752842
199182858
165872206
206464173
128703791
108372135
210588462
118033700
168919337
149071517
359655840
138741256
210036852
238606064
86018132
215773272
213470552
237558777
224478740
415748705
89495477
263260264
106036141
132884043
126611055
101768821
155149176
158229919
218053987
150194541
86513385
271754967
141672727
164034348
242260813
312017280
117238401
106589095
217858793
266203176
162303255
238290436
227131648
130934130
100726952
94909066
223301346
120240437
128125069
176499444
186420700
172028102
154401019
74574275
143661529
225027304
176378819
131573038
181524513
127949132
136720142
137198135
198487496
191873991
100562987
74478281
229234717
174251886
148530540
143412961
152038040
129197586
159982223
126158408
182482617
168026960
234873208
101575505
152226537
114320540
139863332
163942851
123286486
148378115
260251587
135730611
102927876
101356156
186984297
106238880
145297766
104628698
190035736
124796192
148123595
122165719
131486919
105679346
99594361
132733033
110764413
139063397
137384479
153692118
182835335
90916882
160685971
130231462
158586803
154112013
198393392
131579159
113482617
120985451
151741529
116735144
173545519
203832058
216282936
124351521
124447325
65392091
95861504
78894353
246195929
131585613
113295992
150917838
135954113
108171351
161290781
73425889
167160245
285673182
119967547
324127449
232690814
126960483
91349347
189997302
154960306
215134548
150914531
228799615
199907591
136273822
140401983
178575240
145488878
207370868
225809131
220936802
178319128
127134702
209225804
237436659
184308102
193602065
140816368
216672994
144779494
170894142
136901359
148950604
119210376
228144000
185839212
115812776
217158694
128374021
195215204
214187264
117009252
354972969
319272255
331717989
289287361
149246554
293998067
164244642
198146604
123532395
151638908
83227251
221491035
115190341
224836730
204660621
277802048
96552143
100843556
135996310
200643794
158384698
75418442
170732828
181353741
208719779
187407930
183451470
121737109
258118233
100123145
133701923
187803989
101816589
236983030
91374611
209982548
111102831
150136263
195526111
138203702
283225753
313023188
140777607
124036052
181682448
198721012
131741670
190473855
238037464
78356917
178783607
140417139
199800760
96710423
159445384
204419532
149863170
166260203
140445524
151938425
176499278
253193796
175729047
70583041
77721877
134599888
185908396
129555585
219780562
219486752
244429385
183736979
174834066
80137688
165631492
168660801
287703741
95823516
110177838
138247412
128751371
163013983
110132047
82050393
115070428
117523172
135174441
105666092
181023638
199099462
127555467
288050220
177034865
101530949
241540251
222653143
182858253
123325463
249480691
220980515
130217495
160871333
289767665
216168235
322531041
120483556
90487339
135708550
100866611
220535663
72522542
239485471
186938767
156669882
158363999
186415087
127898304
190090248
67347602
155224320
359937264
209437916
153858165
99556455
270778942
90358822
94069910
186686182
120605033
121827593
153524183
116097402
267192388
234643006
161379615
115082165
194466931
146724511
119076410
189487005
176698058
193777930
131591547
102151662
90600207
164696735
98979437
159594950
100703028
139594277
144752626
130444232
289969869
129719925
68559100
241187397
114124692
171928831
254766049
215818760
126712779
320068843
135056075
262816342
140798649
177257368
127736598
224894662
106001156
95453220
226828030
107502597
228530933
242922299
112414099
91214710
263388240
299608412
117191855
40606279
129047019
101130579
211062603
127661643
71092055
97750119
220861048
170684919
183883852
179294899
215248016
171005742
128456449
135533192
205260341
222803947
129328408
147722324
130021402
131494781
155172488
170198690
166375494
173378614
178415998
105711349
210482479
184792463
93781763
191263461
140223594
135902784
158598684
347548361
173875827
165782915
278257963
148977502
120525885
83615249
168774149
134469781
102678298
128499187
129089859
126800374
164869076
79245168
229003944
368063984
124205745
251339851
167505709
198193881
193383775
82172403
166397031
199089340
195585632
190185166
168154995
193054358
197393953
99725281
194432409
231046720
205762432
68949100
229949812
152397463
111445794
121308636
195592346
174218429
133500589
281766475
115449483
63135454
99998410
146010884
131530061
156380634
130170206
154945907
163666236
326557055
304736800
114780182
196529785
165690398
139307035
196404676
163269465
124157042
224405800
206800962
142813366
309531503
220238842
98467815
300399636
239016802
111525253
142695028
149393070
223825444
193552946
186904550
79031784
166805354
257005307
157654199
199387222
132113561
342581050
120467703
153729479
240704469
174585061
144969292
122939570
310724875
195941471
181732664
130426668
172241321
150372457
90984959
93977950
217840610
142357171
375424594
108652565
115602607
195481389
146159192
170893634
199497766
220603630
168736535
187863507
148505394
140506358
192842174
146724103
99044467
232197992
191036563
105945679
347951792
171268968
111539387
238391424
66868904
212969530
128244649
211898788
220024645
148585672
192116505
118769203
103467111
178799653
223376825
96260530
318590114
160971788
208873687
166595629
166314650
225615020
295193034
165811958
202880506
136170549
164359464
109858572
294121993
149232426
85854034
167124496
102961400
143000964
143545095
269406073
134192542
133620270
153193916
149166889
244375865
194098553
184481010
197291966
136146253
281536057
106993050
209628181
228580000
203903073
167458884
272953181
191334433
227197143
127425132
191261367
317645501
234244071
279010794
181889273
194066598
136946916
115059545
99929255
150578970
152519447
180468841
169628715
125906969
105962992
141260543
128941250
273558323
146940461
249884758
148819197
135761278
103739686
270122988
150216308
94146953
331199291
130991071
92984222
54206486
222834601
103674739
118714073
92516805
236263490
276932101
94660934
86735286
202536832
135291131
162286479
73943143
105232825
279707899
215112388
153082504
86032443
251211743
128304356
213288197
162944708
318255692
206768539
162708606
177415421
267000790
179032184
233703207
181160777
278324935
159750763
116320639
384200741
271242404
186628380
221298253
126241019
136401881
121981315
259492562
116637819
230661172
159037544
178791187
258282206
128205795
216875155
157097360
161542992
212365310
242119325
221556796
185907900
143066245
113175838
194270179
203519147
164079965
259340069
240421654
134258822
122723208
156858432
171661900
201420800
257243487
194928173
136374249
178530287
149700782
175455681
239869862
192264375
222750906
170693389
221127008
244644230
117737885
236282204
151642438
151992831
245415630
236962725
313191359
104249710
159654805
118051377
199909972
133487311
96210076
128824893
175956791
131015178
98625719
236616075
78863471
336972138
254515242
114197128
130347697
118261021
158047153
145338575
224771885
119163795
119111433
198547402
299282871
136493507
228765421
176041745
157074463
165822685
84879376
128998578
368424616
90133341
70919049
156707602
156371109
159066690
145451372
165124138
185389092
255691089
138723087
268944323
289040219
123569881
117997243
129963316
124971662
107119913
135556500
170831530
210978409
285464185
264478611
141346773
275666086
248888970
160836995
67707680
140577946
203507749
125575760
116382394
132672664
168615244
255694183
102913420
174054357
140706948
227679462
204488140
150534875
298287409
118117365
134452592
206671639
241376411
172607201
137887563
103713969
116945085
194766436
145475934
145387733
184923280
198938852
202791583
196995935
137147881
127291393
226925400
230442505
131069389
360451900
131615370
65402186
76263095
284863759
343039331
162960749
166955781
162387658
141945676
186051609
152604960
224716710
194706675
205415866
107962499
75681676
133542082
172211120
113478212
140212710
204695351
148922794
97906575
91802635
162919293
198032607
182929170
138455098
217686633
249533869
70815655
143738230
218450117
87912435
345132444
223412533
276209757
203007389
458651882
174771556
181725042
206218956
275753961
162172268
88598062
262146163
100499692
244770648
86316077
262516191
112933191
145255195
204245574
124561823
123839245
181488857
265271973
186825676
126290694
176772422
140510904
60171196
73864919
206376150
153758541
154035314
235032515
130159556
132826076
104446298
148527237
192461599
192779403
77471985
174073853
162795755
130313382
237719670
170927995
124526611
101167588
111079074
292402081
182105059
146841109
265696130
185491276
161843354
134615386
165658333
103729831
173837045
175993695
145003229
110603033
113920144
178261440
106993811
366261743
138533348
108951156
90616415
162174960
96955549
168378088
67035300
178045440
195556156
178355992
162536056
247168773
83938696
161358325
209206326
171708325
155171253
158598787
151284334
74588961
145156920
314472419
117055413
185458401
121718551
145211563
227183229
175956105
204916672
74897422
181993565
325560848
117267056
75119040
241476586
262398072
71399268
164192615
85661064
194017956
197929779
157668587
161956974
185284171
142873131
100880079
111771198
157942116
170177481
242419477
136949050
154103935
129758817
175652456
143313950
260725275
127455616
101864777
276446880
95722847
183587171
215796049
119766636
244888541
192292072
108978327
205674886
171141956
108125811
177624171
89089873
122567719
299377148
103716123
172559209
248918182
169051391
276109123
230704218
169430058
205137720
61745769
118989075
179560999
199670864
158861923
89024595
162838305
141454356
189612676
154301196
185250663
123388873
99537981
102339170
187729960
142297434
306536848
65640440
142583788
208061940
232519478
125746252
181505692
140754484
145852841
178480786
236069410
223149288
95945730
114997369
249886869
255620678
151133942
181995493
183724117
169220904
180660996
97478533
259819659
97340872
182963496
180480393
187056853
89281116
213320811
180974626
104121126
124782423
109555061
141748442
137505809
102976400
228490709
169893212
150011337
112278737
85291871
115544004
306024093
116564713
137510193
182197409
179731014
157197668
105633260
250576086
188178591
223093067
173207921
136800438
134919328
105128887
297459624
144181678
158096310
129285960
98365933
232035184
188522763
221595903
131724811
119063380
104362082
128846549
97764947
148115975
135528928
143391562
136813687
213332619
199242484
244292219
169294039
73924612
194563097
105798833
171997861
127178757
185017520
150810598
167051049
73038528
236530884
82979329
111237335
178397242
170355464
263693042
184760168
218913970
128646245
131610999
165490641
188363152
123829933
172318147
138212285
234320398
130044984
214542401
140732343
114023092
121049200
154925986
129088645
123781974
298603401
75719546
191318330
249980218
135400286
216838751
114395562
114553747
219991409
190309597
149079616
313935385
214616855
101836500
204288026
153908123
180612324
291979517
157766251
186783450
176282799
149674471
170796535
185260359
129777553
190279532
89915586
124926447
195694195
187500162
97172947
339626285
314630095
119778693
232595872
114415066
148183058
151351250
133895435
112307130
235510474
140526389
88400387
153395124
114854392
161281724
199422465
214979345
169933463
182954707
295742146
278163711
257654180
133314062
201564647
136011847
190712064
124548643
96369283
229063856
231630721
134571959
251440877
304896369
194944797
163561689
111313475
141402299
89790135
112283731
122614142
169017669
158917325
181929795
151415573
182838578
248506442
204949660
114767454
145643953
388770034
116264179
260140170
166415142
189467682
227861720
103409150
89496705
207531529
163664906
161059441
189200373
120902092
234102035
119141796
201206465
124196199
324283158
131851029
182827824
138697772
152490635
142096386
151111083
231384421
94888912
168476370
104139484
219443538
105304070
162685955
198769697
111106274
111647192
81726238
197215472
127880540
90080578
245292774
197557493
166147677
205161390
118041815
134987824
121091068
199008804
128674939
146961225
182691475
164732145
442670993
326990324
191450566
260248209
197645754
104680411
144997320
206275754
123730255
183862293
105367405
188048275
175824565
291433235
162563329
194383250
120963121
115933461
153801000
238848598
155603175
143164359
132443018
164362214
176772931
108490466
84550587
181518391
248532956
156317548
131617577
120278448
85119761
262664457
179118165
133502952
239724088
147678170
98780130
143251124
67272225
257025360
108854659
174696072
132971305
138818718
103096170
151306166
216339419
101167095
91203040
94377198
133270808
120474797
119573013
246066330
105978848
305264208
61345435
150827379
238357487
65627198
174718233
148643633
239790400
120119667
197966196
133880179
131185062
158083430
152497539
237838341
187237772
116398047
93998421
102372273
180153278
184578942
84699170
129312671
216922953
152156809
299248567
220415930
66275690
137421968
247564460
172765455
149799453
181693619
94837856
107507019
107613662
273403984
260911037
80299508
184797985
218797731
138234066
171668635
116579954
317739630
102437340
262415298
95575917
187170798
220907643
224436297
168709580
74456571
110648806
187841727
188815553
234857871
88326863
127232143
160113221
185932697
289554970
244501232
87548338
77629246
307914571
152236532
179258254
177082540
136976801
247146859
122352512
94575604
126565684
141669024
121869263
96450165
240693659
119359242
131583661
262362621
204433896
128587049
167251607
446519347
88829015
109261802
107365775
177503101
125690548
295786063
99516357
235049079
234976468
128713459
151610806
201937630
201285637
266481407
132546260
144208122
167560807
140285092
110565819
148331151
171214824
325596187
132990097
126543283
93398216
251896422
137277627
253844506
285656844
138347146
162585210
188573704
222403446
134280163
231075635
135625742
214206515
135712894
245482978
260156101
159761307
128678327
119733994
178485965
224404418
120140359
167648169
207674416
302486267
70894891
181001885
157991774
78816843
180611474
192643596
198985461
120351556
102861536
155994907
236421065
253377994
118531264
188374680
107606486
275321329
193946950
164699595
159995924
165836674
357672664
99617590
169960680
152216039
361416755
197571525
256135993
98655638
102636301
128303782
184186633
125192637
235442674
304089945
108724967
208745224
113065712
118141292
177546184
164180200
194704787
149756248
166409138
126125060
108801005
178861355
132529106
217314489
147620834
200839707
74594006
250065133
120644313
388462806
83597605
119364959
216262722
85555488
126325226
118304920
159208182
161409658
148113697
307603003
157068478
136171213
241008697
409734020
118035964
133954084
155020610
176759255
132206496
177019258
70994840
330470237
125549435
139628902
137852854
132044433
167704579
165121218
118925760
101326747
98087362
105364376
140361764
114872228
180183780
159540129
320108159
88284678
201554949
164688409
146197345
171097224
139332566
198148071
259803440
287026176
157141134
202154637
81559793
58548402
67331847
206722335
154208856
313817860
229103965
141941612
153311675
128498541
143659905
132207652
140976346
172340949
163196401
123297637
90661717
224160324
207841751
228068656
85045277
151064414
76864275
129141774
208795226
204219582
175454022
136312964
89262773
120127707
110148593
291482858
173461120
186740067
225282133
217128594
140787158
222085333
164661211
210247043
105939669
227911756
86925169
112152554
328557127
99051261
151791366
195350088
154939893
100717363
189458954
208243101
105269637
131341366
141861133
100826106
112905150
129476183
104237743
112611688
155289263
157575211
183689424
132524989
201549123
163980637
332077837
270982306
214307028
119438310
229990988
165019998
323129105
310938466
182780437
215700168
110369846
103315813
216940002
243044061
174284822
191452445
109113637
301916266
147156037
124901907
128864707
204539191
216826526
369133071
149455556
264996828
136732775
138984769
146965767
185697256
241268474
265300043
191585969
320235077
218281595
291163716
207314606
116962087
130374759
172904015
155091655
180072995
105957871
148406864
125204857
124666862
123896798
122123189
110319532
227848411
296969224
138640937
113887266
166939648
287075536
154728107
147607115
249461368
195681808
228397380
199404955
188433678
245856954
224625267
241365071
89214900
218662533
136191012
137648611
221023568
126119732
57857658
150928473
121721963
295868570
196342930
217884061
147097679
138981954
280159882
192659222
170675368
170220338
225774826
155910268
46319486
241650217
258372448
133716917
139146698
397877348
334598509
116051924
122876107
102556549
144979389
74944063
90256510
339832479
107897336
192485664
132229831
104019284
107851928
124851132
117174721
250167476
208724367
83807328
192455046
145633585
97676204
153982057
287726543
103648508
300422582
190556493
84807881
188534159
138323454
261327874
202807363
173276579
133013950
180279296
192726232
160533153
168726094
145102413
283404852
178602617
241815936
233476461
127760962
113655191
217290168
116802378
129957949
122166463
181243417
92057636
150487016
110479676
235285232
107317480
221894287
149645466
294389149
123294056
179689945
264198666
186789731
139638125
204592056
196103774
66799319
179818303
99321898
93304670
119475136
158214306
181125670
181816208
89990095
153321731
109090456
125210476
102562911
222590499
217061523
202379498
188293644
156666297
215371571
141889994
115666169
229199735
240933773
150792072
287836903
188948675
177456228
85391657
244934927
78592395
244478703
189141888
306649124
154230911
177971861
94409165
147952269
132904584
208360756
227657084
106247505
272267303
82899131
191145642
106130397
161477421
117953861
192752167
221288363
215093280
260337124
191263182
148017963
182867725
217277807
132214454
134142105
119670563
255512445
237565368
192484996
187503723
281655001
111098905
177103856
122501151
136523240
88500128
199929768
126100971
133277449
115489668
141999563
89627693
240444607
151789112
138119538
129108545
154615137
156923617
117133375
314501681
190675761
306176287
373943799
109153354
121897171
173255724
113237756
140231792
235942080
71096687
86176278
136128193
183499164
90441058
333777205
136791077
77768098
165830471
207621985
231513005
159876677
237379577
157521764
129810960
136323298
211488054
270613994
189716014
239128278
275255653
88814463
149369149
180672023
102815221
182901436
93094528
147649298
137108188
266153424
247386643
199112436
183968352
139690778
101084101
114514469
109989139
83738844
109379771
158898300
419182496
109774627
130883414
221858364
203755310
160583341
172692087
215919166
123293718
191302395
187085619
223815442
140615275
172621127
102624037
368716271
132462141
178699412
199814943
198448181
113790185
333622150
85292772
386489198
79695965
144543961
124301131
187276765
140303917
153272271
339992761
194580094
208619589
191919558
181022649
224358192
136675726
86911942
184446986
235311097
136597868
217391400
161730221
135245689
216233538
148038588
277042385
272714436
83602481
156390101
166336549
180391064
156284734
219556436
127592160
164904766
127114735
179210409
220001182
256490097
181034297
105471517
196012709
93518362
134233808
136342302
112788299
104175748
126378408
110637526
127522903
191507171
114752498
289181874
79961459
176841284
213451226
199444851
166199559
262110853
156185302
299655267
205563812
171264230
139677437
108435653
236419320
139586283
135491852
190173692
146341445
172566191
119450152
147841413
180157264
82730519
190928804
149365315
209059998
98481728
179497031
138031668
208421812
126697980
249864481
143726824
147579301
125711066
194042484
217403394
148096908
100189127
247298671
87771143
173214466
230093532
227129805
131399206
125609796
206180547
103384713
219820979
106782330
175586933
204228378
185522708
268455091
130828674
116950935
106780271
126530655
187648199
112141106
198616188
115332931
178960117
129148519
168242630
171731796
126741604
80627268
123628693
177145898
61564938
100646081
176977684
107305026
208189790
77203803
86222090
102826069
104675853
127368935
101595330
51693899
185751576
185786939
66007355
136354101
86792340
142153162
136123487
159367181
234537879
145251372
143537917
156744870
122371281
89421309
166417223
94743842
250858054
97439641
102365339
210102915
218748891
133131143
143542182
121763660
175625274
222333624
155431919
232872296
113060065
152833008
209996442
96701425
170980150
88414551
140461633
171837933
299606630
127496142
234092819
114427594
177072685
160241230
125875754
96009965
106323035
334239150
281579364
150000006
221015840
173690529
153237694
196028052
115593296
176013335
316289766
116374870
372338742
365261117
116243138
100300081
96189154
104479433
114445636
161408593
77851005
185227236
199675651
132743328
222139390
263075637
155963330
127759969
180271173
128697852
174869062
162406700
128988483
155712719
308419442
164871351
85560083
112150101
162646099
203616031
240652004
211607785
121455876
145966083
172693561
105745094
216880893
154460741
117706099
80421302
119275774
74819762
83269003
102081925
116174235
116298737
172014683
118850046
124920377
184747796
183852354
103971761
193126688
222752903
116603425
77313040
135919386
267149016
117195034
190467891
277441053
112192322
151154530
103779775
150908911
160237293
110357921
185574799
101818061
152575797
137180955
203719737
140968049
259014585
105271786
138973768
202433472
141496434
118503962
273587409
185129727
96944690
299725931
100296298
100572746
230614191
341512090
174076687
95940036
96946141
217751512
117286382
153325039
195963567
148812573
274398458
164869383
96841056
116144910
97037991
71874754
206917638
175803888
129784119
183235829
142363909
251020566
98451870
138232608
212256286
81427253
75639933
376529649
115490360
168626192
182602415
81928214
178971566
328064056
192453940
124746568
228716988
164810093
78007443
142702785
156415126
147373599
178120103
225577575
111284649
106688992
173209541
174077797
110323477
314161445
86724531
162942699
119183946
169463000
115264100
376735468
176155051
213189987
93993850
189273950
347020261
197716546
103537184
232491742
160628508
168086812
153042969
103901885
385878558
99290772
127330931
160041791
176127490
266675699
309360899
185082209
294912393
222758209
194278380
188205998
67840173
141826766
437716893
217153670
158469358
198167912
164543371
128817559
156537826
78633043
308670380
161459421
374972270
121882683
224412824
138635386
127008501
219880455
165267245
100768529
190057675
101986936
264824189
204400398
143367487
217969671
113169961
122747118
81497424
76568525
174463223
214816789
142465412
234581485
93489136
124909943
145565952
149476283
209312520
208878834
88625736
256249262
130272230
243841349
172868053
226561093
181543540
125010705
230637550
121901399
118896363
170587041
86765974
121857240
75449387
172857705
132267788
232739912
160823106
91387087
162436458
167563176
168060539
215949994
257115493
190438539
125927755
95305905
77938306
108945364
121680877
149300597
98152647
131337334
120169388
79764894
122417972
88137473
161473928
200625925
141703123
155109775
244748736
179133505
184188208
250572069
115390852
144736773
92314485
192405029
97545256
196994167
213752507
187742309
144424064
96533043
186123816
109173858
127181186
82521897
179368535
126425735
106310646
226435153
101985890
131309919
116756590
138990263
148009771
317989020
229236017
123487741
132844459
163499445
170384933
143432565
106086424
178449313
237095373
286010955
190633690
179296757
134154286
252303322
167625362
165227462
130175222
150219256
284072250
187109513
132364133
147903888
126770315
109267114
148193525
136622006
187873405
227676284
161669184
204694944
128296176
188449193
134964873
131813720
163259350
130570482
211014207
172266840
152161948
178022888
177160061
183126296
193947030
128377541
126198369
138070928
180951900
251644164
239044910
195299413
129040469
224938559
113641610
269192468
217369060
141989579
158614901
95846314
227066364
118355152
87279126
188751154
136222573
210514892
219519879
176959422
163333802
97656789
98831422
138364458
97285404
202750787
85000004
94193704
192923970
107519282
146439107
246734152
273243190
490082318
186742537
315086287
159697232
182793097
265290131
110011928
146370475
152532686
145872245
188688866
141865048
68681927
250142446
157251434
213703587
146464984
321743069
180652634
160133766
194626863
117208144
122724936
76731629
340868222
257725346
184834828
413265725
139212998
176394256
250582117
174304530
170146655
213533406
115230501
102191469
197171189
84767996
207331896
123347609
96529150
117361204
243696745
82770768
214122848
105345505
242110931
76432135
95030708
178888181
219288584
171254804
224492160
162780307
241039052
131018388
234708689
181758256
237198923
161933449
205290559
286236468
137127742
201714340
81144561
98540272
375658485
271823657
219177884
120767922
131498818
132029760
150432390
135291090
134349809
104523875
140897476
102160416
129430041
173058931
152646124
114322959
122426925
90159900
95963529
147641262
133040236
123141038
100424576
149288031
100774486
119003154
120441548
105863431
79849471
236525378
113268630
66231927
105661482
190471802
174407427
455284297
295629078
181287576
192143703
189519323
187830976
109481084
151914872
98502540
98705755
149230648
137617331
258458247
94486138
132045996
122864026
215758111
144254963
124606929
132782526
374607979
136220824
189692290
180560283
159206859
152876583
388965635
132507163
136996586
148188630
188402983
101486702
159901175
194436740
141288250
211501501
150257652
238052786
103447108
163007599
224784373
167797072
115312438
253606614
136436504
186082437
191318489
150168898
201623785
176266133
133769068
90115558
174073023
345972596
96651005
121368909
265999911
159285671
238721046
151968507
198316991
253409784
111808656
452704724
170547230
230113706
103635582
76756541
169953319
139788686
201310079
199482651
144984801
105060889
174359881
192757315
156862130
159537013
251220059
159231693
212041696
118699521
122139448
149575839
188353220
93556100
237906123
102004962
199383772
133424264
192789096
231545238
203301342
146592904
134643644
101776457
177733860
181009449
181459231
90662782
210887505
105524331
161007972
207851925
152424929
112944830
255784204
141260889
174719297
155406656
254728517
176483435
136962794
119832390
126587424
148554272
140883441
139127101
178561281
188267388
99619505
196361390
213825692
82838007
88449975
131773198
240421310
121753128
87162487
170913048
141598025
166957181
285193695
155055845
204795955
193706748
180811817
140361453
179189688
151426078
181535231
126199691
360465556
244229983
156700259
281917751
303986424
163886695
224727428
121291069
85946953
86336736
218301528
182957213
109868085
248385745
279145535
75874284
168102615
76485417
113353564
183509625
146811671
116655942
193219104
125531482
142888136
120414226
160228409
153592766
134660745
100526483
150084601
100055400
79045154
294391879
140893917
109160171
171079437
122612599
172975307
231989310
210798173
219972103
223994988
236690427
147009432
125334590
174019516
102150386
210635696
165093133
209949636
238403889
148002143
222009223
370054541
254425775
83471093
56041227
145376706
134957753
107291296
185649539
51422443
108578254
220575900
246481902
205751670
69857422
123543266
166990937
209685642
227012045
124288148
214999424
196020148
125258592
185552531
143737308
159931337
106737383
270228016
320466227
304376177
108696104
241172707
83248643
105555381
172573288
134749995
126151807
171883916
116123587
307172268
159930566
217967970
130931221
174880208
177935775
169175232
148171207
126423073
230093647
240849057
182959999
214798137
132436959
258061091
226925061
73354179
197109197
145717885
255242803
153037796
165947643
139914944
185453996
120888396
100438632
199811220
151241998
101042955
231635753
194169602
179915908
220725874
85259794
92445867
151699435
188886257
157134563
275913731
142700608
97208409
235559390
152345177
177416166
147895429
227021140
147176172
159647722
265903887
208366756
129567980
141900913
184316619
250868311
162306199
149342165
236812647
127986564
103548660
108739111
234611451
84920542
127376388
103424244
124751748
240253723
136502482
134289110
111780027
158513936
239597810
243400866
131084027
85389233
299247404
176525727
227100430
262934236
89649117
281859359
109598389
109328419
132753971
93606710
279353484
101717050
193891893
208413678
196058420
164981256
136477012
192971563
164246801
172621732
167009993
162599455
159687027
222215085
254452930
125703541
344436553
261148276
236818844
184649806
147378433
186665737
83524563
138247065
134729229
182197421
102920753
88977334
142550367
150642663
205602506
132383888
202032784
245685991
184498582
173853905
120710037
99064389
71353234
158327945
160540870
199187005
148432305
138745759
233890549
260146996
152847578
113361479
184830073
69305884
180836239
199930097
129578983
133675242
242358249
163671463
246085884
221496278
98250294
152558113
204287258
190373835
79212110
165762878
159231080
188446221
116547677
179762102
123517955
74770816
170389228
156274022
116846071
283405613
169067712
173926185
96088858
134761255
121543243
156787076
106549958
135654288
104580000
237465413
158978995
186243331
545897590
109974828
143110022
106221014
147417354
204801283
254513309
104089534
119686883
127892338
203548602
269439425
190591301
143764012
171996376
93068102
166404952
140284573
180236713
189348615
123010395
188867361
169203177
212593552
286711123
77368220
287998045
144190250
139150381
120231346
134934259
157924718
236250126
118309618
125749106
77030536
85000227
188431981
248349201
193524700
93272826
266115665
124806580
211342033
230748867
212763170
214594535
92450318
171725610
316317590
114685375
235222737
75437308
203203176
136976786
86195326
78755480
163881841
204106758
241464108
131427204
187674649
132220211
207724049
161328780
68597493
97780160
99546948
220153686
405484691
107228544
295129884
103651289
218475049
233539561
109945998
302214624
191522065
258963274
110548800
248077107
110213487
193393009
183451929
322814256
190007736
216680143
168262240
193139785
175425051
195278728
145959548
206320600
125058622
171884016
120248558
241724827
314700425
303556682
183601918
138576772
314759917
203794093
281905687
87837401
243078038
131806026
92452186
274377759
172437319
252690725
161256143
248654457
201699384
110270838
235942709
224915906
201514320
255147198
161175071
227517595
107532605
132517321
186875524
186653016
203131560
127183183
243944856
201301632
264365340
252545716
227986177
213879219
304628453
190828434
224992191
116749017
138278247
280694906
91072555
167250253
102252352
178803371
147430625
135265507
98406367
115239717
247092271
287302622
147432569
167222932
205013170
298078520
93003718
147186573
209009856
146142024
211460222
283119422
124435604
159243567
211674241
105117555
117766571
181341614
189751059
191970667
88747034
142997724
264826444
91301195
148999344
140155311
207194910
171065249
104078533
240216765
92467255
221328987
157833788
201225205
178320831
184981986
104646566
196448022
92055942
177544770
228422625
122798851
198882320
120795054
172222931
89951337
115817960
255205493
163114632
172753151
143835923
264581150
189700830
97051526
139535352
318806714
110396223
110757348
114186444
256173432
153554984
202629946
100866278
210651714
104982969
254449478
128111482
180693375
84537369
249279009
303865577
74397779
199895415
56852282
154634520
163103153
360911605
243034592
201806042
164526580
60430641
134793996
168430250
136278531
187336170
182580873
114388219
165859190
89585953
154609605
227968894
203593960
166254645
217499229
158060332
144587898
80808967
211079219
131442965
272882467
120646725
196021623
212947200
90683369
121403380
131943403
153369868
118340783
216303796
244322817
195069659
184704657
317105647
82995700
161393698
70021233
122510094
108801966
274952298
103690752
213646582
122424343
160001531
410185362
249866618
117460420
78650343
97112916
113253886
90296706
197039184
220883036
247416041
217666185
241894458
212248866
140589428
155023953
187862643
102058367
215413239
229721143
264600578
138501076
263964048
151742078
132169185
144986336
175549249
205944675
82752566
179730418
174870361
114671816
113397555
65434661
247357538
215682854
232492300
111707147
188654689
141552820
236980830
198625803
134027816
70540182
130868601
205118312
103686008
205680352
190975342
162439520
72299525
124742040
89382911
116744173
88544035
160675488
87618475
156285884
111879777
117543872
134131481
240540251
195918881
114689655
142938937
179381252
218370229
123467901
129100804
71902645
212807561
143482485
184214089
143129739
260330618
229271080
132540349
117119354
110317085
135301226
167898315
236374478
124963878
231079255
198282367
133676319
108781421
146797605
202986501
136759756
161051593
198567308
152511341
90830764
143121734
295060922
162853415
157397310
89363533
167772588
154342947
179729478
141832107
188254668
142851344
118809154
101682606
101685758
113085764
104869051
174988459
252281923
241075249
179965045
235048471
267312196
137646994
130118755
125256933
316872080
124851327
248884044
154580982
314041920
144193679
143007526
134474524
182031525
92410659
98981668
93019740
178159483
150156948
189149676
358810873
256166680
244782878
219559811
129900327
207359284
96985814
124607248
101071266
131383300
101655639
239970608
236026400
76173035
167135380
68336775
175257279
152887126
127310120
105986510
137330597
185485530
139247835
122283944
73604627
203036203
167429384
92661855
206034499
118453536
79402371
206667054
160253305
140518915
173787432
192883866
60131429
159305338
252770248
220925061
111645011
122134548
155452053
162405628
144114751
324810088
161472070
201200128
175722353
166605854
107348734
181721228
281777565
238613859
136466854
178869249
182946555
77880809
163232498
165229528
215537251
215127064
147846284
190014709
270130529
91945358
188078199
138963569
241712751
101971979
115145356
143688955
311288305
131354955
103047634
211933884
115777944
139051238
209529095
167843809
75273479
302533593
132821872
197805184
109957104
169969765
182491478
255184417
152717070
184905923
104366250
93675980
115482742
202323487
195765726
105397477
154581591
300240438
125160658
96859026
218402729
164503512
167362822
82532719
199357847
163714637
143681248
86244647
107933457
192281982
411201649
352325905
139515251
134826437
93962851
70648975
104134473
336660929
123142288
147954686
415662172
126877297
227508660
207348948
105974845
211885527
203532817
137048074
105027604
199608574
125157855
165044679
98280179
330114038
167173731
90058247
157910204
145040660
229073180
138333195
183736655
291708879
165527398
122311186
273328039
142111343
130041717
126718230
179381568
230816452
203351522
89455202
141341171
129512445
154961148
88253355
314121107
192161471
82276280
151628424
180762015
91188213
192760228
154523599
91248639
113521904
292307090
152395307
86731818
158293888
282092866
156981290
93849170
147090601
134524760
222339309
130578421
141959080
130665600
188948516
234248200
196961346
217506615
94408834
177521216
264145095
181414079
185385473
228216550
226130769
84866113
145687832
348078066
148291403
128924753
166253015
240659965
163321174
215179546
196965879
108638529
167482669
222893804
160762784
136466371
240848652
148627936
130664726
122640377
142410951
155988680
106340293
223542774
77550334
95037888
292103337
464779929
112848885
126185223
121126169
145880236
192376777
146897599
294127364
292791600
289886505
118100822
183657393
137668380
97523045
122915170
222173886
152745496
126386621
270132694
148785151
234572982
117718329
77661791
205610685
113842924
113804102
122496894
136229858
123244452
144250458
190775352
82217773
179348377
303635481
168771837
94102353
305793877
114567643
134684854
277651146
142520960
280875928
250409124
176803559
129670604
184591708
267081198
227712210
169072381
205453751
195058938
98782842
121903302
365519286
251647742
224052373
192814774
164184482
127747968
344395661
133722128
260288202
142540942
244381109
168547636
197240501
145297381
126082691
197702437
128201597
83001389
117637354
149539797
80007573
261446131
311655284
239579427
111901690
126241156
147946541
156358024
181459986
176467055
92307611
143130901
291800618
100546572
205847156
81223452
257067870
224251207
219231224
176666182
206324534
382517488
100443515
142136785
123693917
400837861
152533119
190977422
165076564
177951020
80802848
144839707
269156884
140797683
87838166
112151841
206387499
79590192
285250435
119966185
169862675
216898955
145395309
224501873
122987378
120888103
231822135
188049672
217989946
98438595
87073924
219023406
197481049
162577967
125468669
63981832
152468775
200038522
224743419
145138553
89836072
115182996
377921203
175724979
174400242
153209324
120995109
199600671
390371243
199345725
183606649
300456209
76329053
141835358
152619879
302357300
150652578
100142131
234401573
147905703
198413299
183788911
120043852
121346801
179640576
215658845
111095103
173851324
124672722
102687779
330657840
117151480
220636360
134074796
112290582
288143385
228306267
185291160
87308321
200127112
136685893
220653592
96085615
188693351
145491695
249235857
249399554
108338561
174362714
317773856
87531644
109812639
343997953
111975425
146016942
189887703
298229594
120625032
191159077
211898123
123470150
98639511
167412040
133305674
162318081
177584104
93476741
86580326
225885576
135401964
116582271
180326177
205239341
87165685
114360634
215889935
181227076
217053035
199847932
184503894
58681801
151225425
301249280
145160680
236507476
216185936
112573811
193468934
166750083
117528018
135848775
290362693
102740043
174139751
141470115
77796376
155219362
176210423
146006527
130452655
232893271
322865384
123368857
172668832
97393767
232867255
148228608
125572691
163000843
97648686
195492775
216468290
186378234
190271114
131388842
179811719
155682920
311862884
145415803
142453457
86111870
340474401
222762812
110517759
123662172
119344992
163436090
166791809
250777834
143744623
146005309
114446864
210545036
92013478
232389204
132240450
121147303
284232565
141094375
109064148
145841600
178566178
109233214
178462804
297925556
164306733
258883575
55978305
98720786
255742000
174468563
278390903
119281343
174683794
171705020
127907847
145143034
94552321
71343467
124051530
132801261
141008140
59039006
133948660
110832409
184467089
416704274
169620028
279447848
188200497
107192868
138812791
307437151
186996141
278926036
230099364
101398871
43886936
113235245
88804823
170899002
146464412
183701186
98857839
205549792
383531703
97093264
200886073
384078250
233454966
211840862
204445350
251963798
192835615
119133043
219634686
72954945
101344764
266410228
65993360
202778649
89852329
199490272
162634572
183945002
150467455
180100441
226331346
177173492
158813942
148202907
282217716
85635950
99848702
271792799
128442787
64920740
92187132
88155705
92124909
99333175
211786393
110177642
237161119
84879287
126921810
204433684
119178065
144302707
173948407
218055084
206194902
75335533
171359034
229803563
207336801
325984946
130165305
314970543
164514729
203928717
226417004
145189379
332070128
92343748
154344549
221519142
163988366
74252447
131859916
133147813
101864001
80700055
116043867
328299781
180586132
