167761037
175794895
129239633
155066424
85347384
129940224
128614492
117809063
223769943
274406418
200039007
88472285
175726022
91160112
206920976
286617398
134780254
111019219
137909225
186314713
181343247
128088888
92813683
141580994
182787726
87927836
122063261
204575015
138044335
307564754
197608693
196427115
104221669
238490607
214377551
199252929
106798687
106507036
109275998
299528734
130381387
189439764
132266094
180982473
185122814
119278146
123744643
69750238
151616789
199268747
106019321
145894764
162406617
122723016
195176224
154736982
171390860
117040460
237625855
92349977
136467099
151251007
233178828
195044358
109838114
97590822
141676768
84380145
209323366
254970615
143525487
103256539
117519415
171127074
157546215
164806977
91331830
103974116
114588930
98514915
134780810
161564766
128596183
145908958
58941408
180089936
178253617
132900449
157069827
286362971
163600625
131006849
115558163
180886545
208414505
162475477
173618898
217104226
168924154
142004166
92002379
268939219
105822659
70483929
77466760
319862071
129787940
192411048
115530282
124141783
123449331
257732140
87012617
196157904
93439371
120157533
185210999
117573587
171542875
122394960
243531934
229012781
163071077
166059381
296114461
79303405
138815911
91894250
141860968
81547360
96405240
170606071
145430394
189973828
158971748
84407615
282866258
188842030
131342159
139632242
94288310
100193229
148219248
178277937
48815133
70470728
119012771
100408497
220717519
198504101
259277373
102948961
75327108
128596773
128605962
570294121
132290168
62914949
143285526
189186988
120136313
86300797
190161808
136828266
118181205
215290623
72743722
232552101
74452076
109640493
98545402
169005137
131815883
176859805
122606917
150866042
132399475
50848508
83755876
88661022
147305618
109184659
174636045
135007470
227635379
117253004
156624188
147153829
222562267
209869798
115772547
181890034
117800868
157110024
114844127
136550199
339573786
106382286
104721306
126898105
76489288
114503271
155302992
116354222
96304994
129580622
163721589
179546871
97681339
143109049
159563169
246437949
268146198
109647642
194769531
64559315
58457012
175345486
93447383
107600211
163985826
108231441
325419941
179691864
234885689
177064136
113319125
141610198
120487459
128908231
172325195
136985193
182620078
134635701
115247860
101038658
106905759
222774425
142185274
200803020
134724127
96677943
143857671
165596787
225448751
123044161
63764456
145637523
80702256
106148207
182996394
110382090
130408037
195322889
284399947
160187961
132961042
129434504
131653700
311486223
211355408
278076552
86534863
135595076
138494266
196942632
129290428
74667006
93152170
145495467
245062552
112057028
195854115
201832886
91341729
306914329
85540874
97401447
106446105
238603412
285379920
373487042
83347654
157399617
128300349
221681455
151994208
174006901
144740560
174275242
205961927
111592993
188541310
119747598
127357644
173184568
120892952
107318599
165623416
150222026
237818871
81073826
90701547
124106429
187144773
158104250
226450370
117632871
100613701
156650480
133270737
124318598
444242406
117151872
73085928
156409027
86280050
145491199
161158545
131618999
253615091
117188562
220028024
157851642
262256237
99242518
205368292
89315706
204974250
208155869
215763790
136493792
80072260
175714063
227270371
65649012
124663363
127695563
159958688
164451081
279959660
188666109
245038728
109169667
85032180
89234417
144296899
238240934
82472800
217607742
102203447
153667866
223607115
214228680
109653453
137151966
209788294
123005006
152503543
216359225
290298334
334408893
129951128
141391058
124958654
112567590
110597469
241780917
88716531
188578590
80667760
153173030
122445728
148587673
130879515
151842060
110368225
58181868
118465087
258913464
181647897
101503230
176241228
203209607
323777748
122988709
179514773
109818475
106987247
117340065
87207775
147390105
121808211
121350291
118392031
241624155
154514539
86821158
105703188
156364123
172347713
81684048
167625632
254879373
98501937
97273197
195550588
204473477
129106364
84017428
174718006
167977648
80530776
97144630
125447225
178640254
120135517
224842196
143102431
246822158
224725512
193188866
78448024
112293100
241178161
202021745
98100310
86568055
182867811
304321054
193391998
138836918
198847309
149690612
99288022
158620793
205177914
67636487
111656894
155067960
64671020
79998810
154214120
213234852
162228164
215778512
86328529
163501234
142663751
78140878
137161700
215486130
114104954
136057537
293785563
154091367
131691456
114378753
167851815
121489415
60358114
104814054
219772757
142011403
87749458
108448992
240933237
73644880
169606990
167722241
254828455
152669834
93048979
103124156
136454933
97662716
97277384
95960897
126908823
94487063
55773106
112201228
131072690
90977037
69327091
109240767
118497133
185145354
100170837
129135345
54999486
79887767
165689233
208840298
157726957
166085132
80332430
101564428
179240076
165272452
157976829
127097299
242715850
157748019
88350184
168795090
134499719
118629655
237212633
114374872
142856700
88307833
145125861
259060987
113220395
74693808
90621027
232489278
160145359
167901465
208994589
103990897
109341284
79209620
168336449
104351094
191381602
345986504
74937018
159951958
88587950
118269189
170467928
132763939
112312091
293592398
106525446
132841904
86601128
103295147
129782977
74333053
173502241
85797128
133675659
99801871
148731700
185664269
150834393
181318661
122310216
369129908
136313989
188700064
160216100
261035838
118975178
215339361
150580852
228371964
122805725
122953523
94100752
200709359
163848297
185069425
85552767
154553884
117820639
121502979
166839608
114908162
142146690
166013453
84331723
186257779
203302116
146122159
121815571
101334117
137913487
127873340
231979333
139014785
175727995
113105000
137188019
121681444
187714477
134925582
195095455
116236023
113255817
207920698
133830653
220314280
244372242
134986083
167994613
190654487
140621615
108551367
175584635
210216789
140768919
300384139
109841013
129871348
121697464
103400631
106080947
82336411
194256815
198949941
131930100
187587651
146411482
189168248
163644015
173598657
168227696
185080698
122706522
279589106
168941470
107296051
118527630
227808220
110511917
101577532
103952802
133559660
217399699
53830001
128554699
183194096
62142880
196032617
209567625
126156426
164417619
122031043
89075003
147570021
94670283
165746499
150738838
152832264
158538311
187496263
150559183
177209567
59592300
309671413
153139686
219978391
182115063
203514944
92698580
279625278
94486003
393823269
185143273
181994326
228065556
188966091
280947978
104551379
226786364
83724339
184041932
189917361
159305335
203397745
131391064
151735680
121945429
224720251
113187816
110064646
176312225
153094733
108300339
128310443
107591393
77006177
133159695
267573100
88588803
136290902
98764615
150748886
85754585
260964497
113490202
86969851
157190866
50893530
83603077
83254632
180468307
115317830
163702626
165508918
158235594
154933184
201217474
85634032
85686428
142479694
135828703
279095463
104210369
222326771
182928093
153102874
87344153
166194959
178632074
67980701
43663155
77878456
166100242
105895679
191298870
194863965
100238587
226878552
92003669
169244623
96969073
85919292
211317054
298366161
224191787
123577245
187617378
78391000
146708400
362827550
97023435
137511615
131318669
173979771
126400624
168460049
143999402
152336193
98696246
84503599
100038465
79094134
269380206
103004805
82044789
144523550
146030063
163523405
70113532
169659032
149875741
125703750
138173003
196242527
282188499
153103185
120274373
202417923
98302418
225708061
70461669
274512304
221233251
96914729
122813046
259635691
180790898
252274608
243195354
159259906
102907837
147028527
205852854
309592972
139187018
197041014
87488916
153988958
167686318
216780477
156328206
134269877
136794362
207597879
178131978
123302215
153578356
197473151
266100647
91683997
173429845
105957209
283822723
168201555
235356854
340243436
107631159
232200855
142277330
183067632
88487708
180372264
133372709
92915287
289980017
147314976
134689332
177802308
101641352
134101823
215355224
223390288
100744585
194975018
95090677
119181007
190682915
83793151
112454987
122901585
184646025
230414763
148560356
179676610
174851919
187152304
244569085
126166096
106201689
107596698
154410850
188098640
147084548
269014570
181675435
159192364
159824262
116827799
123395383
86230070
80967049
165984412
204790406
132471298
296229602
106740669
104933149
173851752
131309285
111768441
171173547
244380801
102365678
128797245
120031319
68230619
222248335
212195242
147785807
131297273
81813810
96029606
161421522
175905956
136505650
130132296
84670495
91551656
139066747
149320851
120703261
165522874
127574699
86508309
137780420
308725129
365842655
131286530
144660132
160791947
232278141
80382286
168472157
131726782
167815102
135710179
123381576
180881724
124989756
181650949
160777112
133856385
173271741
107277457
368759039
91363686
158273094
67636110
148373300
180373504
314889313
130072583
127739128
184968919
174933517
333169524
107710060
140183503
134228048
211379781
122245423
93234372
118357385
199289603
94853069
127131012
259468207
116454279
135549544
216193291
166398310
153689918
117346300
145490499
131205172
99184819
150878255
91986574
145925750
132587743
191528533
158288999
180070461
328972207
306636991
137270438
119711993
116927730
162727580
116494666
108453140
187523542
141246932
93855390
94178918
112600073
215147951
157059696
141422438
82374158
106812562
128542909
131401514
172918536
115705064
220391119
168525466
126627856
193305547
94314669
138488212
100357291
187067504
69478681
67819585
92640651
204311687
112983795
282089658
198519171
127324303
97945184
204983017
130858556
86482238
230287691
127932393
295989851
126553132
95505321
162006399
127875546
142471973
103330650
83409131
85929517
136097674
164718567
165638867
129648504
129939156
95201264
115685877
93190200
101746221
145514111
131258670
232548976
119824720
53443642
107938748
181926471
60975768
100472853
199469715
184184495
111078083
121191971
86186186
180419966
80921800
272514207
104642325
137759437
112545746
273881486
112393939
142513346
151010826
110690844
168655704
237260842
141775843
106564497
48108527
89599698
180860790
112176426
147057924
146009560
108343596
121917528
137499421
90328070
144850206
101795808
93908228
272466431
167163831
260433256
134507911
141970618
92671223
79368576
191429467
176554548
360762836
125086618
108258440
136495431
393374556
133144875
110577199
145808238
115485967
148574576
110589759
190979409
108222660
193477719
108050290
98005234
279632122
168723675
201806223
149530289
94708073
80637929
100135347
291301610
78235177
141548352
151216188
126673974
159596559
132645385
102454259
104543355
140962958
196343669
109478371
145090066
235805845
204537316
131546225
163433710
284082912
254977435
117636136
129796936
126079465
205301534
113629673
196507954
140731936
273023783
156027570
91557703
216291988
85187761
69146258
129465842
176401526
136720459
141854838
174064209
131180678
254193787
215088294
93396960
132206846
245805311
73786630
178899054
120847417
158576535
72507251
124863605
129425967
147968871
136334052
214262710
87713749
90995786
100352886
88388303
90119800
227497974
278319405
78573243
79938891
142770428
158788501
112286255
137097180
102909730
163502592
75079354
339516278
136919905
322626088
187756199
100341640
69830762
132323827
104690592
178593550
100704101
144096155
163213164
286161674
209213490
111699850
124850172
104507916
243735259
155526262
151606012
134574037
82325617
208267348
100062232
103649717
142115105
229991720
165157674
114161568
138011437
132504351
180977842
85495365
118722224
225898112
91297746
104656790
168694297
205237896
197882381
112970682
236801932
332643348
206483021
122644815
275247077
138992429
179127274
137916925
139828686
198082010
192126029
85072329
152573780
114996453
296956313
139735712
167043122
178034569
167710530
163523541
82833999
227363398
138597224
336886721
85160330
104892318
124098702
184439586
72634701
68850640
151963683
183360225
302028971
79936737
153522098
180263435
102318574
244869745
126109646
114287910
202683610
174451669
113550052
409288075
159781731
123968790
156217017
76469706
74774848
236609878
169677377
108256657
80193770
89345093
284648504
185150685
161561855
79259928
279634973
151169228
91221601
103723220
281590058
145077405
165244982
79343892
47722470
195725203
167699368
141396537
122847499
128620531
99626738
184288531
206939048
122025765
258878762
122421833
197330816
143425500
106390767
99458430
127769585
128732401
402917630
75544075
159367037
148391393
173467297
91854025
153434349
209416791
85920089
65280108
99067644
135569704
185509609
123417062
102368058
186040843
160900883
101353236
225349810
93942547
100860630
109942722
182818145
68535266
126563350
165455290
87070733
176078825
218225011
99320152
120468231
98722986
78866658
216430725
200161344
103623294
177579601
100018144
149522828
67935228
65825699
67253469
160037610
139061337
119577755
141528135
239556443
125731101
101615516
153114081
122444032
130878069
117986706
66219669
188225552
241065899
187382533
96049294
127357286
325435797
256638798
128350218
127141609
160770408
144068351
213038347
166873371
80399814
84620356
105810343
265121120
223442015
189647423
116996075
193459350
89495183
178952087
57417690
94068191
206647831
116046150
108661798
250907190
78641821
174823323
168266943
76551426
189819378
178264174
92862964
91962349
163907403
137781545
102250354
79097546
137734863
128382673
135248632
123646153
265401135
177882915
242115916
143352426
166774666
125163083
87121565
191763722
112428418
230292106
93427323
134239733
74381509
140405745
120101419
278194834
185806844
86922167
220310846
101617696
153070611
151186934
127269095
236792841
331926017
114861120
88654086
99759241
115962667
213142748
258943312
130452581
90284280
143569506
262752174
51950682
171082889
279193794
213440508
189295459
137678608
285141675
191142460
165059801
299011981
98509980
262487934
73038874
115787486
133342283
168714573
63655944
69288512
258977196
146276753
153307648
145072309
285260767
107901130
165551691
163206004
144143583
121860382
93556754
329005458
151369622
160082764
169498612
286398985
98035301
200663086
74396456
144381707
146594773
226048576
82905122
164180205
161617219
297203355
143410982
99612819
117691707
89698913
130821066
88856199
231661516
143038887
77995455
179240728
102261685
215973558
88744790
80961907
110951606
289392131
126556336
200886311
114716280
115451451
112279544
114873565
221740951
73793901
255162985
135590267
109890947
308720452
185647008
151869348
94669029
135896702
129200038
94098435
164121329
318820974
153503764
100187896
131733488
144864003
73745194
122123446
163779964
229437761
152655025
140143614
166693514
234107866
121090433
232855396
90601885
220055980
198973376
130763427
58167171
143524223
100279300
133523259
188001467
173716163
145851446
174820219
184899999
129691484
200515436
108650064
198720764
234646659
247813657
207177023
109755071
171508510
95246017
105578678
122644342
202283952
157100158
112194900
110008270
111560040
153712352
185350985
133463839
173706484
130899614
245489803
136659265
126431486
141034300
192556100
58698678
397589602
150934873
146648576
136537272
138792860
102192738
139802593
154980126
76719183
128971254
113348213
108043770
115535160
259599111
135620965
116464208
212847203
127691452
96171686
255284631
219614170
180754199
165236434
199018086
168347460
96564043
192862979
214990296
96452133
187496336
67069308
118300688
150392750
117630519
101196524
228427189
141578109
81839322
128826602
107917562
103520380
128456215
145266041
124318833
281024160
193221531
219884325
155827056
226128167
116873460
144206385
98145834
102311032
148784756
89598554
179925974
78048807
126734762
191357592
104789629
165882828
199091521
126604137
171058096
116768000
57869477
108455096
137626082
212478591
249197924
156271973
124070582
224386011
93480389
134639636
141907726
149551094
134399081
41105034
187911132
122159613
131680903
67201442
223109725
170749794
113786283
173065765
100251484
197965905
168985247
157292986
130349444
189515617
106095128
154156771
110728963
107459147
158816231
209963322
95064780
94856274
149994527
150135418
207418677
94069201
124077031
94827577
122183231
242149288
97374931
102598911
139579374
164556097
104771992
76194146
170462203
106267041
329907368
125581105
158793736
120099776
79405779
121233250
185342916
226260669
75749748
149666132
146968876
120138872
124352097
119649183
78649687
235157912
136217210
180969592
66500485
86252329
259448483
112609095
127762063
75091887
100889697
133542501
186971240
107667813
110091730
122585141
217130023
102992525
89647946
179057522
113816822
158690258
138417654
112211853
117685597
152110853
101859177
99838130
68870156
210844717
115049883
83530461
80784168
137485013
95759539
148025545
198995629
169978598
138563487
249551146
145579375
337699975
136184240
302415944
301270039
79411217
181922528
125084931
177237581
88058633
295102693
169140479
123695792
173550259
120237634
162868630
117742294
110591144
113020861
93163376
120826565
116975111
151433267
70858307
160462885
234579035
100541468
206943041
136846951
122787540
86718929
78387489
236950710
267223610
113029258
241256825
146993119
116804406
164951075
226855287
158681220
142588580
168354112
98605466
192592081
81297696
79958585
110318278
93848985
211502451
139477397
272988259
124682737
108452975
138214355
230793318
162558671
98466122
225104139
296469832
58283532
155214091
96372003
138810262
71427836
89013103
194290198
57954650
173978941
113057751
137355905
123586345
120235876
162081342
289451954
204212596
103663713
109680966
142455029
164817500
299660311
245996865
145274790
253483205
153912064
130952316
73569087
112031708
161448468
116994812
162350183
152167269
154565927
243461322
185248121
128782310
193097295
118410931
182416410
97845864
136954556
101555294
210753498
105574250
214980930
75205613
120694912
114492518
157311691
174890051
172164392
156027186
213686558
115977456
148678713
104049079
334299558
126302245
99511003
111067576
185090806
163152631
264049768
109360452
172634741
100878443
102783804
104543553
143733318
192467790
267890557
217241744
304528520
161616522
111977370
174998429
164713964
175463978
62151214
124566397
234519115
93846867
129619669
74563872
221190202
103215525
185653056
103409538
100907165
128801118
256191320
107743789
233471446
195471405
235085353
61515553
116650040
219219602
93336768
120874404
219899630
219871766
136039479
348659442
163688991
159393872
168120303
193048510
191719804
132901589
131293564
95326570
141417056
245040338
130732142
175627211
91497413
120245101
160652048
218521600
318646292
171212219
141941625
147692511
260223011
77444748
139784520
107955871
183215057
167115285
175162892
111881285
66491140
216838588
198265876
208999596
127739398
243836145
309839745
354764895
100686646
107737365
79497015
216880282
175494923
153716636
145567603
217765715
220168334
162938556
213029431
170517594
142052026
157793360
128989218
127587214
206061364
132939577
175668650
86907302
102862146
119471161
87194517
99728270
92674430
149134970
122611000
132293048
172985723
101243921
205680802
127840927
144844619
150024907
87720192
87840704
107736727
98334160
255787857
88119968
248356139
200229038
113082579
133486177
254818143
238181542
186322518
99850484
233031519
92256823
187796489
176339611
64645731
497058874
105775519
192328943
134933538
188937871
115850038
152940865
106301153
103163552
137087736
100151274
306252271
162717018
97806291
194482058
66961063
120058815
105880645
166443048
267301453
247521652
103799066
290363453
185121243
155608989
143041132
130978666
356412203
203109282
134317358
115889470
109632463
209926043
145066233
202856388
101685476
82331312
177597226
280168120
133895012
160844940
262837923
146537331
323713501
78785144
162647617
100568489
183575432
207730401
67436965
119714860
248681252
224696460
186437514
244060839
153748712
106285825
130092533
114251039
68732281
131261612
153640157
145988931
75359742
73655733
81193122
95598969
188361304
102206391
125630977
136382168
116729061
110553358
216836040
86554115
124846926
112874477
170559255
203319978
211931720
154235544
158111672
132460621
75644141
66471809
148304935
186411129
147003908
76146083
122348694
107879464
81530497
107455118
110495986
331806906
207847834
127997288
148679033
101438954
195722785
155789114
67504333
186447126
181013592
64134980
116799742
131929068
187462400
150544633
168868601
167527008
90153246
235191938
164828701
147026565
91239427
55430706
139838028
170145678
187068299
131233083
164174445
223732028
261214378
88390929
249660464
130413674
184622788
147940258
86413106
106504049
217032071
79664295
177875836
134173228
205426009
199485245
237951284
163390824
150407206
136349681
78906854
273560703
239317890
114384557
169690642
111193591
79587763
209321319
101757910
190345132
97732858
83652130
202062843
194696041
131756544
119187202
347737825
200855542
201507259
100341810
145143885
132684335
143406053
168995195
128024647
142417504
65528689
94383650
162724615
90371698
193237113
76707882
212392782
94466501
106331638
84081965
110335702
171526948
174944955
301055249
221227288
114133610
325642673
174751542
164564772
85019575
85814296
89106220
111692366
121455336
144696368
100307940
153792075
260417960
144353467
168893270
87058722
285117220
197372088
224246210
317986983
130777106
151892694
122525167
110759979
75889872
205499567
209699710
158753225
139009495
160690489
153766887
185311648
89568260
190215239
117505604
258502561
178143505
141983041
198695823
89059755
146418903
116468106
143140494
118105040
106466650
241907385
134077174
171168135
104472266
164807564
148179936
110236907
102326657
160457069
116921821
73876396
127560496
123035731
149193616
116267554
204729607
200200819
160236922
178074744
246418084
283627751
82583789
100665988
152016050
177706374
167654350
137330181
195785534
97783544
128975897
82123063
128612284
115719925
232192756
102501998
147396826
89004637
114540461
131279881
156672794
116351087
116947876
121049721
141534138
191694178
354384017
173628765
277332010
258004633
96664731
118542798
80989956
170486782
135431303
97583533
192776118
263681487
157889347
216668042
118542436
104058439
152188315
122763944
105193841
130136680
232518703
111856617
146296196
89920274
123553015
190860981
182794851
195640265
88762137
149665297
144055009
258057899
161837110
109640532
120836122
90223533
153034000
174787215
164738046
130747949
117340603
188087835
211064693
131466384
174685929
202752674
116653812
220988091
203015470
88783978
159330786
175825214
158690404
137533286
164706306
180810881
173129028
109222635
91612258
124714692
112702917
88572359
141676319
150123430
63510536
171568528
203110728
120018869
171848551
194060557
173112647
169985575
251029511
216726281
78462643
132326045
103257413
131337525
108682785
166355685
147907666
105294377
77827564
302804722
97378393
313259753
214975727
166545482
204601555
203387870
155811013
73814474
198723676
234318181
108965257
97280184
194047919
263808877
83189146
199418590
161045163
206311239
42929080
122757628
192651833
198387553
99070424
132667053
243394734
204524179
141351614
60540594
126429955
144251096
148594701
140257138
177055109
153401729
203766949
217311612
118405770
173754736
77605618
140209344
95578340
81694955
224331227
189761488
142265402
139133810
104890463
162864665
280525305
194315592
142267163
107958778
195295807
158207437
121549653
200239944
368036517
146205508
164641115
185592568
85042940
185101722
156647235
130070544
93626468
202216666
239955915
160406057
188480545
99985494
136679297
131025639
98154949
252159310
140605926
167245870
88241804
146164633
168537972
105504150
436370657
244214840
122046099
144241740
237037924
105216567
89800666
127029285
177951270
141962257
245028363
147902882
74965521
235510866
84648231
177659839
174017057
131793933
132637577
126431335
114322972
219973561
133144622
83816754
140252409
194062238
78542248
76722667
220538670
161363168
178511200
153423184
136881202
87392233
120404830
73101291
192163801
91259077
139484913
99162126
217055146
61206417
80928925
127312596
260798692
198636854
150710853
124185304
88780817
202343159
95394773
140797816
176945285
123033152
142538329
65600244
190451908
102274864
195663758
176414268
191637069
111943255
232755138
65808158
108072432
152049490
132307589
165531139
238540351
237973106
177485124
85850579
131820680
172551982
113283477
132832861
242124631
270965136
108905675
250016345
255410633
135609835
156961046
80507855
166128602
150459122
202285657
215409413
321438023
146724708
116676643
86975127
133282026
115410039
244909146
64521972
204506153
118808720
213714440
65507220
168251622
136631351
150362500
69160476
168343392
152084222
203670912
167449900
138423390
149569311
87080056
203100403
183616435
96454487
142443126
156199667
226247819
145066718
200254955
137121759
148955199
97532097
110042066
125620826
184039340
117707185
173220825
97929320
93533456
99930439
91944824
155866895
120621914
249806926
180899651
234372718
227971817
239449151
243326618
124722680
98878885
164969944
259913120
61715150
111041798
176242353
167987845
119192939
123667031
376672702
130826291
95246534
110709029
212348417
141637234
225792325
138268609
101746342
294706025
193301019
130640679
155179426
263625447
98349166
232767848
213264400
119819456
115156917
145218368
114377527
160492584
102178468
109177287
85612713
222386356
160777362
173777634
160711018
98523300
223134399
133979719
103206588
136088477
157169270
140630822
116317143
181082750
127205548
108101470
201886806
198590556
114024019
115595101
101376853
106161668
202100438
73392495
115313065
223238240
152233651
161438763
99548237
157764214
219564469
77746078
254874249
128357204
175856102
170378933
164644232
172162808
116861263
110712193
93080395
100407940
146923284
55821695
147089553
87729342
78219007
98377913
187829362
90944837
94166888
91592777
231683013
224396504
325062225
180218728
263974842
272903905
259011434
146724116
127204958
172255961
142897761
122335950
111980706
83630830
114999504
190778116
167907527
357920980
183832953
123409591
157532103
117766577
149912352
169311575
216699824
133135265
132237277
126810330
242590474
171509998
249153488
207359094
214598668
201655856
84704912
221081011
283573828
276563122
203943987
137455231
166772064
92327964
67504392
201010034
119511859
88953636
128043360
125328523
236273281
107879947
157332517
138585677
144373742
307826052
116856995
158927745
122637101
112269571
123742308
96563026
82486339
92605376
156475210
123158519
232731091
92194688
101622451
143886740
217487021
186707393
216280477
130864004
124478595
157844824
107261873
113338166
175231352
212205621
132685328
130217855
131325069
128265523
225781161
148517316
122964751
154411535
149845041
158395929
132078635
97049921
264975464
135043736
176870484
123643462
83571813
127945911
150701730
191553102
311911338
118759904
115385208
60630479
207409433
112322455
161574937
114812434
171007006
224367499
131790731
142759795
100356745
240931332
113236468
238460221
173318439
166818231
135039141
84933113
114025007
208735791
100375847
352050996
118821572
200831811
326360322
172811430
117049202
129507918
118844848
352993663
105080371
102180853
96683038
270626754
213222313
121684465
187511373
162666275
114798838
241937409
141244914
335491592
174969601
62891201
142521808
135674549
170142154
121514343
120499733
105295011
163972969
122200838
93901900
180703101
354902209
182941729
166641629
146830695
127279732
279848674
170425072
122143300
167361793
158678817
267146198
373363482
142151452
215932045
165488872
123508318
244058459
124086675
176525691
67696829
102793521
76551948
87032586
139214547
321957199
173012327
124286694
201750713
159816300
69171258
77235433
164668224
163864373
294473036
163576114
143532052
108554023
269026756
224452643
78711691
141771976
115047686
115058092
186533081
148905875
137384854
401436140
186054806
234619342
86937031
109190743
127063014
144923869
237488615
98042371
331930752
168060665
326794353
159631360
143386510
81456988
184457641
202805716
342562686
182251498
124265805
202042233
93556201
116009012
199018497
95453412
102344954
195353518
202564968
130288235
143795703
126341258
200854850
130333533
88591007
100915725
126177487
145805931
251469411
223680647
158525844
125363346
128455738
84286386
139554964
321585884
173054025
297636731
266881307
107266487
171945311
125898648
142090362
73080157
153632441
108938469
99127405
130332089
100972235
194142742
113092269
152972761
184470477
195305094
190028923
135081845
102487708
370498614
155622171
83250803
244060584
230234299
96074002
164678029
125420408
266333048
97366238
168634362
168812550
149969203
155253795
79989871
280074834
148878910
110245695
142822918
77383905
140396023
112983405
117513692
150386556
375982259
139549864
202888973
262706285
151498239
121484413
132443739
78567640
165736175
120753202
86095547
151965998
150661449
198567352
85614370
148757444
114759902
134272428
98730286
135063808
145765418
129138525
104748328
119687152
257247719
124414494
62508405
224756188
237054220
120185742
90362403
95837815
113633357
217000895
249884000
243777922
206095567
106797933
168020301
247473000
214159131
165718861
61978047
153829126
74135346
261877551
87271189
183804058
177526133
265096070
98652558
113212131
185127472
96343979
143213819
83872657
171706366
193812438
154098392
174688724
201096149
127012160
210481402
92253112
118026683
169633182
89359831
109517113
85456792
203595558
146693368
112849487
214809328
242113624
87252183
134816947
97495552
143061599
139516792
230015936
75342337
211453679
60885654
112589175
171750901
54679016
96726727
159107225
412994195
106328502
102518360
201179801
205879915
344466958
177095800
80121096
84979264
129201599
198415493
96607749
135493690
183807124
104477841
186647468
218432157
151985034
87342664
117034615
174398952
69219699
174518859
184813330
93552491
100809286
126772851
122447301
100454120
129214650
94637253
172208781
121941468
128189672
155010629
157494409
162513658
374455663
165079495
138073350
209136567
386893189
134296246
121263531
98090627
148294703
289686725
328717203
127190095
115824405
124684466
121084750
128056645
64722720
165591169
273190782
122583195
122742472
140695555
121295253
65258441
118713811
68231837
114911971
146762025
108204322
214787910
215564175
247102464
62923382
215147164
61621559
189184417
357215189
160298100
156162341
137879418
146519511
287392367
224997731
110589597
228651973
160506764
322182558
156953774
280535935
200813033
125823996
241253016
283967139
182980791
125596805
123202102
216195776
119015882
201055391
172825420
65209737
85378365
93912060
192249548
165695904
200908063
216951079
122332301
148670090
134840325
171310203
84880994
121160543
173487056
144409841
312395831
183217828
161418945
196525515
138965660
88822327
215515560
250341452
111910699
212666608
260592573
123831548
175629091
153883245
126580251
190851643
79300990
100727044
160332347
208026515
156094986
173232827
174603165
138313689
278661039
137408703
230923799
116719017
163339188
99826980
129500346
226915385
144708856
111895770
142113677
381666005
222512125
102297742
163709720
269493251
256098149
139647212
131000187
127582999
72844708
92390018
115565968
189843880
181328705
73824495
95376003
233146822
209486445
76215021
90240309
303004940
156675159
116116062
136978139
197202085
194739872
102039873
202795265
114814030
232369293
192689332
304855155
89070770
153800063
196509815
128933269
86290493
255508002
132675369
73408217
167967518
101422839
158659534
154596942
167645249
104645546
136597510
75332407
185922246
198292117
73388848
249053022
143589286
92053727
268734446
170889866
131723305
105978818
285312676
120241229
131288554
74122935
124745583
78523207
223911506
88166290
114742315
175568970
179246342
127711537
158943749
131111263
227240311
87317112
120647387
183166732
192125416
142679469
56996020
175735947
150318101
116090280
155006699
203977426
132785354
87765587
112164680
139152318
261190724
85897070
121006283
111921099
300063792
78630615
147168767
122951774
108213858
141722232
133593240
328719042
161002336
92510564
249905989
160810939
185154426
126090286
173132910
103332387
115628221
125705419
132191185
262348994
210293121
141379969
278984390
237000627
173698791
201810336
111764046
126128642
298568990
120063681
71119502
184430008
156423798
191864034
146821606
90076266
91888542
182842427
234704024
283279837
145968648
147313949
126405201
127348774
135910333
242815076
168818866
79183787
117564057
117394919
128425653
81244932
312481794
120483058
102295415
117534069
368326859
138494821
85107439
106354786
374471481
90625053
280548153
121213698
149970017
107933527
89320394
174013998
152071016
310587608
123553910
145687162
256328080
148880148
80392470
92548818
186590803
156073607
168157115
133167304
206547171
134258876
133379910
183274297
119082371
151373976
167494032
153739958
174488235
119546717
131218773
104922206
98909156
87346155
146057508
115094389
249152392
146593253
121887339
118039475
120338518
76114949
308532730
127627142
170731247
192713321
165449911
81803601
199492186
302653495
320800345
83001849
107210288
55539046
196877447
145645387
92710715
189269709
106267791
177254448
186796897
147326681
101863970
100451349
110073334
188694283
109766291
72341681
150514920
173890145
136327174
111958952
87002248
253991266
203021551
207619465
187063734
131668442
175473756
236945952
100367838
88197367
214150146
182077403
115876059
124891044
221141079
104344263
160583601
166720846
226968645
137685907
149350713
121346436
62908861
102982405
149392283
224639293
359580570
138690319
173444747
124403904
125672684
126478351
155909860
52407070
139436679
87180350
130371913
157031683
154689812
189146148
231832218
293258182
93050146
150615715
59337455
56836355
142844134
121792006
192490422
176557847
123443321
83601558
271385001
252755280
279699186
236962539
107339400
154466222
135495247
128411206
205504414
375104627
139343732
89983198
142228414
118793702
181237594
118796766
102876117
175634061
89784237
101808118
159911293
95046420
225374756
156671839
82994052
120143296
165905484
123926129
309809813
143055506
137960906
162556742
305990879
151792364
215753252
94822471
156879286
209234027
73123511
114354739
168360458
95129508
141213054
130042697
189872033
251937773
121477309
172401217
175963029
99558841
64639059
85808847
183544358
121705281
231082728
127742306
186383899
113408007
107653509
164429759
194432637
113847837
199478792
124942265
155792624
231732312
161058969
140079753
147713312
88697289
63775757
214712992
146405477
166504479
224279567
131106356
70642381
222923549
138636496
84735361
114567115
159549445
148068115
224249154
161290659
147036713
96736268
292549024
166491492
289254589
155196572
290643182
124772244
173895051
208498091
74383071
103103313
171646905
123394827
210547903
111735012
87782173
99072304
183108388
162684249
186701215
176200796
337491307
269157293
137037934
99897617
193924004
136285701
145941615
113565647
127527356
67309958
160612274
110088559
119916344
124689868
200535845
91806186
96926876
135697668
327339714
151400742
67387161
256893687
136623332
140234671
215839321
153294792
140442363
79666272
287279244
235649482
170426827
118374525
204019297
230107598
145211819
101872744
104541215
141847170
254264229
123272109
155062479
214282766
183741813
73722442
159793292
173746249
282472732
131091146
160541780
86515449
181449814
111688645
187682130
192068121
115772652
443952044
258739175
207687076
189284323
295438131
98498179
253859184
123962974
112336034
164441177
219610618
189774175
113331282
104983757
67544071
97259907
116800191
67531104
222462034
143932776
130763011
104682156
224808743
144075760
228379824
170340872
295729985
165669701
86443729
83999366
173139631
129995958
123773195
97097428
114821243
176883455
105231643
106285500
117678938
79744947
192669479
132333711
139285471
163762010
166608846
121997994
86456600
200187089
111421672
164223251
252139748
170011521
106510110
136368974
350548985
261385579
165307272
152527343
123768048
152197781
191713610
61273175
172457869
97882329
453813275
89140015
157060289
136592973
210357359
102626073
127333721
168334271
142739147
135911658
141151052
152380074
118575212
98801105
102325021
139795346
94037348
212473880
204454327
231855077
132021388
213694266
198749008
103875298
141757734
154320987
205118246
288392887
138614832
139197625
293442422
126980254
151513864
174955458
270219793
142064558
118904775
71833580
117990955
127915354
213168365
152418670
142436965
68603328
157715051
116087580
114310231
151614199
262292869
173903290
177009087
129570182
129387961
237240042
139517623
198041068
130579245
176268422
79690354
131994174
144937544
76969985
233083501
98444179
172683140
99765813
161329876
136047526
153225900
80559775
135892886
128967076
96101832
87655491
288024046
59564429
146786297
110956937
99173917
177836571
67393575
124453787
117676090
157543274
132273830
229794966
90009927
172322394
131507388
213657808
87324047
112413099
173263868
193745447
225826371
101283612
132995076
131921871
66194282
125629621
222490402
110150379
115279279
205410243
156954408
81794521
111386119
148730851
112651617
111965874
113052649
140014786
58763902
116418384
91714993
137815059
182421162
208717051
124857667
156790738
148856535
143077822
192740261
116253823
340238970
243652144
149553033
108404425
84652154
197693224
116718944
176737720
158065195
185135208
140212944
96652697
139471393
146447520
88909683
105460194
167028123
96701310
95821366
158703710
103923885
99000570
86977647
281145383
274772594
188886580
167482386
48482169
75682341
241342721
220281181
146052094
196743451
169423386
100852431
238028005
233705189
290632738
166423146
77977187
209521514
149472758
223996264
116143691
89787198
106879409
119525422
94321321
104515008
240451908
158876293
112961141
102848351
163649053
154474077
321332785
122130111
98855588
176513806
115469539
84298108
175310560
139607448
47138935
107335356
183517635
94265887
94391499
424625681
199854546
162105617
202915298
100821872
157999712
200941179
184718097
63519618
234456557
180163600
107893085
158575927
91538292
285901080
135702982
262099544
136040863
203854945
176418207
298581921
101975690
186370758
199346283
276069355
149729951
120774923
135741918
164518227
125418690
177557469
115370836
102620192
83408218
162477058
105051364
131672149
111872781
124809108
180577965
170713300
311397852
159612340
195992838
142944174
115627982
69459397
127112053
130576996
222304169
94948108
74962377
220059029
233782350
112498877
268751386
132326500
131167305
346520675
170915404
193025653
89300508
85974579
218530479
95420894
216711717
249009759
110690696
147197720
132663242
101254472
141582873
197490820
151299502
143413044
209617983
315189824
153553372
249175670
127717835
109077665
91092800
172795191
116419706
166784730
64681886
139367329
137601604
178305528
86641634
158403185
142368840
142675024
197512620
49541885
79194985
175698715
253129297
142575473
132111860
132030834
96085466
222710021
111827535
206741959
96691424
142921935
113054694
146149163
191768205
227566380
250149117
126120877
226539533
131874831
252007979
79791306
176031085
90640916
251483637
310302465
129822967
195567467
128565641
213213518
235711053
175959004
83647351
156529053
133810235
233851868
89761719
158481915
196086008
275283096
126404198
215637084
265877333
340261978
230783398
143458783
150192486
144074404
223609675
190187914
91594597
134746794
183176632
161114363
178144159
151184173
147099594
108882522
214796728
147475806
159339518
112829102
110618073
101806949
140986786
128512375
168680304
98516811
93112827
152908496
144287120
140579953
128474503
143321813
67566340
149139842
116011547
103606386
73437031
162985141
313886558
239291204
228018223
97934372
138982706
182895830
155401503
77886422
97244586
201954898
294214812
120995103
121840391
147067488
247495943
170758856
109943241
99860233
140913908
201271464
207037300
139005900
120678323
139443752
124871215
98554181
77521897
159038543
130886419
153091342
260786506
97102346
132400962
164827291
141383068
249246298
240595780
157202723
216185555
231236099
122606234
108421234
210782002
96296343
142805283
78549695
196821152
145438410
109296175
156464386
303939874
151503477
106769404
139176372
143552394
58109824
96145677
149041475
105479592
168555602
51141037
126826860
171816955
131479578
150087987
166653324
96003398
95739650
264483793
67582887
171329307
214942117
138545750
177935487
134601168
211379642
119657349
115082568
196416644
141281047
166487992
106559314
156254113
171752598
106929881
188479356
102342177
141011111
120843911
158040467
175874637
334775335
115327525
223712819
80533866
204240569
100327898
46820703
95488621
103769843
206750259
210721566
80601521
111485831
109896689
156221159
119159682
165197357
166012182
161291471
114609568
271080344
217460084
237975408
133598112
129694135
223905280
122778592
228306609
194441705
112906070
70287209
215803861
122756649
64385881
143825638
153984231
156578144
133829870
110577434
233149410
194309708
159935958
239836221
69727408
236762568
185457504
160025229
88816296
234183028
137980528
183014453
126492640
151275482
110186630
169846133
171904062
255996628
206747478
206784530
115299852
224379010
189487926
285365190
102461592
305735980
91862064
223009323
180658070
111131284
148955723
139284628
113434102
156797708
119719118
108061887
80390553
233831139
330290378
146020062
208722564
155785709
113041563
266065243
279083172
157879938
129964198
268489032
250951167
74284396
126905675
119680683
233234800
189980813
322331320
102861424
105231830
141210005
125600643
82589117
159732599
217393517
86290373
134033999
107312886
82972658
208910102
80403693
110234689
181440134
192885370
169807900
156140584
157717954
130052141
112217251
105251837
137399333
66909255
252094720
179213120
196315470
109544457
157727065
91981645
267338124
83775816
183863251
100177311
160562195
67773308
40394002
218160341
160919717
153445648
153702128
117321090
158337001
111583668
247639357
102989157
150818873
122961384
270129219
212604140
219394913
165323066
211066493
115629298
167461153
237434800
124183251
171756485
118806840
148908210
127447852
208731937
184768663
94957024
110738018
174763567
194120792
99496327
101116809
178446276
360840147
209173659
154438742
65296421
123590201
118148250
230872834
137120278
137455218
164684134
242502155
125879028
175907785
119894570
286005325
101450711
83591800
108528162
152546242
120480640
202513124
119688048
104736585
175344279
159783198
78247826
159536042
157772193
98248314
241548460
131283175
134812151
147716438
132536233
168578012
279384420
179653260
154414952
59978391
137257303
110603892
112803835
103360505
106164570
122928724
158173945
184400908
218784616
189551084
100359042
158326090
66154582
120731959
206968122
305884058
151581270
193950816
139661634
194692451
137272972
172483562
148469577
58812366
183289312
263768881
169332924
138132911
131056223
99095345
150965706
138290987
126312950
213904809
237186990
88631691
103068215
126004838
197788875
125579285
86937152
123605512
222076135
109548952
122207852
243210125
102871352
145926325
102253896
257779944
177693749
70473440
129735351
102074383
221611620
146545602
87879610
102857492
111315848
76539083
170021857
103175945
107371524
222060187
117317505
101422963
229991936
102017888
189500904
163713484
110740059
149451344
92946441
166016694
112688465
174966518
84283525
116389337
150023068
173711159
113395267
122101058
60137012
102686168
183760938
150310850
156818754
151855259
119699079
86840210
224091795
144966864
237712688
239485557
573636121
112394228
110632341
160214722
106048829
168393344
175649090
198833441
207096056
93802652
130438509
144716292
89855103
91531073
195996318
218700858
234125857
301676025
114119165
176885500
146119998
104631002
94684943
109479704
194521606
235348594
171178058
110748583
155097302
192808454
59705300
187979496
108760311
199208538
45906434
280682435
109020047
303839646
159227804
120470491
163194065
144464138
112273718
148694711
197738318
103639521
137945115
172554628
82390225
216373946
95376927
251397104
174811436
96842958
135770265
240667668
129959583
154306090
139542882
227179091
210421534
121168474
122699837
154622252
268777790
170769797
263971503
91496314
85804280
162628042
106178641
161053947
110770279
132981367
228233755
155961907
68733587
164803077
98614246
286592922
206571915
194457587
164412953
146674716
174108302
141924457
226646693
112608178
169063130
115118667
134902672
115535707
94006605
101606024
110739535
201377639
66884062
74595357
196857577
163221851
193448053
178974690
131063028
101981623
133001135
196393049
128873245
86165833
134618929
92642348
190473740
254594998
61813399
84645608
166411717
134632207
153437403
322588141
120750430
122666226
144890305
154530184
98074286
201230630
72211936
154307223
169865804
169149429
165803347
81587677
272201303
213618317
192408172
147488008
111495900
150705709
180534737
182483000
184136834
211522108
73282038
263692366
270483946
219142841
93346890
167146232
203854947
124169733
184237001
144320697
126766330
129245112
141677053
124765467
95356417
197702774
140589472
140145923
99675136
311226379
96572773
130642748
227718786
84687845
170779442
124186418
109486846
236486733
101893235
190049667
108970414
108373270
106114246
128531405
132620920
93170465
185122052
228484572
114648458
127925523
132171426
169913897
142294856
164786474
147609470
183412740
267922300
127194676
174640348
140724612
197003485
56901991
196436366
271934749
115762285
87834050
87894771
128197243
111255948
99998700
203431867
131904634
185439024
99816850
268207276
74008311
52303177
122397117
138389625
135360243
149943478
266881358
104754951
318631662
137213910
125092075
115926557
135628669
176337941
129076332
259791779
278719742
171058180
136629969
72292211
159068854
181440985
71452053
184292085
218319064
105365338
104487326
374245934
72648938
87593729
159225046
148452859
71369413
198288987
94842502
141521579
146248885
90100038
148879600
184288776
143239444
113204770
127059357
216953831
185104576
165274217
295731084
193145061
359298233
182245584
118675264
126455296
140038727
102485985
168638626
133866802
128524183
247904064
169397244
100500998
142489021
166404452
152584422
99818199
83771875
251371595
133048225
96789928
205301534
135246918
137062698
198771178
149808887
123990552
159028808
200323292
138063108
137781760
184649265
112964854
131640516
232583951
88137380
160937492
132346813
143876710
79058697
156782676
129811916
145183276
105316119
174581665
132337345
95427675
215223556
89504715
162564303
144082483
215330601
208923164
98964898
263197207
143406729
111843581
86621820
154057589
174634144
64936285
157665629
81559796
154121648
146160868
201138300
58982209
101565097
121427359
213386337
113972583
70576963
190130179
147522480
289886440
226378997
87240981
83251641
195346211
68428473
155311383
220311825
85007269
217356507
70032590
84816099
170865559
175444877
102451283
206351300
122398263
119024927
98423662
155917602
126447160
156027601
147384509
123378847
353316212
326296613
115660023
284494057
133887366
125407179
120889384
182996164
260670569
99087104
164856804
217044375
91803266
137817860
146206043
176339100
226044063
150004096
92667642
103599930
131244505
192225936
73639466
146360164
204807730
127379067
84622995
205892953
84883559
85868078
176027981
83151811
226394066
159045529
201730124
115683594
91041070
233441496
66551476
287079126
128209045
150357570
308316841
174636206
97891190
96252446
139989955
172351812
77275636
186309885
85007777
141374124
92130232
170248926
155012963
190472093
92741863
50818194
119192728
67620857
266422274
139661538
152746865
205554231
165847514
106858404
167679735
135585826
390797028
239314516
147951808
153213587
142168525
129119078
94091827
146783686
170809580
163728304
146672375
94531624
146716043
157634148
128900738
266746227
183568821
208246861
61617928
150769130
183187019
116519326
168314078
138701180
252811163
144094913
142367688
78033625
98377053
135166997
108885970
69378202
205738328
146659569
94938895
161103864
82313723
139280983
75701346
110736201
88065160
129889368
254069954
111420653
205151948
116035998
127958659
94416431
170450124
237250379
189179974
83251496
118277112
152490072
165746756
259451468
219306744
84006546
152685554
179932297
131478920
88425666
167741038
134739078
148761419
118489104
263446647
131411733
217087895
156016542
156634620
155455944
225762441
251766158
82851161
230400038
88366644
286941015
64522715
257965148
73525700
191783494
151236501
97757337
174235905
167215066
233412669
145582770
120688412
144217961
243332908
153441124
210121066
83781732
77650394
130330282
213150478
112810393
157902630
111985451
83432214
102604158
273166135
186010562
113771288
194516896
162702598
95648508
192000443
118872160
182117166
86707132
184976046
180242428
146388303
128883437
93976409
257985150
166168173
180301630
210435442
149174931
380310882
202292473
159056128
57805866
95391792
111501298
96926871
116255582
106586102
82814309
187673309
108836171
90008672
129674246
73412721
138385803
139959685
83386979
251223921
149159128
59646752
157756280
182796287
154752400
160335615
249297372
190305693
197775260
190124518
246562845
117341062
103822093
119935384
232355737
110113644
265763069
135517013
111168860
156550309
147495779
124470358
133183725
198156830
136449295
80321162
146847571
140739942
130197840
123860041
83860508
112651594
146482962
102189302
112266023
181478969
114549853
93862462
128389396
125043893
153040845
133820137
109714874
166893556
178314853
88655177
131833940
168397971
92920249
153072376
137633230
102146893
160805508
146785282
218099174
67833602
120562609
85890574
295154429
167168622
77700252
134715021
78595592
111001518
114337191
192507684
123149383
174258581
133469036
135232880
187617000
150847717
137540353
168948244
94407681
189486329
238001964
168616735
100894382
141611232
176451085
219487717
70169799
187086671
94942302
182184388
97412083
126978765
224125606
351465165
204498120
243200555
323813583
117593909
48865021
212605958
76323360
193806027
135634159
174541117
75524396
163614532
200063277
133769842
124375960
101176033
128632960
109373804
144105836
107413079
217896175
172010308
198109024
135968059
106310362
170139593
194193458
116154915
113273846
126840252
97550175
220546149
219872832
68285639
118913141
77545649
243536587
93875058
139949741
124224185
115496382
197893325
122779360
102142857
116052271
194282415
80428429
231607255
180890004
143053471
129470887
180211507
161318153
207523968
82474095
152904689
81534075
212183543
239336792
97908539
357948624
98694291
190980569
87115130
156653609
227253208
186807946
170740647
138103068
204151172
235651705
101137191
175570302
187935512
78404407
261195994
96840437
167381078
208111682
93280478
123037522
132351724
271423091
266247815
180964149
285728337
353609721
117342197
81140536
102265963
156143599
260749549
74539725
113967642
238249494
192409609
160164423
147321427
81277113
165863558
96788951
342576047
136868446
254894089
257573808
170418834
148950037
132394236
218435485
73537478
167093683
81920863
90373361
58318540
113908408
188862350
116526285
186930799
270281829
121009906
112844382
252420364
123514049
109074028
115915434
165256097
50174578
130927860
351062450
178237061
165952509
129968507
237374369
219888326
128343386
229711999
200819407
171387611
102815053
111323497
247694428
131345253
121282157
297732091
120025366
175237641
149765010
154441115
205355924
247943307
85290721
105849404
75479769
192017470
96557279
198832537
329990572
153559623
121834034
243035128
152032230
124434852
165604447
287732808
81655012
149433605
189137460
137302410
137845918
85315590
168374058
244788225
215700442
157700847
123935447
85164495
137039041
152904275
71105531
111614528
93552376
81514245
78591423
179664825
56375406
130099303
239956656
119353449
249070903
161829753
70037999
106564468
155527342
160664542
209183585
141256495
119898945
179995745
208211913
302838316
97206025
117772058
175052367
46500945
132925545
86975377
95150350
164497340
142552404
146185292
232136507
383491316
102402342
182463473
211503028
136740236
145572800
272262707
111722040
194922170
130686383
136383229
262177951
155635896
91980378
333288887
111617471
119099278
283825908
162861917
142703487
110044095
59367596
119170714
122777365
122990868
247295893
72981052
109464850
204975183
245502980
219608108
90450139
131846005
151692034
294218025
121831607
195552196
90251190
157758589
179085620
168831605
139460328
116094084
276343320
199380277
104853902
122984460
151562869
164537643
144425622
148845125
252958151
107818906
263371293
227285969
124788548
184171494
140704785
167633762
71850659
162183875
128522605
123606264
222413701
149262741
73038981
178171118
106299631
134640309
286987966
244359790
106154134
130038841
107865580
80178091
118430219
69586287
76843159
153147232
130348891
171987282
90344740
143211078
113991033
173471576
157676649
94786741
122129284
213151683
104482055
248102459
122288077
162949913
105900987
263623956
272166236
98699508
106759505
206688063
276191479
170182791
101868755
223696399
59838918
179995498
109115093
115283120
120111361
162283005
82019774
139118059
148181983
72667991
97476659
58482486
102560962
82105457
153728819
226614834
130516717
104228467
162236191
170048735
184140063
99304225
106541399
143563515
142339672
81326244
92766651
234048296
191312368
75809115
144593008
197709485
105924969
83650735
184055630
122589075
95096669
125683700
83138797
90505419
130473769
171899896
183515390
107959560
131277832
179274956
116917118
80743132
176321861
188355727
92082240
133159386
112193441
85539886
166222052
171627271
160634415
396659067
133366650
215180050
121971325
64744242
100106604
171285629
175185767
166904658
108827739
191327209
178193432
133500661
95426371
131919887
192444554
133328179
209479175
141397826
175733846
132182121
319255295
177941064
163528277
220529552
113205443
138735496
119606914
147685704
189622338
257055465
239108175
80420159
200925258
130051492
136285286
117268244
116909612
212406812
235401397
121998612
247025126
265271551
170873928
143697575
103625411
183153555
188912863
159127869
91734078
71808304
102096539
136824584
159094579
194409855
67871924
172377894
151692739
149505384
208145729
247379903
268317362
188304972
113078196
136857672
129957893
117985435
201283990
139866822
223964012
94746343
179805449
233746077
209444246
133642732
90023401
377824529
108322046
71116980
362483323
145719030
109729029
166378582
204711533
172728298
189579366
72760704
229713200
108825217
131842536
111545990
108208024
284440979
179001187
195640697
223045895
89246217
85294266
75434299
169260589
139204416
243203423
98172008
137964904
131716267
93575011
200550608
120330609
209096830
142487400
246238060
194183745
86484059
165886171
174151146
138657165
138818434
196223245
74615348
159268872
108954680
76420326
183494296
91448997
229253382
174709169
217801579
85788784
160896709
109230220
140512966
193370745
118382481
236083473
179040433
114739045
149359081
256442151
122601581
119505034
138887703
121355256
150570838
148696371
164832487
188438235
87703682
196186345
63532712
165310698
89305855
209501331
187412270
120716886
140801997
258093137
124983947
168498254
237957075
204408530
170902192
90169730
89384545
283970643
113748741
204220680
156587118
259739611
67824594
207745013
79386379
156862382
110767238
110439238
153016706
130113523
106310421
176011465
170475359
129812612
154496334
118317569
66219475
193473953
99854063
123778599
241749382
157609186
71484482
209361317
149437341
130153847
130487538
215831510
264593434
257525309
170093122
162117153
156904391
138443651
113516998
157644325
111790912
181178193
109378112
126678905
92693773
148864292
139757981
89064759
113068193
186692771
124953633
66642496
91842840
141074930
110180411
241859634
141979722
106252877
124534007
195751571
187099322
133947179
197283516
138915455
260014926
131694355
302108378
181930396
112744636
145758618
254912919
148274174
99375083
100545916
131529614
126067314
73245210
141953818
256637737
97831330
142509999
123350969
163827663
202085332
129893629
135774495
154586695
132228152
176648536
97151373
189426332
149417894
167894943
164190285
193109156
166617389
126858734
80387645
108306412
54300926
93178155
216357307
124938322
156478889
167477410
175077815
125874005
168364262
190141983
88576875
177979124
163174519
187032138
186373121
159749296
176815213
262658866
232537050
227945538
201293827
234481078
134944720
108152916
156051046
287765147
203723759
83191316
174836862
186833207
114174558
85125452
84198147
319437808
121080025
319072011
160170043
160070383
75317981
105707819
98470668
104502971
124233456
140634637
115092197
84113767
122633648
95702121
164349774
99344415
101337245
82858466
84287062
172348373
192210971
214676042
264160021
115204364
97665319
140454572
88753067
139593956
156508222
159990924
121214698
234035602
293724309
204660980
126306870
154995417
202407681
213290786
102883711
123192655
157224560
100955446
217189074
175723812
84357743
256598230
150138087
234887480
421908138
316211964
55915922
145767371
137755101
129907172
101445815
124486975
166205463
115094334
127568914
73968294
142526723
142889544
117583746
83480490
177153434
146498745
153688842
113460223
81543153
241600976
62663796
208250080
64475026
139082683
170079654
98549123
85042115
116563348
123154508
145742446
122357004
79024124
252166684
297583466
121560905
143638336
150813721
182549922
114433578
135160522
131716920
196549097
193486555
79620465
149478183
211457228
134506111
118026945
105990812
118199734
128985027
202236318
186938161
118859650
152889302
135232411
157033579
229117890
87560628
172951457
209346721
126431381
83417360
213041884
121270625
119953327
135627001
187843147
85966805
185166988
80904999
121552315
133219816
74251828
137898843
194106995
146475803
119732219
185938388
138501717
128697830
168712643
149517158
116366571
196623487
172973670
146031753
98387862
115869123
110384673
151190336
83755771
152789063
141938775
148599403
130127562
145380924
196171242
119171943
181496237
124335850
97946741
157598895
155061578
74475617
291676463
122714590
119401143
198791312
165360720
168668350
150827819
206304892
106468677
117990747
83973131
150385230
186526696
141387950
200403728
231554071
110839083
141958111
206019031
109018284
114330074
99922161
191755323
178990272
249406270
155839578
106459298
88491821
138012157
169502792
128426921
115073838
122029146
184278509
95272493
176732835
142019020
158860716
89208319
143607135
102670817
190882905
163223271
190415266
160379205
83190296
105738760
178414723
125987848
186259922
265335147
120945514
143295277
201855065
125381837
171491107
125088111
143575815
98474147
212537922
208188868
96129099
288129950
161736674
276096806
292078704
108320530
79965618
257935880
128746442
166548953
221465683
301696647
129132857
218595874
146987211
211558342
104691838
127425521
64192683
148313362
106028923
143324663
108895109
237550261
158225747
173271159
102501349
86703903
99160143
116064276
207066781
161146986
140598185
151401959
341044085
126429464
91446958
162176913
143013867
187540290
154931673
82772529
189665177
147993137
97388990
65317308
222375212
133312562
283377670
122087060
119676586
131944513
112111392
175369076
273208406
86621820
170974218
158253578
223053868
156251367
125933691
119383867
117443971
206724875
164388122
158800712
75373309
97437631
109595942
73572197
120067081
78354655
131483222
174661270
135055368
205831983
143801956
146840281
131339401
161882231
160908236
118765734
151270008
140900295
249277691
176804028
74654974
107333326
134794990
130658200
77620248
181072275
180309544
255312294
127928904
125928508
182807230
222286464
170858901
160975847
192700707
108055732
166011575
168217195
284746335
84626235
63584927
131434817
123701013
72257791
143314793
105657334
173561841
187546491
120442838
131983897
158585160
118074516
138039387
145170039
182150238
113604597
148710171
148499617
128578395
162509849
243186311
78998119
114824755
103861042
87227124
256409907
169075338
126038355
216814804
143745184
171278005
165871246
119539776
177948379
215268055
197841259
203249517
258903875
122672524
80811955
86171301
84676343
184893361
263850734
141656953
117272035
208020504
134476718
142495757
238183140
66658410
170048097
197557111
203393378
262542990
206108113
164422680
101703260
105184194
156285151
247633622
205650331
114630843
81319805
120999099
130377885
84982877
114473455
107557012
223346296
153907550
96625466
70449748
144643816
260928845
192235686
68636280
76467937
116606540
97488908
138147901
123806718
81545763
105977238
236887982
203080050
284737369
86688624
108695318
88756532
162451713
119207359
109577863
99021406
90771407
160225649
83892693
119217126
118586885
155560311
108184621
268588365
76136092
108139453
175680513
204314517
228780733
228230330
157974806
143945465
147010064
146444398
127937323
157143045
201657848
122695788
123536782
52145268
121051871
133266838
181029064
166587443
221581169
156114596
94447343
214716727
266282405
114785193
192915317
110143829
275851662
211400135
147925113
211929933
112253180
135965992
134639274
119446733
234094789
94331081
116942936
62633538
183363511
85397110
151361597
217409787
257229390
143982826
123606196
214550833
109677388
216755508
74763592
245042228
96280508
158098940
74605368
167643112
91363552
192819861
191710570
88839661
176432591
120086912
116430111
116602545
82777749
173770846
219693297
98075302
155079067
223178504
128315946
161878412
170000979
99029669
165272097
171804320
132451798
91534563
152146438
213567135
75917813
160479754
177194625
199825986
101072481
229915549
113966190
156681428
132359201
79893425
72259357
234436958
130806860
151973908
210215578
180368994
105780605
85389691
126302721
214549335
260470342
118903946
137483699
178031877
178152095
241873758
91973168
239842390
178361356
178344027
86770946
267103097
130827701
132906840
217771388
116690062
175134963
46192253
225864632
162243607
148110584
121418469
315556124
311164080
235119135
121382288
196512878
109547955
130828847
134590486
188991052
241023002
149100603
104724255
188732940
174706661
110373110
141927381
116877079
210218878
215107985
115535073
92837642
118743781
201543096
137078096
162636278
216058070
73227305
115480904
148072112
101861653
139142723
123884408
89500830
230849284
173968623
150497274
156083759
128112294
152064650
267002108
247128498
141465864
163434967
122288976
186549525
106677093
166391267
114742392
138616439
87116813
68815043
111973570
167204809
152535992
270760758
131904838
195570033
134801465
91138118
174765437
138864893
89168139
123873399
203338153
155845842
159049181
307092544
161149064
87409236
271555953
191876925
141162432
81513107
190871053
130302040
105414378
132710030
97138886
86156370
98187514
234257575
175645292
105309499
209236204
222275206
117091091
142549070
125762569
69610761
100549676
126510303
287167586
84840585
177707803
88525828
109155193
179962719
183034522
135632103
154122225
116013055
75833518
154942349
271298493
129433032
172791001
75215698
105117041
293209949
169360003
89383763
248724927
99552692
122984439
106409507
205298872
183630035
94012710
102129014
89820698
56055894
102454241
127479722
164932814
199109272
136471087
113516671
338933085
225350210
77808845
130963958
126116466
307537258
186799455
67924631
167571075
137577155
224668964
197648062
128731603
259757021
125913265
204168413
108713555
126658309
111017354
166837057
182656408
130271136
172866761
103521300
104425059
158672995
126972553
256192370
73140303
162727851
89804547
122627174
193528603
98200202
72244098
291849318
138310879
283399632
89597579
80045364
145225687
125637644
116005457
176867842
197422846
137194211
124673608
91829302
227427494
229647227
139808776
113515739
92657113
204969832
103771846
137756617
157528573
119282004
136379044
66401087
212905769
228042743
130964788
93323836
115871148
112230358
108012238
78821719
176966760
74097429
77904910
201138192
176835890
113361328
124640302
134132711
110974242
137329105
138184259
136265295
285959196
119702224
89275345
197115061
132103607
239128147
163065013
167046586
72308517
177537723
168411721
178322069
136803585
237358560
91524555
197332586
232025194
205654057
185070654
178862249
195797979
211957664
143054477
116485948
205424646
327179928
163184908
140945607
157883547
108844448
110637518
109749801
122617269
178253587
139929959
131942748
106938741
107134732
319579836
177350271
117571946
167913302
176917425
213838518
99455713
210252193
245033957
302883056
183198895
106714630
105637033
135907483
197478569
119770874
69189145
145255628
142595473
196704184
62673242
188258089
161321672
135339840
207584039
95648312
118118676
173084704
190661427
103429394
140194454
166014190
107362857
145821888
125923001
139303107
196092608
151690394
228240069
181759169
148189652
86628950
152257561
138749215
90304487
161944513
149468993
151332778
280034610
110143963
225652216
243503050
161611416
124256229
169890941
103333136
127398273
100528934
194985832
94735238
182678238
74808036
139283913
119768287
89162482
170002838
138253459
146854282
125016710
214199139
193361763
112785428
131775422
208663789
184209146
104002324
91794585
321989988
321748131
116606186
193187141
289778789
122518033
150255604
185380919
110527236
91048454
130333367
133453596
125115116
99393839
162585658
170341936
120848556
262844373
98954308
141117270
180902286
82074847
110404662
94126525
137390543
150251084
115788869
125758429
175854651
253751043
111696234
81298290
137474056
185752116
109189029
118059177
104259261
239903308
328467885
98835922
127860228
85673507
142994330
158918738
71630677
271910395
72605782
78641794
210824141
111514673
94946242
265065885
163930091
270703090
98754388
103346248
102521216
173548561
122975957
67421365
121733442
164112416
133740640
125850589
283165761
118011079
128130737
395958849
255743741
136786322
138892848
171430335
150110992
235262262
65833395
142437202
115590337
245507442
157967616
214662493
169140060
281108918
104879557
115591061
252051068
154210398
133897378
261643349
151763774
121057454
176281174
196225077
198062893
206211010
123187258
148117078
73262275
157979101
83913998
205443196
114047374
177020152
142332077
86566818
189104960
168256679
124544358
242463167
117903355
169311895
46043798
127925754
198319135
147956476
89516663
96408170
216218732
177487219
168065496
167721166
131855040
159744951
143883913
165911880
110995641
366328598
152602626
158359458
145078346
164869258
218572313
191818364
66608333
167968256
316830217
126173905
186095461
181689707
107385659
144121869
108227298
138447215
72382272
107651229
185026947
145306926
177008829
158186253
177409585
122408756
95836830
375020016
144908744
162585392
230554516
102250171
249740628
90988099
118934837
72604710
151011489
281810842
182014458
246151007
186566237
110596916
146002109
189489866
111631249
99113021
161222039
116309816
133313673
162596630
217296065
140763181
55227816
159119656
125597332
71693545
102844295
89641896
104034570
103894098
223902021
144935663
106086595
212765430
174776827
260957976
105272196
215565880
266966041
207553584
146056217
90448483
122717813
272515544
290446134
121726213
145553291
126871180
80709448
69907136
129593138
106778706
201505760
114132377
125303880
184716322
104633004
131854802
73887430
131752266
130191517
98794279
113126922
146726260
116773791
100206697
188323691
68384450
129926422
89250865
141713794
197762684
171001140
174985145
127902960
190691153
157611264
154170056
124482769
142498852
137706110
156322994
114125633
137033376
137143469
140449683
154701506
200177778
134915026
115270529
352444480
180530481
272964959
229338730
187824710
112107512
106414669
141287333
236419091
148667259
217819219
120911579
126318738
99844855
86170341
179840784
120292286
84667085
173368995
117983419
118023037
93171402
128308662
96163026
117507294
157677608
217135588
170109517
128417763
177361981
210178034
291540872
84710974
121488007
159915007
140795096
235628810
266687584
287903842
174197292
93206563
143160972
221932089
97778640
232111971
109062121
114070370
178051711
132640224
137306029
259873311
146583520
333164111
75530630
82182005
312607159
212069854
104798419
148442302
429740910
188177143
176273410
165674439
155411121
91707213
203599882
219989846
198851326
195353500
237516291
80483267
151490394
81353644
150055309
149429396
121172631
152721771
94012454
103678414
126877076
198726349
144125605
89321118
151949250
85616390
59312835
181762802
271918353
180468448
127358809
134086719
74637278
200447571
88269673
157658027
159253894
194444272
125216641
101477605
429836557
315649258
103491541
242730327
154915516
219971005
219449534
151977404
121316385
139106136
116639120
81403033
194599257
97510740
116518977
236557241
145947403
98606012
316946769
110060239
63405809
151067502
276207260
117139705
155839671
243919281
142907497
80679144
140179136
66925759
221199869
57884892
158215854
206002352
201922083
166891696
102734617
137787649
111115635
180256018
142030332
172543873
94390073
223625915
275133886
176598673
238102128
132564524
82388103
144830680
149090662
76305207
89287908
161893596
300081530
115937389
284105914
74712675
162503923
92903742
160490429
126803697
107079523
213439534
131009515
196370636
101207357
99163517
132425200
177178768
246768175
171856309
160946434
119395804
104191618
68182933
141059377
110389332
232285862
294182973
164494568
84881705
169390807
169954037
115366754
111663777
213421429
129403011
164719333
186563614
154124126
121632959
139267055
97473720
86056358
69782204
202074259
80420978
144345070
139986102
125301569
109592129
237686882
121245640
241563704
158470087
226369547
191061880
228410590
254113631
121808598
220748957
121039766
234228579
127137299
247026895
149387099
126154746
194778994
136124509
132383018
200573147
181911740
143164773
305901118
206136838
131498739
199982350
242116017
86671683
160576501
225609393
171933201
317727038
109746878
136814121
241808325
71340548
228983851
96218976
137126317
103539149
129896190
267219577
69962907
143555183
230631596
207948827
279904792
188054104
127039248
116230013
69289328
155053386
101960783
251880453
163053219
123118035
81539873
123168743
127145589
199380466
163617688
68345990
98977737
192761941
155840722
116593325
140071764
169428520
156085915
156270795
71198940
122852285
159331602
214830612
104814402
148251363
133847975
86645234
189273532
96049120
127426222
127816704
90894871
96604056
158156188
30623125
77443162
124010427
357814450
77776231
187198483
77210795
84393975
136435034
158309139
143211700
117343592
293372121
156344269
234329244
189507462
210847613
99807313
146877807
124572581
141931463
158541470
203066957
91329442
187734254
126229729
212124780
201934648
170773262
98931401
121475566
92585361
151092953
226558344
92454609
115295568
62161225
181024581
205508865
135676044
226405660
116051102
136978076
86558644
155439902
170478398
91580048
130988953
111155525
126750842
207819910
90460263
187260654
92798505
129463477
99016413
275644463
127620487
160092724
62133114
66894571
98114499
246124629
100710128
171582619
103369273
141542871
218188961
317670072
90411348
87453839
188608551
266792107
175512741
98374889
155691612
210525324
169154752
173053101
216303206
91904385
90801345
86554454
99803681
169081317
384683043
208818295
128823593
168126370
105822783
124142619
212728161
151743344
128143744
109397931
384767643
147945211
114754752
172904562
200842573
229604680
73118438
107038512
103759106
166519298
163304549
104736343
163917971
101769760
120994522
235158134
76372050
97808570
56856570
232752572
140284379
98795137
154575602
124639866
72712874
267915051
175382511
290437921
134732486
97042186
185535212
142148221
117744118
274562142
211983432
190199888
153122747
55938364
102973867
131241062
159845577
164206293
203508014
146915001
96574479
166559171
84447815
183473058
141554947
129317390
107298828
130781080
137883230
191249952
72029539
195960608
189874073
208600463
187209675
180684412
133007396
168916296
151007681
94249166
140161765
119815358
153478298
113963373
181538859
95692209
123604730
99977773
223787197
138727031
207302141
281434839
180552138
122823955
103700499
152307661
89676457
171294861
161479443
126562441
235515579
168649670
149534804
157945180
72640271
182121706
83643628
139421384
78738644
84861721
196364188
169112691
131084690
358441298
128643881
232663368
314926712
120994588
205570803
99926209
59824599
162705928
237124556
165414471
138876109
92448982
249897042
171224720
89012791
96274687
177339754
42723450
85530114
82174431
221526712
213789729
79228889
125859860
135047612
170905270
97295895
212787420
227515079
135728021
119988547
268390409
86173147
192184088
124579522
236540617
80254212
134509463
126463906
138306865
200393549
169708446
135991022
211419237
163938111
128142259
102905407
206095990
87838982
137005604
115199161
208486441
154373344
90998326
135231429
235349333
132414431
160353979
109975863
231415133
289974758
121707423
183584297
182572781
233223645
169514543
342668710
147627473
113897088
171328560
87911356
325876654
228987326
266799403
149513323
101141068
180218031
157633015
81772859
101353845
142292460
135170571
126540257
128277374
135928547
138760216
159248109
126586288
68971920
197560754
117629011
101358164
178221057
154660495
205421225
130269251
275681564
186092536
246472457
141911293
107454459
303819528
149467387
183234775
119235875
111554740
135970251
147629673
147730551
101925481
157077202
83363519
246037834
135112964
101305509
131341506
215993811
288283832
97098114
148359907
233395114
124271135
78352601
107537381
103920649
149556375
162667336
125413065
200118978
113763766
104080719
162247643
88961713
146104771
131802136
216567672
175279921
205126134
186731502
103545407
142441773
121397506
95839160
271550972
104753185
109074047
112495318
289688062
108052784
94791458
167665851
167312419
335195638
73983822
103604631
117438894
164629983
198051871
263751292
180377349
256988315
142749235
108699826
150900370
152611782
178703460
171197389
157454531
206962770
218284619
167936597
117003749
102648557
161506645
149275734
73469722
114746157
300967002
120338557
135332128
192774010
140388899
74653500
193648452
236311471
208576450
103610856
114954288
141099504
254735999
177760639
267622416
108792487
84760872
157862862
230831538
74031606
175830115
209255496
111052043
78302196
150706990
117839994
133589327
187344702
133170705
44787246
92538469
65750665
256622480
83266261
146575175
95876264
172002624
160560824
141426223
132489038
186684722
83931368
127794940
167797020
317583168
139677747
229769811
138662123
136064431
134485936
260433964
133738683
161050506
103066832
149891216
103891867
142483033
198378730
126386825
88043361
128350729
103292748
70072911
91227393
137470202
277779989
130980006
72326068
102027232
72836489
186692318
178414388
236044576
202908133
213584989
186968385
130599104
111664865
162989379
129512947
195800728
162257763
278355946
158774069
152057190
209073288
293633379
127606747
165481723
101671069
123996820
140115776
207553072
158007256
85391809
124923465
146315949
85766484
148090712
229085190
258016399
134839901
126626022
196685138
159645847
200154059
146303361
101979013
257662957
159997114
151338429
235096479
93450764
120874063
150925454
178187433
144439118
184900649
116701914
196137824
164871760
79348216
158101823
67942304
126274337
137377936
69917228
138180505
218106739
111165059
144103213
108463743
294658153
115523457
235803539
207377163
160919605
200341553
157062097
160036280
182633621
152118835
149432794
257535693
114037799
175745102
194125135
163074183
149906211
127599079
217933104
170935938
115457756
93147452
126413823
183245800
167362712
96890324
153869134
228912418
153856315
64381565
88920144
74571290
218904187
252637377
182822961
233293967
174198081
143500982
340667173
167885217
215909837
226505831
154802225
179275670
154136872
122951994
209296509
97962044
224935947
214630714
157556226
131592967
197430665
164893035
138059966
153681104
57346137
100537904
206328872
203524304
220973936
87036739
180431251
138943879
190604111
79334866
191033399
153445973
219403981
130545509
221267267
124706835
164508712
123285603
152294746
113997679
242653855
168297354
81745542
85143790
213947062
261120532
113607241
126378443
285413599
222478840
121161917
189980695
212205485
149892068
56624819
95373531
43520847
84731994
107620901
235012371
59875930
147088744
199646140
208667695
190322376
243510642
513924831
219152190
138602457
184175110
105810341
289503525
216972044
146537453
158728143
114087272
329177849
169762949
115001963
198888216
168679495
210089916
150953078
320401857
211750606
65106011
76219322
222339659
160183068
92465066
84447349
138969781
214873937
278989124
185731386
127659401
89206317
179140814
171350410
99908664
133470867
172718874
107485481
110163399
67297702
89514217
230888160
142450449
127792669
129069319
152642136
201091430
79912817
101484642
131484644
198852356
201526772
133147502
90559330
212427994
107366399
131669086
135600011
79639763
210987400
135752196
101991421
88208094
119036517
102789951
96887239
224392717
99975330
129733527
230295385
205623344
117818709
299445330
247514368
137183918
116346886
85703084
97313146
156893614
207134099
193026531
245601937
260404348
96880318
202745830
362171892
89000781
107196939
197567320
181204951
213273608
108257047
75153694
151489370
96306239
81859653
99638608
150980411
206695638
95032784
94259921
125963547
106162317
97195256
156299792
125857925
99217487
143395465
129903012
133509515
141026297
239897973
180050288
121045503
162878122
370741900
95637171
102537346
156786740
88794819
171930974
133205198
78776970
68643071
156416222
134019647
228706670
185151056
105714848
88195816
74771294
225242819
82956292
118189884
114614925
305030129
167056673
258724274
102222318
98251700
153664515
147305341
101901154
186704345
139883049
388017059
146731506
128125818
87340403
119726212
254571648
115354123
85675543
154885139
67318293
175723416
119089799
131133345
114663339
186279232
132268788
165494385
165794128
135229820
174462527
152019163
123952003
122983892
156703668
166817848
163845530
81245917
237601588
211590177
179657264
249129627
113880267
142374315
120240183
178767037
215512851
263691079
88055654
142054529
132429773
228354438
230332560
225254685
112071709
77107080
189825549
261455630
99029745
127546351
131278927
221608099
101060950
123297189
173544752
286034420
85007383
139247503
168895606
130469040
175556262
225117842
133648921
116358393
210495386
101846479
118578779
192461189
92010896
175296627
197201391
154626099
163794504
141641096
127210064
143758422
211257369
294603647
76127198
114154223
67686275
150305105
101518544
180677532
119041387
190581761
132365155
149844539
105338581
216276545
145291015
134808004
159031582
93868373
156383364
159796102
162727474
210232700
134133458
132859465
84694720
111820851
102281958
127573942
227265407
117172356
71298845
75082931
118795487
203190465
99866568
131030560
81098369
165663952
222521946
225324437
211943642
192039883
102565065
77173383
97287424
86399605
190591700
170234615
128773565
95685809
124498565
100638065
141101670
162832516
84825716
90788111
186276706
120556293
178615979
141274066
94667127
99109454
101650392
75130394
132466383
90329534
274408980
76898129
104305151
274169384
237130215
92896432
251136285
91536500
105149449
165463792
74086802
238830275
156321059
105032508
196286016
59757389
115368996
163282971
156180594
335640746
157838777
196018321
123862561
165440904
170087428
223792619
231983109
161653189
339439746
252066631
57294824
116543625
135925552
80598707
169897599
94975760
157408994
249966447
273509312
102918328
103218269
95549750
123985436
317353503
120834473
144042062
112493954
120442597
104365554
149764658
93076428
80031244
75917581
114023669
96958951
147218294
52201773
218818605
225709515
185498940
138985930
180932932
88924062
146784010
204395965
162578388
163909138
166497189
246171353
231853650
134844892
113853871
156005974
197644295
180447854
117113278
154769750
120147255
114621689
134893662
76549782
219030213
204548647
135824680
111244285
121026558
150564053
57999876
321215997
150947209
136774037
146858691
247700486
180949718
199361231
88661373
368356232
164593830
113017961
196730428
111716605
102140955
182903242
179506636
141609553
130794484
169511943
339550647
179423816
100305785
160581110
105916675
108442923
269149116
113737753
247959504
86974373
95245061
143371243
192837653
124954511
141802497
149715693
177000167
70133445
154497020
117126250
115566292
129282484
297744523
204705151
191531961
75142199
95149560
116924844
105175006
171041608
119553207
83998384
278280376
179354419
141135453
106384983
252426414
68038164
82754779
197247311
240027434
148052617
99939380
201698527
188208875
107148630
220785115
191218626
99434538
134546771
157171483
81753955
137664310
122905526
147640305
159624517
284337320
180788693
135476650
101573848
99777408
95822256
119229445
175483371
158207905
236461550
113727506
108317412
181366375
122780021
133606756
160030981
137070338
179452367
