1023
256
553
829
1640
19
2398
1054
2012
137
708
598
960
822
199
481
1534
256
8650
2981
265
870
13066
225
375
456
3538
4993
777
537
239
776
1389
1344
5211
8705
1457
472
819
1053
1907
2501
4844
1095
977
1372
692
2835
1914
8782
2039
18
3969
3645
1068
2241
90
9316
448
668
1657
347
1293
658
65
1479
578
2930
857
910
701
3460
3653
1535
143
1488
398
22
708
196
470
3137
852
683
2111
245
732
168
11949
500
9080
1957
4893
323
394
1045
2204
9554
660
891
343
498
2729
1599
18
789
7091
4979
522
2033
629
843
16455
1000
657
496
28
449
1230
1932
339
1179
903
302059
669
952
2494
930
286
423
1443
894
909
1545
19504
751
485
7465
700
748
436
4115
219
769
105
1614
3161
817
177
4894
11342
2215
2038
1993
169
1035
524
560
2170
1493
2229
1294
415
3502
572
878
158
287
878
2384
2056
3365
3209
31769
958
970
609
1002
808
1928
400
991
8795
569
2207
611
1384
646
52529
282
163
2028
1084
41
3718
1252
812
396
811
730
95
1971
3990
1631
790
738
1662
20
732
2425
5694
409
705
317
509
2740
1399
284
866
1723
1278
2396
570
4048
479
5636
860
4047
34674
150
477
70
543
12
229
303
691
1183
2237
1864
1192
202
693
827
809
17356
4098
1039
524
557
590
298
284
12828
36224
464
88
891
252
612
123
1021
178
175
929
192
836
923
8888
6777
972
225
295
2408
470
638
250
140
865
1083
873
276
11875
450
5893
4348
105
813
452
505
2789
141190
675
3922
634
2091
1602
990
198
1860
914
4
1336
948
614
297
517
987
605
355
134
48915
19074
551
283
845
1247
39
388
2286
17563
312
971
2475
919
353
2101
2150
175
621
1054
1528
1336
1490
2861
751
719
2141
8623
502
19036
1621
375
271
888
2266
1758
1419
2002
44
435
1289
1126
5527
5110
285
916
8523
4417
12365
24533
2705
1519
982
544
5389
1027
26908
1301
314
7087
1378
178
5848
578
732
6142
865
190
8679
635
1737
528
295
885
227
6310
133
997
226509
1038
902
775
550
1578
1023
571
679
2056
1166
291
671
1714
376
1805
1987
3239
566
7340
57
261
2444
531
937
1239
668
13023
797
1127
145
277
18642
522
826
553
34951
18870
659
875
32
689
487
1364
16523
322
858
18923
966
766
230
52
979
1157
837
3001
586
372
1085
1797
691
675
47054
1059
1655
401
3691
784
491
463
1288
589
783
1175
26
758
345
4546
189
71
570
7341
1183
