46708983
51545879
33524935
43598629
37793951
34589701
91056618
38264504
63220752
58844049
39923875
78326142
33954701
64392244
29688878
35866828
40499779
40166832
60346488
45379673
36221157
47786734
23334395
37043495
25200000
59589678
50767793
53286559
35204109
50079126
28587264
58969256
65167215
43485641
24505314
20895779
31861895
41230953
20808847
25131865
39766687
37054577
63404805
43477094
53313032
61917860
61412338
58591901
40719855
22549267
66771398
18247759
58752945
22274633
39241123
26173513
35166041
52195374
46230520
35826967
32179408
18412601
29167357
25915205
43110176
35840448
29555774
66797736
75069554
33509824
52868876
33153229
44667660
68526891
19305403
66947659
39506517
66412178
52327858
38056981
42782529
67166676
38532505
45719473
32860676
49647403
24309540
40275828
68065045
47231846
24037967
43708599
48449671
41685391
46390713
33642097
43537267
34823912
31126063
22686073
51508835
39031312
32229145
56927500
31518799
23824290
27667275
37727681
19861623
25913104
38347616
23340024
36677989
38997931
43295550
30193237
53409444
39179176
51839953
38859816
41467133
59923202
25768037
28622811
48542156
48888051
35347618
63940193
