19171953
50501474
23886407
25316010
40551067
24052347
18093461
29880493
34195537
23676069
49022910
28250455
21935596
23694570
29627588
26963386
44705613
34201616
30729642
42047059
22894175
26498091
37008857
19038935
43809833
26482180
58247660
40227862
31222216
56120443
38860315
28969569
16063815
26934157
37311155
14860484
22495999
50175298
26806647
33819121
31055469
29768371
29188503
25425102
37261511
23042684
17030139
24028996
33982070
22668691
27451198
32437871
22650732
37593280
36646723
25276517
17480139
16753836
40896108
37360330
36445242
43379867
79701587
24929237
