243855738
251475321
317355787
214470999
114892636
429922731
174874294
205616076
246886140
225081845
173685015
171207058
187908152
378415437
223681002
259962707
269680975
169809564
208596547
219167314
353948847
422989799
384896559
361983211
162362772
58274637
208785981
395021653
174344396
335462351
182086296
122605598
452280874
241171752
350578113
193609006
253013052
246356445
314574817
365257561
227001203
185112097
412789756
87371374
230450235
239150533
110782638
206593183
78842405
148915632
187820653
383251974
480058179
216623464
224090340
178315427
285963233
393660064
227035518
386097342
330101709
146702472
130753178
125930546
325942700
208900052
326573695
300937792
127745863
269113540
234213662
490932994
330874815
282206949
209906415
244398324
172389716
187831783
310820137
253427031
169145810
257911353
224926314
105189458
242994543
417490352
401984048
310427945
217381270
334675803
152901179
246453655
141286441
208001932
222439611
184088922
199377238
320523149
106467795
398988075
186369747
314542115
441919976
362841012
391849111
321840441
139609209
237794919
254576084
241601962
221699704
204594307
404606415
278634622
369683122
392911189
203819948
217420934
216472371
289061507
234606834
113927622
585969665
136495875
236075567
321633917
513230312
478323674
609726153
448239573
301248370
197444104
360774187
303334457
116441640
393834314
314965595
511883180
300441171
279936378
262563637
172494870
395625885
186720353
340044654
528869643
124465060
154432808
257267860
191207564
370123626
308621499
144063817
376877266
102121916
146273116
278518760
181605802
263489891
73308164
285053210
190851911
412283479
318439852
335030151
204719192
243779805
407460987
102853533
223359310
212524958
265658020
329909717
130319727
386406137
106985923
316373743
236284263
178947917
220168257
369501146
307159128
194530867
212813954
334868525
270334335
157040845
278546172
504704806
210690859
349725357
361706834
219340743
296236882
149319180
381637516
351724937
421549596
154549388
210909477
324828234
240540918
197168028
458278192
184517406
348089686
296345684
341932501
305660688
431741109
437245933
379226939
310720461
353024736
477312024
363270983
381503578
346180366
332108968
212204700
226934703
323812222
382207344
330005287
382705491
407477394
245260109
408365497
269776812
176643382
110530577
221207075
163153674
229935149
103975825
240867941
185279661
523952379
233954413
241067882
168877178
133107409
251135265
590134856
277626290
388156201
204086030
60061493
152113854
199398946
246771128
254425594
383072673
226910410
271938685
537882175
395508653
354218227
506390656
225547459
331210228
418691348
471962644
199334798
556170511
473974917
315621324
195898288
561637730
229918611
177692974
83861444
419865627
344887730
292784285
393965151
526833667
265142508
398791530
361323244
411581830
369725251
152613515
133040317
157559583
198800228
413511732
325288973
351031876
139555887
611363907
463039545
405935207
276628869
281507344
237150865
290328538
421646115
132395943
367252633
115362167
100321719
221701581
85312779
101108572
125816492
215144122
364309541
164317628
205924229
266691592
145752710
253672411
169758770
132588141
195740101
262763656
327347979
437580462
117515797
325040845
344702162
296810511
432089875
101511594
300607994
206744482
145992328
148069840
371405327
394081729
370017720
283355584
244665941
308837565
486195943
159969965
263975550
379405921
323373851
292443377
322572123
202914436
221098542
266245361
169155741
182160794
372218878
274482018
331326446
248839606
139008211
193928663
276847770
122784698
256727425
335117035
306434000
239934653
282453015
294764186
463706314
440543657
252039436
447272446
98175134
372577275
522324848
213755546
263461524
269475603
364094320
481505089
425472386
138526891
281329597
256422968
472964195
425879092
110437034
109919823
224976162
113390148
182159045
195573593
253901411
115091870
401233059
347780889
71392524
359920144
170244661
138378119
390857706
706842672
444376824
206123252
255155018
194543810
318239081
300937086
222782276
395466211
167159925
140901976
161742886
175608113
357996459
197332270
385030471
176708630
53403536
349074257
581557772
232101837
182687630
248340551
291079702
254334253
286436983
120323627
365720065
625528880
296643415
203088508
214107742
359836248
346093917
197006191
311227024
247790413
361834978
182557636
580703343
164501498
244065766
210001652
370021625
108938616
241737742
198666425
141239454
259106470
361779684
354814535
197743183
517476506
94344597
195658746
338699889
246065618
359512092
233877308
361603833
272409677
276793910
359950488
419469310
223735749
590485148
310174579
167657784
381578518
199833402
451013383
409482018
167742228
214945782
229902624
201134949
108525049
291930329
254864585
45049951
278002008
160548594
582542450
179697564
361378372
269779471
169951977
302539250
252376631
318489485
215535357
534593954
307847532
300373705
324567143
84323290
343581971
260984027
383259817
423254224
303527223
250872528
296617017
220761583
175157866
360045593
189051544
542911261
158505216
127126529
282829080
207212675
172179224
318621534
154621800
315995127
186673897
472048779
140460424
120958957
358431388
163365130
289299393
393139111
328925114
214253691
378661130
366773036
383348015
308035042
247425367
472859852
184868407
142352031
342041738
402952369
328654840
126794863
247939402
166381960
344322933
180185823
150707086
139256483
246437092
186184500
182297077
395432500
343391460
211817506
258440677
129196742
174754941
344743835
309095821
189642153
123888278
234862838
81900823
197329670
247136741
226339166
512438254
519023035
168110774
187226207
222780953
126336070
258586215
242906822
164056016
183825232
245027797
226545912
229006688
200637070
340008212
194703086
158910871
386590548
300347465
421836995
296654443
256982957
238823959
141344917
150750985
393481250
208334709
446529653
115744703
170119478
162284444
284977204
207058737
273900401
493063585
351003235
563917169
375705121
326780478
221211988
197532863
157839211
375331121
165241376
410887087
223141879
298259488
382345013
244971971
99637261
295586486
285139276
175613334
125649083
243074555
267492731
624263666
315871979
87352699
179755310
224520258
627008930
438774584
347984659
405541658
375089920
296475500
434268540
252880318
211300796
290768811
154277900
495555438
118986031
310370038
243372134
306410575
127908157
356786293
232233264
178156481
175039848
264989167
451259596
560699776
217457563
238325593
248030038
147167215
419080079
374061205
323883373
205538431
312243134
198766144
225801301
348607991
140850183
316730580
277118074
284518653
162936631
393607436
142769968
152762963
329827295
203033907
284124818
119571178
237153415
179171378
377017487
232275109
123418473
285217546
480730085
203291400
351064252
163657755
544879096
235961484
188031335
274296432
381185090
289983455
392512736
311559512
205624454
211689240
217069573
130152404
184712378
247274047
213468938
136436386
169380569
495164866
230581119
282502354
421527136
175773912
360415068
158770847
411076000
138783422
196468080
169353202
123440349
200731933
258998598
206529235
327382152
145656264
336500148
268239171
136322223
190631494
198839180
245832276
255195954
354377030
299642294
288116523
180622706
242026517
629851465
150163156
90729499
292352920
244273418
132652122
370015387
160996953
232580182
232751801
162480333
216313873
194990407
284385251
339126046
554897798
404876455
204260932
232454003
449160454
328067944
276152219
324014910
454437456
343838389
193990704
217397097
400533484
116105720
187540807
290452118
218810391
132480552
156869049
365888636
506205639
289662817
295151796
306889634
359904835
149155637
265306832
194642081
320513695
240077780
135999607
315553030
167973072
192240198
176722963
219612655
417295005
275424902
561479411
129469306
292914778
541508172
334560507
453961302
368893751
252360364
122570683
118288833
193400782
394656445
384586234
368529248
109397785
284683997
101486600
300939827
270084835
248076939
160101752
94013434
336582349
377438119
213532141
249709416
430293001
349664136
243212883
258461217
394862063
176516627
86208747
274827023
451927614
147898852
122273005
125767203
631132719
479382136
281608223
263251651
154622030
164884687
390689951
280657288
269756435
416366895
238331229
192087704
208636166
280223442
407782396
222776843
213423812
245050327
625720104
211631238
730027409
352307002
231435970
317560441
324390222
115673277
196896874
195210943
303902691
117803309
204834109
197456810
379113599
163205652
207060176
437645456
143711626
237258181
263519519
282761396
212364178
208958449
147107356
254879289
346480336
169574832
321693781
322274277
391819916
452141886
140261877
563764650
332929660
106557339
264702166
368376260
241090512
346459719
289422084
173248148
422878354
296939047
216427899
171203758
160750180
193825496
267307017
154048214
101521918
408144002
157046214
407878831
272672340
282121443
451192950
311236100
380268834
265801941
337451195
226131090
277051915
300924757
273213878
103126218
132719911
251389131
286826114
188186206
341246037
330086638
177754544
470212242
379537482
421847195
355017667
265818594
129576583
206926964
167064980
249796932
277855680
212277344
343748473
168481519
394897137
248126012
180355541
347675312
188734171
365878391
169326314
399807937
297134786
389500756
64974333
304912938
323525679
168292582
553684323
507036176
233248079
203611756
85469744
210989415
132210718
276447745
154058986
549816961
477029144
275131105
277245926
157883056
433170036
346813991
217667024
104462436
231994668
151391167
624162625
288355345
107866880
402264305
274829368
293728279
176501014
173620387
247068301
122580883
231771740
779450584
281694928
211405845
374492482
268598908
190238649
587684661
276374648
350935933
360609488
127960743
447473298
237550604
275627202
214442533
213608490
343225444
228088111
294930229
374785885
350743043
386525084
260310213
218671689
126448603
115933834
188563755
240436630
222702514
196519873
190183235
262055626
418777973
464346131
430958619
75139511
373131177
508888311
523862022
249453886
134390498
165016085
505952942
141486670
288986400
297178896
98166951
189967721
391962545
300092303
235570655
167805906
140398079
289585330
294610404
334405598
106744551
219782920
135882140
439121326
321478126
180739934
242288783
113446828
387809337
203458824
204388861
215323456
174506132
265637695
137588050
329944663
242038930
464569820
78943975
328731212
347143715
249330197
227723653
160241291
365100357
353713002
522490834
292976550
165837300
319585946
276942644
437377120
108570686
245408402
263742724
418824191
250617624
405297507
289083457
333945118
311094751
380697184
320306599
145748213
145541835
419245902
579178244
166366906
306010894
131603238
203974118
207258112
374682284
343963492
412399214
228208749
120966638
248187603
336521748
401558065
238608293
333328531
234731758
334784517
273460730
402049107
224909596
247772288
170014929
564473652
296445372
181729155
301116477
99515515
161002334
183579820
117107489
318329765
451422436
290874541
200082757
550704858
104469649
246276614
253270574
271567096
336621249
196685907
114887017
105517428
258531838
285374030
632692770
174675407
199543226
189256622
189335340
204833693
450111146
248073512
309800109
272183089
256069875
157232269
367520034
252027170
301969929
87724925
388695837
154898412
232220274
406490521
297913206
275319012
216504165
664934948
388848703
129714962
163102679
509924231
438802105
116952435
175153524
328182620
165036647
351026772
97461990
476798708
327202999
147099501
222793902
294288742
384675413
206325894
521035261
247339621
301729915
161768570
279163270
285026766
272940358
236296741
189841543
256716116
177253121
376765623
313580951
258053045
68661687
415019425
196172061
143690190
173836791
400962005
334963740
237538057
296574573
312641029
286289165
374735795
102244073
444648064
298363714
200037845
250459261
167639579
492368129
315787173
225089779
122959954
137218633
192638286
227227342
306564810
335061703
196690403
231631324
174588708
296121313
311286308
111305426
294177667
605686229
257207940
204127097
245239000
178125442
259549510
339867023
190440232
153655914
183347632
261449589
322194388
215521614
328664251
235754114
322148322
301253361
96257854
314125170
167357517
305508008
131321347
108303219
222273641
249135261
315738662
427367084
507923372
198087745
465348954
192991520
624922249
346517336
172618809
182854577
554778983
392975040
248929923
250741725
226050103
211897998
116393150
231746946
307949238
306412653
213565222
369327855
179374485
272963930
95445134
304756995
310228907
160252876
139096321
239828352
234922671
65495061
287241205
185482608
200397340
131201891
216952334
399091867
123884753
516345354
243120490
325463092
378310850
190754270
92486074
143437151
248429596
322523622
163068054
83323258
175263173
225039788
398727332
266144547
184632458
132298723
129666522
278838755
166583801
332973540
232307666
369316558
357464517
212888776
290380927
274645813
195711516
136241693
457381383
67801271
186801113
439802306
131556299
157458227
314524195
199770669
225488562
185787219
276344337
326553793
113605902
181471199
321336298
193278689
284643003
213555952
297881509
102892948
282758135
373543759
223604873
139622527
181005860
304712762
238540278
320622836
479231097
147131815
326065852
83877621
394807917
234303483
264587063
198078247
313980309
339796998
184660776
143477519
160056054
159748578
151502261
533377353
281431261
363447283
336471182
218253308
123746392
449894300
209780379
210036436
375883963
407206092
325531565
172633270
354885601
217244086
280190453
219377525
382942128
257502679
411601111
176614806
226997443
285128618
234523373
382413569
368539606
396226369
171733387
222008941
291676575
399398522
200146222
232521849
188932728
222043818
309484710
289119328
386664025
74302524
350866605
254615717
327917715
335161113
354373680
186884470
304808943
151861724
502985630
225707933
242285546
291693261
202878818
377532307
377662512
300136758
181778966
273147873
394749445
223905707
233505994
392556573
287378275
158149954
205313791
272881405
129417670
311920265
458686038
143565570
423366750
97556779
199619031
284596471
261882520
181051065
186143424
328546731
405897637
248976471
294570861
385409170
165366127
361274111
355209092
380146094
262932875
274190474
319436734
389126004
335589878
267889023
424871835
225560733
347373206
163629974
244833133
221032242
258572885
149772455
326219094
125029798
287108538
226248501
390473184
195790401
288386987
333464931
426707933
272546354
302088385
122601024
256171067
240704655
308623061
331486544
167798434
266761021
283521852
259390836
368739431
433018525
296342244
233813053
242529714
135907251
260647064
233405964
312316211
207351433
180462316
427441477
297538431
389498670
164421216
356250457
432769456
198767639
213982628
224324858
162034220
102012310
323079110
115928298
266608218
190874915
156424378
223595312
158425611
143095652
356043643
182140044
217903055
262413709
163976797
296393158
169826572
340861539
169208074
183268497
70356336
223467612
188899442
236211352
338571903
311354070
187870110
289806769
133018551
184101698
182667791
250603624
428398309
207954723
303565623
332407838
247061715
220322462
36910245
201963013
173320190
169360300
260939705
291634393
365818002
134355499
105927515
252666452
203104849
390751215
436126157
176392039
239032517
330504091
261171785
182481651
212513802
286523704
299346276
540653618
430952907
73027349
165243153
239938171
182056824
257157365
141701496
147080690
91288003
326065100
390444876
384217103
236254013
329783896
490418487
340450687
127783928
346262302
263098667
376490921
155050717
316463596
189767500
128256731
64407634
531195200
535801245
141058157
426632274
219175980
205517141
259060182
131786738
85788882
128621364
431670710
284025582
158849858
548509438
290449720
289974082
304413532
300257374
172964659
304124131
347150800
280060751
477951355
175164158
212220595
228963641
359092168
211085596
97437541
350935990
264005713
259380446
281301932
57097670
323214736
141018047
298165251
86552138
253067502
155705931
189057933
412890851
202752345
389265398
173655143
62353988
326178653
510995555
168189467
127660204
168037162
448851526
234043256
391436075
251360722
218562520
154167813
219249749
250241186
293704191
84708329
228202619
223143136
407431266
109430534
305605644
456567511
96262108
167264831
238796557
240611543
293028107
272971802
253459287
219761014
144164400
123290555
442817016
181894104
377639563
537212270
408158957
306123145
676714537
135844120
266616153
208230188
363193065
228919031
185805032
165021066
489303452
282408458
444431826
298228823
380871450
373266131
170062738
251227552
199157391
180702847
167088095
282747259
192679040
232170678
188068336
371230331
360220126
87893547
178413459
224079710
229657676
400436655
279100301
120519178
189390957
463086310
552414666
316822745
238766364
254539246
237309501
271194177
312320616
168637899
244525746
358263911
177642721
359400676
302298403
332213849
150601854
251382977
470069150
213593578
78704908
209418207
413072416
180393612
504837745
39496598
335852835
133602128
135686586
136288458
299284028
124068823
252793589
460109121
190621825
193740014
178133684
245324461
176508650
341626111
459889982
453685427
201061799
186351764
230471530
410709024
300480305
159758778
423900804
198384402
310890059
308972223
165547504
274104753
314615098
181092338
96557591
503553619
306166403
514783785
443957793
222812176
253690003
183893540
268362758
281481106
327219071
212254427
244440393
386628647
174445098
214504502
76718684
539532756
296369275
176966463
367355801
320830105
163408056
400393870
208790375
200674631
328692037
220965694
217744066
421965529
165624813
456483102
244063715
367555973
355761062
511833735
319313192
178769960
163159204
388249025
510213847
410914339
535752571
251564077
303287656
193746671
209491845
92738485
264846872
306499787
305500819
242243229
126340062
191702087
82482824
162520766
267690428
309436808
143858732
214435929
255381248
198956247
173488613
264474870
474694377
415765488
220973869
135598994
345522248
136580508
265860220
76510377
291474605
429290632
124067004
466512144
163370234
238682243
268929898
143044936
263218270
170539498
275274434
113394405
296454223
146246657
301334921
215376065
452713466
134375727
224076566
154313565
173853482
122684367
270921796
198859610
317666481
134958829
383367790
229357108
248353258
166733926
216075867
233381135
425793571
251826095
282362062
414378563
376678623
203737616
96667115
339486407
209008717
289612609
235734969
135334431
269530692
317574792
286864416
265497453
339454133
171894331
268863147
231851233
124419150
256544200
203975225
271475827
208799612
88073885
165930024
294304077
296045517
487354756
240248445
472894595
311395721
137778264
384232161
408013174
251088410
233006618
441448352
242678072
328929738
136419492
396185128
310935609
160259956
348309809
206779586
280839700
270018079
547447970
292461911
222831908
84430916
284931120
274120828
330713476
169084074
166036774
488677407
351215017
227401833
342833096
321842868
259586699
120967715
238109690
127349836
430924113
239667993
361675045
568235579
276176329
278235364
250321919
210819013
52974891
350789966
194844234
267933494
156691414
604924133
292510621
253804840
319909533
373765483
202871571
233997378
294905385
251152468
216409521
541668529
336960048
311505553
308392926
269325522
324969348
237453707
504757107
216456251
244353737
123867685
274329247
160032567
328492097
541435862
160548750
140475252
311547318
172076772
282724909
312534347
153135604
135421724
124944181
112677806
287481316
373820791
183736661
247406559
589987484
378129305
256338115
267058276
272617988
296464613
260506698
206005135
434638961
343479587
397386431
286971634
130642808
257308565
705511279
112233587
419140374
137211261
100712012
381260540
212744486
384556230
140280676
267311901
342473499
155725953
391995830
201717518
311032207
231934893
211481300
152477502
151015896
193623702
333552317
320213844
701832584
517236705
156469425
176139482
283659413
569849775
126115503
165161151
201800274
331915936
440423157
163914011
196873532
275043949
238595002
262986245
453055888
70580663
271637433
219919919
359104154
126902706
310447322
274833787
191007314
128651784
315042796
195835703
356117140
248506865
149073547
217308717
191541460
298925398
164973523
151702493
437622944
196243340
480222033
236562161
294626569
532062882
356462855
120083747
211114088
237495604
269054555
293923696
480418686
204373737
383499702
250296234
190880783
228887415
355520527
171809130
175454322
255186226
313706958
441996745
187967669
161219869
203515146
367682628
172961964
108769459
318591401
271694200
277049243
143796424
264723199
103457249
202926463
210144346
213560214
286489228
432427767
179475254
415181804
241482376
429852633
438900151
262683227
181158922
663671904
493204205
591464950
373829249
277778593
341961286
428604032
138905695
425151153
274600237
146692726
147126391
212498095
185195451
344770732
198223986
247627722
335494409
185289090
266949657
198867152
349739680
278636230
364045078
348642535
124459677
436384678
336465129
166177302
222986942
270727278
173410640
229491218
301541450
348170547
211884888
414813234
131008638
197390735
204153740
212726842
245043850
324476316
474777436
361218841
262038762
255079406
255026452
137049237
393046257
289487595
257219831
259505636
275007670
312437887
75214248
75227220
163882294
445427465
208300373
489291028
335133647
210720913
218585316
248123185
236554306
155411062
138752275
376080803
181151022
233113511
213109942
206589516
409549890
115820414
531714234
280499092
331309739
76900786
191023172
438553049
263727619
419712966
484334073
482208013
514512823
121593743
302016852
206024297
273619525
260405181
277140503
289601525
336233442
203745253
296276619
257391892
486991795
429632689
455505655
314103867
459794994
224540881
205502803
272796317
217200646
342242340
179937518
232198245
294825305
154707317
199796821
244256866
228633797
190014226
365963282
233626547
110429363
211384656
115982846
139293908
212219835
251336658
161801066
256846800
68526613
174500003
412292869
130834645
222041780
173063724
141320617
215148801
385454097
292823315
361474660
311970959
275069819
222303025
233977528
461414634
289913652
370850773
398317720
217419048
408615168
281003241
139447262
515743619
303043900
440769621
350709086
316163927
484638758
195611083
174686019
184447271
235945036
219200423
277489909
167269686
160733028
182234048
149369041
289221495
287345822
223463077
337175080
196775162
304368295
156427989
115097892
540490664
304164423
272305985
372754920
374377895
334738077
289007090
410982040
294117920
246179108
198941369
298169824
306872493
176745550
221833476
355348977
157798981
477623780
159763029
363838124
707565212
370950748
329112693
180015063
372290647
303455716
291665599
501263777
339475402
198300234
156438968
157747426
291471968
434242598
241275687
246715505
317348812
216373462
127859069
329129330
507167749
163418437
525591133
206425986
174560725
359206893
169410921
401059632
121626045
78118132
143255752
282165181
498816654
396831828
272603476
209724320
191097604
235988408
214993971
335868392
132062500
243481963
322272687
363103337
268065509
306534726
106912288
341813582
367064398
302783242
290519586
98993536
199653938
297466544
295076160
146265430
267770897
160458773
188598376
281092383
207821362
298506031
142596927
105436008
329915708
374077775
675932886
417834139
258153709
448830332
155824300
458389470
256356206
102123523
276005051
246682125
124648318
189539282
792882654
119151391
459473950
298487499
425851073
194619237
540226118
411618419
132066949
248449678
274067109
207461914
209814576
159646259
179750375
190989477
326098148
278214659
389939422
193220395
144136826
356332760
246604529
209381165
253205651
426135506
394059471
222627425
581400521
449910721
366378609
221318708
322606805
222923474
243042829
207507765
217590867
234938586
173173451
285922803
346113279
156914855
174995624
276172563
360479966
355245233
156066387
390699384
221078805
275506626
220816722
381932508
195444640
251369525
209442352
415975239
224101639
221886228
278737120
174358551
193085235
422415096
133094678
163681755
130106397
138871631
322094828
267004816
262425114
308141187
155141237
379782901
312257170
247237036
543038983
538832397
172251534
269465605
103258135
277530663
349239901
200495835
224171932
325131455
115449470
254240517
163904864
313718931
194269121
199244585
402983409
204381878
135607880
378785105
256583876
338946538
92969473
77201773
248221414
275807641
289115897
488079780
222975996
105504070
271095837
90708070
139715884
116970262
409712800
216589927
91358071
409110250
332189865
360653812
169149266
185688097
385117522
171287427
330790558
65968842
172402585
501833933
380756296
126822883
352903296
227178192
343281842
319995780
347680786
268353209
344695800
203610404
300052962
272761751
445208450
420233857
363564138
260155216
163286497
247250618
356494424
387166763
152988051
344549285
134624710
158649073
459037933
157270320
193926408
263623222
350991972
164417418
410460348
247294016
245599185
286570445
273110800
428886538
299160088
301917259
300859159
237455405
122362756
325956273
132922025
105524223
318786072
213268101
433974197
173135615
288909954
226898097
157180868
270102023
174600710
442015435
272431608
113094820
562689713
218254976
333537944
340371880
117293611
103009380
449885281
437377573
509723801
289948236
143210020
377271243
186097586
199980185
245009230
388306789
341817887
306265625
226170948
338820161
408655575
146979740
289884131
130383091
216980272
160812215
147403001
258850781
150432461
215814579
138220657
194670104
377203435
395964470
433378519
286952142
353049479
302726513
260099495
264894499
287284446
372820211
119756028
433880626
175815702
187089456
269124758
569351989
244311910
409634561
268571501
178096252
430840750
279447379
254364514
295678356
102404355
470547565
271159979
202327510
293612137
356876115
191801394
188741778
434720891
203127885
323573600
196945322
201632639
699953519
298081625
267429637
367496937
197135286
312864810
146086748
157288559
243140616
301753858
236970276
438294342
427207694
261670391
262767902
251791261
539817769
270294701
442860146
433668990
246286537
291140969
326469679
380796493
237060659
410638527
166563236
183190846
166369554
320619949
354789005
390908023
85393547
365842758
220994980
298520567
836358028
115038714
255932207
182099994
323853476
227499727
106993471
235538068
375756450
456293300
520076436
299606439
205062126
272263572
453938734
177647667
167304741
243817688
169880789
242167716
207634835
192548032
157622903
313678359
358604638
288555983
193697071
259082675
593115662
328674721
155978119
403504966
274225436
262705748
260162738
471068863
340733982
359450825
457781774
431977066
278975223
204989234
372238355
182899042
161963203
255619823
179334853
154596282
243428646
274039850
410525511
266746771
54496758
473447514
282312065
357650574
199340742
241099051
270734868
287510619
303966131
278768918
210229522
178608223
332835944
327650535
240489385
219354592
88509369
202882797
651387555
405893238
582419029
160506960
335084342
260602442
456679800
299166374
150872570
259321766
102951699
160573932
413440784
325916317
124113394
266096967
225424824
151105028
177505620
319530302
269729979
613533823
397765878
150645325
214122379
459331057
375294057
170170536
306665996
373585043
403792734
126942690
362852641
319371048
270612200
196285829
244642797
155609742
148978005
273569250
135867431
149152670
118402929
385234850
245940473
196780213
362202990
68823399
469218089
124648945
351868671
360864731
349601052
286195690
251887995
307498760
230520814
474830810
475794371
183681852
267534254
190961152
197511559
332114742
182286314
402290413
226238264
122864564
141350112
282677306
131034318
366900826
437037865
315829164
277585262
399575266
523656516
644447113
207539166
425613411
287017494
185431572
245250486
223533508
303174349
270628547
234249864
380276641
309937052
338656712
142311995
197381722
523969840
388620345
375263508
312655334
277860397
138349430
203912646
125629182
200548679
201108976
135227486
164758658
413246676
264233085
230956956
101426437
325725384
122410011
502031201
177105925
565090078
361344305
304247682
126566083
137972814
532657083
122038546
125037861
394285509
155178112
434723050
288665085
249436174
137727067
282582968
400058611
681804854
338662891
240752758
506101747
308921320
174375982
403793087
173137005
397268893
166199419
385982041
150030118
188081849
274817176
157632260
368896506
342063178
407349083
238416126
437437886
404414002
207116239
401253137
380660364
202963510
155640596
242781413
211145063
194857285
241619829
293528130
137888533
210472839
401312476
253066314
256868792
247570855
202827995
325935098
479598187
417622082
367143559
209399908
398016090
330081947
170425967
167482612
223327457
234132344
247708254
142039702
170690913
236340729
288006260
148749926
330906575
81847109
183907564
184692285
158525481
434839969
239801654
189615774
390447022
361227972
268488135
206476592
268313673
293024412
159970087
211141483
295933149
157294367
314599446
216843612
117023493
190909925
151822919
177383298
572269917
87558466
180354226
199591887
210570834
250003949
326592498
325726692
85915268
113687678
197976630
183858162
233980536
361024524
298687293
526081027
419669989
127876192
176224726
231832037
460925354
217374994
182266269
267794153
186596453
247969917
389431541
224293171
407611273
160578486
413910302
217041244
580497140
420526377
228460446
167063363
288203999
163008271
178433455
510330741
48233065
507096696
448274730
176007210
210566329
326138431
307008019
287896282
101462176
311005161
362206315
276071772
337088654
255809766
253310193
239986034
381983125
244622401
369366573
182722109
130491044
360871610
132461803
213584274
90598197
114743739
276096808
278501833
152169540
124658046
232732251
153166318
246514624
183707527
269884157
59506596
90475708
217284687
289762856
131560973
233933544
295813966
403631455
295895012
324060826
329111224
333332622
162891548
205686683
157785526
221178353
300904806
346078394
252555792
216915830
358970929
365255762
237618391
366361838
253701273
169805984
154019510
240103276
279471155
362685823
203482119
294657641
197427976
307535868
249318954
220290828
206736187
271702562
156056453
367356775
467849621
592168555
374340692
322719091
153158862
231654785
287109666
209042884
264299016
148709988
351150718
292158558
240391985
337829912
403468270
348773274
152418904
190644411
228551013
378864617
282670350
241943799
257946688
282944888
523197089
245497386
207940324
279976772
227511641
212589759
251339841
259182787
320095331
347991310
333879961
288728117
322824194
443827120
431903677
432313200
416960877
217832138
317955533
224726023
169428199
335203446
179074127
212407595
179123699
121755064
365617549
217476721
332110971
147900067
219056728
383463007
442610900
496931036
179072924
262433265
218661229
55052956
437406473
376711129
381577187
255810428
158337243
255055369
375571189
188136981
400869484
304208940
142154728
247021293
303062151
250765703
500922775
449089736
174191814
202358423
252420943
208455676
198960462
314402293
291648733
230632282
186631793
210414675
447698583
261206525
385124842
197889173
419220884
132517591
457682438
188920864
241877201
182508015
207377772
242262048
251451733
306524279
304309832
155798580
406184910
392117375
99998663
154536416
207819083
243595592
154467156
253265568
134090979
271205742
211349148
278240991
213329329
78931817
303403141
396844975
442190071
57855243
230265402
256931068
515521242
292596980
392666617
371214953
217259950
310075190
150585256
353804542
331828977
289746882
121747664
339966121
167113933
174142498
504864992
249399637
133332465
287469268
463638034
320095912
303679395
379153420
305447860
248840017
246196309
116414551
487647005
221641788
262269215
448936551
325434189
402250006
367378934
338227954
173233547
186311053
486613881
306867442
307104441
197291652
135363652
205059542
472265996
362072389
196772017
205130152
334012305
431933593
250848407
131228833
317222479
394894072
308349554
251411325
291190093
436023161
232347938
243779867
366704788
394429633
179462336
209314355
206179998
113790500
593486569
281149952
370069853
407764146
140031626
251006533
221359526
215625570
386008851
405212257
136355562
199452332
191471759
480400763
296678827
294458747
334309594
68950315
299097308
264954685
207253284
303821392
128337757
159015557
168352933
220403050
180982439
253331826
113695998
147671220
381354935
574280213
486834998
184588061
304452765
177900970
156152739
430992115
340598358
264260171
344526496
306554870
207745691
147788328
341252012
400232138
198623225
240686316
283384560
247539085
197980773
155078231
192285988
438899625
215502090
234233616
222667322
233500122
401808133
177419806
279474395
244024603
206545219
134019948
479961509
120211374
573368375
555684796
257643399
260776038
164972534
420153191
290684374
188802843
120326131
182763986
289525426
154269476
225561818
112511538
153938522
178847395
249965167
247595159
305684337
493187538
268938204
292500478
188112382
213263949
184845467
289518451
193842033
374998496
277475121
374820725
170840630
129926792
333914002
253541151
183701083
239062608
111527575
264698221
103167871
424235709
241802078
132905146
209025632
359520515
109094671
365799695
216401432
297515684
588099521
265130375
277864276
189275109
329172151
359595117
192388512
200225290
221598969
337267623
378031335
123486941
41258869
171892788
165677830
215388588
287114242
328764236
429163824
498607863
233103907
183475134
382329658
357695857
334825349
260213922
182277498
147617525
202898864
194177332
372717860
285507798
62900731
287353715
172787136
201031783
381417951
591010446
326994583
586502382
161653295
374415711
171008126
344795167
511632082
271615968
252624671
143557611
257306555
247045673
345676686
301513070
111412180
117392672
167511089
695682487
126832575
242178502
483574588
456428865
601485529
277016298
75718040
120133716
219194369
172016032
182954171
269074425
257321967
179063638
335726313
401118509
369175708
268310147
303752192
228438311
426004843
284254300
209718243
529912665
338784305
595604716
331372807
298337044
244630285
316810876
149092775
222173936
321224569
150601391
241916585
474055744
326192223
538724843
133549477
142680907
160450563
157093402
321882496
103411686
352635597
217144878
192781872
198942634
175427735
278909371
310179187
283325787
257389309
482409188
174982995
234336135
277865837
160243537
262299670
152520802
452372197
144178685
210640399
117601244
220356476
325609194
213843088
268791347
401219696
259067948
267806152
297874119
130682417
180095015
192755072
521087175
215113352
414684513
325268870
195212453
207930527
323856649
179684720
204529209
196981312
386889256
266067355
267281821
168419680
407839807
294217336
320376320
217823164
344280998
242310086
221708346
239879375
222157469
266389395
114298113
202753775
113788141
283396900
168881065
140757154
246861481
367090509
231692728
278169613
478469609
305829362
698880457
335633466
188570151
147048291
317499947
299596758
208346485
143923891
215185185
409653176
190773572
433027650
293256247
211467464
101221652
298191388
247370708
288790892
126376821
422772708
178876262
168055580
313580088
220095944
279722405
134652070
270175993
270044360
209760674
482020386
363686319
131360796
476360247
323474124
246563366
316940920
313384167
342328655
310850737
443802014
152995424
352328480
265682509
314606132
209635744
365448902
556723804
105119704
497583349
311398363
660660766
134892080
135286373
228032415
495250977
209551789
128356286
143193652
306569705
293335528
151078141
156863856
322355285
298270765
101913578
166874494
637786363
427456139
122072058
789831118
346232719
316861281
247783558
287265025
260995453
478092739
173574709
222911548
209610189
385432279
165285003
154509824
447142041
346092900
126876648
223653090
485727572
276330659
197362552
113542629
162557155
271462840
197257393
279508321
347741223
196187753
316944599
350619815
169802448
198991650
353857296
138332423
194105673
305711073
199422883
196989119
366709899
181832921
272064711
519614615
320973567
220386315
240226411
242140014
146689734
106115483
380378099
357531513
210027086
332668759
356492741
230798186
238173888
302734376
256835372
271946526
368381495
170804172
445286132
222641219
217557305
187180936
150270697
437827031
519166564
341563096
179991162
178244644
292943783
166591876
326108621
250543429
342349122
201952922
185348041
273356393
287430554
355019931
224596650
441690975
257605250
131616028
160318078
192914613
96421555
232648979
294550609
355863539
214780362
135799898
554153129
176492423
347573754
307886287
319486711
104728287
140747715
141102107
338050305
226910883
351183696
172867066
368744941
249111694
199960184
150207679
324936484
263062965
314355804
400902104
335450138
275409785
304033928
498785842
211920481
357196495
379186564
319119189
147063824
320820630
261430413
206034368
209023998
327225157
300306320
518676569
391902913
169686633
126389110
367429283
405760355
163205825
290389103
250255153
187983722
328600572
140253711
323133091
278057771
180373633
344177840
220882662
193835576
390237394
422203039
293932905
303669487
73272907
190801003
196405062
247829836
162409434
331168921
104408385
262324255
189094094
160909069
205956698
158591275
218688565
208185982
337946204
137963544
500117561
210058659
264363142
263442461
116582218
199554057
382826058
158435339
173412760
308669919
218555492
82806187
297184658
376072391
204185813
329615847
456127307
243281045
211451544
204588646
224598748
371022340
174665268
203864911
136726209
196810201
310272945
342958251
139523074
249876370
262455615
261817203
317342871
187422330
301691459
341076427
204678382
429634740
168913140
148417944
158158677
133234509
370747395
265508137
286746056
351484957
465232768
197832275
407348206
163910991
97795645
416884059
153379970
293611739
223236481
630739031
287955814
197889059
316211288
181116742
284397294
275298224
294747336
196050344
399571979
251142321
295767368
277146112
286466015
268610713
283540798
282403422
312085616
645800671
476631219
126275999
177042100
155133853
285399400
305024354
291122503
453692898
270056840
311358481
598949068
166232244
386540794
197897027
212899224
265579242
394198110
302535921
369653440
162921816
439345433
125611385
262576154
357375055
286309381
145095230
211355648
244527991
102968716
382984382
291579141
202437525
172560523
313575202
95598726
280685160
193194226
259971124
242817875
325916583
277034859
199235640
188531875
339010680
165939742
321104462
182056489
208303769
448083619
136695822
406840519
111066889
45080556
216064786
367712556
171420961
95124899
317557382
207754312
376926066
554525255
547295246
197432502
512656947
74482053
110401507
225205923
159475105
277393305
143781944
271607178
320105367
435453737
208667200
263797092
290437699
305240211
216142793
266548063
102545019
162901036
314226833
268546700
262359373
208892485
315022590
113227773
283137790
216229354
443547959
312628900
94201795
178203960
202461612
305390184
518903304
137198979
146420678
192788093
278654927
220481925
113399843
330364295
434576890
259628522
287449143
614620409
325766448
305413563
274063084
160138290
220285774
156069207
196272105
298664899
80168261
222492522
328805459
142241180
487226107
117235980
260013900
269344588
219781103
79702656
255514710
223015655
147697578
365787967
241326232
182274708
158051445
112339190
183163177
291664830
152234333
255819117
227044176
131087380
110521138
193369228
234322985
447173452
330585342
318982061
139072695
470411050
76597575
232539769
172785301
314949400
342450794
151714037
175327515
294514633
179105591
437296564
470713513
94218808
236024206
295258440
140970685
496356704
281632558
275189446
362084964
147089713
323396340
295859612
338464326
211164654
211252794
394893308
203911921
225008753
517149153
476470009
390637913
187385627
390904932
147432633
289893714
183029869
268669618
414019600
358593950
269809823
208031589
312712489
211432443
115789207
141214693
284986839
150510609
598215955
164536619
239175436
222224210
169519325
367238056
224830302
215438454
205888079
211721515
262847390
412608511
359186051
103000929
236821569
293900576
158142448
587758268
231440889
650681155
384775576
269974336
204147332
311785271
180941257
313178130
304882621
407509797
177271812
331748958
198777593
298751899
581015238
237753185
269533861
251744948
412582541
252603241
298674003
314338323
320314450
276989003
187999893
385304254
448515507
200985177
477380280
215940807
516788694
227881904
509035599
163912699
341823725
378531506
180338983
247635195
285966654
182164654
361392521
150148400
326621136
235484386
372389389
350750287
221552564
260740845
201054223
291133971
178772021
269303363
445025224
241494392
206070791
185935533
149164147
269914073
459607099
314424522
273755307
165812661
241982627
125501406
189451065
150956562
472209567
192691911
147559936
259669117
171380584
283500649
151332500
494547483
223323956
325075418
334890977
209166074
179325485
163065870
222388863
385402922
191223367
102543993
142103336
265293697
509828760
113529258
324514235
325401764
157135863
268859824
133841940
299967318
181535855
85750702
280016483
282202801
343894152
266760070
309278283
296598625
245847561
76818087
183665361
169512956
340039847
390830847
460665121
241553543
218358015
379265235
74086480
282580681
241258113
299025837
166193264
147472847
396568413
334141636
233525227
63325409
275157482
223424503
325276536
167250214
431989449
255970803
420723059
133543023
243430056
224663627
408688128
161430608
142786848
278219498
306788999
215827628
470503398
390717275
261815303
218786910
287511452
273764743
279208767
280545209
325403400
486517381
242389860
265460241
119902599
324633827
344872884
246148512
406390339
224469487
183517289
186954685
291657760
147198093
305157297
176306901
229284662
407666969
422804579
130425025
231854082
196480687
91851440
312335239
267162031
41051974
400143173
311257029
189247244
322252464
174192361
338817820
346067235
329157344
256933558
156440876
286492456
239092670
316314842
195686795
115199120
550307795
212499696
234794793
485105514
151105737
358945490
517371172
188920196
587786658
316973767
526220961
154802701
214378784
125892443
216038230
410037531
64295215
381896862
165270184
268526025
396572388
347710808
374792196
170553872
641830380
237491058
289702801
158259849
230534809
399404067
259253686
334280818
233118157
52533081
74724054
172946775
569096238
219226996
238416519
213777250
165168238
206650261
182879954
141708248
195168231
246479899
328756780
252061621
168816554
189484084
268003213
335084139
213375632
290884891
290109782
289909113
186466787
414169838
296468005
286042060
343969823
217785615
296122449
416653184
485878586
241822321
290846156
262579178
159368013
207238507
229162268
111878685
464923690
297649881
322421288
228275365
126338312
178879458
224639436
229522813
359298923
163642957
183854460
437317366
238739755
216181644
188145784
313349842
302884098
144832094
309732052
188204868
182405823
455036735
197530822
209910188
541313954
466377800
502250884
292271967
356741271
522741907
167016756
459959237
132657011
204542376
222521945
394333388
460465492
149855638
269317018
244037924
203427416
142354936
440424519
265959725
276628258
195902594
133394341
269979473
168522863
350926426
302375778
189150771
235368923
249634703
328482706
295354812
313387638
276987600
199325022
136751470
259203744
174783125
246575067
286660125
346283621
235985084
482636771
226696076
424707216
337864003
265939242
351172640
186378786
220140174
259408405
261677551
330541954
281177255
319425359
174637997
182701698
212703081
590696153
339103981
131403292
231974120
205324637
233497196
250624497
134767044
123637389
395227749
321676196
179555319
120918289
306742917
309608114
177327602
204241394
415244876
263404025
235436270
198368751
579350342
296556838
305602148
200851709
317088666
641849802
196480387
174079795
267434900
307046096
200435786
267354859
248561929
276462992
256270407
187199877
233553892
142887060
355566961
306112655
228858236
386813486
273444716
246015075
177281729
178450538
411421586
241000162
145485330
145956542
219164661
402354240
342985635
315714899
117009862
200170466
468434176
444795535
460757589
201592249
315456728
190940227
197636463
159814252
254702088
168811864
212997628
255115205
122680458
387525945
332682708
263439455
215561015
382539738
380962687
248307247
241486649
306605201
508831744
202419333
128068780
207815213
228550378
126406060
294919858
317546729
277232907
519793396
214228143
473448811
220936013
210327721
306806525
331236250
126730043
242944766
297678199
200804669
133710640
315280816
461705254
551173411
175006661
407624996
182990819
370378422
331807631
204406253
285000447
300226054
271155865
166371931
286492738
303639813
339272193
151686658
332375525
233451327
204835936
232141865
232493157
178416452
164135247
167964856
197292528
257027044
134330740
130153076
416781760
459877713
233259441
253667131
144002057
491259798
298028157
207336438
176827214
336595264
277130155
202926194
205124999
228336370
346209812
228476149
230888131
321576844
149248486
236315599
370554933
438022124
558179439
316793176
92614434
133643876
480993429
216275566
398995641
309308200
268278576
177580514
239964763
164180728
386894678
150787415
411471194
389485493
338365333
307634813
283041602
358690994
144318812
296611300
252496899
187595980
259935499
225665322
206507452
533563216
267703091
352138871
108004942
402271355
134632460
123167978
274566092
213721373
418530741
248984216
340196330
120737121
432060483
216878483
182345716
190729905
467674633
221485628
197681783
179696807
251110576
285725236
289675504
151662372
271413736
283903059
496701444
315530260
143571424
517059695
241808970
362540779
209230037
157032142
198454337
638817365
251782878
185516847
432668405
288783793
107316218
194219169
273295717
370653243
191033897
164652346
272925493
453637875
230400177
264782583
512747904
403710511
265156776
158047112
247143381
291374279
265839789
166038567
302698178
274544076
162726865
483466775
202744081
389270917
161845303
274882555
67133960
403177642
547216306
278296957
405297426
269166905
413541488
486654407
328070232
180014177
218006249
397327549
152074825
287012295
337899278
278462774
141355635
166029856
289102851
347850572
131583474
309351255
210018622
264251456
291234834
156809221
507924378
383197490
148787187
160250494
211312712
203321574
206752313
308973748
256786731
424050399
305319259
192103143
136974816
483087515
319265422
260773967
214355247
175877951
406085629
468091770
129111468
170898536
80329513
353310975
305471107
113844678
183737864
121990923
408382934
344051818
317814310
157985918
205233428
331405656
232162101
281299533
513851425
181573945
211873067
482889048
394683874
208013818
312517579
117046011
209804331
277879837
365689596
244838939
219877440
209596488
342609719
224571079
177997908
188624531
473265686
146935469
415145980
389163389
159739203
273249901
112142579
244512104
253011629
156829169
298082749
320907220
114591522
270990920
311754630
175969497
413189110
222676759
351735641
189880582
180999692
262355279
212468517
206964778
255622066
248472794
304382853
436675089
474647630
350868275
572046559
221359527
229200399
212765734
173986963
148725047
157219512
181231936
344223379
329358715
403969203
617552617
374451917
204635873
272532329
532498883
150096485
207788570
189565422
319533127
355048143
401955921
199428652
519805916
100222253
662658074
301894221
157318230
291163718
349278812
132982272
162789970
224747481
180644189
332015972
137247026
91764561
412866040
319766109
262895348
230195649
159188537
220367101
426857081
157721501
454451165
193145117
188090489
322788387
447654318
418435721
122913987
234106462
308109834
298159527
278850928
322225994
163231433
299304969
391188312
156713692
119641179
153101771
276310742
220952921
233215004
167226611
64013151
231029213
181590037
318616244
154963987
246305501
218763160
206844250
209028943
279487975
282024922
290719651
305835434
137073885
223086444
183664539
173106153
263000469
332905865
321068615
384628838
276222627
135805833
256085362
145686935
101986545
171647101
392288698
180281116
294003583
317417400
119931801
179502067
230331272
185752065
340472490
329119172
136239405
78261944
203500000
496260105
110237736
140049038
161369743
310342427
274635663
191039230
384733456
199979502
485782855
197936960
304254780
179196837
239042320
204985909
242360275
286702494
500597661
132068442
178508301
172643811
354695998
386184626
190213095
330236072
311101695
137073618
249468593
272515765
569199587
310867291
434984927
220638407
246005742
431380515
160660449
409647528
104849725
127961056
91959816
303534837
446163920
231607012
259837138
249036064
211185315
139762394
163144858
141625294
143459011
143896594
276618025
171535000
117330394
299448131
352408056
247769267
368104187
133186708
185852048
487443739
441583432
192897837
169659349
495514856
217345631
264311644
281313442
186920372
203373038
285433862
271770140
214010652
476466291
273618749
335781343
270492981
425520000
236244528
182074594
306556085
155832235
308552894
430514754
508894640
169892671
263382049
238447455
302375673
200539944
285420537
242852289
164068714
256393269
367449499
240962233
234811530
150462198
167007644
415057826
307914851
124662531
405291112
323037837
266466399
165132540
232901121
225165865
262589358
249806365
668283460
349243775
181435037
282948480
100646004
198522324
292167969
359504156
166498539
313324601
318191194
360586773
221482578
108032410
399387978
406362875
157166562
335759804
256260897
363713003
208095363
237018208
305787399
294262264
317829869
72749088
522623249
244206771
243609042
129917332
252918402
318904971
273143594
540149641
149656918
229529073
352000273
335041630
212293766
318870213
275076637
447753054
215578313
259856037
117458938
233229719
179409051
361074073
315197514
151366014
220183701
280905201
353240706
236873351
254302819
346835552
254182101
312955423
175882576
267719090
227397762
426941925
242199563
262806661
205030563
356317576
359247033
301030826
358983353
260582647
248239607
154103508
377447458
199399923
223659861
468952314
527609896
236750974
190221966
99506611
111270476
209154322
297079621
284180050
364473519
120714997
224636341
31859223
288081684
117100910
172299372
104724901
349836714
254892174
263332406
563452189
301061743
146710800
371199545
290300464
363106454
201946242
227138245
148545750
359718539
149702437
313674544
211701373
196468072
207950497
371282764
220427512
190931317
118463608
128456713
169436657
157915276
170262422
294222284
289525614
172281773
200390730
191520153
398720727
154679046
160538009
193683064
236734287
255287654
253348949
290625124
151594990
127099954
198385677
215166060
287600011
462536524
91958849
207635798
208159590
246067699
100632809
171662781
358900629
130893844
361662015
250955839
221269426
269456222
299655610
343099971
189208687
105686417
102010895
189555844
168803982
473385735
270085323
155168276
299610973
161217376
174786236
149354675
399138416
181835369
385444206
240273183
95141805
502568510
337768578
295421937
147768161
596813016
317117980
255963091
377705224
156325973
223485092
304178377
124226895
259909421
202219039
258564350
279999224
259678243
321349816
226423182
217163558
140250231
203385729
83781508
158462308
279793274
167479316
286518415
172590078
70097566
408337985
296530242
162794370
376679946
207729782
694307607
268676574
292774090
144464125
115879692
279107424
123571715
143988402
384822797
370429139
138715650
297672192
325227863
380251556
481707367
223231659
206641715
160011581
300366520
445775937
183689335
470450334
133606207
75493990
172916240
192768765
343578559
316710255
254774736
204373103
188926156
139007185
485854115
237464633
271241214
206931108
417407318
401211946
377380071
404596526
140451803
228102475
263688959
210988077
303308898
132228140
173858425
202140229
187917663
188002010
293807677
219209828
208402092
357753008
308791349
169774521
365566169
204941498
469955501
231962326
224251966
412840350
199977946
395190896
271272611
516523461
363802880
241641915
127156593
275776297
453275140
165999703
139220791
247501691
320123137
180938398
313797976
204338456
233436243
255829887
180500305
229528416
166245082
198887093
218144065
372368427
229770777
161044028
167744611
462831125
305522698
126445742
287848340
103391720
199399954
287516315
234584881
307653112
266586801
187908806
157208926
438275066
219074877
217518038
516597737
332637356
280524136
177658044
166910005
447115835
394460878
78590781
320709019
168091283
216227231
522798449
155946989
388193032
469129801
270260685
216908507
181550129
270034289
253703923
458375848
120959265
260662408
98489391
221501692
226968590
165552513
205295878
236397228
353291513
91712304
194072465
394194397
198893865
115245434
189981470
203272423
80685310
268133100
191678425
265953814
450215550
413155109
107224692
263838605
173788635
274856502
122064826
421947231
375696099
178115062
171424768
201326995
475455773
232712042
405165754
176937802
479857898
229685688
201842170
206949097
442650582
103368690
319189705
169138893
188242591
330222021
381209325
308715880
385944553
186135151
175729518
323477538
352736554
321827021
264097867
229957014
187827964
634462384
405598046
425254662
211473239
140599087
144672955
163116934
356416473
426349959
266337919
262979930
209082165
128818830
191307361
214990375
182032323
396050765
202623206
130269319
180972510
197861772
345865606
231442620
560007188
221562492
335077751
261717439
188005879
311610818
184762772
204928480
113920700
317756795
154905456
351351291
500028073
503958777
279097837
142618216
268603035
242951508
282665900
412719435
436079777
342633856
403047481
129601691
152070591
146498066
335434899
588515171
96465881
223169299
253519582
479461291
340347956
336716190
312390895
221226380
72298768
248875363
285343353
122662512
192596617
159462675
207974033
450679055
223322966
274945515
162035336
233310567
146410640
348445613
270705406
224854107
156804894
98897624
106892741
333920404
174288374
355596119
144751597
336287195
94673284
214042290
272602781
306364348
265711816
83652911
290766564
185870760
310407173
433897220
255182278
239879863
358736544
101783054
338083319
328518883
244368469
287152221
318601153
174927957
390489328
236856922
260750518
267727759
108936823
295884742
129742140
171580414
344857238
135869921
314501712
368437990
351679941
333158043
248417688
124306852
379846544
265244324
258711191
146911020
314269385
263791807
332004135
218869652
294468644
160471185
377622932
213970130
396144155
255511012
222997744
231914292
194452033
197548522
193320857
405046750
332147351
266314786
95910192
310123446
246127929
269099353
217319459
107048452
166146214
186781836
393836997
209443003
163674454
101131669
313097087
264595489
226926434
362828552
569209985
408213966
218173056
403883793
706056938
172192801
318884893
312626302
215034053
161536505
344715284
73556960
162247774
364941927
228672828
304996388
408986743
166536641
295058519
158873320
97186760
373732476
288629255
206459541
230354704
249760762
167931771
530403047
181386640
228624415
598969471
264893925
183665968
160073662
368668505
114749981
224208745
430343493
238085808
173249298
326048106
278052641
177178765
493529433
392018337
319219552
355763683
120796998
471591156
169157014
179482080
161524478
563774397
255030815
75148716
171415716
171276541
417949276
122433533
402266069
411467392
258916871
401873495
283918191
240102469
310049145
293442498
275075411
237098432
353464414
104045673
271615831
238473036
162064455
187182293
134226752
275553234
323455844
199331607
257119257
283151079
183791056
269829521
224629985
434145474
219228111
214104562
231461259
508603105
334098103
162222578
247921102
107092708
190583170
161176086
266495940
257995350
287415743
222839128
283805838
355284897
208398135
120776841
104641963
153895544
486254603
553468300
434535807
145438792
287833204
212714646
356885025
57492113
313179515
272926288
314697534
251200839
290299071
180105242
249361575
193271481
220299761
307981540
407323774
398015725
240391380
172488484
267351857
229597134
46356330
114802839
206414651
230457894
329196795
343706342
347973507
172506575
147468581
199657120
339483218
208187584
250553601
408594021
108535852
389916643
329542833
488330906
175680384
349978036
265889511
374365408
302041184
196881764
157134069
306134784
277553724
343343240
188607574
135862624
244728963
351877175
368986700
240377751
444384791
374780138
352802328
69562067
336207347
168523554
130707323
301420431
349939655
200165421
353533049
263081659
581835938
135929554
251913696
208027204
307565293
385596224
229160309
259499720
269949422
211465379
268587520
226956965
386052400
276771765
130586203
167357259
272401233
319952790
87673349
242506402
357385086
146840956
214024854
231652331
336115956
234734162
231577160
353423721
290859575
203715475
325771413
258395800
266909882
389678261
204067693
478627209
221535745
477214510
451853315
236567097
190472077
212228781
219238863
204202696
193139279
204635738
356642989
155473007
119932734
298825658
258224808
326728905
287215328
382566242
394467491
286492030
183400881
124125106
434257147
230881569
265428333
286098252
225981991
406407208
278458160
425122494
82835019
138431147
160786598
297964414
138581994
255335064
333501135
248614541
298906354
287016524
246308815
231236751
217277872
525337286
282668896
220254390
527297571
221482959
239706914
167092750
219647147
397972293
405846560
306871333
160448736
216029368
239366952
428040288
599582423
195754523
139412392
154637322
357235175
362221545
142885571
464458877
227473016
320582124
525979307
246242719
94486614
167079395
364776236
509968747
314511035
314435571
118459950
173077738
404879320
165999108
176997977
165073420
624804933
286921305
190756588
188829858
221440016
454853835
236393893
342442577
304595986
282131112
320098418
156565887
158401980
82537223
297289858
400083292
196766797
199154288
468404978
143182257
253651773
248193080
225261263
195817001
303163641
385642330
418270296
253720206
269687308
203702695
174622656
313099629
319662040
479449380
412403954
210557999
179165836
279261441
260283623
264135470
89824144
289302974
288378882
334603886
262497060
324643402
243058646
273846124
390180948
293484623
514146564
230032415
264818084
139135796
234814997
279149201
652125447
389702826
362484106
531633471
225287870
167380462
219956618
220824899
296598807
104208619
162064429
263365715
226714802
181444872
278702283
185206518
225590997
317641925
116224550
467362081
140620393
294779656
224629245
332300387
520172264
465257249
313253268
201138555
281313032
204888194
497952640
237129610
106198534
371800815
160443705
365759113
179938778
315709456
244250771
96958208
332685703
255746914
136676866
286265161
271048926
315983025
270212892
337848053
348065831
537931374
263982210
265382905
395789392
284004486
141033986
293251235
336672376
129433126
181067273
283651694
253778142
313037651
189145446
202107278
179274956
248287551
323982470
124285668
176809113
217488487
373741174
310499890
419988556
325612958
374801232
85635650
348841633
211910790
247017864
196049392
308058253
162897307
138308704
485897771
145256000
251219799
191869146
107777827
272791305
493610545
196098676
256554152
174032739
166465125
181080536
192519416
627042439
352653548
241390568
286937482
284963696
209522133
384279372
302945082
104740488
177072000
402298017
225486337
239871468
492843499
223262315
133718982
279659786
359606011
142905397
409378995
385397975
436993183
225084335
355044353
402621974
210270915
488613168
383293356
329602535
217927586
152668533
479604864
300125623
176605907
505073225
299902565
442009569
223018756
335641168
701769929
228027445
183665609
272915979
354081947
274336580
617083562
231272356
287989953
361310176
357993449
320409978
310736733
249018198
285097113
448296705
239554526
183004888
267372354
115309116
374788719
394005908
281986722
279576591
245728906
173974842
205084825
123353228
303522471
203281613
336212167
293046366
189015051
405878826
221057662
231181717
336978831
423155311
339227205
168542304
252352305
210333574
372751208
217158768
248217497
239542865
270071970
227841737
391693415
271834202
524292144
327367476
234673477
217273998
247022941
203759496
460563707
478340727
166473594
513851998
289569182
377467016
201430867
226568959
102079758
341134702
366825581
640501072
224443271
288012249
212150820
225797279
267899485
343712647
335635272
213151281
198826118
117877219
259474916
460875431
262996283
266257900
239110797
352330324
240665218
427423535
220040114
221038341
218981435
265137832
97871708
152232103
124499643
274626172
272096780
323016781
305077507
208317363
233664280
204622443
242349011
172105791
422811488
125896060
244696543
416858840
448810679
248851219
140377238
109986276
361374539
379737880
182540124
278938750
212915295
197813801
254905919
427214443
230936574
257588603
644887060
269208382
241556032
208489245
120538085
284308602
296172872
210032332
126914426
193989864
296713996
315369035
403729001
390943814
461368524
226091073
508005193
156646797
252519055
278250834
336905797
214827808
336243366
215965031
441637395
201623264
194314573
111037187
173398493
342895885
232124141
189882404
396378601
347668220
352059760
169295247
271733619
144397466
223113243
292204679
195818979
193639161
246968632
537891046
138837329
336391452
162336962
200258665
274147787
166458229
492160039
277981086
243676508
194667920
396404444
401504649
183496398
150054549
205740256
237640475
143224935
349969880
233222270
278792570
247389422
437955080
530649290
236514511
191849176
136772074
310230039
472425972
521628019
108454499
273319324
239473067
439992354
263630140
141589942
194483909
196904915
527002909
421324669
193370281
314348125
112264320
112479323
116593473
120626121
269954675
239657905
325076394
185880370
366952185
212169588
238866648
318854371
210927143
251650582
334029943
146006237
166478211
317515217
374025660
243512843
197817196
297099916
216493461
147190660
204320359
145061232
282589121
394270958
105285752
417586468
274903278
57994227
218627213
278914661
234051738
141407159
296195607
292942379
277725550
149913502
120324780
206274336
303147975
192697438
242036215
451104380
305774786
430812669
519072853
423539736
258316133
327484092
287478544
376048152
216036668
141776400
262756248
427583492
353758648
395570263
242520198
370941271
167999849
139031787
155889951
422746522
360840727
193069890
181485261
196687391
272443311
319546896
238886943
287332752
390275193
250071405
45628462
408597059
360394726
274460121
370706237
112182952
314228946
347552730
181409489
202572847
247059387
128078848
407365698
210945825
530954550
307022280
116227261
212745815
107864960
400034321
602609266
301443706
285177175
244863421
347530020
183103925
269112611
173379782
151586051
163450460
135711423
178441705
397293591
440120785
145787575
160103939
386863166
373320777
146326378
212853745
144978646
236236752
138283178
139719048
157890383
318405234
227854742
497797675
228826356
459936034
348254707
190503829
196766160
302155537
88951977
210746910
108296360
539071956
271809635
348177992
371177426
270455938
261150814
425007469
207315458
249828215
370042479
127308379
163069719
289551932
316387380
279574643
210769466
365992985
405955203
138334584
169879798
110199700
222637414
220702423
288864812
286093657
154035184
104510284
245306593
153287815
229551922
183640782
239408307
209674965
269920589
374863223
288452217
248299198
371534846
242810519
193075360
226205358
452817329
216553222
338595760
370637461
358315652
288339863
271333064
588096935
180790098
404334299
399259967
232614840
536042476
209113541
274183756
153031325
306137272
230849306
231391138
117248645
155622583
296605091
400671046
249074304
351709095
273914788
303786359
201646290
308861106
416758064
130565868
186275911
147013220
382403945
288607506
179647157
195988071
362455265
300760178
283629784
274304446
115869886
241346018
321905276
265332714
188974212
270083440
305844464
424035080
460189034
245116548
264953142
272155228
554790277
72955568
430718715
500338493
516877330
327663068
246493218
113606222
371698797
481949153
337816330
164958533
166278003
390469072
225319900
179218012
300840870
281304394
365345577
177567165
128853842
129010976
223391381
262263168
205988291
112380500
277918222
86974507
189903340
415560203
134616404
181080610
325465391
344395463
222343074
364265031
196234025
248047283
238960239
397024462
171157273
109857628
470644390
518360049
219915893
273630047
300964688
157920682
401988222
282197035
303262334
172632239
283124306
220423170
122355499
305326798
458736306
121576318
431977024
246841090
232269983
67066132
312830237
156200680
139755201
104606577
319753874
154324921
269358075
314061930
186676115
415393390
279407905
222330464
239516916
270500354
426277708
349541316
334195822
188605759
359966795
262269626
150272071
126312566
243095889
248727217
142636957
114706871
195626540
134114516
230673189
318627754
467968050
371426932
158803672
155995067
297370727
191717147
156307118
188836495
314632752
461149638
277027079
407157885
195283566
179107490
157063484
223245228
149642119
506731170
269862759
303956887
288010421
221260163
175735683
127222676
136913855
299583442
439533616
287294220
419084175
230388476
170959172
367148755
138511336
240126750
248293210
258219901
187592012
351062468
513758248
281074685
150176008
239896745
395571384
139286642
261037492
216329823
224312047
184473290
123989007
289968786
308510331
519050197
193312793
333909544
169853756
143682173
198167308
206611564
273481480
239704866
212354793
258364660
328401792
227174485
269265789
290519690
189248020
50353071
231404890
359191277
161471014
224964163
317671027
335949906
256043999
274315826
154464698
307420257
249012678
238917411
401964855
231442723
239353655
378387021
324137575
200411444
223291459
384369068
126290036
473956847
185328759
257513399
520317825
172757987
420492144
304617050
121035358
218218886
176178879
331364676
96709196
190181088
290471441
227529916
351541724
303444582
361316534
171740607
184824753
204352206
167700971
147457322
80024351
236649738
246149864
355015352
371463599
307612180
158889077
187622728
383017770
147414295
223733714
217616087
200845312
547876565
390877366
388794286
304848756
416181183
445571448
308041202
287653426
216493658
81315463
466869718
222272021
259555197
299947768
318946545
179420065
229634745
232653012
237648263
444846297
215065164
150650598
292074228
448480738
320839668
164344514
570773907
349309700
110362891
187656762
206760937
278663127
180918215
224717141
363327742
260444850
512906566
119231560
256065520
175065507
153412332
217114842
369160193
288377502
158837214
242298806
262775420
182607123
115457636
150706579
320503748
332986704
279411700
225282620
268917119
96375048
194677784
210357522
220951378
175578525
135946961
276831407
218149398
268540682
225839337
200216037
135364076
189766008
172301747
244809992
271974131
132836401
156883841
248532811
117595461
146346815
386893995
601911806
346893982
211480849
266494152
196352091
206508593
249457027
140564931
496647209
463814936
268731445
129390035
145492572
532620205
195054121
331023488
385982140
216080426
235897661
212681505
231024880
132093092
518993512
205843740
224071991
310988209
199377317
239821675
141341685
188397884
168761246
330898168
311960035
185553155
225990250
195607869
221261782
266082555
118710254
243883180
142595344
250812284
494608100
174456220
270763974
389750567
157152350
232130040
377590819
242638315
180510971
470054009
157482580
185091215
217008843
335194565
227210768
175229025
398082644
245297077
134583844
142964524
298791474
440732275
239448546
334407931
299564998
257186200
268717265
237250218
146111026
311894853
319670736
298413824
385351438
395722333
464672380
169540926
156114393
160900122
184207972
100294902
194331665
331184785
186884374
255809037
187752607
394290453
638917734
400372701
78809913
138629158
281094356
328122411
318080267
242119600
371173967
213874476
144867055
150032671
514691109
251834781
344664765
418826856
368849573
249080404
258421835
312728656
168489175
165445158
219132528
376829633
480572861
593567990
153153111
224657110
295573344
279865882
170141607
134900201
258142247
490857035
251664983
168981551
155990666
198876343
372810759
317257274
200036198
369551886
183526620
245586629
215227379
461033461
271510554
229414492
209154108
171643178
304771783
238322084
297414087
364024941
437422539
174233933
249409409
130368908
197221823
185073857
261649875
62633976
205637565
433007104
322880777
183105904
219668869
81401554
281845827
347251939
160241715
137468064
159841567
149145467
252229215
353708705
277177146
272383071
221725463
346104064
544496860
273442710
227915740
356082162
63201784
235987394
292686378
674479225
215632983
252090340
366702644
317257576
505802586
365377460
355535291
164785461
156552939
228305456
225207371
198351928
230599628
231268445
392330574
474746905
272468318
144008704
246344667
306699102
309327025
133419017
278620063
233002378
256981529
243658245
405377930
220834408
216096915
156741362
294193409
223603652
244478005
149667542
336119211
190434942
373462968
275557016
408434895
158210299
214153137
375686769
220629517
198396547
218989172
150098299
244987901
223380300
299953938
278289367
219762379
520608610
102492309
370837366
370783374
362684521
691477110
320732179
248503821
186495301
141604578
530668996
201120069
222358024
73227376
425641878
346740358
598908850
145920508
237305120
304915545
479904543
207575857
493887291
133561758
172344951
241705583
171283518
251323748
184037779
453596611
275887509
206823582
142942414
352934010
241447182
311463158
163116738
398655514
296459304
379327011
170300356
308097724
422237697
200412498
231309372
424264234
286403523
355335809
436359820
183756933
178335675
151368971
592470892
570254107
232298542
144498757
226468413
162548037
162451738
271372185
331360425
318091419
446362536
273226368
209053977
336658475
285180136
264960708
149017293
231046668
217475216
189144370
283297797
276710578
238429381
212801751
186980332
249226350
212255976
163091548
185976004
200183158
283051079
198969464
230202033
263854157
288496946
233917614
351389681
472680166
421774225
94968645
235309750
192795103
638794207
77262845
225400743
315965145
456086377
319131534
258358243
309550150
191432920
547935541
236412774
140735950
460689627
358729657
288213431
170592286
246174799
162703519
282762538
180352089
465765760
213748029
195896065
240718006
259161596
210668608
238122063
395606022
374295842
204569158
368910355
270894429
237961372
242612819
502329724
264483011
264568727
227078965
486361200
390363508
354508759
230510009
340551298
237276018
306213825
263769502
237792201
222612539
120063370
519895193
464795406
349989424
299921423
202838404
221845031
128680370
83247945
325697884
477696543
512038133
508061634
236708610
271733275
125221521
252666397
148581856
289483444
182572791
387389401
287613428
240229474
121644198
481565848
323489923
308299195
143409512
253940734
587608992
333037020
215932521
237871629
168718812
164540933
249349594
147877498
244967854
353958241
145448011
391491866
337228646
399636742
214484193
212644031
308326869
160828054
133344588
296837129
319566731
181653568
234930472
393685211
205426880
206043649
210120175
133134594
141969121
168927408
360166236
181149888
194956558
269990084
436691115
247365403
458387867
378757719
165733405
326866882
374711988
322323778
304775322
257897383
126022176
128635335
185682041
258044311
295401574
96347229
244808303
416458018
400229175
424600486
446320974
269670582
560576985
291387047
332676155
119506021
225180104
158834413
275155598
412169396
246474924
194498223
438795119
279741444
353280612
145007447
276343712
218787467
424286550
251513182
206415267
230097056
264578519
306142463
164942607
171398966
172653739
178095732
196140284
334505368
223274841
454603648
318418694
189807504
238961041
199342720
307704205
732740373
300791472
121052028
298915136
230191115
280377556
117941777
301453469
185237164
434539280
246137008
241467899
137381820
243034498
364455149
273398928
348066535
572161992
147996319
574197756
156052492
190582980
64871844
407596458
260722793
232345395
426632640
306352152
195548017
115786746
319795233
212429340
252937156
398558368
290465889
381813298
439735655
141205947
224715841
360193280
259648830
368967712
502487794
259479899
306895638
180377912
340997758
423972431
169563640
266126442
215026846
76924546
159985678
341754749
325566460
216905124
210598423
247895051
486915584
368337566
283822630
354781297
158278073
282380921
335430823
279266580
244940475
280842184
290765663
377964501
447824858
78841369
279634136
392771869
211456409
297834114
187897195
323370165
131956664
329869998
337999927
496576137
302299717
227436379
242729968
271312895
104237620
349889232
313948548
373390700
273368567
342595318
241674302
339484041
284279342
320820730
205884295
210071221
203219395
152330235
228657053
137501236
281570371
287610370
186573539
247754999
261230388
180613490
289100548
244742327
227665031
186020532
196525451
605443050
205119307
278910706
215459738
480798445
166844682
514399159
489689530
183698602
128800868
245467762
184960987
202179030
309998919
294384676
282398405
267032839
232005313
216381673
169451738
392603393
193003747
310835083
427122680
402572468
179571112
238674593
297574310
236520679
149802429
290901069
380209628
421488237
203357140
312331272
254697076
369395018
537903661
269562210
187542433
316162793
341530810
216837214
363994946
305573067
450600437
462819627
327271927
300010247
373127375
574830195
458989865
361939613
516395450
80752222
154731405
239381601
201702662
453778982
348342737
260790362
327486559
356692709
499980355
205531322
312372726
205176473
217097538
311771821
223041403
377921521
306076727
335572233
186635355
290389684
264973028
432702089
351762908
162829418
125462191
206424118
117218802
144453159
294210467
450207368
496058611
170621193
220176223
502561077
164900301
496609069
183093876
126635561
566793009
224899467
162876388
320824848
218577106
273661676
292091767
202913858
374471261
131336945
88113445
171102336
333543865
338478375
208421766
260577991
380060031
106556505
152003082
294944543
350582181
225943889
216102927
143908864
253172706
348279423
140112386
176256853
223284991
288908153
594162853
403005466
209874031
299595399
119839167
203308921
644673327
155819108
207944883
272610008
440513784
299663908
212059436
302300409
355291267
233786986
452371396
287658895
260052908
262921855
355419571
222102550
124130487
340306977
204099967
193474462
321975052
244769518
409657323
155236934
415276209
383898876
268503589
239630661
120178990
225269770
250300179
280213003
348451006
186302915
294451960
203809719
205129192
244496892
350148464
259493184
419823851
50723117
181082737
547233443
183071013
419795203
264224932
133085968
257253802
291790075
306738112
267677221
335876437
258193287
325794359
39283694
168800871
495892838
285479531
253625268
428369032
269498763
204543100
475394525
256606285
191523547
102322478
147897747
119217028
220762781
188848160
305496884
301094211
316917805
272369414
113250345
158947591
225229666
337173724
181541539
402447640
355385476
197753350
297983309
266403294
171325085
349019082
268541438
470548742
298573094
217701361
142645133
284706491
137589312
154094626
179997942
258101569
166877542
323906751
408931120
225406091
380806740
248157911
328710764
377493018
319180359
325840125
147806290
393233169
144017406
384257441
93972715
111911598
251443100
241202311
224271016
390843845
549908034
158444414
274973246
293543935
202383187
383738592
577686276
199300058
294979656
300369878
248781247
278962422
302772361
383856843
251184085
180793547
474990523
204473797
111948307
240582255
243531046
370293945
420827029
335293030
285328777
354688812
459575395
322612666
423698301
235794738
276118873
240265751
201608542
269569563
284984180
198894607
171319134
220954193
217616184
133680966
344906385
397891850
102715007
487259087
147156977
155543673
581697032
194210998
193363707
276510774
401138307
223702878
232760875
196840108
376048412
308103712
207956378
111454005
222234301
389587415
452435490
162172935
173321170
107511543
169854305
201605607
308623307
434193525
332910509
320749112
217331704
163134391
317599636
209353150
346700125
390889924
840237752
383034971
301829185
321040812
316036458
364570771
133527328
348126228
254996907
117330788
300591672
244051425
374744822
135218081
525748577
176152902
440583706
127935937
269347272
163531380
317295447
336266361
334487992
246675199
250983336
97826662
121070709
315839747
295403860
252890748
86432361
237794332
245592951
178310888
135765493
289195609
299713703
151041744
150595674
184714479
324405215
142293519
65567493
264028419
238204269
198369671
240057646
155751250
417303784
146585352
259069993
505935776
129449789
284120906
475807332
168756244
325707961
189176762
280057446
93562825
317426884
293621027
184936554
176980269
180133101
231379166
403358251
206853965
373498242
317838593
273360239
171425394
297881504
327041287
289550647
480424256
337882071
218289335
376334902
477594977
289390337
245929946
272440464
235850618
574062727
57730953
367623981
117284216
336308368
173312629
260241641
213507523
250251053
65357455
318403417
449429844
258300139
83385158
192678537
302909621
321266640
296419585
170728179
437891882
349310789
289181099
169870000
114701118
251806360
119295377
165687730
317037045
123832887
143366215
265867120
271789587
363655735
256418736
417960590
231836715
592453406
185983668
175271317
496655984
434565652
321095368
243758554
146777677
286555276
142080430
329452490
106868858
274216223
149227803
174345274
303166740
153974839
243576875
241826683
292446755
269517860
383783904
158409969
288305123
198195918
226582285
273735529
209599607
612558555
191449475
318571538
222907870
255173426
267845278
108583248
343260461
162551204
156536531
602190018
241983232
438853577
311019216
215460955
132690438
170253165
627705253
313141380
96465891
225324768
268054916
676183338
142465848
431241143
252446664
145918211
128668855
375172939
143423218
178054336
337583227
239597771
171245218
302763451
130318091
347461521
412497614
124716610
120192059
315727337
224339423
197371895
207430623
138968364
144289801
104460326
238342253
443012543
247943525
181518141
294705796
236159114
159633924
197327310
136484933
253739543
216082360
247013000
371230288
242196503
340304814
192018360
89442875
348077973
368189279
233049677
599448228
264327633
102366372
538380261
280495626
532098473
190316226
118551689
508130727
210081852
246656844
121541974
448523203
244623320
157703705
251477519
200255792
196590075
144223393
194320978
216204932
218977075
446015449
154734907
235503212
394506903
213671467
335588512
515475964
560742888
267358865
601740612
227603360
251227861
323305596
209427587
458572575
226028397
178809230
222937218
257778785
167218175
331831516
343314067
103003921
227560612
207015624
352234566
296052465
268648658
57439964
261598191
366233364
233672166
272983644
318762639
332519952
304210886
144105196
275885971
202565924
194708548
649796558
286764941
161391354
144890410
149074395
105276806
512182089
320939378
317232895
284647913
372863305
171387002
392281932
253118035
175062421
217872256
275671518
274533346
263202229
165672474
122785260
418133323
335136288
167637378
126050107
174549978
132332238
210357866
223768778
394377326
189391786
228359535
360472776
283697983
191391903
326733780
298204475
138349970
415617140
304262790
184082485
232539904
225560057
192710971
191927921
135041125
336994898
293744521
392751293
305929589
139502381
305689243
445634940
163837451
132342556
190988716
391727372
181419207
137780399
170744882
240439595
166246534
230033514
196803965
291141055
226433625
218885158
253088994
343859772
286329863
88948621
281973354
406663151
325790663
153288539
159642023
285945303
378234715
231004496
120568689
417554675
460382818
167924055
444384445
117006270
116149436
144774794
438224151
83817167
215531611
375580354
511834119
203942746
223217993
302030199
123577998
226485018
104189319
454361817
129356527
443585908
175458050
207718169
283827083
262466716
644314257
124801309
421843342
109560235
238415610
89717667
365563808
364434698
175654551
426881206
366556169
543248384
316569818
259225088
246681604
251814204
142928089
202518451
227169385
91646429
191780753
318207490
346201869
217354264
429403414
208316330
479153891
498077123
243015666
175203012
379216623
405856125
350888639
394296916
174038456
208531300
93413660
226043379
118534258
130081239
98266962
124338195
273771430
267682196
146681653
196542946
267479281
248672372
357093232
137745176
303905415
149532392
229573323
291722624
288053787
180490674
285731624
247732091
193613224
307523094
321164231
190460687
208335584
113338251
214107170
378221379
606779951
381076695
267517837
199526488
558940316
312502235
254595917
279001481
300309765
257428434
90706236
177937150
418320583
371230966
161539120
389918316
427022228
156293274
376389812
292668449
192636128
164457078
170408555
195381752
165314376
284141338
336062710
291931272
235094406
339714858
246388642
123169909
268750749
313343484
384595470
492266311
236736982
245916383
423743896
245970530
177210698
161586410
240386640
474319249
225486589
419912609
233248901
203858400
234055836
297927014
529146875
246184240
224532130
144484979
146356401
336487379
266114850
397399620
230056488
112484583
141158741
264876074
453069366
398591809
317914618
131206148
173145146
233445895
169780739
238153255
209292990
185062933
478647471
257189233
317792324
310170634
108990912
188561473
337737638
258846062
155850932
520998923
239243617
239880362
318806639
241335478
235264624
423072064
172819181
152822924
158204737
298789961
318110021
224562511
198626640
179447933
271635597
243582243
129915148
529344232
140475683
201735173
302535396
298644053
102792918
291251631
259628032
270381870
265230428
194502315
372688583
227121720
557439964
264806824
376172753
200917652
316829026
159482013
405532672
136294608
87006363
270807323
314081660
381947847
162517219
302766073
349482695
212152556
423510580
129494538
416201698
59745349
392967236
174008165
328663015
348623111
221919647
389260141
415335441
131763110
333971452
108668291
193250457
124700960
231395528
164001737
217268280
238479866
115300209
202277101
