64700858
89517735
167849557
75988137
95498735
41524462
62348787
61493704
102216882
89360718
57994617
96929618
108023370
79673937
53574620
72801598
55953347
102243213
41895532
51349922
37168262
140333120
101326225
80608074
88528547
135184935
59495515
73463787
74084304
55174150
84409404
87478609
70407939
115019159
86523145
68280327
90758976
56355086
124500727
106670355
55320743
107351676
57547248
59392809
63232041
57082105
160567659
48769690
132555500
69273076
61662127
71218773
66257544
65331389
106202836
79593324
75824161
69001351
111383740
51982759
90227874
75377663
71242771
148621754
109514021
71189476
100034093
35588307
58967482
96651403
44639067
118749236
219090683
86932857
51500990
57268053
79653059
79126209
110633812
134230778
61215868
50224589
66142883
49332188
126693865
75835319
67173041
64382248
138558901
90256556
122334052
93117597
71257998
108814249
130462428
66845075
51548055
64256432
102936591
107899002
41589958
113115680
134017518
122659863
70375400
92272641
97920549
111626257
46031625
109904711
63064562
92862820
28655917
115228446
94926166
46640619
91478291
50003226
101248526
83582284
77807592
97355697
65079497
77697002
98742738
77338241
103624420
77275084
55731869
50809026
43674960
153112388
79377958
81706660
135275782
56082942
34315293
113805542
72327700
49870433
84452326
57459943
48631305
64684161
41893250
90890577
121233482
174497687
104695163
82382807
135220640
85904709
115142975
154381395
87212515
81680286
50545128
88642983
44676567
73633812
143575623
61799466
142628745
80786923
144518871
53610326
102270679
86175130
97450667
133846504
64859853
68448361
100331117
77122328
102603683
45502562
62294246
56647987
60330140
123846644
52146152
105109983
115004590
112681828
95049645
80741766
57147838
91984764
49547372
60707102
107065437
81815214
54136844
100724013
62376844
41221699
80861558
107357467
125056908
105728236
69208288
44865140
65582609
116655774
80412817
120552271
52780224
60653204
85014665
81698085
57938217
100142259
63396529
125905083
127612519
49553239
70670970
64165385
67437922
85277347
90759947
75537247
74248277
71602994
66954904
132192169
63488221
136137628
73210296
60693393
42563008
113275938
116458172
62799692
114992302
82683428
85045692
74296934
90807224
57408626
84245895
52356634
95568239
42714235
69973179
70191136
62280126
57917556
47534045
66864309
56345060
59363394
71908088
104651035
109219287
56276728
73277066
107002834
76964714
72223097
41222390
46825519
52740911
144020005
54623094
117528508
31232895
143447311
114006798
119325242
131760476
62946197
90404046
64900401
86530618
78308466
62185113
120139616
45058872
38137908
43273242
44205336
151512555
71818847
73848431
67864530
57045343
56536499
50584992
71422077
110611193
48455125
115762273
71681919
83815647
140972453
47090026
153745803
79455857
60497454
92653487
118672230
97947415
132780705
102535651
85313995
147220114
58640594
83255093
61538520
86546783
59465525
112878228
65510423
33495269
132454487
92330545
61478678
52133084
70913418
99587218
94420157
67086917
71901117
60972460
75134880
38238677
79705065
135586063
54327502
48484301
58421325
90773018
87629506
94100724
130460078
104016119
118563540
50037150
98069121
59102973
72261912
56181028
148335136
140682638
115772057
76149055
46096875
118413351
41445390
94211862
78553427
82014668
52522137
72770306
120816363
93816183
107763524
81068517
50954088
74198664
51945120
83108052
69823049
58079786
97592625
94166796
60855872
69047533
49202290
77434274
74476501
96378373
55515730
74920108
80991485
51166378
62784625
98363295
68713977
54632909
86363351
96403573
108639318
47598583
68196745
173647225
72550725
72177666
99962079
83544666
72167635
99159450
98412428
107570251
100300210
107798857
36705327
63050871
126859020
44421441
80556775
50965697
35087605
65080088
38350802
98210564
66224207
92567155
72984840
79110268
86732572
99059320
110812230
86023032
67798615
75131002
104358397
89172210
52538978
78678400
54475383
111308194
126828224
112289107
119237895
36679319
88572766
52856968
117601487
135874952
72167598
73082032
70319038
60115335
94532483
110911204
65236609
57895404
74882827
56120661
84279570
98147357
73643015
36197134
66850093
97586974
97399751
57902672
99785976
75727446
102778484
44536323
89109879
52981787
70401548
71694550
38139512
69038710
50894520
52909259
113196113
64211382
101243337
82060458
64838681
100287311
53399614
51302848
81090941
59031393
102429078
72785953
45224750
75685902
58534679
55291621
88124752
78039667
77344894
106228164
49766492
105905054
78755553
98960127
106666598
45086670
59786095
70796477
69327559
79712069
45294959
123998621
53139664
63139631
65360051
139269388
59951394
74690883
68339572
29999446
126600030
67584518
75514242
89478701
70279154
86389335
49024340
84393573
45792755
49658982
43306369
77379268
63298903
114483238
42906206
69728287
66778717
102989340
38493387
106677700
84494124
75270263
81046694
60851502
68804752
117141496
42619317
44719046
52486407
113332721
91502895
118076387
112840343
74016579
63553876
69827268
103938216
94117045
43201216
178684444
70354494
78103599
67626651
100785502
70263482
71268422
124444368
82805426
117620221
69764123
90764074
166189118
71829988
113409902
110082211
88894353
95849135
85672340
42529378
93555424
51117245
82993113
53005772
113026144
132338000
109232846
58410475
81654847
80239299
44291518
50082532
64436059
49492676
43825431
66668192
72999492
90627041
67253354
54489678
80294524
58958457
88042458
65437574
57997569
49697937
83901341
106044607
60977538
75798358
236878450
97085506
53677299
114124869
86972273
50358806
76210760
76570688
116686029
120927510
95348459
58618522
154081810
45686987
41516533
62428515
82943631
85570254
73494578
133575021
93180911
78345852
74516402
65693422
64355465
55450971
102749753
101072433
88117626
83421711
75838194
59988549
55794214
60762105
93676497
127982448
70582160
74584714
67789176
35650109
45956585
165403876
76885625
92930389
46876585
87632285
87765826
67700107
66853184
38383607
134019012
145792656
61823603
101882466
70741467
80052735
72718408
86489371
34087813
173450122
111592352
85136365
94297038
71685668
157795360
84305765
46403313
94144625
35278116
70422310
70402761
39573704
40683386
83369128
43108141
46750512
40500410
79847788
49901368
67974465
81091535
96373176
43410557
113360467
46256263
57991381
74957653
57603575
65973317
84718158
36601433
54777641
67581289
88920120
116023536
107291122
128845947
43633877
72633202
59040266
48451724
90124279
57153457
159847128
86663264
38687482
166383455
78287314
84582970
37949737
57333534
55972344
69342680
40225545
86028165
110249242
104328102
46384546
84134652
84505820
50139490
47810632
50371361
51018391
101016973
56323387
98027428
74374323
73723837
42029474
51973597
43638906
81681450
43455324
72261350
154562200
107900393
55157843
75362363
75051466
124797298
61304288
49191202
100048353
67748019
153496680
81957548
42522814
63059719
46484224
47836806
65784159
46341786
28765784
113141990
111344521
80615695
47339238
76457851
38346510
97254190
104516364
56357143
67042708
96203649
75942834
98743953
92830330
68592774
100247069
57848974
37429721
74079739
64319611
107021386
84073622
123290205
88154082
64101257
132581643
138176891
98022179
105830068
44134636
42627089
97775887
76364793
74675955
106197054
67192340
65493274
72512136
67687542
114679312
62044092
53099058
62471741
64024663
128136274
128324322
91692049
61953501
35262485
95741171
61896580
42375458
94142679
89956421
69001295
63177608
59634805
52380119
72723196
62055806
77263829
68079668
80355251
134145105
81891931
86419237
64862358
79418199
91982636
42035428
49606558
75901010
37128832
44758474
99688923
78209672
102211273
83186256
54754688
77088236
109875374
58373287
104300832
108396165
60799737
57049091
93767006
125141414
54656986
60981597
44414269
55446648
41369654
147435898
51604213
97301543
113966720
125594917
51389805
83581239
88028932
90794078
104406589
144339555
84215728
63889291
105807901
71860628
85705703
94950668
86020634
52767697
98402841
61954140
70201516
46722471
44053226
107010100
97391218
47795012
42183831
66912776
67427175
74564084
82068444
45933472
133823097
81044439
130356660
68707704
79532148
91737937
90481963
89264877
90464890
108816635
48858869
71726109
77885090
59020687
147067913
86241738
60408645
58901074
56667520
131559068
84330943
61704961
105738536
54386646
59103008
33628212
48385733
70571056
59564729
67308860
90818533
68387405
113854312
70459823
71500570
47048522
105964240
100884586
62465588
47876379
112747667
91040136
100335387
97546870
85553749
71981537
84902329
57767750
74120820
40296921
43687518
68824030
46602115
135995609
45628876
80121114
99050906
55800326
92935371
54251057
87911064
59697922
51455512
118819529
97476665
51453048
91454267
89125307
114667338
57850199
117174012
59933831
84291323
79328571
122001666
105503474
72213632
105839433
94558011
46244038
92040138
51016828
48383585
46417718
58320600
68172491
74427803
62221253
88153075
62440614
98270937
129190461
158084403
65207436
62205637
120574585
88628192
74008787
94223746
88846378
88243044
55369932
110879515
62254720
124021277
43990488
69355369
62526311
103752613
87263742
62953628
65435611
111242070
100269266
114706417
76349710
94459284
94976611
109781385
91274608
90987586
81054049
89614611
30635613
56764411
105299986
58180786
72819515
76167047
90497123
87615754
102664694
90997691
60163925
71841768
50781715
68094405
92731276
69838578
57915378
57518105
81195586
110723225
62221436
116902303
84240402
68049914
56318836
71476929
98048023
62420408
50728352
76877168
71145669
90761868
99219267
40397322
54387779
45157473
87470253
98543856
129030851
108409292
58582674
119249684
77798515
45242003
90070766
112729355
71820711
128623433
47455730
52061810
91661422
77061769
93321662
92697250
68115451
58636007
56237878
65627608
104008425
48255374
60669996
82847717
115633397
44302142
52875245
91733600
62593231
59499215
47762640
61319826
44720425
61209468
61163704
60543506
66746370
128508527
100103303
102926617
126903754
82935810
116306766
73763528
57412568
56784582
90765468
65946508
42958324
85828996
154389273
104238257
38707574
129367310
44331058
59578947
127007281
64494134
127712617
84371996
72314484
63802086
87673195
85022319
106542111
143777867
92412445
44340954
87972456
117362605
146996338
82305933
79386433
128940498
113480722
103960076
84270638
55301433
53975875
92348137
69512746
68238767
49438102
60842897
53010741
128911532
67293666
66486343
107195246
81121276
101671979
174290289
52334476
119663289
74316603
70877245
76243073
110046173
78712942
58665443
36633617
75022015
68081642
113746891
128622331
81036412
71922998
107928665
57818226
84592482
160187165
155236012
69979725
82072079
50122812
138281882
72020143
38916545
75511898
61321252
63344504
113234156
109271479
68779274
102595645
73702071
42046285
35578817
74801726
71704246
92478772
74186339
103771045
55237513
42693787
50040555
70858018
43969362
129268720
74443421
108949677
107603194
59831151
76674541
59718904
52511129
63289507
67778312
76999779
133314860
84241913
54402507
65315262
102922934
56125101
52350052
42702961
59832158
75053016
100146881
61119792
51073943
101964144
54482640
146683322
70500251
51469157
87854920
93050708
29572632
49377369
75442469
62230760
97125130
83751539
43592411
76255836
111979322
57875567
80740686
42830819
77253090
61943034
78124808
120480925
112739941
81776253
70403237
68716235
160954337
56235677
97718890
55777224
91551303
51753461
55606721
46365547
33369502
115787383
92682298
90729046
90284652
94401504
76391421
84826506
87879542
52273606
78785925
58446264
113240033
48868103
80910031
53040856
65073055
84062508
50980638
143358866
108700187
92016202
171969170
65967671
87882229
49352664
63602260
88309576
86891048
35565440
32054011
131088961
33231758
32947257
80720067
57720967
106453525
89272773
59090890
104994159
109528369
56325039
69568079
127876553
77028077
104415759
49192531
71818193
59802503
72388113
40515800
84082204
59790719
192672554
49493604
78848820
83603206
114872458
67166723
87301071
110315428
51347613
109647064
95204580
79589846
101671066
72785253
69729241
50777889
61700770
74521811
53843021
75567069
109281630
72798314
87758559
55042125
73452538
60025538
43509265
73756574
95017794
67246640
48427362
56142812
55606670
106273787
107351428
112141230
61382380
72143979
70282788
61922948
50789244
112391573
83532054
85663943
60080320
63908956
85543866
70428588
30810444
131387355
75326191
96480666
47960916
88175051
50381854
45183164
45478314
123938261
44712597
46190295
41085647
138456060
52446164
56230432
45914956
73536303
72513408
65850062
44651766
88372412
176778046
69660830
100676375
101238344
141392825
76961324
65643761
123186577
87066785
72398594
106925459
100825665
81322646
78542574
117853464
59173251
33250189
97824373
85851633
99626019
70603966
65370787
116689366
68955863
109914971
71807157
67958972
138201835
52977385
71658120
92789237
64271570
94418523
101385326
61233628
37605245
75541770
68111638
106218698
57036100
93458849
56528123
89064209
55282681
101728039
59501540
82443619
58085832
87342131
80760200
68781632
36866536
76244928
171836165
143711029
42986336
51675487
103669273
56945329
42154049
117454468
82314190
85057138
74347043
57889548
94109967
45560354
68914888
56703762
57154222
137830385
103310654
118787216
77080279
75591267
63260469
78380654
57903971
184681182
40839864
57819782
96006420
106650201
71651667
60462473
86334661
92637063
146057937
105230965
123688940
79960026
41927014
113047516
58115687
212859449
80925975
86445532
97549934
58062582
143845208
51245844
40849402
64729948
46440724
71181972
91999070
71296418
88647461
55370431
91598861
99123878
62190907
56226410
67939383
73410536
78162172
163164875
119413029
76613489
47802679
85692602
73262514
50743608
78635792
48249818
81705818
99030053
115601111
60317270
125919866
54685147
61597208
76550610
179380942
60968951
100537270
52354381
81810584
65484357
121843576
47229938
86264558
54809183
66950644
93859387
80435803
41994984
81867206
102056675
92389693
59675940
31478124
56444270
72223636
44476987
70712660
35727910
79597322
109491984
126522570
62067763
107341075
55375149
138920572
86143034
75231605
101323728
69444670
59845799
79991321
62362568
44833067
70433597
58372619
46192035
63396012
49580775
57763050
112631491
33847125
73574328
92879899
52506410
105779806
40791030
67279039
52120351
45765993
73421942
54730645
130919387
59519120
90859464
77185880
47245215
51269838
41711981
74252774
49015215
71591120
98815257
91699985
133189023
82779170
44614791
71831385
43200350
85576617
120444249
83971765
107035700
48187261
89475197
71280562
62227423
47340309
101254730
59569404
91815632
44503941
83374986
67500803
95497036
126411088
63806645
67674620
111832028
66344205
66574747
97109741
78206376
123377770
89244955
81729097
54067322
52849980
59865226
115634089
44023924
101121375
63222561
86242535
63622532
103343770
120089838
62686050
83877576
60290796
98313459
66943970
68374946
72547681
91624530
121023344
116935422
58365244
103846734
99788729
80677177
123713078
101018291
48416717
204929931
58288756
40335276
55548167
62931730
93808291
47589158
47716611
74952428
80897867
101589112
61563153
69919198
62419550
47255218
93566766
55794143
48809682
85046708
135731707
117239644
61494587
58544784
132606384
56775508
95903634
97446241
119779335
80163052
56432024
33957763
102405358
120215239
55423476
157122781
64988754
105872705
214323330
117123029
33435660
40322528
88200320
76021347
50113824
98978655
83761621
67895451
47330709
104681152
75455656
145952710
138251391
89608954
80837105
66741893
38624955
90118985
94212080
56377999
70947216
57312537
36992166
105217770
45759519
102932427
69468620
46953142
47986082
77413544
74231435
41663919
58070142
77710604
78817880
101131098
72477023
97634484
127712505
70374204
95548309
47519101
65895951
80057137
64283587
75127993
44596155
73990329
80814856
109286822
79853925
42001494
44631202
59580463
78152076
89874393
118435910
119448796
83126439
209509210
74372947
217638479
74864230
31205684
197380322
77403483
78297650
66024986
61821400
69855183
136209021
117338601
72461868
67918887
114892401
152421039
52808981
47725202
82955211
92872430
123311754
121396258
54684671
63505141
72724957
81553348
57403935
40646130
75966612
64480915
49933191
115939390
103857581
94516463
139266293
119988384
72147539
91407596
81573694
81251596
103831486
90441136
71874466
59353068
96115693
49121901
78368260
105326484
89472091
63505893
95596968
69171739
70986907
68128184
115147856
75866843
101310585
61942647
141391451
95682162
53742841
130598122
94579531
58658595
50630084
76663142
70022236
64279318
106627696
56006671
89847474
52923575
97867437
51709523
61986476
115826973
100087020
106063454
113322633
88585443
77954767
76376619
191790094
75185301
93883677
108659014
82671082
83082784
93176078
70241175
81020431
95019239
75458564
66956235
92460943
87603674
89051096
34355040
101235579
74756691
47400128
60439160
71118626
70247730
83283261
57032825
93513412
124055160
50967145
64263668
68068910
144513503
56659533
65774432
136548099
123230581
59015660
80167202
99200893
114556585
109824031
79283054
97905602
71944427
119688796
79083415
63901047
82151336
39660490
71195155
151856059
80876357
55952170
100470089
72751184
113792042
110251510
133864391
78572436
74785551
56160168
49405018
67269490
130024775
66148641
54946253
59368502
131633195
48380652
59124935
119611299
99511430
81519837
95495015
79965327
74195747
82568187
33586792
157156704
82363419
111647425
51834709
65418190
102378446
40774536
81642881
94073871
123973166
79503161
86237890
107059107
47214670
56502447
102259070
75325129
96290047
38721800
60600166
74269491
161184485
83939504
76318416
86782160
42493312
68259320
103391920
48413119
58738040
62028413
54047393
53243694
56230928
56155866
57660037
55591472
72824459
43896873
67749004
73611217
55778091
68187422
60651998
69566749
48952676
80678034
69365571
80768590
100634686
87438683
96601537
50835067
105559195
40277290
66613010
66397430
54099801
75069435
94596392
75556898
48571148
124559356
120469127
60455849
116712034
70076189
97535507
55469547
154132569
60296263
48088875
97849992
56098754
84847609
52054843
58461204
96362640
160241133
96096156
59656405
35954268
107972359
49751672
101954226
106638963
65903899
107126878
76471573
86721633
95483560
75836471
64455412
55268734
50418472
102911413
96091047
68379890
118871819
92090423
90315585
96294754
58606248
63110993
87797567
148282512
139902401
83447644
70158177
104597550
94920792
103331441
116197711
71158372
66417148
127379458
139179194
47889784
70486615
127419761
94798656
109471942
223752258
48730864
62109736
133142306
67744131
121750157
40539397
77970242
141920698
81208613
119475306
71191752
127282691
45603220
51229043
120436918
65113211
128732634
121991497
97431657
121217593
74334988
190366864
124710526
87112572
83268965
111550345
126272841
98962301
62297836
88022066
54828893
53344843
102044400
95298938
67189765
67208361
50797223
55973445
85612430
63191637
91829560
57324924
48217193
57070258
104836191
80956397
93085799
84645014
59322709
120794301
138934714
79101700
139054493
121152286
50360125
