10450637
9639632
7993165
5415974
4870336
13162132
8315832
10314248
6889007
8474175
5835800
14430941
4970587
10392545
10500307
3838218
9091325
5710719
9101329
7895906
8580581
16206165
11936158
6512766
11126185
6565577
6333892
6573678
7933182
7789873
16004540
5204300
8427243
9421730
6892894
10343766
7670165
9795427
5074654
9715154
5869528
10376512
8629990
6534451
9685797
5388924
5908252
11324276
16231690
11068908
10072814
7475465
8884763
7316996
6849312
7608914
6092800
10141405
10959246
10635022
9565029
16258691
11486074
8518533
7258886
11281203
11740196
22571055
4799895
14024820
5784739
7614851
9654699
5327052
4451393
5827388
9944243
9459812
14498108
4897165
7166644
9682846
9768966
7204091
6640630
5649007
4807292
9188571
8236591
10282678
7009047
4667773
2401533
7105143
7630993
8590947
6915338
12413309
4678357
6985571
3381991
7411697
8860737
10015641
9887583
5060930
12728058
9932473
5879880
7400073
12615800
15707171
8331612
7676330
13281651
7342865
11989900
15924210
6821608
9364288
9465163
8085007
5790152
6729024
7739608
7529374
9178111
6703407
15725850
7408156
8848502
8731513
6119462
4289618
10632177
5824971
10126392
8988340
7066740
6569737
4128962
7907295
7935786
13537993
7980599
4911567
6751947
7168992
13229767
5675854
4215301
10853383
6067916
8671986
8994737
9036734
5726946
7009428
9185431
9699130
7518966
7249849
6341096
5578098
6484833
5451886
10520207
3794210
6074613
11298548
6887527
7833702
9287280
9691192
6684331
13175143
9671026
9192393
9170847
10816625
12626103
7721523
10606676
4487072
13590637
9562884
7724536
5478735
7104228
9069700
8269239
5266574
11128955
10941752
4705007
5980092
9090532
7375124
10396394
7050783
10765525
11384833
13331713
6157092
9548282
8974469
8460169
9151267
6398129
5501249
7023483
7574613
13687196
9950797
14312676
9821866
9787675
5383065
10809053
9004774
14707978
9048198
5380465
7987568
5377126
5578479
10964367
7274587
6448951
14834238
9303775
7119387
7898656
5769166
6637880
8482068
13602188
10669977
7958692
13047077
15011450
7280894
9309430
8186846
9134803
4673214
9068623
6667117
8161217
4144395
7488039
4107281
4328784
7583131
5061787
6901254
9242176
6571340
16248302
4196364
8630994
9667610
9230029
3192715
9432066
10211610
10772439
5347822
6095856
5677153
9259263
8809031
6866581
13593464
7816570
10780082
6124748
8348103
6670160
6012259
4761940
10206433
8052275
7173534
6193558
5328631
5634471
9412578
4407853
9129670
6267516
9335574
8682589
15242583
7051690
4817048
9926306
6857558
6005686
12620379
5781834
6893571
12972853
10017361
17562375
8389420
5354386
6796015
5744789
7914102
8613719
8344047
5147051
7940289
6710983
9253276
8607099
6613100
14655201
6949764
7503064
10976214
8239898
7747450
10635641
10986945
9170325
11707751
14530157
5507243
4935058
9706988
6829139
7087309
8037447
8336402
6383161
6436195
12569469
5168222
11104044
7031753
9963761
6280711
8932151
9275058
10587156
12630935
3785572
8012922
5650893
6069924
6308298
11053204
12425799
10706087
12379086
6800841
4526305
14851292
12593303
7737920
7582638
8111105
9184714
11479808
10469764
5185534
6858408
9966435
9820404
6527411
5589562
6180896
5321645
5842751
6309478
11185049
7309976
6292746
5312012
6891180
5836129
6146253
10117752
12152186
18245745
6384760
9485853
8557595
4879603
6313474
11877951
6955124
11262005
8181453
5708527
6565084
6502303
10623899
8584127
7129669
4288386
16300631
8608755
13864688
7569371
8095912
6725729
11620677
8017561
8176417
12258457
5596065
7468252
8738627
5907302
6857856
7643260
11967434
8866110
7366340
9151322
12172677
11450492
9227631
8843320
6170687
7102518
7600123
5728700
12245497
11051858
4459211
6483867
8903877
8396218
9294572
5087289
7068692
17223036
8338164
13377173
6732569
8244384
17518202
7470697
10035088
7224335
13794747
7313124
3455940
7040698
7894754
7632101
6595439
3862079
6709331
11377041
5870746
11149261
6688022
7777147
11209015
12656825
12241473
4502767
8375542
9288760
5981705
6301646
5944781
6877635
7960481
5457822
8602940
5781583
5808269
5606246
10139214
8394058
9613150
6896182
8576122
8870871
8684063
7626821
6537985
7221835
8206454
6896931
9373399
6533421
4882022
7526815
12674604
18299756
3649059
5828727
9834234
4211645
4868924
5891979
4372331
9493964
7333872
9346484
12555788
4782985
13596271
10898397
7199735
