1082
571
902
1236
595
529
1155
121
912
318
1055
529
1869
553
1155
2809
1213
49
401
245
1418
590
1730
298
245
443
81
72
650
589
1382
2169
806
1519
202
189
11
672
997
1343
541
292
206
612
1254
560
635
193
1365
1797
765
486
938
678
851
1285
259
177
1065
520
68
1352
795
891
1248
1522
1432
1103
211
515
179
770
555
192
2033
2435
1316
2157
1724
1349
955
549
254
210
642
1194
2226
661
1004
1526
1202
580
1421
1148
1676
700
1774
1376
1519
1226
197
134
99
1582
1072
709
1610
727
156
1514
1232
223
638
58
254
845
149
120
204
913
841
34
673
1034
174
549
482
884
1866
282
1965
904
834
1326
1213
184
42
1689
914
729
674
1335
73
470
506
25
376
308
779
1094
1636
137
228
504
1343
259
90
825
1727
642
1073
1350
699
925
918
1094
776
1356
449
500
1306
601
643
177
271
400
322
502
436
884
634
40
670
389
1018
841
826
226
89
553
1639
1041
1473
148
820
1843
1249
767
237
168
1853
2960
655
2393
713
1156
367
652
96
1132
2088
2049
1545
572
1175
384
1198
43
235
571
2202
514
1667
632
1342
67
470
303
970
1874
650
1063
995
938
104
394
397
195
142
129
856
98
93
978
401
1876
1058
1303
1101
6
9
694
38
263
1164
305
356
1303
407
1391
442
1314
28
768
1039
1043
1049
693
1025
639
1074
1048
392
225
421
814
117
2019
990
982
343
2322
778
1514
340
549
218
23
1819
946
268
900
466
738
1864
495
606
1250
313
1536
1113
369
1245
498
27
61
905
433
1744
1144
237
104
82
145
891
243
1016
1232
661
2450
833
1265
1495
90
575
1297
941
843
1151
1035
143
1678
716
144
1093
1465
315
714
1624
1377
582
52
920
1323
991
608
1226
2047
564
180
597
198
584
1363
709
370
176
361
887
928
912
242
726
691
1189
1434
1484
1115
366
1091
561
277
120
186
407
648
1383
382
324
624
1578
471
99
787
965
210
157
2406
1110
46
997
2289
1871
886
1013
43
532
829
426
2118
461
365
1324
1005
749
405
114
1797
799
255
1367
798
447
1068
221
307
101
385
374
392
636
313
1085
1299
1488
959
489
448
1005
53
1631
1432
143
631
502
92
1406
438
1761
671
1021
377
759
889
402
201
187
545
746
665
573
307
769
1488
261
953
434
640
100
949
467
364
1022
1082
839
413
227
676
222
1147
150
212
869
1117
1804
627
1203
294
696
95
997
878
634
43
1247
143
198
478
353
1
1
668
547
1764
235
45
761
596
765
255
1314
176
565
671
377
479
210
137
407
67
1015
812
