24344584
45236046
15352517
28463331
40491305
32972328
37262730
83316612
21510180
29902084
16795469
27824728
26363291
28341486
31833742
17256413
23934921
22248429
19777487
20656739
39343434
22754024
23540260
23001834
29280377
39962972
31525005
24657021
50504528
13409207
35769501
41340061
25860512
24917268
35138503
26559548
58766438
18043100
20009241
27838351
53693002
25602796
49731046
19772696
19817941
11713107
30131623
25929242
28030989
18567949
22635387
14585639
25687679
56288409
32340261
46790429
33784654
13160563
23065906
72381835
30420703
31339730
38665216
20335541
33105932
21872875
34779220
46271550
27268953
39396970
29426378
30025082
24862089
45003353
30645067
42038463
38193577
34404573
30585533
35880959
35336685
38066754
26345392
47678865
28161470
16903462
16701390
28421608
26976954
28784225
19619214
31275258
19351224
21719347
43900368
26258881
35332842
23675333
19097710
30907243
24455978
23491394
37274770
31621966
21015243
22448213
50833760
45711971
37985459
23198076
38059426
32288908
29069805
42876959
15553350
29301842
56164437
21061033
36230777
40463190
18169614
34632808
28485365
22838708
19738672
26335213
81127293
22860176
29573986
30350335
25504521
28804326
30355383
60433369
39969325
14895952
22995014
25925659
48942084
21336526
20758069
20283874
53074731
24527555
27551547
38224168
27581361
36952356
46827058
34119692
19249823
33696916
21181289
59545977
13076400
29496418
13660729
25808744
24225957
22895475
49184068
22268958
21852466
28007185
32478836
43603159
43921659
39485908
27000338
24475825
30601254
19348028
44044824
31986958
36596587
48156358
33795246
46308245
28133104
35038835
24871701
34003556
16502362
24999712
31090605
19837848
17738233
13274742
35999827
47868415
24132822
21559360
58446199
30324502
32931945
49465536
35841556
16626112
24344532
20127713
30925454
13692591
31498130
59840728
21671481
20955903
29931191
51631253
16945625
27715407
29694390
29574401
27100682
44706826
16605885
27304729
35936967
33675333
30279766
28052323
35830200
28099944
47049945
18035946
34453613
18791611
35935779
28541902
27352069
18699646
41387806
29631055
36628450
20239071
40076418
31179432
24600345
32371973
34397515
23007591
29485211
22030474
32388400
33582077
24085052
16669066
31929454
15313010
23238870
33142278
29362757
32531201
16827145
37068051
33071549
44506038
