20863222
50247624
28167489
30164192
50531773
27208963
45614295
26271432
24393990
11589622
36400095
24933432
39952806
23750215
40475655
30942570
20690570
32022770
25984443
33056760
46142109
22369808
29066686
78241356
37339744
29711325
32743729
52954321
33729472
28888249
25842420
40951091
40579015
32206645
28609100
48403156
44834973
34163152
47815451
62971253
39854452
41077422
63879016
54377586
23930372
42894316
24635805
35187400
25105977
42731617
25344138
22481931
81952242
37386101
45501972
30997545
40321043
44227508
38759157
63757003
18286663
55889417
37889589
20793369
27684110
24231502
26104285
28351143
55937183
21088193
26902733
39557175
50345820
20289709
23441897
31280779
26764233
69087278
39367515
60743186
31263288
29311450
33317254
39080841
35960439
34008886
20581033
37692088
39098809
53846942
33239093
60299743
23115199
38739285
34652632
54534398
27342387
17304234
34489685
37294299
24954075
52049225
40773097
29505668
47387343
33384292
20830045
42062591
28273168
81106768
22633718
35668229
70208783
26801100
20595045
21950121
31654209
34303589
32572644
28150739
43163784
27815854
37975997
27445370
16906544
21313929
36151365
58941246
48492573
13245965
19131161
79327815
25053154
40292597
42340832
42563676
26071793
43218495
33182796
16496379
25166727
32896095
22772193
20301591
42153486
23984274
57897954
32886360
68399132
29111357
28931111
32700503
45454169
46419085
23476310
56227555
22103649
25586332
38963612
28060681
26891151
33422770
30040767
45391379
48141833
30483755
27340414
43343709
38221829
26446450
29844563
36448316
15030051
45905448
23134699
23606474
27669985
29662963
22395740
53786910
31091788
47721454
25737351
43870005
50333352
31619400
40502330
29178087
41923606
22827666
24927274
30701295
39363569
26896885
26104401
57887091
36778995
26425469
38313590
40273037
23125734
35720399
26321387
21028938
43029921
33898824
58463846
30859486
22702783
42418241
41428967
42329204
17558787
29825993
61582911
73842687
46113496
74512710
34048200
45281020
54084851
35887311
38466212
26464573
37804067
33648611
27934573
46060327
39607367
45053911
32401370
48631311
49755874
49553026
36292272
29921296
43501389
33735027
19355857
47177929
29099790
53749742
17365163
86369899
22515104
54409911
30601653
33345468
62897273
29435527
46867665
45032165
25537431
29753342
23968213
31474469
52454954
67040367
28949136
71624224
17426245
39018454
34219409
33199554
38273336
29955878
30704400
25024901
41479132
53827731
28715685
22780062
63372427
32062196
21393778
30722535
44516814
43499700
91784566
45992390
29254180
48688200
45289481
22935407
28324823
36392281
50492119
43415035
26740889
42056537
19125248
57362011
52003444
60890391
16894654
27491427
52739169
69282052
30164282
50757991
32448497
27479070
29392471
29308729
36777082
29353186
35226490
48155143
29559086
36845564
38436149
23175572
28557553
28909393
20517328
38636075
43504590
27871779
25999621
18238225
39334723
22544599
30923156
33252234
58099548
33646273
44659597
25877485
45786785
47844954
41157832
40141453
38052917
38556672
22667868
20636080
24002066
18921345
36841875
29720556
30043103
35527930
29695329
42579909
32406740
49608274
54232977
49082161
91825523
48640014
25450554
37761282
24418577
50905539
20647919
39701348
49700822
30322311
28452098
27895675
41304818
46540080
35261963
35937227
27782487
27714716
30463826
39439963
40356227
46218225
49448559
29609598
34233229
36020325
38369535
20254691
43931472
22911630
16555965
55833881
20884709
56905167
59498764
29808270
71287791
31032641
15728883
26123438
37265307
25327125
35847354
46191293
20220096
36509313
41865737
40799400
24194443
43191794
41812329
37077579
28143601
31666866
47852647
31387835
49600974
28858638
38109346
38077856
28746968
50212657
20614674
33354753
39899864
27796835
33227427
40574513
49404095
32945893
23602810
40266915
51281081
86587132
63043907
24660575
48603195
35481623
49010465
54558229
26076782
30065830
27250255
39750095
56800019
31120949
82894644
37877766
21774343
28454651
44089434
29327138
23501902
39476149
33296442
64492399
64845686
36954301
41483077
34286539
37707220
34234150
30486784
51608062
30896662
18780339
40550827
25780430
49426191
39955926
47648037
51277142
22714135
32993010
40327029
29974262
59379926
25558978
29306970
19011069
35389191
51946414
46124090
21294714
19745188
37707104
37848556
65236666
51964022
53763075
20569159
88518697
29949090
46581259
22560042
27687158
27709409
53809042
46369716
24125881
35369535
24066429
40190509
44330672
40105437
24912064
25856715
54807315
41212577
39352701
20081620
22435478
53061587
51277139
48305919
23859767
26872902
31225705
37505305
22536489
40733049
61420152
31836906
65627306
27546059
21912543
52402464
46569948
36551325
71117282
34387237
36895112
62800640
19683396
25298762
26640907
26050963
40287002
31544022
44310427
23270996
35660772
38651071
34643447
42145674
42921951
34037398
23237817
46026555
33208967
27341483
23933356
34699085
32949416
42321191
32870428
23037162
30727046
24766275
28706885
47319970
50049836
23177291
37735254
26555364
41140910
40796531
24302942
35119622
29864363
35376274
86519669
23995987
25958734
27585459
27538343
41137181
34086060
23693488
49997802
33974299
48804433
17885473
25816015
24095420
27605881
29796000
31570519
36848782
37471810
25316604
29210652
19737389
30819422
49474305
23665963
28854870
41633079
27181167
36133671
46766379
54617638
71898648
35442228
30198637
42456864
41182188
61458972
27055471
29546419
50312467
61810467
48638949
20061126
39212257
38400501
59688956
34884930
20249216
31662910
42030155
48480088
21831441
50278942
51193357
51187818
23064666
18645379
26565305
35323780
43059220
47633440
51334863
50265994
22034082
14865101
39706278
26434112
31280333
19976361
48303563
36301884
29992440
25895027
16394447
27350329
56845053
21757937
24110705
38506494
36988304
64387034
24713463
30044121
30270127
32207951
27391456
61457893
23458780
55767575
24757357
27756840
35160935
28428725
23720898
49642691
51709203
31795221
28440416
49726693
48465521
30905150
36691093
37083649
29125034
26298426
22873902
36087040
46401154
61246392
36102746
18261303
67300598
25050122
27491955
34551818
35925989
20751127
54845874
31555694
60628337
30282967
23320326
41166246
27418587
34060788
38223423
35346964
43647041
53345111
28423756
33387059
47292868
39435104
44838818
20622316
57566683
38233980
60622399
20097489
17922659
19235366
20374999
25523526
17616764
31943174
47405324
33497022
40570210
26445245
36755823
40931768
40030581
61541216
23388272
35735963
32185071
46839540
58625239
35083835
22843484
38026681
34754658
56201400
47885543
28483346
28977570
27671440
41447457
38396243
119127896
41122409
38628025
14676726
50058274
23600794
33950016
43117076
43392117
23278017
23764723
57070426
36117918
53092718
35913743
43768895
28555431
58946129
53953365
22377137
34740938
48528170
35438812
48843079
40714977
46978399
32957615
31844027
43842264
21613763
73487768
34686738
29984175
17041898
33489637
30742226
51095728
31134006
34086478
42392424
29938542
85326662
30028074
18762895
34780336
22712257
34781569
28335768
34049299
31959591
76589813
25638396
37875190
41175712
25468424
37402679
33176187
76199383
59311155
47599018
27121559
18856656
25816244
26282611
37616130
42291451
47528250
39087602
45938651
10891437
34860725
23037428
39237676
36665177
67180222
32191230
44263438
25421030
49556604
38864086
28236353
37864418
28070885
30434445
39293446
19220640
42435964
29674662
34311506
18692479
66821475
27112385
18638452
25778008
33276583
16571937
22437441
35835619
27972373
48036018
44397291
35058739
27873533
32534431
35920755
25937508
28246861
30785375
36493192
51178304
26536871
30755190
33189033
38006967
49155875
24136216
49904764
59402566
40420270
24250480
19456405
33929398
55056974
40508743
44598585
57319196
24618762
41278226
42835617
53818427
23438028
35385780
24390683
64748619
15114199
40557249
22844027
31161190
32742407
52217852
44113155
50466782
22254893
71253811
44552443
29339941
26858771
19385025
26766757
65264079
21339176
26310995
28042894
38430934
25480837
41120569
58604944
29590659
40153128
29641579
24124916
36540717
60567804
16093999
16631684
30102380
47055596
49919993
52687882
36647076
34390086
29348587
28966105
27496708
33927207
27460329
22116915
61001013
44035768
24891462
36850762
36936373
24619708
29423585
19503308
39755279
20483065
37350512
48420172
57814732
52151238
18796046
38301985
60526904
34318383
61598874
60455810
48290704
53699704
23108306
19762776
17839808
36068556
26783099
34163499
36242329
41679289
49729365
32056249
41280833
24873229
27491290
45078339
35168597
41192346
25883783
41531359
18511184
26554371
34822291
35609174
39609921
28323104
36416678
35710907
56092902
28933691
21675793
31397429
26975397
48480404
50689346
18803105
48163695
20050197
30042089
28845387
32625035
22930978
42156267
26173681
32729429
64109633
46287978
26075587
35293665
35023347
20342116
24920050
28352139
40785380
20095667
19620089
48532096
38994197
38696823
31218667
31787925
28124569
42108153
17459145
30445245
67682083
27264926
52100794
31971169
49774726
35274489
29667517
57118999
48213028
20706007
22234761
44096735
34548347
35519955
49855455
28286312
21704808
39715035
31057767
19515520
29628994
61902226
26902511
32719673
43823367
59297326
21899129
50930944
31885118
33351346
24599838
36032172
27287177
18867457
16022502
30779882
63927907
38371805
22774076
39710229
65839690
80418416
42112974
16683345
18285579
76872542
41737233
30084725
28897028
26056418
49779256
43505207
31354315
44752733
27375862
31854744
62806970
38743475
82611088
31679086
38155406
36350407
77260263
20741047
47025819
41344512
36351281
32875611
24401796
47602126
31139611
67250818
49314509
16527628
30304430
33130543
28414575
36238052
38483342
56765477
16728025
16932076
30758366
73614016
34471466
37824378
41592118
25842372
18896078
25093291
30727243
54653606
45696476
17326394
20918115
52612921
61853648
28769931
57632771
33631389
38131703
55432731
23951830
25745547
62154685
20492999
23153996
46952667
27588225
34366372
47835992
36116381
27917881
35492305
52552421
27537830
17798567
25378423
34166243
22542988
34061391
25914702
33160204
33921964
16800116
26834680
59107351
50902018
36097751
39408155
42719420
51150431
31205570
53921073
22448348
48243773
24990877
37805413
82993435
43567795
22782623
81947466
32275292
34089396
36221660
49443576
35114545
55193121
24031822
23977948
32089098
44349168
47559599
38837700
32037171
46948999
33051345
30752171
36861107
38192819
31999020
22134960
41505164
20588823
44800325
27643618
77368645
25414102
35249724
30270006
35241107
17583360
39649386
35898281
47982485
45375327
25899302
52782116
29606620
27709531
31067258
27903670
23743045
45512309
41648258
26893537
24070612
35314663
30343425
33790670
34395925
33303692
56471260
29529900
52584679
38983987
17583136
37377792
29182530
41257311
15130126
26855427
37863533
53305185
44952358
26047274
54029252
23481224
31770580
35056577
38197135
36796394
15052100
42553570
20476824
52130587
35750819
38671788
32489862
40148575
47213420
36743731
45754755
30448222
30906090
25887143
40775876
22040576
37922576
21205477
39292645
39522694
36834058
37894035
30088624
50406668
27176542
23671155
31421950
39912501
36024834
40831475
17373477
33660973
33834586
36127307
24830528
57044152
29055192
33245028
58491185
43366965
81587229
31779491
32710717
42827963
40264635
68575019
49000951
26208464
26539566
55759819
23998706
39291918
28512811
43690084
47582082
46792082
37079832
44194420
35812671
26090825
31691103
40230670
49907875
44373570
25728653
25400098
37091548
46629502
30475953
56834274
14643561
24106473
54939523
53252683
55544483
27618795
34271939
35152796
38224907
70725771
49266980
22045576
41622289
67148815
31759692
43096524
20765442
30540968
66086319
42111670
60817423
34715240
42203537
44428056
31826693
30738200
21750035
28577161
36805511
67462635
22497059
34309331
41667584
48716972
38043739
33861604
36999259
56439072
27970287
33071179
50813842
57917441
38144474
42627180
33122257
35095665
44759154
32446831
23326955
31016542
26564469
32708742
43079205
26927854
27970968
70762410
17685499
60314826
18353348
42166363
28840907
24178481
18843662
54649779
61014589
35968819
37847586
70919837
33816945
61656063
20470056
62362762
27648287
42500224
34336463
32038224
39365351
34389132
38076628
30054997
42856596
56052835
32409404
44551640
58215977
31968712
37320009
34262397
30873011
29150003
27152711
46510272
21147116
35088643
27277919
37307364
62319635
37079888
54979921
25434008
55069702
21422150
40547697
48559900
67070392
56198738
53134307
55580084
30235494
26442075
29966428
49874036
24841748
33048141
28556880
43101952
32490381
28924807
26140066
38451402
60470239
29311939
23235941
61257631
37271963
27202559
40652229
27489305
22454641
32445635
28703636
23379567
51219052
17323379
43970768
33540894
28373686
53773157
30557369
40031991
31920222
30117337
29226645
24378077
26692516
34478383
44043990
31236302
33839723
39469168
20357114
44651575
41200926
41994896
30918351
38688363
57002765
91632593
40602694
15858491
36942933
34651641
29568872
32721758
31438730
31989451
26135960
38066878
74744848
24307261
31614636
63589880
50290174
41966137
32103404
54222128
34958918
50014466
14274007
41342511
40185187
70128133
54192256
25630498
47357516
50762047
36251707
22356903
37291372
25657330
41365005
50278519
21909578
34489372
35011808
61085021
49767688
35185950
32410767
28205636
33570608
70336842
20850793
37422819
21886229
19978731
16540803
42471248
21346266
41299218
34858765
51283056
40218799
15504558
36801245
15794130
41423430
27284157
47286477
33312921
28522253
43753624
24537867
33500865
62438212
36689383
20720166
12043953
34958435
26581225
23138897
31754999
41795944
30319742
26184924
23545201
57557818
32686272
22909617
35738988
32025002
21671291
55389751
41362341
50567118
46318218
33078408
28437254
45912055
28267937
52700250
49663716
56567790
49339139
29535030
27636710
52905478
38569495
29219533
33639402
50684692
67986269
31314067
29779678
55409970
24118727
45262807
24517684
29143551
81765026
42006695
33521188
28818323
44803941
41968290
48205843
41539834
24778147
41935878
35882199
28376775
23413519
30948671
60291907
43025578
71410157
36628040
45630272
25851365
53314711
65493453
43973150
25218777
24966651
104180482
47924691
22200587
21129630
38209773
22098151
23313332
51291455
27807765
37837194
39359039
42557474
25576522
26542359
23676468
25205699
35118213
34232358
25807565
41030024
24167005
33507456
31236572
35129625
27771034
24653432
22678229
31979693
38268113
44331165
26701533
20763302
34737370
37087215
35270437
58791705
31106975
55631244
43912580
36417960
36636635
41572743
32721382
50426187
32995342
34804186
16042247
41730026
31458380
32080334
23139539
25689450
20897321
26837848
66680604
66296664
25493344
28260894
55171465
38200990
37730626
30909191
34066161
29711992
34341617
22893757
59564937
20966848
58657332
25296501
18262910
41034882
38624539
26234258
30033229
42595777
35822020
27003936
25204405
26879557
39606064
32443687
33557127
20520936
34496945
27160664
37944084
48498957
23406454
50247717
37615243
22363797
59220569
26926666
38106838
22495136
24599100
36735668
43496850
23438466
78414786
36497278
40080390
60274523
62825647
48935900
24100016
26833759
44778651
17001966
68195480
45281910
39863655
27412276
65743511
34147000
16673408
59421686
31241707
24105322
36194689
70352310
37296614
25723270
57614244
36009044
30803382
36281230
31209671
37152307
30645784
28584556
44110829
29819002
51973539
56011474
35738862
42925365
44563507
47995231
23142292
40157576
24321872
28958549
27438817
55716130
44080305
36129953
42623153
23798833
25657326
24769352
48702931
35342496
40237610
27065219
22027530
25681127
20674106
43782503
47660198
25802227
21810046
38515344
36683760
24096254
37459115
25467981
22825072
28912185
56009668
27174792
56642508
18254855
40749372
21179368
26443554
19569264
22008457
25663199
23427266
21324887
29146804
50897476
28790104
70242097
44954384
61139020
47678271
26075442
34563287
41913734
27090688
38395542
24513506
21209968
27202379
47838223
34372531
27125398
49048905
32794252
26970193
44851798
55036770
22585804
38376067
45784209
28396286
41737518
50078791
70254781
22290081
31482791
58696907
38846045
31379915
51395666
24001153
33955980
65445415
16329688
39519982
65849306
29415922
21962058
18459994
75290823
38663620
28196103
52722472
23359673
54567999
34146842
25673977
45992261
25137619
20846703
79933766
63320799
28332801
24748671
27296819
40812271
36912028
46334181
37784954
59425691
24478506
38647057
50731441
24322600
44682876
67996395
47750128
44040628
38389226
48818706
53881573
44462224
29818325
41632132
23229362
29725861
17772417
35958219
15500304
16298104
36758214
31651098
49120479
33830321
56129069
52717052
28812044
19879707
28474990
24154607
27640191
23993211
33554035
43313435
45402532
40600285
31545730
31221556
21913512
32575410
29629884
52150750
65533947
32112422
47745884
34234349
25956596
29525160
49463594
43339397
22585971
24492517
20699558
38884976
29168036
54631428
54697807
30002555
16740177
28669071
18218922
25769624
35120071
27913847
45803532
30934185
48625852
25163765
22506603
40567601
17870501
26099317
51190509
27921880
51877466
27049110
31401469
40423120
27530581
32983513
66443170
37574497
29551933
19068430
48301277
32980935
24186560
13329170
52724332
37951067
26775006
26505999
27018460
17352025
27892683
19456098
18024251
20731025
32395245
55051885
36563801
39171292
37993957
29370097
47854391
18062246
51700833
28354917
54817191
38550839
16740011
38770589
40857032
25499783
47498121
33627484
28692543
38705986
31798472
42518738
38674341
24815296
46941191
36998657
30181491
60108548
28283748
37979708
37859417
58709995
23982104
27579132
45646654
29675097
25502827
55419239
26791296
33706707
39188077
44570454
42144105
29131998
35810813
27846301
33515344
30365847
25420119
41442163
45375745
19231957
23151724
30528401
30170162
25900051
36387738
30982712
43028217
35067364
31099404
36151685
36217867
39407135
32032306
30595900
41738494
92214599
27802723
37758803
29935392
29056116
20757464
34883593
30210605
74510043
26694430
38090369
17238943
38507502
36326508
52978084
28194917
36624603
25107580
43044535
32686105
26701341
37635028
36952039
28016620
29376895
28527540
52309084
37925291
25646902
41868734
33294428
48344765
33017569
34339189
57966058
23913685
19781948
50682514
34434751
35292688
21185863
50868738
47796106
29227641
61588625
46613796
15316203
44718843
30867704
20768764
28887076
29954060
21182929
45204762
28455534
37807431
27514028
21416184
55644136
34963803
36008691
18594021
58127269
67886235
46784458
43447059
27314485
43070797
46550362
41801838
24649623
22225688
32036399
48494321
36502437
46984874
43711363
23305769
32491300
15987610
39438873
44797567
44530819
18591852
34085870
31357467
68600083
46626698
47349142
63540766
22847298
28620442
45323765
89437072
44494840
24324018
29315656
31684904
30901365
39861582
40870499
43729659
47271170
37905131
51512274
53982485
27696913
13727494
17432269
22733476
20193950
21688470
31686759
67274057
29556629
56782083
73731320
52238697
34507800
32829805
31297317
54466756
29326899
22805554
42222599
31970703
28053444
57742243
46275803
27221228
38133240
32028571
28533149
38394638
26439766
45961492
43060426
39984950
22086008
26237455
42385908
42964938
74347624
22775589
51847773
31471987
32116251
44204054
44615061
57635597
42094328
22937103
33757722
64978075
23562492
47925968
34059337
35508111
21658829
38934626
24310853
27768579
67088661
44818522
44686447
36290170
25448236
39999167
49988792
18666827
32817332
22339836
38285208
30187506
18202769
53363050
49778708
28682033
26782075
25312878
13863398
23222673
47482198
41169230
35540111
41856204
32876575
33483922
34538204
22009247
26048587
25584064
50310914
55130100
22459232
38817521
21959262
36644404
33129048
24067531
58741707
34241120
24279498
23151114
51808068
26877740
48966352
30437421
40441862
25701042
34458526
27506174
51895891
45140761
32873709
35612322
38585274
24585913
34493196
69277350
52045769
31452825
37839790
25208729
37912313
42139441
35330601
38741133
33678914
18931337
43581615
22257133
28666822
38944951
47726015
34552347
33971222
16907430
29314455
57844458
41860497
24175275
16718474
28371495
50836481
68097434
42940582
39553318
59401547
43446215
52581516
22923288
46196955
44113681
28896162
48283603
35435962
28910388
62087931
20688161
57548441
18315129
37015956
44329063
41011475
35890399
56781332
48007765
39194599
32580407
53924437
26539630
33002116
37656895
44247570
65960068
28997222
84644153
55761794
49276438
24964248
57325554
45069444
40906928
26578169
28918646
57958700
25331188
22460186
28813218
26830015
42099427
31844849
23774038
24320628
64395129
34408036
23597853
45803396
18370237
29972760
27092446
28460801
35538980
37455308
32301140
27820263
40983111
64525515
24628029
33554583
28833170
30523960
26387707
54224958
27211458
18189070
31404131
59537665
29895709
59796216
49518407
44379673
57210423
23162710
73497301
30059134
25130850
30502742
27544084
44327984
60496578
19493223
45457707
39815720
32472389
23898331
26534193
49673578
53793483
49893487
21229943
45600050
23029716
33785337
35763168
37686702
24146933
31599837
38252163
31624736
39909042
33526696
27984071
26425931
25622506
43871311
40169564
40434349
35727676
65349926
53283115
68978931
24893266
48265421
32013313
22555902
37661965
36607366
41091843
58860706
51898427
63328320
58117314
32877245
39286838
35159844
53239109
18685492
22805769
51897465
25083952
55235112
34550760
27239462
28264206
27764861
19122728
19359605
20350856
40909676
26490316
51650889
34574207
21494488
13839653
48741894
36347378
31008837
39473238
30809591
67482527
29718846
53022034
70371898
39534428
54962277
21365818
67190415
33231313
40390962
25832885
27914746
33352762
58547418
34477837
58590598
51408729
43812967
32938762
44772593
28002647
55302687
40261613
31157882
27333989
27140216
44794212
68922136
32040815
28446991
60968593
22541337
36746014
38621299
18174802
50172057
32213677
52146605
34741524
15736071
41514076
66719274
48597392
60057221
18953459
43249672
79880896
22267219
28020482
28794348
43823177
25612310
23489486
15531490
22328597
47179619
18056788
25420629
44865466
35391121
53126646
32832887
40403692
30653887
20933540
29693320
20717783
54677670
24408841
40266911
52176266
54119118
32123624
29789383
30302482
16426864
32472695
23718904
39708771
38594574
30036755
55468751
23839951
12532044
38015317
24257978
50203537
21365419
17226334
40788114
29922881
53012541
44856276
21803511
38505275
20814233
40951688
56852413
30020034
35129236
56662675
26607171
30406294
30793515
18915952
25101332
21815883
42211459
19400079
74094294
35674176
53352957
22638417
51988077
35415850
30296404
30077665
25176647
29099068
50505125
47444264
22584432
16190671
62899726
21690205
36571285
34830457
32105901
40925137
26620221
41787031
28075069
40556001
48248463
41649574
72648460
39416875
49591172
31957745
18702905
47333480
34040431
30824212
93538491
42965591
60739824
72246653
22419246
27136964
26117145
75113978
45264433
19368681
28461564
54641563
38502283
35584556
32725937
16182637
22249339
49442339
24764446
38933908
26449200
29530643
57177003
57891902
25830020
28619027
61941794
22870111
22222828
45401558
35328965
37416736
31466933
48251056
39166629
21192310
33887461
22565250
27111508
22865105
36167376
25444170
41372021
26910695
28145937
62203724
24441550
27203571
30281570
34771058
31789528
29603773
72388801
37523792
64807192
53343462
28061412
56192077
55421929
49102609
41897825
29627431
45116173
50086913
35638579
16898318
50754412
21457328
66245425
35308538
40139164
49306964
44159665
33492390
29069999
22972471
18955930
25115565
41202168
56983058
44564044
30348257
24446247
20987400
18687792
58912752
43457447
69455722
49864262
21498997
47235180
27622737
63243552
18565340
25204929
50610886
50961613
23843531
27095552
42454172
39326987
24625745
29954223
41307647
19217430
30013091
35714254
29742354
17385994
32866102
52796072
21037824
43469434
33993089
26596227
26585094
29073620
49579275
35663290
79755087
29343387
38981813
34084497
47418148
27581812
26144088
35711052
38762425
52402700
23414350
74321315
52588872
57817865
56802390
41473442
20453137
29338218
21477033
21564185
24010925
51932149
16513400
17583947
48302082
66082530
51837328
20007946
39941418
23073577
42856054
24299940
26990967
54625810
24684229
19611177
38471085
58798718
48850871
37913398
29030542
22744374
17847953
43817149
33263749
43678910
32675177
41871834
25697294
56288647
36532993
32904659
37988948
47396155
30146075
26941949
31063617
33970523
24480667
28666317
27895818
31124540
30278534
44009469
27298698
62885010
23673597
42125400
28203399
31060890
46579351
37938886
32413536
29478760
25592840
58806816
44947792
13606076
21180877
25206317
75734431
52521840
28402284
29094137
48588925
27002264
40088076
50763609
19503442
27826265
66256299
24584102
45405152
57643213
38561708
16288655
39260698
38534904
29818097
44715470
50993936
72441931
50575088
31677668
20353783
41296936
31042382
43908205
36947369
29539082
36000305
19367790
36185603
44905212
30409407
21319650
36102421
17294338
36884516
42853435
33019493
35613193
37944916
48906122
24340886
51101407
26194820
25799066
25259644
26925968
25603857
34943274
55857436
92952263
29386650
41701456
41934677
73261173
27175335
23009417
34093338
64776964
21617110
38830218
20297281
32545273
54579310
29529372
28408585
36198105
47651132
29918178
28131246
39943108
28295639
14588957
24462752
19583323
49486165
43507326
45031611
37995779
43011854
46811669
39424316
54475212
54473887
46959124
66437345
27326100
25232040
53258025
44696626
22799965
37339709
34988487
24976566
29122154
41899967
26527847
22777344
46168970
26164476
76705223
58708395
41002957
47322129
33474583
29432782
35218340
23652815
60518446
44972431
29681849
61393942
53222784
36767609
45609303
28736576
21520639
30418595
42508449
42918074
32868431
54884537
36224536
40626946
35294703
13199082
29295080
35771270
28394093
34068332
23555838
26387254
40748748
38260415
47820224
25804821
19768880
25140013
38070041
42158344
32953915
30112532
39952438
81682450
31427024
40380438
20397233
34929313
41620793
34081441
39912074
31399641
30669296
46558816
32001416
34407109
29453208
36265584
34956649
49617200
33172845
79455899
24010304
72698650
30171736
44575253
77141332
28360254
28699266
53576887
28237456
23082800
29466047
26686617
37270974
37783765
22653361
65793467
42795067
16655688
53520358
28673272
47227599
50258979
29522744
87916814
19019747
45237208
41197151
51173559
20164106
77981515
24652449
35858380
54522342
33899605
36129841
53179082
30433624
25472846
33783379
49267088
25131638
38687066
20293503
21555637
34261337
39093604
51729612
37217591
27907266
36834880
23661873
24657147
36526198
37315214
42335744
65701371
25426168
35201669
34220773
21198099
33538874
22983818
23882367
19988547
39623947
28894339
48677827
15104350
35597767
60275963
36756087
29548839
53242780
45858904
32951433
13830661
29324842
16436582
46840345
52460295
34145125
64842681
45755947
38156624
31552870
45920487
70403736
40020825
44856749
17166887
26079121
14454848
26010251
40388810
42240358
25774377
34682109
16774435
27002120
20175754
31318998
81798363
32488525
46979144
31035448
18976560
32657111
22772733
67176817
43735007
24498004
31679267
15766751
20924938
27140356
20174114
35620856
26521615
29137111
26734853
23342628
52727017
18606954
41397705
41633077
27688851
27767784
17806141
20641167
24915997
35985681
31535099
33811640
30461992
47840307
29789227
27908254
39661704
51517220
54861869
36163419
61771934
20273759
20386884
37091252
27912753
36878230
39043240
60805886
28675489
33208234
40757858
39407807
43955745
44121659
17681190
51879839
49534383
21440806
28730651
25499602
54642948
41194737
36210102
48546298
40801778
35371524
21647586
34751605
42375770
38196438
32207552
25430979
25767148
38172326
31164165
25950405
26307130
33948597
47048851
19854235
25471554
38548514
18007698
33830706
30451866
49707834
19228446
37803610
35969596
27182480
21617671
51967690
42401189
66533323
69854019
33799145
27357432
29011829
34076411
29872276
35241128
25383985
39748654
54207251
18599832
21695994
34040830
29826248
30077469
25548344
32866975
31536455
22435193
18476765
32515615
35066789
34243032
23324587
65704007
45541557
33470221
23682921
26938081
43898818
37723787
20914925
25819016
56738014
45532073
40165134
82802228
20849138
31885080
33963377
34169698
46581895
54072420
59050945
78409664
57972195
36302005
34977392
53386896
37807172
50590450
34559646
33179466
18533618
59566093
19319657
37758731
40715827
45702302
33326839
42707614
37762035
28652896
44013341
71187571
29154927
51075854
20990708
40009531
32825053
32754665
25048211
60264009
20950699
40761903
32628160
38482572
39985064
27523962
58060755
32161388
25918199
32586964
66735595
67397551
33957052
26212866
50080416
78297258
38851586
43670131
34378295
33495961
34222833
40179020
37957950
37179752
53845638
41739621
25330649
20394877
37702619
34983887
27989955
20757023
65314679
39619514
32359717
40485492
67103618
44343299
42986074
25815015
30518905
23994812
43567542
62025146
20101392
42605993
31465424
52370771
18975076
44307289
32427279
18734873
42056496
28644961
16823570
19390540
34766766
28801521
64479318
39292569
37190667
23999740
62016115
18471833
32396430
33738565
17940449
28922842
32003106
39180532
36534017
21371038
17259148
32839450
35400375
52129324
32185195
31117427
46252673
45348539
23463133
20432592
52020364
40621933
31780978
62924888
39354023
34132958
40753156
47701062
39692957
42320557
36178413
24766589
27077633
40475914
22018075
27663472
26849703
34551239
34563357
25324279
28765148
40047048
48601676
74025264
46930282
34979916
33023327
28818006
23985375
23102843
19156188
29236330
29984117
22099447
33928263
31204571
31178073
70538524
51878532
42209036
27320718
23888476
38498494
25566294
68425004
28966037
45131145
44294310
33040394
40715961
33067613
37687327
39649638
29050920
58531737
33767552
16098773
33567586
26861432
27611909
49526713
58672720
58371059
51092852
46364966
38961825
48169875
19753447
51485956
36241432
51782892
35526823
40312667
23433350
46316376
34496235
35590238
30043818
21247699
27037978
47005438
37843957
42044902
26716502
19918971
32804873
28233394
20622868
16527161
36534246
46293005
49459460
67078130
30653408
25634194
38677853
38405779
30664369
44294654
43454030
32709931
19694679
32561393
33375427
56456958
34175994
33326177
18567308
43128510
32573366
59857477
27912557
39358967
33599042
12640670
67326268
42128811
19231509
33361636
33194895
61642428
25050190
27341763
38350483
36250341
37071939
20881057
56166126
32128651
21633535
33734684
32170669
20510662
30735696
58830503
37389459
28789658
33893436
29292706
45088063
32026821
45519017
56831169
13771899
28359587
21438857
30227231
27499260
28615532
27694862
44707818
33926053
67242367
25769010
23685183
24387998
17359213
27073033
46018349
28545514
46329827
30050476
32971103
48466106
44068817
33030571
20376396
58855062
36138718
20964371
30848082
31817137
24569984
36651413
50232678
36371018
28037006
29578773
22429001
27790262
25071590
23772327
48201448
20003130
14983205
16168761
33432372
34282524
31488691
32154552
23948757
35695204
40959839
27590370
27370736
81927394
81530583
41838990
39408663
29260936
27838026
26311894
31398793
28082933
19719961
39951347
43747470
29927454
42875388
25214471
23462702
52928074
26164346
51484153
33153999
33082690
26957167
28031053
23092159
42759980
32431083
43289537
30341319
28431529
45609776
27687259
22594557
19943785
40280736
26686775
30212264
44227640
27345596
35329940
30582029
56763733
32891388
27516842
50740015
37954446
26184799
34024266
29110465
77516441
35383619
24158850
38848464
39841768
28039009
36035855
48397685
19448402
28476571
31563535
26210816
77098567
38704824
40477497
28110240
39587145
47690086
23659707
30886185
30926994
38706767
29631637
43591021
23813765
39260775
54839312
50796086
35081179
40462725
36205860
61856456
29562879
44836683
36772434
48365178
51870444
19917310
55456957
48000508
36814263
36669343
63871260
41889253
60683454
39539924
25522476
25970742
52668129
33735634
63501198
35352556
51756378
30258020
32328928
42497129
19233067
34670658
47009344
32980392
26781043
72096547
35527517
34342842
57326093
30381982
33681497
22368280
43443157
36832465
23374291
54592271
33456479
57747164
31327093
55691916
23221660
26570822
26219328
47735976
25801940
21152718
61357627
46461921
65872205
22662070
33907311
43465160
29553047
22822854
43472656
26187536
36842752
64333364
36712770
34851626
47091690
34401710
27288146
27900282
32317387
69299226
33175431
23008123
49417919
17947079
39661393
37137677
21356546
48542791
45249252
32305110
45552559
16573908
63974294
41807050
41098628
34642527
40656718
40797004
55586305
34272844
39090450
40303039
50081584
33736659
41936305
27042763
31272260
49259880
56116975
20539592
47955150
19938238
48283721
33864808
55135958
24993974
46021652
21456784
27842050
45372992
12915403
33130507
19303316
63016420
41835206
24922322
26754390
33563660
36990675
65101316
40656959
43858829
44768218
43070744
22793849
26604982
36056020
49450811
57721364
40537368
19119021
38243772
24406498
40607487
38820849
44325203
42549344
37563194
30418189
31146431
29411393
46591131
46272835
25818900
19906199
23850936
48008548
50710707
32023462
54307986
32627708
66534772
18650802
27567237
44785635
48630562
58158928
51883441
37972410
43451798
37339659
28590986
29102826
25151572
29293764
49512200
32591775
28373900
29334890
41270210
74003237
14432723
32909030
62248502
54567678
23928579
24711975
36781442
52194167
38779936
48208901
39485739
41243735
38907745
35516760
21591977
27359135
32620805
36040423
18538264
65524603
30881254
40509680
48625960
42836524
25151721
29572630
31997953
31856125
46829965
54852010
53196145
44411772
32971109
44301651
37524648
50201746
67813848
54538927
36768517
50044573
52282044
21618316
27107462
38499743
23837226
35602244
25881924
37258652
46498220
20102861
40526341
34111907
67118634
48252500
56271274
34383651
58195018
44161530
17093753
35391884
29010992
55711440
35020098
62090472
76866061
42496904
34376284
26820657
37135224
32863848
49307456
30679879
34896008
37923062
35306771
54127569
39145869
15671080
28865879
66326260
46242585
28557743
20667180
32437296
45188209
56379129
20664159
32398514
29061114
39057842
32057470
37305660
43444020
16381768
24671666
21776315
36326770
42182116
37751275
80864696
45138167
73183180
28960685
29147502
27490192
23526690
26988943
38469960
44954407
27933387
40234812
48885431
48296577
62678964
26818067
46386004
35151432
15106021
43881813
31884628
33037858
26141910
30439275
41233329
26703298
23002880
25285791
39409542
38312819
58660384
42146008
54623406
58692584
18563889
16562332
32474653
31974423
31005853
38322006
36417855
59648733
35990761
50174122
19259124
34670251
38497293
40202772
40009322
66103435
24524872
33187780
32792165
31925453
20780860
32251029
28185548
43067322
23032040
26631265
41443661
36435142
47539709
37590804
13369967
21553039
25868561
55636706
51610955
40295720
54692374
20888391
59567312
26757899
77519648
26423182
22500800
40801646
31187355
42112016
35793162
23266898
38000436
41821479
20650559
40743087
25619941
20193730
47092799
26079099
27603787
26313458
52588808
28636202
56320648
16752108
43006001
26407494
25089735
23803320
36826493
70852808
54455515
38636936
54057893
19652385
36368576
28282677
33796611
42258961
65308812
31869321
26685745
27861029
39617715
35876311
41690668
24834682
37248237
32650202
50690499
14296773
34516253
40704676
81416772
37118464
26586139
23027511
46667338
40462256
72587806
27642013
60429853
35566722
51899535
25051109
37742701
39227434
50239435
23907331
70423645
50981442
22979347
52664927
34260548
22284542
43949345
32727144
44565842
54339022
37907417
28727932
26020181
41457152
45327675
21527326
30000365
17055095
23817191
25753284
38972080
34573393
20168798
25200012
50042981
37951464
54016123
36314039
21037482
51824401
49973006
17910378
27586909
35900931
41621364
51522175
21944912
23067659
42054062
61074598
43016689
18927545
38658719
23619833
60281347
44957607
30024791
23471582
50927838
39645279
73343794
64620046
27831577
20769274
21893114
31464652
65545520
29647160
22492847
26964844
43707548
32026792
18949092
65016273
31349501
17827961
27583962
32296615
30183558
28637538
33133263
29820852
51066790
37151049
30861817
26755495
21960993
32680822
93335232
23695927
65754825
29500299
44659927
26283001
28485779
57282018
44609457
42923686
90329179
16699911
64224430
38325157
56558500
32339178
30422961
33896763
52742551
70117081
24545712
22949323
40302827
23673484
17407372
94901846
45114474
37687427
38449189
59464005
26500956
31223648
34895905
36939628
28268566
75123407
51625828
49541386
42347201
35210885
36739513
25026625
67717296
27192797
28975507
44185583
77708783
47197536
45761758
46643653
25257920
32497056
24741224
35814622
44510862
28199132
27357600
76774164
24138035
59831482
67864783
74602727
19910361
33212635
40870325
26377991
40931670
34909911
40054745
55672708
54929562
40466629
34750153
29532606
71085373
48334623
54934903
29943545
55012517
36555845
28600747
27159404
43010882
26294768
36825870
76426354
46563715
36436172
65030638
51857837
29249554
29836187
64148226
31070805
41071275
40632490
58320288
32768184
27245031
32340910
38761779
30147911
61372589
38875295
57667041
58876880
23501712
59816530
13169643
37926914
13837108
77197608
41079327
24551313
48545245
23044463
35972867
43822893
33703981
44406347
26708752
13995901
48014708
39934016
17112776
23244473
23961414
32745918
44954941
17253821
23496821
59424238
45325890
25991127
46480390
28970811
27640549
42337397
15101374
16640755
43388929
28280953
24551035
28793667
53818754
29587028
24658295
42755681
46468742
34762715
30010312
35793961
64665208
66711329
34013044
25575951
34228734
47037592
32576611
29382361
38580308
30192678
37019539
33271698
20839746
27519287
53681648
34003002
34612003
21580880
36552017
41365943
17882720
58895714
39000685
44171344
31394840
18557129
59163328
31570650
56999071
36788949
20341405
41880995
25373247
32736139
18709027
27489820
46607093
37226386
67838459
54683183
42183330
32785623
52264740
36279168
37798466
28013186
34839537
78871073
29071449
68852148
12859477
49901349
31278930
33665932
38168714
24753513
50839159
30615053
48396051
41534624
59838522
51773457
24729241
34610747
48069138
27105247
29225235
25027234
35641115
18131167
32754568
34578253
37519224
17322157
90352417
33282137
48908671
40893988
25712919
48354520
31095162
30329431
30693645
87869365
53853712
61428326
34225223
36859610
38901515
33233979
53075989
21101534
18378220
57185781
54659922
43699511
41575850
57159623
29349908
23843725
43626796
53647820
19003173
33804326
47220474
17919768
37949583
50191434
38809890
27124685
25400505
60013680
42500403
40426612
31847516
37285705
31882998
45586325
45086574
42973357
42149492
42711835
52491902
28768804
36775001
18563075
31369403
29873017
45493032
43552027
34405028
29590731
63960519
35014320
17761032
35923527
65895912
71456191
35389652
31125635
35300049
44277025
63446268
23572921
30597604
23257059
33912471
23347769
48590724
32616345
20107240
38014236
44281407
42032686
47684465
22415557
20023021
51989225
54964044
32742642
41850318
37745412
45405591
27382279
25091866
49268898
33689615
23239540
27505543
19349165
35335050
50559812
28600053
22006734
47038351
32841349
25794698
76443210
42344063
34048656
24884039
41724376
20659767
35357513
27419503
46189054
24746715
12910865
41701786
30737908
46110646
37072446
56417111
28424647
23324732
86375460
48810187
26131245
75958874
56473264
25610907
48633356
40522265
44349204
31545517
49094471
24501335
23723031
34040283
49817350
43266644
23907649
19299753
32777327
42162731
20622055
18813425
36911394
27825662
19988313
20518325
29943119
58461470
26127863
39176320
53162604
28501968
37912358
47110150
18705201
51509585
25164408
23682013
49736184
27756414
25593864
56913834
46343320
46496238
37372946
29400647
31355934
18968958
26607218
37812905
34937622
32522812
40285780
35160119
37100125
54716335
45241459
19251220
19774646
34599945
42784426
34877931
30096550
20708797
22965732
29003449
36972569
54510763
37073467
45778630
47702362
28556480
44684183
14975259
32071287
52576257
50778027
36751627
40656935
35405251
24723683
41879731
51953083
55948891
31674791
30487367
58483685
36683026
68357158
55200726
33978649
23316964
34427431
22884333
75748539
39388210
16686364
48417643
37209312
40705466
32005951
34198264
31944858
38405718
25916398
40007634
54759636
40449243
23045746
18777765
26436913
21770003
24576625
36637902
48248769
23090543
26783319
20583493
17185393
28701218
35651055
21164366
43128569
21002804
27617627
37565848
67063945
31227699
28650188
31733481
26887754
29388555
32554477
27109456
44451998
23423860
28701048
23529671
25636958
42601750
35560310
25285397
45589191
33566428
33145137
79403828
38351754
42796756
46122263
42741503
27659787
31315546
72328100
24993006
18390613
28801156
50503733
24768577
28988239
35006190
32833445
28662594
28689805
25185116
17698159
27860768
28406293
23932536
31129362
30104671
29064449
38550840
32817874
43137371
66358392
21325985
88236701
51937923
46463894
30191114
48769558
23493240
19617227
54533683
47463906
56738074
31286260
24708621
30217669
24271962
30016298
47243553
51562600
18891503
22453675
56109914
46068297
45098406
25555742
44032461
35457769
41188058
54608117
52776557
62022198
22847912
48118544
31998955
29312980
24070895
22294234
32381889
64890164
25090564
59222191
42459840
35355057
21441050
29851955
60970231
63210220
37768880
24029360
24452886
78106895
32549187
52103148
16424480
23454945
54497152
43038316
53073428
46183064
17530009
47559317
29667533
40934295
47019226
42783476
30280779
29105691
33211229
40554648
33572497
39816026
41529568
30451201
35506308
22074009
75340678
19739129
31003735
27747276
25775712
21253590
52139001
26483039
21416864
38338852
29959090
31888051
50083749
45429957
36488376
26750839
22727133
47594071
71972397
59282629
29155755
51360171
32389397
25888759
26915549
28382295
38467947
43878203
63443805
25530033
42922793
39633339
52938576
18413772
26686388
28918247
22207526
39247930
13349632
42768993
27525982
19992727
23837175
37909386
42930003
28159890
29882672
31285036
32982695
46166066
43217049
40022555
48386570
66420960
25006005
26130991
23752411
36194954
35113494
26513730
53873873
46090699
50924993
28202590
73988484
42942271
31934606
21287124
32404098
26081379
52357084
35102037
20843629
29743485
12907211
38731408
41384781
53075927
39242506
29313405
33146965
60782545
18722193
39174957
21166601
29316164
28096348
30672404
57451960
25381239
26385089
43623703
54125204
40120212
23095607
17328974
41675674
48056244
26848063
37302224
43222576
35720138
35440763
36567794
39337885
53575146
40129969
26942472
35053798
24871051
34599627
33857463
27424001
41814269
41669598
56157490
43347586
55290977
33058007
79391498
38557181
42262246
39512338
30507333
41436863
23447444
25118374
19553504
46791693
54023721
26079896
22349576
43638593
43107934
28087044
28766910
19342381
28259375
46200164
37983992
58497067
24353495
29309647
56315414
31458790
35924841
46144125
44642893
36327616
39830064
20694556
67660337
24814743
44945438
26272293
65740443
62086202
27219221
38460302
63548506
42513873
24023767
26749133
65632151
35097167
23540288
34578390
26192700
50560965
24992781
30722705
45102322
50891391
41139921
28001582
28809110
64234683
38740527
24334450
45914247
42423197
23618922
21361732
26463106
53660775
31131183
40036210
35965364
95018902
27915960
54311695
48812878
21947829
49059221
26286699
19997579
51048178
54547066
33779737
61426217
59618054
61531916
49060411
45901222
29900351
22885338
75877732
48067617
35541885
32599348
33602915
27127117
38131270
33885228
27795175
39095940
24371013
36574530
21880673
20796414
43384240
23019455
42681424
34867796
35545207
34907718
35225351
34583182
33761979
21251407
40057872
32667511
20999747
28090306
33028049
60405783
31034356
29001457
27524160
30815831
27106525
34837674
15441811
61808962
53985100
11916589
36002483
23669271
58041333
61539188
55985136
47583157
61427602
68784482
34225760
36742403
31954921
51133750
21480495
45804390
52649270
27415287
40326497
24691021
68175018
51759774
74455522
27721551
22126002
50428218
54891586
109933827
90679139
37665109
27429530
61368163
32033852
34065403
46598141
39216753
27646523
32942627
37038989
17148985
78167259
15329008
40366422
35716156
37466667
26960235
29568633
31993915
29332645
46156586
24518663
26175566
23077967
26058189
19375646
38540806
26904082
44833570
40596495
21816817
28559683
21638720
80755963
22229925
37526569
34435681
62110300
86460565
28702811
25880805
24323983
36283721
28108860
49419887
34932743
29102360
27124722
18000560
34622167
49815627
41649845
27589482
30586108
21906697
44669532
15026634
29711904
51457265
36390851
44756001
31050041
47832524
61202946
33344109
46030072
38498062
53477465
42280290
26613057
37279148
38726906
52110693
37916699
39716893
38822636
43307121
32345839
32995964
41143833
67037338
31551758
17905099
26175729
26070347
60331954
23811927
19919022
31533353
57153454
64731246
43363741
38861130
33339914
21345694
51442344
45085331
27663483
16383049
47413484
34117086
32816727
27933476
55515850
40364491
17712358
23553840
24214764
37449418
40489360
29442481
17922568
26406618
36576590
22214283
40953859
22347456
62872707
52385743
42953583
19205825
28008787
41222910
85873905
46239374
40396204
30455578
26091480
19049303
37678979
48235204
54157119
35243603
32543436
40175028
50312178
24271526
45172352
60405887
24114744
22414729
38272200
29037906
36565082
29619155
37896485
39584081
56692941
41973933
32517264
17810557
26770311
29712686
42724617
28208673
28651259
54055285
46121067
39641290
47357822
56992387
35663525
36056532
47976765
29360753
61419196
31163362
49930878
21739753
20675073
24304825
30296540
37050016
39165400
76018787
37985319
49833809
28359754
27318029
46762081
42929477
26093076
34681194
30417208
53362165
42106585
42664182
33975446
39005175
32629951
28208939
19004396
45001726
44600913
36755397
51041475
23198292
20038618
45012271
50740625
23249663
44006574
49969139
54732737
32271930
28505645
33969778
28571097
34786958
59992107
27684588
44396961
40114959
29730820
28537348
43515785
35400616
27669251
50794534
18959800
34963321
21033076
68032903
33180709
52482217
31992414
20648822
42623998
57252186
30522003
54223781
57645063
37369079
27812709
54845086
30554050
91052632
36985206
20029465
29046064
39003584
28830891
21245410
42471521
34235574
22298150
29030603
38625412
39234456
54415118
46208366
46587216
26386247
35935439
40603425
40637185
40030991
39779000
56537865
32585188
14166757
69160460
48252862
47826440
35405916
34175470
27187273
38768321
28880386
41366717
48968629
30605923
39170721
40100487
32304191
24849353
30789835
18795652
20605103
44119198
35128457
19263964
52900646
31350332
63076800
26900705
29001066
28213370
31001868
25697132
62517628
50838708
28410896
54454379
30077075
24971570
29406551
52479057
39418100
22670852
49206333
39472414
56540705
25821281
42395366
55073129
48045433
21803815
34119363
41463963
29357348
40202944
44398237
32046251
45734783
16889018
28747472
51074067
45423158
23014061
43723851
23542416
35391553
35910949
36143024
39888686
41690591
24055301
31320673
24090625
34138240
21029269
38298348
37503757
24939084
35720102
35794712
36996199
53766561
37356897
29767892
56187823
29691454
38911361
20877566
25919799
17224099
24254652
38048028
37919721
34276387
24565473
28949163
40775762
31950786
47160129
21410007
39624497
22636310
35459213
32611476
38891083
21985749
32269517
24941132
39451761
28944393
35590531
37839460
40543978
53959337
30181727
29477552
34941119
35446126
33120398
29822697
24902920
30085145
40903920
33366763
31729939
23594521
40573823
23812156
24171170
24133506
16337151
26630897
14919648
42156606
28308186
31099366
32945810
42702705
29135489
30086103
31371800
16728355
18750936
51351305
30509842
20339385
34437037
47381814
26022256
36111069
25869767
33954557
53577828
53407031
55803823
41162396
29405442
33278254
22510439
45276429
19939378
21973356
38986668
33391338
33777794
44520562
19899376
51006340
79269920
43060310
52581840
33639464
30220095
32257419
44324133
37084085
39340471
20367858
35145398
54406151
58452029
35897731
39518898
31366008
56297663
51239609
31795765
37928523
29984983
31731233
33948172
51823779
25837622
27383555
36328886
29929828
63816142
32499610
23259384
29767453
27799627
30601683
33757434
31831693
26838902
22923641
35319042
31666563
46282988
51391737
54585642
19145438
55546777
19049226
39541099
38937185
26007602
23914342
32232187
35755734
22018307
43811748
29548005
42301854
33093899
30703737
23620444
56318187
24902627
25416998
49769501
35437941
44534655
26328137
57038457
63104242
53466783
33873902
26693590
34849296
26533996
33584370
25105167
23348911
45122802
38376251
37028671
30093590
37679427
32683383
24519280
54166620
55647426
52074477
43593965
26454429
61163414
27962083
44502779
34619551
47725438
28984700
42980652
40021704
48506656
24924366
43986325
68787694
56459455
42157412
28104506
35552142
34657963
46210253
20868575
38132488
22764678
26494874
45067482
36366231
27634770
38636168
30610883
20650124
40369452
25760303
38872895
39710951
10956003
37821936
28413437
32472076
45471685
112781562
26595441
22793695
35695526
31751801
24828745
31114476
46856961
42434435
28167188
31437056
82168222
20814002
32971752
34803630
46796565
53745258
43175205
21708435
31131524
56671307
18611476
32299938
40049018
20591484
29328973
25199915
28166278
41642859
41053114
35409885
46375148
41777475
45124632
40913637
48919844
25694210
19118014
23963690
34824607
32413121
31492740
30579169
40064731
34040150
19023517
21925570
26948901
46867501
35324618
33610791
39484487
60106529
36589874
52130295
24521700
29356965
32140931
35260840
18044584
51473036
45724779
27309100
42479904
21825528
36780320
33303534
43447662
39243001
21403471
29117332
44524269
35571079
30017086
42701036
48345112
43782867
34420894
39958537
60049095
35354094
23719155
32549484
33503317
31434174
36637502
23659232
35911805
36715018
34112174
29021719
41624839
32879247
28015555
25127436
21087906
31235500
33034721
29588683
37452497
54719216
45867999
23272174
26466992
50181262
61854709
33033930
21705753
37551424
38885229
47643793
23256187
27430096
49951252
37602644
32143937
22298294
14166787
22445078
36977367
24704708
51558946
35798067
39431406
13895188
25880300
62663467
24909206
41772541
24481320
40345846
60295366
31294983
39470182
77296803
18377609
28436625
28694260
56487191
51487589
34285143
40445420
32173470
22493632
36562263
27643849
55507295
25326435
49078443
30670003
17129787
25584167
38905671
34819270
36617570
20478854
28041173
29358137
27928329
31294693
50516327
28332405
44608547
72338336
55453991
29185868
22113564
31852793
62259577
55701484
56521449
38202008
28870621
46237142
38349023
54950381
42767006
26781496
35615246
46111909
39981725
27149132
25144519
34745038
24807987
33669727
28436844
19242409
24934011
64923892
45862600
26459164
81125042
43849392
24085713
40445379
24751191
23138506
22898019
36982953
48519084
43249495
25173142
44389403
22149990
29767344
21420747
23291609
78090611
40604911
34620287
50961160
52205482
26283314
32899021
45494149
29173820
36288483
20020954
28218447
27917706
30399831
30195387
19283808
23021729
27822444
33081366
39381855
26092600
22902392
26811938
43250480
22230693
36665724
44788848
33208151
24930227
44923861
29719396
35017680
27394107
15032457
15546240
42120634
43879576
31263192
45352146
47388401
16934758
30264944
26775695
15864108
54606210
28597262
53628066
38133236
39711667
43471233
33865430
53644761
31919940
44288734
33321587
25687220
32739318
39139279
26724762
38412460
64533976
70491613
33805296
46352516
46575481
32110973
25168055
28384184
22214521
30662194
46783763
25597341
22856945
23831944
31388480
68267893
35700624
29188447
66244541
30626167
29140568
54044019
33475973
29918032
35902662
75537805
28370353
42778531
29375215
57648367
39868434
32376159
34640230
52089170
49850209
32539211
23404808
38142864
42668544
41226349
95369142
23139595
37965508
18740754
16046229
29649040
28868682
36436352
29603793
46833876
27076718
45105058
26119921
18014362
18982086
51299716
41481452
38410112
34257802
41224369
65847283
31844654
46936369
38109608
64754219
30772875
20433160
18838962
30797443
52437799
29812309
32222377
37048867
59315822
22121277
22933862
59931857
37018704
38718700
37566052
52826196
21242399
23161324
21955885
38897769
30185286
27482588
14788713
27640755
38681290
22967625
41184402
21587523
27692720
37985479
45921704
53249276
21558829
32808429
32619537
39239769
35971304
21076101
28477651
40900959
39109946
64440205
37384370
47603756
49282066
26278761
19025564
26357440
35530472
44958325
22528325
48465711
23331208
48317352
43733057
35583622
50933026
35950765
43680588
58159469
43289273
71008796
36715585
36147762
61861201
26238798
18956157
43960619
24848288
60773062
38335614
46922451
23581283
16735745
69495266
31173316
48416814
44644834
41336931
29085058
34107109
36664958
40358211
26356111
41241354
26813100
31945322
26436466
37356784
30416799
32239652
23562855
34456407
31435622
18297046
28234843
26725819
51725120
50280976
35467634
35716520
39165710
45854080
21836922
24073847
26863426
48904242
46594127
41075630
55674850
43293671
63363144
34434814
19105702
48520525
44025345
32412237
36818184
29987643
44484335
66937201
61794586
72446257
22316275
20449541
45869704
20740958
47185585
38337359
18571444
19661278
34755400
39466018
33665668
59999506
39427323
32687404
35236537
20805628
46206469
26796962
61729552
34166487
44579255
24515054
49994575
31925197
49594619
28222001
20102699
35856816
41100235
20619663
28270107
23406486
21633189
42100184
47640346
50895457
76550825
40901398
30910527
44315108
50290346
25640744
52412338
15982822
25497408
47881530
34367536
29618563
25627515
31565241
20047362
25119408
33615994
32424477
16201670
37698822
21367281
55061856
56313607
39811332
40398857
37049140
47282105
49630044
19683813
34283659
35704329
24215448
18413506
41891396
31770695
28404440
16316465
31737577
49422876
51700664
24963624
40359389
22441254
41571334
32159622
35000953
22478838
21244705
22966921
24869254
29558373
31846052
27225372
43773563
13369625
20854234
40277024
63352341
20502192
65977957
24149073
47449022
24987161
38242126
38386428
36591342
20994598
38055292
26021711
25450480
14142226
31085685
26822067
23553354
29399762
29312620
48426268
77161939
34516251
58899968
27606990
33779039
40054287
43910504
89670737
68077812
39328581
60526335
22175889
23218788
77990169
32815728
87505027
51918566
20378958
82664707
55038244
57187397
29435437
42159690
18734066
30343796
28364342
23640586
48768460
19590448
50066181
31410023
40694054
27591672
32372178
38771588
46169286
28676066
53940056
61664793
49935289
23692335
32406833
36421968
37136211
22967427
44046204
58600171
54641009
41976164
55208942
16108012
28573974
25681272
41205172
37257241
33689061
49593164
42969560
15344717
28371217
64095474
26212900
56395584
52829872
32871386
50028669
39699438
31253843
47606738
62197375
53776138
27766861
34632890
38559490
26444512
32365244
24382670
31239047
24867581
37883993
36524561
25549198
39596284
29088822
34536271
27744219
29805898
64888781
42780498
25094669
28432072
23680682
31170557
51485558
33527507
35702867
54048898
43419570
22407224
65784181
19582572
23175668
26874292
34458725
41378411
36418192
48921945
21203589
30795536
35209158
42274995
47130500
54511417
26177847
25530630
48909900
24049554
33517529
20588558
37357398
30659769
23749920
26081933
34651780
40706041
34406284
29284004
26844358
58373811
50735907
54978231
47188185
30789291
34235071
52686999
37005313
31008724
29941585
44310972
37175995
37477971
70518288
39794408
41218391
42329195
39859712
38972538
18119360
36291634
25617878
17596040
28244618
25145944
94364769
26042840
37453569
29719397
32697748
26304006
24550928
28771422
32999244
26935309
30091677
30464407
28192242
36290430
33192416
32738100
51358794
36589730
25034204
27747450
37778002
39691677
47654067
30817910
27678966
22651794
37713642
18775524
38869872
23941002
39625492
65808720
59073996
46285336
33405023
35036264
37968367
24843083
30564152
59515622
46426978
24838014
37126756
33919278
60014153
57187605
43194679
20760939
29451044
30371705
20460349
38460593
30079708
49396023
62451948
22337172
52284016
42716698
30930952
44748234
70323617
52207342
28689755
33516484
44293785
23191312
40686604
34041935
39509112
29672355
35743186
26463953
36776491
32556424
45773606
37218784
25097508
32509506
46595102
22810453
32185422
39506553
32673276
23692470
70468055
15720487
52809524
49629244
59068332
37660419
24596217
76588446
47885325
67401834
29518607
56135438
21995663
49664729
60530771
28816242
31347416
24717176
42436807
73751338
39232205
17269483
38661299
26377082
35966306
20079943
21102601
16528223
28047382
41714652
41683067
84563107
35126696
26832228
25091176
59344711
30246918
76464662
22054936
23256125
47544547
41724098
29737225
55621407
18370516
40805247
31126056
31993405
63137935
26691999
32791066
31569856
24374071
32733513
29703684
47228214
41869448
40909382
24794789
32236456
31418904
41218648
24559444
16709790
27940437
41887493
21503352
40406739
58116345
21797752
32353688
38703183
24997812
15404341
17723554
41539167
36999514
30520763
39245619
39940126
25509319
28355870
31718430
20986164
28314400
19759113
37638367
25736530
50466727
16160259
42072798
26644870
58122486
49919337
36897936
21506506
46857832
32562154
42051108
39396699
41532514
56898197
54269611
22651228
40192216
50940429
41516780
28914264
24844475
24915523
39168307
27656796
27912246
30001544
31056307
63222765
29683163
33395975
31244061
23210647
25529937
21945125
38833381
54768614
31214743
31758113
30741692
53231428
26172930
35816758
45609408
44496239
24483766
20621064
57265314
33779633
34324186
33393593
34693658
14968719
49350866
32765517
39710011
35367351
41883182
25406004
43855137
65698774
24634909
24396925
38528249
50360050
83631855
21003925
42032569
64570010
24939304
24777414
36884875
41206002
36475683
28233282
49494356
35314579
38152223
30780829
56906684
39918073
34639167
35526681
38855945
21579900
50443201
28943333
46317337
32258192
37087183
20900887
25530155
33111532
45705103
33493640
27283366
31379153
22599462
33175699
30408604
28008860
35587880
30353162
28323017
34131028
23459361
16033161
25498482
34472111
26115842
44383330
43274725
31103247
44396195
55295980
26066497
14298753
29535238
38479213
36743290
49297747
23951751
36195573
47159394
39110714
36491072
48088688
36945993
25145836
32644732
30658457
30680547
34056439
35018155
42994452
42389224
24199378
34245722
57159813
54674156
25628759
28358931
51907284
42085575
21159592
23550197
41272061
49362484
83695559
24450953
64550854
70138726
57813192
67127970
32872598
41642567
48291271
33757773
21159707
71917588
32437991
16629741
25879443
47770680
61429877
33214000
49210418
26704650
34118749
26228717
36960796
33290960
66838878
36603684
15875238
33058297
26336172
39755340
16476983
51306196
30747374
27842106
32739508
23608555
20200346
56018841
22951535
47205013
58716544
60941578
28335148
53709491
25059209
23129826
33603625
37125935
38893525
46619280
47718541
32777386
29830148
47371017
38346289
31389311
41481996
38010919
38121044
69067735
59278883
33729144
31101154
26948496
25908387
21463099
20935527
21313043
39170162
26629110
51509197
39331629
52517749
63932755
54529659
48273372
48550891
36162730
25280812
47592898
43853633
20718919
37522687
39066728
29336183
65018019
33398022
34374107
61467866
38646869
31388820
29425612
30997919
26200508
32093409
42991463
36144731
47092087
40738518
42680720
27771914
36810695
62487293
47212397
39564085
28144382
42803687
38928637
42772118
24849443
24312556
33658894
41553760
35442347
41787493
44898632
29141526
21126144
39806527
31991708
37351891
47341371
31914828
14905609
32240157
25847007
43573850
38117668
28615806
52344469
52108542
27950547
52528097
40224306
43045179
54742461
42609824
33909197
31475093
36610289
32331449
21098562
54798059
27397308
23123991
41786558
23556832
45816111
30550452
49887279
37524134
37243882
19230516
49262134
42036884
39341730
22552136
29096892
31264482
34832391
23553902
46814384
28182526
33346755
32274009
28678199
27272541
26697580
39236196
27924118
40265837
28876372
38311441
50921936
25492315
26259831
27638604
27445420
70255575
31775439
26504228
37296401
37109565
24597683
38506365
44875364
32824535
60416216
36644528
61984893
37495918
55701032
19967075
18667545
42661031
24254297
67491211
31965029
41744067
54298874
22643658
59480685
32820759
23520946
54904797
41928499
31211227
29587251
47803783
24049230
21307162
37901695
41768384
45636380
23569653
35933368
41390323
40902939
25108259
31793882
30475034
39065760
54660789
27013033
24781570
28469313
39582819
26799756
34288152
33699696
29969028
53698638
64970936
11844698
41169952
43322875
34713334
26923746
20261981
22724073
24347039
34434890
41022985
22847646
81291849
29945117
26002156
29369431
21608577
34885185
54516722
77286396
33881140
49732800
38647004
54143199
21891245
38739490
21451229
23670936
32398428
25383951
32347189
41297168
32944762
20554706
44879661
14813839
32593978
32051897
32250644
52478550
13573479
26277771
22965161
23234116
54954191
34345307
36128632
28591405
36090780
18934944
31389155
44218496
27514945
47558951
34590219
30920726
60268762
27925371
34677498
33609604
54626710
23302198
30685139
42016958
28010192
29847935
19905594
41199338
39448034
34514029
45186851
22861759
60528755
38251685
33757245
35828305
21685360
48878064
29983955
43102378
33481731
51641017
46855538
63637296
59068712
38163807
56575100
22740323
48731913
53020158
30200932
31921886
31864958
31992918
14983628
23604292
24154439
38676043
37128548
26544726
33434072
31786376
49266713
44499987
34147352
45976167
29998669
66464240
26297249
32569844
22161016
25411107
19153183
31573522
38761118
32693004
30112194
38276737
40375288
46009174
31756108
26905616
21345992
27605711
21101737
64341845
50614394
17404655
34866928
25649021
30095974
21542403
75196342
41699729
93753558
35336250
64365153
43312524
18175323
66205698
59186507
34819246
25258655
46242350
41941020
33950238
36413118
36420516
49289089
32327319
80239499
33315066
39587181
23837725
35583525
26929445
30040652
82709101
50069102
41868530
58608241
30717428
52965726
33075575
34357524
57991229
49467541
48228575
33454723
57560091
18920703
58565409
28234724
33972920
44207862
23400244
33110173
52500519
39350477
76795273
45042337
46006454
73102623
39658237
22750248
31040265
60270860
29473996
33103277
36469206
21641953
38364176
29955091
21141403
48674681
46911075
38725529
31015047
47261372
46167277
47123357
38639773
47015075
33958825
27173930
32391347
28958172
46182150
43558136
36671277
25797491
47039059
41585913
36547814
43507367
26687302
73181332
39574622
31654564
31950663
26179835
24793261
20848359
49512812
27406036
30671513
42115890
27727650
33359861
28962483
29365290
57651283
41166260
33533249
44637099
21108110
24161779
28073390
30022969
45536099
46678569
39913785
44380339
25918841
41387987
64325117
68461967
47603197
26859267
39096987
27781868
26516738
16844904
30750249
37456137
21494246
40962799
53620896
24778708
39413087
34130567
35888915
44366700
18382899
31143739
42066811
25706210
18912947
29551127
31235212
27704563
30537987
36120271
42145513
28686877
37330500
22751986
23884140
67668015
38684159
36608135
28292543
24469672
36487065
56979940
33720325
36516297
21423124
30756508
29239392
27418886
70625956
59022115
30046214
29269503
41626569
47569283
28454224
41268445
102709109
24295792
24246242
36286956
24636567
24707098
28998219
40324756
34797813
68506006
47627959
23890985
33744715
28888113
30876851
20282538
28859958
23021872
38834573
32670974
35984060
66221011
28850098
57328664
36389373
37249237
30184337
35638818
55427417
43628432
48073590
52111189
43052181
33333178
20182148
89914765
24849388
50375619
19459904
21989960
18433551
34264605
42239465
75191626
20592700
32389962
34814905
38044135
30274809
42673259
36885301
38019409
29390196
46105161
28724487
45435846
28879968
21605820
56556994
28179091
62828612
54656994
42296213
19804274
88449237
44706516
29629253
45039936
21324162
57644209
39196246
28912802
21424469
24806826
24501247
46282176
99052142
40520655
22239769
42389425
37636980
28792692
26733876
24545554
55294016
30156856
21078493
41010296
36895302
18605703
28146590
32672586
22513370
52875800
51579794
25174925
38784080
32364012
77594365
32018776
38506458
55735924
41762881
43400276
64151170
42808803
50211794
20958892
24345300
27149173
49266855
24017527
60515257
22205433
44668331
20522636
36426962
38182251
24832001
75970114
43533159
55545437
28361342
91869232
36130256
46759899
36119113
45370715
42371475
33593512
48550294
20286481
37260370
17306768
28614717
30934854
21168806
35017379
49576503
23332189
33800189
25926388
59382389
31210954
33054174
51976253
18568017
65440399
49444296
34612861
27906899
23650348
24429968
17970746
30267163
35063620
28653780
28766271
38487218
34902571
32569688
19069187
20167488
65704754
18637895
37693389
29693560
46775564
31594832
67234340
68139327
48996035
54166659
17674170
61779415
37615074
26605113
35002074
37391591
23702130
24784567
22297473
36556942
32078254
75727829
22331311
18465302
31542309
20795692
22125021
24098836
39442786
25592998
27468457
35945021
23220868
50661729
29042230
28216574
21759331
38002599
43155694
18674209
16751994
38963268
56724674
33244920
24184071
43548668
33025198
42889186
57609059
30969223
30684740
25660366
19083734
22360412
48144127
24468345
59767405
52282156
69010438
29080744
28748978
67150831
37286013
40603842
42355575
31784316
46980370
15561550
34343425
40421826
34920867
35273879
37758387
34280853
38282601
38352432
30438159
33160651
25577143
29714273
23580825
26722804
26333020
41880032
25128592
15154099
24605155
35628592
30198670
20106702
42408875
37912663
33401554
18726185
33537409
40305076
33283032
18571469
18359715
43648795
49230062
46582851
20373882
36349699
54573716
56508241
23624722
21568048
51053079
55892710
27141793
32194339
37079029
26168873
51591306
25665296
34420358
21565798
31820614
47631262
32195884
46687893
41422889
51256179
32317236
61936786
23795144
37253789
27146075
21782938
17144011
33287810
27451180
34326256
37771289
91108938
43429134
52320428
18012749
25375632
32064405
25450545
89514491
39181106
45450141
20800648
20432637
28677654
59822962
29874252
29599650
25549139
21908092
36802306
26353708
33249320
35856939
21482027
32579048
45632337
37213569
16765658
66182686
33671232
31249082
45829102
23368397
43259512
20871623
40753142
48502793
34452640
26243697
29392888
75647857
36272667
57045363
29830551
36878443
23172467
26063814
24566338
37680654
37092179
37702297
28468781
48881870
22055909
24164599
21985695
25397686
44866615
33512985
58626662
37097123
33299836
38350878
51295143
35647306
47817196
31071027
31471909
20237514
19961975
14689628
22031209
39389553
20939501
34228654
36287985
23990407
68213593
46992668
20841545
66645894
37598312
16952048
45308847
31411096
19106240
41160056
18035796
38181203
55601546
35585883
34567172
21216921
33063687
31842612
33731906
26919868
49477047
59194775
29533946
34483193
19084331
43821898
19389832
19883889
17399104
52353539
40228621
38164700
43937572
48025562
25616517
24765629
27816804
34367328
36549513
29976325
29976093
36794713
30712733
36861706
30049487
21008531
30640003
38969916
32594461
25454940
26935774
25197969
12488708
19562672
34229069
21106838
34337930
22179264
23288077
33047193
17650796
66272501
62737739
58224081
22444843
25327627
25589906
55985837
27474494
19434915
35528538
37000411
63929235
59996628
34617308
42723409
35145907
42618507
50774901
19146287
28339314
36616882
24262039
30831185
32636402
31301693
33290641
24496362
32277911
23286711
37062492
17553115
34775010
40123348
42252075
40131653
51622192
40421351
34321938
50251402
39634998
37226942
34389041
37355863
35887707
34215733
28634814
36495261
16798869
41025371
50201671
68284653
41626200
24897794
31408262
41561376
52581850
53553371
18909221
72867155
34142646
28801177
56379047
31164106
32141678
38522220
29000547
59608644
25468562
40196472
32120014
23633445
35032919
23097560
36272832
30853080
41594615
37039764
21042079
20816805
23488740
23312896
35080887
40523406
29948279
50731012
28840994
25266383
33454950
23007336
34795150
19103352
38091022
26663760
39983910
41477690
37356773
29091326
24660996
31437018
31573420
39286087
20201972
26144018
35946127
33638883
31213191
48042595
39444227
28490214
48949448
37894960
22173407
56437409
47561127
35141544
31133964
29296783
28374355
34816977
29860312
21932187
45580373
37610307
24613248
28026288
70722353
18675895
21587330
27486643
20271333
41834669
32152096
68981802
25555562
46187733
34360680
56532279
21198913
49940754
42266243
69814211
29204953
42562844
45878845
41347778
29842320
36068298
83923685
66926643
47040615
69377225
23688585
18093001
49456600
49957178
38450636
26300930
54948948
27919707
32286164
37712644
48183914
51751620
32579365
35046863
46720884
41123809
53506740
48127210
22191430
28764070
55665200
34885372
47858562
31914828
44937599
59678594
42888516
23033356
36351059
14253041
25014025
48631620
28767808
24052620
40090690
44307140
15637277
25714387
35483405
52101608
38189287
27047329
45857476
43060461
19924926
54163551
30425319
25430106
26392999
30153708
63163102
66062968
58404148
40705500
67052651
29131632
32424134
52559939
55844627
27635012
36165367
30521278
38173557
42867680
53110339
29687420
34016835
51003747
41592419
39811677
35091107
31969788
31325928
64465349
34295955
46572028
36411289
37141154
44429958
38040665
31705173
23161535
20262613
33554014
31549146
42497570
27717015
30079839
74044116
49330794
36601381
46112827
35648921
26088096
29108747
82657373
47488857
25992650
32918299
60763498
48222005
23885981
18703179
36761275
46546535
28818892
27247379
22191340
36318924
31303078
15644058
89417129
72489682
58620670
71690829
19163373
64101254
41777309
55213271
26500416
47229056
30563650
35597362
18035995
30273599
48347176
60173699
41297708
18421742
38510535
37866533
50928096
32397094
34101526
23805483
32988298
46037068
26899785
25521766
37081429
23211554
29601724
25657438
21706766
32854946
31983349
26776199
62315724
33960316
26116592
17490492
16164981
44744153
31623133
40199556
68831748
23087454
18471182
51489004
55107894
38494475
21587811
40768985
56873816
26039789
23004331
52495928
33277915
42211778
41391431
59156178
30308392
33060687
49475472
36546953
47221192
23751269
53120620
19856040
59500535
25501028
21072549
65636934
32617189
47871622
78076398
29024448
36625187
38857868
60717758
34781774
24801027
26523609
29062561
41900099
29266864
29039761
29696841
14396061
22861954
69744464
69880708
39806117
26642697
18862615
38778234
13239665
64037857
24698144
28380557
37169330
56802710
37887578
20187266
19329020
38183130
66928821
51576169
29903166
22996840
73275905
34616751
40160049
46944882
28963996
38438456
30041266
20305774
23223804
30000945
28594538
41953496
29021774
23925734
31734093
29311130
30439097
38077920
21898396
30875468
52471977
30587743
42636210
33226510
25057131
40216315
50451001
31643555
22973717
27203438
50819820
75314102
37562127
48858989
25492800
17715920
44669530
21499786
26833044
18725205
37639401
34492568
40914629
54490294
22613784
21452475
79411385
31875180
59578644
38360834
53726046
35061922
25811812
55190217
49154533
33026292
24224079
50125837
29295623
20144576
51348253
33925288
27707342
33380968
54725387
75328689
18298276
41188942
41327130
23774088
67454642
35165463
44778006
27705884
28421095
67288061
108109156
14769370
50169518
44391989
33711075
32642364
48621618
41959024
57933077
27634501
31869803
32755593
32293049
21054751
30537996
24411222
36706403
26656815
38147443
45602797
25760331
40021779
28156129
18123006
27051837
61382390
16817129
21280255
31724387
22699871
44361236
51182208
42765522
28335447
25258421
20500769
17343313
27030653
31797525
56101886
32038134
24812748
49042671
48690087
35258424
33920681
69865739
20790306
27545917
69808391
37504166
30861267
38762056
48451438
26090867
50625616
21602508
21217921
28928029
27996006
36268355
42005092
49746277
33443742
49063982
59873141
22129669
26627097
69562593
54477860
39092855
51147070
25742711
27618887
42080106
49384226
36301991
38248299
38578752
28528926
26431579
29313896
52400591
36762872
40849844
45251533
25256095
31760456
52815112
73461227
34720202
50797515
33953169
34678883
48266179
31083532
31343756
40526081
39573271
52095022
51383287
65665887
33727829
28577572
45202190
42394279
27718187
27762848
23680980
18369690
28395057
35222765
26803681
32333149
29830509
14657862
36600462
67435561
76119789
46731346
37163069
26873374
30379672
30854497
39920866
43367110
25129344
46418581
34131458
42597843
48764104
18220006
56044909
33227194
40010366
43144840
27486488
34719347
66944051
76888397
44301134
40602244
33858847
60735336
40817010
61398893
42713309
45060643
56545321
39413305
34313025
31138525
39564977
46704042
38989515
59069595
45376705
31611872
26950995
26557610
23061649
55157778
19901169
22824276
53879755
42734070
41537375
66049858
83018100
29407252
29884385
23917666
61881157
26219191
37695572
28354348
33744853
33846860
35568221
75591663
72463421
19207968
63834123
30003087
35998954
44047194
22624140
44736842
50490763
38420179
18922696
24134044
43662138
60372509
29276700
68443128
22553930
58488449
22615047
40913351
22587929
27170560
30884258
24972702
37332985
29327904
35962317
62221965
19858743
29477912
42785222
37357543
28631854
28036380
38277393
37906701
98784369
35943156
43823078
43379363
39148644
44668244
34873683
38250946
22646391
35578195
28090747
34737483
59927752
37363021
56478616
35398015
37710346
83762120
24361367
22529369
19077994
45176476
24675701
26897144
29360381
29613492
35337727
62803597
37106158
50696738
40626671
31278435
34042873
77508805
21636093
44081738
35060512
40965521
34826845
45669345
30168583
34498833
40022538
62181540
45092434
24300891
27112615
27038828
34531575
49032155
64059046
18584113
28415780
28626354
33012036
45933508
76440702
23483008
20565792
41874130
40042075
24227393
26048145
38350811
29655694
30985995
27120835
19076423
30110401
29884440
45337959
23097066
32157476
33509557
41826844
89886127
28962084
29374494
15034900
57554897
52832300
30605956
43572861
43098210
26090234
42070745
20268194
19601697
41203060
44535669
32508168
47214845
30230767
15886088
59463763
57691370
38601335
33509832
22814530
47060598
39354546
42494049
25180877
30376776
23807041
41943377
39461537
32085859
72281812
19581695
45285510
22892632
30900459
39717816
40576614
42757557
26470980
32515354
55452599
15646163
34807514
35138187
27929546
28431173
27496692
21895585
18775765
20991503
57479693
32340093
38367074
52845041
43095022
66218106
42789682
41344577
33985865
110051098
15272980
28880023
20083242
61059871
30302521
58214759
54764498
38217895
54645392
34866557
27053757
19525905
31048133
24601945
28828869
35117338
28767969
22373407
37720488
29491268
20303515
47361382
77525385
63461633
59492419
25971834
21556956
23275110
49708246
26033690
33221897
18732239
45423682
29015302
36642710
37036986
96944011
29815388
29901968
25015673
63828808
29856164
26333040
22150963
25659839
20535676
43449105
35919936
38750716
24995209
40233722
21275112
21975395
29190704
39185577
41214788
29638439
25037710
47208065
27707878
22441762
30958432
26102945
23992530
39294733
39746318
53917562
32876751
31698397
41674506
32887692
17634294
62489388
28043420
41355566
59362368
30126810
60654790
37433909
68594288
71182582
33265634
54648964
37681923
13743961
30244804
46067280
49083746
41803828
32835425
22967250
29148076
20890192
31068269
20339193
50988643
18626529
36573490
44485930
32868643
20325928
32388163
24120983
39407163
57625793
35181657
55984558
67216546
28532682
30963668
33993252
40974438
35618208
30393451
57616115
35017968
51370784
33990134
32005701
21383474
45186777
24943990
43000423
73603424
35294063
45546856
37400407
39454465
36295221
13967083
24642934
25635508
28883088
40892861
22185404
43064552
59896997
90461792
53898201
56979569
53120406
38390463
33006829
20628921
26589710
42805119
44270640
52458467
24342636
65439802
58191129
32736016
31263575
48236467
30186087
31517038
24354038
29331448
17274486
46760233
34880549
19498679
54139965
29180510
42506236
44356196
55249150
23651117
25004689
65777440
51990210
43531362
41653189
63828528
46882769
34374151
25710208
37901511
59194155
25309265
42969602
41744771
12470628
38142613
39820079
41640513
25870725
41832602
46309457
33740438
27268366
40407008
21101888
39357708
20254155
19069010
35822625
25701603
35597044
50715599
35854292
57471026
38999580
72774972
26995346
34730481
27844842
45752815
14500281
31774504
28747698
26545024
22409529
30047264
20551784
50387652
49369533
28673674
21517833
28777670
49871745
21962605
56612439
21254438
36633746
36453566
21308155
46063372
57740167
41960471
26409381
56998247
31797074
40570890
33651984
24363276
25456949
40857258
45757300
24106291
38425899
33568376
42102462
27262226
27186392
46787614
33905294
26848580
24637284
32635065
33672045
25549967
22066598
35787229
30741416
41672889
26160195
26806616
23396976
33109431
37477170
36700848
55837363
71116126
68690887
27136058
39809463
24239650
20428319
63033469
47373032
45288439
39911341
42404095
38948451
43352883
32048151
31296368
22515816
39659026
30785433
46704872
31287026
22902952
31009930
41267384
25591046
26415063
43027918
25435573
48906154
48567152
27766213
45801709
21336682
32669803
32658760
32561024
51891795
27973318
23890390
41272051
53657489
35550100
21998190
32058803
24735646
22347722
83186179
25436587
29000510
23348289
41509051
30659030
66814859
37015501
34840736
35064622
62675025
52881757
58436049
31491210
25214735
51318030
58586415
25713906
34209942
19682116
24825124
33828377
33021033
103292907
16935987
34882491
28317821
35609947
41577560
22963751
25336109
27773235
46429587
40383834
43184069
22298391
32597406
50056036
22991420
35351912
27307768
54852737
30559609
37233962
25774856
84713945
25139421
29721972
24216524
27257911
59312674
32361043
23202178
55798919
48913209
61116062
14387976
29916522
28332822
19264807
25920014
32189690
34460887
33060388
35666207
39876778
44197489
22993942
36893939
31109215
43119064
34086680
34700397
26726286
36193004
38282903
41027481
56257560
24181181
38753646
23745529
33232282
71371401
50960638
28899436
27566020
22302893
38002289
35165553
49314577
44531787
30340883
29896358
52869347
42647233
49987730
31024758
26499828
26823971
81563582
27835305
64707310
33841457
66377681
27154267
22388573
21828790
37492007
36640274
23301098
17929270
42068682
52973562
20695470
48192453
26101944
15886240
44108957
27850366
73208934
41306346
37509357
40756811
37069598
30236919
26433467
33148621
44171601
35441789
20148810
41472844
45795572
31237367
36072937
25747967
34356980
46824066
38545486
25601738
43663211
27823979
21041569
71326666
53524439
37228326
44787050
34557953
46638011
35634185
26630266
27034250
47526184
22227534
19622787
37533844
31092109
23647910
18264405
43371918
31787761
36285024
32264876
47392528
30970614
31724506
26774262
38106481
21927410
20622532
59889336
67914544
37807506
39567130
52423702
29599791
41834813
22701975
31862007
29093831
38737263
53480100
24851842
95415502
29956962
54895456
29106529
38912754
36697889
27228863
29695718
34221382
32831031
36722087
87009585
56450612
28532237
36500660
40425185
32702191
58105896
88737017
50062431
42179592
21489902
39867407
63761293
49353775
38489427
28540202
24881308
29963962
26841905
27835298
33060670
19365597
34869939
25998570
46654249
27872277
33213455
20338066
42315838
31313193
26035895
21762546
18423553
45592091
20724540
23755732
44936050
26130223
26485430
23897759
27615504
29086022
22296170
56980924
77962413
30715287
44908083
19261982
38766777
50459799
26057553
83325046
28591329
19606881
27864288
41854111
25352107
29766087
53489321
26650513
57514595
30422068
23392301
54538323
25932803
39806452
81911772
44181370
48308731
25627928
31528537
42314986
12399520
67959514
61117129
31114055
29430054
29897819
34628962
34188149
49101950
35525903
27877517
21247253
29284616
31061720
35374165
51664205
19439517
55353415
30524128
74581773
57429941
44344989
18090697
27090753
24925479
35673431
22003662
29792611
31236873
33798699
28516902
46423983
45499306
51561794
22162023
31643447
32506121
33686823
24722084
47185973
30794313
30371408
48641441
25256377
38613939
60242605
28032791
44756296
32855229
30373073
35250975
25589446
27518973
29470733
71281741
31417819
39700074
38516523
21944439
25391093
31745006
22983736
36119720
31589209
49728441
46666698
32776560
21548099
37502020
29757058
32568554
55977078
55121798
36386930
20746997
59051813
23699143
24121077
56580605
59393861
25065389
45164348
43454915
28689006
17864353
53943033
34397463
31062969
35152921
47564444
21689813
38874297
53005507
28229233
42328235
50494873
35391637
39525117
24658040
17195678
62315459
42625056
40821969
43214533
33782701
24061163
17115463
61571397
17462084
43996876
36091155
55846807
45641827
45645176
40456183
26453968
23256561
42796193
28345184
29808395
24564783
25442071
66840069
29240931
18806888
23108511
29340779
61080132
51224729
42784184
36372132
28444573
34012155
31918629
23897875
56127170
54400822
24482683
27165617
16336139
25241170
41811910
25432763
23004567
30316703
30605516
30436702
33669043
33529873
25163050
31134236
49032454
36911664
24882071
38264954
31834623
33470903
34227249
38980688
35564077
33316530
29401037
63604186
37909566
28029636
54407243
50540162
40108482
35404721
32338810
37012830
36301912
73138431
72696039
28947902
67535968
22270571
13177012
41062900
42073272
28089949
32824390
56080037
23507834
47860157
33238959
47232272
25822251
32514743
30033573
25061030
27047996
19763745
16734906
25176504
60214922
26460506
29035894
29735482
51765453
43233451
17267309
58676373
41911061
20295298
47279366
33027135
39018852
12424382
42370797
23932279
53858331
46820556
43037586
48094566
41685321
45182876
90334401
33727232
22614173
22143563
62076128
41611850
30636552
30632956
34907186
67494101
46099858
14054841
37256347
19395885
26988412
59656863
51498238
30539586
35113367
35955239
33408603
32890780
28624236
33306106
27972830
52417634
27478006
34084513
34407753
63035901
47579910
66881108
48892125
34691826
37203500
48848337
30427241
34913037
33936403
31923778
27049934
30527023
31288359
94943015
23086589
66318742
62695468
57290021
18780952
41441365
34003458
38874477
31348585
29133774
60568727
34993811
22012036
21688441
23501904
48092556
30749742
27427017
55440453
20002562
32016516
82234857
29575134
48743098
24716278
20885089
28863574
30285078
57157919
81030513
35468796
30554365
29476530
36875675
34097886
50597950
14455507
25079307
26167681
36767938
39672507
52716531
52230163
29482703
44753437
41701079
39439646
34218951
37325851
36252841
28163704
25182474
89139918
25908998
38264953
29882060
21840688
74639551
21704676
25949369
23951611
41532315
37311862
44339520
42537048
35199379
58504233
22773605
49388184
23969946
37320468
29694160
28829075
60506528
65194993
18808049
27120710
38504211
41196286
22214621
24434681
39513552
54087523
15987759
35291622
19071024
32675448
19844496
32163963
19799036
31778598
18733285
26146907
22497028
31727099
36860400
27814955
34468324
38095067
38416764
63097548
46082581
21346245
27132727
25173152
24645519
42235838
47105315
35881730
28964491
49360003
29692656
19927171
37220863
53311791
25136987
36050001
25262775
27494538
35907518
58930434
51640562
68948703
40085652
22448517
60484245
30668279
50026868
66162083
25419742
30793762
29878224
36593544
30879657
52283813
28770737
40893428
35399126
29512361
28288266
25850167
22950383
35906180
32784900
47114162
15760884
34565289
74892919
30564817
31061035
29485373
43505099
41558544
20684294
29768691
37227340
23145224
44597609
20416181
41816500
36163689
45291727
54632195
54126727
35808030
23595419
38351179
20977684
40105807
53368779
32401785
50676996
48730905
51619501
22449720
49625459
40643429
39237721
31439870
32405144
30429503
20819312
41856585
35771974
34016197
19487190
62310550
44784265
17588605
31460695
38657433
54466168
37605865
21085626
39759706
35186477
24513988
45882057
36976448
42651535
37657493
37295972
27487921
58545609
66788135
40051376
32777087
30793967
17089328
22301044
36680578
42256170
38523157
33604831
29564880
20622245
25560658
16191181
35801137
45693533
60998057
38684257
19579387
58486815
41198212
28781780
36382310
29657674
46081837
55839469
65776396
26878836
39524233
33040920
29178764
47743445
50402797
27844909
52354433
39621062
38534918
32566422
25714654
26797946
35424641
27036076
42945331
67121499
58900598
43058638
38298961
43299345
47040222
44290482
33893739
33791191
26175557
32545175
40406376
27598551
47685888
26368348
20567491
41456530
68432149
47426947
33868516
21045382
47132635
35310809
47188059
47240558
20671425
27459955
60150118
34443423
32225320
44378162
20804456
70701307
19232010
54615452
46233576
49602715
22500248
35615116
79752445
24948465
35563373
29186560
59112429
28956591
46306211
34496426
33477569
39412754
25225794
75750529
30858831
78918542
21966175
43016665
49971091
31802172
34563303
26891515
38661062
38680515
62626423
38954595
33247254
21579939
33751884
36772229
25548750
29796026
36743974
25445772
31915046
29810471
35412730
25763476
35337994
33745132
29856468
37430522
30277188
36207188
29617514
35080025
34193964
26845486
20740968
22724120
29558605
27591959
18904887
53960647
25848632
21407013
40178664
25516580
30529138
36673975
28728729
52873881
23179008
30775338
19208540
28263358
24702016
66870473
30846241
34300110
48853444
58494306
30677795
33347224
61007755
53654357
40208790
47318632
29682664
29104336
26344313
21327199
38906351
26102249
23781727
40166219
30665232
24176890
36209282
31365408
36763904
35367104
52394565
34769666
36627682
43337761
36755529
46203191
35969697
33596172
39986637
34765828
61724396
41868094
28096752
28198342
20670074
47003883
38541592
18679823
36464777
47362011
51997517
39340517
34123009
31804085
44187886
44593150
46620802
51101869
49080622
45395853
19882479
35971406
28840878
30644583
22796954
55345502
57375557
32462198
19831718
34547268
27850519
36754087
32049594
20783095
23945976
21075956
32735096
35068303
37155001
23273506
36124662
60498824
33485925
13551616
26633974
34103311
60964765
52331639
40536917
53223602
28324136
53937478
28230370
50112858
42581449
33575983
29182467
38567667
33693632
22703516
25406066
51742584
40347368
43284151
18941371
36311912
18443098
32855475
51362014
53188580
24797269
23533323
56114618
38377028
34748375
37323211
63936385
47835521
27183901
24473056
41917940
33531254
33042067
33495059
60286280
29893991
44561817
23307260
35716957
45956037
33559411
35854625
62734544
69310550
43191804
22982224
29530597
45337709
25450079
51754911
23743550
49189930
50262540
48764750
25419296
37980115
51331171
40304980
74584967
39751234
24108461
31780291
54993834
43589380
26834392
67233546
33006648
31792531
48290105
62587913
19328212
16360399
47606413
21942980
22722210
19113020
30280323
23585573
29989947
35875307
30758445
30072352
36071303
40579313
24985665
30134287
29261182
26749265
45964710
23264349
41621365
35415039
48759687
34194693
34337969
22677529
48140689
24488039
41524707
25732015
30872165
24284759
36936715
38027805
54535471
69232930
34643564
58831233
12530029
29916724
24976002
25004287
22338694
45894952
55579486
21560560
48945978
32886473
32888959
25665291
28254337
32378489
25062422
18794657
18294417
35088664
32537235
41784470
36293117
30641800
13655014
50331544
40979467
23399465
23365622
25663933
52951001
28421100
40715681
35280459
26431722
35668958
36621049
29779529
39791287
39809440
25102179
37825870
30446835
31531830
41417021
31993350
29779427
27654418
41678979
60017726
52953930
60495950
31094541
40768757
31975168
36316336
26609873
40223900
19637379
45671994
43230471
15846578
31840420
46885608
105738011
24751482
24219380
29072993
47481573
26268006
34404854
29865090
26408011
40594762
31485854
35593326
27166260
23736993
19702251
56672733
20028772
44032465
38812998
47915030
19617630
54469054
37891494
30974422
32182893
30911997
48706587
45988769
29033597
30890902
35857188
17669859
39097746
24495079
38493352
42235911
27789608
98400167
84075247
28878028
62546910
35232534
25050971
72224672
31413926
35918559
62925272
27061945
43899677
25327660
32683314
40465120
88803434
55048237
17622265
29400159
34178412
48394434
33371600
27168035
53396661
30682734
30655601
59063190
20617024
32784928
26960350
36302585
53782204
44824115
44250812
41461041
35084530
33716203
32532006
50543477
28234896
38862547
46608242
60159758
29434161
28479375
33429902
41765204
37557790
17373930
42552598
19022034
48661481
32606637
19189109
25340389
40118224
27010078
41248481
40557218
44701037
40323901
17917931
61692135
38463134
38011805
22143412
67643915
52227649
21953211
24972107
23583979
62429080
29635211
44150466
27386513
22313258
40084712
53196324
38315235
35938117
25845510
16750953
23727749
48908016
31071610
34778020
36876630
44266095
41335194
32087353
38628284
24198407
37879781
74202088
44182628
41254143
59538318
40802657
26354849
24548333
25166960
35364673
29856970
77656782
71985437
30479968
45530015
21282980
60365104
43461422
44568584
34464178
53636210
31669103
28147243
50591294
33506364
31001636
31980243
38812869
30039206
26482268
30283419
22090632
25618164
24477646
24447554
60135586
38164962
34533296
18876685
68441621
49467083
24434085
51890506
48626538
30865535
58089217
30939769
31762539
40594781
21734796
18940432
17227351
46408864
21352897
35854410
23327745
43623610
35063257
59482037
31005418
32421433
40084188
41994037
32743936
39827772
39237254
26357324
30976516
34533577
28940414
43079578
26350596
23902756
25427423
38106627
63337716
38117172
41763828
97241286
39039520
26857587
36930654
27174714
34861680
23259591
26107499
34250407
24049105
34936883
34317690
49075236
31738417
23684399
27601169
28507310
50795512
57960257
53615972
25633358
35493843
43796103
24520762
34408026
48588151
27670268
35675026
32827054
26668753
45610940
30448740
27726811
62883758
35168989
21366072
20687810
24331255
42855997
46562728
38256860
36339729
35632897
27562245
21851665
35704096
26009573
51112963
25255014
26468332
42306036
39964048
27581839
37749996
52057059
30432153
34569092
28765414
31669596
40683958
23958042
54948499
40267012
51943720
48312590
49096296
27736911
35391297
19841646
22659555
41246825
22700334
45939877
23117153
53764487
50556363
41747858
47023317
28030944
31142795
41356688
37139001
30092645
33018634
19843523
41358631
49441510
38190742
31200384
84771823
50092124
35924501
52920236
37922790
23795266
27179179
50757614
19064084
30991365
29431857
80321842
24041674
32828240
41388475
22507974
29751408
16995448
31751879
33051411
44989785
30527782
52039771
37193164
46980713
26785919
19690460
20396242
44281910
33996442
33092318
24852862
67891174
20535127
33499500
24441415
34878975
