150868597
81031045
66740268
198007519
210772695
147262487
132310574
110846775
66050535
67324467
169636361
177787539
66339231
81058871
187588909
150729280
91131443
76242344
137241011
160206783
93383516
209276998
167682658
120533498
95950558
111354481
112230335
90376974
121376761
165048762
138026003
83467100
63346777
44264586
142128361
49461861
48814701
70447319
226952389
80106342
80842232
85983152
71601335
167677875
127079347
141237055
140867026
166381714
125329689
125183145
134872139
66216678
91404714
85438689
85632106
110106797
91388159
103646834
49011362
130167505
130406311
222726664
149249519
161513484
58500769
88535010
108238119
125705324
175078677
84901867
80290308
115863447
126240900
79877610
100873041
118056382
69060192
159766333
121192882
92826287
123128344
138386725
117389622
93504291
82466898
167463483
100089259
81066709
107807233
98785927
127631559
116014626
74893291
74408463
75180989
92160120
92769171
130972307
65353672
54977823
114048356
74452274
130168828
123256736
80672888
164189141
74553725
132097175
151707335
92208250
119721468
73450275
133206332
244015359
77536038
134435575
175331854
180342530
232404742
130482028
73014293
260856164
180670462
68373105
189630835
150600386
119809387
97623961
78746498
56598042
84926445
123458093
63806813
90342120
216694568
171354438
76337735
102966832
87907949
104641524
71884032
65214661
76001218
64664345
95178095
179929677
63919345
131242475
179110463
99035655
139503050
84636130
96037823
96792329
113974137
107808770
79138948
80499014
304015623
249112580
72972506
133033765
139347097
108776710
92780382
80241726
124155197
91917190
77731658
74406650
158809249
211161954
90346061
106450243
101176908
175920870
149052937
151229953
59831920
62173334
238975756
112399413
82482897
248396900
111014074
110772549
183535891
184105354
128026191
155826172
48661171
79689722
173112945
81547356
173432589
126421290
128949003
64494057
76251503
157515028
98701339
121678579
115907055
79017166
194620805
197806598
103065800
147810956
117006789
130209954
139998741
114921082
94812848
93004649
62507858
140728801
117203066
114591965
80832593
91926345
86738762
110739931
212119880
64175163
93247817
130306754
83519451
86813582
136931074
61153387
46466335
156511236
70622723
112801520
118092468
106957817
76549862
84831636
109062469
74696770
110861089
66854860
66670002
171159392
121149414
104213589
162493803
53024454
78889648
96155678
78707018
117949589
102388684
138541161
54605780
99741242
138963371
90600090
132765106
92879085
133012056
111444765
147606913
144879650
88822986
112363751
37272311
92531050
102765956
111632498
236989282
142442644
99594013
75586996
114092919
151863095
174648297
118093861
100644335
111376608
56973798
141819792
66137283
118300687
234840953
152797277
111380935
205110292
215455484
139453958
145291727
102906136
52259207
62555171
91352616
88088703
126995305
103133550
103857794
37403728
246295174
115019508
168586226
209356258
143276984
77057468
109149918
144766201
100654293
106883572
95191778
180200586
92777524
144661513
75005141
146134930
126125080
92728667
58891268
104175884
77248817
89107514
101220685
172740456
125234913
89171278
93213896
180881930
39581718
162613990
88863606
89043280
167348010
57839593
160236203
200040989
63236386
60440507
239885099
54434582
100002169
131137927
171608367
162715530
100981723
167097114
90118949
152343594
110299396
55088503
58654299
75729112
183091864
89063203
111128925
189992310
48115556
117267045
101062803
249102114
123985510
156476088
55865545
115412555
85205482
173509617
114582568
102188406
119688423
130738352
247947372
105536200
134943597
94449931
116756631
82002834
160903483
66674254
138358428
97996655
83107442
71446175
152890235
133013361
119157264
113818468
101537322
115284239
81779397
105913174
145190627
100540206
138897934
116460778
66575972
140709147
112206631
59352479
68634091
93747317
100476014
67062087
127894724
162560407
155559613
87874193
127164214
104073664
84005447
114327163
92103561
65709069
100364961
57089772
118897380
86216039
68398893
131599760
59105371
146552133
101008505
185584532
133801312
116606857
119629336
46395329
81398559
66736963
162416317
102381976
83319510
98831529
117015771
103011623
92965470
162880779
74476045
101724550
110403689
117778498
101504616
104922718
33038773
160504338
66992655
182835135
124272396
169869497
179499630
103039882
115790215
52883140
232789636
229462280
75067281
82752482
146425611
97590893
56598565
74238107
63475551
179759954
153991817
140424198
102657290
77178654
37900670
161375811
171520825
112439586
111461376
204606098
128303669
116881932
135325813
72008667
67799038
147241699
148003931
101619950
79612883
106188683
95404919
111060875
89206972
136359528
72478317
127850397
126232647
96768590
152733493
81856143
142397614
75299861
106638965
120103655
144476864
95462892
131818671
110980004
78739293
112964061
87331135
74959343
61254263
174048529
146392773
75334870
101134352
105609134
82244651
222459697
87290189
118418178
136209433
133260495
64238203
107923986
157348518
35793681
127344827
179770848
73839758
84159547
101481034
123585061
72723446
79674849
112950396
117726671
113749260
77029646
170759192
120647864
121230506
125025257
72068684
115242442
110710294
56118756
146285039
187261254
103551728
122756011
70969919
111195800
46993173
129449086
151636304
132993327
94328820
158927718
102691554
131890619
82158178
106130358
131769597
107344668
72596288
215931245
111203465
203667745
110035542
95161567
118818992
101027007
168511482
85867108
79794277
134120013
100437850
153120462
81367879
123875110
82248705
60980350
72167687
147250974
108313606
114858071
191823915
66239808
111703265
79544383
93462387
105796770
120459583
81903346
156210180
123742376
125209976
152030921
119739645
77806335
126041514
117215903
230006582
72009404
120984200
88647508
140283317
101446777
148179493
66782918
168528713
69549026
88696661
77053785
86358151
144196189
103340307
99915100
92224893
105176713
102629220
104492344
95725141
95042703
93364854
90720072
84244868
66489818
123275946
85617389
109610972
55785836
90170050
97541409
175943723
122782345
184015833
83203158
116226067
78422975
165491913
219325738
184950371
97138416
148241642
75870204
130789347
168231083
98346051
89181918
58083898
63214344
113569419
116163484
191848370
109631834
84109569
136260953
217822459
172760114
162751011
102903920
276356204
104221145
200169334
77612281
129132456
157759030
107665479
85858727
67346695
134073976
85811795
124429488
48658419
249601296
87881495
142112630
114881893
104495613
65900213
102514451
64011264
248123871
80598550
175132151
49998708
162926930
123825527
85074920
151191462
120359513
75774516
157860894
85605988
63920173
79978837
86837922
113434044
183857862
113361229
127114530
74978082
79692206
159248232
117627794
110739994
101651180
95464644
123778004
101052040
95530192
157374729
103768931
135269433
105844078
89782038
73943653
78251718
149132403
96415936
188079187
119727752
136502359
73486361
331719229
96196255
106007923
168618539
77911667
103316916
65120886
150792692
127709720
167405016
157390327
104483564
105129871
94038774
102847835
98655086
110548524
92043288
81707042
78909197
118612231
64778728
166108763
202151050
54979437
52311087
139309684
87869402
150050571
134147006
82404749
56357164
114152366
145322278
59774096
68271176
82765701
150997318
137280869
133980473
99307420
84403028
88833676
105516833
57626648
93730420
85942431
67519328
165942168
160155923
112674338
77093039
98920525
188977059
90765250
118316200
103626174
81036666
68808420
83046226
142475999
102278602
79579270
282947478
140433783
91024646
263526178
102021461
68425232
124058318
123941344
109107941
161863011
133346581
69018506
147774980
185856336
116202000
65684766
129364612
89496834
111561588
169249770
66113914
84837397
96831040
107692218
133950147
162202500
80600193
129346993
70990276
184630789
139601993
141010350
136223693
139462661
149127081
62198373
157875396
66481338
114463591
57639853
81384714
155466544
186515859
112750203
96339301
42752802
151203242
134719265
92933918
96267742
141267322
133941100
201246641
153195056
172276206
64576383
145758084
96644054
85784567
142334859
120323502
119795067
67036778
81532423
75385312
94795678
169803689
112152244
87702298
71194914
88523175
175424802
123164517
82133939
160296050
143826710
101274744
128233087
150481402
78121094
89496897
92928610
59876351
190502105
88376215
85406562
108339431
77628067
104382916
142367391
158275521
74335377
122478559
102575753
138643139
132793706
105921403
95354662
132361167
100387207
128207474
253378548
80978009
172200016
62937983
176664057
108205916
64353024
151904229
82261042
344927344
91030813
110274143
92462436
85042842
83429847
106554001
79343399
107113778
103224795
80051971
61434519
83504518
149908069
152253749
162997224
82884230
141011235
96231571
115487775
122495189
63850472
57632366
81061231
129649473
123404164
119059278
255096930
59065729
135524654
88162395
95315296
149517655
70191271
109255341
62005505
135511856
50911729
169165363
58826479
208089024
131714098
101031327
161378250
150842657
184893106
54806822
81346210
69598919
129817836
107168887
66869384
117809344
87674243
75591330
91262567
59798109
111430830
178373383
169696507
101145070
145112116
179138374
79060886
65654512
134384683
108060185
190974622
62891274
136816945
253501397
134096015
140586902
72260789
85839706
103993943
64219623
216299227
175410404
80408503
86969153
55478527
176015262
102564567
58734272
201649645
102081681
117139140
98491940
91928483
96839100
240450837
79802923
102528564
74775906
114209697
102558248
119112347
209674594
125288597
86579720
149146415
112146048
141073070
134424505
122610167
69158007
85733388
74630165
65598653
111232649
47218755
72772743
106063915
80871401
143073067
102007482
85145655
62502233
116075559
87593970
178840013
258012796
70899622
74281726
155629416
75555192
84922661
109683464
77401565
88617032
214156203
154853103
193482261
179937112
130931510
163578164
193445266
205556582
147446432
119464134
54072675
78090205
101114183
101090452
174258894
88656382
86068571
64168349
145147834
106598228
134691945
84383455
77620173
53990034
158489811
70635480
101815984
86549425
78065223
72852102
81745558
75306183
67253785
50733219
204976989
148976915
59671388
141273807
116419211
80900569
96477468
146673902
84181333
112379916
139327273
142223499
156124183
137611756
114109166
128619021
235146572
82907642
205343772
107923129
273505247
181736743
146095852
140838248
97508332
82194679
179264462
156050598
80252603
207503512
125390609
127646844
61433355
87028524
74032820
97775520
72381905
111528197
122787330
102152992
114316860
113779051
112972323
277484575
93029901
103397527
128913844
104735275
92735833
101847380
82968552
85488637
90576370
78061009
187076581
180077142
54330501
72058387
86425446
200095167
266079900
97402286
53237772
50622066
104928626
61348350
90743538
132379400
58199092
122352271
99914387
92226022
74147241
77258975
56057615
100115648
72155037
142227497
183221315
86603686
106486501
133895157
125830202
199280037
116206304
147540244
154839482
72962184
101649552
99370159
281307225
135048878
149177763
160793502
64475018
72458060
202878862
87174180
102518463
62364428
135186700
85609269
86328055
186113972
115469421
96345300
78566184
78712239
131225304
86260530
85912415
122634393
61392544
85578521
69917459
98526535
90887544
79669402
55117301
114050677
77826236
62331991
134984429
104018669
121581184
204543722
120893590
81024950
141337005
183710212
85420172
86747691
114395960
160176389
110363466
118318963
176089239
109482913
145827239
76739046
69646021
192755862
113543720
65195438
87537868
122398449
118082728
126027751
122323279
127039388
115641530
146136465
135989786
80495687
130104212
80471566
101437232
83256562
210124048
50564579
77736732
88674112
168685285
160066411
49757922
60375401
127481185
195659078
175554892
102666780
82912189
157211045
162872982
51046531
53428338
143863397
83376202
187888850
69353415
124374992
63338361
75392848
128289783
94657523
131813628
107291652
209302296
122348144
112163969
215228076
183457999
96581616
99485280
132465300
63333179
82304189
86485033
128724348
123035340
51848218
140897415
157586381
107003947
51152756
92070672
181363967
142193455
79156173
167105700
62756410
111975152
115554069
192916987
80508365
115637985
81434685
88792845
111018985
101236024
173656883
78768169
117932604
133487360
105872514
48341420
131989983
81292910
71370680
67562576
82210332
121059134
144993555
57468481
92378667
94171371
95006015
64293754
101584079
138998871
118264037
96141534
88278762
72051828
68867018
125716466
130441031
120258888
78768416
118994905
53270339
109403046
171042499
109299709
105412283
181204630
65005100
220823354
167526311
68266687
120027749
84263913
169023182
53229038
64877995
137769147
77853286
88559379
99333432
98127676
107404791
216272823
93743382
114486645
137986611
206206514
84116761
62627934
67422091
145395907
108808510
64030692
62723830
170196873
79623548
56920198
227864030
71238637
114858393
109100234
68712348
75597581
126820324
153202067
106338927
124808196
80801544
233062048
74363944
30567470
72543733
149110676
148002754
103206880
141928602
86817515
100660886
75548202
93214904
92446955
79404730
90028019
128318815
60567770
63917081
163173772
131468509
115577545
122482007
128368947
101698760
86120765
102532991
72890919
142234530
68399546
64906446
120629661
140449496
126218633
143606865
100073244
148703176
90688733
116174515
148174540
94168245
139304778
76579571
230968948
53723857
284227955
132284463
87349358
105534914
134914746
127523989
84391317
147996931
207081187
120937395
149362424
175511876
107379204
85205594
73263300
100040672
85506659
95375361
121085029
178152259
138307269
120512906
59997278
99026998
249063059
119537428
84898443
138026406
56427261
61105162
110817007
171251182
63222349
118191943
329631724
46118476
102965049
113130102
91925445
77785118
62364758
59720875
43714279
231347672
169925013
180864301
128127063
171051157
92640849
125932483
92005201
83533372
114301931
96371012
120623482
61415842
61297184
143847988
93216578
196261304
162894900
81214309
77077896
59586437
137792614
61446540
65525011
57869941
83590027
94356907
181418795
129715814
88863685
197104891
114827387
108205027
63733789
202369052
100662561
86720992
178565893
100476040
115797185
73884520
91426466
56414362
118501735
55804170
132178494
47868357
81911106
82053816
92045856
124767224
67102421
120230995
107127303
73887134
136084815
88322645
74794892
153541937
111823821
69222692
93986340
100033050
170749080
138983082
163853835
127634060
79560898
127272727
192295614
65750254
188429317
88674713
124715585
101245452
96301653
204868859
55720115
108263439
144993560
120295430
85494469
152110652
81887574
80371422
98183015
118019799
143731996
146099137
181137299
68592451
98152316
65277699
78012582
117847812
123133274
121514365
64151125
103536599
97477484
60921928
72517735
102741997
89442631
100483229
67715277
53442038
79367621
75492940
239310352
96784172
86787392
139593153
88031372
65402917
170622542
94333190
86199355
103959769
68539298
194911610
97782927
130160286
91449005
117342707
148193931
167444910
145837463
121280767
74860904
58503614
235796791
77203602
75665385
61627837
127331041
88921223
95206205
90274198
106524837
51037732
124627192
85514347
122847042
120810592
77314141
150738247
86215389
140445801
124484876
248486915
184633771
169628972
71624376
84699388
87907183
103369227
41449663
156573787
154031055
161624626
157196101
84302055
162465779
93488447
183316885
73364098
110271723
88301933
116200867
78257981
165030343
62552703
190262928
39465139
137528462
185490106
176089856
66011046
89716200
217382474
72711568
60343528
77328329
112176098
199359697
123869382
133354510
115283699
109711740
119990190
105219711
155333312
203586484
88245232
88679002
103953227
72998788
89951869
120850458
70676325
107796158
101651059
141359404
167192513
218695325
55059201
149782155
110097390
120001377
84915256
96339298
119993710
109355422
185507458
75421786
61669104
101022406
75622115
105727212
123256625
77277530
150311205
116342939
77289748
227077158
70894478
89293512
63827832
59450115
71011515
145541699
107835134
131975524
82307273
73468391
127186991
155736060
162432923
119349255
192742863
128096654
171784367
225701327
97172672
156757843
55996587
112603782
72390274
75412084
164860011
60266788
100884755
82190283
91033429
112507514
73157433
104210452
79468059
74843060
144722195
90656563
159779584
151801387
48894001
141985589
204387077
137275238
108564744
130614322
146661197
89284584
199681113
99468081
83941896
145322292
81834792
106671246
130130901
83269722
39793678
62231719
52283642
103930206
112939287
101280270
141196686
118095506
101465282
154979295
107740926
110236747
59126957
141939153
73048034
60152763
108151887
162719005
145456669
121335493
93085651
70544561
72378874
72149459
112187942
140387341
99914584
160588796
179781652
92530961
106112043
147854641
122386734
82342387
133187931
110205085
179704303
89504833
160960388
60678881
81763869
147685259
170401954
120318275
177709139
74440043
63850100
124591269
81269224
134109041
162114859
77668979
113865362
86827217
115341893
80550464
74051082
114626233
133579527
68483422
67019948
84277811
170238687
158487922
110300845
146993092
68122865
199185775
101180083
206070949
122685203
81139457
133751278
120198988
114687118
121683138
179918709
121258144
83707641
177626554
94918554
111302545
176609317
102501292
129107281
77926816
160249350
66382471
177329751
61421990
118264562
73388393
285802327
53483859
51130159
113238053
233550751
104311504
69267593
103709154
83570710
75968920
127527848
90324490
114813348
123037872
87792815
130273515
155336811
94640541
93946600
65431436
74240871
111511779
209669789
168831727
86788051
165143452
69898234
130408954
193540382
157465106
88536859
156702851
117118896
135194801
87503193
88876146
163040998
124382080
68806430
104601221
84475171
217217128
60197202
88891668
89793900
54329439
129729643
130824354
62721216
142840599
96732001
142817382
100753330
102111672
135412816
74800923
120955785
80287961
61297353
68838691
113159551
67896251
82323006
99476997
123333453
107971904
89155586
92613630
199286450
136200857
103538747
90045258
79936822
148340921
61598542
95665443
73963509
174786151
97409706
179147554
89352307
121311332
121556517
128746323
175288605
146374514
90679788
54057315
182290901
77386824
65323429
69437612
116528142
95173620
101839332
96762285
155384679
108600482
181355792
149680712
133141239
88998866
134845435
141952812
93138948
158016264
71358373
78747692
118704408
151093095
152187230
109045555
156514908
89575151
113135527
152725144
145982599
172896069
160633109
37936168
88439347
179336718
79952945
129895200
114200614
53975695
123112975
87022793
137913877
173444508
146556715
82544429
79501749
83613219
101047719
67226719
105333504
97926257
209869631
65241793
115236500
183307614
97450017
129392445
89167635
63125103
73902821
132384915
169317635
63894014
84029298
132911442
64839231
55912142
80448082
88290089
144772126
48436537
44269359
87013607
112808406
59026256
75547071
190066298
119427186
73110120
133936259
201960647
137424552
100887392
142314633
145882908
89370143
67696268
127018375
168328409
94207194
75047783
128315095
75374285
81088846
178408688
78771664
149344490
115950107
127704033
118950350
120217339
133281750
114643227
96919735
135802587
81006346
96782844
88245174
68500427
89653548
184695976
78381499
147201653
86070305
142047035
136525325
76171138
63778426
214363810
206193267
104608800
156178135
86053612
158670329
179610990
94378911
138151476
124348129
105895310
133572109
116935100
85122102
124613234
82434219
88997935
150009723
96155105
116409432
144587320
67360445
97453934
90340438
130364148
131931481
159778179
110221282
117378222
79739007
104948076
118991451
84830694
103763538
135850001
120060669
141097506
129512158
107850777
65103263
57441504
82959449
112055159
150539599
101263149
111942249
86652886
89596649
163298465
108222443
121660457
219148796
122667667
115443082
93949210
55403961
84434846
45496501
102157965
76743043
114809444
98158410
109884837
119350950
139436593
172769429
201720973
174743654
134575807
213426509
64920658
96092933
141443474
110269967
101219386
96424316
61598673
86632947
100845325
146072593
89452149
187468797
117016025
118228529
43822139
261970113
117382343
118358864
98274769
108078638
117096586
72707879
92199877
93819914
63619910
97302985
208146678
134196548
68567156
79317116
173193470
85661384
211605949
127281291
97266144
185244224
103818049
96520566
82876946
94619787
76507366
146309526
67299041
54174143
85755178
87877919
110962912
105055008
80827835
126038473
152721880
79722843
61996348
165644673
109978534
92176706
86917418
197372567
62335222
147993028
186711169
70473075
75330063
83884676
93233901
124923710
94061337
133403574
136105545
119999667
102671094
103742063
125759263
98790350
114215225
105412163
114178422
129131962
154040435
141789084
99010121
110245085
133525258
117110527
111851541
109824536
94500600
172173058
166218332
64976355
114578927
109227443
88885066
158988443
155987077
155486178
131307407
156860865
73604403
46385755
124036790
66807437
114132629
48356743
113046217
96236121
74446397
177363206
86270381
77109739
80053117
89214392
113965996
104050848
177270043
157750563
103956638
97183712
160210580
57492864
89003308
57102892
72411732
121145880
94943712
174486413
137030878
63375357
136895257
124768811
108229272
66915546
117769756
78359381
91444036
98782590
80977227
90709837
137697090
142786421
78272732
112883124
75955243
90376855
65995543
90368677
91748139
105176893
97100249
127890778
151462226
216437922
113616181
165547511
193390123
102656907
96258913
96612558
85701394
99006578
170016091
113518324
79329854
95956148
101304948
92796179
133498381
88027335
96820507
97848957
91317478
122665258
85826606
69618118
131404631
64040366
74389997
148965071
157199024
78229606
72811015
84290139
123413547
60097055
95275338
140241716
92441793
94025188
102293843
72698800
116305080
108862262
94308385
138866239
89657777
233329544
101914843
77902405
131191789
123100196
111266101
118788012
155730983
62974659
108207170
86207025
108140627
111944120
97275948
76162636
109991455
133236185
150059837
98395553
93223369
59420447
112137700
52506511
67592004
114154997
126929683
109467257
104775613
84387760
50207694
87386778
162013802
52659554
99241176
108220019
98839506
68184435
129608879
117025205
138519418
102920454
108930120
117096705
102672718
149524288
144196782
62597559
165937916
102203477
106761106
132549460
111310547
89273937
121178046
95515599
129669597
79609321
176227496
131693636
96122930
89349835
146807052
110868673
143929335
142040869
137361558
59163164
88945008
85361925
65164065
78365986
121269113
154267516
123551845
151994063
141875634
109438580
74756650
136109716
105719731
156028581
113308824
51168110
67107863
61738701
43558162
102296829
100856013
123709118
62380585
55910169
66151127
152831714
96790367
92757248
143846351
97863159
112308963
68879425
114858877
93607305
97920682
98291667
100700443
204702673
100418881
82298655
179616145
187842150
124150716
72154787
164331453
109979670
108448149
102318753
65010634
87726107
119675351
180641450
114044113
131311011
82526460
61324006
142070570
73582697
70960755
137587138
115081099
136133456
133872325
104980103
101063409
61073106
183602696
130595740
105835762
113330903
74470113
179148653
109151233
78729061
175844184
141614273
117597694
101577341
170689946
134814567
152043989
103647629
78174203
144843935
60150777
186125983
94897128
158403022
49031100
37332247
108294687
49123472
77866253
61980926
100243838
64554906
132468422
101209563
73027098
103957766
75068927
92228403
74154762
73519789
75161549
84408949
112142095
72413614
79147514
79658783
80638202
78683128
122024246
84142739
61510708
56145297
114179135
78957853
147010326
102605652
145110489
83053433
171672111
144005654
211489837
150302837
133995342
101877832
67326384
96016212
131251130
91113662
181971505
128626083
233740348
86581929
201098446
190050939
152666664
82077083
63591475
82808833
109945814
88141884
76282820
137857442
64085814
145136786
138520020
56075547
123437465
91096737
110870022
172698183
137420421
71322664
56542017
83661955
106751919
97290411
77702592
125158697
123141968
183078681
153937426
109979942
143053838
86581721
98593057
90316506
160185665
87303618
44750427
99596605
116616985
54092358
84014695
64431130
79649922
89284044
115195181
99783873
45529390
183125562
125132731
86087284
122331792
118813036
88342453
163022831
67590300
107697607
69887009
195489584
86143274
215598887
98381343
133703357
98459345
83854579
124638500
227506138
77859732
47143771
90489033
96916731
88821425
88082718
87788040
121915553
120560374
92908671
64454242
98855706
74023122
71551144
174639661
101926269
50633037
147587027
258942218
270400379
47001627
77334753
60218931
138515115
131474525
100454231
122691939
147280425
80657465
118231666
123485080
105369101
159442951
70133806
110844545
78985498
102455694
48385390
107326199
173817111
80893903
130404168
102567549
93511224
223593454
197146895
59409853
66679880
85199265
84167309
98895811
99443386
202502683
130077298
80487377
141187773
98271374
119226072
152686062
134067577
98738007
143848803
63288696
85049143
144807586
97014714
62073220
57132532
86719984
114994805
107144864
157633380
125200800
92633000
102784098
90693228
124153379
89214631
104710899
88315284
76289541
206574538
130490667
148429542
120598755
50944992
70169860
141624634
193361948
150936708
68660409
114710278
84480378
159075466
91955057
59311414
118783672
81599120
150786770
114278128
152333362
91907420
59291470
85713050
201827725
141605847
96343872
161166626
83307394
156592555
101277752
75484927
90818463
37552314
98314606
116373880
198361268
216500097
96064312
114039414
129137822
169724503
115454104
66075016
63622588
90054359
94154885
66773694
81048506
48125733
58290444
134334380
149967698
164631974
153923513
222861943
128901371
125602909
57474447
150079165
101751770
127430464
174771126
83350817
120369847
53787384
96004814
150456872
155250407
62578408
81338595
75379109
60945608
161723710
119345545
85616167
121385497
40668194
83241122
78223271
71594450
64448729
183974668
127824751
60319099
182596844
62895801
167114067
89924499
98498049
113159365
93557578
176192374
72397389
154289756
81696992
47356938
92236311
81523232
268520076
56369941
96903381
123105831
96514037
68161600
231163982
61119906
102211840
237193027
117024791
149609163
99870036
154450048
177517353
87272864
81855643
76186301
126543531
83716459
78678856
52772291
140466905
72198341
71286638
100777538
60947696
114123829
59167250
106170098
130145058
167935070
59392927
130544797
95795356
69921062
58222916
170664495
108141573
340353384
133780474
149748350
190464903
115770293
122479004
96994547
79547797
118273101
134802944
67934164
70237498
88141373
78893654
126179326
191086939
156361576
97240352
132095150
102736558
199131951
74660896
243457914
66590174
135347374
132449709
120335804
163767854
110723790
112890326
119199368
144843065
174014433
65806511
48876941
94793559
96760507
118559942
126271697
141855834
86811400
58702563
105505523
70395368
88734055
100402065
101112191
90224966
102231149
118707939
177885947
66238069
48228454
67200824
93765456
149925533
98907267
98790891
73244229
105966380
108546853
85573358
77975238
146831632
77286014
109972176
117085878
196210976
205603796
89717648
216188763
93428927
98009899
110020920
103413759
75201511
167320652
56023830
121114141
74123052
104902271
94850844
165429832
99567894
130138267
101637560
68995141
177906509
54490964
134245363
107098364
70110506
70600851
69632385
138275821
91701814
179281974
78467123
68728570
170768447
134342650
124609746
144076807
188126368
145699469
100292423
160986778
85108940
133328802
136291219
105972649
49778796
73342647
104071295
152495900
74010092
78206588
157828260
136932699
133372894
66661398
133618180
180752413
133256689
183477475
116437507
86706529
47954140
104439184
111509494
75348020
126164351
127561521
115085295
122986914
63799241
70649595
70951061
205335499
73449758
71246594
51370821
131038924
139952732
160584133
91084997
100013968
101197421
71203176
84806377
68101858
129821254
149911923
127460194
157716540
80235093
88417443
155437602
70787958
171825776
64617474
126070306
108896590
105517834
57609416
80408674
90791526
107522695
150493531
118233535
126926007
139492713
125292107
96507183
113423553
102545367
102369381
83143046
136835515
120384069
79963735
82190770
123976420
245571812
66559512
102967120
112915088
101067761
104749426
93184329
128264216
163812311
81174934
101034419
71861444
173259511
148477935
85767991
112528486
67242160
104873443
137742972
138471913
113897378
139771679
82556654
90870660
110376517
68818465
191282669
122211540
134091702
99466920
119558446
171933806
131838103
53117147
113881996
103538396
80651799
140621541
89114003
162532037
127964497
73229683
179775621
251204362
70995547
124224440
57780410
80718552
122141749
148984157
113524154
97491341
174083208
96236526
149222209
119663879
89227787
60153415
255558015
61061387
85312762
112861563
137864534
108800948
88268175
131853719
142909890
67687819
122132102
157700909
145971944
168916339
194094856
82903642
75581759
143649510
156637980
162367591
108906251
106267912
50308613
51401203
90277808
93856940
142775380
68516368
131586529
204939607
83861378
93663490
90012618
210930222
53511622
87251892
171243856
124067795
120749531
133065589
82704157
98821673
155275491
112744619
164751162
105642845
155930647
40817049
120679521
91859665
238178765
106438753
116285045
122323528
87800967
137794123
74076868
137694644
148022763
137158601
95513710
82240246
86650082
201426503
43789012
97168306
183704990
92184374
97943685
77362388
86618048
151375606
224992422
164016622
67330529
120819909
95207663
121052480
45598406
122208622
81825483
125516570
97373556
118075508
122668994
214075656
167929914
133277598
57075247
97304530
54540967
101113991
61542690
94478596
76384775
71906215
180753234
94648088
58733493
135879026
96170203
100123844
75217092
139731826
62397654
110214588
118428234
129113150
139822654
129977136
76065046
71464548
85717536
264626498
102497845
150684283
134450809
79161199
138237183
153559218
123020640
113692766
169043532
153129969
88590112
64077119
100857858
71038406
129035599
101103271
59596058
99787156
228755053
113064226
63158399
70317311
125409663
89037425
124813291
73299604
109027679
75243962
128637435
155007021
155638932
160609601
138334956
77112180
102766404
117240627
125542994
136574950
123121068
79549049
122570512
100101697
115643962
262086824
53467229
81325971
139996235
78140048
187070331
86922667
86398992
166471005
74148003
55095932
133649226
91609965
142936097
160946417
180985344
161186918
73375521
132552916
165824366
178115461
90554045
159899564
148466213
64055092
107312218
70473711
102445435
146899976
78471337
116492417
144837151
133208599
161929826
89438974
160875488
136860871
122507566
159729784
114932156
158344933
87045789
123479815
53927617
96279348
61039128
99694898
132268566
93049904
107357698
124346849
154644109
73911350
98902869
104242442
77077615
91893785
136388242
120513398
144071277
104535258
103836720
53154302
74254372
106747136
115389613
91412463
149430758
129460108
132196280
113082512
103432737
77138949
108905370
73911705
178972862
108824524
161060126
62472091
167242828
66420456
104311610
161969256
150924670
76993629
208517984
115117274
116615964
111547756
195091285
72579293
70744396
99256160
67976493
52261199
133206134
262388092
92513486
171475075
45221777
100527044
163794627
87006638
90339583
112760550
125763052
118631726
57615407
119463393
73082414
66793067
238782355
91954177
99281386
130706860
75361295
204863800
52627990
80957170
135927217
92191926
131415356
115577205
180537985
171965036
145742593
142117666
77404205
132698095
81170556
116126297
94870710
160262415
72552612
156681765
140017474
122928389
286456093
154560463
71545358
103192951
88723275
51956210
129108643
152918194
39963502
174507392
239831128
70687446
92173545
138826993
108484290
82377424
127219886
76634228
89522094
128422876
146615811
189092231
35064439
119243904
160855947
83564622
100825245
79520696
172514832
94494451
161938233
117153980
239770140
179540404
207835725
98654970
139662104
217536054
102283554
57835687
114399362
66801187
143539684
65995109
126175268
76394295
57060662
85474754
73981240
100030999
89302480
86175764
99173578
146318653
134026090
57104417
143555747
104359219
42342959
104772587
162633121
115218194
93721158
85786640
147607715
146787831
150733149
82906514
90088316
97740266
83353288
91022930
62571229
83087117
55373400
102326466
88615024
127502661
198225632
78322751
112139004
51815819
176313055
103261939
80485155
80500918
33283948
91935136
111373024
85692472
112122793
125842213
150230820
76380764
107987431
113157502
90752207
81631011
110749796
151996044
71924285
94038560
159844027
77951517
127098304
136427775
87462272
90954092
88745080
152343917
82760534
98350111
100116176
60835634
110399599
202960783
78454066
111588095
175790042
201406520
143787617
148809063
162936583
98218187
179153049
127548677
119569455
164215555
110195422
68699220
157760260
99564610
95160913
79943729
99943638
85257257
152860667
94931423
61269884
88671633
124473966
93707176
136928010
66962555
46946264
231650847
66435338
43549119
151606245
44753379
78130807
63260408
102515949
114438201
127482921
110402621
82347050
68442719
76959920
161346370
182729815
196096836
80709814
65435748
230000906
74207715
198511176
72326578
74029194
83557644
80389318
133544965
96106489
86380727
102295850
87081001
84758573
118694813
98268305
102595181
175122840
81075411
121732732
150448034
77655402
81133810
87806585
94162361
180192199
107586012
126518515
169762131
209647835
156681383
91533834
120430469
136317600
100423793
70897889
78622046
113027561
79948212
209379348
98038859
76773562
94417848
120555970
115991569
102858922
131617552
105311312
106336549
157746193
116350132
215710054
64296018
152969396
82124108
143281829
108087965
223468262
116217211
83349013
141820796
67302630
97654755
180996228
114790050
156445458
93019409
61316025
84564709
89379564
111237321
197276432
82077960
67511355
64479903
98617438
175273626
107269888
122387031
151311054
84690550
78564087
174576952
128214127
75400288
98888704
69734754
94843384
178325045
71735969
83633634
166017802
87027540
146806602
90919834
129209840
95319453
113305432
132342085
145681443
106689869
49674823
134925585
100656091
89078411
107742213
91504086
83990242
135593104
78159611
185796300
98793688
77372475
112206694
156886536
118128592
99895901
96595539
84701305
187521272
137302538
130804154
271539028
241099177
104220163
48530118
134742055
126692454
125508256
82575656
75482654
194537846
67010109
99993538
119002409
51954528
49908114
103464164
155393695
83473038
125737042
72238994
78581538
99061771
100991272
103700937
128111774
156356107
121737543
74010311
57114615
68083715
118802249
145910533
128919692
103826703
115149799
105573235
113032968
48510473
99263779
89763409
75874728
153143648
237786987
122435378
59866773
234401278
118509972
117104391
92116989
59059897
170992443
86744416
96887891
125692039
168883154
120999626
90398295
178000967
109491174
126289423
126116248
186166691
119756083
122367308
145008216
112422493
121593020
110877342
97270305
66998946
205343531
96861454
118543004
91784592
82222440
74847278
159235342
121756050
97881702
80669925
170124675
227945959
146293112
121816884
56961806
54956031
127001091
54270993
99521008
111922273
123709416
121160662
185888657
66120614
71745858
47339183
87499436
163736911
89189120
96084239
100843768
116744663
99230764
200249191
71737340
68678370
111230366
107190077
84035856
116623672
103165328
133895847
102844636
182757127
73638345
123314075
83367570
116932339
55480374
142389903
164965248
111614226
117527987
113527507
123130453
179698721
158897607
57472333
74231552
89944901
130917518
150749026
76396430
82214090
126843061
125669657
116850156
121971875
83881904
119259571
98238533
96126681
101124448
112372500
110267742
91165289
72928706
70649803
94757600
146585088
127275997
123456426
139416051
80615685
102943595
83994900
153568289
84893742
101191550
83490370
100704590
184106621
85151204
87477444
283464613
132200344
122791891
221702572
97322741
155699808
77820531
128265948
137664983
129020545
129099419
89580758
124139790
126975720
96561743
127077410
74603831
102648119
68071926
50536372
74694259
67377132
161698041
85779340
104255566
138627038
117224193
107404608
81363826
90519091
212830449
128792365
89780218
131320304
64009804
210124769
75030901
85313885
97413852
177371945
119237351
127305998
72817238
137664500
147615031
140147774
120108851
117212729
93386932
97714203
71930425
97191110
121593772
56790976
117618108
179028514
191308712
80446566
150763060
54810422
78306028
93945774
118129456
55731312
102062916
137639241
139164127
116593133
195102041
61462584
109510989
61991239
58368804
55954117
121045094
85735526
46610744
56054603
84655377
106026798
84246439
121415240
193986090
88823042
171160014
76250409
105865332
104252090
124242505
118236931
85112002
93678536
118240106
102229580
109609218
78614902
175787039
86057564
139151690
111526573
46848937
150308367
116087005
117565875
174983270
135906611
97760023
94902945
143866093
128074863
168719891
107668796
108190167
126128825
62362955
125091287
134613362
74327891
126217117
54870866
164298107
96742370
133663026
87160335
57529017
70084826
131542590
160982490
97681946
117571434
101904460
100569380
93355611
54002808
105286186
185226689
66233510
72873058
129341977
160775741
71979776
149700684
162204736
55323885
148225440
233948819
111559331
142835062
63900687
157601688
137319231
180447324
47815174
147283681
89105482
91142409
95283038
66480125
158350198
110151515
107514700
161248514
122124483
103909906
107428412
53673025
116834199
71724691
143494930
113378889
166253623
100429868
116115857
142045999
216653056
80097898
121675121
138869143
100717793
65291980
92517954
72162505
116230980
71333465
107656785
120956540
103836668
167666472
121016936
187586203
62415723
89855783
137934090
79599708
190082442
128943194
101242382
92085042
102825319
101654974
72367396
191185790
95784631
89618241
65101299
79284653
71433776
164753211
149229300
205242265
193792090
173299254
56222920
220403832
62316980
200689364
110678064
133927906
95171009
167614826
183450838
103894757
112704801
119131408
103040809
150185271
142705940
81710208
134107474
99749652
156758643
118968950
116078720
191100922
136522534
136405451
106670351
97073051
200552715
219171264
119771788
80853723
84635936
123167896
197805507
111797474
91294002
87177912
160363955
94659526
54927957
46886122
95561916
171269128
38592780
68085693
62214510
70513550
136354361
130477284
121987565
144623153
109998413
84944432
101870893
127074831
174107601
139255115
132756105
106614388
156635762
67748927
200565439
60455605
127344048
137365551
96697673
99474546
53180163
115363738
76908251
168126275
119530265
224443572
190806832
112121059
57275447
240125395
116537730
106182473
188855152
82967543
151584488
81980094
90205862
68030077
133470916
77113159
58505305
160267444
85400939
77813113
127520131
186688569
133854242
147216224
71409445
121042709
105940600
146476389
77312086
82555075
73065530
103589749
98822289
95597505
223777525
94451296
147120145
137956256
70259487
85043445
74154744
185334508
79867617
91589879
60975669
127126710
75816275
143744986
63870073
147119220
84307175
111922479
106755619
77862489
79823471
172039286
93775810
95401401
159965665
167559572
95367687
