521
452
1942
587
1081
3016
2693
247
2817
2531
1398
313
145
1219
1992
266
260
1434
3261
3890
329
4
563
545
1056
316
1794
1396
3742
374
2592
1631
1115
2725
352
342
184
1194
240
1713
1023
3139
1991
1390
3
3073
416
308
1048
2695
203
1
36
1666
813
386
1519
752
2075
1292
2952
2544
2195
403
411
1460
2404
152
2802
655
735
448
1325
963
2098
1012
2515
1008
379
3239
829
2170
772
829
2372
2778
2397
211
1585
814
1730
2499
1100
333
1740
153
2597
909
43
131
743
83
508
1092
2425
1593
1064
1881
275
1599
1370
625
1489
2398
1459
1331
1686
2617
3761
1158
880
397
864
1231
108
211
3007
1945
836
47
925
346
925
246
1764
400
122
886
3806
462
3772
225
2847
1678
2120
543
1421
319
3064
1410
832
893
1100
507
864
1746
185
2242
234
1858
3102
3537
404
872
226
971
2466
881
956
802
931
2037
1162
1991
1339
201
2386
1144
1205
2086
682
1691
961
87
1208
94
2753
1818
560
484
642
2163
239
1003
2352
317
3465
371
680
57
34
2565
3239
934
2319
2974
910
110
488
1919
356
1569
1754
2788
996
1155
1095
180
615
955
539
2359
334
1135
1306
649
717
3291
338
536
352
455
735
882
482
1183
1268
652
1109
2769
1035
1495
34
809
170
91
493
658
885
2998
238
1222
145
194
3041
529
3185
258
322
423
1512
23
276
2499
598
1945
373
2023
424
231
860
337
913
1976
656
123
229
2310
973
442
1116
461
119
728
1989
1489
56
1147
1021
1761
1334
2520
2541
2282
51
3185
2961
482
1941
205
2180
2186
1203
2863
916
662
115
524
1349
55
550
470
2632
221
805
1105
684
2006
1514
621
1444
1810
1543
1431
2605
831
832
70
1566
660
250
130
879
3797
2491
428
1845
409
155
222
730
800
242
870
2334
2597
2715
1184
2642
1690
1584
116
767
3076
455
572
615
1352
989
2324
1435
716
3110
2541
360
1057
1532
690
493
1863
507
1001
1852
1188
202
502
1285
497
410
1165
749
1650
574
140
1445
7
483
785
995
1172
721
594
2846
332
1812
64
1243
643
337
1335
3
1278
1413
391
643
3098
496
2327
421
2353
1333
1613
823
289
2247
410
3212
470
372
2050
66
240
696
1381
1193
2243
2199
1071
2643
1274
905
2148
1019
1000
119
1970
1584
111
245
1487
1406
1664
7
810
779
143
453
2849
1246
2191
684
1600
2458
286
252
273
541
2133
1033
1725
903
3137
681
1176
1155
470
512
169
1374
897
2329
1388
404
8
832
948
1361
441
818
1714
1299
2316
851
2696
415
1518
712
3057
1852
1991
2079
514
622
1256
156
283
2927
85
203
169
2574
886
369
2016
367
1953
2309
183
62
1886
506
1219
2007
772
715
2635
1084
1313
786
2508
787
587
2087
2052
1876
366
699
537
1228
2137
348
1246
1437
1709
179
660
41
603
1594
2579
1029
297
663
1213
811
919
2660
1725
996
3537
1488
809
694
1112
3383
2298
2084
400
3760
1909
2787
1751
410
755
1060
730
1966
619
1231
133
980
1159
2081
419
1828
3093
1571
0
243
2557
370
1699
332
407
3133
2543
31
689
94
463
408
1792
1396
1779
144
958
438
3142
2269
686
2095
931
744
872
1558
3151
671
829
161
632
512
2250
183
1899
307
1179
688
1713
362
535
974
456
332
91
237
1333
2690
2195
1552
67
321
73
1588
3
821
49
1283
993
245
1700
3157
986
94
549
1746
834
846
834
106
300
2519
267
946
982
982
301
245
113
1368
1031
478
1064
901
392
565
13
2902
2502
1481
1007
257
1586
1547
390
1250
1651
476
644
864
145
710
923
1199
519
1113
282
409
733
782
2383
1212
904
1566
895
1244
597
720
475
873
1098
160
603
193
308
1149
1036
2093
2560
17
237
1931
1907
1438
719
1054
545
1416
2095
340
144
2430
1103
7
1602
254
2968
898
1380
648
1661
1849
3764
2069
1678
1295
1782
400
2500
1869
1084
408
917
2562
179
231
613
1113
1304
115
1747
957
1765
1947
543
895
2564
272
990
639
1101
527
573
27
1010
208
1796
175
169
1680
769
1671
50
874
3263
112
980
493
512
1330
241
431
1765
370
770
3231
2830
1895
395
923
3989
213
3122
1370
1551
15
268
1856
741
1477
2201
5
2874
924
718
1142
1424
606
53
106
1735
1235
204
61
1571
1754
460
794
1542
2802
2382
2088
2571
1453
290
3910
662
276
497
225
860
196
2120
373
1019
293
693
2053
308
749
12
2359
2229
2393
449
398
1934
148
977
30
757
782
1014
192
614
977
702
38
477
191
2916
207
1944
3072
1787
810
1235
599
8
294
3225
54
964
2710
801
2744
1672
3816
1292
782
2356
333
2632
752
2449
2196
3903
638
89
513
35
826
3083
398
312
2655
2939
138
1004
1647
96
729
538
910
187
1646
2894
1580
346
1974
782
2271
241
1017
1601
505
767
163
1945
866
889
834
173
223
1007
470
1362
2231
527
458
2224
1348
651
3598
3501
714
898
1137
67
705
53
926
1886
1118
1845
1190
2702
613
795
536
1558
1340
1150
734
1111
336
1385
1442
561
3643
1412
457
147
895
2519
2279
2884
1050
2160
352
415
1703
581
2376
1650
2094
749
1862
1488
4349
1845
717
1291
406
376
402
774
148
472
1005
477
50
886
672
172
2107
277
2738
3274
1443
851
1748
82
109
2049
119
1129
1053
586
1365
2435
451
1441
74
3292
592
2140
540
1602
977
104
615
41
2412
1170
26
1777
797
374
510
1255
1605
63
1021
2146
947
790
1826
539
1262
1163
2248
1556
394
1065
2257
1391
2345
1665
466
395
1711
811
3894
34
116
1148
1520
901
1667
925
38
670
690
402
1124
174
2728
692
1474
1011
2520
1183
721
1263
744
1573
1206
1750
1396
293
1610
3179
1571
2446
7
738
384
411
1238
484
2357
1681
437
1315
1464
1865
1614
1323
2307
64
1199
2196
595
1135
629
346
1590
1922
817
1099
683
720
3800
1543
1581
821
1014
2322
542
570
1005
1130
2331
2227
2586
188
658
1035
3626
1027
382
1475
1607
1646
1856
71
445
9
866
2966
961
1231
712
690
2131
2512
431
981
1793
1
734
511
1189
1862
811
993
444
936
1140
121
120
1696
1878
2108
2170
454
133
2501
717
645
28
1265
1742
559
749
23
1968
111
1069
1308
941
429
1904
1459
3074
1387
937
421
378
1334
1223
3138
697
628
509
607
950
1710
909
455
1046
135
1705
201
1840
2909
2245
182
1625
1463
379
733
974
773
3325
908
264
931
1571
1350
1037
845
797
784
757
376
2555
1859
1340
2086
742
1521
2501
892
789
9
1249
3165
620
24
1273
2322
547
1703
2208
812
2166
1670
2438
3111
204
2051
1940
876
836
1993
100
97
58
853
2560
126
2128
2221
1236
949
171
323
970
1609
1807
1576
1787
1522
118
531
396
830
692
1579
1561
275
633
64
2044
53
347
1676
1306
1379
2098
528
1738
1776
2409
351
1325
609
1783
911
1796
117
730
1323
2764
1680
1137
43
321
647
135
941
526
2044
1790
1836
2591
898
409
745
24
991
640
52
678
59
2047
1788
1365
816
1523
2770
1938
1791
616
364
1048
400
2492
840
922
257
787
1868
2110
473
626
720
2170
2021
1213
360
153
680
2169
1957
2210
331
1476
737
1006
437
776
223
1776
441
751
897
1189
840
103
1815
2422
1597
68
573
476
881
258
1219
644
857
1554
313
679
2552
911
237
1589
220
190
209
130
191
1002
290
411
370
1027
2448
2074
952
1057
36
1872
1318
2167
168
1445
1849
1952
1253
971
423
83
960
2942
974
324
1025
791
1332
722
85
1336
942
594
257
649
1516
525
657
362
1442
1918
1140
1737
341
22
3036
871
565
1298
1472
2589
2675
1707
98
313
1799
3206
3923
1693
1082
836
189
1468
1
2765
693
2551
1093
625
94
620
1303
178
1849
675
2032
1472
694
599
497
137
270
2018
1219
1986
974
316
615
361
1497
2015
1561
1287
2396
881
904
245
1302
1862
526
722
1354
225
647
837
904
4004
1175
67
385
2575
320
262
126
645
431
1659
1663
1463
732
238
661
1290
179
883
128
1872
2273
3393
1367
3086
641
473
987
2298
2975
1246
3018
572
36
3020
184
602
3611
53
1096
167
66
790
1448
1490
171
3073
1901
301
1351
39
450
1362
1196
495
1205
1278
10
146
1677
102
1008
1122
2483
2410
2762
2129
665
2405
596
706
749
467
428
765
2365
1731
1517
509
522
2128
313
831
88
243
1000
770
443
1451
95
1405
1338
588
361
1426
1450
1889
111
949
300
337
580
1187
2019
1288
78
2062
2081
1204
1458
2015
52
2021
1366
1954
70
305
1378
705
618
1887
474
1728
647
921
1485
1019
1424
507
2710
923
598
107
146
219
390
886
1227
1164
1915
2388
2552
1926
612
964
48
1616
1903
58
298
3066
709
1355
656
2361
2343
355
1767
1179
355
243
68
792
156
1030
1951
1066
672
698
992
1628
746
1352
3409
2756
1230
73
240
161
1866
211
1514
2194
368
666
2733
926
1600
271
5
51
200
1264
1461
350
1416
1273
500
346
1100
2050
33
1090
456
2297
270
969
430
1110
672
1157
441
1178
2511
67
1368
959
978
57
704
2498
2146
201
1980
2802
765
1746
1995
1765
1856
1327
1465
172
41
957
1297
3066
903
421
1491
563
31
1668
404
1119
44
507
2345
1114
1155
3186
1331
415
21
613
585
570
906
419
1316
1111
778
2961
550
215
2199
412
190
1422
4
2558
609
930
83
907
599
901
1801
399
1266
487
747
2860
1323
2698
1712
574
116
313
471
400
614
995
777
1409
923
192
557
1752
173
237
439
58
25
1747
1373
3047
3061
1597
237
91
739
1447
3140
1369
1346
956
1176
3209
1563
2088
611
936
2805
1619
1138
164
890
1621
2142
173
1434
780
595
755
138
2847
1620
539
2582
157
1770
1829
44
720
1338
2475
1437
856
409
404
51
700
746
821
552
308
507
1983
3006
395
438
1248
1970
432
595
2440
933
956
2150
2270
1144
268
1289
3318
1366
1392
870
1828
4097
106
756
622
664
53
1705
2244
1366
991
1191
1250
905
967
1047
1424
600
857
97
1024
1151
2300
2140
200
2068
54
581
399
2714
1241
408
4027
267
451
1698
2312
147
1545
453
1458
1718
620
377
205
1040
2721
468
511
625
1877
592
999
252
64
809
718
126
1549
2558
471
3131
1076
34
2003
237
649
530
568
556
1244
858
1608
515
3229
1661
3648
1989
409
763
2421
1663
1615
2584
1216
1206
519
1640
452
1025
66
1090
1493
1572
1039
1418
1801
2206
138
28
482
1843
628
185
487
209
119
285
700
2393
3101
246
1246
1705
1675
2655
309
675
2517
4136
752
188
433
520
1827
31
775
2000
1148
1147
2204
1028
1435
593
773
849
1536
1586
1083
953
57
659
565
1407
2084
1543
414
414
473
1354
1298
480
740
144
1414
966
1998
2008
1151
3977
588
390
1748
830
29
1164
890
3213
1255
1326
