35748397
36419565
42578019
24189071
32471073
30658250
32779836
16110537
26643612
35558710
29630365
37938514
41277497
20768923
30690752
12539107
39473794
39816757
42981388
33945153
26719366
32576804
24041755
38078405
28666138
40890626
23254359
32905557
26427125
31540303
38796949
43892340
39920450
14472676
33113483
20183525
31836472
38697160
37612824
17922911
47423955
23522161
36940540
41234644
18357374
40236661
53406863
22156060
27923468
20154283
35739209
32351201
34444719
39381540
76490858
35442135
28557730
27124543
29151847
29621182
34950823
26012873
53100853
22734559
34711535
74722311
29704027
22997200
30560950
35442466
46756999
21462735
29450984
18762726
16805979
45136440
30211798
30787263
29538376
19962676
23045505
23005942
29065281
37351585
35239196
26336465
24592427
36342516
25560114
21600663
30161862
40722320
27148360
22817271
28103703
28188131
29378557
49354718
55473724
13854905
45808603
30927784
37765140
34366665
36791103
30540354
51279506
56558649
38232537
48137786
24549535
19747619
28993704
41230742
37919220
27096022
16691915
44905459
26867445
38298099
42652909
37758702
45747360
27238323
20662558
30037444
41865903
33939289
23258402
23501874
26864803
38804834
42851095
29837951
60336594
29670840
25471657
32001264
37769862
37049714
16335912
19976047
37734880
20938622
31115746
36248168
32213817
44931898
39005948
38749465
30177155
26850658
42724433
40655777
47710901
62613839
24378614
25704504
55645975
21920002
39614873
63823387
40195583
49061009
27646528
34740634
50009302
44286664
26800743
28974346
56338850
53684236
26110852
46779302
32784162
27594846
50831925
66992475
18700496
19584656
53817136
78034987
36182761
40847783
50255765
42308063
20321477
55249827
26419421
34314603
33725915
15282511
25651541
40525674
26534906
37998552
34232127
26100898
26467321
26435992
26332691
29395031
41151857
17724023
27996641
25453819
23853942
21914874
33512423
22103935
35233172
33102870
20774320
26502066
30772917
43972649
26677053
28113392
60983083
29788027
34297907
28716821
31813976
17028625
22141439
35029103
31100235
30824941
37284582
46301552
34409335
18617252
36381242
41731357
42667358
24886945
41890484
26985625
57951445
17365885
20448592
50430965
22973318
65284785
25123691
37239140
34321794
31567461
31134404
33980044
22351285
27979516
26161649
23006999
37153398
36960728
34679881
54708780
32576321
35699654
25815473
29808646
55200546
30061003
21368824
36243628
25592531
28509731
47145503
21473503
31055046
19829242
47239805
25646612
46946603
40327773
38115211
45082853
26999566
18930684
17585266
44691459
28016045
63937256
63288918
26377753
16011977
38677754
44289689
30765597
49626274
29608056
36039221
86663144
31975611
23803400
28038873
28182492
21593641
28483745
32058620
20420848
35291574
40183154
41000099
39539983
33691636
34335197
23119035
40953940
21197667
29066915
32307334
49329667
47594549
27709367
25673952
21056248
54003814
44653429
21873886
33019549
16175075
60418186
22911131
50106703
33287139
37505795
29812724
42688273
19394822
15256765
20677025
53800302
44028116
16249487
27240535
25878548
46140179
60782509
25325679
46792485
41125446
22389861
20303681
37453785
34115067
21064576
17748782
18368086
37547393
22274367
26271574
21939604
47705385
50708463
34957956
23027100
23967102
28365800
40605651
31410606
46939894
18067297
28488238
46656385
22165631
44031692
52964711
29934184
18843660
26840307
63983781
23626842
23136079
33693334
49121298
17825326
20237031
14808882
36874050
33884962
38574749
10878478
34918795
42820511
31231142
19196947
33135966
50946480
26364969
34953133
28648715
36308732
28026103
25996939
55043999
32585198
31907886
43744639
29362380
36769437
46124646
14752382
25630827
34192938
20741213
17362072
33875983
18411308
40364227
28076197
21889332
31215991
15325610
61995869
56372732
27288297
49273378
24240606
49477929
50958193
45005188
59868032
40985515
40733928
32924382
56992638
31202700
69532969
47858719
25296953
32416002
22597103
27456991
30204160
35622384
22850733
26311793
24426042
28841484
36441599
21300203
23343976
41105447
65879321
38256600
20509269
18128293
30823826
41799952
23799066
43770588
30274781
36172962
17978205
21544647
28661943
19703850
15767045
40706423
47162954
54718241
22357537
27879968
36453354
35674007
24505705
29512598
23513260
38145627
49702957
22069462
58946888
36905802
21929737
16136523
26470645
42608735
37851430
55444679
50666862
55396996
43498744
43297706
25944755
20313476
24642065
31285521
30839694
37319834
15931077
29371379
44584548
77584394
43991780
32704187
20026184
35518381
60127045
28886017
39601665
28308949
30436930
37243989
22743072
20913492
23843145
19563609
29011985
25126092
36446927
61705561
36535999
22850550
45489535
37597527
19038483
41466763
22812567
32609981
23723761
16597113
29582813
37116021
26449817
39698718
25198431
15218377
24819467
36515518
32200392
38811320
39677513
32543848
18844389
34614046
26511298
30502241
27285743
23147832
25969293
40087178
23709433
26314189
22521651
30375776
24482144
36250150
30623207
32893952
41297514
29424449
38222153
35092051
18695075
52057072
26551657
16713801
29569735
47567368
19692913
48465180
23417568
27460701
63922363
50901244
15118486
20931242
45351411
40559084
27330645
31137404
30519786
36727819
20975368
42748495
47035728
24630393
50648346
52449638
31525250
30146844
23072568
50600680
32010852
23668051
43368946
52884694
44063813
35748259
36285162
41806226
36484318
44456056
14754120
66204999
30755665
22980975
36214748
32427980
50039404
28829424
61795397
24750249
10046231
38381225
33954873
27683679
42990512
34294416
17936506
33315362
27068701
30643184
24671494
21372736
30048576
31307526
24448561
42656043
35315396
18290065
42832151
40526601
31560063
39034847
34031282
41678138
38252013
15490695
23291356
33134050
58641932
48354794
36423739
78176765
37524074
32958209
26931953
53885522
39667899
19108580
60389415
46148192
35900551
67573807
34021034
34777941
43621456
34630921
31234961
45259277
28248828
18002287
51903743
42552898
30500736
50033606
19158148
48251355
28632233
37771150
39893280
35625374
38021364
27127180
17394472
35848158
33066093
36185583
27384533
36327175
20103321
31000336
24466702
20647326
38618616
59165291
41005532
20600512
31186672
32620887
23955468
26074120
39231968
35244571
18915483
40489653
29980156
20998397
57935738
17600908
32477260
24954564
26359292
24178107
10188074
22044347
55646750
21746320
41597203
31167345
22213276
62101943
22977482
30602467
36724381
37449751
36153787
36366051
21233682
22077183
26081620
30760406
35897170
36813049
23534390
29959840
32813319
28945276
48190835
37684711
51220520
22222321
43513005
47568256
33845985
52462012
34525041
52299858
17962162
60365526
36513889
30580160
49044782
26669805
21105052
18751947
24394942
38612689
44649776
24293968
37826267
40705676
37597790
46107668
41557782
45564748
27202316
32697224
56946980
16392180
24185039
20352605
30641571
49719882
21924520
42706217
30814657
17421083
23872177
34589088
39820857
68401154
44612305
22105472
25474592
26325514
15513707
29956265
29863998
23635554
44502433
42934651
31420593
23758907
34209272
29217330
20506626
56216674
43235960
24267981
25742004
21900707
63926502
30977110
29079282
23663158
43979570
26133147
49807576
21796524
39762609
23614011
29004560
56771331
73893904
20444908
23968128
30477460
37702909
31778086
37008765
22037278
17176658
21592364
44551764
45069007
89982585
20461240
29053551
48588632
28087927
21190288
42781021
32161703
18030436
60623444
44856106
28031038
32159490
40381932
76802378
26270034
43079053
32290400
27048585
31000001
24984668
25428050
33067938
27001271
82902351
36863324
25760215
35468064
22871679
33057460
29917234
25757061
30845360
25891303
17298759
16334006
15070027
64372019
25643811
34103471
33637169
26618918
16472123
27515902
35847923
39269079
24111807
30741068
26377778
21019330
37058933
24282662
25330245
29840044
13641886
22463965
41429702
40469343
26621917
56520214
21439542
31482429
40012652
36908845
16767756
17188805
46282846
19827104
20584231
34461196
51542179
49524026
20159689
13699094
28674652
23251843
43838799
33090494
30886377
37332557
51456734
45538611
16852708
44763677
26287297
49809880
20182854
24928200
23210265
24053051
33518692
31466920
33004527
20726727
42883105
48610815
36410192
28563554
20231739
34933005
41301567
31513253
27816200
36105921
21187840
30217458
24484038
30780717
50456618
31863869
22833213
24950318
36182180
18971755
23498017
21156565
41293531
34475223
39567515
32196203
30219183
50063041
33403541
39648923
36319215
30481704
28695228
22132791
77243462
30506315
35255408
30617203
18610242
65824012
25981691
47312269
33078027
18847994
74342922
32817849
29683609
28569467
23149975
40248914
25324538
36436015
20662040
26200037
33478278
27571037
33048134
44369501
28950321
56736352
19157741
54733027
25765355
22669395
35323029
31948855
33733178
35178665
29523580
48666623
15859623
42165088
24157867
32432835
37546889
33123894
42619767
22812103
26513058
38012602
32312601
28828330
40854791
73081480
53879330
31000029
17133137
23510571
19255281
27791256
24547334
18681782
33372979
48383385
34112756
30175732
29298503
49568589
29560179
15148921
49949462
23490080
33150522
31795180
36163379
35663465
26340872
39242922
31635635
34177643
36472506
34084764
29790930
18926645
43207534
13596031
54667296
23699423
28036265
24797527
22795508
29217714
42662900
25686021
32754865
32367434
29970613
55511629
19726347
29743300
51969112
24704395
30523850
27702021
38991352
35341430
79623961
29949181
24524498
27126640
58165157
34808863
18336612
38629665
29866799
39221946
38442529
26654319
25564277
13668951
33401121
54965494
56211736
23366413
28487355
23188136
35611657
56609517
19746942
32344515
33699497
34332089
24400676
69291391
41616879
36107163
21760457
20613422
30271315
52366992
37728772
84109944
18769787
28975389
31023732
23174379
46518495
29756212
57226341
21712167
16095820
43946919
32015085
29836280
65301582
36101276
24888535
25487817
27533139
23108316
26672259
21232864
25282624
22305181
17586903
25273108
21394144
33595587
23831578
25528269
22554240
49044049
46544441
38012474
38609413
20319979
16391537
36096067
23944127
28213232
54774448
26540996
38520581
39951243
33307456
26672411
21468226
18794832
20582291
55811635
52926023
41158668
47619191
45695528
26190331
28159037
33898274
29428291
23919918
40017234
14328937
26849850
39023193
19585744
53108203
23529951
51857272
37487134
45053129
33386451
34250637
24229724
46305091
47404537
36223278
39734593
55489753
19868923
37832281
24533429
56371454
47202013
28006709
47109363
36598459
32020886
12232974
32864257
24420243
27366633
35403805
29726226
24398210
21930245
52477944
44610778
21576093
16274849
18754786
41950991
27612085
26199202
42902479
22561796
37404667
42688378
35808338
39387185
20244991
19593682
45882629
28127177
17364572
26804711
62371599
38676705
23948090
48012328
29823868
32715131
18220858
30489307
59174542
35873208
26465972
20765712
33473737
36783101
31179260
35982056
34493949
15178948
43458057
20398076
21340619
39690548
23097138
22381707
29390522
33418999
26837410
22563219
19701141
30104756
23907133
37390009
14125233
30212854
23507047
40463014
39127311
26056769
43046636
25729612
25902217
34759292
29645151
43391469
44936601
16224913
38923330
33822518
43201184
40745745
26856373
24131729
58403714
30598682
17038003
26926155
33900233
20636031
22151653
40177046
27037218
21926094
30771991
29754341
43468571
11524917
19791076
34243595
29933581
29941843
51431248
16082688
56684446
22482935
36082191
35823784
33473253
49171274
29784367
23726287
35258306
26748949
33252139
31701030
16572028
34212370
34384157
28834561
40031138
25034014
47973477
20716351
33521905
28979473
41082260
44826125
33736228
42814033
41034435
31093409
21786335
45653495
43126659
32241341
12190245
60176231
23123252
30685395
34711149
46080223
65089313
38952891
22108831
44385109
31059912
36574181
17281023
21728328
42661902
32374880
25115295
22019552
29940410
32803934
47952685
37887847
24974365
26358995
17735602
20120393
41995328
29587161
34738052
25916420
34553468
25639432
24812339
40396504
46817296
39559520
18113984
28037469
23982706
26192784
38401396
29197562
51315411
25964363
37400920
50039182
24057607
32207599
40750550
24794812
21457661
15615143
28609996
28919138
39957472
18349026
35452750
25497278
28391154
28526331
28675076
26828856
35821889
21574392
33369550
28648511
45076551
15753369
25115746
30120585
35294279
22370420
58693562
24093154
29866139
18512695
38421580
32077072
40979342
26889909
31085144
27994918
19738711
24878609
20999996
40805295
26972470
27053246
12362211
25719810
33844483
36682385
20920896
26659826
18329415
26518053
22643890
36469321
33234282
30829257
60346896
39213834
16211952
37438573
39556807
41045133
36107500
29662864
15915081
17292224
41481931
30095402
46524364
31254304
31638726
20472283
37697722
36857276
21961656
33448753
34168980
25798713
44659612
27734271
31992275
26991674
26723223
22286323
21851460
46920780
25306299
34915764
30278267
46246864
43244290
60052422
77307466
23281367
54647856
43322104
26944813
32286430
21203819
28128528
44533073
11714760
18801405
39041256
27488123
24213201
24826731
21258422
22429216
48647519
35170906
33926177
37213157
18588643
22110068
29160032
23678448
62621652
19181430
22156993
33682061
22412885
27033175
45825745
70676195
16674656
68908218
34915366
23300159
45087440
33291517
32535196
29260936
36906588
28853972
35409288
21260966
43083263
33232134
33718154
46600219
39225811
35177456
25712118
21399067
42625725
31083037
17308682
50333697
15859614
45607195
29132872
23895797
36102600
35783275
45670942
16958786
46024952
21262823
47261480
33134865
29416158
25701090
30110619
18533906
59256490
30345009
42908153
21974504
52390610
36086219
39768430
47502533
48948711
18365675
24739364
39884496
31564893
28311768
37875417
37419327
33064093
34285156
39053062
23283666
26741461
43264501
28681533
26243981
25362066
40791702
26960267
37624080
22397012
59983516
30546605
18443570
40338839
25011831
51704179
52815429
28453174
33672822
49345369
37314814
32322527
27278673
61966270
36805160
27609876
18578494
21387698
36071125
38795493
21760261
22831306
19828748
48279226
56583187
27832787
21439425
41886409
26294638
34057035
41167123
34571417
37164173
42641022
31804939
19258691
18314858
43443748
19390633
32642209
22065599
37125905
23915254
45522732
37137461
33859178
28706172
31013356
16443009
26211596
52052198
34698483
30537801
42499826
35967221
49583093
31780576
33523903
44477820
44769562
20696373
23026191
48346971
57539201
38670115
25066760
23152756
42581482
44939469
29185932
66368847
44223684
42534574
25989552
55710506
34968103
31320176
20225849
44374757
16497543
37645669
32255462
19135822
51439897
33655519
22238121
37644537
30309912
21349485
30712456
39525317
25449698
29871505
34460811
19473056
56338013
46729098
27514916
22012050
17011967
50049095
53895455
67219773
13112180
20164822
19594174
26895548
38032270
29663256
26045606
43233621
31675199
49875994
26211795
15744877
31975789
21840183
28671511
43224381
32012979
22238413
42995216
41700759
24845657
20986054
16629733
45872978
21180667
31924120
39508207
20261373
45364230
25322229
34195559
24934610
56712674
48298786
22076760
17536140
30898541
54548274
17384253
28522092
30130206
55116706
45731088
24175756
22888747
22049708
19894068
21178932
56249115
25918558
36111425
44833044
30461762
41469713
31753558
38130840
39453740
32878324
16102413
32181079
46539448
17550924
31127869
28882087
68845656
20954213
32344339
31988062
59970520
36821655
24344293
26862932
26479152
31918593
40130591
45357861
22745273
35085847
29120028
52689642
24961329
32805119
26158086
32294598
19656429
20246584
46468391
20382651
27013007
30450599
30506191
17657013
41701257
23015776
40161042
32189992
31615115
30368271
37781630
38372731
34301511
37056956
31970979
20496382
26316988
25530318
18502786
39565720
34077825
23845774
27236724
34533018
25628624
35600808
26339037
19305779
24838472
41693402
13048188
22848019
25855345
19854954
20483297
46859649
22190027
27821438
35155218
32895712
98260441
24072447
45001501
31751714
43769481
36962042
26349509
21305148
16529042
15234792
50830139
44270281
39293621
30054596
64529577
33243126
19201704
31297116
20346953
23601038
19553534
36471533
18619548
41263493
41381021
31405703
35890788
63842083
17509638
31975056
37179766
30112196
58151731
17857314
24302018
49009071
33531213
24531689
24568998
46936484
31495314
14988768
63848737
21423569
30277923
23078081
37104806
34568269
43614105
17442800
30739363
15414683
58940010
21765207
50058296
34651223
56435244
36622891
40869972
32100916
15302876
26216701
31056213
23254432
36217102
33071468
28043852
15947274
31625945
50759111
64875095
25028284
24263208
37803730
40000028
30033385
25792094
36864452
31872707
38441564
25519235
35491725
44999784
29729509
17911108
23233775
33285292
22116231
29859826
57936734
24666969
27688311
44351942
20519197
29718355
40733024
54504609
33635024
45035541
26395628
62393502
23210082
37714344
21051920
35829842
24859777
46811578
13221393
39131603
29448101
26762974
62469401
31312069
16828495
45917238
29649235
28197275
24052536
33439220
31053356
48669176
25839955
17257913
43524139
48874267
23060246
32838121
49058565
20576746
43519632
28674645
34218535
50089727
32734202
24530615
50608614
32882049
41544576
29460716
38311372
30384899
29652280
25598039
36294472
28439139
28210493
31645677
24288941
35686980
69343019
32699703
68270813
21707207
29118274
41455290
40805731
28089251
26705896
53352200
27264021
21489677
31515657
65946694
18406340
44331845
37094098
34840526
25282900
29475890
49780390
56316157
17990059
27694316
28635966
56396185
37740837
35079544
22894255
33663361
45356924
40288741
61028912
36890371
21565354
32173382
37429885
40163873
22078539
33894260
28136572
55265110
19055558
30002528
18249655
20825436
21727717
25638330
29525862
40712420
36270991
31231076
28759267
37584443
17490508
38754337
59885184
28498517
20484644
38757964
29852529
27241218
45189032
29935145
64367943
41481322
22433919
60058579
31570794
32173233
32419023
25393272
36239602
22313478
43706450
13893281
30831444
15316001
17929234
27436794
26420164
27160497
57531579
26020500
26236086
31553619
41063146
45178672
53486909
31596753
22263134
21397433
20718645
28537413
44697056
21019328
24717518
29975600
56344308
29857097
16738643
30643903
24060920
27293561
53801834
24478092
51272593
33409599
26348532
50452215
25762812
28553835
37101185
35300799
25360896
36316087
23193034
28766946
26684193
37920288
70790800
35322725
35525061
28019034
55291931
40177268
29262900
30367811
29406388
30866209
32516435
33670705
15429618
24571012
34383601
29935348
35109197
28007583
34170608
20845306
35336740
40795342
28997165
19802453
24822654
26233548
13399739
36572879
12608541
34588582
34283658
43654505
40661557
30327113
26410934
42232399
53589720
44775651
27528713
20993588
32085783
32147894
34841486
66711157
17501291
48516177
31123642
26737935
25106073
20241189
32090269
13235814
53820258
26997321
47164130
35757963
42435019
25601511
63668563
25343375
36267610
49883043
21188183
33014647
19870500
33099757
25258864
41113230
29966510
49046996
18673985
29896791
30562417
20520293
41197490
34751856
31580777
38628597
36687223
23076373
17484818
39524282
25496140
24670179
42509197
34082586
22291755
50154989
20302909
47791174
17581623
16617736
21088477
22767081
41669163
32545042
21519476
27951983
28793382
26245604
21666410
38228709
49727655
29821520
22237666
44416594
47054543
43567705
52397305
50413606
26694960
57882518
52009564
27065973
49760056
33149339
22160129
17409890
21165150
23637185
33492866
15509030
56132162
52756985
28539200
44034019
24906898
33292119
42837122
27836889
34544753
27112787
41970652
51940834
65167934
25164355
21754513
15921447
52770486
34427544
26021304
24850810
21352330
40370541
46063663
26196050
103786319
36480777
21661727
26989762
40516051
31739738
38008701
33359220
21935039
32933220
35547700
49259997
51389123
21719878
36188826
22726912
27431215
44531310
50361472
44669383
21708527
41488812
44855361
34637570
39836256
40233503
28732481
48001957
40371895
44942639
22487245
32491869
25088791
37722451
42873349
16223965
29711347
11297411
71184644
41672546
26439914
17275247
23400277
38123897
29547371
40345872
28492225
32468557
35080710
28901700
31436604
28816657
33408309
24028503
49720860
22024742
42517023
36192112
36720612
35988694
28538436
34182672
35218909
17224388
18580976
26277782
23504799
49236311
34954858
30832724
39431284
23019770
36174247
23858016
25972705
16355408
24367022
25651349
27535154
26255779
32785358
26410599
52576836
22230860
31404267
27657013
18270087
38539210
42952844
17376101
31630935
29270975
30693470
43939981
37350787
32686341
26411716
34154010
27660891
27814220
50223524
40823762
81908782
32704414
29428896
29910895
48081306
36595837
52070182
61552639
18241678
49027647
24939438
36296890
24592312
20355485
65279285
23963690
15147530
88247468
28512335
29353987
25522616
24605220
23452121
18342920
18950896
21130596
25385846
27795455
31891262
23710881
25670591
35273063
26166657
49062896
28262136
36753479
46190779
31661533
18379692
31458722
26498686
33470874
40572714
54143327
30798754
45543146
41564413
27150784
27537129
18966122
28871955
24877589
21529488
36682169
28332473
34104273
46719355
36274605
36787098
37200277
23450962
32696616
35270376
19209035
63357058
14262075
26797726
45614184
57312147
40394769
27048067
20719390
23079177
15530983
40032819
29594186
32825467
28148108
21160843
22531213
32977240
48050764
31557393
14313393
27563371
25666036
48019841
27739981
27016385
32086729
30326081
30504792
34500441
25463311
70923310
39395078
36516967
19684938
32467497
38980548
38793774
24324267
46603847
45407215
29555133
53294706
49548646
13857136
39262033
29339201
41133415
30747924
34414346
21471259
34421632
24873396
20501550
31791066
40998944
33005588
47064269
32542120
23323812
34820626
27811058
36099639
35721034
27157457
16461219
24246660
25273871
39244262
31559241
17404537
41318028
40995973
28870798
22547984
37513104
21499655
18392544
22197483
49154942
28919249
29835199
49477659
21376674
14669056
31593261
23010350
39871819
60373159
31214924
24096158
32851029
48932320
36812720
15979864
19158371
24467667
25324293
23826823
38672074
25295052
34825167
45547943
51818351
37279971
19896567
26972024
32367408
20835940
13488121
29249629
31079936
39419868
25011218
54119085
50525744
54137535
18090138
44404552
14378556
27053180
21559567
65478599
18600075
28686214
14742117
29910279
33916961
41131076
35378860
23427322
37397131
17278700
18491345
31679604
52192285
31571865
26544114
74274142
21321717
72781291
18030880
36344555
29083630
44939050
28765303
25472070
25313312
17706392
38934403
31644062
27347980
30676169
38550001
57802296
40405718
37841516
29418797
34429997
12832985
18736888
27372621
27593878
33988006
22367777
25760478
33603501
37782640
25364636
56112492
40923979
29330659
39380199
21788071
19148090
17682927
19430605
23643852
59402711
26769866
38537904
24389866
39698018
30081113
49733857
24891718
29440248
52027140
27735535
39538685
33809901
24657165
32235545
26248551
48734778
22205988
24910870
30773424
44528810
32355683
39829678
23957045
49658092
55988175
41501027
48401634
48354031
54991594
41970746
35174819
35716819
31874130
40339796
37660287
30559891
34667217
20815566
40034121
19707983
22320732
37829480
22694811
39448711
42936129
17920545
35197215
29762158
49500373
16568563
59156286
48958131
20958006
31851776
36747488
38646551
33705308
44720119
28939714
32808198
17014664
31096498
24763521
64743078
35842629
22764757
38346392
42800123
29862077
81810081
29044221
33279525
33213390
29895149
26783999
28321531
17420604
33188503
46984779
41219532
35271392
44704294
31899772
29120048
53578317
21258525
57116403
44435211
50245817
22846995
30218981
33581867
38540763
43827282
24571772
37193365
23940745
32226607
31739393
28429227
33858972
39462076
25935241
12893194
34309487
31870478
25255432
28163934
40510858
22926659
39631246
21067547
53489298
57096152
28872901
47684733
43455183
26754469
34056365
42420463
23405899
58962738
34806802
18569695
36423678
36730421
48644387
21287784
36677795
15494939
48982430
25077180
44028132
23270254
36644816
21356324
43156160
18935129
21929426
18426386
41032253
10748540
42455291
41396633
39145425
30073327
37468859
74439745
33206197
28473414
53647112
32832959
19916489
53307254
22111622
19515622
18222155
31240544
18766125
35316574
33005026
46193426
51888399
41465549
41582609
36009132
26852480
28092228
37995485
19206944
58150450
39977935
27209900
33247551
39444505
40442781
24526191
40393399
42374096
31249314
36780265
58894805
28998093
40137826
25690343
30932395
65933254
24980792
25953056
45743693
28863674
17036174
39159390
18919807
19742186
41495308
48010873
16169120
21903360
26556147
38187674
30452849
53882827
36931158
22170367
22062629
17354792
29708396
48740766
25289633
28195882
36865183
50167241
43414369
36964260
41815247
15974043
32850594
30408389
26498508
30570594
32237970
41669224
29702240
31430357
55495803
20791865
31549634
39161877
20069298
37858399
52837574
26210860
48974647
25788533
41077593
22479996
21422586
17568977
23000762
22524884
27348383
51276043
36600093
27572506
28464848
17441356
43018831
33800494
40618633
39964490
33882727
41439573
20834075
44549306
34840436
41987837
28537323
35293132
43466270
40064904
23530964
17412184
28621705
43815638
66218586
37191003
25391917
40380168
22750251
35984135
66611703
32272537
38142777
30142916
36281082
39097453
22366134
25465060
27493741
40228289
34644246
38160229
42731219
37361919
45812093
43507018
23462556
14688215
21098554
40110036
30734684
18359073
43624491
27664262
20484083
35705561
27621680
31885885
27839022
24396723
16332380
31095814
34573298
44454695
56894337
30771440
27343598
16865294
17932189
33156543
22781750
32115810
33203875
44643906
53614614
30055662
34726340
38791420
48935354
28698671
13481332
43999627
27312083
34277644
16519967
32202419
23521894
20348779
31969437
39540274
30132249
40120041
30219155
39338285
18363127
47966886
17332052
29873584
57239286
36294675
32753995
40494276
50465393
37265317
21713016
18520805
37158283
21076571
36477724
22204747
33090292
61777654
35986270
19891753
23358536
26373574
20325054
23117903
28346244
25281540
52561465
35335043
68451526
63812207
70270513
39181149
30122005
37272259
22197104
53811378
44733423
57988931
25631541
22349871
25377726
45235856
29298552
49882937
44319295
16892098
44836901
30957472
31375072
30107227
20787584
23067672
35402306
28108135
21764065
48185429
37964576
28973158
36087860
30245144
23964829
46076679
47007686
22969590
37196464
39084764
45336924
17593304
33022270
23463835
32502328
38915724
52643258
36448452
30075159
42663546
35602708
21292350
50945589
34349209
31999549
44151800
36337065
10824587
19105071
54709116
12047379
37394725
25267200
29910143
26470134
27789421
27600377
25739941
53597143
24931690
24913910
42222254
35450133
32165289
26316789
36536096
28245060
24364743
48789356
27887293
22950957
45220513
26469940
21305268
45023194
35692502
27909371
22519876
31670403
49614516
17871881
27798154
30289071
47242551
36228989
35166109
29323585
34510051
51138265
37176227
31997597
19718557
24618301
34747949
63069452
32610227
48465857
31639890
27218207
22140260
33904685
34447247
36300781
75129274
29178719
45961807
30469389
37382336
49895781
20746534
56763892
24029861
46877833
22683089
38929413
43552223
33479462
28662489
37438189
20488831
32312391
33825989
54289425
28571469
45564379
21873365
27990552
42631431
31209646
63442100
25606839
37369360
33505211
34436981
20854644
20927333
32839443
20909462
70855257
41130517
21009598
25428787
50938938
47240792
22271511
21469268
27437771
27055431
30948008
34827161
58280682
50838646
27757822
30831421
39815659
49210796
37157416
28056435
33473275
36702969
13520715
31612825
27688597
36486932
40381604
18936028
44916898
29851935
21680858
23232982
27584549
34136855
33788334
18788413
20650292
29239859
23613788
29808474
21521467
19337502
24791488
33218739
43452618
27868733
31670247
27460269
22824022
35237205
28241520
15626025
27312131
19570823
22170358
26426783
44442586
20544181
37143128
49696998
18286642
15783505
32667452
25200687
21331484
59779587
38992360
71798228
39944655
34037749
19852846
29525879
29063923
45794705
19363406
19477986
34640491
24570795
54237400
17739604
21417094
35383630
25090024
46061181
39631951
35887183
40536805
26898422
36918725
33247079
57295893
38558581
18658709
21608008
17421660
29900255
27036997
24483779
22786228
25241487
19628687
22671949
17612314
36926019
26191279
28462276
32839600
24447288
32163948
31218427
65301718
36734420
39999411
18228527
26512729
39648852
19212830
26115603
28029146
47289870
18265982
42288443
27848694
30761994
26238471
21209272
31622166
37064836
51314775
33589425
25669489
26297544
62791153
37339554
30816129
27589861
30815319
16165247
21280205
21106870
22054406
30379153
32659277
24848747
30130123
28851611
26623577
16973045
23915460
29639119
35100398
19281843
39682325
40343575
26790969
37840877
17420534
34234363
52059593
26065796
26719145
22215688
27871949
30236050
29972379
15028756
40320558
24150133
26008642
37270114
38584100
42988906
23754719
60120195
28077316
49082731
28159644
34874310
12073071
22634893
15529775
19753720
43062079
64151357
45870496
30449796
49383416
19193021
49614364
40124492
35308489
16837507
32366536
66921831
29205248
37167635
28299840
23372589
26371180
25333406
39096041
60765338
21573447
26032504
29575610
18440080
61222083
28425145
37372011
19884812
50117728
36410177
43816906
32781791
31946157
29630104
24362710
48899443
19833641
23274314
37215561
13381029
85600217
55883138
32514766
29356786
22414555
25977363
21288838
28466655
35692613
20629544
20753862
23309424
28279638
27708341
31405273
48833886
26533350
23888186
33220920
45097056
39290150
41605771
17865500
34792364
26427740
33829563
59584158
29918351
18392835
34139167
39133010
19459299
16792687
24330377
16540873
15365991
26901368
22122820
47083348
22842995
19598777
28425965
27428843
24035256
31532489
24386222
34250200
22906486
40144558
36669812
30771909
21450179
22661867
21790833
55952031
45560778
30293981
25242323
14095816
47872808
37541845
35905616
49466213
21646215
29960107
83843917
15864648
26577085
51837763
29963813
41597563
60849630
17803715
75568630
50084744
28420073
26242977
36204241
34872901
43254863
30986043
19790582
47629103
38241612
19406642
28096292
23943183
45213902
39068638
35500977
30098360
23021031
15944375
36460553
21753834
36772937
32809125
33222791
51634764
19428870
20391408
23050588
39174537
28469006
33025652
26270627
25384530
29366675
34195860
32636216
32591536
31531253
46319917
23162533
40823638
49460282
61123625
39572432
34183286
41851056
26682010
37224553
38927122
31880742
19639688
32037016
31941337
56393910
50837816
60973765
44887380
46822459
44036652
59487542
32373033
24266293
24230737
21222026
26640160
48480102
36105733
20163369
20717706
33104395
24918884
45058280
27150447
39078868
34193955
38103980
51631308
20572632
29514276
18408929
35261942
34528890
15934926
43378488
19790029
73444827
33812672
30432842
41978500
32967117
39833081
32456203
44706700
43559593
22521196
39528521
46489068
22988667
27656297
23856386
47827644
36336943
30327535
58488243
30897379
25386692
20286529
26307516
34673382
31400917
46737084
25648722
37091840
17883171
57588552
16175223
31434886
53716159
19901477
15970973
39620283
30728142
33764488
33964921
39328407
24963610
44017876
33802347
23857144
25471161
34051625
47438730
30573758
19256122
44573241
42750231
25092163
49229936
51783624
50571123
46124602
25156073
23972745
58070499
26461325
46608087
22364862
33742803
41166243
39269101
27543936
34729294
48723316
58607063
46905999
35360935
30660110
25120573
37212498
24833319
43027207
33947421
44420717
20503368
28058852
31039483
31289253
74304455
57774882
47085220
14666514
58354760
28152809
17971068
38147228
23928114
37442244
30722967
52710203
29608831
35081277
13627673
39754514
32133593
23460569
42290355
25229869
35589617
29947625
40255838
47466605
33731570
26773302
46603102
33505070
31807619
21014914
31677549
21804815
31291145
29243992
31164499
36375049
35597872
18306384
40690641
30863692
28146559
39081180
28400890
29476381
41211692
20365624
21085524
49195339
17775988
25583425
42879725
44682739
40259965
29789263
40827022
41691637
26428402
27435139
55520055
23615559
22210971
13519320
27007437
32236504
32383255
44987480
27438089
34557904
35563857
42342045
29270011
14628772
18000955
26367132
26608119
30245176
21954067
38210829
23095141
31400737
19587132
27566022
26479683
20157619
28947378
28761871
35845502
26275111
22668034
29209110
35661426
22372974
33631252
29036091
28842589
45669940
21198939
35629895
30761957
28499478
42188840
29651865
25235467
38005274
18575251
43837244
40716214
28219859
30865861
27779532
22927644
37208106
32544507
51459119
37241310
27554919
18868311
23759445
31686094
41990156
26853344
34876017
39878997
26371430
43161458
47568316
34996006
63466803
70651459
12938674
20953315
20182586
24858771
28353433
27473497
42449456
23115901
18750690
34012624
63056617
16592400
46109561
25923067
34751101
27625187
33485504
42528909
33957485
51525904
24051597
24223960
59643412
29825965
22357289
25100147
58986364
28530113
21179362
30473930
30782863
23265433
30043686
17501873
25489298
29682497
15714188
32388372
20741572
24032018
28468431
53577630
38163985
37748159
31412344
33806606
46078409
19408793
19347928
20198990
38068181
26932729
17387269
29223480
44126956
28668984
18067705
51759586
51852520
58487684
23269260
36940669
30201249
33807786
33560649
41288543
32616695
31206286
29289651
34041371
43106545
44129653
17431890
42559041
32243793
60725497
19525653
19385743
28321182
50496240
23465142
27393693
54631611
16737303
22040040
42118099
17375132
17149376
46824584
26110442
41593879
19358456
17066648
37167597
39156341
37062774
24796745
49544659
27718930
41589481
36964782
36737898
40912311
42099362
40818398
21830381
37708166
46235654
18140817
52183888
20356301
44214120
37834493
54706253
34752873
44318800
28009741
21130426
29433559
39392559
23003117
52503132
27531823
44915492
26758319
41720504
16321525
26889992
50244319
40862365
30503570
37955307
16398702
25503897
29975808
30362440
17143008
33071255
23987528
29850597
24918766
14509635
22488665
70652060
25688628
29571146
22520504
33925098
66504306
24352100
35724568
17476032
16883766
36923879
23364301
36989241
52802629
30762971
35054009
43323010
34284694
25688252
28004141
55821356
22694510
30459945
29489187
24286508
45626144
30370896
29656979
32015272
32229239
41642468
28725012
28778535
21367189
58132774
24652603
61187343
60134301
32138307
22791599
28086831
31220822
39884698
49405602
69977126
31958604
26285453
22017448
20258932
33822253
30718342
48663296
29570722
51784534
44552489
46570734
23729287
34383805
31937239
15461435
81899660
26352923
31581349
32248074
30661257
18148335
24913848
29366669
40498448
23067221
24444639
27634628
45409719
16613035
36782197
11895122
25309828
39486043
22692081
25138805
24247209
38060603
33916807
34648822
31044016
20590726
16633817
31781796
32786386
13984870
25340755
38236234
69290114
28166272
35745236
20153866
28500744
38918619
36838890
25633172
38677484
22268858
51966338
47971304
36742365
41978441
37265180
32703144
21068003
26654096
20642790
28436237
43537068
23087975
20955044
29513131
24857562
53336977
16026863
32842123
23591551
53988588
37576024
36419253
45108331
38289891
29272083
28373047
58991071
72517370
33741187
22386696
39173969
39226400
37606356
42577504
37711742
32292551
30036115
26222027
56743298
28403895
28234751
42522263
36158747
20753122
23123552
23375939
38579765
26358253
22304145
29636989
22119573
44478934
33246016
33624288
18162502
48652238
47203797
26793760
41354013
30694790
26912975
29949776
23545627
24135258
45749731
23004670
26937055
16025886
40266512
32981706
40496175
35412269
39041894
55994059
22037721
39787411
18260095
24309799
45409156
29488544
51888534
28418206
34169626
40321102
27136021
25837599
18900162
27222631
27705287
19627077
32956781
38208111
25533753
18974993
38966591
47075331
25162494
32006663
19958652
25832492
24003229
25873424
46835930
21516231
50760920
39011841
42033662
22542998
28750048
18888290
27212683
53054694
36148436
13877610
15565820
30089308
37170750
20781009
21753140
23025626
39510827
26460705
27780398
36483495
18931530
28205191
56390910
30751635
20156989
38330333
29645648
32707894
44941556
29701098
33811434
42633873
15446066
18143609
33711123
47106374
37125127
34033439
40185819
41382890
34210915
30850873
31714961
17043751
41388972
50755450
19614240
42797322
21127839
25327760
41968874
27204378
20813484
20385050
29040974
42994483
18525314
33081110
54160134
53508338
20224172
43721429
52991448
58388693
26874875
55083628
23273377
16329414
19757298
23689345
31870802
20522612
36657643
50767353
18796709
36773806
37585278
32704484
27543472
48388001
30472507
32431912
24679152
36328877
27575752
25820836
29881956
52385190
58702397
23080847
25886159
20459643
34262658
25521229
21279485
17784977
46177457
10609797
30995025
34199300
37720374
67500560
27986726
23641228
34061581
33997471
19256331
27252443
66057367
31793217
35796142
38459664
31833326
41210351
26749683
36775084
35179132
39797375
28376198
39076454
42881695
26600998
53811312
27872582
26595215
53352002
28310872
29961828
25951018
24092700
16157052
29185603
23091707
25230061
37541062
38760598
26597349
20362438
27217431
29313130
26773182
25130103
30133181
74207012
30807492
21982631
28576479
29937197
26584446
24900625
21269349
61412451
36592004
23267393
27098829
33097451
20530713
27070767
28926901
17324934
32911115
32766054
41798041
44090178
34148267
19351344
35537818
19860817
29558388
92867287
63572939
29696536
45786680
35955223
37435603
20370551
29612424
42074222
29619625
41979790
25762408
40333898
23901616
24288938
23370467
43107162
43523815
25240906
42412605
25593242
22966296
21812587
40904130
39467457
35748027
27816343
31420154
37207184
28875009
20732435
15184453
29068698
33296153
29600024
28992451
40122644
30927142
24532839
32316612
32262138
23585294
22786775
33273018
29986849
26473135
58928514
20764815
26952893
50508936
26743930
24612174
27383616
22250260
37095976
36018133
22107591
55703978
33558675
34422936
24277623
32959976
37836928
23687000
14358556
37825619
42482744
24751880
50508301
24679278
16057500
22324506
23168974
40776899
44042733
19791652
58736361
16204921
21884396
23526101
30153585
33306235
23752581
24543679
32798301
41396446
38435755
43220377
38094777
22951273
30139994
29346456
29341248
23651230
45003307
41227896
53621875
31136498
27245966
41473152
38190406
44596942
39054603
38642877
33194536
28092258
27026865
42616788
30100856
32643376
38328669
24255085
39702972
33151743
26929666
45290390
34940982
56628968
43523466
36365709
50597575
26891266
22794472
23788235
18880366
45309171
21383291
74001041
38776147
59723656
25544705
36711740
31363385
19045888
22463356
64187210
33497391
20513616
19545628
24888331
26329454
46414405
52368280
28609438
40810202
47636833
25364650
47245777
26470219
25709049
38834485
29831823
17798124
47631587
34678165
16029618
38954057
35761348
29671817
47970724
32682344
25958001
23406519
54206828
21223670
21090730
48493034
30826126
40324446
30049754
36690500
38456682
35378177
34547177
30858611
32245404
25857153
30725684
21184311
26296746
29054580
34643043
32821238
21292615
46211253
40779735
22863228
54354013
26938634
36086100
17655773
24182899
27886900
48491366
28239436
34612167
45535332
30648230
25839085
53291597
24183255
18148461
46279406
56092094
22501437
39005621
20495984
42998931
20876680
28260389
36319469
52426320
36946826
23193958
26735901
40347434
20179683
16370306
17006968
18509212
36263226
24461195
28843072
39429096
31512824
17093627
26670329
49574367
32559855
30482017
25592078
44587344
40913892
34933899
41873141
35512618
20527268
21176929
40150409
18767568
22381244
16086058
34406791
56319234
43151163
52722355
38610884
22262983
32626782
18617126
50183736
34982502
18772531
22950996
20774371
55209232
16407078
34282955
37423020
23027262
37401062
27648747
39188158
34891358
32687498
27568107
54450836
32558237
17000729
42512958
26595683
25003525
31129793
69210494
18000395
32249951
22128677
19315004
29058272
32194338
29175593
26841820
29466070
32196468
26489792
39941424
15113958
42105946
60390642
25337555
21398461
37001658
35482337
30613455
20312508
16944124
24844634
16474081
33611551
17008691
26662495
19581790
43262336
33852274
104902614
60107466
17349809
41608029
31865912
29759031
20772532
40018167
63617549
35689480
39896623
29287314
23206912
48674962
27397302
20689789
60222128
30563055
22646775
36123180
28218823
35721561
36442298
46385601
47171509
28232386
38283193
18808165
23242475
40388024
33685836
56311784
30507221
24519551
41101431
62710183
33688210
54788056
23202199
32229014
32308354
34149749
31328057
44687353
39775119
38613264
39273890
22926733
26386578
53225102
38614321
26057948
10719944
26482542
17955129
23525768
20174465
46009765
36506997
53981322
36013839
36345900
21295539
24217495
51146038
39821897
31438477
36375440
49714378
30086310
24192788
29322045
41427893
26873556
18048164
26571923
30567382
39941347
18927947
17497611
29857025
47072095
30792603
28119660
44012455
22329699
34672581
46760771
49087124
29725683
34487724
18061702
50897830
22333990
23018018
20807961
24446903
60328867
23876825
30366267
22167750
29850827
31089434
28358180
28532378
33520735
38612255
24358048
52202154
51760761
25128926
21925692
47580773
36262002
52156166
19078892
26036376
30771237
31301854
30210711
31963469
45429657
33312911
17274153
36272334
22966824
31648782
19322583
24480556
20694375
31453939
56008383
63288451
24741882
37842731
19394398
28366737
15565626
31650053
27008666
27076240
18982942
27494942
33076463
24493179
29514731
26504639
32785734
16168114
23063988
41710157
39626291
49967279
50452184
23335408
29218100
31962006
19292592
28293742
26881364
34972803
30856432
26075314
42663898
29803664
30648480
22558042
35343180
36362804
29372387
23441375
28320853
37464490
65737197
47311661
36097975
28561993
44852641
56912725
38749332
39269693
21368460
56595787
44451379
21927448
24580808
21963871
24624184
15145598
36750042
15201224
28881006
30326611
47483766
32358762
27587780
18470946
36351937
23476431
25359249
49724285
51347441
33514651
12964344
28206753
41936769
33552782
17395969
27551317
43635933
42737396
17016188
62809057
19719086
37783253
24323041
47912594
34557638
45690825
45786333
35689684
18489726
36371189
49967665
53593291
19348733
42819705
34021987
46689485
32087487
43923340
19000976
60156035
30425475
16158645
19734740
21678181
31745719
27221352
30877068
45393134
31845226
20064641
39829139
53398866
21133700
24427330
21355696
43376850
33265879
25501721
24434018
27564453
16338244
38485941
40001220
13999249
25487917
32306525
15952559
29383053
20177392
40514795
13830783
40142090
23157615
28012689
38041785
39441284
20740911
29100738
23121891
25111217
49805192
15920847
24782648
63164463
34462861
40478161
37582065
37714438
33947064
18569906
35612033
38024678
20365307
48717889
29638623
30210315
17840908
70606572
24281902
25945918
21019505
32859083
29700822
19886271
38597482
33206746
26361303
29744136
51172489
20052100
21404925
40328834
22612923
44792311
23908098
19349614
65584427
27457407
22033374
48450697
20815353
22984670
25359531
34943134
45709240
35914741
24517182
21462250
38182110
27318150
21739276
44572520
31709265
50482631
24804229
25484508
19456004
30803372
39357417
21275244
44655078
20657216
32692831
21305815
31451484
43266166
21177297
36660085
42727799
29753595
37267410
58797719
54978503
44821953
31162044
51281901
46283961
36618368
27389955
56641608
29445178
32686884
29147427
24629367
32891499
21568771
34720993
40753233
23815491
24248260
37767309
41954120
37171582
24315600
18471766
48521303
32531816
26193318
50304959
37050667
46182734
50985361
36374194
18195014
22935782
37811654
35723530
38938178
23541184
32559123
30328273
45318105
20909213
37711994
23135537
23402757
24849264
54651348
53077396
42490637
55001663
21661656
35834685
36830049
64344443
46047992
25010383
44038170
13383769
25216288
73039890
26305319
27214848
29042276
25031864
25754827
35182886
53870615
17367691
35590923
41251071
40722866
27891212
34269082
28737603
26292977
27030320
13230468
36974541
32165721
26662811
27482023
27039476
29681749
30857748
28125335
25039990
71213574
57945947
49676944
22810859
17269044
28241448
26035585
17616097
58957914
17497998
32324043
25267839
36629467
42941958
17753417
27842375
43718609
28158037
20296372
41191651
17484839
26898935
35376671
65097905
46143498
20521209
12968974
28864323
37334351
17539869
26386240
17297927
28010334
39635124
20250701
31026800
33115306
54735979
15912277
34919080
24582125
37753241
36395770
43542952
40261000
42548855
28184146
44144004
29456246
23191902
45307335
31404057
46241619
43029824
48981059
39405003
29152874
35692064
37312725
23129640
27041109
20688234
29207530
37897198
38677696
25782013
21419803
20893239
17483916
17288054
33440184
48865197
43096595
40201912
24790571
42490105
26475638
22221183
45787019
42917583
39933789
24021078
30126688
33808684
29710027
22989018
31601751
51879374
38251876
72015144
24814090
46445776
33333066
52126291
21619062
31009618
36882220
25043670
46367630
39125010
37540128
45824097
32767674
68051242
20065290
31793613
26221785
32248273
38982740
20478909
56131655
53123067
19575915
26992023
14819531
14130619
73247198
35921865
24826074
31665857
29444041
28798462
23017289
17565303
22274074
33778406
36129680
42958665
42191987
44167248
26460162
31809678
20992186
40558324
38337843
23689589
46971087
37159785
37941096
66956051
24288797
22939075
64078751
31706309
15568132
42009500
28784926
37787505
74193421
37269508
42378323
21139848
22538852
11832029
42855769
34129638
26248237
21391860
39270933
19535763
30458165
27144337
35065684
42817991
61411586
21360278
53092047
23307654
20327255
68201984
24752611
15936692
41894799
36096581
39473480
48472153
46475088
31303863
56984679
43477215
32580839
65699988
20330921
85679893
29078678
41127339
34811126
53272370
27086625
61955488
28333133
13847806
13820477
38175302
19829518
29582314
47643869
50501344
25029663
17398809
26430113
16718084
26167981
22296767
30276247
33476458
28640648
28997921
16608445
23056738
38817379
24781565
29805584
54323534
39072283
24183632
28487679
43488361
25679751
42154090
21942299
50280472
51285534
52504733
34430943
53443804
30249783
48952615
27623184
20862540
79527350
31185959
28535509
40903970
37578261
45504071
52494238
38548590
30605956
41308251
33263079
25081628
30664279
38186927
19575495
35508580
22180333
33768028
28873352
15729611
33191602
76525867
53946420
74379365
26982457
32092964
21328444
33005292
32259422
18480635
31907565
27958294
15615459
27684753
37457785
23994337
39721156
24041151
34531290
50725863
20904960
16518297
22857721
25699793
26087166
25063895
26050221
32970443
25687074
28790341
15837972
27729103
51387719
30284263
32502815
29803362
23550589
22954199
34060663
25231528
22430455
46230311
40367771
30857775
23423554
21205139
21499668
26569892
27554067
43803969
27904651
35435390
29564815
56199744
31895524
45010390
49672708
35408987
60641011
19571969
24393454
34156117
28435889
28606657
23494689
45773959
22624028
29426959
20741682
21669821
27210498
38477718
33845239
36664007
32870673
66191459
33170075
25695346
13863067
28148115
21679137
37017992
56267494
23821044
43612611
25928917
22570286
26006750
35184524
47150590
27679911
40154189
34671029
17418732
29028042
21458468
29555514
21482672
42453512
24148376
22056167
17789172
33443586
46598586
38100718
26759965
43361792
51104646
38119712
63845929
25407007
45493033
25217812
23243929
30323919
27284287
41393578
40475804
15553422
91526756
22010529
27206224
37849967
44510496
33381438
32231607
39613972
25463861
41962296
62701768
29610167
28186888
21781887
31920352
49130040
42185456
31473619
17136379
49596952
54449043
31421515
36057492
31023067
33165440
37267267
41032191
45931828
47581666
36842082
26639413
21746162
29723987
35536993
30043295
41128984
24702564
48176413
51619406
31367077
36822509
25494116
29893565
41172490
24060742
19748414
17103527
30266503
21522926
66131278
45126218
26888109
41348662
28364420
38126104
36337260
36387464
49339096
29934177
29173661
37850883
42691138
32639324
12728976
21868682
34631811
46185116
33470721
45196128
41404766
36142096
21667589
46068165
29349615
24267674
27960661
18865023
27348842
62242565
18440570
25717428
38512259
35592442
41085274
45025798
25097730
32578242
36763799
46092550
28745035
23695400
42233744
40299595
43056638
26025302
29645562
18757100
22020646
31573695
39334543
23449038
43041950
16805065
41200293
23895356
16204194
20079239
26924262
40762798
36523838
14092155
47308914
44113574
34575214
26585371
44367902
39218120
34246974
48239737
30654618
33806867
32606526
44147654
35615261
36704186
21569868
29894041
19833068
46284930
27562472
23640366
33851065
31343340
38494745
51278009
73542213
33670376
26306650
74431738
36777997
34908329
30010031
28867499
68935841
44733162
42757114
53715200
57038009
21361171
23795960
49728451
50196617
41383321
33865454
38983596
28050490
33800773
30699779
59332329
32931661
21723938
21408552
27671641
17541069
31461919
34213622
56595028
23231660
21601882
35358209
39399267
33319261
35974978
47021833
43600098
31500248
22962122
17492672
23463345
23213447
40221213
24378192
24070955
34601888
15627454
30952362
49639756
24303476
47881353
39475967
26635657
14864748
38023195
55844702
46304938
31275568
30726003
20734687
40577884
21335035
36431178
23359901
29792580
40427074
25169008
56165492
24525691
23378727
26934769
33058430
43282235
17406267
53361289
38179590
32416223
20973398
49941754
21870671
18446530
17092033
46956821
34277822
34732075
50057650
26696015
30822530
50152392
37298208
35529395
32183760
43050415
36220735
21818075
23792726
36994812
32603787
28270259
28484418
47024641
45124433
35202279
30999461
56536228
46102396
34848311
31629284
42141659
38140448
44474037
31859391
40038636
65341829
37774541
34311907
26116088
38214546
25762750
26956761
20062238
22932647
37486357
38152745
20442127
38798175
14891594
27120348
32174180
57723151
33174597
20307227
47614840
36259282
38319590
17777556
29319567
44422490
24838492
20165070
28687371
31454386
20191943
19953800
19710316
48310803
31296046
32484448
22117768
44624518
28925035
16108691
47380407
22397723
29316335
46125998
39947582
27544156
39883767
15443437
29452752
17160691
45436968
28598341
23383495
37554011
22464570
37860950
34861346
31171906
42102826
27862514
46013799
34726879
26614705
15309621
33257566
22265090
24007949
22364735
38600234
49723397
19017080
44655912
33167575
19972791
36981756
26434497
17052586
24528698
52455088
58439351
80759490
21847868
31891495
31186370
43876210
32037468
47151616
38443316
21240279
48519330
24177257
25808854
43705158
26666338
28367271
28305742
13459210
15548425
28618669
24685917
31307327
64666833
40062059
45107838
27292791
38849258
31085213
18750244
34227833
33348609
39682885
47900745
22913713
25738413
25998509
40627662
22361344
57060308
33309517
36651732
20469945
36055628
23712586
18410416
18228314
34958419
27763980
35286292
51469334
47302062
46630700
23837115
27147058
26537899
36996657
53716889
52847080
27404841
18242684
12678420
37136104
36534654
45115657
30184952
50251801
40653199
39099913
39446625
21142961
68335502
29420707
30803425
29738078
18313519
36083043
25305270
18991791
47463820
25759953
31052038
52692686
16858976
20045811
18883281
19382645
16351613
16595072
27075622
26322432
30862232
32458907
40970580
26744333
22928801
23170128
27359644
27943574
15230309
36428336
28236036
26730412
20981824
30758545
41741582
35340159
17934229
48316533
51712463
32866297
42505404
34583233
32403723
20936868
24082947
22401672
35521506
32978583
47931548
38239559
29867677
34255328
33388569
36556054
30142089
37732311
18737226
43368640
20650190
56300833
18085933
25613400
29762708
32681673
32449155
15416342
32856953
23526768
25701517
32242946
26994150
59843089
26809648
44102780
43787676
19808282
15316208
49864919
26436559
26719177
18521421
39933918
49050886
16540694
23872469
27926235
50559610
51573049
32582707
32469028
16563734
54029479
20951091
29450119
33966516
24093065
53884619
27069721
29055088
19929470
25473444
20082837
25919733
74240291
50071877
31190737
52557559
30251762
27308382
55614543
17150107
24131484
62762717
83620207
39653526
27927690
35129075
34041384
23597767
41213236
22874999
36797585
24216072
24794809
40489019
36001749
51535033
43297408
14336707
35173571
24533107
15288483
35017677
36571256
25997913
30086344
17380836
34027129
41622206
67059053
37495436
17038657
37382046
51137112
45043504
49766276
52934847
35221155
25816502
50828876
25803782
44764472
18942948
35951655
51029940
22353555
52783676
37314984
26446853
32971083
32327510
32937122
38277180
26570423
23657051
35655258
22859979
25243280
36978103
21060257
45093221
36472687
32886853
22624679
18323974
30143329
25468089
41417845
26553582
37696524
37275692
44331313
22232683
45848611
33269950
25947016
46564810
24545440
36486415
32293030
28627657
28202498
25397642
64197183
27584810
20919895
14165004
61753973
20979976
26290546
19234645
59488446
31681709
41718699
37248281
26978509
21986904
21286747
36275711
55736001
26618743
34845424
21740642
40964347
37910117
44248565
43502913
32780643
39969675
14774397
30901088
18643371
34900145
31448111
49889538
54342210
23332944
37376913
68653170
26349353
20328288
35270316
28976542
15655585
21087377
19560416
34857992
43525035
12086999
21763173
23686468
37720856
65516902
35157982
24810849
66375001
27853991
35954547
33275969
16679465
37798671
37465576
40783364
47792732
27509157
70023081
35745869
36112147
31023358
25034287
26465441
16480009
23151213
32957544
49508274
34107989
29930542
18596985
31244820
28763050
55873361
39579530
24266383
40112406
45875472
39842838
21994235
21608937
52122532
19161819
72671811
35794932
30300996
29083919
63260807
56671196
39789472
28128644
17320982
53594537
45347063
24579487
36816623
20646067
21947251
48758758
37028337
24527202
31741681
25429688
27050273
41363106
24403101
43151672
51049805
24942315
33119689
36217628
33602008
41927553
26073001
41172155
37894675
27209769
34671963
44818785
21746936
50752854
29335099
30430329
57990336
21457175
26551910
34140928
25757616
46306923
17174733
50693924
50006828
51652965
31819427
25320625
38381134
20883167
23828295
45894745
27698197
43659663
18725803
44224421
44440185
31191028
43402075
21712539
44554361
17113338
36863077
26576545
41116546
35539395
46924483
37356545
55339266
22186796
37321622
27426512
41814192
47611996
23091618
21656764
17697935
18538696
17366136
19174623
34365629
37499302
14481240
43109072
25541732
41786942
54274329
32078941
34219089
31781135
33000998
15202948
31621384
26374194
32060297
25889715
30970818
13958114
23504933
30381327
30778396
22343747
21346630
37384183
50298352
27362098
40424010
42400184
22793801
41364586
13530110
29936097
44210483
32619948
23883520
44700143
66226950
25652806
52879959
28517802
43129638
19795924
29163307
44521067
52231953
24238101
20299751
34208682
54174608
37232355
45105446
25304850
20579121
25276837
27982688
21945031
26411874
25859763
26639546
25521505
21094457
37400780
27464700
31073365
26263983
21495619
31492340
18616765
37176183
60356655
16586079
31978897
38018790
44113843
28235396
33360549
32703555
23030734
16680384
44124184
21689600
21125575
38839825
25182290
23155777
31386859
19450371
35552455
42879438
35958173
14057910
17748830
48236364
22221027
29923761
24485561
40887920
59891790
43313615
17594071
47967692
28565219
31474408
27744996
24199887
59880104
19766518
53048092
35235121
47542087
33447151
13212395
70400387
35306812
45114249
47789691
18740694
30208114
59647096
23625621
24924299
42336052
58899286
23364640
32136296
32932500
48622614
17447906
16580475
21911630
32150093
36691123
42249333
15230660
41535296
61657241
43396880
62114674
73735873
39173480
68363583
29955277
35298251
46985817
39867865
22674776
45962078
20887189
24652175
32871334
29363918
49745343
20234542
24139369
54879445
30959948
22612728
46631825
29922489
38754110
40653731
36220498
43683719
27656774
32275053
30728448
22248111
46973428
20943045
39652262
44978432
35734044
24085310
29155089
30454837
42378164
23812050
16334097
24220458
23169985
41099696
16967762
33629064
37324094
35771488
41768325
30840874
26232135
34771243
22655304
27167771
28768505
26817290
54511167
20668755
23981898
29018091
25383469
39313265
49315576
21885800
41226031
45859859
21695091
36622324
28904116
58150744
20724574
24914621
82075453
41329885
22984975
41208550
16904744
48342849
23542484
40321876
36261363
42104076
21512221
20153039
49838906
19570346
51432180
31319453
27355267
22540386
43399331
18723065
21874777
17265548
59534345
27168832
56115277
41375266
43013633
59942807
34048144
42821032
24774493
16804149
36636148
44210914
30777382
27919040
31209567
18163343
13248305
15944668
28586187
29466847
78547108
52148890
46886321
24981425
22085943
35863340
33894257
31899834
26775476
21572394
61761460
29259101
18487758
51483471
45573096
16885289
37054378
15578157
40357696
21888388
26481759
27639248
24852330
34590824
36786031
18506640
46689744
23523848
28192101
45112517
28733875
42251874
29313307
24301286
18381957
29125143
27058240
55158313
65207424
42141446
53278454
30112977
70852631
39246794
30582998
53684167
29809386
49418432
41169476
26730256
46253116
27430494
45543914
14928032
41816298
19897668
33284906
24112884
58862811
15231489
21074204
48720797
37542722
37967406
53561310
43567206
27729675
41646720
28393856
19671725
11750001
50777615
22660256
27232456
23093219
21983599
27177473
21419026
18038048
21735237
29028488
35045873
51486229
26630466
26285718
40752001
26706598
34733753
15883135
25036513
41126933
48115117
26758200
38216591
32543054
25760235
35603539
30347086
19611381
40998243
46652822
32846269
25816766
75518982
53367421
33829518
22923912
45651035
28212010
16369177
21438060
35429765
29323376
36869401
29656578
17445803
42538535
49487198
27971514
42056098
24275780
25189321
28502829
41692909
26669349
30618803
31338828
22645187
48601982
31027859
26628497
33743101
22428741
56669559
36517923
22489142
17911918
54464056
23250031
19667781
23959206
39335672
17146943
24766084
21344694
31841039
38926295
54322606
32411605
24889633
23650585
46584088
29229849
28299869
25539680
20192130
32960516
30073102
29068110
16399066
18714222
23421464
28844221
14050561
23096146
35180454
27155887
37195669
22650562
24180591
21751245
52361036
46499497
39087594
31297186
47571368
35498328
20845030
50550697
28449189
32912317
38568051
20106927
36073035
23215347
34094587
43145176
54322422
23463999
35381985
46188823
52498410
37792233
38390580
33301579
24170504
21461762
37510616
27186794
24019550
31622994
47540185
26368921
29023096
26146556
45651382
29657123
33265269
49527607
46987040
36991109
34961691
28742640
31368316
22382536
49590742
47776036
37969234
28257245
27312701
18062294
30892588
28653812
40956220
26368392
58006433
91596288
34868158
20142117
33843906
45722319
24991512
27396444
40944264
31513802
43717733
29097714
49354934
25825796
20378493
24270374
23211250
28684999
29429564
23884624
47398687
20510997
45714648
35886708
34835269
30462217
34125068
14412674
22931243
33888932
41076490
34823186
36500781
26172237
24900501
45142259
24602818
18448790
25158589
51694683
36872412
75465495
21686060
25433956
24132879
21027291
32866388
35612666
20524317
21202760
22226931
27499971
45866976
35601928
38260733
34313659
38149775
26735748
40714796
54622320
43309353
18898079
37315556
51436751
28579779
25115154
14712597
46187633
22957045
45722220
40925160
42253626
30432398
45545235
20032491
68803176
33279482
38194685
28900367
30515199
25267051
31536609
31078370
31415272
22570249
20083685
54411435
65508862
15582076
32191467
19206172
33325793
23755483
28241844
55902666
30925054
39021646
23100849
23016969
40330918
32758423
25592224
22593584
28413517
25109640
63472343
19840858
42493601
37439690
51260916
24047617
38746495
30403083
29671644
23671140
36969750
38456140
29779749
42798019
19253433
34354821
14344535
18426679
17679004
15762538
29377860
40270712
32554235
46507813
50701522
20027266
31078749
39820679
30549023
21620203
54569477
32476283
41724982
60428111
29284599
29383613
28198041
41440462
39741954
35206074
34268413
33362666
37474289
52413127
50494396
54508462
23958237
53901005
24448617
67604386
21042893
36945358
25301152
25528073
27369838
35002413
22993160
29526926
34563202
31168638
23987721
58562630
77346033
23284309
16453931
28311958
17848859
27985930
33399329
60683152
45310098
74985630
35567211
37018929
30770680
46688666
38698947
33192434
26272677
45919308
35411694
44291107
42195070
47359643
40652946
25339579
28673393
29006592
19441893
41123716
29892374
29590825
45279979
73314564
49414474
34606279
23255204
42342920
54955090
20034292
33390833
36960117
42212921
29015087
36451423
56315973
13637376
30360322
24996883
27462224
29836714
22512446
34618071
40238629
35857845
18130330
24526394
24690858
23436640
37231914
31734906
23131018
41666150
39415496
34765547
29619703
34524949
45257400
57573102
52724099
26513812
25463428
32866496
34092568
23146718
26370030
26672042
49859681
26470943
27829734
31541198
40773412
32260407
38287962
18353767
18437859
59689653
21754930
30994217
33092704
35609201
15437300
30985930
23106002
27522810
17386029
23572774
45187173
39923324
20204520
51423018
31134877
38475688
19435962
14027731
43345790
56594179
17063267
19244003
40213770
29980352
93826758
23635411
35533585
34427012
36544928
53846015
72352695
45705478
13209132
20202619
36091731
42560820
22403507
30674639
41398837
27141982
49879787
47510488
17098193
46551930
31220642
33161504
33509737
25107853
51047304
23488267
40261561
24986615
26167876
25176395
20416175
40971776
67948285
35388446
38293107
15061624
30942185
52406921
37916127
28822988
29656970
39049807
24700446
25243941
21242618
37414793
53912108
29587282
50139212
19936068
38653289
57042979
67376046
34298901
29280562
36581575
25704810
31488547
26800934
22727286
28083424
38412271
28829348
37469681
21651212
16081372
33596713
34841869
41952389
34866160
25864817
38297161
22843183
31968799
38623084
27022742
31783736
22059000
38330716
30693514
32460616
33199987
33633648
21066380
33734253
48882684
43646615
30763375
44451124
36273936
41992145
25157856
45959692
34552245
40458602
40689183
35778836
32762504
30830473
26568160
44487185
31172903
35091134
25146050
35949353
50644585
24102151
25666237
24470302
50707947
46759957
31862000
52500206
59959332
26580604
24962445
47279412
31783949
24891831
26254970
39216349
36118747
71537281
28559896
33224283
33822481
37146618
19225751
47470850
34686580
40200665
23374556
62464551
36072405
37981221
37646681
17938957
20428729
24118686
32063133
29453076
49314489
40341294
25908922
62563395
35031347
26404581
21110631
26786983
34021536
37391591
25893935
13386420
26073982
34214277
26660219
23200947
18820945
32993091
71364215
26204957
27939002
33975022
48359309
33527397
33197986
56952336
34918601
29922076
26834812
50004846
59034235
18707066
41542894
41238769
31769616
47319641
35405092
27367792
22135618
27577131
18289568
20873546
26249839
27548747
35460330
64821016
53373731
19963720
18173864
52207217
24819905
38140388
23891015
52579641
45644720
19163426
24238122
35225473
18700168
16748435
27218803
39466064
25560127
23281724
16508105
43434051
28987323
33722165
24079587
15260787
32693950
55029643
61882265
34388566
49320965
46572337
27904749
42460124
33916745
39215321
16857254
20306019
32553707
22657825
40639641
24765806
27626723
13318108
29198687
25106773
27342982
56501343
40080569
68028708
25386507
31348754
13089609
43886645
26668013
35152873
29155392
22856164
14281959
36463765
35928941
26512817
22700847
38042126
22919504
23757169
41045950
25097194
18697816
40154764
34694832
45755959
35064580
46735539
17304692
22647180
26995205
34286407
25023987
49537677
24686694
26555885
26013826
37527249
29192996
22776480
47722472
13927693
27744860
26932569
28693068
40022536
52903071
26782704
34286107
20577109
30333877
30695597
44765558
57370745
24626878
36876196
17981651
34929331
38557894
38060090
40869641
23741623
18166398
33881757
19332123
31171530
55033509
28577165
20976445
31679511
48581375
25193752
41884257
30574464
22964865
28896466
13372188
37784261
42131735
38893351
37920266
51035047
29544224
44831699
25707332
15652593
45119466
31620978
24543274
22115850
21309370
40153752
20546121
40959209
31429263
34528829
28817940
26864179
20229422
29244883
27145124
48265710
30108319
25322379
21413200
22840269
42116172
38012755
26488585
28146500
59813335
31461200
35836754
50853260
22234736
28669688
12079715
33357748
30855243
32832655
22024199
35863615
29670609
48641702
34661078
14751329
13188417
42970577
35641410
27419983
29926054
34496520
26816867
50487269
22353682
22493820
34210645
39328553
33116575
39387588
42421861
39951934
33902041
34248052
29890855
39762279
22370321
19563112
31303237
50535754
39696078
27438578
34248383
34383306
34622959
27839860
30205288
50390505
25885101
23192188
26502720
38574212
25461305
22794747
16690527
46250005
41905041
18978472
61980119
40397094
24962723
15939870
15917750
33861480
28585016
28678644
32989682
28425579
19117637
19744300
16669409
15933421
24588280
41169526
51303646
41262133
53562685
27419695
28153568
18980717
36471871
56023356
15107146
35152154
32440398
38757899
27458294
24364932
40816351
20917474
45466597
49592110
26140526
40783996
26269596
35113441
46315655
22514094
26948894
16667510
36372508
25433322
33425407
62775926
62270767
24101324
58192249
47108055
32520014
38509422
22125263
33459654
23492283
28388192
39304218
61809571
38587589
25558879
48377748
16487743
17883092
18918369
28515145
65070452
37098049
37586431
28734390
40333344
62818821
39735219
22734904
31590007
59223457
41594477
29160698
43861594
15093233
15388872
58984784
45602104
37975706
21873548
47678943
17774645
33272801
24597464
43557283
29678264
44445050
20696017
44185152
33061710
32333299
39141251
34068482
46804209
29574036
22626743
59775816
29020213
41487544
36947008
35700898
25663493
31127251
35980759
21814475
42218818
29377334
35835081
24127640
38638418
52485138
29982654
19638339
27865214
36098554
30481406
16358009
25599653
23956143
32027563
32411812
34943691
29879287
21917881
18898598
32273692
36443424
29731997
22765387
55814513
26364163
40030935
18621485
21681689
59365280
16618679
43862196
22693764
30162017
22276714
23686727
44393399
33945765
17094690
49457365
41754482
30797123
29737171
33386633
19899894
23339189
18854037
37537898
22515901
16576564
75794029
77283734
36955197
31163149
38989567
23808642
24637202
27087693
23549551
30536798
31534955
43117537
35243924
22804431
20380934
37856628
38956494
10217467
26371684
60210195
35503536
21841284
37759015
27054231
45086215
28877762
43313216
29474445
29425215
21359930
23595710
56051426
36598995
59647136
31658454
40484883
28523827
44214613
35219807
32603555
35665937
31539302
27668833
40054468
29601724
28891716
31348928
32003845
51059842
34950485
40680280
23938500
30510011
30875279
30833975
22107294
26455936
28942668
17933098
40717204
52791414
37543786
15292312
34814433
19248017
33420266
31719732
26470587
38819613
54804041
37105132
22342776
27168959
23176042
27221396
20161467
54981160
37986369
28128419
16284920
60627471
24924402
23985091
22315633
25168821
53993403
26687532
38208732
50558014
28679561
19226888
71843736
38307332
21542443
27062633
22796122
16750960
41679081
51466619
37278734
18004462
35809697
32427408
49648948
43332318
32666110
41920439
51985888
35259355
53633120
27870928
49164633
29138864
31288639
45851184
37777708
35409921
46576983
19350197
15316581
28120318
37446836
32982223
30283053
25223858
42524246
34447695
53247264
36693752
36777869
47290153
50329780
20719172
29299898
23425240
35426322
32959480
23243046
28662679
38139921
36607690
37448306
35382929
34705536
32053923
44691170
18182056
21573868
28709295
36534011
52540614
58654923
53011612
21517381
38338334
27792371
26512989
37840954
46801920
20129395
46171385
20680235
40535040
41508046
61072555
27314629
34572138
31073278
37593264
34463055
21556269
30260105
50688147
18067410
40037438
26727264
40052084
34091477
23815686
41491462
41487645
47065090
22735172
17792258
32828483
31452069
29422247
18908050
28478076
45168740
34880239
34068975
29901764
40108535
37729160
32811112
37267398
30463030
25313308
40465706
29965041
43491763
26414788
32324669
15168359
30858300
48732223
21407262
47661506
49256333
49400683
20483548
27751103
30776104
25842803
65442919
22030883
16861045
25602436
22887904
42726377
29136272
25886439
30667579
49642344
39427721
45095658
34488653
26904021
62141373
23526717
31112709
31763564
37231287
42493492
21322341
31826123
26264499
21348003
50069394
16469221
36773274
21849880
35889593
43973754
20009814
30398372
86208821
50504355
31314420
36304581
22002027
33740784
34983057
34610520
49916297
55750597
50607983
37521804
33248130
19925174
14796448
31581948
46392468
26657097
75508893
35717153
39166406
23321701
21403914
33017631
57423997
26447026
35898895
35420086
34868248
12921419
34080923
21276176
19224569
19501134
32330327
51904187
48407758
32249891
26652944
33803510
47491544
16590604
20607602
40230299
35878503
22074404
27809572
44125108
28182858
21228898
12799469
20296441
32546899
46607349
46634039
41430531
30440024
32838777
44870719
23399451
26523143
45266982
39281728
21332005
37942017
17714143
33437213
40294573
41114600
13333198
32124756
40039259
41975144
55665880
75293912
56681610
28155345
17667447
42927261
41996370
53127281
23613908
30368107
67651371
28412758
22316631
22104070
30473725
27240276
20959323
30913957
19723752
35458269
60616048
26612266
34981251
42474212
52630436
41763094
39814682
24305223
16832132
42274616
30501288
34878449
61421227
60484491
30648145
42176488
52382676
28447099
37853021
26776334
38893839
22301770
42427896
34099185
27893184
27811375
58537914
24885495
45630726
21779513
40943055
26379455
37501581
45960334
26721519
49742206
30446198
50662760
29194177
21852302
22767960
29583179
26424431
32561822
34309791
29166758
44611188
34792673
66045372
40283254
17343888
42085106
27879223
29947258
38576976
33280017
37962966
56885643
22776320
53743373
19670713
23659181
17177912
28992399
31945013
24844906
21710653
34353339
23520884
26781666
36518538
28393858
30224979
28251082
38601943
40330851
38986677
40326550
43581478
14089630
23686810
17892499
34481798
48449086
36893503
44779088
16359298
32450076
44142387
20571232
25906289
27041210
40306388
19310857
18687509
73921287
20733202
23255155
34480173
36726972
39325158
27320743
26109518
29952979
52254632
40153174
34489507
27349787
27876562
28482642
34696871
25485623
33194289
36204160
23331224
33738823
26845684
42782882
44121225
23724469
29328291
39589668
49633583
35164431
20320518
51725172
34120032
30787785
42817450
23680823
56177997
23628531
29987720
31591430
26050758
43846093
61768033
28270934
32302726
24593441
21182422
26635049
25988645
27063180
21842129
40045467
30715930
30662728
20079003
24758245
27114260
62099739
40679003
31442503
35526168
44807175
25822044
73193586
36634178
30040329
37872648
35151050
21735040
42043793
48289204
23123622
22107538
32485286
29135279
63810025
26253157
21948901
29906018
25961449
29069106
41922247
17095029
41044174
36659909
50951807
31034433
22859619
40023193
34992980
50184068
31939066
55065960
52663577
24023931
37149872
33684923
21112722
32245738
27290568
27119421
17255081
23192403
26894271
33668086
35860365
32578887
48683356
32657619
29707360
39578681
14835577
29652156
24274494
35075942
62634190
35597141
63984280
46748833
18542827
38418409
70362721
50104128
44934626
15341528
42378856
33771496
28332220
32784999
30510387
24994435
13237295
22422753
23336142
51372266
47319632
58628424
34892698
25238156
37909962
37170774
48599975
27043256
21751242
27609664
29567037
48013781
23904163
20944700
43937586
18532857
38063780
35900925
34008429
30401208
30718723
32129347
16470631
45927933
20533204
34946165
30047246
38367901
53966562
24651812
36954472
24228352
26435990
32352114
16865431
39689379
21836658
48217999
63615980
22875879
44881451
29086074
24571306
28104748
35600388
28913835
33638408
28664676
25935145
33085287
53215576
60398618
42097578
29121944
49126533
57021839
57616447
21472934
30480869
35631246
36270612
32569201
43008908
29123190
37792580
17727162
38494239
16617039
29088948
33471515
46316843
25758363
33912061
26346310
26932344
31670813
30769076
23079944
44654780
32786434
22125803
27036530
28831773
30242252
35851634
27036932
32817413
27137238
26440379
29946018
46248379
40024741
21057431
40739860
13093320
26292739
20345458
66202383
23251332
46482289
56796284
27315069
25282178
36318577
54991121
22601106
31423413
32152549
17271697
45990441
46121916
26986145
38509177
48179097
31716294
34170703
17943057
21722438
33606162
38745228
46906989
43472467
39307004
21948344
19992642
31160584
50205387
29367549
54656456
33840855
35553235
49479637
24051018
29952311
28423588
33237405
53469659
25219244
26460352
61895927
32207707
28696556
18944381
24996619
48981291
17448652
16456092
35007759
44611827
21739856
25104198
53734269
40721341
20186157
19301106
31639963
24014511
24058409
42701557
21122024
26778317
37598860
22802058
52377092
38464033
20068717
29760426
17821517
27075093
38259293
27918371
40161570
34238347
24604316
57327336
67852111
42053792
32430056
36204484
17941443
26304133
22570767
33466166
24968033
45012921
55718116
14836427
20660883
22840642
37819615
38194389
20852325
36398140
26318146
21562638
19459047
25558883
54504011
37473614
35838972
18916623
42209966
28162229
36663858
34938727
23719138
30720381
26827764
39856349
43486085
21399646
30434219
33335583
53261454
51661186
22732192
13757504
63418973
21375155
21666540
25293947
31706754
36107708
27775873
43912735
26475459
38570396
33611455
46140712
31191884
28440016
35761387
36799480
36543618
14385870
36314547
49343602
54419363
41966426
28934992
53388106
30243617
21264464
44064725
29646385
28731481
19907960
35018350
27086699
40656990
30532863
33452559
38938260
25605821
27159855
41000949
52169263
30970570
34506065
26176786
27144792
49715346
55063968
27920696
41952040
23984190
43044015
55211197
41411804
23200053
13891612
21620285
60386453
32555828
24433378
36177995
31197677
26576646
27461322
23647684
32715601
37575060
28470790
30705980
36631100
32065095
52990034
71481659
53881068
28313496
46091798
49238819
31241315
22068893
33811490
26258182
40138178
23092107
40083141
21843508
28914913
45583571
44401466
42704030
27299639
16928584
37376054
50021589
30111995
