24729047
15576096
21303200
27557602
20779317
22033952
17546401
37964422
40843842
19783201
16505197
27654616
24324655
30451503
21920158
23242679
25584275
29801314
20710993
35818929
12032422
18306284
12870518
11317761
22666112
12008029
21262682
24840812
10475198
23574331
33902373
20057768
15725052
19008071
18475222
21164321
23739440
29197734
19103026
20593260
34337087
29685403
24102354
21389266
24318338
19772720
21137567
18637268
14086998
19259037
23240879
22751278
30314218
34648556
28740965
27067398
18305600
35365165
32024646
16888800
18557177
16976262
42653610
13675753
20455562
12633711
17164929
19821477
14372442
21599539
20135239
20161341
45707195
43254756
28166302
9014165
10614660
32027384
37617204
16617092
30514806
23547080
20049492
15784212
36357927
24029510
36724640
21515474
19606841
38101325
17421845
33957957
35718393
32563586
30204603
33617145
38606532
25306349
38781122
20840797
35732210
17980148
19210933
15102694
22502824
24549980
23993173
38278428
23392395
35061250
28085235
15226512
24944035
14385164
31469357
31695995
32280933
29436471
17080153
21626419
23604672
21318426
37207268
38711157
26554094
22671053
16449927
20646721
26865635
37114863
17113122
19620867
39309470
20950324
35653984
46404424
34123035
19842212
23610952
32084744
14744667
12446044
23151917
23296734
18401364
64294749
23715159
35296590
12170711
15940673
22455031
26176892
32274141
26365788
17577191
20189094
27486436
19622643
16521661
10368488
19673157
34932603
45569482
18416986
26353248
24024149
17245193
40207622
35330458
21008647
23180176
30108066
23826367
18257342
12182456
26252727
15445477
10968384
20762660
19412939
20804584
16848247
13667574
30740381
28425992
41560694
30480975
24525499
29957052
15816596
23039936
29899130
27604966
23379798
24683941
29569197
17097581
33336416
15993766
13743080
10700160
17357174
16260174
19762578
31195059
31390263
20904303
22103641
13540828
27226360
28546498
34229563
23177986
21973604
21598431
17675981
20593295
33667617
32380006
18073156
14304910
26523714
45122618
27910472
43286196
22594663
29793118
31398636
27138329
31406000
13520171
27451734
14760357
45806415
12562660
17310510
21229050
15261037
30710290
18660353
20803662
44610264
21553458
33793175
39845926
18027793
31528146
26378267
24791745
13410072
11434795
19934492
16507388
19363113
29669449
18727208
17384976
15501387
21468686
27919622
31290966
23366627
20707301
18337929
23395430
20573719
11543864
21373021
21829671
16419775
26639502
18640693
29715296
15721944
19468891
53236455
27499052
21432092
35054529
20004341
29498599
13772835
25145085
23898492
25317935
12863147
17794570
13912130
26940351
27110304
35934953
32144405
18281662
13563813
32373256
26099323
17033311
23210084
25626837
28983881
44093689
17640856
28605996
14179000
13913840
21060771
22664424
17530863
21414656
32057317
15146375
39692060
22267775
20787772
48191697
35858271
16346450
42474911
35445874
17973096
27559823
33831626
22572892
15999996
21432483
25970532
35278093
23189318
30266766
23845808
34404728
18583321
32367385
18720934
28557796
20388819
17429665
23175719
19627976
24163468
19816259
17889450
30998568
28190041
28983255
15910998
17493433
17759175
22983956
16444177
29998676
28710967
36758433
19634566
35219886
21254555
23104074
33931778
18160971
34903936
16485849
19327331
15759563
22724048
16378525
25484872
30179448
29585239
36335665
15445242
22388660
25337276
13813327
30604831
15564316
19109171
15829119
20482325
19878557
31657501
19197921
35356981
23037281
16959623
40660715
15277148
19328381
14147881
18246742
17747477
10902559
26982674
29228795
40833986
32041005
43321419
18896757
38050565
31715641
23759924
15970155
17488303
12335639
23617041
33757406
21144223
23788983
17831904
14110286
29811287
34136720
17942996
15952516
22809837
27395163
27420941
21105857
22731690
16661155
24989541
30412799
30482223
13842610
17626609
27152213
24344409
24289770
18928313
27927878
27324122
30413989
16224607
20072696
21550889
27597594
27107831
41143410
11563623
35365091
19333748
17442421
17970273
30993775
15424607
19047824
28294444
20659899
22860972
22882193
21845713
28522956
36631997
22116563
29425207
22898754
38484943
20189838
32159850
30077676
23997944
20644173
32652016
14908967
23834411
37144424
30586578
23811682
17343629
26423268
20590705
16186189
20986213
20723045
19149018
34869317
25890695
36055561
21769436
38708567
34461677
24568207
26979788
29399819
21900153
33995348
35072425
18803604
14095001
22322132
19944911
19258538
9490678
19971881
16820590
33167133
33846055
16896159
26963455
17460395
21019611
21122677
25127592
15045635
16793916
12713404
13124334
13524696
23954596
19582674
27545138
16119410
25395865
33364762
19011691
27210852
31937696
14132171
18729500
12516042
38347465
30995280
26398096
25542868
15573464
34263972
32349516
15863260
33799006
29989497
28209757
28147491
36621784
25044596
21595945
44824526
14865559
27673590
23346157
17095288
18651765
28458322
32526460
22885809
35676764
14472875
41711601
26750722
21810854
23055107
17539821
17752719
14164757
21080456
26575267
30962427
23482273
30075540
19908974
44097404
21351823
37353856
16270887
39176039
15769835
21693052
13290912
45565936
12962814
36120410
24756265
14597704
30873045
24636609
28689682
38363130
14865974
36346012
31195778
25696445
21719722
22350893
36154684
12924674
20890290
22281270
26990289
31286184
18743774
32254469
21239688
17847574
13018962
23988984
14452876
31441735
22385262
20154706
26019291
15948852
10675175
26725526
44073013
39881088
16352054
25630552
31426791
53460372
29162750
25357154
18051466
13799814
11407224
35631073
23535707
18451296
20783777
16396463
29004974
20655058
29348500
24741424
22037692
20507105
14672532
26131876
37969862
26859845
21852189
34300932
21766449
11731544
18260537
30123668
20972243
18520676
30396967
14895148
27439586
11842919
12198252
41266759
26580887
9400742
37678230
21671654
32117385
17756271
13955903
15936914
22001522
27052673
29400094
20210995
27055075
13010259
24895913
21959146
17231621
14216166
44816307
20661939
24369531
14643864
24104512
22931223
11596088
21730019
18060018
34650566
14043711
20819251
21160245
33702215
56886113
24505337
20432393
28780074
25866038
41500197
23173397
16861863
33628981
21012227
17137275
18019001
30037387
25302395
26694580
22114433
35375574
14370937
11437104
13390277
18720760
37655588
39715480
27290944
24750232
18570140
30746698
47088203
34675007
18532989
15459898
27668133
18676500
15468406
52570686
16932276
23707472
14901341
38565331
16367185
14403556
17456701
35183337
24140906
14463376
16409677
22337711
28810137
43923492
29779609
14955771
19967957
14087139
27911179
31250653
26370391
15423385
17900294
31904313
14687358
19772663
13652340
32107069
21567925
22486907
32180078
26923004
15948471
16012718
34957893
21410225
19692058
25868423
27507575
20598031
23061294
21200501
32880376
20269007
14011095
26101078
33472393
20800964
23692698
14190762
29149520
17215344
12048406
20009410
19968878
13753793
39637448
23173964
15558558
23294501
18367895
18514016
13036457
20731292
8934483
14764062
11233974
27367207
30360262
14019102
25087357
23212501
20845088
25416568
19443200
22037558
29287958
19874210
13205064
28145140
25552581
22315048
31651668
34160529
31964467
23485312
15496127
10964507
25827075
17696768
26131990
28313264
29558539
17252247
14750310
12999273
26004827
21298089
23795122
10557879
26221924
20405871
63129966
28836622
23115517
20789233
12835279
38785805
17982448
18424011
18311342
8041046
18958786
35801313
42011705
13539210
50201164
28779378
48374703
36186425
25486489
22456559
17271949
12001723
35386442
19463506
18375583
18353577
17193839
10992033
28952754
12397285
16854446
27854764
26124487
16908896
17951244
22405718
19038952
32663554
51997871
23436257
24702459
19133303
21851219
27302398
31673810
29550019
18477881
37647497
35028449
18910717
19649837
18680521
11099441
15425065
14027723
34611576
32320995
40935863
19114061
19504251
18525686
22412177
32458215
23087444
22806081
24040449
41932296
12095092
26831335
24706288
18100208
31775203
26576575
20131056
21320868
27545696
26958086
16907363
31115580
21921446
24661266
24999087
18866998
16191814
28758739
16279527
30424448
22018020
30709640
13335074
17219929
14786131
19015244
13403921
15259146
25360947
15931542
38871165
26802046
15270679
32499191
39884074
20955458
26429391
24478158
11252629
24202349
19897036
32313912
31359359
23081963
30888686
19079991
19181677
20594401
23892889
17193416
22399108
22328598
30000888
12749677
25193758
25657022
26052573
18425069
11828360
8175788
27995219
34594446
30864300
17141113
11381020
24916569
16564362
17179821
40782243
22047155
39547225
18624925
24452393
25156095
20485237
33744179
19290590
19468807
45802586
27775361
28741022
14480580
22619867
59724112
26559188
14397359
14317684
27466362
22259429
13325520
26222336
24438969
14330167
25019739
33334477
23837131
23538985
18489077
18878517
29929420
17254486
20185380
24006254
22357164
20161498
32010618
15797029
24666035
24976811
11550970
49779768
24999532
54137300
22519056
18971786
25728107
32590306
31711350
20371359
32656179
18046194
29975564
34051424
28624290
13397467
26983554
14538881
22480958
16867647
30389954
26511401
16546212
20888628
23730361
24201317
22771349
32030235
17552984
22642691
42153591
16875174
25382258
23735903
27461582
29554169
26219345
26010901
33101284
33845121
21802951
14718232
26466943
16028343
23098463
16189980
19952776
45696486
19325232
29878822
12772919
23380897
14539308
19946692
19412409
20835286
20458574
19507135
39986544
19611834
26667681
24992373
21536876
22406584
28224985
25923675
26524697
22475505
17812630
19362412
20128329
14874939
21835269
26327770
25931956
26094300
18618608
34694310
29950987
14854895
20682417
21455840
18710877
40550506
23217490
20637587
30174334
27651525
22206007
37949417
24906884
19172072
13906244
34241011
27012025
22482536
11473559
15344419
23741432
24193641
28676954
22218354
16750688
18497070
19967908
25190161
13474674
22256060
32441940
29339798
14230651
15664067
38708161
14668820
19027348
29463890
21296069
24545138
19848510
16991624
27559688
15155584
21724966
21354862
21193228
20118514
19995014
25281991
28074471
25789543
16731440
30773391
28313092
30932433
21696491
32543082
29367130
20568648
18392634
37471979
20593013
18417780
16601393
30843534
40436883
11968634
34967910
21553196
12462452
17973323
17738721
17082541
15538294
25459592
19917563
20619867
21668300
35618753
51784312
36914699
25184741
27377211
34211089
15221350
26921402
18189375
24108721
28083913
36431316
31904990
24273834
29094052
14689370
22217986
22488576
12539059
19057995
17951955
14532279
14985870
20277570
14474266
24331391
17753626
17928527
19816248
18305220
23761756
17233417
22406554
20044997
25137229
19105855
36892849
41300385
28721991
18010953
32250476
25048871
17531600
20556101
31096003
23183952
16725946
15613987
17029384
11642499
16358984
27226334
18407236
43564366
21990940
39776114
25935600
17638169
15105398
27060807
29093803
17179392
24631020
20029699
18188299
21569266
19404176
23342917
27265269
40167958
27632676
19189897
33727282
20954045
29971886
14318947
25527640
17788747
40057448
13409805
14224010
30443459
35149363
36665073
10579701
20186111
19941083
30918671
21631975
13449352
11338631
31459762
29589745
13676664
22129607
31623826
25603886
23094876
38790095
14473560
21587814
19442483
32844176
26155158
32405529
42070343
27115273
17828146
18443511
14844333
15766262
27713837
23216387
20606517
24124857
18225223
40945858
32072490
26610514
13968646
18834591
26133436
15882417
44300648
25518273
20100194
10782905
27882100
40342603
25069760
14931548
22192636
27391063
17971848
15450355
13489451
14690814
25884083
14537028
32266865
33126788
24046758
14469302
32168135
20413408
38043849
16368302
27413153
19719613
30196936
25622415
14768928
25587037
28952134
28070469
34189399
25290709
18993866
30359340
44828456
24065876
24315394
17790627
25516996
14050475
16450194
38996869
26076728
15610270
15113504
32186501
28277557
58295117
16512605
15229735
11105382
21422935
49776262
23861931
16761483
26936840
21282000
20011622
9822981
15434772
48243982
19588090
19539986
21927419
24988874
34325820
19286270
16776642
33839548
15054170
19160468
24907872
15495767
23992061
21066022
12823101
15665253
18555263
16733377
29560493
16043324
23875515
14803662
22428154
26073429
26135767
20673835
48007004
19954219
12446172
15204615
19192483
22450419
18827760
11438407
19927483
10845353
35885635
17399411
44947531
20035814
19322460
24276590
34570997
31426413
10091297
18131009
13939635
16368301
26836047
23967588
43299174
40443166
24425196
25246821
10474278
32507175
26680960
35156460
23009215
42060465
29007703
24195320
23314656
20215009
19991270
11811710
19221693
45783049
20712763
14782013
18643901
33821784
29956933
39399490
22661612
30887339
27134604
18938107
20539209
21062022
13911290
30995860
26269937
11057354
48565047
10438347
18033402
15690282
42181368
16093577
19953196
38431359
13412472
17712145
21913365
14873557
17298407
16898058
32849383
17831768
19386582
23343595
23960890
10983319
25288585
15281522
22816626
19182044
19761692
66957346
38224114
34534224
51534507
13909265
11710980
9712213
23668821
20698274
15277831
12668244
14180703
24588424
21997605
36825436
18579822
15953693
16095912
25441636
20369249
16643361
30617413
29477892
26554834
12769139
28995914
12230241
17987505
21441771
18933632
16851948
23104804
22364785
24889170
16810555
11222355
27192302
23343067
32926713
27846942
28363394
37486701
23703772
21468413
20146894
27097492
27361133
17407549
42595780
22015874
13138834
12679082
27844159
25349063
41644692
18296616
26522792
16803041
21030050
20211485
10993901
21157107
18333729
21379021
19175215
28705752
29120628
24130366
18371160
19083112
13001171
31545117
18990352
25597052
17408461
14526797
26721215
26965351
14680086
22796965
20833798
23288210
34331733
30368561
25996764
24904187
25140800
14574391
31973431
21457477
17677367
24931743
14356414
29104175
48678758
26124237
13605978
37174695
23615276
21991153
19001942
16076741
39023955
16269940
16894110
25699397
43193477
24820592
18876160
39353502
10989579
26828040
25002782
29688203
15904855
24445085
26700155
13863142
18829970
16608967
13776256
41408955
12377863
17706329
23676670
19949329
21008530
17888489
25827921
13783930
13522289
36344716
31551825
26440843
16033286
17065348
17225491
21293382
36161254
27378690
15958138
17131064
15504643
16062148
12634588
16946914
30319152
42653474
14965236
26124663
12516641
16277069
23413228
27783575
43363385
31263896
19137268
20376074
25500952
16743328
22122638
15140125
22021750
18673035
19329785
18897558
26161742
16618126
24611973
33620639
28669022
18907912
18250271
19181651
27328223
33297979
16678743
40854682
25845053
34560121
26675092
24742910
19100022
27439672
52215809
20423295
20252280
20327095
19990733
23431923
20527323
19849011
31099627
19102201
15426292
22921824
24102701
14043614
24022487
24352507
18175060
24763456
30302460
33368345
19498366
43097758
19951368
15571395
22979228
22590629
22058018
17266034
26443636
28724980
19548534
30144490
22231792
16042105
15575782
22496175
19375971
23961422
20312282
32613678
22514282
16091551
45718984
39374730
15416840
21972968
55328734
22638865
22976064
22583953
34983198
21686961
20498249
44366372
25199636
22008127
33675189
23527133
28589209
17162777
16598549
18854537
19801022
18204486
42569564
20828506
22328541
32492719
30496407
22820936
16534626
16330401
20664173
15201369
29392738
21253843
18496302
27323341
36393976
18976548
33604484
27126454
26363904
16421674
18781915
15914812
28059691
25669768
11297001
35113462
18068218
24763591
18224043
21908788
25739700
16770811
16415192
15287543
32661009
27566191
28402822
21434948
31426299
16693700
37087818
15062724
26706750
12845120
32671889
19191093
32010066
43309037
23352759
28452820
12958563
15188327
22022352
20857551
18625587
31218885
15859562
22758043
14032976
25710560
16264183
15218557
21684530
11579641
29726367
14151900
26964220
16690417
16279172
32944507
25085022
17893016
20331227
24659582
29921761
37522185
37011856
40451072
30389218
31421765
36966162
21000510
26812697
25378256
32716661
16628059
18621805
39130207
12663285
25939309
22608511
25562918
24643715
21300493
22526414
18417293
33699766
17996032
29703342
21162012
21639807
17621766
20425671
17003504
10621004
26666999
47599245
24036966
13539073
14654585
16792930
20759263
20379671
24299381
38547385
41235918
37416758
19649523
29477006
18877661
19257357
16236536
19561319
15209702
18913731
23883877
18901603
19105723
33629298
23221892
21949981
50268473
23628858
26709806
22407746
26650952
16073620
28379003
35569493
24151111
16470816
24582879
27784680
21510388
24207861
29217515
9793363
27734187
21696633
33044697
27174356
35428100
33417111
13008673
15467108
42652843
22285368
27389116
19160518
30553809
15777279
33148817
24258727
24389527
28921254
12434219
19008071
17780470
33190187
18037485
28992221
22707194
14537034
28094057
16128220
27956234
21727737
8500549
23265676
24481717
19960580
22384277
30460903
47923320
17854366
18896035
16042326
23981719
20123112
16140794
11864579
20444041
18101100
34947929
31668323
34659096
10956930
14551494
24152469
13728864
26537006
17490447
23581902
14161807
30045670
12295444
27170654
29246555
14295910
23869914
11445901
52852026
28689099
23451149
40502256
32408888
22584247
13969866
22317021
15550845
29054974
37516372
30917877
16350687
25565796
16377586
22148288
22678116
29216641
41248378
11629190
15937832
31181808
27790622
17917336
29780539
17309237
27852565
9415820
17291050
34654476
17768638
11526469
18066235
13809152
35204812
40440784
22989088
11402087
27486281
17508607
16019056
23241003
18919102
12552679
19135511
20762990
47019957
23115967
27207029
14537290
21639675
11196419
29571994
22150127
19703644
29645238
26872671
16607488
19407399
15587052
26721175
37742633
14366314
13483225
16811667
16782083
26877865
25000027
21271365
24934513
29160195
15268004
38275292
29874915
27102379
26682968
12885493
32320996
18058023
29871660
8655516
17541500
17170288
26377601
30698513
29743058
17118257
21614664
13124465
34440147
21373984
11935645
20218108
21081258
24742984
26620202
12749343
26341836
14013768
26015112
41201169
26723794
28249439
23883784
19204397
17568876
18312745
18966503
34602175
68118848
13954515
25800738
25675066
30747998
19575545
18779992
23357596
12659383
46671063
20755497
20557797
13815337
21766897
25993343
48917393
9410870
23438544
19369223
29197378
20582172
35556184
25407217
23448012
16581739
19138082
22522585
26934583
31413068
66955032
42605246
34193329
21057414
19596527
19669514
15150451
25367067
23142205
25782751
29281427
19581802
43633380
31729141
18176971
40171359
31120492
27546158
20217389
51354137
23160656
16611295
32965214
17575985
39009652
25736813
14211934
35903377
19138505
15216214
16048208
15297461
25468341
29725026
34530875
18565090
15888660
40502869
20140634
25185827
28928485
21382380
22010492
20676677
18897673
32366621
22104222
16727164
60947058
13802788
15407786
22229883
16072116
19377646
20266667
22875253
22561491
22978963
27573420
12465136
23981138
22342876
19527180
16209348
14238643
27827769
28125798
27509821
14382594
31870056
13054064
20273039
16779632
43307293
22764560
20429254
17984125
39491250
52543115
28244300
16805278
41728112
19444377
10343187
17585982
24408281
14781313
29057888
32505555
28024013
35594615
45118485
32540229
14128086
25229172
16918079
23968608
16625840
30388400
16341857
20252174
14212780
41705835
18016212
40759870
25473560
30779651
24797706
46720714
25240973
47454962
25814912
15233231
24310665
22265379
14695336
35021474
59724895
21604569
23661006
41010875
39602653
15832341
19707184
19833921
28794679
17966622
15608292
18976863
42716487
18811873
35852147
21635615
21440558
19507567
31083527
9800712
20879633
26516091
51660801
14581418
20472295
12280918
16633723
14181610
18458642
40493744
36307394
15795708
22984856
23465789
18651623
16295942
22607883
15012613
25915008
30592808
18071983
21567075
14676676
22590225
22745115
12648596
22612954
37480190
31627478
19080460
44701463
19501549
40986810
15644025
22491929
25341639
20980774
23403919
8483834
28222380
20122829
19802136
17194464
16012075
22838699
18286957
13621809
25145692
17754810
14354219
14087069
21180710
20185225
34271903
23421803
21519466
19998383
27676446
17766902
20564162
47546976
19481441
28456998
17548506
26555199
45070144
20318976
31835041
35875243
15912470
31234579
18014189
18703230
14322104
18128829
14460172
27120796
23501998
26906337
18227117
24947423
19459745
25529380
12087412
26779728
28153051
13622795
33858417
35040383
13327956
20586417
9789479
16674303
23529271
39603597
12916036
37973596
32682831
17505670
25856751
17004936
21081390
32638844
14187328
41961203
16125679
36203455
30151714
28522260
27421513
20711674
30024569
36632894
28730256
15480741
38329529
29011487
23867816
23032177
28575090
18723822
23931516
33076283
13105132
45011556
10130593
23905645
40099313
17949790
20777743
36869334
30771113
17432105
22047901
10345477
18476874
18494416
42351770
35662141
33511129
17746113
31451097
17414119
15468210
20477089
18508146
41295138
19945660
45241468
38972819
35679840
16155907
35999565
22829861
23788876
30925881
17701735
23775270
13597866
31095415
20515135
21660380
20767558
19337905
31656764
26700410
15242693
25585375
15870404
17431485
14377774
12172692
26196888
19410001
19137276
27731335
23141422
20479735
18700917
35487049
12770020
20414656
46148255
17527162
24041660
34198030
27137034
29696377
17653168
30714723
24951779
16862390
19240161
29133991
24338459
21124311
21436579
12136125
19418183
18487147
25689978
14911453
18020677
18912569
28086281
30844174
19929306
35394125
18659272
27928715
16039745
9515908
25502311
23283786
15288673
25536437
21823007
17429385
20650955
31161464
18166576
30065957
15975978
24300311
20157641
24659225
22742095
20944922
29646088
18858065
31773396
22967349
23211643
15547809
29752461
9339783
27204857
28676355
23383660
18590866
23075273
9383883
14178508
24435137
20168041
14779090
30064366
36485804
11519341
16000269
23959591
19825274
31792135
25881029
12799567
27980672
28772356
46922954
42397822
30572607
15673642
18070781
25204071
28148014
20135396
16607680
20799005
26485879
46287473
18646043
19598206
22296134
16580212
24462690
21987743
14100517
15831833
25917289
33461587
22267787
18475371
17917241
21313206
31377298
28815637
32461334
30830817
21081759
24870502
26874268
18807520
18821018
19822330
27788167
29373887
26207514
11174058
45325487
24427019
27377457
37477695
29025491
20659301
30656704
17256430
12280322
32916280
19159128
30837660
40257111
21762577
20925499
19398491
11313339
29293712
35473026
38158436
10542091
13247050
29999407
19739552
18387787
17020528
33219833
33309402
25078231
25048769
15432365
24530425
16707905
16334131
30878740
20137414
18775459
19098666
20216363
19355483
19716015
14102146
16392988
33153310
18264919
10685155
40277094
13498686
27591171
19656826
17123809
37695234
20418867
16620688
27847152
21546664
17184091
28905430
21168137
35229770
26511211
15038780
29541814
26429063
17984786
27272010
29111895
10092961
15416779
25460758
24417694
24435662
11725123
14364588
24447543
14682077
34413888
13138596
41140109
27718213
29086115
37088477
26088197
18604626
35906945
23576817
19597750
36826709
19710762
15925657
24379370
20722591
26383362
17721072
9467445
28852871
15959016
18400633
35435174
25756692
17135722
17277248
37410297
39263036
22098846
26144188
20232595
45025501
33693951
30301792
32895612
18538564
28027605
17747654
21705381
21492600
50201083
16039700
15937699
19692678
21661287
18740159
37923299
23660548
16981465
18970902
19651606
23350232
17647587
18009612
20480739
31713404
12878119
15634898
11221074
28460066
17658606
19651399
22202119
23380329
20040285
34590812
21820248
20479979
24031883
23708682
25348272
18273219
26483561
46170881
30284840
17358581
9206161
31723151
10913726
23934170
18128975
25835686
23950032
25028277
8999028
36828943
35466970
13792653
38998677
13230728
13468984
15036653
31431449
14411762
20707458
15227860
22073721
12890110
26008451
25278407
29003805
13022543
29034950
15911539
30744554
18838082
20336557
11856903
20670967
17290091
37622764
21839131
11334702
27303360
21676466
36028198
20521494
30546580
17047188
23110617
31056818
42884266
30419332
27229713
21008013
21606356
20595522
24903508
46859573
21211437
14828509
19602176
20748879
24646860
27470838
20120290
27837813
29047184
34305898
19575508
29649147
16621492
25476531
30447113
20410726
16865834
19356853
16018580
21617998
25814900
28765793
25777881
31454641
17075954
39260432
14525506
21758308
15274084
18399754
18594156
17352559
32301481
8299502
37073801
13960725
15022477
17236588
19777893
14106145
15451204
16901409
28427978
27785923
19916947
23042103
14438840
28979762
17651292
27486131
17527857
32726297
19232727
16643070
18305488
16899467
13847878
18682546
24054274
24411793
13189337
19456010
30669173
17129045
17683333
22366226
24261953
20141971
10299639
23791703
16073067
26016671
35308446
36609146
22304827
32562020
17622141
16726082
25054091
20943844
16121559
13456910
19742957
27019934
37396581
23377959
18431274
11490964
16466121
17506943
29789993
18595516
23981924
15963560
9532562
19303762
13361266
29964727
22209765
18701267
25867152
15125738
15121699
19606354
13714577
19003558
19664692
35187606
26063329
27646269
25253973
27885535
37186792
14980646
14483209
12730138
19341622
18209407
15002341
20956523
31071380
30049994
26352008
32952465
43575894
16202827
23242115
29868497
15632797
22464334
24789939
18640984
21203380
11944546
24044064
9492931
20825850
12103771
22253931
35466565
24524634
19908255
34413109
19671774
25882898
23797605
32239603
10538887
20939177
14401001
20177130
25269272
22805314
40686688
15100215
16606173
24339039
30036265
27652690
50135866
31212508
14532271
22881234
41306099
19498489
28233631
17663481
40672899
21853864
31938206
33352595
24162064
22328328
13512843
15686794
20607196
27845116
24539078
16620787
21196641
36715678
25589973
21609846
23486780
30987685
16863943
14451498
12311565
38615827
17140520
36719951
26355033
17993818
44535335
28268085
36677822
24510637
16005053
15977254
16398488
18103024
38760935
24190390
29205356
28966241
41372111
38128367
22989618
45684384
34274142
14284332
16541176
44129248
11159595
15583297
19922444
52921508
13066731
14882016
29910865
13990309
36190705
23513688
17713001
26126722
14319060
33840420
15511286
19978456
14025527
17338196
13512596
14095515
17296844
12472760
37785928
33721561
18963943
13297941
37793067
22507592
14700599
33361488
11806769
14474453
15267549
22484007
25027717
17798340
28639986
22986916
24511451
17939926
29518071
22327742
27838190
27851393
23259917
20763233
26620649
18805599
11827781
32695277
22576562
27960345
22529834
22683095
19253697
34401432
12360549
27748204
21525926
12491084
29085678
30022798
14965077
22292774
18371269
14556526
38014908
29500467
20594755
33119372
14767188
32732924
22708623
40723734
13888964
12444526
14021539
20262452
17642299
28438632
23807468
18442845
17136405
17350859
26702553
14562790
46091612
11117195
10085870
17501513
18303386
16616633
20486555
26138028
16176596
33404289
22431387
41095639
31275937
11707004
31053959
23448853
25195146
17991266
13446882
24030488
26885404
18325893
41997686
24085040
24444766
25988995
31500373
13467252
11410308
21034325
28003248
13092526
46316414
44198626
32599963
25602383
25273352
19474689
18475648
18204747
14464098
12619552
14016621
28400594
16194614
35625137
27672598
24320578
27255215
22744158
26017888
17729720
16569587
27807407
19835528
24305372
43382879
18296238
45488707
33719616
12106558
20461078
16586714
17064608
29197812
22763842
53754705
27274773
31529073
16897505
31256233
19719466
15658989
24702534
11782805
12791851
23839835
15345766
18024546
19585723
26184453
32215601
28299878
22682343
30266929
23555438
32147329
20680864
20952503
13891371
24769557
48903530
19520711
16997668
14078954
40310615
19129209
20110534
17965330
38369101
20791910
21438142
20045284
28913662
24541633
11718545
30465004
15860159
52773037
32695245
11927643
11109168
10646297
23091990
20056842
29271224
24173196
16438834
18617778
25826097
29598382
30204896
27355755
37645218
17560125
26799653
27573172
18411504
22604849
36210187
31474662
26493965
23843542
18389812
15501795
36133866
34260275
28179410
18605747
48232698
30196081
17610374
19698624
21562643
24600818
16312356
17256529
30587134
42486354
23995760
10127984
27658909
46537043
28499148
28138676
44221036
29143909
24181207
24724842
26261867
24477342
29586813
36609685
28476118
16450828
26716436
33551271
20046237
29253906
15682651
26853411
43510530
21125060
20555064
29935661
36912645
22772326
30068007
25133198
39005961
28130060
17680994
10452304
25188584
11555240
24973156
27720402
21870050
13769036
34548187
35461227
34754089
18187883
12090451
13289386
23377097
16551620
18441977
19895326
22645626
20486807
20285809
26884152
21948613
33520110
32118505
22432581
17934602
20859407
14493003
30361317
22667704
20707510
21541602
27842593
22365772
26680404
20389996
11854810
15485886
20222229
40589779
18357305
17529635
14798417
11927985
24587909
17629523
25656401
16495303
22103898
16383691
23281033
24485852
24930547
23014982
13632536
18123090
13963559
29605959
19985265
22680664
31294444
26927896
20319851
29426724
25219502
12067422
19020979
17265931
47529987
22680906
29082214
33075094
21389145
20915594
18274390
30240513
18889714
46850799
17314169
24193302
17793279
34529203
20318740
14004604
24279951
35362948
18474225
24167496
28939422
30736418
34113817
36447176
25829883
16940771
15340717
22962052
36172559
43204996
18276979
17674211
17074792
22056990
30870612
13792400
40539712
28835080
39311208
14982910
32275879
19544703
21437222
27860217
30481275
17636946
22683007
24506195
15388117
34540581
10727483
40043322
24103090
34193780
18878928
30476538
33223419
40573521
18949814
13710802
30922320
33223693
19805930
14011296
15076070
24079720
20780428
35978486
16365957
26433440
23681616
26250172
25267617
27270267
25291000
28645962
46616411
21901232
44079912
26487093
20675313
19804798
26425520
35052959
22781249
44123218
44973412
23793207
20045008
15528181
29221277
16417903
13428158
52784568
20324367
17583739
22605651
15370947
14382627
28350152
16733351
39164454
27933630
16598225
27748234
17697441
17913865
23094600
13593240
31245005
29799795
20991591
25157442
35337527
27724316
22041307
19440245
14680618
22967247
18556633
26555738
25325659
26964852
23111592
21788090
39153137
18745258
22487015
19520223
23153614
26213521
13039579
8908307
21062782
25882351
25515907
25674851
30689385
22325087
35940428
41257401
22983068
37740581
26756401
38881508
37804403
11567691
18705564
20545267
24971187
27129593
24338310
23547242
20105784
40686769
17033101
14459540
25820931
27729947
16285553
32794541
21541784
35264529
13192076
22121725
65114508
23679589
10936651
39556013
40152553
22624996
27197812
19696037
20959796
27074816
17013838
15425007
13090793
18498367
50343194
17738952
12864047
35925466
23089352
24731704
56614548
23844028
14149316
14927429
19754809
34444704
30556916
15266786
31746777
23681430
16216223
22654272
19825993
30177489
23463105
19528349
14014448
29609697
29369202
31542066
48973360
13173733
13911890
21183022
20437132
23766938
17049059
15316342
19436270
34500204
18684132
17354253
18627279
33182865
25945368
41857866
35058939
30579718
17397196
17631965
63646955
13566275
28200520
31379652
15619894
24475337
28870367
24304552
41119820
13758390
16637135
21300883
22324312
23146967
17920149
39245411
25914863
13283442
17581509
24837805
47690369
20437306
24706471
26721890
25966019
24408150
16916171
12477056
19804727
25272349
16285299
28139957
16573595
33035909
26183178
25187670
35578493
16204174
27399632
12934156
30380385
32910425
36560922
15993385
33404823
26091309
18092315
25300675
12736230
15126297
41511659
13839758
11968790
18812551
19495079
36235843
30428783
14614982
21566825
22161472
20613116
23312007
18075315
33100103
13579893
29601895
30406302
15666756
16234371
25769969
27941484
22328384
20175691
20267360
23759018
19414701
30776339
19360676
30232794
44003464
13314102
15191374
20888504
15514888
19268755
13351913
20397144
19251098
42555719
21554526
27426167
23884337
24084587
39552855
29905322
26055622
20329353
18917203
20836962
41130244
14750549
31747793
24916508
39620747
25327340
22373976
25758358
19032728
19749684
22446130
28048858
18726186
18817444
19273417
24220717
21347563
35808870
18675221
20646770
27425173
22164591
26473847
22064808
18245865
14093847
24701441
21892898
14369667
14218685
37706102
21462329
48499213
11740683
26249515
8618735
19141870
29365675
14715084
15342792
23211983
31650530
15409073
14437055
21967498
18324447
27418291
27083997
11325262
18519685
24561274
17799497
15368848
19837580
29407336
12575952
19136787
22743147
21200187
31508284
14921036
14980115
22362675
25362590
13324585
24080149
12300923
30199788
21227555
50335080
24757530
31333858
24534318
31662138
17993771
40909240
30781634
29771780
19637586
63823972
17904395
9832377
15369256
47979570
14439975
15811023
38689587
43846020
20163028
15882057
11304165
29784066
11660606
11346913
31634372
19343712
28527508
20620418
21033956
23384810
27326203
23049254
15641355
17869360
20091422
16080957
10273556
37737261
30754902
28151547
19970323
38423460
11929779
10922162
15064833
15931017
28479716
57399688
13132376
28968753
15687684
29881274
28001099
15536981
19686136
35641429
8936309
33759951
25320382
28833104
17809697
20061402
15907845
25100776
12005663
39558593
31593263
22798643
43105206
19357938
16783962
20661561
12536476
13562554
16474629
21933391
25011432
30379975
28066429
11289801
28128395
29026332
14294913
13420127
22984929
30747096
39702933
22651599
36250881
25980677
31225120
36192001
17545536
33505735
8053088
12365935
26901199
21311615
24272306
23958419
27088975
55205854
30396619
25606905
46109813
16856424
18439572
29001696
19888769
14193494
27323844
35594047
20011547
25839488
27861395
20598064
22064620
27141886
17335691
34757159
26832864
29213712
20383967
11774260
26940099
21256513
46703581
28174072
20900401
19429842
51308149
15624217
20689672
24369741
18640090
16337816
10821338
22546428
17765626
26572212
16052132
46448487
14333294
20433886
28300839
38159405
15434677
16045429
17624591
29599043
19667976
26075164
27031128
25501614
14460314
23024277
22582872
15972616
10406262
22558983
19995166
12763970
27791766
18663730
14881761
25683470
25484237
20545334
15356648
17573463
28490850
21067200
28120997
30276381
18873401
17042847
20899232
18382435
50299686
20791093
25023058
24091158
29656274
16881180
33483822
30168218
15745412
30863010
37000645
24175706
22447546
30459058
9447704
25662983
33737851
17861850
30254551
16651092
22395468
21267673
17414811
14226325
13191500
12185855
19225966
20635818
17343540
24435555
34798645
17635747
26193399
13799313
15706094
31554196
17033892
22755428
33592948
47898516
18724343
19665729
13482881
25384157
32186478
19481749
16700993
20488704
16254823
16478979
27668246
18304699
27641087
24405779
10931503
17078243
20082386
13084958
34113198
17351851
23263792
21812739
23628382
18165107
18658042
33040172
34444127
22076862
25617635
28428190
32295844
14241868
26850200
46759767
40457535
16274215
15904643
28689453
26843235
49263802
39041748
14413705
25668849
12693962
30140919
30981579
16831580
33460891
16712322
28158511
21729648
39216296
14752359
28861669
21191571
44976944
34553654
18752745
12430837
16937110
22668776
27940712
25762485
23314843
13600963
24877397
17226327
17179174
20872305
40214056
14739100
24324639
26257551
17611600
28203123
39881159
37611832
13889991
18067786
28374181
19143044
22403270
26985319
17461679
24611041
21774924
31311919
14417458
35019793
15420078
20450558
17759500
20648771
17088178
20345509
29392403
14332216
22189687
27891380
27618582
29807649
20650966
21132280
26140929
18252251
20462004
24644481
19400482
14723972
23615848
39085696
10574295
9852536
15071621
15181155
16217203
34412228
10226828
21475677
28797700
16554383
39403036
22919386
22679696
12964121
18408319
14260520
33083976
36051444
20676645
21494840
16131491
34066639
31743373
20758645
15907079
31895762
20029086
20362684
41008279
16891990
31653905
29522782
17087608
31026781
22582745
13407217
20299021
48072816
29865693
16456175
28422683
45968821
14921634
14906390
26848759
20333897
39667841
19524387
18193677
20171449
18544531
21765645
12704157
15278188
25497984
38621942
11593410
14132797
26789531
15598678
35404068
27844023
30706467
33236271
15044005
33467881
48389099
15295972
21829263
47733292
19676974
24373703
15719700
47829618
21442651
17737754
20319919
21944196
36252670
22674063
18957369
32912045
43005989
21808734
13315888
51882994
31484259
30432977
30661615
20919669
22576805
11816467
20502087
26436037
34946459
21982627
27992630
21002718
21544166
19314551
14830927
14326155
34368336
29541510
26258093
15245576
19926209
11083312
10957827
19178862
21778152
25109191
27928272
20690850
11949040
28026544
20674036
46617353
23308002
35207296
36450170
35382705
30550821
34711679
18828864
22681881
27922071
21258324
25872661
19090400
26753833
27847152
14370508
9467130
22316214
20891677
35018563
23769719
23023400
16447228
20738952
35877573
21273679
15532705
24663682
30541417
29875695
23958236
24958588
36402536
