101618018
101379400
101115040
100770262
100129474
99629302
99507371
99018276
98979471
98802474
98196327
97682674
96719679
96468793
96170798
95228964
95152334
94834578
94714553
93878741
92950157
92244641
92154422
91803179
91332411
90341877
89954003
89460332
89168409
88227897
87796686
86895859
86225468
86147243
85709211
85435901
84837989
84344997
83813085
83244107
82628043
81746798
80917955
80848651
79902187
79093238
78210474
77810224
77657863
77564977
76931309
76712754
75805376
75436361
75209280
74250287
73905588
73791788
73496706
72945782
72572164
71616587
71534508
70928915
69973590
69470904
68918475
68240647
67963221
67901594
66939390
66418608
65794543
65445738
65198176
64683409
63783186
63614542
63101619
63057977
62996001
62425444
62229762
61644202
60993003
60129000
59875255
58958752
58586019
57923910
56990626
56134860
55180521
54765641
53976611
53923538
53748927
53533241
52871414
52784195
52371779
52099131
52015833
51973980
51765550
51517947
50997427
50608790
50476783
50089164
49588653
49321321
48967089
48850408
48731652
48261908
47986690
47672648
47478099
47219458
46765792
46308478
45987821
45862447
45399485
44937959
44757088
44588378
44274849
43861594
43372789
42937164
42428471
42419849
42145108
42084521
42012156
41754506
41466433
41064056
40748579
40721402
40334866
40220960
39974838
39830628
39662116
39260641
39073361
38669037
38429586
38221099
37870387
37792215
37541020
37424267
37007898
36786416
36739813
36539613
36468975
36310793
36083240
35918447
35553213
35512238
35317474
35049755
34788252
34586022
34148333
33632122
33464515
32952564
32799633
32530387
32038727
31849097
31791516
31294067
30826278
30392441
29984612
29940293
29654637
29326724
29232268
29008905
28660245
28424525
28264194
28143085
27878640
27719397
27533600
27037787
26924407
26841316
26574300
26369494
26321969
26256065
26151842
25894766
25637225
25544296
25339541
25078315
24827575
24792553
24543166
24490531
24456018
24434094
24336362
24203220
23978305
23894887
23873958
23871657
23638604
23595084
23562427
23360587
23125898
22880499
22627726
22498258
22331022
22260011
22125735
22111933
21965586
21882010
21862342
21851297
21689201
21556233
21318691
21071701
21000207
20904336
20667998
20590913
20348129
20222733
20212529
20089385
20080832
20074549
19967065
19835278
19749610
19586891
19354711
19197337
19032434
18876160
18790057
18756379
18666816
18423898
18205102
18132605
17953017
17777504
17754428
17590689
17540397
17359253
17139894
16884732
16622792
16449851
16276172
16054147
15844569
15668032
15468441
15303338
15156825
15141995
15006774
14951454
14902865
14704344
14638839
14539990
14355099
14297059
14262606
14015910
13832315
13770996
13710226
13617849
13534275
13360711
13280511
13123104
13038109
12947423
12903292
12813211
12706588
12612980
12548028
12478200
12454096
12369845
12241160
12166933
12040000
12032466
11980041
11894805
11837479
11793042
11683057
11659875
11549606
11454867
11435441
11429511
11417407
11326031
11306088
11203251
11079078
11015876
10964228
10893590
10798880
10726155
10675530
10591396
10561123
10476050
10472819
10382930
10342020
10316932
10204505
10181670
10147966
10025812
9920395
9893632
9886007
9849613
9796886
9743723
9643279
9588948
9497569
9376256
9289498
9198586
9109343
9061619
9008628
8970841
8871933
8845521
8823315
8786305
8780389
8656401
8563768
8483615
8445901
8427085
8370750
8321470
8281546
8258824
8156977
8034711
7907570
7806663
7713407
7644159
7584249
7489375
7450379
7411130
7328595
7292967
7241489
7190029
7164869
7134424
7082808
7018421
6936843
6826302
6765732
6688354
6573883
6472583
6467111
6421285
6391049
6353421
6291679
6229733
6180092
6129284
6126339
6110073
6073395
6024419
6005798
5959526
5903039
5881869
5855526
5790068
5763722
5746090
5739737
5694604
5641274
5586181
5540796
5489506
5478334
5465947
5424498
5412236
5388574
5357281
5351204
5339426
5330957
5313547
5254935
5244871
5187097
5160299
5154787
5110847
5097022
5070474
5007261
4948673
4908609
4888763
4875983
4818470
4806061
4744982
4728123
4688141
4656541
4605052
4560092
4532227
4470314
4428987
4370522
4350432
4344430
4281846
4263901
4259770
4210823
4170932
4144626
4124299
4096503
4076334
4049637
4042347
4010611
4003633
3972641
3934033
3875574
3875528
3829987
3804412
3749126
3746140
3697156
3657101
3652472
3609840
3546933
3518997
3487870
3464793
3451338
3441177
3422977
3415636
3411725
3351370
3290253
3242549
3226681
3196397
3166397
3136204
3105128
3078421
3061132
3044499
3037444
3017989
3013036
2999943
2990543
2961142
2957281
2950317
2949264
2929883
2903264
2885498
2880960
2858214
2856544
2847302
2817631
2799086
2769485
2747942
2718757
2688445
2672554
2654267
2645454
2615884
2612065
2608489
2580181
2548651
2536091
2526379
2521158
2513474
2512959
2492078
2491625
2459242
2456617
2456080
2439774
2437287
2411767
2401961
2400852
2396496
2391018
2370126
2338636
2305935
2286633
2286042
2281004
2279084
2265877
2249866
2231996
2221006
2201449
2184869
2171303
2139894
2139358
2132168
2124041
2092737
2091310
2062175
2030556
1998387
1977685
1955681
1925744
1910237
1902168
1881864
1873566
1872793
1863209
1856569
1850132
1821207
1801212
1774547
1769623
1766418
1757482
1742058
1713281
1686240
1677861
1656690
1646447
1634794
1622512
1611868
1599755
1585047
1575420
1568570
1568170
1554501
1541844
1533434
1526471
1519144
1504494
1493402
1484773
1477113
1469490
1468289
1465573
1456468
1445430
1443781
1439440
1428701
1426432
1425465
1417698
1409241
1395893
1385753
1378115
1371773
1368873
1357504
1351243
1334916
1328324
1315552
1300584
1294932
1293642
1281879
1269716
1254202
1246183
1235121
1223969
1222540
1209278
1202454
1191051
1175011
1169199
1154951
1149075
1138662
1136216
1129266
1123470
1116428
1104031
1099303
1097410
1089685
1081959
1075922
1071083
1055732
1042334
1041047
1038249
1033824
1026515
1026177
1020993
1005076
996754
995040
978699
976560
961113
959725
948982
936983
924963
918439
909758
895187
886111
878226
873344
870003
861389
846149
846131
831382
830416
827219
826234
821106
813113
810116
804674
803672
803187
801241
797430
793847
793159
789628
785670
779765
778239
775763
771410
768732
763092
756708
754008
748871
740761
736642
729488
727622
722542
714895
714827
711430
704405
701761
696101
693067
689724
686897
680572
674184
666504
665754
663568
656744
653038
649925
644415
639347
638479
633278
626587
624778
622666
619987
616351
610954
607474
602305
601512
598681
591116
587628
584403
583153
581642
578566
571977
570820
564505
559786
556163
555784
550301
543997
540610
534268
527778
523238
522006
520655
512566
508307
505783
497970
495852
488280
484096
477588
476707
474306
468442
466851
461120
456364
450410
447009
445145
437000
432372
429161
426812
425669
425604
421806
417755
416780
413360
413260
410667
408992
408081
405264
403641
400954
397379
396475
394390
391252
391042
390292
386647
384443
384431
380489
377176
375091
371194
367803
364774
364762
364308
360519
357999
357115
356905
355548
352379
351207
347455
346260
343694
342004
341399
338931
336893
335878
334010
333670
330604
328619
325050
324192
320758
319581
317272
313749
309959
306396
303534
299927
298374
297918
295301
292329
289087
287931
285833
284866
284143
282416
280740
279058
275913
272238
270842
270662
266911
264465
262280
260595
259206
258530
257235
254723
252037
250624
248715
247998
247629
244650
241832
240630
238828
238224
237983
235472
231779
231061
227606
226899
222879
218917
218544
216762
215146
213337
211865
210434
209840
208355
207542
206787
205386
204754
203718
202374
202361
201057
200213
200132
198586
197239
195379
194345
193651
191763
189872
188045
187377
186056
184449
184172
183269
181572
180499
180219
179463
179112
178309
177902
177288
176864
176845
175280
173899
173336
172209
171029
169583
168187
167117
166086
165464
164384
163280
163189
161284
160130
158629
157460
156633
156311
154289
152509
152153
151804
149768
147956
146644
145433
144801
143594
143402
142361
140597
139685
138261
136285
135193
133657
132990
132380
131396
130903
129754
127777
126737
124912
124839
123174
121882
120890
120156
118222
118145
116830
115030
113440
113296
111554
110284
110236
109709
109097
108631
108144
108000
107582
106617
106079
105167
104759
104116
103996
103512
103175
102357
101575
101448
100719
99827
99724
99125
98896
98033
97116
96197
95278
94562
94192
94057
93823
92975
92670
91810
91149
90909
90705
89934
89533
88867
88168
87470
86857
85986
85569
85252
85246
84983
84111
83128
82722
82060
81225
80814
80056
79414
78660
77921
77326
76435
76108
75788
75599
75313
74635
73696
73510
72879
72659
71782
71624
70913
70816
70534
70287
70186
69853
69052
68185
67472
67457
66811
66507
66134
65664
64651
64323
63351
62515
62237
61329
61106
60411
59844
59478
58767
58462
57458
56488
55645
54917
54874
54732
54486
54194
54045
53562
53520
53417
53025
52534
52167
51729
51383
50947
50905
50644
50192
50126
49696
49227
49154
48861
48428
48151
47878
47450
47268
47040
46785
46755
46624
46245
45808
45663
45238
44968
44675
44290
43979
43596
43150
43068
42873
42624
42537
42380
41982
41925
41526
41109
41016
40897
40724
40393
40096
39589
39412
39287
38801
38389
38148
37713
37392
37057
36715
36347
35866
35600
35297
34988
34664
34229
34049
33880
33453
33098
32733
32527
32293
31960
31903
31660
31254
31053
30629
30627
30286
30226
29962
29649
29208
29070
28894
28611
28153
27684
27596
27245
26874
26489
26465
26435
26396
26270
26201
26183
26020
25851
25741
25598
25556
25478
25313
25289
25083
24901
24742
24612
24496
24490
24407
24173
24106
23940
23891
23877
23804
23627
23425
23299
23252
23080
22886
22718
22501
22432
22332
22119
22039
21978
21757
21559
21524
21375
21184
21173
21015
20919
20837
20682
20472
20290
20235
20097
19971
19814
19742
19582
19393
19313
19141
19051
19001
18921
18711
18457
18251
18002
17944
17771
17742
17642
17491
17392
17275
17028
16904
16720
16480
16409
16278
16202
16001
15848
15639
15464
15276
15051
14837
14658
14495
14453
14253
14117
13945
13714
13664
13618
13569
13453
13417
13389
13300
13269
13159
13034
12962
12864
12789
12717
12649
12527
12460
12372
12363
12362
12320
12307
12223
12131
12026
11968
11900
11862
11836
11717
11633
11612
11574
11452
11405
11366
11248
11242
11184
11174
11102
11096
11079
11069
11030
11011
10986
10869
10749
10628
10603
10522
10460
10418
10416
10332
10254
10180
10065
10015
9904
9817
9714
9692
9609
9605
9514
9477
9449
9442
9409
9395
9332
9218
9208
9103
8994
8948
8910
8881
8855
8729
8614
8576
8471
8400
8313
8191
8096
8084
7964
7853
7782
7718
7607
7489
7416
7412
7330
7202
7136
7064
7058
7007
6965
6959
6944
6925
6915
6905
6846
6805
6763
6705
6660
6598
6589
6558
6540
6497
6433
6385
6322
6296
6234
6185
6156
6129
6092
6059
6013
5958
5930
5888
5866
5802
5789
5747
5716
5655
5591
5557
5498
5461
5425
5407
5350
5312
5280
5241
5223
5179
5168
5155
5135
5111
5082
5053
5042
5000
4971
4921
4859
4831
4820
4818
4809
4759
4757
4721
4691
4678
4635
4574
4514
4496
4432
4375
4324
4297
4261
4253
4232
4170
4117
4087
4065
4037
4014
3989
3981
3948
3928
3894
3830
3783
3729
3678
3646
3582
3528
3524
3485
3458
3445
3417
3410
3384
3373
3359
3333
3304
3278
3276
3250
3233
3222
3196
3194
3170
3157
3145
3126
3101
3088
3069
3038
3024
3007
2985
2968
2938
2910
2897
2887
2865
2842
2824
2809
2785
2760
2745
2728
2706
2697
2690
2667
2660
2637
2631
2616
2603
2594
2562
2531
2508
2480
2457
2426
2410
2383
2368
2340
2322
2312
2306
2278
2268
2251
2240
2230
2212
2202
2181
2155
2123
2121
2118
2098
2077
2059
2051
2037
2012
1993
1978
1973
1965
1961
1943
1933
1926
1914
1893
1877
1847
1844
1839
1809
1783
1775
1747
1734
1724
1721
1709
1698
1682
1669
1659
1651
1637
1630
1620
1606
1600
1589
1581
1565
1553
1549
1544
1535
1532
1521
1515
1505
1490
1482
1473
1468
1458
1449
1441
1436
1435
1426
1419
1414
1403
1400
1392
1386
1372
1358
1352
1341
1338
1337
1327
1321
1309
1302
1293
1279
1270
1264
1253
1243
1239
1234
1224
1217
1202
1201
1191
1189
1180
1170
1167
1165
1163
1152
1150
1148
1138
1135
1121
1118
1106
1105
1089
1088
1078
1070
1069
1063
1055
1052
1045
1031
1015
1008
994
991
984
969
959
946
937
926
916
907
894
886
881
874
870
862
855
849
841
835
829
821
816
814
809
802
799
791
790
789
786
782
778
775
771
764
757
749
743
738
731
730
727
724
717
713
707
703
697
693
685
678
670
666
662
654
653
651
649
646
643
640
632
626
625
617
611
603
595
593
588
583
580
575
569
565
561
558
552
546
538
532
529
528
520
519
512
511
504
503
497
489
484
478
475
468
462
457
453
447
440
437
433
425
424
417
415
412
410
402
396
394
393
390
388
386
382
380
376
372
371
368
364
362
361
360
356
354
353
349
348
344
342
339
335
333
331
328
325
321
317
313
312
311
307
305
303
300
297
296
294
292
290
288
284
281
279
277
276
273
269
265
263
260
256
253
251
249
248
247
246
245
242
239
237
233
232
230
229
227
226
225
221
219
217
215
213
210
208
204
201
200
198
197
194
190
186
184
181
177
174
170
168
165
163
161
160
158
157
153
151
150
149
147
145
143
142
140
138
136
135
134
132
131
130
128
126
125
123
121
120
118
116
115
113
112
110
109
107
106
104
103
102
101
100
98
97
95
94
92
90
88
86
84
82
81
79
77
76
74
72
71
69
67
65
63
62
60
58
57
56
54
53
52
50
48
46
45
44
43
42
41
40
38
36
34
33
31
30
29
27
26
25
24
23
21
19
18
17
15
13
11
10
9
8
7
6
5
4
3
1
