64147
36987
1129
2020
64103
8430
64067
6488
61711
36891
64004
31807
32195
63969
17785
45444
52082
44592
56339
52000
56198
51842
45216
43203
41322
55835
46100
36687
35291
58697
21555
3974
30495
42024
61663
744
3560
58811
21175
26499
24839
8330
31675
15225
43089
31263
36643
56213
56729
20330
58477
61475
45081
28215
33523
20760
7154
33979
55778
33043
31367
32931
49140
20970
56591
30879
32415
42861
21747
63891
55322
33375
42189
63701
54503
40734
25091
59303
56761
41421
57529
30567
36731
61427
56537
43662
28419
6704
56348
45051
16365
5120
31203
52739
38613
63389
40614
28551
36307
23871
33307
60583
52487
18610
51790
55730
25039
1435
51512
30735
23403
27515
49244
58165
60427
31739
22207
50468
51742
55265
20050
50444
5432
36347
53501
24739
30031
50456
51546
31091
54140
36263
58467
31623
14865
50178
37350
63810
20085
54695
28379
40314
56312
31439
25267
56132
58437
44100
18010
36071
480
29847
43104
60423
43014
50732
63357
43776
27015
44790
23443
59255
45758
20895
57457
49652
40284
63153
44940
28407
49080
50418
35219
30299
35543
42807
20075
14345
58787
58327
32783
2020
2111
48952
20495
24971
62119
23871
45123
57907
15045
50492
9790
15120
43275
42921
34075
6254
6920
20150
32803
32367
21575
19725
4682
19960
30039
51466
49650
48860
54413
55286
22407
35503
52379
15840
29651
29679
13875
40134
13365
29339
26451
50922
27587
58097
63347
16380
44934
36023
41358
59093
60807
14880
15165
24811
42705
17425
61399
52364
63339
4064
48446
7796
336
36623
57985
50018
4304
44988
13500
33179
59081
29067
42177
28859
33607
51566
36751
30439
44580
31467
62055
53186
29955
46036
58491
23955
63313
18615
49868
62801
38568
16560
63763
57857
21651
46502
35687
27219
19630
5024
11115
35891
35287
54197
50890
26627
3584
13185
29031
28475
21831
40899
8180
60387
60111
31955
12135
62611
47492
28299
18525
47080
17830
39192
29307
54878
2461
32503
2804
49040
13915
29111
18030
17790
5780
6272
55619
34019
24531
20290
42483
42654
44118
41988
53312
54827
42654
63752
14100
2405
44592
18105
50190
39033
32703
62425
27655
9315
3287
10035
57969
32491
58407
50774
10685
54278
30471
16770
24223
16385
13890
15550
45192
25319
53333
1019
16005
44538
27891
48500
33635
55892
51384
35155
49076
26363
60443
35487
25395
4976
6788
59835
40215
31239
31899
60885
42069
53387
29799
13680
63203
41760
30971
60279
2839
21771
47366
23571
6110
5924
480
58277
19500
62551
28359
4988
54506
27279
27923
16605
25931
22463
5408
42114
62529
44628
56156
40113
18825
2804
60861
920
61249
48648
39252
45784
54005
41328
22771
2741
29579
35623
20355
32091
46240
18405
37848
40689
49630
47360
25479
35215
8096
11685
51284
25319
32691
42369
28699
11580
49500
20540
59415
24819
49940
37806
22651
5330
40209
14930
60231
17165
43866
52595
60755
36999
5432
49834
41553
25635
33947
48560
30999
50794
49210
14595
17730
4226
41583
42159
49170
55940
33439
17475
7388
42258
44430
50682
35191
27459
33083
63543
39501
51086
20980
47104
45132
57097
35555
32991
30491
27463
9180
24723
62523
15950
7454
7340
13995
9400
47440
39246
59087
5624
34003
24891
12770
26427
52940
20540
54608
41565
52712
45090
24423
59427
62197
46468
7244
26651
50730
5624
8144
25671
59951
51064
15645
39825
58157
28659
42033
9125
62371
30759
27651
60787
44475
37662
2468
61795
50276
19470
16575
7214
47540
50876
43158
26283
24975
24051
23035
50624
57825
49570
37980
44844
59463
14290
25179
8294
32695
50276
24807
48600
8790
56757
6722
34955
19620
63085
33371
17070
52934
26739
38253
19995
57097
63025
17660
45060
43212
60211
22687
41313
4496
57913
63733
14835
22131
54467
15495
42537
44766
16605
62053
60861
24855
17410
49938
43866
7982
32599
12835
34043
9135
20985
32799
17810
12325
51476
19215
50598
59967
40278
27971
21571
44097
58553
27559
3632
47528
12455
6776
37911
43818
18330
5732
2011
13740
15090
57225
1345
60435
5168
56809
41436
9900
60267
57277
42789
15555
27439
1300
21515
56069
1192
36023
17550
48264
42564
34199
11775
32695
63399
39387
22227
30059
4172
19395
2783
28711
43926
8595
12840
50478
22287
53501
18670
34143
32627
57277
57601
57957
48
50984
28479
9605
20230
62901
6590
34711
45548
61049
62539
55526
47144
53741
47904
16320
34111
43734
10430
50614
22791
2853
57167
46284
62677
46340
57987
43482
3962
32891
16395
36367
19280
18480
13510
11685
52667
32935
54104
42057
32055
60391
61967
11955
41463
15345
13165
54044
27543
7136
50202
57657
28227
25131
8525
14910
57297
45213
13530
5768
5192
60763
58421
61647
1885
26759
13515
60019
49842
44961
19870
61603
54491
27899
30819
32155
18090
27031
27815
18595
40068
44172
23379
59291
35903
49510
45384
51140
31179
63017
62007
58197
47216
26919
42402
44766
6296
16725
288
26503
21763
9245
21567
1759
31467
59151
6056
14550
38871
16065
34507
38151
14820
14110
50754
38670
22275
38532
47680
12525
62191
22419
16155
38883
39945
2132
52670
28083
41511
22251
49922
13575
41808
57297
37908
49328
41538
49976
10445
61007
39006
41133
5492
37854
49954
27779
29819
11070
61921
52151
47480
28007
1309
17835
42177
46288
62329
33663
20275
52313
34315
52670
53600
17175
37374
62765
46364
23571
9150
39318
37884
10290
32631
9160
20535
5984
32803
34951
34855
55061
39033
16185
35875
8276
36883
56977
37101
6200
38703
31647
16785
52256
1624
47120
18640
26583
4862
23271
51308
6686
13185
15915
53657
37215
51136
2307
19275
63679
48040
6956
15795
57097
53555
57367
312
62549
50526
17535
60475
39567
14230
60659
53924
61483
42942
23999
32791
48040
3084
48140
53297
11525
45626
20055
7214
38220
12125
55511
4274
1696
42105
13540
15225
48302
23619
9835
39510
51770
28131
63141
42258
49772
49364
16200
27327
13500
39258
25619
9470
55640
55484
26095
39573
48248
62645
52052
33755
31647
27579
3962
50468
8216
8715
5222
33751
23859
9285
33991
38559
36119
14065
35911
9995
62071
52556
39585
41877
36503
31015
13365
16035
47852
31575
41313
14625
42924
1147
9435
60119
54485
7214
4442
1327
18570
13530
9445
25995
27015
38943
56705
13890
33751
42591
41553
7934
36639
39087
5552
54803
16185
5192
59587
33647
52844
6164
41574
44223
35567
25363
11090
30619
2937
47632
61183
40215
38244
1219
53132
16680
24951
10575
600
30759
26967
16765
2167
50564
38382
41646
15855
35459
12125
31931
2132
21120
45568
1993
49620
49754
16605
63527
23167
52727
6584
37380
31623
48764
51040
38340
21195
43518
6056
31739
20575
36619
39990
46988
62413
27515
53006
62733
48932
52670
14625
30579
21090
19035
17590
18460
10995
54965
23139
49410
7814
59319
43770
2321
62769
37878
45408
52793
25155
29391
18260
45856
52922
28579
1597
34579
54827
6260
36491
11940
12490
10885
44979
26579
46192
56965
24711
59355
41727
9790
16455
13140
54536
45285
4790
35867
43236
32483
41409
31179
26403
39549
14905
56105
12650
37365
11340
8680
33491
43395
22731
15645
33631
54557
30867
9165
13355
887
60039
54020
1498
59719
15375
32323
10210
57857
40215
56606
46928
17235
5282
6584
11135
12670
58637
22279
40017
44238
39228
10975
16095
52898
12310
16230
63157
60687
53963
31623
56817
3632
27975
62599
21025
51842
18395
53693
38979
43287
54971
28731
61567
14030
27899
12190
12105
6848
62251
2979
11340
47120
2300
56757
59719
62173
33203
24387
38928
5972
47996
15840
28775
34811
57577
40116
40278
52685
3392
18775
8835
7424
34331
30759
19755
32859
2545
5246
54737
62363
41373
1282
61831
58697
27183
17895
1489
63057
9165
19775
11340
18875
11575
4208
25923
41511
29799
39735
24251
34019
60919
30207
54014
47672
62913
19695
9060
21811
59659
37215
59799
52664
43902
38439
9870
23955
15435
42255
54680
18430
15210
22299
50492
23811
62561
58937
51024
5696
40257
5912
20700
61861
63429
17245
46816
975
50494
40023
59335
30399
27623
46520
20220
19185
13890
9110
5912
31059
59219
25451
1471
42183
49340
37830
11415
47120
44223
46718
24123
10890
15975
17355
26547
11940
10140
14940
14870
37380
23727
20775
58937
56555
49890
55472
48536
25095
27299
57121
18525
16530
60087
13325
