15437939
28676020
69097989
49568346
53768420
20031943
60640159
59855909
37163332
59134245
72835541
74396533
43890826
17215086
3755463
26052815
31087154
9841782
63959935
2050352
10559498
1332803
99334749
38791860
70979675
184801881
20389198
45955801
70834475
67110074
128091528
36047503
38756029
55592607
157362361
4941079
65875219
70600012
53684085
40821669
84873843
75818765
17019071
30519585
11454345
91248173
139476490
121188110
53612312
558555
11889843
18966301
28513106
7610638
80600516
19241564
48819235
44796228
3530749
48163973
61011189
84196902
42436246
4260324
142067478
80307933
19445912
57283140
17826460
18402882
27299001
70790661
58403066
92324765
37750879
34626663
33078880
15493173
11541862
4617387
5106717
106467017
44634074
93986430
33464007
104994119
24700565
42553272
97979188
46177786
31959620
54678620
48512218
5897213
46067240
8646144
41055272
53022328
47212284
16914741
58122435
90834357
21896373
30817548
30585247
173542156
45962715
47474539
107508835
16649023
3085424
51533526
21866564
41488272
2390277
72295268
96001587
2531066
16361858
82562815
8519708
38488600
64850501
16441602
59463383
51427857
11804881
15323571
24810517
12401305
42190018
83943464
66277058
114578425
17888710
10842683
46354765
39239419
62573881
67406195
35864738
70069180
17532597
79893406
59276693
17763263
41929414
79527273
3303258
58792019
36902635
32856388
7910656
53054248
73867853
70832654
18988372
35660709
29095020
48801593
79927698
118038027
28675365
73330972
46932265
42505676
50179066
52722618
68635853
13435175
27023574
56187509
78126669
36484595
114519909
96391587
8242433
26398128
86911053
55710709
5518866
64533070
9878771
43943640
5776467
58489518
145709791
70138152
3084401
74149786
19488558
21835005
9889147
302915723
8837443
48316134
42041057
9676083
57967858
33350497
47432104
42333
25505685
45908925
110906961
30257713
12502704
105311983
80051176
29579888
53491607
134013141
5342052
34280467
106803785
69229535
25558465
38023805
46571494
53950432
8675150
9573817
19833578
9444451
58651330
28429263
30576700
80024010
1649451
20237207
58314637
54457006
55959613
49907169
107032100
37502397
58416632
7068697
46254049
59822298
10214633
40403718
40621837
74172678
5082376
39898519
8824203
13541582
82837594
39303630
58464814
59139863
49173752
5060991
18631178
41655860
62877121
13040714
7208667
57739414
118136524
99779450
31308103
126923933
60259999
10209795
40248103
56461207
44979255
36535881
53801940
31707507
93964603
7808238
2176750
38298689
21687530
17457193
60418264
19729365
41074985
31182707
32577468
10616015
32760991
6719665
16321604
3545714
32667573
2263887
52828845
65696050
7560914
14509455
6324093
30200548
151251079
16597161
17531959
55148931
73095396
37952032
20033168
33833043
16411100
33245776
89338085
6773167
10971081
24439260
17430066
33484862
29313202
19706775
12661876
50507521
9950413
6173764
82183454
42191740
51588894
41095179
77264544
11394235
55855543
34512271
55286690
104911302
18264111
19283291
24009849
58496071
27510506
72218605
48445706
94092116
66155928
30165374
117348074
56081265
41901844
94396016
109658692
85545679
35706258
53894348
2962454
97554
52197993
104095022
37193389
86356940
18863459
60519672
33728592
89365855
120669859
6565373
36318123
32420603
41500216
143276689
82239297
32724520
14440894
24778538
76316341
92464589
107931471
43237389
12830326
22248155
113315233
53844
28041946
37027903
1042504
16579964
28781977
32069652
20806603
164933323
47215863
22080030
17766155
10566075
66803155
12389159
11733530
66743856
89925930
455391
5350752
2468988
4500025
14837514
100591360
34261812
184462311
41184789
48004971
66806934
28547320
14673759
68662507
9131764
6968528
64770140
2524880
9010719
26522446
40931169
47727675
11659860
45256998
15102172
50097142
65233672
53994233
109973814
16402490
48323075
31224023
10960831
89074422
5153610
53366092
40618354
35720221
61307114
21570070
12312436
55969992
109064918
52198801
4954669
41390685
3282542
76145295
39495815
78872522
34904505
61233283
32998979
81912641
70948971
90660792
20845006
9052998
112991002
17093893
40280325
87510129
19224704
78695754
72224844
32561492
392904
1945066
6408987
6115655
108759593
76689710
54968335
17520474
55348889
36854566
26395960
90914485
5734700
24844553
63107743
708710
23190746
48064157
40657525
8265611
17969486
23682236
61704692
36034607
63800403
39523478
9239912
54848061
11341084
84203543
16092966
18486092
77967885
70366288
24802643
38475596
24794193
112062320
1299783
91511174
20452235
34447436
34049917
59836078
72097793
16708623
702927
55001109
4321142
91224319
6430926
42467391
64198926
55687469
13360196
51162955
16984905
12826210
14306466
50736393
38794435
86613438
41053504
62198604
54227652
154880807
12098883
54039356
108840881
32916408
58313288
65888983
89114808
57429421
8041173
75985959
47018486
31117429
64929248
87325148
400947
6774710
40037764
11973684
57370037
85891349
6818668
51990199
54605957
73277653
13135548
21319596
32312728
131304819
81453179
49459022
56774719
36198443
1079328
77130142
10698739
25741620
116106887
54084401
17805509
83310740
16448276
28779543
34478942
38303750
51364821
35175323
7296272
60926268
108037873
84947061
39015665
112435837
5663414
7361612
26305242
66394763
68838018
51765377
22080836
31614839
102165050
21986740
138175234
35882140
2622353
122822585
71752572
91405770
46230468
184274857
53309077
139659082
52663367
15315922
35000959
66172012
53765458
251590
32489368
58917733
42527737
37434859
41550894
1159661
63375465
131789863
53746079
50038425
10171092
79272054
4831123
27214887
4042055
26492346
74157882
58129619
22281942
83390
15462624
16721055
6527263
59270930
23059170
11417059
11841317
9034610
46590746
105814769
3343483
18898343
8379551
871316
19247263
67261366
34621371
36134374
46598578
35397676
19314463
18314918
71273749
41951194
2112847
27168088
67462242
12730137
21492942
30055049
17687290
6457297
9679750
57590250
141378033
422412
42199589
100338095
58559633
44907992
31553249
29724690
46038376
18015152
45723570
13782152
62005710
53646201
36039157
28946377
126194128
56540062
17546935
40849520
12709448
28873972
12371355
23790749
10147142
66433709
213661872
77483509
80387276
68519396
8980638
43383711
163968139
7148369
54479536
1803791
96795168
52987824
741984
4853827
12111554
23911071
15382722
63603657
112728789
4528
32217778
27906076
44492638
26558843
33372816
77367227
32655775
116297419
86454955
38015774
68218444
28795367
40366244
38460362
71762027
9103704
21911299
82581666
1413990
76457006
4622639
47486619
95378691
17532679
63187819
18800685
65657479
12635961
46136885
32926159
80860089
68723109
30059464
25765570
71583259
51210132
26210298
11055444
44786709
107205889
27168429
48302487
62540050
125007892
37573523
904813
22024933
146227711
48085781
128912606
25139505
47783030
13974295
10110197
17124937
26705391
159906
61369366
68585819
75214877
35230972
39693115
86029630
10358076
61469575
63003847
31874598
560101
11145117
46705606
29461117
16437425
55186981
15825647
96196547
147359269
43072752
12511473
107467673
85216696
1172046
121479061
26464973
36399085
79248185
54733772
8536430
12876736
160455201
29939184
12652205
70244630
55894849
168446201
62062527
39865847
24942469
50639224
45414467
39339113
22878201
69548964
15576483
135970723
131887882
18660957
92609447
47609107
27585969
5316050
309441
108517693
53525389
4824879
149039102
7843928
11434692
78212490
1855147
91439754
162983559
41863909
52422604
52365326
12144076
52137385
204089349
31975794
65241198
21666575
19530435
22781957
76378327
79104597
95496638
62446543
18624463
23392275
18498564
43529056
51400134
3593229
41565919
32227516
20541409
47378172
38237853
57430539
35706457
2831419
2327838
17058683
9275487
13103407
52451651
95062147
31501951
53561246
45448451
56394757
70979566
6900476
64789704
29715958
13657767
31924071
57152119
58667585
61582391
89285637
48992639
29288399
2760315
50292260
34111108
35534053
96193173
53640143
116653008
8614141
9901403
21860470
19166961
7676473
12774340
107970798
30400813
81058754
38611287
33830650
45658791
109321393
23529850
80678785
57875217
50925821
6514388
148430693
68884538
100664185
73037802
18708121
34474564
147874873
40500944
4993259
9319267
4693769
15316574
121248972
48437068
25023692
52679121
48297516
7388110
87137708
33063191
71235264
71275100
19885562
26422863
69509580
55626516
107900765
28294408
59852798
57476075
27821343
40295709
37211048
25580359
19435157
13935466
24659460
9388826
96881552
3131728
87477185
55509759
21842608
21063376
86947682
56058932
33830663
22329601
88173116
71154751
46455395
47186137
45559340
79392049
33851633
22688749
38109105
1959892
13347208
29737898
42439532
68363288
57628090
37311777
38798284
42505276
14932069
9674962
54574265
18291947
70433706
9518135
46496570
41094546
49395591
95947548
27009064
4206489
53123970
53815105
16556386
5148435
92354499
43569026
54231744
84403588
2398281
58476778
50121361
794620
6759733
55052097
30023811
4715838
35687724
11204805
34021641
28804280
33193994
83557637
56850532
26179026
46471790
201026753
47667790
12571535
59218291
107245538
8106731
60449516
23712201
135023629
34468977
8008003
62836409
53238625
32433644
2904746
20826650
73107096
47465997
93495
23970367
37953769
36611989
36498750
3658113
42750897
55413522
49899931
78682632
6995306
47720267
10035253
49858548
40949222
46877161
36670062
10091061
28534803
40457133
30555472
30765163
59464411
93083611
29585942
71240402
85073696
22896139
51559339
38416403
105901932
34680033
9293850
33011059
4238465
31996697
69209998
11500474
30327221
128687626
52197429
20855281
12558691
28011557
79466757
60871601
21319485
154396402
60674185
86266777
42796502
63044406
66334883
32694386
62419391
38128584
67273979
73759979
6417663
12583268
58238361
5082490
168987959
42626162
44801340
32196317
60443761
97502015
86819165
38871314
4015089
16599193
62631156
22448874
32444918
46106937
17584171
78776804
63832466
14489900
10302917
45883447
25174854
28904107
57351526
88594622
79925316
9585909
105042457
14509959
29776636
34278707
21827974
14966210
10937910
12720462
13111203
39444317
32105770
74527773
24875670
54440267
21765877
179213004
49660394
27972705
23415769
40036594
11705850
178585960
25441518
53486857
55784344
9696368
8689580
119807537
11131087
20359634
18577577
35615436
35799357
137543438
14800650
35330407
58029086
1805144
71378727
28215370
9259815
84201766
42436741
25059656
43903247
5058769
161864373
66867272
39110447
38185947
90790483
37806685
81026104
88114052
8465698
103403820
22527727
46148923
14501975
100828037
119535636
12101441
21076614
46040004
70550407
70769560
38185925
44474880
60088872
143111692
139250106
61457650
82457138
60081842
32125357
66166609
37550879
218627362
48495256
26031772
31762141
89763844
79302257
32543008
4244878
118670599
67269767
43503373
27948662
33897301
21142065
38042432
39532896
78508913
76715476
34333924
29070045
72871057
87018413
68623349
69077427
53454497
51923233
25610781
65278171
26837315
46057531
4314803
26276176
127951226
24873630
47397800
68641437
89041275
33377804
76296873
51414904
26544755
23629290
19717503
27380156
23048709
51114074
26215313
53626982
96231345
7395428
58704541
33751123
6270256
19789182
27195295
65802749
10103664
50624257
945608
83451945
71031717
34460483
46634979
91642905
7277586
45875086
60629854
30095591
36925335
42540239
39162331
45819003
10550287
46913447
5491319
19817042
51207376
51768850
7973902
12679797
119653899
35020179
26423696
35299169
24760613
53663504
54048223
37980672
5753191
20585444
22534462
39427793
1705587
5744184
29069259
55238417
54878002
16119905
14815251
76794936
28928246
48571977
57663050
52263754
78071759
23094018
82685948
23136045
145203449
31047866
54096062
34122875
98027391
31210195
105095260
24011533
649599
49352717
11272212
27852848
73925752
43032601
43561640
24555014
46426285
8299860
50504958
189937466
59927631
38061508
33912932
33946421
76601893
104369256
33524223
41072690
79546166
51430140
95161697
55427794
11007452
4420334
3793592
64483777
67107445
102105133
79323272
94363523
31715543
10256541
22376600
82983463
12668512
8814291
25783433
47471958
34330751
8260511
93170828
19466599
10857737
52618622
13898069
61056951
24066313
4163058
25830694
84144379
55717093
55492809
8125732
81781789
25660393
37589992
101487410
33046841
35656475
27750631
74460807
6549210
38550132
81353689
75791475
19086940
87976602
46207113
34453798
252721745
27148652
65740814
51259215
44537656
19964093
69204213
2305810
237125342
30387623
754769
20336019
9138356
9747082
7579981
66895152
49768852
6512551
55112154
35281452
14784912
104247786
45458547
89300638
70326997
53808920
19916305
65928867
71865303
7172668
34893830
15010877
63968920
33616405
16299642
54962841
22191341
65182505
43925725
41260043
109679613
68347617
58741926
65983778
67026173
55977915
54748825
77815980
101090414
19882789
111383027
42338298
57882028
45984434
11423375
43398274
132026479
58338805
30399908
34880893
38738165
57663440
3621519
11658137
132608701
33643331
37768534
69806272
84297038
27002610
63571004
52535724
24624696
42009285
5643780
21874616
79505069
43935366
104442092
62266861
16342741
33768570
40899499
57501760
118598523
5007752
133991695
95228734
73396878
39647347
43080916
83930850
2340996
50590706
63080534
23805857
66127657
52759486
113886693
35772227
52404052
74930314
59623197
43762499
83791739
28393557
52942298
3070179
56211452
81786009
86320027
146140030
37089304
8167591
32847834
19261523
5821158
100633555
49009443
42572871
47737995
52560456
75766689
19036298
12126958
40520652
36659753
45464069
7242160
45089329
40624840
5078919
6199396
31304731
72653989
239052574
69672208
9070870
56458516
6996357
76763517
122027184
125333487
21053445
49917313
58943061
106276270
75103898
2174149
36157800
42627815
74710289
54080991
32601880
89763466
22694236
6125449
2275259
39539427
121586888
65835781
2561236
54374485
19521554
16907685
106265384
1014465
23059336
58257768
16154784
48160191
54015351
79218818
86480601
15366379
23800859
12230419
7076578
107205124
114620278
77838693
57484242
24855922
9677845
5813538
48490501
44315685
37503186
25859614
2026415
84566189
41884740
48648425
80427885
60974925
16688290
61499953
6098229
2694998
45517699
91648062
39875211
11215153
39382199
49016286
1808963
8792855
93884314
129384429
21655736
82360400
95675930
37525686
21435968
17206102
945936
25515638
74083669
1437027
15665543
99783994
8542918
55567577
59186822
55410418
35286414
8686064
96101743
74072483
8315989
18942069
57575927
17032840
2403633
7321475
60707870
144390621
32571033
91546929
24734845
41939627
13625594
21511312
24901069
244346873
135936806
42813344
5041073
16159738
112567369
10863739
52920352
77649593
18409967
41838860
22339423
26482697
54177442
50748388
37828619
44493832
24502079
22285560
709396
50463014
56650853
21160981
62646754
47176849
9502258
47766218
48744305
31034070
31551414
54313507
27301291
31698538
87677275
60219832
59461714
37138809
81982402
26657090
37676391
82931231
61013710
84620546
107783911
67780321
68548584
144491336
17876207
33682778
23930497
19326145
71963153
15480591
16140814
52992358
37300990
34621426
64927853
18240357
55830001
159715
40440623
13921502
13793346
89779507
34704798
59847863
1055592
19322296
33850701
9008284
10652368
2576436
49510032
98633143
75696789
1398311
52987857
27685372
8337534
41690610
33774501
32243502
1101996
2895588
72404655
49750193
31945116
135014068
37277521
15608283
55692692
65974094
129237845
15825669
69500250
41557108
119162352
52168799
27098965
48112917
634201
22926882
13854728
14423329
5192009
82182375
44612806
44908473
49568497
47302943
123305959
84993168
38488817
23039696
130969426
5922101
35973928
17431758
6146841
31168802
30899010
12257126
27174898
43735271
69124117
41123596
36965660
50026545
5720987
11362156
37206319
100917508
46221712
6603208
39492688
40572891
5860780
113028102
26051760
27845149
42368917
41702868
10208606
28127355
12687999
19416461
73275202
48057171
27768835
131398868
52496212
6729517
39896100
24105620
106533396
187212143
40721797
13945907
39263074
46976933
25747883
89868521
7949466
28094598
29832749
20840752
42865095
13537252
30965004
6967669
27548855
33741657
34316345
86538794
31815915
13475197
53907058
54484588
48477683
118514424
28534731
31529230
82600449
85842584
54424173
30699147
48330874
2351247
80988201
1948798
29054022
14736759
7107134
10381103
47874232
29508188
59369549
18843497
158759794
68021585
58720843
38268230
24102139
33717035
41742279
80045160
166611635
61799385
47347282
162814405
55147048
32731365
2275678
60230946
51696796
60224442
96198999
27641220
4242480
110968559
61000162
95951360
15748716
2668588
39605520
27263468
22633395
54299076
38074209
41122482
37577209
76099176
19825916
70035125
66132322
10002268
17570577
51311612
46955061
71524455
54462582
40578392
20194486
79844056
87599996
95514749
68593996
27005980
71554653
1496921
828418
1468899
30550967
18991558
660012
28208998
37374129
29881209
30817057
45015630
60106439
93933344
69170519
51755983
3630041
126776586
67020091
3950041
41658857
67201267
22889812
3368696
28284163
53129393
40665881
5281257
84512097
9465262
101108273
5541893
2787980
48637469
185942954
38979692
83962085
22299751
3063154
30073059
83116481
40081914
105541873
17299720
34607264
31392802
19069343
17087126
58451445
56950658
120199118
15360755
69813060
33235766
124285757
126411
13223295
50409457
33499057
83331975
62497440
2025027
52118150
28874025
49389021
79422893
15677546
10609584
11313185
136702687
32362276
198454
55522894
28605622
11133202
54969835
36067881
19146043
34594334
10506912
9822351
25986064
5827928
119130534
16867502
86028158
35038472
66630157
24003234
16428865
3444421
61041698
46664130
101464797
210371195
105767699
48695318
117292541
59295804
39585181
49521651
7424511
7078611
81347617
22826536
56199567
93182673
48784598
6886540
57615543
86952373
28830343
58426549
58372919
72052070
67327395
50990456
72548341
53559124
21033230
87033048
22251608
60269756
36472621
58580275
84939141
48676860
49982882
46808840
131001553
56261516
38491811
6588233
26814511
32001031
93315751
12307313
58256775
67517627
83219136
48105941
51359448
40842139
100898239
8732347
59899829
51478429
63937346
42067119
39987822
81373639
3463813
25860135
3882500
3808145
36564531
19134730
33763284
9273686
25074058
95871375
1744458
45819261
109264767
56320059
88167964
72357420
23302258
78683240
1704637
63334178
36226382
115988363
16323889
8625780
11473673
56985421
114685190
18214117
19361951
2881631
42181822
54060146
15408907
22852739
16109693
8475403
50907458
10204056
83998864
60801564
40209025
68883182
15297757
33618429
1784149
9719394
15092908
36508564
53761079
53930395
8160805
4055941
91213404
142914632
38630561
22155531
25988724
2371115
54115351
38131399
91039858
54877881
71200851
13749424
17089439
22134047
35325235
25704839
66649747
25652056
1388088
38977654
14486453
39593504
19451393
138384805
19770505
25420010
23109823
83290809
30286422
95536241
3383814
614376
49073507
57993257
14256668
45845753
73196753
82291741
77745148
70784335
1045069
27665836
100055596
17226886
28486244
85925650
4439614
14435936
30087411
2619179
33374885
3078029
32580580
10449164
56091180
51240094
41422120
12878566
27358104
95058277
40928362
11704533
27919657
35711580
57319135
55501284
124638294
72973503
18678273
8272123
28268227
48338615
66466214
71247154
87182346
31016543
29548358
32833149
59617415
69761858
17208900
36429374
27502042
7598973
109333509
33645576
62809715
67650255
18738476
3187588
89348105
38267880
27119627
27708693
104604641
16425295
18922596
37001983
37229643
31479553
70332142
165383247
9516006
73556640
36020065
32238418
4498536
18004563
69217029
9735144
11127493
6325830
50909685
82512751
49834929
21464769
33220307
52398055
59515445
102392174
54475530
57810397
6035232
20373518
66085528
9103960
16311518
72586228
61592938
117128972
68327620
33763393
55587742
16478454
46979112
41309977
29711663
80307866
12902262
41706842
905406
7560297
19294586
16801446
20007519
61631486
4014654
42916529
47125958
26814528
31688961
34983534
27237036
70116156
45590012
35561055
66487133
31354880
223488609
746940
96926060
31295774
42947550
61638423
38292412
41509566
20292797
17538422
88274098
4816692
53558080
16861301
86320748
26147360
67692177
44865767
141416214
58571418
17785754
8217919
58418597
31839492
60891893
112966799
27713800
8372912
16433550
57119672
17390302
63864095
9141536
38937549
3489914
60802587
3370065
19542295
7991004
7738723
89800624
59625889
22592875
61275507
84757598
99222642
180408680
64635207
10086007
54749598
39280589
62346037
56772338
5410082
34133012
52931546
58330516
29193698
30189493
36395390
63540202
23602322
50438175
50339257
74611961
31013321
44094180
112653012
17219239
86241397
35816406
17472815
75933871
130674371
54762384
95042822
14592122
30663482
5064549
18304102
31716972
2778467
56652543
104067033
52195315
32157402
49671335
6949193
38175836
101850134
36637356
53505224
5734556
63619385
40371424
35210411
42435793
35913644
22426202
25914870
62287571
43747340
37787311
104575146
97114472
62095361
65146291
48604438
48284537
61721384
24576434
44633688
103226088
40057299
65046052
31534930
15500395
66021156
30830164
28886639
43578975
77872951
1009640
10501464
8329476
49501210
34079323
2056300
87824926
5615202
52008239
46262114
57056875
49312197
31106779
102289310
94658504
128831571
54912260
10686297
72022842
77137948
39565081
80508747
78539965
46209222
76299722
35795677
24271885
26782178
48827027
82849770
44611356
68145072
26039633
46682987
8000330
90230378
55313029
80786876
3984353
34406798
55337648
34022107
12785190
72650106
33385200
27823647
42113321
38879348
59736659
86402361
41875245
101524012
4533818
43879823
42651971
69855486
52918893
43399785
39396361
39294374
77726989
1177611
17111976
17688376
192650
52646107
36521116
73441348
32251015
74399946
41696885
56113966
47201174
73553214
46189156
14279504
54916532
23327648
44784361
63436819
43939845
25014719
72961759
68633743
124415088
11143432
32991910
13453654
18661577
2517478
26581951
66125613
26972716
63778130
10889169
56724489
10571193
51415901
85157996
82713826
98532310
28179915
18117815
62026077
22407841
50583076
12564649
4809324
9914055
30255264
14185356
24772594
5003361
83362779
204002517
60520043
56623576
79038401
39353672
28171280
109122484
15132170
2385239
224428593
22766647
21415699
40286269
11979693
50262462
13534331
98887369
62991166
63911825
12899451
80574982
49073833
123727057
70772424
86111036
14067798
28906276
14990606
50242854
60084873
59835584
26312891
163691296
38267650
14399936
109216196
2940523
64232373
43746227
7087059
96714881
42077575
42291938
2707352
26314038
16394002
56344044
8244046
52508833
17458758
63976816
96513147
60128108
28949420
82682333
1148540
48453707
29908803
16155817
45872998
186077745
32589901
90258969
126232814
17660136
95282129
69578296
26973411
16010326
31241895
126560512
44032064
52135951
153052939
47020853
39697487
19921789
39753519
115016735
5925707
13622541
27600331
400339
46659730
64898943
41726211
2917944
28906921
15926844
16040026
54372435
5407797
94164030
16659507
45529517
23071668
101278975
51468851
220787721
62100637
30181640
50008904
54112215
6306980
6780
46929461
6113264
76733915
98806963
5753878
64124621
45462725
82385217
7179429
33864776
62840542
15975867
1201935
64701364
22052862
84921074
43453579
79259144
3060422
84120266
41221925
63431951
56044208
18738355
152258041
101634729
85966186
41113397
19109960
43741754
65988186
53388245
31557642
69591375
85272445
111786434
39700046
44593043
158647701
9122479
82635897
47727284
43920207
9950098
107203799
30956341
99963878
83502837
45713235
24038527
29306450
10654995
19133613
61580131
4602972
34700501
70401359
9686508
63225413
40623165
44797894
6008369
43247935
50463889
66466888
10135997
31005164
12877667
26383366
34827429
13238757
44458192
63446552
1688583
55378779
91233588
11830512
41554758
106660780
6001171
819696
36074112
54697557
121007030
31221698
111020097
39354682
34973994
55387533
24447932
70818771
33555606
7283503
44523525
45356130
76622622
7949327
7492316
5378775
56448978
91958040
45367991
168036
103479083
57315015
63939022
103658924
55100658
24143603
34018738
63593071
47280821
97274040
109399175
61677702
3754725
109075386
92437933
6010711
41884985
76891098
61883953
21357172
89153723
53598431
65840669
9116799
435969
75527742
65048224
48066062
20802104
78389524
11190332
80797835
7405848
63089541
79525926
5833786
9690105
70822252
98780099
30092766
90396087
17582804
12334044
35992245
60516818
74585049
82740842
5233089
29551218
47491675
37957904
49341902
38778848
51226206
17600255
20519165
34753152
66007852
13599990
11030022
43576160
101339610
33967874
31678776
58122411
41887540
147147703
66266244
1273765
86336901
72943648
117451180
56843848
87547351
42920328
99399982
56451556
41154621
15799744
3878330
46537585
75515785
26613258
31177942
20364560
17193257
38955589
57523858
10770740
27677168
103886693
9581565
38237184
1354858
64687083
103138392
7739139
44257245
46030193
20820873
40837390
26353438
23268906
17357448
26598212
54130680
24978264
39499877
93586881
55840023
44568047
46868659
102983451
20636136
67169710
27377901
11199490
180868401
16715916
61142645
49950749
28171056
17701510
2908438
49117569
1122099
68519390
23347151
64129138
74004341
90261605
17441519
16573223
19106874
34114365
11543362
28277518
62135323
57735462
37181309
43494627
22870910
21921382
21381644
4806883
101474248
70162952
65378279
62953302
102077855
5787116
38688758
26598377
7282620
20744022
35206789
23557110
1513572
62991051
13370938
21971952
23410055
8437521
34677708
21873758
43230552
32521179
101726227
21500484
6564481
208471269
41604545
54664841
64685803
31314497
137611691
34323624
42186536
30209332
80664024
29932885
9044311
68418787
17124270
2618534
12198426
25908042
18888281
7230557
50719953
81817520
80469001
49018080
53001742
18062737
42847362
40613548
167377101
37114677
16165894
61664805
108559290
50187808
36462264
52128454
21953841
39785130
22072747
126663020
39582502
18663819
13341167
37072683
33971966
3024533
24679577
63755208
2527009
54779162
54455929
79664420
1739076
49322087
16674859
52247365
18048824
35414677
123160616
97093547
74048226
64799410
22128926
56831581
66679525
83462847
28463529
22698400
53321581
103088833
54661507
36345167
111179127
104396414
90111707
64097068
17148788
35247845
52949832
69795293
83121216
32154376
27579870
20059446
200064961
47854928
53034586
42981362
11410798
54674206
34355903
64692534
118709391
12818940
115398306
58446986
54037863
17323571
85432458
28704047
21665939
59429978
27541794
19066369
50434040
36858884
63569570
77497834
964023
60920003
39565846
181298657
58776105
102526933
16598802
20516362
10795310
36835245
12300113
18886905
12065063
83703962
14049457
23777801
90735625
78502823
66968557
44499508
24404494
32238171
76849215
17277193
20520482
10342599
14464516
18349405
24469955
1325928
46096312
75543402
18418418
75777115
9587260
60344661
12787204
27242627
48390401
167193607
79624428
140764942
72164346
16973191
128889313
28830175
45226650
7398761
45375517
46243784
54061614
44015513
21806893
128690486
55197646
60819013
13191878
18588390
11674180
2714409
2638823
30065964
30949273
44561502
26373009
67747263
19469371
79742695
67581354
27825846
51125177
82955033
71419844
30178239
70893980
7608572
43926369
21565355
25953527
3841697
54190730
38092435
57029799
249306788
26928944
10013437
215594132
56474388
38642320
14095907
27719197
76427625
7556154
1589056
73466731
22756099
42190928
19019099
36934522
24655966
44669797
66630906
21205227
10158419
45023661
35190722
84734173
61421459
10932179
20599074
4568953
18292983
101851774
11062262
36650099
100909227
19522730
6954714
2291346
4082592
106565540
3360574
22776108
93715002
46798416
47644300
26363167
5597205
79216580
46220695
39937116
41255302
13048060
94956710
108949875
30470036
30485222
28838125
72063098
96525419
14508036
32296262
82711815
22661948
73761482
1854925
27185739
23810346
48102424
69664612
56522252
8858578
61764085
66204239
7307750
13360910
20987789
19459235
60677332
37392439
180686098
72832672
54482071
15791924
56677162
110593703
40202580
26559906
69234878
10904587
69535134
24090236
16928367
92677955
6846421
88508886
43870513
32360600
13229688
33681859
65055227
56946016
62684876
96627125
51955693
11515773
71995117
28893815
27700278
18984834
114601521
54965353
15092482
5872572
44644766
80469938
49415426
24300091
21881759
10825803
35011469
80558882
66790659
12593381
38532505
37447730
51991216
87533617
19943348
10026499
53769520
26055457
75283360
179762072
46236756
60554393
87926411
6132535
38249561
46902370
4742944
50600398
76202741
75577812
111022995
37119687
38325141
73121735
23783127
35865071
40824912
7025649
9774164
18440498
52945191
47190899
22243633
58383044
6522707
16711363
34998075
69318035
84518055
7075749
99606637
35625103
72839568
1670952
26095003
2925676
138062494
45222010
54111241
68798991
72348132
38358704
28066550
85931722
53988112
119899569
18314447
8713742
49303867
51748716
31125664
32985336
1812330
768345
12860265
113569709
2106693
82335412
19216710
19995953
19390538
15546563
15766184
91013266
53243348
36642680
71856824
24126838
61098974
7663678
44930443
23448469
66212151
29520335
70824675
13599082
86551390
19019560
42644773
61501446
40744445
85719516
42019657
39802478
22819151
10297211
21157116
127172623
17487382
56624115
34906878
66300308
224744301
115155603
141189315
55942104
54334467
17529358
31506381
50997326
24671657
10533240
30607268
23420311
65580457
40182895
97196634
6970983
59880568
52130446
10165657
14744712
3834544
58266434
35199671
44879038
23899058
15806628
34593296
17486181
94376795
62862064
7950848
73649438
33623032
22072990
42665666
50267272
104077197
70397197
8135322
54475282
18226171
12363691
22000128
80004918
51049664
54562943
55040139
62170752
64919998
19026917
161827160
38113567
49631209
113113362
32512452
57552926
49454134
35434056
59805276
27576873
14197923
4043218
1288435
107352894
24188766
81127686
23751030
6892970
55622024
32888505
33219807
85212672
36575304
22665749
63629581
51257812
52560057
41144974
1735779
72680769
25382879
73089103
3522449
71540238
108100930
86311781
7691390
55882915
31351380
85816821
47468823
91465568
61844942
42816105
73148026
38134771
4481913
55550089
94486066
7594358
8068065
70913135
40693108
13840716
6557674
13019529
38034684
101176811
89920930
38017301
41325211
3003195
55352
36049771
47380630
75238869
58467656
39466874
263432900
9826502
55584081
36589309
150167487
5737248
15090971
5186582
205990828
48157966
62564625
27810425
22538418
56151398
22037757
16764036
75694483
289789
30972480
56962339
77656535
23715779
24957561
5960372
45510620
68330459
130646803
33455081
13023901
8730893
100762709
41552354
38748468
78679835
47886116
26032030
104909208
4690446
8725856
47283141
22538805
35286971
62386930
14290479
2575877
21479483
50920435
12225876
7140715
1594670
42879981
106730118
74970149
15114397
23940455
57527534
96957504
55230461
15576522
58939478
64359386
73913849
47763776
44264556
23843305
21489046
18459048
30883697
71352630
42616891
128769590
42709312
59452926
8516353
47974223
15422665
52582090
6189478
34259066
4987239
76451330
134049882
23051835
112929399
23377387
27995154
82509353
68314294
44365241
46853742
37688774
13980833
85353693
41718786
73603577
38319076
35835071
199234267
5496677
37254513
41205597
31300918
8261678
76722057
44689325
40204001
24093581
37702831
26877529
18853474
55008386
60689114
22237236
15943253
73221777
8926177
97030410
94334180
48353826
8152667
47373595
67281805
111247208
69984851
11684671
30560053
3731400
3265854
15025070
40586364
5528126
80407178
53116528
38584456
69671178
140144600
86121208
25650512
4226089
85856724
55155998
18030828
96742305
35179756
15246967
21278898
29334518
28876912
34242621
3883333
39024276
53580687
13285674
114791359
16045909
18610142
78512647
1955745
46910016
19687389
44406981
94765189
63961056
12619206
6216593
53549949
34110528
69171606
56456822
3642253
91662685
21998541
58703532
21857138
69865308
6716742
619217
79353187
26110468
57096604
30810120
30707819
116261307
68325817
103848579
51385903
70957164
59989798
56429073
3995561
106749370
29865831
6516687
2568918
18700521
51942614
19470602
9132261
15985176
105602551
16878755
69908100
60521995
7849389
36900573
63842252
75682424
21918187
24431140
54032521
33817435
83323950
15967211
160425750
28861960
32981542
36178690
45364984
48987118
10519693
141162942
28556414
24454016
16943362
23869583
37657569
20490167
85360092
31389559
7090799
88919200
7173656
110197925
49289229
20651836
38432950
45768357
653745
22995173
108872432
65815253
4722412
17599885
65710300
66639048
10295197
2433784
36010573
19565853
96964681
44762748
37146170
9543961
1689026
9323823
62100981
33423052
103107066
65976263
101777657
14537156
11082098
80110697
9949411
74611335
62032709
32807457
21068496
4453094
42039104
61755132
6969392
8791975
70526402
6812389
12493676
44975965
30072852
96377257
7480366
77466986
6015073
45195676
2091207
41147796
81226252
71518583
37596219
91176403
61756904
168901961
14898190
49550720
13186038
46904903
29590752
32129970
47989563
23448099
22691239
104393019
79250650
75266040
55645320
2462851
34335851
25176209
46429530
123969729
98882
17138322
92773025
43326451
46610663
94023495
65768503
3756237
34658514
9157970
4502557
27571714
49075477
1541722
48950524
15203448
1435713
65649976
50457829
55870849
77200483
24154471
90604019
49217938
51974683
3539107
32138835
2415446
46039056
1158383
5188015
78640390
31872838
50668694
52218861
6086381
104285839
31947279
66358922
1835192
82888075
98321345
58254866
25989084
143915939
13693701
62801713
57295879
24266256
93698241
47717146
68586618
36771467
30743924
65539345
9653495
32343377
12042486
17602476
45127295
62645206
13251391
98425218
100313658
17278520
95813506
51210352
32516023
31507828
37642711
33802775
71169786
32329776
82843453
65133550
35614643
13379241
47483142
41112415
89035968
30124189
49172414
70724579
38468427
27867955
14447994
67508320
164355360
9283152
57668992
51419227
70069683
13309245
25126812
80351861
83433666
62657637
14430676
74778585
9077817
93858661
57622631
71543651
21709469
6020490
36160480
30903491
57693358
49937585
94815381
10133229
15772708
28941314
67195965
10918246
30871385
94741018
129348043
25877389
26451316
40686266
20778017
90479090
62453522
30627789
44137030
124126154
21710931
3487051
36374154
19229419
3995665
78463719
64261826
33091859
110019126
23906956
3093852
53162249
41388438
34456580
16039610
19660033
59435653
34952358
81331108
39539108
42726954
33146814
34469555
19779024
24314761
11541958
9780118
23415200
63972575
51403068
47895472
75415584
46385522
17127763
44407151
19380068
36120917
104520331
15160329
8311480
51408400
12449375
23767808
53459949
2763766
43586781
38042068
3702032
68818669
22887670
11236581
42228452
28592295
52605490
53178199
91649639
93911373
16449250
53544673
4390637
61534980
6575521
12911600
76425214
9681481
42723860
47576482
5769794
16408640
25258505
10827496
45094699
47986162
10872110
111166949
93807224
42262800
27746619
14971678
5448311
40549358
16161231
63050570
25396796
47493134
58607786
56284511
22383762
9228413
9144188
15156980
35269
61366885
51568225
51654884
56425545
24795184
490786
32669857
49529701
76654677
61730920
88886426
76366794
215380957
77147157
58515997
28441525
65260338
13753952
35524872
38040922
54923278
44136876
59082456
9319284
54441920
63183128
45577463
77448597
10677922
954187
19406193
49597440
25178344
40250689
11780295
51023033
54069326
66533816
42247822
18811563
9472355
41388571
59026879
38197510
4381675
68611644
45373530
6038774
34307823
82869795
31203687
9194324
85182994
67933543
43414295
78592087
65819387
33112488
16776490
17423189
47552452
37410331
67468800
86210157
13865624
64449701
27950846
12481953
32092647
62971166
31426608
29118553
22644122
39723220
19008945
34111142
45231052
20574357
41277663
62868218
47620300
38974766
57376926
22156301
50940925
7529042
6434489
105928
47820130
7866230
37110461
17544159
40653
22132033
2680716
18298159
48025280
55552691
102527077
21740090
102971376
5377677
60773145
13132538
4186774
102302366
112110374
51359969
68304961
9818236
15574380
39965173
80011074
48517788
33673771
52125046
57416785
29582842
53401610
38834988
85352943
81304803
36390686
14172895
13626290
84490481
24623709
82936444
10302079
42298955
60412425
284039256
55116181
41712175
12733315
15549193
40482383
36824627
80655995
65867550
90014631
8073629
71211858
53944046
36544199
96520560
47863145
3751122
96525743
45279144
32704048
59517463
28679865
130665236
10010650
44233176
42559174
9739926
66712176
51515234
10858289
90722020
29936416
42173440
25433475
8007162
61139632
48577138
32069952
1959964
49225858
36942702
38646906
55663197
119896983
37808475
445817982
47102131
97900502
23740766
10182627
10328801
8850140
29178456
25928482
109560731
69554154
127720684
40074820
76006601
31885045
75730804
47283242
9009935
68066744
98242504
31451606
61738594
32870211
130982255
13619154
43396858
86627648
91971456
74296213
23781608
13394587
7863568
5447377
79761572
31418507
15218797
58963476
19016436
15177842
70465068
21897262
31541777
25413704
4300287
54001116
8390552
108146371
9503222
631187
33302530
31299118
5548675
76222718
25298047
13915354
48347436
10369178
109401924
66397474
47316898
15917859
19648657
4645906
4821346
37947526
8642222
61390649
12871706
64744468
99456590
60555355
13827307
56247756
13392920
48698387
74329740
139068115
87173720
34572097
238719746
78551
83011480
2860224
179242352
19656346
30392894
53583031
60156530
23259754
48126048
52579343
28330611
83218680
50892959
87405662
116206085
11629826
57515389
19562761
57179546
5123145
38573503
34918794
163061838
77651909
7626722
63849483
43401284
18093925
25190573
55283455
50165201
53641061
48563058
33122973
28894600
2245805
8926129
16191504
141502235
70496670
431880
17091441
130377073
46264568
75395154
24933893
67589442
66323970
47519611
81674276
53909598
16612910
19511435
33636543
30731712
17994995
36603808
102736861
95567136
61237330
25342801
14814990
44526561
24839741
64454113
33506681
11118168
37970549
6739261
34750705
54682280
26395319
77768344
34732288
92497318
110480819
38131714
64022610
96745186
34699795
18423087
76895890
15735669
176126530
5859342
43390115
27559616
32113235
73817744
95176437
58533576
10220540
24264602
29559203
43881142
5325027
25038886
847736
75470562
41709758
42223514
83789508
65684406
10104385
78472343
60334046
31680200
1363251
72125718
13392219
69720657
212216398
4985828
206002223
41280051
98503653
142054181
24193755
27712219
33937905
41057275
61080099
54406599
37067160
39524342
32481251
26310114
9865564
34057181
76456061
29906974
101841569
4676800
56164340
35361458
75478376
148900653
97112250
8239366
101602277
51620755
30771527
49660647
92815943
63281195
98139860
38814584
162386140
1166768
30668369
1783565
90148145
22911521
7093410
75437816
61230144
106075233
53140724
58192384
11050967
70468270
148477798
72529902
113612455
225572662
21342503
30592225
59164811
26907232
20238936
9862155
125411239
49613380
104719584
56019947
24971793
46896729
177376823
31029795
23521821
3002314
99106965
48155153
82945574
14119579
33221459
11169917
63402109
36246905
79492021
54033405
142765276
47337771
55526952
27166137
45081145
44588331
16619208
105067899
41509162
31255557
65054903
23752315
64165903
65381362
5499890
187136743
22857592
26034332
2224402
48602806
59902330
31631811
24144281
60517036
12789255
34598259
84719859
23748916
23261212
32817999
90285363
21033241
6340367
53327693
43996572
42825172
58887100
51482456
31069916
63847067
126702706
22596715
26797485
1070176
64497029
67330853
10611953
44732908
33732892
30765703
87156335
67525850
55362791
78408047
89687558
18483012
32594044
72201393
68060825
81308601
27464591
6073206
16148117
17513075
69205896
56232322
35152775
29066526
46006845
55283499
94885481
59614685
49853304
27491553
75745506
31203707
52023876
65603979
24588856
37984213
132974390
16191800
29458955
37041254
69463061
54838239
70811102
67288037
17008307
7145644
147921084
14091080
60390562
20448233
111928149
18515749
53517838
30274506
30943433
39634402
12297745
54746865
153833696
59405167
48511173
4410829
51736244
3767052
135228400
68725471
48920758
18993175
31032142
5973319
17690413
10111450
96000274
33598244
5091102
82033246
26913099
61253964
64622327
14425354
36356421
63699697
5758427
11352377
23211111
164126825
28618113
55971685
78299751
32031685
24398566
31206738
78695742
5863751
115181874
124787310
35041676
55903784
14862204
31838088
93264722
45442628
17282059
2473021
931067
11089586
54405814
844373
85290009
24743208
23104451
32055602
20564092
94526377
25712239
7878576
52924712
59493475
46735390
38083317
19037278
67130235
72128022
8412668
32713935
23219390
18236979
98493220
86581476
20421160
12750318
2425831
15231649
46875453
10738157
40852667
70611416
28282196
44924590
11665926
36237068
33209042
6726507
19452986
62240353
16979860
51791457
15607214
28622591
34759562
44771464
157183
2713160
476821
53339230
20270277
92496176
21905906
83971887
39304441
17736234
5089690
41776639
43163498
60370857
44096759
19583266
66977688
15169491
18372798
42632957
67644290
209235384
55687095
36011243
69001496
29353852
5074954
48152576
70839050
62010720
99100263
62125405
57499366
66120358
445195
62695957
3953808
94730715
56127
87503206
141857063
89834889
13474169
29860364
83892600
38197509
43317355
88401012
54942808
66850930
28830520
29605347
15499836
30961296
106039586
17880859
84576083
15729131
94685231
15857730
57984231
33828495
61623031
39051050
44297029
56549901
17538053
19464488
16584245
16279268
17482803
55546714
5423972
6316790
39242689
27830623
79190375
46313231
26491345
11935426
30788995
12302096
37429258
4033701
21409448
40967823
97688580
60541700
127273473
29575060
104070740
51663322
33400942
40063886
96275923
25831649
36117992
6418413
102001973
140285214
70662925
119230092
26759883
51215970
66780950
34118827
59220950
54725107
52180273
64510586
38939131
67547397
41903982
68446407
14723842
28576799
155811692
14313337
82732064
40900910
24194271
6676222
77185972
905736
48392966
35850702
69661564
41112812
24079748
19813359
34687
57593497
45319808
54383798
68376418
32577723
52414944
48719570
53629940
48372888
9348055
27188537
89085101
12024887
7706447
62442596
65822657
57812665
30694886
32391402
139539583
35776760
47180605
13098300
2406225
38928477
13809079
8966209
21664296
58467270
50916090
47793325
1478508
59713521
98308729
17593744
55271595
9270964
83235704
158903569
18252123
37379299
8572753
35453283
40500196
59981050
75330741
17591412
39666488
37582039
8945984
52028731
12192540
73548382
48989933
2072928
65031574
6324140
16464818
5164218
10445503
46313996
92839631
74869706
130547987
75756072
7051744
64939565
6109471
67153620
72263434
21301409
4676247
49427948
20204221
34259079
38067882
40850984
36308449
107664993
188544383
96496047
13996601
65139779
16389942
68184310
19744796
27275917
22123166
72151111
70449617
125844799
33803200
107718233
48651185
34762712
39360607
102197006
89057807
116685702
48029483
85820122
53261323
97388545
38961179
28069538
3816559
15510740
48422120
4890592
4264470
7000794
60125513
54821254
10703003
39653181
14769920
25214318
4930798
44491819
83402810
66401865
2687356
10173597
56256912
58032252
38094573
62282617
44675318
35495446
115844987
35994641
28980903
66345038
35482114
93298839
60485733
242502398
24745037
103915294
145627180
54146972
56168799
174743104
50184868
30571796
41011691
73346901
12374268
13638592
32102384
22463202
30898427
203399
8111780
23157926
27023481
16979197
43839068
67245509
12298652
35426764
28852713
34817023
52113635
65055967
951330
32194407
63846871
48035587
23618148
43628345
91917120
38479578
23013170
83321127
34858512
66096752
16279340
80996748
44317311
27157341
36605191
5456388
80859438
43562727
26631098
18141691
8243675
55679416
44477801
38286071
45971881
15077848
65448643
134145730
3527761
16095887
76746257
32654882
39400611
49060376
32909407
9589980
62626704
22855437
11786023
27441851
20764848
48035068
9360500
98922876
56291237
41522845
4521145
61091360
216026127
24272033
14568277
18037718
58529424
41619632
42096117
22287431
30223279
52389856
88843968
101315642
85260270
55156427
70099511
16921012
82096891
26304769
36287863
63200441
81114456
12230211
59927995
73846544
31576019
43079185
11013850
76043103
3107105
88197148
77620997
28874498
15147046
18544042
13317098
164013626
32189829
97664705
52784527
11931772
43189010
49076617
59644198
30796019
53532693
47089356
16108636
66829093
87625497
98169034
31690835
47542185
19746550
24633452
70876868
11116415
81726992
43233572
50331770
45773903
6316611
22035446
6524848
10552271
54105731
10380844
93934491
35286333
3729325
117596218
52554760
89169642
9013868
49482377
22769920
53316314
97342857
8832216
81445545
13564194
21319963
64679839
21388353
21864053
541490
70627922
117561520
38778899
78345912
148341637
14882819
28369626
33020485
12720937
48617668
34716707
50365118
54082637
8355488
24349782
52015401
81282829
51934868
1284096
81972509
49391504
17218485
49413753
89846048
21834050
73658375
99327466
15210394
56812081
103131254
1530714
46814706
100707203
73206985
34210664
75835484
39874097
76977850
33648386
60446910
119731498
4218767
45958752
53302755
8676674
23267980
46533659
83003985
45676951
111738091
52293622
91304738
30202022
66602713
47544019
8646654
10526454
91916208
13489312
69181935
53746125
63970225
67559498
89382965
15322433
9878727
67520931
25560141
58757907
54885392
126688359
28802245
113359485
30900876
25576087
39307956
93997277
24220547
43384060
24564282
6406859
68095679
49194197
13216220
52042231
32405376
56119838
4923268
32825741
57665963
18790330
49720582
67769429
5684449
4558325
64371825
49144788
73361945
84275617
2214340
26333052
37944564
519376
81380082
55918821
13486654
38854461
34067779
6209505
19244020
17647272
1902721
15835263
89553623
12504763
32968443
70393078
74168846
62238000
16408462
129274506
19526711
51419425
92292790
50405809
28133305
18653687
3464007
21688832
77920161
9560346
104892817
12966174
94398916
46559928
47786032
54411274
101755530
40251333
9787903
148771448
99000311
26263523
28741367
35246603
44797740
27668597
204740
60444072
15004850
102895709
118371802
213838106
50131695
56729634
140382261
56342833
15417635
22868740
30678015
356124
53336596
50242864
38629058
56253308
19336990
100835324
44780639
33240880
72280224
52989855
41027663
59557332
1020873
50751334
2957564
67869742
46236432
159239123
86308606
97483844
1345712
1089445
57636450
54520978
68538832
61637608
45617542
75195507
107326148
8460511
43309925
40909034
17484199
62731211
34577969
14993009
35831101
30059167
54896820
35058880
6287003
82804558
66889308
27276784
178369578
71867118
96095183
106997006
32655010
22354857
38683921
17008306
27746619
108008242
67360834
33807746
84400598
19614841
87742906
53816496
73528327
19833839
43512744
66814709
3641290
17969783
25557445
51207273
118466380
23675111
250826311
11070030
5465011
9753189
1994937
35934419
25715581
16732623
15075263
2340697
28698646
36767268
37895339
170528791
18790680
45033329
2987828
63908480
19445787
31856473
10282898
26719046
48103331
38681023
15752653
61724126
23082439
9710334
84902868
44815304
68652691
72876209
7082939
18426146
27162026
29429689
11457091
119706231
29476454
259901132
32929941
19926276
53120825
51024218
82013143
83686227
3078382
114429704
15558614
148975581
17628411
18685755
26359953
121240917
59695854
24871476
74712378
31556134
32884660
4065237
42490267
35700442
24611666
40137567
19318194
77790437
10926648
91543501
44386418
8808709
30170311
61780663
1539417
28748444
23630378
39926496
35277988
16737490
14774386
77093034
64837079
74175137
7349930
2008528
84033142
108925731
121864407
47944246
53205958
106302141
46292658
6150099
5174181
18497456
22954623
40865173
5111152
179151399
6907009
31285546
36079067
41103301
15358878
5444366
70656384
93547841
44759226
43980140
110775314
102597435
68304904
36099571
45678770
24499474
33302280
44196182
52194600
61801237
6188563
70007595
149273395
10779729
40508455
68943177
67176416
31928539
64597930
101563731
121095279
641181
60962703
146906051
40346809
21774485
8848061
70585395
21671639
74452898
1947674
86592746
10480440
85124917
49845328
32768679
96492988
40199267
89267208
65280408
49568993
93365782
63720266
57968579
65210186
109557778
17261088
23748175
61706108
1419817
63171122
509867
25474743
5778064
4419143
23232530
57470262
68794666
43654550
32133754
65308011
38249268
42992009
121996786
11101391
98482383
18870523
45250945
115929580
14014858
19166548
71717409
37587504
95932948
32712718
78575782
62002453
37951666
41359216
52304666
11958426
25854037
77990224
22978220
15985373
106019661
3174605
25824704
63747991
30374333
14141170
58144384
20756420
70260460
53486635
38253107
69047195
22100930
29100795
79568009
22163490
2503233
144514706
37404815
28187560
844469
9212669
36182105
43844366
65150975
78883589
29380387
8961301
46808576
13003240
27828424
22947036
21821557
46493049
63142465
19581596
16119208
77281641
17572517
42227085
59463587
19111192
14618688
2208644
38180860
35304986
91342754
52575568
87355120
26202572
45942254
74202247
4677141
39834437
181727561
8324335
35272108
24668900
46222532
43247089
5283086
16818331
7764458
663526
24909003
21517975
46835704
42604610
36754444
25913915
24973864
39663381
45795483
2246476
18190116
62691503
32111099
21184349
68311554
25979469
43905751
53318952
37406199
8947945
35940990
29583213
55612066
142355445
7564236
21612929
45979737
14495665
22151552
72815026
36495158
54565590
119131708
9360687
47520637
19179712
76841827
23066892
34266559
45373396
178380026
26769058
34414405
48376498
25916902
2080324
55984886
28203763
39212698
55905333
66414229
18970873
94185204
116005561
40155016
14508189
18374887
46825902
105214717
105638649
16437249
89911334
3279696
13816665
41690470
64121418
4474708
52006310
12765246
36929304
17201624
97044321
34589075
155630
84947534
30911356
32588288
16291013
193851420
83037440
18737797
37794427
32420227
62794469
26933583
10884896
73085868
21705436
19054485
7213968
27420413
6442644
29451646
4942172
20267585
18728986
35130544
135076045
106075150
28132598
119876478
35522485
36834963
124715303
25038721
35891473
88845350
23349276
11893812
1025020
12982244
102505554
49158293
54460559
57529544
67309956
60501176
14867340
35058402
108790193
72928379
42667470
44824866
75060802
2063020
27391814
145439
51526179
61299000
125966520
8768911
175144512
91925452
20082064
50321598
30184572
58208381
15320679
54469648
78190876
39656427
47116228
27368803
25849168
33591955
11506447
39198791
17569206
61501116
74442019
26601268
11107330
34468506
14073541
53940783
51921230
9488551
1806131
78792100
12408453
34122820
25922677
9994935
21437762
6022904
51550429
88513844
99260798
26661888
41730020
59881792
46677520
134717544
8546322
46483957
12745495
36729398
51244611
23431661
1254361
114388708
38342394
20099384
74308075
63121218
71764991
39584677
16212162
67707457
75660858
68265298
25163187
75557712
68842225
21768862
52770518
21582735
80811184
57945977
31973122
4618057
33411806
34242140
41001246
6482087
60683239
22025836
63073545
5711316
317201971
67005983
24922711
162140546
64595327
116736172
75574044
3386340
41222101
185618353
16450402
93879245
79252522
97817212
23870487
51748084
28356844
43439557
21992094
22311368
26752270
21881129
54670453
11897010
35737866
124245940
50181582
35933458
47385382
58212934
60942901
35157527
74924198
2869163
91315547
59908203
83394261
12545481
22557332
47821633
40644184
41480045
24656622
42183212
32129095
33894424
66276699
28804342
97687074
19805091
11244022
24198021
37656905
15164314
16947564
45427283
56633839
44702655
125936278
23414313
5110102
27716692
3314682
41276495
11197856
70116023
131784119
123880975
32645295
82625512
76980485
39104382
63854236
23860972
26077147
67089354
11143820
2011620
27118148
56897823
11985112
47985485
39989817
20240810
29827548
42880070
30559149
48622857
86984031
30451727
94020718
81599076
25897371
38547433
23867023
31998164
40578649
6368029
24416395
37908697
74389694
88481945
11551491
34423203
31009702
19931655
248335762
48982698
132413606
96366454
54254241
64365208
31838771
97824433
38618427
42577650
32252850
85308914
14970578
23616633
9633954
37879814
26004692
35797441
24914022
40033895
66265439
61349735
35055058
38374396
31824936
32521870
75426329
96539416
50748368
80467772
4717624
58223109
7645277
20535227
8579528
76373120
42195580
61752336
115780145
77541768
93711961
1194080
18296942
69255604
30578394
88507347
30570287
44641744
69766393
35057720
112352298
53356181
201743092
73317196
11483315
32342768
58392911
22944942
98696567
25651244
72389687
9539071
27327026
63933746
49009357
84625957
1061024
39094541
500769
45523724
51573690
38507123
10942814
46505536
74155151
39638214
118455844
51778314
102084086
2859484
92168635
65889755
45447237
40874982
21919300
16661131
140886019
78935141
47715000
15909705
40429525
44649804
678641
8186170
1651293
50679871
17782694
78743973
24854095
12463854
100983148
1540312
63419963
13574202
28440196
66984244
111987904
28973775
49971541
83762163
36913056
57282877
38022904
24228856
2977348
15408445
50050737
90940724
88284883
11419572
33781566
69862634
34857717
51257157
19036158
95900319
12130233
2786695
33447150
59014502
152618202
20245888
37441837
57152869
104455415
23288248
68982962
30755973
53726433
22430910
40514285
61162348
10106574
7954553
24973931
19265827
54195541
54589458
80935785
37926707
28245652
8277900
57814901
28873439
7099641
20152666
94383012
15782963
21955874
75640838
29207591
127638590
79397909
90840569
85094113
58767576
99525677
109899723
59857248
57025238
177285
21631020
41845788
48877739
73063630
47175537
69175973
17530057
45842426
80624131
18289552
41756239
51037356
30932462
48457551
31625314
41123089
30369746
79221771
36316395
88539681
43936622
31312669
57230310
107941990
81046366
86412074
45201603
60269602
80021673
71343840
51071877
13444392
15425930
1074689
102966847
41523598
59192493
29690664
39900612
1891299
113645213
75231831
72482495
87605660
102051569
43666228
34071494
78912367
21224461
27797502
91615388
3742410
34078760
38333193
66861246
58332340
94280136
97006623
11607074
32476965
55961417
54046405
72426282
16202611
30358909
43388180
40077946
76510954
31872634
15487727
1411638
65760765
95179009
31230695
37935225
54451441
9591028
18014304
82907711
23645821
12865323
37950497
74358589
47365593
81151646
2325224
46387868
32701759
9158826
79065795
31804122
40385180
3139250
54938156
3676631
57448958
66666299
67492812
68298411
4670009
5807509
38544891
13125020
9127888
22104883
100787255
19689749
18695061
39646752
20141717
43448461
23214952
6808562
33375234
158257666
104469250
32551924
1479742
57295899
60996639
14027158
44384692
43765526
11502422
16841102
84555041
82663089
32118754
26967585
55414418
38408533
18220359
32614307
44412998
57976372
109090495
23110534
92900694
87192016
33298606
131945812
26046992
154258728
50741810
80687047
57388227
7111157
16584656
91621504
32717547
28153305
73227891
28014637
45813524
111696967
81282471
70583608
46721547
45754213
36506687
24530091
58249920
8910020
1219109
37631277
3775260
92088749
64440018
76626889
5975348
80409810
53944949
91857237
46049491
20498830
59132602
92833069
34602258
36461713
34921629
144571239
83525730
2058258
19152647
73939399
49361312
25873525
175802379
3915460
58287166
1402130
47098593
115946453
133097128
25518149
43768690
43997233
39970663
26582489
17728226
23441053
21216624
52672427
38287987
24675277
79558588
9586762
39869528
5275496
12337532
121666711
45537987
40914843
51993675
66082482
95057797
38759488
73142285
942583
54280329
52102637
94384688
25672545
90215076
29355583
12704674
122076799
39432224
11235948
90174962
41065921
91575039
34684297
54008949
110600378
36916848
47780830
23402663
72524953
97109574
14308734
89576080
43059845
37145725
15023040
1888574
10001279
3576377
11122595
6628741
25393443
6995988
41117549
74353217
33590537
11176253
7611038
12687907
128342091
22256696
52842053
60729784
77235872
58381541
80315026
7919016
126829276
125521086
38108165
68101777
3726060
29789932
65502239
74824326
88685671
65640253
3000191
17683775
50063608
2347121
117874705
18558072
32998399
42588521
38724785
87003766
48617903
30362155
23741971
102840112
58685538
108999689
42281628
23180729
80425192
106023865
41693603
72692885
167833589
37220836
26777232
94974588
28842333
72503846
55853768
44999640
18182710
67223996
49289084
70603664
50906568
1219878
18855873
52896422
4054230
55919737
27321961
7222569
22410582
144366
55128096
22793141
38335039
15890846
22649497
15301851
26004651
82526455
67491215
122172463
81293808
30264204
19507625
49626682
78418933
33358631
4498707
59277517
142514235
56257112
2109867
35438501
52324063
63165401
53717936
58141840
59749790
6674854
5045644
27811607
22666688
98846368
26757708
56107430
21017625
25140267
45338138
29020018
40117651
139666441
87181123
69417600
82025276
39068642
54028474
7522540
19469423
79789571
95862927
10296063
101201270
39163977
44958671
48279382
74780115
103125314
5783304
35325599
43212654
36915756
41188761
113914497
59877114
23179088
25107760
174302387
45121225
78790560
63568793
46697191
561230
27688007
36977524
11675824
6908669
11461239
32422651
93283472
8089566
44977303
34509132
36973961
78814764
28643965
17918780
50653214
104636056
53723958
48599489
63253722
8800596
276607061
21526886
28450365
15440899
27201868
24668585
38249652
75242382
83226605
81297522
90463572
86220242
47639897
81644544
21006182
33942923
50878992
23678713
37397148
28259194
38580040
58856323
54155095
89242290
25114011
45440878
35572881
83204855
8994344
110585424
18465746
90002071
13198469
23810672
3226821
4159048
30274117
51431943
32569491
9561482
185302099
53437242
45007023
82834927
25147583
9704018
15965228
14372798
58439753
27836715
59770228
14701245
81265789
900861
109977788
75102809
14451947
28909681
35014396
9689048
65825338
24903648
17994990
43956501
307857426
10200923
20999367
37299118
44906762
105435924
77037446
30396619
8304891
14661052
60001871
136216562
35472947
58330205
14086659
66195113
53598155
36814601
53147820
58028929
84721484
39780794
8157564
15417028
30668744
32695654
26614607
15218842
40630835
49920026
52546501
160704759
84754923
12296744
44252744
18604905
74513728
58424481
8805472
46835021
42057318
56725975
45629908
76007006
98223318
10772579
67731955
30329232
68310126
52183485
149459837
80740709
2316196
70547702
74974028
67081391
47675064
36288136
41132196
17664081
42646827
7649500
54806970
10062857
52965152
27401171
104653920
19066486
12523919
57885186
27803027
15031390
5961556
70649151
36397318
9157351
4499773
98205480
27608813
50148554
40710534
22117963
146192802
68390791
14418137
46276169
86166718
24479860
15958714
80578415
8670957
41250128
114255
39150775
53195758
38939097
92391614
88980639
33961085
66026439
30969964
27913378
46425636
98177408
10837570
166995
1779453
70738088
3890840
61350284
33174594
100299542
64059945
51921963
32791898
23384106
936763
80250533
81170835
855529
12805862
30941390
136236913
37430898
80495756
14963716
56464729
35412889
2512649
22832126
97520812
26212207
34004760
57711034
53420601
13040810
59955671
1845262
22153036
45548387
22612162
45118893
51421721
65351636
63098630
100437793
62934664
56976512
33499891
26225976
8633188
14958521
64668389
86787441
35302224
92972821
55749598
40261150
35611397
72180460
9784243
69999100
7939630
68771722
16241214
45319195
83572120
10676671
23769444
45559438
71450724
4633004
105544713
81602168
68915062
14601411
50984373
113439207
59681171
18979751
19856306
63671355
41116327
103483428
21108188
73248954
74433939
31620195
71861904
41167596
78077289
137057939
48990213
43446334
43071149
1085471
78029772
448878
119964301
11110095
52732074
37727579
28630901
35855595
41500902
20605006
13248288
78821484
24287937
15560260
34291122
90646927
128140772
58512058
64684717
15280440
45717381
5482317
29865904
11898000
50251238
18440504
21074179
57623926
938254
31988205
21956828
27221467
2677437
55221040
62874873
9724438
11867617
52834801
28271081
50502980
3962093
23124179
50045699
15264068
8178935
134562815
104136136
52002225
79983861
10074468
14589528
53537934
38603261
12873579
54896367
33740852
58523288
104716872
55592989
27751999
6005419
89623580
47049295
20875193
101903805
145000158
32950587
45115091
55250656
46069862
94745481
26759171
85918971
47068856
36385030
22046813
22950814
49661707
114977608
171812538
23702507
3279791
56180167
30503819
40240794
132635310
98436289
69951726
76274246
21437054
4748414
25575835
25455099
59085056
12680136
3547775
39638041
61738491
4829552
21143680
52298496
9557468
40271679
66959979
209858499
14058242
104260497
42123226
19379591
65478521
32063322
30960085
75346795
129005617
83639598
73171493
42298319
19841520
94100227
57708475
140438006
4499917
7990362
19892803
153759
70058524
51140566
43616098
1968790
72663868
36886285
27945796
5885079
59831796
156450395
33034644
7428079
96275571
46470844
43185842
75390370
17110181
60312402
16423369
17704034
34684060
159366958
23627991
90330755
94760220
29918760
59897226
58464973
46379616
40998976
90338163
5516246
9267367
36044905
42549086
45218225
55112573
24054865
98332361
13121063
73383252
9532528
56383772
93631123
40462858
62046684
47430301
9987937
27225550
32519832
6545346
30471920
99685880
41680564
56964885
39925177
64689620
22389788
76385441
71735005
55700591
26999588
97011803
8669879
84336195
62325415
3153547
19324581
40930819
36717490
93056527
24679576
37912458
24563746
22050913
39505227
37935586
127429261
21581942
3739559
62362336
54985444
61539854
10778174
78437811
12868024
85214345
60526921
24530561
21315759
38109089
113923130
111262657
24632977
108374875
12887294
29317070
14851928
67043065
5112630
61749383
12290555
9407190
47936270
19014691
53968185
43730990
2466559
60793585
72060135
73549221
4154924
46547993
19266574
13247830
136414147
67826658
69159851
40558159
59771280
145747171
35393524
75254258
26730633
50058233
1452199
43773138
84264152
95768039
17414859
11377161
73586353
89033363
37623695
25904230
43724976
64726413
26271655
24259770
42484854
1102008
24247176
1684236
54145436
16520834
51133459
119793200
24861395
45045460
17330876
75045971
63014821
36180766
28024562
6417766
70299169
110997575
68399184
63148937
72976595
216932969
130440088
562636
24998005
88567278
3078460
168068715
45554563
78730488
23274243
15020546
69379937
21555018
48161178
48926145
36588192
50930478
108412915
7313981
15877411
11570334
21820867
51790093
102540007
35319403
102572712
16493806
34951357
50239890
66717569
48763109
113852541
26300082
19615026
309994
78622260
35099582
42889077
75998323
85877371
131933870
25972785
125043459
18998939
4308074
7004859
19499563
15221087
7964807
25977010
8064290
9844066
16869822
35433007
58723271
8116051
111311269
13155041
20650785
178713
40491848
46939403
95250932
44689446
47646926
29723423
15009709
113099409
35458655
60391452
106333984
34986810
7793657
34116782
2046502
12966107
11377028
1171797
34802713
9876348
49129512
31868401
54166099
95676881
61559892
42644180
72038571
97750770
5504710
23481343
26100122
19072533
53900579
63920058
62118778
32300989
58943823
68344442
9613416
51829624
30402720
29457348
39575219
68370536
66059492
61907908
61683023
19574760
14438110
4141308
5789048
54000678
58466346
9188493
74406154
100097130
22717588
27446786
67116863
41626090
25588252
58865315
51893442
55274161
40608022
57083423
1924733
11051314
17048896
9356920
23765279
6341759
62033741
31384968
15374117
84098785
15153115
39739364
53067492
33232006
58871994
68190336
38798305
19765953
21900126
1833622
51227580
5257668
58205018
35718056
49621881
14530377
73216917
20663954
73154987
137796241
6233147
86860973
2807073
76422550
20075392
16089706
5499956
11379090
75667692
83528
211504311
134778986
50726523
13317857
58806094
76191619
63161793
3696023
36921841
6114499
23698040
55964475
38447257
6686067
15779919
40903681
74016992
35057260
11179240
12474471
48952792
78538298
53289119
54351294
2370775
70382108
75577901
72623167
42496534
38720551
34412186
85426027
79208633
867789
8103439
22838907
67909784
15185731
15024649
22795773
65237332
117987840
76152724
77288359
29387002
30638060
12904210
14227375
56905578
32022140
44051300
1265570
47557054
96478193
31946100
27419947
79383070
54873371
40118541
7696205
24222907
29324024
86407531
31040593
16961736
36168634
4365065
39661187
36395762
40403425
12183109
21824207
41640337
124357446
2911380
85863667
47330443
15771693
32121960
36314550
2983078
22261722
36906910
71438439
17394020
15407998
5082648
23625738
5155783
50056611
7851339
15144155
10486466
74632726
11083364
33639023
1116460
28288274
29009802
18763422
87162004
54078004
25691234
14129333
37800606
116637392
151323906
13586345
69203441
25569039
51965759
86077972
4205478
71787842
23579787
16573673
24802388
53596603
51473819
7307169
80311432
111706379
44202732
25298260
94872110
25159138
2103573
61461010
9240168
18969999
74039829
157889721
22873969
49997971
170375310
58304453
63593948
85120173
20088719
38527964
72111860
51268297
86830381
46708497
16466587
15178864
65353940
64783979
26525725
71119247
27149614
65327644
24584788
32645773
9055116
12437408
51903250
7840219
96223998
71775196
32959148
104917259
75632789
42917364
58968524
65255920
136734070
44632132
75019467
102611864
138426263
28210021
128979345
49180236
86484927
72954141
38163745
24958734
29155133
54707907
14842623
33765957
69559326
73639160
12492327
59580707
61169749
40416324
11775661
55452394
19707467
17098181
96404560
9645602
149976478
38421326
107038377
38994375
41052137
6997349
19964489
27540370
124156064
135229760
66620910
2087564
4467131
5275221
24122449
51038839
42117536
47725080
48743298
58989825
125921066
77123581
14521612
35636144
47666697
47541554
24451869
25121463
63269737
11521042
11667474
48222147
99317767
3090287
3453811
69511454
4542915
123988344
130449043
22506122
22091759
163150141
49192827
19929774
13675903
63518571
75872773
64641140
38256665
51102890
7481148
82564717
32884266
4981927
104184748
5613950
31949030
67672004
6934216
8483211
25335855
6018156
91030025
2747430
10923207
39969984
18228782
27174148
47051507
5695164
55314758
40032643
52482955
50165131
1138765
9750782
41221080
69850247
78451298
1515920
73326552
53738595
45179278
16301330
19671767
34345786
74017629
39812402
53246539
22245593
19228872
6753034
28232251
71073438
55369592
40986175
59517270
11123179
39562539
52219633
20631347
11580552
12350725
2258713
63318474
32307290
39842179
105314396
76539815
2755228
50272367
2156095
88248887
47244481
11531657
20853425
132747186
31545566
50344098
25762203
29012624
95507876
57464757
70122900
14220676
72386921
19840697
42214384
29454218
19236948
69702572
61372965
65431385
45069120
11016463
43746803
64611153
26537258
30476509
16766179
54152035
74843591
37697385
40644502
31877835
65209444
125179368
18093301
20386902
36117101
21286042
241414612
26037067
16518396
40201969
139221110
72129695
26586202
2641214
75334353
30909552
30033379
42524790
78901939
41758618
68308535
23677729
17370324
117348083
20934200
67547891
124854332
3455129
7226153
99889210
59192173
31977359
145399747
60952172
161345215
45711492
41009792
40325963
13670981
31817743
84994334
29903505
13285546
37163964
46074517
118558991
59559753
23348257
28178387
13723891
99799281
37517906
52164478
58536644
47298756
42926885
83114422
76373212
18661405
58292696
7354588
7822835
49328665
45727537
32082606
32857061
42394568
53792824
53043424
225503617
33508815
11412982
48785568
18220363
12375724
60436666
59936731
17716786
99031011
89270684
23358488
23136427
60085258
24617813
84980105
51475003
146179381
41450144
23976701
51647492
3127455
4157240
69829141
27674083
34310472
18372595
71591598
7389434
155543812
47041795
67364302
10184688
26283581
56376672
6499328
65432908
76925297
66706881
23874099
104959307
10478060
63831686
6222993
47017024
174541325
32447185
1221819
35950150
23623764
121747968
46326084
57271380
48625491
94990598
41672593
44245429
79016129
19639313
97585180
4584413
41189281
38691751
72699665
57043384
23657757
61658031
50550967
57107978
48729009
6196702
3426906
4444066
15205427
135015451
47641611
120093927
34345764
74891288
68123939
56549246
73336718
13449458
14491622
61727048
3857991
43941274
64457438
2114770
188278028
39898210
6078049
35308608
27133542
47096363
1158620
34628262
4469784
61938018
42428906
10133133
84826954
67898517
33369764
25675770
80471870
126231043
57932512
24878485
70767993
57331788
64946289
29361801
40490817
10539809
12041386
83420248
21180258
97750464
82604072
4999734
4558568
45761383
142801687
1603817
79256110
40976653
86124381
12687740
107077839
45058648
203288075
46887360
5579792
44355115
9177368
29664664
53169365
35772678
72580318
73085535
87125873
1986329
5692717
10924480
58469318
87235204
30895457
12353457
36706520
12532940
20205365
109677411
59740835
75957159
7742963
67335386
64692792
27731910
22045922
79061730
67188853
38987723
100054405
15465475
54345043
86424015
14996054
85469805
43541248
35003840
11897695
47602378
37769589
151736785
79668667
72440524
39479563
3147176
28393174
66739410
75725807
5280503
107967100
27199656
93187492
67100618
74447552
3333005
84178405
16369722
17184028
8236912
17508510
52284171
18806325
4518660
24135725
29104575
79721843
64746863
34984623
79169829
45696337
76046580
14396861
95419428
82136854
98184324
116570996
86041867
4269367
18162273
9356854
37066308
16854793
73166721
8409778
6450132
25795876
76292251
11697933
383309
127729155
38315280
47787723
34741415
79752775
34676790
73171213
12185620
16046814
30669910
9116553
19277388
37126615
172136219
28039879
32831422
34976390
34744826
9527113
62588209
24344448
25534857
2743020
34827614
28730237
37632023
11895202
57468455
151944
8898182
78496607
69658266
934345
89004141
72504121
143990978
60782514
58983690
25343430
41277303
87974215
101762526
64926424
69077179
17931441
27939116
14782747
58453400
65254073
13942584
5457228
81062562
7786405
68471373
40082317
93597547
15321248
23888876
48657121
12886940
80353737
64933335
85671558
29420347
2411597
174616798
73750284
3818997
20540784
67072481
37900476
69291109
62689537
36560312
20129684
20805959
7180517
53344908
86082866
110951697
47452567
34568383
31575810
72837120
123462757
49251124
156141542
69682403
22541780
58445689
10181648
16063650
15788277
101239522
22380813
36272285
29750833
8879091
55506810
49850492
32625085
8381479
154939124
152115973
13079230
16961653
56253734
58021628
76056800
44272108
68714561
39907109
43342425
3901151
64551304
29182907
16261610
69055596
18377975
88793447
115103639
55135400
58152794
18778133
6851417
83748986
126746551
28936154
33765161
150381692
205598998
53198435
99609819
24616868
49501911
31989829
6786145
16855323
45950933
15431074
8794837
54482091
12757822
19292770
164444758
27858284
34337641
30328493
51360259
211580119
39250857
19742917
57992615
34809720
8296530
44708730
14027321
41443189
7497246
27734712
29665325
40879364
20139908
36272141
695168
24948187
70300555
37661777
43204231
15024629
63060735
2624206
52680652
47206705
75307992
39238066
29562713
4825625
144235588
21468788
65120077
68247504
21969942
28173584
7123438
26895019
24481002
1377551
36795782
35182016
56260801
4603286
785296
49350669
58729640
57474075
77895816
28554057
70076155
47058891
27861997
50857943
51810750
32398464
77070209
70782493
69103028
24146919
670423
52796720
39947798
19881576
110587173
27778688
75173949
4436158
45847754
407520
100627341
2597265
114451339
29977954
91760245
909744
33018253
34291778
82811352
59572872
86162367
31235484
7009486
33706695
22424538
61131195
62814675
33884071
44826156
69704870
24353763
15369016
5402662
73835199
52419360
27324416
28064348
108536967
54582262
13099200
18078046
68484824
2820604
15171508
619915
139111233
54046152
18295485
56296121
70865854
24033153
37672306
26684743
28976225
47721166
13408359
790041
56169976
9833907
19329614
25661074
28543657
51571401
55739440
16275455
79312405
10889040
65088348
67193642
4974131
132678750
80744237
78379853
15171921
55027309
22755369
126029669
13546188
46035810
41629072
50492237
15709924
68643596
34383494
19632909
27955853
68152528
6820863
87382527
22784154
1236661
16483316
22644621
28571592
93025256
193472811
20823600
47942060
44336137
7513621
4085685
20566521
26635543
60645674
19370515
18397619
36584293
12448880
8971334
98847563
88186406
179053700
53440995
67778096
92974488
87769946
15636543
62650722
25354093
49935577
67296350
8888645
64807622
42639798
64024136
4132986
69289499
108828888
2928575
5620486
41263772
41511188
59513308
148276185
62199797
44357300
17555832
47852392
21568061
11689130
33694982
125252146
38312797
36352642
63439376
4718422
55952516
56231826
5237236
54736496
24405425
15904806
16559319
6127124
33859602
69662847
8507255
92557927
8079269
107349490
15754289
534192
63067362
32137657
78684256
10187735
15393393
24053663
137097219
6754658
15679093
15312194
6705313
17372897
36858008
13527832
7970015
12371570
78078482
90590866
47420083
81334722
4808276
57124092
16762372
99874952
37759420
39753439
67990356
44474062
194673621
68537956
62506940
73933149
41004153
16373805
68066118
103713287
36543008
63094250
108846637
68268051
109316314
104953637
63339410
27659446
103781811
13669174
43446575
52348147
100481679
49356349
24250535
50127579
69040760
18615517
95654697
30765925
66366944
77615345
155614414
73064953
73742228
71640597
37519376
70730469
46617177
72893617
14503919
6106759
7116218
24227367
14558086
22141825
88542808
87516921
53342572
6160907
47209780
14762810
91261014
65085546
94470417
8592070
20284323
40549873
46022019
13808744
38940968
30905072
39215385
28180703
87472210
85384717
4355509
1530866
77610040
53137147
61027288
96627762
103692940
19746540
80392745
55494785
33514509
49763911
16130504
57031737
115387700
72869155
23323914
24219704
84724290
44770058
33386726
3203873
49920912
39604925
87538812
84074487
56946075
59911135
67748452
13449883
6417812
90633382
36325905
53132399
12834398
35187304
10030039
4543135
4631323
39793247
50891351
60502059
58152677
34268219
6831879
40275687
60275085
44583878
6057849
23544733
55086978
40626069
142635008
30073675
4059478
42262531
10250432
103188653
46833683
33801741
61200885
10720788
29853905
24571617
121827028
33664503
32744559
35556770
12731328
20506510
55436563
62505100
77312808
84750170
28263965
67324706
19467553
21980952
25782721
40171748
67862126
49317561
142427586
22162660
79691995
45749024
39999412
10464950
106443412
44341600
10694060
19244895
79545819
18973199
39085906
24957217
31562800
17364677
118153141
50595568
5176623
57988878
5519247
40971265
14784666
38457092
110552624
75126626
22531965
23244909
18020396
9716210
13065999
34443699
60186504
57402581
107276705
29479664
1910512
79136807
35216304
85705686
5285709
72115093
41771679
45714706
73813136
14441667
52030997
47342724
43393578
32425453
9775672
20466101
23041323
84683860
27632301
11297243
89956218
77865630
40408054
45289242
8551327
30810855
52411944
34700791
84705231
83985826
11126753
62129046
67537407
10165225
64887026
42435524
10158534
73259949
39980521
14556677
36748337
7798349
34225685
81536228
52335958
27180841
46797667
58500633
101475176
63237618
51117615
99150046
20409812
59346482
16922920
55549591
50566471
4885879
84081499
23794694
10128916
77341647
46580527
79889949
22578042
48951638
148848726
36608222
57645340
22850765
32881899
54665141
66189857
110020875
19175023
40375027
29691313
8152600
40183845
7790414
49944672
8585989
103492065
1778661
65512367
65093597
13536532
89796021
36091343
54093933
60038800
46806330
47741437
24360766
24850398
53971073
2362158
20429856
47343216
16527988
137343363
149501563
36012873
18193678
122241403
72556459
65908014
142317089
39981706
16660519
3794902
19612645
61295673
2391270
22560766
1918524
36428813
43597075
26806879
33610735
71314199
71489069
50548691
62096045
12312059
32289722
91602075
46999967
72415243
36182327
212599898
28726333
71687676
10111291
12004966
69149776
49326400
2218976
54859530
59284960
59899392
26717884
30933254
73803004
15482457
7979180
54498262
916939
113612740
10347815
33786192
29711678
33700278
14540789
41315274
19341063
59593451
10380778
45025483
2917900
27621328
81406069
16767549
7003725
30966281
37132909
12375222
25093613
81382435
111942973
22767061
35669627
3611249
571708
26029634
16140964
43657140
63676886
3536253
56111445
26291838
59443530
35908089
65636276
18919059
61631220
19708774
54310446
85365509
24132338
32866458
9744838
27482136
23315980
10189416
67399774
61894461
28540203
34340706
581525
88354833
14028755
62696741
5096432
98740070
113378506
36918855
11565170
70970423
21759060
43197414
5413623
3566258
46008649
61872766
38707226
2710361
113358751
83565931
10824289
66697647
67827641
60406406
159658088
31581194
38711830
5082415
27211390
82612736
9642996
27745181
28846524
12244803
176758098
6947836
102771869
52724478
86234508
56458163
9315545
40864444
2456400
41567897
18794343
15010387
54625939
1663124
21480926
13786263
22098801
39239215
113314880
112418178
40402709
6500268
56202232
75436805
140231179
143855732
28463361
65281570
48460974
43778766
51205335
95021967
32789769
49218875
25259661
35780650
29150506
61115673
73873274
36686194
69663742
15367370
30346863
65552249
27298275
77588834
54812219
8413791
112081972
62588838
17997498
99427737
11833026
86053075
9026803
46716230
6257522
28086006
7117532
10076588
50168997
6579358
28051158
78504339
7767028
90045326
60617504
12650059
55886518
65864321
56537746
51319320
81233114
64540759
32198048
9783527
33098117
82854330
1229146
51381127
2575248
90415576
34334226
12908642
8127811
13018709
8367792
76085079
36056908
52798908
28063880
20812882
59688592
19076103
41031
10845115
65542905
7482544
63037774
194340191
9649975
41339021
44958305
45698415
32696949
30326326
34116900
84721765
9962333
15418019
9436829
68835883
28323660
16149566
24349048
23820214
56714453
73497505
19577303
40111093
46756042
70450232
56179485
9065479
99531079
47652110
64049386
37422862
615554
85837452
47542422
7549207
84053972
39195448
8554489
65899735
47912459
23183135
7934494
95423991
29073255
97366413
36027384
24895537
128416550
55722282
200741769
54702849
56956710
14656105
94344943
91170682
8402471
43966426
54793383
47914605
5135275
31058
22425981
40567709
41993283
54008411
143740031
47651319
50640007
26355999
16641680
53712086
49654798
116664592
43742889
83632951
31238047
72567619
36329821
47151611
2513869
33271737
122058764
37639618
9624530
1725831
8824349
120397191
36057347
30738906
57271386
16768160
64688627
53786400
58073235
52352506
33378658
33583033
37269962
18408682
8971607
19861979
35757345
60412840
1551817
5988362
32330218
45064450
70769428
14910544
92137660
87585596
24401649
47098146
19860247
122722009
25107799
31575292
85261064
72636504
59346592
2708104
37180819
51737583
28156455
2138486
2801654
100171
49621690
51953862
32973858
28906630
31594321
36966771
29674929
70821771
9900775
83986378
3053397
21408846
29122719
50752995
22254748
41873393
9227511
34725172
71417996
87927117
35803437
46318482
49828241
54210931
35594428
13352740
34495013
36228909
15215836
20192621
11619780
55351458
36182718
67588105
93238076
230152
134336359
2287720
32059621
11142967
2398642
100109548
65761210
6263686
83776086
14063196
41374307
60342997
88380043
76615950
84334419
61315371
38681302
40861673
100669141
59622999
61747829
10372613
77344189
29328858
45780574
38348662
17001938
71448182
12755196
35952818
31387275
44339585
119902728
41913263
71131469
46016088
94977978
14466044
525100
7102480
12745528
83072835
29857569
136719778
3792641
3753344
60830104
16018769
46286004
31157822
13177867
43847465
13156083
41051855
74187583
55361421
30691337
8334398
62476033
31756118
13390553
55139209
19097781
211233376
20451590
53772306
64075540
24383988
15887281
16824872
73320035
8037790
63639565
123382662
41298703
40362875
8788935
61387350
35626863
12735901
112277184
134861111
122821733
35622672
12455837
55823226
11553370
53771438
45017801
96800544
22434001
47590754
35286065
32605675
30588798
240875482
46060294
83174960
53581399
16621455
78393647
93522415
8612955
38947789
899664
52661410
3013960
5526668
1577278
49476865
37696892
13229173
71675104
11966538
55629678
11087295
92391431
92881372
58322254
34508391
54934431
31497629
134484385
24845705
6399653
40249136
17470926
46619426
99455271
3300078
9300334
33231919
19564002
2031277
29590567
82747872
3362207
14671596
50439626
4326630
31545294
84548960
43448637
122507490
4193557
976246
88888939
25154872
80575909
36682033
14312365
38041690
35850280
54687028
14036326
48116679
24545330
56918014
130688715
46318725
96356627
6996306
50531035
36948619
54032368
75786106
35328404
75621358
19341002
11711194
6163624
820269
8536335
23514369
51062877
59638455
19200289
5231403
57513095
93900619
92921850
19781157
32459321
59927373
28086451
44536056
48111009
26025069
12687282
24123564
16576366
77450464
38822801
60977922
28190514
5382486
177266202
34610706
5211008
14620640
37611311
48949492
51330818
3383248
44765064
31675621
42589920
125723370
90740686
38789002
46049897
28226843
17693884
61762015
18818142
91786970
8364659
43732797
63659014
80059
3235611
59770988
61510972
21928701
87973590
76544486
113072762
45232390
37695551
44469049
13989544
7443599
69505370
114725051
164203437
65552123
142132748
47827954
64532070
15866214
42694349
41657993
21837221
1332341
12265379
77685196
39213579
17361544
276518053
30193277
209064
82443356
41168323
16862326
41981093
46617594
63110213
21175368
47954333
59954679
69361779
39288641
4032518
82100996
24980735
2904999
27268654
38944683
49559764
75966093
62800578
13861965
91099620
86170479
23041894
15305583
124202067
120386005
17491065
41768098
83367234
15436623
59201410
25721170
24742431
2936350
59263503
48932672
28648977
4092407
53165205
47368103
66149400
67240490
4430871
37899586
42091423
69862351
58873745
3583482
17741331
40420216
97067886
4716496
24437471
38812296
8879881
75523846
48351534
33101475
3925192
22396710
65200279
6999208
50664436
31634607
102907471
1108557
24155992
10252692
129015783
27102992
53207372
170092379
50874311
29850340
36124721
47012993
111086539
64901982
62365791
46662696
23871206
41525459
87989954
65479978
50991902
53860499
13509154
574283
5195869
41912642
18427109
76377608
83885863
22284868
1531807
25800990
37538012
53749748
82575331
59505374
61005148
149963281
38726278
79140055
12468480
22699992
67687581
21582423
92140358
61641754
46735722
68551408
15344127
92103712
51262167
33450362
8752875
22680504
5065340
94254942
77015229
79157554
49687733
145973206
553838
125856435
50588487
90142335
61052459
14071746
22821506
69657478
105631015
54993970
83752120
18668720
77054648
81581547
3824833
41706271
32990732
9550854
1108002
72865304
3107259
32493688
3979569
29031871
12430686
24910623
74690304
37100017
18041803
34158843
66457432
66710488
101808866
33907876
87456038
30051505
52106726
71705848
46965265
24327425
74268694
42207505
53951390
114283500
31811330
37616409
59509046
8649559
9775454
55173070
62560582
33044279
57972022
37672935
24964287
81256657
47162349
56493484
102362816
171968970
133162661
37871427
5928000
65418369
90431488
3847641
58585823
39871257
16489926
51612168
46002287
51911278
12204373
27368126
37181081
73661635
25782690
39606486
6328585
26428401
39988065
39557596
37481407
97424304
70807107
49492114
7774659
76630799
42882367
19603652
72904940
58631948
4312385
47430979
7392470
17510338
15856097
54097370
20954308
105187701
45545954
81516775
63857809
9222088
34261379
13473833
39151121
1435945
70572363
63999141
73072866
56654344
79601438
19723188
42513437
92816602
45102997
1553965
13343365
61829044
47146206
46354950
50063111
49063179
39072469
56033700
52499580
84084233
25513863
179260166
16142621
36608515
54782241
2854593
38632170
14559268
20279385
12758846
24132140
37331900
16414233
20111894
91958087
59748111
114405839
99922337
36334348
16429288
42068311
45135382
72274296
63690073
22542083
28540158
11394494
30674557
42504166
43510185
88071994
38907880
59526281
51324124
57767486
14253870
85494733
41432583
42806130
3054098
40244616
53605930
99160529
54867496
11726479
12541737
102873402
55710763
28249836
73173489
34709832
34734317
67480690
2702229
52541972
18547607
114311256
67261166
40443845
68213155
11846906
41858259
56235327
66809486
62081944
59458640
64191781
56286054
47173541
78766442
43411967
2707314
98481449
36755779
5665279
49132380
1142732
33253840
51904057
19040284
35888765
65189182
46203100
48920587
63037377
50528623
53158451
80557116
86519161
22711026
38203326
2269671
107677299
20135078
43219735
16490366
14659518
11097757
87189764
84180118
42166226
3904424
23675220
55441089
7398152
2045231
39196601
30348471
33077028
24717070
57143078
34010318
31323426
72656677
53603328
5631182
19312582
35389043
23530700
51671089
13301038
11655236
96267395
124974957
51083496
42297135
39684881
58837262
70759467
60925553
38834372
36499310
46421187
151416693
43063644
84102892
52681414
57282860
28148125
5125121
61175967
55815243
26686097
48807214
15410957
29811761
53689784
90221083
56660426
52548804
40802539
23364839
21445511
45637203
27655525
29132646
21174561
21337468
23682744
18549684
2386895
52150674
59018130
61148969
43089233
76980053
57786275
15324000
64692837
22019161
21958610
116962492
15359788
36773221
15644192
8081227
72365377
11603224
93501801
49369457
56111265
50517814
58624302
53059586
62559559
26480490
85486894
65264878
9089072
76611261
10548648
42841040
26488369
66108932
34024223
28007099
51149234
73880604
69732159
29115214
17389362
46596920
42256104
17885837
31369200
85217911
26691749
48745662
18372300
12483407
55389129
69326156
56423001
25809997
15431456
25957716
22555763
23007840
170599606
8646512
210703870
55435162
93618365
55521972
20271652
35980248
7287753
60902659
14929383
73626933
51756123
58889402
66234613
90730378
35807889
53459908
7710346
27364781
56154798
58569268
38204905
2259639
34984364
7564070
65334791
76473858
1332609
18617476
26339112
47274216
65683267
29069346
24608311
56348005
47656831
10449592
109454
131394140
34687866
14556896
37701174
23161292
30248721
88725336
12910872
28787064
68309916
22663627
62354824
990746
34154793
64950367
74412649
22184784
52655647
5474915
91860171
122702626
68388456
20484956
25049384
35785448
56319439
44643389
73990019
21257234
84597363
319295
131445058
70641030
95562718
28681950
68109600
43843668
61317097
51706202
40647006
66138046
20134518
26389451
21324121
1797571
76352869
78624366
56936337
56036393
61337223
18600850
4500587
10959298
9068649
23230363
49002362
39986948
30336988
91490570
40980348
13857888
44408926
131570239
29588462
52458402
588701
69701878
6306186
53639018
64958064
4004603
3957477
30107707
32851128
43909586
52753558
42019885
46149799
82560257
27830659
102180381
55777767
89812779
115259191
5685147
33366025
95242943
113683574
77643838
132158503
5349313
43935741
143036237
31252874
97571512
62209625
10826658
58733878
79331196
17761720
16031986
40915789
24651418
81763730
35043377
49076943
37846354
21090951
234621
59009406
36347249
37763411
7942709
31815044
77195753
73142093
67436152
27877391
23495131
30206738
25764499
42717908
3526571
33771669
25409258
27960298
79912220
36148952
10513199
13545132
35447213
3271282
24211139
7401887
51903491
36127220
43942788
143443917
54410719
101333300
747128
16077000
24186663
74957881
4180143
33805547
2184553
40175524
5269157
27841016
7339644
15549960
45242231
21533431
70528800
107595805
18890234
3345038
50641633
8149480
10875496
78158424
57765970
47907471
53768270
46891635
27149773
21105665
101047874
39810638
43138710
34843967
4421929
104936365
72993871
37555468
27246758
80269831
1962351
6018676
215613347
23803938
72246888
16537573
78016834
75861563
40881063
1021598
81679039
136463058
39480581
38591541
6634243
101318135
2547464
7390562
74116922
18475208
41259300
131297065
10033180
56357948
1108162
66973735
36820740
52205613
31760151
41603479
53520509
63750026
22779308
22809156
85464959
82250336
51734562
29024435
10098426
75798662
26128491
139957294
17150013
16776221
166979
60986280
13225793
59749044
772146
76070435
60244159
89760599
70815659
38069824
10381186
66345779
84698802
55464543
59083820
60791678
56444099
63446410
53353925
95417560
51061612
4853441
70651248
34561067
34934394
52652512
26749880
10428452
2385369
37635165
56342041
5613856
23799240
37649742
69095101
52657549
27359163
75788136
123780658
5664496
67983828
99518687
26436857
51813110
41966352
95538414
38846014
5505836
49444130
40113042
184811851
38544523
31454842
41489593
18284969
20022135
103195193
129478192
3995643
20010473
117426855
117173045
55125467
32003845
10169706
55400006
64324661
94639695
70115025
48518964
15972129
17268046
57709809
36690960
38414975
93455347
28175154
4699518
3781017
128249629
117792
76886248
38108766
18509763
16103932
61477520
41606654
36407543
65445866
87235016
69774365
20758105
76087326
37034871
116440414
57879571
276760905
43853884
52814643
13947250
5382156
84486579
81906339
12693334
5130371
28258216
34615984
106550352
121206981
144103789
23121024
3424816
60941330
30618010
9245896
4598768
11497920
111012153
73180386
56642306
58370775
7277593
51463042
15210452
51217141
11419203
46172904
46724321
23530988
42805810
42947984
74148023
32741940
28224077
39051386
81667137
17988582
37009142
51663646
7097584
4314207
93308965
20553842
23786193
140538501
2563715
45496125
17517670
20315278
30958412
2007960
13062884
44012558
79928537
745671
7367765
41796037
141908445
11400184
75591241
61480274
5258125
106036431
30061076
61795489
20319412
33517457
214286371
6586285
53420971
52347259
46948085
111254813
25727432
121477565
25409801
74209330
6550186
69600403
32043754
24860740
76579513
36729182
15128237
49322594
130383326
61963784
6951349
66759669
21347870
48900190
5554667
58301911
42158631
61013641
6971755
6765827
53627138
47305595
57420156
24184677
39119400
85328593
128019165
35202957
38754807
18938606
56209713
87403104
62585553
63745546
12700099
53968537
103241992
30406040
61296390
10020727
62838935
122912469
11145349
80854179
97212872
52182870
53175261
11084001
140292146
28917081
79459483
23623048
176761607
73172232
48003951
9145321
51439045
32548230
30869770
65837687
50152963
18984905
113360805
49186949
42354388
46612786
18957626
46874128
