111
78
235
206
199
481
14
272
260
87
69
31
210
632
186
251
176
282
218
75
287
156
318
163
49
183
300
84
55
19
8
405
47
82
95
10
323
6
55
156
98
347
41
312
145
42
241
338
15
70
136
13
239
50
108
47
289
9
106
141
76
280
106
656
1
171
139
501
199
235
67
413
152
128
87
331
176
299
22
52
165
28
83
91
88
0
573
68
147
197
190
112
297
225
336
81
148
125
178
208
84
60
104
442
204
107
115
116
139
109
148
69
76
26
9
628
4
320
52
43
26
443
28
1
190
50
153
48
185
402
74
176
466
161
77
248
29
8
42
5
36
132
46
160
50
94
52
57
347
215
291
96
20
158
93
119
106
103
450
96
296
216
281
169
422
114
63
300
46
192
116
178
20
162
161
75
7
424
44
27
276
133
169
619
23
193
620
106
173
75
70
282
190
340
45
77
23
292
136
228
103
217
390
102
127
147
341
103
16
79
153
77
151
119
118
60
438
32
190
125
205
284
173
35
86
334
197
124
316
100
241
126
67
17
457
216
103
168
166
633
257
311
124
29
256
218
724
14
65
50
14
101
520
152
349
40
