10528616
49253106
23291
6323511
4562559
2907058
15154806
21706199
7168740
19877060
22741068
13965190
6331630
20300553
2141625
21092405
21330774
2623574
19613562
46668
10829862
6455570
19875134
8684016
17812720
11834262
17500040
22974088
9957167
16906728
21090601
3713267
12878037
21563296
16525100
1969027
22972793
29762677
7688530
5953615
16901964
2391108
11529851
4954571
25077042
21713768
19251566
5355238
39407945
3629283
11491856
12111801
15811114
20051979
3404786
41048417
258130
20097352
14315457
15250548
10639450
10035157
3345891
1007001
15208342
19666807
8572410
12462912
6808938
6350046
19246640
11549221
37229
9548349
11619592
30623153
1482921
7076402
20269887
4065396
4273024
6848227
5985554
5663203
33542550
2261550
10183650
4377394
14051895
2762337
23906800
9577528
23572330
5607453
7815025
3933513
9202873
6635221
13171753
1338408
20723151
2568482
6845989
24287906
6028666
13404369
12561872
12415709
17400174
11410101
8324100
26137257
26883250
26296614
29177465
21384616
17406016
13484514
2020971
12629173
13278786
34839898
19688569
16205556
20134384
5558330
5471499
787041
27315943
15941786
25641207
11641808
16760905
11094931
2459353
13031955
4011832
21487564
3560929
14750140
12729236
8218800
41968275
13419004
11991837
18213450
14364377
27800530
2796142
4211256
12968549
11610517
15735418
20348485
7630050
8267101
18073693
8853736
20288624
21703898
9801646
20404766
5843975
19774655
24455705
18809220
46374707
16188881
9776330
11511688
5698330
13865042
5032206
11911391
17211748
15270943
8194674
2152657
10490214
7636173
6085659
11152749
24823437
13402447
13123460
18339195
15228688
25833926
2329315
8917400
12741092
12338855
11260957
16842889
20092813
20112726
13017790
1954997
23229108
11324428
2033627
5099933
16050674
12575004
23367160
11027797
4377039
35359458
8486809
12457299
13584244
5791816
4933868
16928964
614028
29047913
11832569
18496999
37062471
21468341
5250055
15836053
12944756
1876343
21474364
16493295
3777847
12910577
7080621
6037207
17187674
12446994
11860888
13100593
31833195
22775878
14113830
22728789
4739980
24681510
2121276
8990846
4066117
11118137
12486941
6201803
11616244
8983504
11269665
19488833
4398406
18886043
23963529
34876561
13697754
18936082
17312236
1197304
9421373
19577768
779304
2358403
8628840
13819818
1015475
14944736
1762525
19736403
22650146
19666672
23870692
13137094
2275553
10538763
5507059
13745039
33419759
12320942
13416104
14596976
5443873
17878353
23661460
21905419
7631234
8298890
7645268
3065331
25990
16397046
8751711
39884145
15055748
15490036
27856619
20988490
8425177
20240035
9697636
20513071
21032746
5078441
30083969
14192429
16627990
16852346
7578128
5536474
11961908
18956050
22465479
16097720
12380350
13447900
3875506
26948237
5284677
19015821
34842828
461449
19785402
6494563
26182702
11896175
3406513
3133465
9539745
30037026
4763312
24371874
18076395
28628453
24717391
22700372
3103774
4763087
15924912
9033280
21812446
558897
6180604
4098821
14728652
1889600
15757313
4816846
4112699
6649200
9507000
10647971
819206
18445110
22132826
30880564
3361739
1984190
18781302
469687
13865345
1858548
26976170
23539399
9060735
29809790
6924661
6202360
20290164
17463195
23004124
23268353
9808573
49322977
8456347
22723814
18119570
12980737
17895255
16887482
12951358
1001129
9875523
4337740
3063239
9514751
191923
2471529
28547978
2032358
10528908
13469620
4070462
12923957
15159834
8030459
1921371
3003128
4565960
6311363
9046745
4358618
7158020
6422666
29406588
7856761
8385719
12563594
19120869
23944333
33209057
10172414
13178789
24187992
25255273
3260112
50628584
321784
19424994
1195138
16393156
15553332
11365486
15063199
29033039
16146802
4139012
3044524
19235617
24296351
18327695
10682507
16391725
1991130
19972363
6496650
22164321
11549547
17251639
17136368
29715078
7158600
50826617
28547981
22619948
11206586
17113423
27088677
18680638
20839634
6854787
11952482
12842348
18488195
9408459
8400215
13854865
16579301
24829018
23380564
19788126
13955060
9931498
17780229
20985996
25580804
16385188
22561251
9937304
11178508
29207784
3529888
15496428
23235084
12009769
12266210
13356128
9353177
30480578
16192932
18665179
15591155
13869901
15009626
20890924
4280535
13211150
24663375
15063916
12694896
12272436
15131154
25091079
6343555
19238271
12995120
7303183
28070962
20308586
18035653
23840774
9948028
8446742
8295125
28901934
9421124
17497733
3484716
19527344
12082056
12034923
13292529
22111095
24847176
