669074
104452
51049
550475
575296
1648
469583
333526
106479
572344
122678
294475
330046
512374
243393
135652
525092
464878
229172
330278
361035
49666
154876
200556
342996
85972
368002
270714
405441
2565
342231
459883
261795
7974
95526
386808
289491
259865
455944
131423
560964
427108
534257
571801
373785
411608
473507
491168
140566
247076
252870
289061
722443
44705
476590
241599
501935
220049
197660
331218
287965
112668
438123
266626
138996
555818
466040
54890
63233
139185
361350
210561
609686
388412
14528
276901
253578
239124
628670
649839
112644
234211
356307
513699
189732
613180
125634
161683
390497
138217
371982
394149
414839
579025
504361
360088
25193
595235
331866
30695
461817
241752
396195
407518
257084
447797
560896
317607
474795
649390
366227
319136
253262
533040
238605
205560
427526
422380
98331
138523
489711
1034
17901
87250
134099
403070
587803
97303
43713
657787
212099
428400
243117
94342
269566
361383
71563
479220
201545
539128
430985
340590
566171
388823
740361
415515
722418
414162
48649
279638
303786
477714
168061
488902
263311
639603
22700
278485
586615
437005
344941
174564
243850
510381
106468
185484
152571
543220
480141
64356
163530
467050
605393
260806
561878
604357
257147
344143
372876
257711
517193
177997
188761
526538
596863
538947
394788
401036
497795
493485
298780
518741
137270
248807
42603
82190
126413
200832
53323
61553
339547
109369
285151
438479
47924
108655
397857
39186
394226
385323
517147
358547
705404
358351
494639
513162
653084
655950
414776
193409
23633
357446
27936
533489
201016
206058
184488
365881
460599
658293
472746
129175
104039
86267
291078
210229
201226
406252
266278
625511
347728
461398
176824
536220
252551
465979
576616
584160
394889
431041
257371
533800
446486
23769
320523
150236
