11934478
14690453
7776952
4584732
3130255
21571616
10207718
21711044
16141478
6998237
14402494
1393715
1994177
2719500
165767
16754672
15881804
12361491
12696419
5513699
9599137
14007197
988074
4539126
10541483
35391677
20458006
19510912
3614646
28899104
18762450
23767442
9145219
13587274
7096979
7774468
15770047
39951145
3119554
38260756
12987878
26848340
20418062
17199941
6328038
4057241
3505031
13278866
16037504
6688374
12828196
27119718
8406089
1618538
32638868
17567423
18622306
1283835
32374768
8764619
18872574
10936661
14566313
17420223
36008451
23826565
5814455
2101048
18796128
57155650
15998411
19811381
8489722
19930907
23709042
21763325
4214359
13790749
23174004
208133
30652979
18361774
16471358
6983394
21398876
22135562
10911224
15662117
23095110
21193438
7488924
28992345
9035143
730130
12833171
12651412
26328663
21118266
20487163
13494266
11833899
24304057
19652162
13797649
2130222
27359381
4935805
12738613
15690166
10011851
19952603
20962757
10871723
11590745
19929772
2480190
852285
23675033
48219
3402619
18783841
3409992
17703418
7242210
1035792
41332274
1063567
22000739
29609881
28150359
970734
26660632
35500471
18696823
20908510
12925891
14212363
39904811
5217046
4926847
12889810
11870174
18047819
3075317
7465618
32937566
6843842
11502708
8181148
14664279
31099958
3826518
21317188
22859822
10062015
860461
13586352
29693228
18083581
12807393
15956740
9313761
18857458
15996022
3499203
28510040
1132905
11032423
17273598
26946965
13795379
11337606
16582015
17901193
25969387
2432045
18360170
6410041
6923453
14929073
18954163
2600681
638583
1519075
39066940
4429310
4462520
5445992
14068666
21849325
11825577
32907012
14647155
6172806
24195319
23217856
26129473
4345123
7914456
21180333
6134466
22603941
1787802
13323579
18621396
192618
20410822
18353310
8046813
8863452
12034126
11457969
723283
31528158
8424490
1643657
10132103
16276695
11326238
6560288
1768386
4925697
7874785
9239381
9661705
1751442
26319198
22764796
10742100
23093472
2366346
8801985
14067410
32151282
22569555
4757618
19014967
22592902
14125725
15843833
10861530
3956104
4049170
19962099
4581119
22272918
182882
3909973
25672397
10842670
39003946
5004955
25950103
2673488
12475707
18530863
12900708
32723228
2765837
17187698
11919465
3328833
5433398
11906255
11788350
24042757
21073677
6657085
8078792
5808999
30063856
10402014
18304916
5009250
3956469
4853132
13707548
24834158
10850609
1954442
7051162
4804327
2772112
4482857
10549775
17391136
9016427
2283942
19092678
9266598
4645796
21758535
9191656
34634688
8915587
1787260
7737657
7854239
25070608
21996913
31818193
4218262
18775300
16082639
3399793
2668654
15545048
5515773
3003876
18480178
9002381
14213840
8776722
17629992
3246478
47400005
16202758
7247937
23087030
15021632
3595769
19052217
18465866
10354601
12240067
21362783
17040422
7827659
4020687
11255066
6075658
14954350
6632220
10899466
9324324
19540635
25705386
2412641
6549799
25895464
12308823
30761113
24895491
8132180
23673266
16180761
19137002
854319
19981270
15603579
19335222
14781973
13205767
2696974
28890502
27206291
1958395
15743346
12508061
4845226
20485015
21151327
31456017
7514727
7481003
23054506
5826129
14051516
28339223
7590516
14650059
5538014
2420912
11028123
20230565
12378636
5746625
2371327
7234469
28068859
15898581
28727697
2184721
6442259
4357423
11051907
13134776
20881451
23395860
3792852
2075110
7199356
4576305
13058606
28007791
34896947
11637972
3975860
8372663
25984631
897822
9242128
1249754
5547992
24261305
45457212
16524348
32862129
7427446
15468964
9550095
20888633
27548491
24776896
4354114
16754484
6171255
21799586
3296707
7918510
14348008
17573587
26453280
14224778
15541434
1342945
83749
6246749
27994696
2185328
20731801
18051146
24918270
21941996
18921824
3372100
24829341
8600794
20266042
5948674
5590986
1935042
61088304
3354121
5805136
12406131
16846352
13579896
4831167
9553681
3708262
21452264
26721358
4182014
18125756
19522265
31400619
5708791
20663489
8354964
13057207
4584690
5309829
4948864
22427993
27797908
24553160
7831938
27120328
466589
16434913
14380605
10878186
18565609
15933915
11858409
27276345
12078177
11285582
11882467
18548918
17885517
3864448
12379048
2807395
15217407
17883764
3087648
10867827
23146465
28867576
17130858
32287109
6893528
25471186
24645357
15813126
11231748
15953324
4307856
8641479
14847701
10926430
6994246
13233690
13437182
831316
10518646
11950839
12093187
8387294
15963426
22153195
25088904
16504133
12573463
920868
4557018
205388
8125687
19645110
11713265
14363161
19906149
22070517
18093116
9762173
38375355
3001644
14905310
4048731
4970815
38062232
22419419
18347048
7076712
29019510
19023757
5323052
14824505
7234715
7766368
15979993
4514245
9487665
5328135
8380878
8752051
821538
19970447
2670479
19153788
7825013
19202412
24419737
6447828
905497
26054478
4884874
7018759
25214110
3773727
2967593
13486023
6043004
19348696
17340461
7113031
10650565
19563995
11132463
2211078
8598427
13951855
17491142
3704501
4757123
18648687
1374059
1494842
19096320
3597179
576377
17051460
3460061
11637184
27773081
13403329
4090215
4492419
21048990
10047601
7730343
881845
14391241
17336512
4707354
714360
16395396
4781946
26851578
1532370
24511586
12568323
18793679
3575947
14694652
13029580
29042961
11441171
18794943
514050
21289990
15554240
8106049
33107399
23554910
9264902
15768939
14243866
5161129
13625108
23610945
6889287
13923486
13548688
11666177
3241044
2949331
1115229
19569902
14763581
24401323
10352398
11753795
18932522
752652
17361982
2258793
1401625
8529904
15638566
9913479
2965827
14288130
3964816
19727156
3385121
31942936
29020197
9168986
22139749
21229936
10801358
17458684
35860856
10242821
22987507
377521
9147842
28520801
21607236
18097658
9112076
12894785
12199464
23258184
9971062
14477227
2993394
23860088
24647785
29679520
266587
8711594
17176775
24645263
4436145
15115664
8596494
32784660
30468483
20640321
9456790
20563638
24867309
34221721
6406308
35512451
12281845
18483438
19120479
15425363
15183219
3554921
18949619
14329352
1628689
12233745
23970887
19037516
6261780
4620573
8236322
9751348
22102437
7421442
23002123
4096235
3005598
28258556
19339487
11852587
6734202
8257902
17347274
15627258
7262450
19968365
12877552
15319960
1932876
11275170
5574826
10674776
17447809
928224
3330026
14206283
15900957
6216986
11112804
8100992
16577476
16896533
25985780
20075277
10962177
8244927
11860863
10265898
10711811
30728582
11543306
2485858
6821453
5449573
23135819
12267189
18634971
19021705
41820468
5098950
15815857
9123726
3401375
9926480
20403017
18126948
18060700
1110991
830213
7038020
10861988
26099895
15381852
7474715
12596987
1227538
22347515
24113434
14073503
18823140
1763540
11492917
10753343
25921630
17883863
12323611
11298960
2837380
8879563
5997370
34752093
14261729
26170162
16681196
9930515
20151571
12161322
4582618
16166262
6653050
22639842
7852730
18840405
10505168
36092461
6050229
10793047
5811890
9745298
4263185
21759703
1685702
10167704
3132352
14099952
9220626
18021684
4127271
18186948
19732572
3827079
4101087
10485841
20323305
12843174
19568600
16652261
10625808
32944692
16991954
12734111
7691582
1742397
6949732
12892420
13748623
6016910
23192881
3797690
36023273
5022249
9247588
18413704
79103
18593569
22697783
22693677
18608316
10125927
23946372
17273814
6880909
19394610
2947217
3724335
1340825
18308211
14522902
464058
25036940
13980972
11564429
9705171
9034394
17696311
5132417
9778396
20684799
18485276
14275198
14727817
1025158
1733059
3508402
4694172
10621414
10059581
18441019
1793666
16006733
15500970
4151386
6216845
41030650
27124421
14720096
2645411
2574884
13698480
4878120
15498201
28738051
23605530
32043478
19067696
13850740
21721058
20932359
11007406
15188471
4000981
22113493
11234524
8341679
26524539
15123048
2643403
8676162
36826861
4975966
32062118
3421454
1452098
25378959
6594114
11603222
13604166
6617302
2667611
2573839
33688021
18913916
5605202
6254289
30666569
12204855
26703910
433180
18176510
10317352
5132979
20651426
22158070
14046905
9035054
2203252
37009226
16730415
25604517
22671231
2556413
3405379
2726539
8874115
16592555
10833894
17956520
2906843
7211440
16510001
2799076
18750070
14604010
13246229
7699548
211049
1022523
14189979
6429402
18046331
7056097
621751
25698852
7730667
7906713
4609318
17528454
6952519
9981315
26062734
18659018
19731406
401494
8788230
17215932
22066945
626605
11037695
27106978
9158735
22428299
22540468
2037377
30809063
11901079
7561436
4565311
17881404
5056575
11084435
9796747
2974656
17068549
3793692
12240699
1348002
5624234
10402708
6726661
16145820
28689712
6572466
16253110
19159013
27332452
2310971
34129029
16579995
19396081
25188087
16912581
18335676
19496184
7108830
15500008
827925
18381319
9618492
711879
14709313
20390217
19467308
16903830
11668829
7013967
1138440
31274830
18854171
9695718
3157115
14195983
3519039
28499010
21999849
28082792
3698593
764131
12354862
25131103
26181942
4274053
20119372
2275602
8152372
19251119
5429500
13693973
4374158
26140704
16209690
44917657
26590110
1481152
12514155
7301448
12737136
21769328
10897779
26571382
11313325
9812552
7101360
2931490
7008204
11642703
18535332
2672360
14388684
21906882
2848487
9865908
19981537
23062827
14682610
6032055
2046580
2938480
19130064
33089068
18527117
7847499
5567706
14643737
7652998
17860986
21503753
2071680
24755867
8307337
17779198
12543844
6744115
17194287
6706502
4285022
31114559
37067654
11065630
22300767
16591756
6231340
23749225
27594138
10616036
19444098
17810596
18167955
6215092
15680811
21127436
12565751
10835746
1203231
2845632
17154790
28481686
6835144
4691241
4818341
15748925
2792565
15208316
18859192
15262705
22826436
787849
11797412
16374464
7724331
6080033
17164839
5910257
3655680
530196
8863983
4834180
9631917
24223147
20125299
14428450
24935296
8446259
27245479
4563161
14968455
1333264
20561036
23625850
3641734
11191427
14958903
15422774
21680629
26293661
24675234
18204051
11956599
3421329
19980585
12835276
14712895
3540602
24343729
7373186
10656521
12072049
9909010
1982172
1067039
16830383
33315971
27449210
246028
16422656
15482825
25674276
4424869
1604306
29922380
17795326
3952702
508447
7163225
3933688
24808373
21093447
5452980
3537665
22122121
11756570
5132278
19341783
26477647
12717924
5149867
12087653
22631618
1859371
18477409
12183957
11794934
30343377
1956383
17845622
6072890
14766889
24285075
22145393
3657370
15114287
754402
12704841
26491140
11256638
16521669
8976958
23335559
7534542
26506796
9746612
20050502
11985569
8910561
303440
18628619
1311567
19747907
10399366
4697968
17818229
11004027
12321775
9814105
32519012
18972849
21757832
34364771
905385
14388711
3608288
21425294
16357232
11132003
27582722
3532895
18898277
15292073
11056016
17574795
25190852
19348941
9853464
4497086
14097232
11076939
21350748
19396371
8093309
14029964
4280125
15714977
16069687
7056501
2885141
23986411
26144222
6311383
7697408
21033199
3654534
21701592
1419664
12199781
2699559
26171959
30325531
22226226
13032783
1638101
17041457
9199671
12482262
894863
16157074
23299618
324248
27839865
983022
14033731
13454126
4428995
5192806
11180568
11344268
18543365
15885785
9929010
13790197
8947546
5737527
10766657
25202678
16217812
19493130
168932
24608684
2402502
1625832
10523734
3957085
10190414
10513518
28862716
11498734
6542441
7571259
9948041
30939971
10631100
28900639
22275451
27007648
4905004
35338727
2933322
20319287
2580137
7132149
17789390
25455732
16104651
2307885
31468442
1902317
25954299
4680729
2841925
18883346
18135489
5687496
1834262
19687633
13930802
22527605
22789869
20773135
30871145
13249798
11741615
19146706
16429332
19658581
21945952
397367
21942067
4368306
12467103
23237165
8552087
16639171
11637579
3388769
19339043
9409317
66922510
13103111
451216
11367881
10137014
9795476
6100211
36405231
14885267
57202525
1957382
1746594
21898215
38353517
24237408
2396702
10945464
7370167
22784690
11681101
12794305
3808246
14143392
12091248
25413174
12303660
822427
12543654
14874150
9776059
22743553
12357993
2308491
12646039
4219032
22641399
10102815
14091339
21768231
13523029
7770294
11406022
1447905
4404658
19005083
11168101
8719125
15627522
7404563
18349185
15329011
4975449
16911326
20306188
10216564
22222700
3250693
10055191
7103599
3066691
8603001
23920901
25862807
14869494
15140489
13484917
18053905
27077204
16103718
13344574
8656692
14575974
20327895
10028259
7693236
25017936
25641690
17317177
7034309
1440099
5714909
36249752
17117451
15319006
2290602
6756713
25838889
21628428
1559452
11817917
22894787
16622807
3234764
26013782
578895
17324622
21584587
12244507
15950665
14407673
8242768
21239768
21304867
19726392
17866001
27496178
18474349
9022475
13044146
19596379
330534
35572157
14452027
30022275
9967194
16207301
3319183
4506003
13706306
20635652
15683614
7097385
16242352
8059830
10489949
2487582
26282182
2296135
20248950
5034846
4709080
22371195
11502138
15903867
1430963
23179870
11020112
16417618
5847992
24320813
11030679
19155391
22527734
19805905
4095490
13391098
13274924
277851
22310136
34860307
18945969
18817733
22815881
1228804
8210177
19732840
5045893
20436813
18540692
16724071
12063914
14330322
20326887
1200222
21041036
11694848
3491851
15949153
15457645
4305701
30474016
8135108
10373380
31504264
17399418
5224371
10178174
8517751
22689061
13644284
5048339
9688599
24041980
11948166
11625432
20308733
5289973
21090312
5335587
4606219
15690748
10453643
12650543
27539042
10699538
13268521
90622
3428204
5779323
40541075
30662196
16200354
17941426
18465060
8029465
31444410
7622635
613633
20636852
25735692
28381030
14008973
2388942
21787503
30124023
19960031
32892197
12275826
19776990
11920509
431259
24795200
12190000
5762612
17981436
24453016
10947585
712095
11565855
21768979
13330081
12489333
8122520
8818924
15108626
4143926
12846591
24648052
13275271
32193775
6577456
26305388
15810750
23292047
22161623
9065728
16049092
7376676
11601636
1470808
3012589
13727108
28734933
16312555
11006887
25505862
11294382
42057226
4266945
178098
2123119
17355382
16961930
21819899
18573160
15215551
15916692
12906818
20182617
21595802
32949871
3210380
16859385
9822080
8080036
15963997
13309541
12944576
926469
25325005
26921426
18432320
14000598
8815109
9163665
11864722
2487475
28573128
1720659
12747053
15200350
21825478
5384416
10089532
5278148
18781279
35680275
10520611
5013946
7496463
14811724
12523363
8200622
24662795
14714342
4136378
13465096
37676585
18032252
6761726
10941927
23434676
3163835
23783711
22087924
1579855
6205325
16130222
28395428
927432
13901702
1597606
1648631
16435219
7163066
1750853
9945713
1918060
11925733
20896412
26913638
16884001
13214277
7316995
17072494
22806920
9447366
12976729
9222725
3111926
5622220
5922326
1540748
6804972
4730410
14997836
2703010
14441067
15258855
2952642
48500026
10506681
5076507
6579558
14340263
6324215
7980552
17281436
15402900
15911537
3584197
11286332
10567907
7899167
3119258
702356
17146234
20237152
36306221
8956203
26352736
5586700
8601793
20744714
307519
14993420
18762919
2652376
20094105
5168099
14769097
17132441
5232674
21558543
8271910
4398844
15079805
24170196
29050824
8894813
24034031
16833895
13871028
14683655
22781615
15338676
23546407
593647
4890507
13018344
14858822
33249856
10229944
17922917
12807368
10960981
19076295
6344768
7550945
12959899
46642384
27999257
24004061
23246957
9816568
12356308
33289401
2079040
16460521
34418396
14231653
15147703
38914285
5098798
3975428
26871034
2261296
7429181
6094220
12385122
6148900
12145059
1569551
3741535
20397213
10508299
8267606
15139829
14798236
6407415
13152490
11473281
7861972
11622841
19029558
10337898
4476082
10857861
21974618
10482476
15019524
15932201
18967895
3925296
32275247
10837558
26493096
1656143
22846777
8667434
21030594
21448442
23286
139808
7804746
3723614
18554118
17660324
4692319
35675606
26214466
19246875
13374172
18178166
20376834
20223311
25588544
2243071
18731136
32296490
23662118
8758761
326123
355193
5539505
768072
4461845
14317662
1141070
4384922
15488002
7985107
26496024
691795
1048009
17626345
24652261
10113348
3071640
8589054
2713102
20663319
22097111
267195
9421698
19647539
19384622
3222429
19942163
13619686
3288722
450598
16296494
4988677
16709024
22012527
24250119
14998188
12236224
4235525
13019315
15398842
4173962
15125731
11123798
14482655
10075099
12216703
137207
20619920
21464464
9376972
18505927
2556381
15286110
765540
3256150
5494220
6100968
1695706
1056128
13378226
18381907
11747558
15579109
11844875
6751002
20918692
19061225
17165518
588078
12752410
18713057
7970757
9231333
16378539
15147603
10273369
35337614
12868040
16121933
21557723
14828388
22102968
8086832
40796689
18325781
9750028
1233685
212493
15214718
6842186
26830806
7361675
6504643
12622759
35555608
14611195
7926423
2544325
18897707
12148631
15082779
20553778
17303759
6536880
12802009
18206508
18835291
10509101
27719449
13249699
10449538
4624316
16451311
13815641
10598657
11112295
2845043
9172468
13758915
13022847
22550646
8116908
5520543
15620633
32646165
18397846
6579545
16028740
4846155
2197758
27331563
4353252
18138957
22344465
16536805
14084153
23090578
2541805
11420483
23504158
25522409
15152261
20501250
19495066
5919042
10453610
28726971
18638650
9681917
6996953
18854243
8676223
19818308
22839031
17282149
6584693
15218446
9394373
18389146
15224906
9961708
14187620
7926309
13498023
20713228
9047583
5936670
10519648
1525433
1255655
15772310
12392375
17713290
28178898
1494498
6386593
6893797
11946631
7132441
9129440
6975218
8279177
29153404
8173001
34457556
15184667
12770946
1359249
15607892
15346283
13004284
29498407
21689045
17722729
32075980
11052444
11837691
22584685
11340504
17260779
22954248
32049300
15951413
14570650
2191911
19397579
15164216
15611415
25395416
