440
262
598
267
387
486
1159
322
367
144
138
229
67
648
148
123
224
553
570
34
301
691
124
362
250
30
259
532
5
265
364
259
122
1073
15
558
104
768
563
657
237
139
306
247
92
70
325
73
770
7
129
90
186
161
648
586
373
100
453
34
531
889
474
447
1152
34
261
468
50
255
43
317
222
298
217
237
393
981
135
277
54
520
126
1780
191
213
40
1062
34
147
502
121
824
490
239
460
83
253
230
786
387
25
7
542
72
547
1083
92
240
517
438
350
148
567
195
642
375
336
372
299
351
1202
375
1164
529
472
749
4
398
782
386
589
107
372
714
445
372
98
563
836
149
97
255
406
575
405
809
164
55
136
180
438
89
113
266
647
93
253
45
317
653
202
11
372
126
548
288
154
221
838
111
10
788
106
552
433
170
329
564
70
352
213
551
116
88
204
305
131
157
61
704
1047
739
37
48
19
245
440
321
576
748
25
312
279
905
26
290
41
130
118
150
93
375
287
26
38
197
335
88
335
23
345
261
25
412
64
453
37
355
301
222
227
1310
326
128
1014
140
11
523
737
140
108
460
244
282
570
309
859
201
364
40
333
381
140
617
1299
1136
93
532
695
1056
238
1
89
334
339
188
100
515
101
538
156
663
433
204
293
1423
91
324
362
670
882
278
374
555
116
247
393
679
566
80
287
16
282
98
178
485
267
58
611
455
457
494
246
788
543
543
360
149
262
14
235
18
334
215
551
15
289
432
309
99
425
543
236
302
21
740
685
305
611
309
3
165
72
767
273
227
551
89
618
126
166
56
499
94
367
46
223
266
705
13
252
512
424
143
94
220
163
88
565
303
29
373
7
569
115
410
281
153
303
327
1670
241
24
159
910
34
84
874
570
198
351
946
458
579
269
350
426
652
5
79
158
237
325
1078
615
132
246
896
723
480
91
571
306
630
1100
171
201
875
406
339
598
155
83
309
435
379
162
109
226
647
430
113
376
653
365
1206
312
587
378
404
770
554
614
16
282
32
75
25
66
380
935
725
167
1142
425
588
41
473
111
95
689
411
160
688
81
546
239
220
32
296
101
237
621
490
5
959
188
600
306
3148
477
394
60
193
781
329
71
260
313
70
450
285
143
227
200
209
58
419
298
49
447
960
14
95
433
49
251
66
25
116
931
50
329
436
615
39
66
111
196
319
2
