1020362
562458
173342
835964
599952
251838
126886
632446
295238
975702
69613
400183
802870
750868
231163
32264
115865
799916
682004
986983
902916
851642
891652
226023
102968
1149389
684819
108746
569449
408626
589440
786804
1379078
550072
27604
973498
155629
254484
738578
413938
1306675
835073
132974
457300
950398
385862
443451
120913
44946
57554
373554
51355
465005
39514
1048512
720325
20973
677720
454133
1015812
753083
726640
746316
426936
594339
32880
957568
505501
513118
641328
815495
115723
225651
1093858
147880
877643
602722
67514
322501
655020
834703
899647
23720
442670
667308
45869
116018
81050
538981
898730
965274
747870
412948
808176
1085084
806794
922112
631766
1064140
705938
486248
561527
25252
1055847
411271
418797
326020
435858
663878
910708
46377
814190
621945
577917
742477
367582
120718
132637
10477
726206
1061142
1035857
958277
117907
293236
1043053
121518
320762
152276
489440
129618
271484
443607
1052080
776611
152180
1056328
184590
792308
777277
722929
1052585
1077263
624722
938554
270025
344409
705017
896203
665049
548633
1075944
30033
407925
993289
311614
940156
883165
862089
726358
1118925
639137
429663
1150073
792014
91109
741359
484579
115081
345444
439291
1055952
834633
1160912
97088
1105591
694418
295084
1092043
201826
807669
1119596
861009
402755
729438
187034
94009
136170
178998
580431
63565
887144
922305
809185
661497
434625
839348
322593
837957
385651
275316
125307
521256
24833
905351
1027065
896872
864197
30320
57649
733300
642497
1120988
78794
280070
671643
643794
897267
1004473
191182
890257
355988
402890
340737
1102290
896023
704530
51682
1148146
299034
291165
120385
214198
825141
610178
225708
955926
1028542
840470
686004
944997
668729
183157
329881
1003371
504926
353899
307326
105134
382863
218025
549968
126405
1215682
325293
183631
627605
419847
391272
916913
733352
962898
829742
714368
522029
993148
1047901
338978
1150312
955090
804827
535407
1408741
566286
81603
83687
99955
937630
777689
1139975
433280
1134875
306496
101826
224946
994108
137079
112348
920947
757772
635607
188407
812651
1062567
429961
668016
573782
1113112
343785
553055
1155183
11058
666599
285207
611232
1334513
172547
945679
74858
619
153152
870964
638446
947649
526375
271754
676309
873355
1095827
922525
811338
1020219
754176
199443
907793
183159
750737
1016556
990141
260917
690402
437993
92199
750213
1008263
677535
155371
83845
702620
647040
402594
803203
836549
93784
177223
1203174
1237263
88042
265883
271212
268367
1453984
669067
1097975
702
1130922
487054
905104
611744
24104
785390
339349
189705
719292
319184
772795
100427
1272051
688906
852320
514939
403647
919164
279923
415960
131256
775622
994736
529901
49614
370325
374026
24063
64784
31820
347300
734161
5586
72778
977252
626143
106895
790536
847251
300200
245501
551019
492596
629019
1017933
30915
796565
1000466
356232
674983
274350
393808
838380
174450
185505
1097486
1180683
709924
347436
1002753
717963
1374816
172079
785665
485314
207640
298717
596172
305239
404664
613442
52190
1332689
942890
41336
829174
988060
938889
790188
835308
822456
11271
548877
895182
994172
1085987
512603
832361
655845
1002683
897224
458314
593734
1085878
620407
536146
83941
1051040
532511
145540
1145263
122493
229263
405203
431517
909539
257582
890477
177172
808774
292906
1668815
76696
925390
479409
279124
654942
638111
71680
1059764
921986
996340
763719
161771
1108749
297331
870965
405150
106972
72603
3597
248010
875338
425006
1212426
646236
329434
187935
855080
168830
733062
980152
1154850
661544
579375
995302
199266
862666
186459
776595
270380
1091346
740219
474700
1057109
210164
21319
