47
772
713
207
1474
541
492
313
1
558
233
313
384
20
262
55
370
91
1283
433
456
9
867
37
305
918
0
63
16
2666
410
1
243
94
872
366
502
176
315
976
197
114
215
26
336
1
1
1052
927
652
601
0
877
23
796
987
759
0
446
65
974
275
353
358
206
3
19
864
1033
879
68
57
397
302
40
904
134
99
1
673
60
1034
651
1106
1411
335
1387
324
349
1290
270
1443
87
1127
421
105
422
0
14
3262
48
94
843
521
618
0
464
7
409
258
74
35
6
623
791
1794
821
505
1
84
627
1
1464
78
1224
211
358
1189
5
709
214
358
120
1120
221
370
132
290
711
983
1172
632
941
686
610
181
607
16
313
139
15
574
4
21
1124
297
617
807
34
106
174
118
81
1228
167
1175
444
1130
1
175
130
1
1
99
102
670
412
159
0
785
1
65
1362
1068
761
907
372
235
472
1096
1102
378
474
1
874
119
389
456
449
150
508
0
392
385
0
54
214
524
262
1
756
1
230
1201
1
828
449
1262
1305
828
517
1155
662
20
1098
570
871
160
18
43
552
1
989
76
679
1051
390
1762
426
1045
299
864
641
1
1
445
110
1038
1029
675
485
928
1053
1607
264
15
1291
191
1519
1016
4
331
1
471
2031
457
421
654
2055
1885
1447
553
934
1
1072
0
793
530
366
2478
1027
1199
1210
371
209
599
199
555
94
1
44
687
90
249
0
437
1239
891
680
206
556
1
313
548
1
791
430
455
141
602
1
1720
0
778
218
136
11
934
320
1741
749
178
961
73
349
3
336
532
634
10
1
726
308
1016
27
130
8
514
228
416
106
13
1184
1053
1
793
218
301
970
279
1175
72
220
355
390
474
648
140
41
2832
19
447
1668
996
918
933
2736
155
132
584
309
23
46
64
169
204
324
387
492
1
687
412
578
722
637
58
152
510
46
3
1187
2248
674
408
15
424
1
361
1140
125
727
37
0
898
77
295
337
3
346
368
1112
534
257
410
14
1094
280
621
718
103
553
41
0
185
1
1
205
2724
648
311
98
1483
0
213
1
94
461
313
270
144
332
13
903
133
149
1445
24
107
313
102
939
594
755
1
263
0
633
357
1890
672
1465
908
652
1065
299
115
473
1044
6
1120
721
607
246
280
204
150
3403
585
658
237
414
410
689
746
568
183
130
231
203
644
143
908
113
370
233
805
454
197
1
554
263
700
1158
462
116
233
128
1
150
55
455
145
0
2151
1384
841
2
221
0
1277
76
1627
201
575
105
348
16
963
899
391
255
162
1053
18
594
203
235
23
30
0
725
410
133
44
392
1876
1231
433
151
1
392
551
187
700
116
416
5
166
1
398
150
217
1
814
844
115
1152
263
548
472
296
620
508
46
153
475
760
244
1
367
99
890
37
516
412
1227
92
672
1540
308
10
1302
1687
1
362
80
113
362
20
352
171
258
1
444
605
13
876
302
305
3850
1
1
1
71
905
53
154
634
497
20
656
10
466
663
311
128
211
376
329
131
548
401
1
304
623
293
402
0
366
28
839
1
1607
78
0
615
526
186
1
2039
357
267
618
517
1759
25
127
0
1443
173
127
255
621
1417
385
7
1019
118
27
369
933
1
679
334
234
346
568
440
754
270
350
319
709
143
34
883
79
606
137
53
1
548
410
353
419
726
1693
19
75
252
1494
2201
67
1983
1674
312
288
1
1
814
128
57
6
1
0
356
196
140
32
162
165
0
479
0
1
150
1908
251
0
580
364
1012
622
172
372
1918
93
336
689
55
1139
587
115
391
282
8
501
955
69
1312
436
1054
802
10
219
167
70
93
1
1
1378
648
328
1327
225
277
505
420
796
1
602
162
207
204
493
768
1
1068
1190
994
46
67
10
1186
688
303
38
779
39
163
658
51
208
669
941
1
204
135
854
1244
26
47
286
34
440
294
1
1084
116
276
98
3
347
40
1036
457
1694
1
499
1
182
442
17
151
270
929
1248
556
110
818
28
1039
396
332
1044
180
667
289
684
74
7
1
154
576
0
1046
2667
115
48
345
518
812
1092
1180
181
692
557
732
467
165
535
173
33
1
83
0
512
555
35
1
1
294
1358
523
269
0
216
93
181
754
81
339
567
143
197
380
661
0
251
1689
186
622
590
37
1079
1
784
261
342
163
769
694
889
1
91
513
209
2081
0
0
73
291
1010
151
13
1
1066
1
324
163
1387
706
109
585
162
303
703
689
541
201
71
99
589
622
0
1
2408
483
725
1695
783
294
257
271
1231
1
227
1067
166
1
1
346
81
192
340
326
302
1
975
266
302
1033
699
137
590
1201
162
333
468
834
284
614
1
139
204
345
425
638
155
58
2
1
1
996
410
1
121
512
557
75
501
319
826
244
220
83
1038
962
114
61
127
35
1
533
441
239
76
564
438
1
13
72
226
798
1745
958
563
434
424
624
430
507
254
59
