292810
1639683
2900980
1373358
396223
1533258
1177427
151641
254983
233892
1222374
804331
2161341
853885
794982
981194
533490
1472444
849570
1817899
1316344
126424
1763986
1323562
2123608
276797
1233179
1552413
1110473
196478
699979
265910
1863778
1574690
2443148
1784501
834080
413847
630104
108654
1988495
822544
1689937
1449250
788349
1819727
725386
1553337
1101925
1116836
50589
1714035
1248801
275108
1505408
971445
1855494
767453
1934574
752055
41144
1739704
222438
1472095
1377644
2063770
2391332
61273
2086377
1257195
1922636
164822
29451
831272
1344462
853026
764132
526273
1835895
430927
410284
2096967
2114759
142906
1306184
1303855
1576761
2335930
1200579
698054
2131645
868297
490722
429131
178877
1701540
277617
1862553
788610
1683494
1796856
1512221
73508
2130804
743755
1305871
425214
999412
535441
1453589
1544250
766542
1440824
246898
115551
587119
1259182
34590
1396318
687154
165502
1374709
1973286
535051
127232
1963026
516618
1027652
1926746
991251
1236656
1813607
902536
433189
953788
130152
1836796
922704
1382173
1075342
1720611
637254
135391
865010
1872567
529808
558111
2067286
947171
485095
1657410
2031646
42482
347905
568022
674311
1644467
513624
379907
954180
1769291
568978
1974504
786075
305187
205834
1242226
166887
641678
857322
604273
61404
1408395
1342902
2120098
2428957
1034465
394371
383565
1593113
1022764
1519267
1421568
635781
991354
625746
1415550
512748
1428883
721899
2331650
580128
884512
1422217
701913
775755
820473
1459211
234208
1239997
639557
1119888
366014
1562777
192947
671819
209648
99430
424378
1019776
694208
1637135
1700915
791761
317572
257274
219468
1498334
2269476
2028659
724328
1067055
319341
1713283
2181741
1227475
113147
214721
911901
1064298
1860175
1549832
1868325
195600
1098475
1753050
859735
987264
823500
365712
415244
1841138
1033808
376802
1030337
348831
490904
1953783
897901
1373947
478063
1056106
623862
205852
421950
1870899
645101
2304244
2395812
624248
227882
1480395
2456520
1088836
675332
1315770
2409680
1065623
1477296
379142
661686
1554982
326146
1215964
985490
847274
74531
1574268
659024
582349
401451
1788116
1941965
507431
680736
170446
477789
1121184
251463
1697383
1107904
882757
821946
1363190
894485
878986
2442669
344459
26764
256255
1097774
1183565
1024443
1408099
972388
1319545
1388532
513307
2131997
189100
883496
188201
1493996
822943
1871029
1244559
1182369
1012370
1122961
2291037
125235
2002922
1543281
1620852
1250014
185500
1759879
6422
2568560
1567124
1006076
1539700
1572557
1411376
1475238
1421092
262692
975422
1166916
765703
49334
1842622
2407057
633368
1149979
1246528
1661837
523228
1765796
431164
667800
1562897
221619
1061110
60965
1214340
195784
664663
674685
295692
1556500
201955
48292
900810
1127140
647454
2293242
2168548
1907638
1083590
1197206
753470
610223
1607259
2054786
2350356
1659463
2343396
779371
1229515
470654
1212656
265439
627380
1387390
1963972
1096713
1137602
1610547
690516
1960204
1462950
1841286
519076
612662
515339
1004606
39497
705985
133474
1215388
688777
1437887
1403576
2147385
839072
994738
464754
650954
681710
76116
1685932
211247
1410501
761612
403617
80525
1414108
1364656
1456397
700812
1166773
865368
1529234
812512
865032
691110
2683979
2434243
1146204
60883
1597493
1769236
1680777
2086994
1658365
117148
1653868
38210
1602098
1974159
1436802
555660
1399887
415133
530732
201828
1357162
1278048
76054
1545192
718124
668726
208778
1940110
1331715
1611896
446212
1527673
315501
590471
517402
1689299
669508
2027000
729728
581912
149334
912797
542017
1327408
1004525
1284273
529241
1151337
1833810
1251034
1418771
525642
1369945
1200552
331589
1220816
540382
764171
438801
71767
1242011
1496784
892734
1393404
1046038
2212018
2112530
896188
1108203
1299372
1202134
18077
1191286
2274383
2212964
606865
1055023
827265
1168420
977784
496719
1172980
1301249
1675817
1145638
1940472
1353725
1465295
411506
615963
1411486
341067
1319029
145988
787344
84950
1058879
20655
772511
636006
1943958
782866
502319
1587175
598535
1604222
1226195
1948392
892096
402169
1376939
1437540
2094947
2017721
1393441
744258
239100
288089
927087
1528328
1258094
50854
407230
1013475
776907
1200062
1097636
914743
999338
399688
1278990
1047745
927055
1494522
1923014
1810024
1024929
1162994
1212989
1550294
2146823
1633873
190300
837109
964226
1669914
854419
525157
1139602
937449
681995
1761807
470000
1587230
599684
129555
534483
758812
291577
1028540
205183
739608
1912845
1581657
156206
1178350
754439
1905074
194510
419302
383463
252190
1731451
771003
499577
1161563
633341
1519550
1454157
1341374
764666
245466
508854
1786998
2321624
414071
184242
389751
1410897
1252671
66319
136146
440284
2174514
1223500
3821664
2036801
1724951
1228141
794282
1054616
2045691
1229401
1118908
306742
2057566
1337061
1754536
1688565
1290340
733464
935919
1781923
2384493
2080549
2704412
1508556
482352
101540
1244154
2180757
82797
1375225
419244
1273396
896833
555369
1164349
1446844
280782
1716438
1293142
1827962
1061020
891023
208723
1520664
1018211
1827747
1517086
2002810
1804584
1889413
897952
2195835
1485072
860278
839286
1651718
816201
1653386
2873
760760
32428
1799836
869064
1897315
1458020
1792492
814872
989576
369560
1625440
511203
2079239
150059
1827786
992824
2221682
1014564
1292323
766101
2010587
938280
1780843
1023675
1944446
2264629
1369095
320343
1200947
894430
312884
1684347
2145708
14204
1492711
901842
549670
1361811
419483
1288740
1278837
1181950
2172093
1912466
1405544
305778
75083
977829
1190717
1491485
104039
513874
185963
1230368
687599
1853567
339889
542580
2349771
74922
1688820
928985
1745963
1372569
1819573
1973260
717329
395217
24181
205712
1066902
1991366
722954
571300
913969
1542730
1424741
55695
1053737
265811
1316097
1689693
72620
1413065
1863245
414625
2161454
1410355
1160827
1239604
1391835
1053696
290150
596425
29675
1675676
267145
2488592
230323
1427293
1995641
943969
654112
1663099
574188
721171
729935
1772535
527473
1722370
1002835
451994
151504
464341
1517726
2263238
1727850
750755
671004
261665
187072
1187670
336102
1423269
116349
1089578
796862
1050920
832267
359668
1896940
1217608
366658
1367222
1363004
502592
243865
1589943
2053400
258207
916597
2200773
1809965
707274
256772
6299
1141437
638907
1103888
2285114
1172599
756370
1484795
224906
361788
268180
677762
1542566
1955145
682807
1143455
1957811
1374434
1438849
1732653
1495067
59611
1081854
917308
1158254
1708157
430933
862913
874407
1063179
394685
721745
1412009
172172
1495680
711573
662123
1696697
234134
978905
84480
194382
1296962
2203812
1386897
1862041
881057
1472849
1063177
1676020
900798
260228
25201
1832885
1749398
247235
485996
111250
1419222
894578
1513224
1459882
60117
1406339
732553
1444694
1456325
1405275
1487711
42687
217448
1577242
237648
2304529
764277
1217493
1402758
1092100
396333
2070692
1201191
1439767
401216
178852
630066
855792
1108201
1273328
1277542
931492
148214
2089793
1379457
1844056
2366645
1934487
1277499
1687681
290865
1718278
489785
1923433
1186696
478259
702081
1944008
485676
2085642
341906
1488256
806231
1681111
1073777
1627875
2293750
266300
590159
360132
563523
69896
3112296
1612483
1933321
666908
157550
56348
325162
922578
1993451
936622
1647692
812999
625938
1365079
37331
213382
1209256
2372996
238042
1830480
50298
904739
1611723
1165140
1546441
1384536
904215
232788
1409804
1319340
1216874
1692793
1915294
1033468
1352232
884400
1281228
1663286
1377143
1935643
1340141
1068151
995261
1297505
2001456
464504
54717
631898
965224
488165
658895
1601421
1019116
2231650
1288224
492410
549563
378891
1229685
78832
274408
941023
739652
1066830
760700
2362815
106775
486754
1511439
1830187
1936859
1235222
949472
54512
1251969
876977
1168524
1124437
456340
1221699
