1
366
13
0
20
428
1
187
514
155
3
0
418
527
241
0
656
210
73
417
79
76
467
1
180
457
14
0
170
79
350
80
79
355
129
701
35
18
0
41
0
1
32
41
422
587
19
158
520
139
33
660
264
0
1
249
200
1
353
83
1
103
857
258
86
0
19
112
296
166
1
26
170
136
3
78
162
22
610
712
317
151
226
0
104
99
21
455
215
40
5
146
317
434
278
195
49
1
195
131
510
69
47
395
68
134
9
442
1
901
251
144
0
40
82
216
1
134
333
0
446
1
117
303
179
311
317
497
883
1
178
0
256
43
30
35
35
108
4
235
488
195
772
1
32
276
366
313
448
1
1
918
223
520
134
1
753
228
1
298
569
1
194
17
167
89
1
347
13
36
0
243
204
190
89
459
551
291
186
185
237
0
131
95
29
211
213
53
1
136
162
128
382
649
339
615
400
158
1
33
1
1
467
8
31
87
95
305
1
1
0
314
34
342
189
119
189
64
275
104
320
2
16
58
1
1
176
281
116
34
198
78
1
315
0
0
96
219
341
357
433
326
105
214
46
216
83
129
740
240
216
341
229
623
146
1
309
224
462
391
132
98
225
1
166
1
168
171
219
175
136
1
317
37
824
182
4
135
1
92
41
521
188
442
398
194
179
19
33
138
270
47
191
95
96
151
177
122
54
1
116
46
141
59
103
0
181
158
583
3
1
61
368
9
20
263
1
1
7
843
10
97
1
272
1
0
52
1
11
14
802
220
234
109
754
41
528
199
102
310
127
115
339
1
146
491
648
200
1
0
5
470
120
7
183
196
524
626
175
1227
212
0
186
0
294
687
217
1
10
1
1
361
1
9
134
1
229
67
230
312
367
1
1
622
249
49
272
0
320
146
1047
379
10
175
1
80
117
360
98
56
102
94
495
446
521
411
237
30
161
0
533
189
92
875
83
279
123
290
1
1
19
192
1
143
367
11
0
268
101
128
270
148
438
201
5
730
559
147
1147
35
1
57
162
497
35
78
352
339
113
220
0
607
325
28
155
1
124
99
314
206
110
288
70
205
62
22
1
164
154
155
126
70
48
123
3
0
162
1
50
857
1
30
25
50
366
192
138
157
27
516
253
15
2
167
0
339
255
232
23
213
150
0
1
151
16
500
50
1
50
383
415
514
