111030993
122903443
89996804
221960131
78188467
307082183
116492035
193377129
265031863
279347350
204387894
231231040
13010306
26196898
60303495
69283680
125129911
63657183
24519417
197467153
132636958
153110491
25088237
47291757
91658243
20836818
410880711
105052269
219274980
71309661
75653052
453049186
18025719
104765417
46607677
163843317
116049002
100684817
83778645
71191463
93468308
35703175
62692233
311524083
49077605
123284249
115470358
253819197
197200143
162619502
23191003
204000755
52573397
84536473
100037781
177028964
106289593
684933339
110276528
99840267
7473884
134038892
70241811
59653768
18899816
91934725
10296039
3664140
162214256
44838936
0
42556144
188786114
16024221
85871748
14670610
140594181
242680338
63420833
2085844
49140580
13566541
93211251
74446195
11731779
47260780
77942909
31379462
46762305
44521113
26505560
82065885
27096152
6062683
92375747
36035208
62877284
212962634
1457798
5733377
259820881
66367349
92488517
230745774
34141284
67112190
334788088
224657074
46581451
56540105
27616133
117818256
54753508
84718623
70843859
36322688
36556367
130424359
218265938
128387054
10420747
130672314
21279078
83026089
35740002
157342953
351394661
30909712
196050149
19690504
47484575
91925917
209719711
165537255
83757026
68656629
19597198
289873779
42929354
59509006
84462577
55037404
92688751
104002665
250329866
119097063
117570381
28243889
1
12436039
21723149
95608027
6157154
80033579
212199946
11375190
100226711
239887339
73697413
73105119
1
157217302
29746397
13700758
42035840
127197293
30954323
63609146
18380158
51269358
19985954
145516302
63411083
15746518
317329604
18630193
156593024
63002701
20081029
57938336
104489599
274277425
49186665
164961175
0
7595256
72632060
61332604
7107719
39715918
32552263
7570898
53770108
176826496
187285717
20278795
47314699
59224749
2680755
154269983
5128271
35277217
163550214
15174945
32873066
12621665
22555662
116386309
127487821
26917664
16394307
371642929
4308033
71828062
182950620
1377905
3217469
79451894
44556468
11603944
42730408
84400093
90103022
16185121
189728032
1
1
26383814
59485840
6035473
19816399
737782
308320569
10039331
7626524
45491638
10567943
27333585
59037362
144007607
86254314
72094667
140494404
348189665
123349214
157117245
39352665
47107354
141631848
1
416392889
1
140567022
51993689
55163571
64900600
12744696
55578425
2665528
139870547
144550800
36334691
52696462
87178520
161257054
124076353
289945303
67316877
161737229
63936471
27666443
64168877
358768
13620353
254020637
73324755
1
0
2134029
181630096
150638610
197151459
15409861
167953348
181234471
74039618
88618594
25449870
52458453
12897275
61222779
131116314
71380627
130060820
315757761
26997810
1
136585839
63866235
41366624
26029568
7177174
93446150
4693153
114518515
310404322
51595354
2056857
118675964
36758208
162199653
52596214
41282887
15525267
300702044
9794637
73192592
24516310
15320676
1
102936351
31149348
333904439
13015928
50589441
122307302
56760069
45183320
31803596
155101644
204914199
51772048
0
109480609
84602192
366440118
246541625
86959829
53387994
14310127
21091351
152851112
18358755
22028074
88224988
83842975
88452473
50304815
63374441
38584891
98382638
1
45621803
49109053
5492934
7974867
39886979
188627147
1
42969185
11120387
71918949
11269367
33387357
81324647
55592139
78832387
85754057
49478423
45008152
167416295
66609841
87931667
65645824
158892649
582477607
94369387
84164629
260528828
83523417
1
8265881
52780386
6665142
138830516
87275188
93203248
79315868
229764181
201457333
47405119
135674788
225791578
22904799
48985461
67782901
32714637
9171134
126854288
83431989
38312156
149664283
54480897
160692476
5655496
41339829
85423185
36942911
437702
29720689
232575285
0
309948440
87194898
193357879
24623224
72559912
278245558
146915334
26299154
148580602
226641010
4427263
49612474
29137944
143584869
120571440
1
44609997
77059535
160969583
38820727
14555207
45963347
53021767
21100020
117247533
45825172
2028251
25884303
92797461
214386693
25476620
110532738
59054184
47312147
117276973
69278895
160525369
49031890
56809214
15715914
67333501
14917070
40702229
192337867
206367489
31865874
191609083
71790628
18216040
177786470
152934201
324962170
342904303
138157328
201147162
54712722
78477169
126466678
64249822
1912580
1
5016672
31637708
34029361
202658238
14959789
38228948
20993079
71226603
117774711
4472485
114117688
0
171572261
4321424
55638086
121726609
29673350
114501183
25323281
50600178
186444577
186881341
12970951
35094999
95946706
61946421
60064785
126391219
43250787
238305151
27014576
152627101
10313581
72053511
66199073
308342231
243074071
199717925
151575345
0
56347412
594000144
65413754
3122280
43002038
65956392
47031387
14972500
124428195
156328604
433086424
32291291
31836404
32399425
158883286
185825835
226262220
206938967
70492518
147871561
112920129
7243939
74029640
50693830
74176881
812745
14901572
26883825
333816441
197623463
96540243
72886142
151964188
32538922
32627849
32655354
27286167
119656525
9552487
140051088
13626936
192297474
109937057
7047767
76367543
113104206
86594512
54845050
1
29756898
185952789
27018032
8752626
262741515
53835035
183532443
18707515
125775866
270612608
18155056
226885918
126379127
201211379
103003862
11364733
5920876
83919803
201934822
96391526
47743772
86825027
124408718
118424094
8646653
695102634
190615259
33095617
112713084
87487154
269430648
146167829
53020734
190700206
36321511
145616271
25533371
21819686
179295326
87191157
119081951
64947430
7016243
92143364
104205324
74291635
70889684
264760289
30418668
66611011
28078474
198337320
85655948
57953648
53610112
112251790
31220626
32082396
151090735
14030828
34560674
56020388
27189465
13295709
7581713
47039262
48583688
196301692
190681634
17962070
53756462
215072362
20539965
67633691
2220082
48025003
64031966
49904551
125991537
40007588
127112451
28008928
90050312
2149866
73977705
220697969
9689408
114340400
66773563
75235199
72543628
12346160
57768798
23824189
59841969
0
39796202
28668548
45124112
1846644
105462307
131104623
27797739
64106550
2535384
1
48134962
72334761
303202072
239263121
581890
145529491
138558958
15934608
96882541
1184287
85820450
85848222
61684224
1
595115934
842058
107622185
5491639
25939758
94023626
62260146
125991437
75558704
155938968
56822906
158479131
61378081
42618053
70598411
12076352
227017313
11346913
33695117
1
337800114
142923650
115291580
133632173
349545760
122140125
1585131
0
100126270
28499632
13865825
87749124
15275462
29563551
109784401
24364058
13508777
120396150
23447805
172349971
82953167
64806459
426011939
176980118
63217721
40203550
67739994
148461439
28549322
159445163
53435852
215214924
99930028
35039162
41207697
28043601
68827183
57829344
33525565
109953939
128195218
17717223
101119324
63177468
165964094
32683624
44824258
11775303
240942720
57504591
136243758
61678135
79012334
96943393
61792807
42819184
105191362
18014364
5097546
22510651
96837232
108124240
109164579
116360737
1
222248887
11235655
438254199
230722
30130441
3897612
46848027
43769920
95483763
16414344
64194066
64048913
95690556
15486865
43817058
1
49987389
20670004
65318045
86537495
27410427
202241210
228548228
54803728
129114718
91577879
135267443
104970227
143971417
300667688
56487087
169069548
97616671
105045771
117887559
12965536
9747310
1024583
57162859
241739747
177809595
111482
196852958
135291698
340318404
5965846
73683935
92987532
25275231
44385075
80580099
56130585
83464402
161661146
3114835
38072261
22465690
34334142
1
30516777
39906509
13212298
12280909
71335643
118882036
15578945
96408293
18104032
26194761
30912548
201048871
5118167
205772112
56292000
168740200
28062635
3698854
27717180
67698814
190579732
19802844
34944900
8783667
9453653
102259986
26109707
15246508
215606447
76724987
108776483
78628669
279246993
57041964
4798537
147020497
71673898
119662354
161233117
234665126
133726890
11603327
6712085
81705706
108310009
232912842
122690710
27998710
24733480
216718395
92984496
165261801
51506256
4160876
33151837
138637955
2890149
119973293
22310109
92863146
94177320
12260765
71807382
269978405
140203
20704174
340050108
15010231
11445798
182794245
75388776
301368301
43435205
0
4545281
0
35618167
90515860
22219036
5683792
61213241
38450557
119562848
23139039
119934736
150412
16381756
48010730
41239955
76051510
263389354
29449915
136710182
6328537
13135393
144000426
22174806
42540885
91338696
18836385
30681308
1
42442972
225798103
3951611
100355500
209499029
0
3052070
135518954
80514901
10414536
32739961
18459965
130847290
279074937
51541328
127486453
142332633
93446309
20669910
1168598
90874400
121125211
56167004
376931387
17714
93399602
33514592
188240918
50666530
44214675
163131510
66244235
2052660
50376690
140945425
78866549
6408402
24195865
56590966
116905747
116942764
176357067
257176
28462676
1
3643716
63566225
120274643
1
144572862
110871818
136098708
17548208
230679347
5720099
109812387
22950640
12182395
1
36912303
65935936
59484239
34170742
36690841
853296
144076180
317249345
60888707
89292541
42769804
96310637
97989142
44291056
39883271
100604414
135365405
55885790
88636274
46693619
101725460
77709617
118158351
56726639
30117011
365873926
18103856
35249398
112708902
73942626
314174552
102459001
61128934
22593446
30761772
151587732
133599712
86244457
276142910
162248194
9945317
97891915
1
24577925
40068196
65393116
3564184
1567138
111213703
35306059
4295438
113833597
120152076
56989874
137150785
14964754
156169024
238846972
133218847
100691946
135065202
99179995
30466689
623086723
114042309
141067465
39088770
356364172
140836701
127514618
11665520
186455295
10062148
1
16443932
131192875
133698736
175419330
44137412
152052998
158770377
84299143
63478843
44204421
156723343
38437814
47635530
79524181
46327867
221930854
101620186
151706111
215182921
140456225
83817785
49978520
22172740
3127108
253609630
2556350
40468843
180261622
216315244
71649098
69499749
19122728
75627219
79859112
0
239712051
32536944
65721656
28656955
26095929
160949466
7289681
95471468
29849773
49339011
50010002
175599849
117453752
392354971
142405944
272798733
341433015
48712332
68129808
200895271
78247077
116045458
45293366
21454
82994261
108957544
36136173
171963
34329749
14722736
25719937
87998115
88638276
45095954
98511467
84280242
168520291
56069581
91706626
124023249
39123926
19461100
243334055
1
130775466
60677628
28375211
328457103
91412098
19871266
14018997
160796227
18685669
85097971
4656515
18552651
247293928
100944066
33887643
105967762
67698323
87801786
57367086
24875949
188648487
7841408
125894787
174204772
69330513
75056557
54595345
210336910
25471173
126373675
34979265
27665535
214082212
37783963
43921949
15609673
29576687
75550299
93635490
117979576
14892475
20356195
40359700
18676901
279738081
161371126
44795120
23131473
266176322
6582934
3598755
148443190
267041621
157881065
197725960
83040146
168044
23090095
16144985
50473989
227841465
27081388
124539666
6856622
39027517
9246513
203860221
38811400
34709225
168777124
10629558
53505892
34782272
33827873
157060310
95456820
164234421
63902085
56969115
7848784
3971016
1192130
2919676
28254130
69032113
58301074
153017597
107419528
195005390
62195683
431660687
64727610
17967336
132840499
60363640
375363301
21156068
1
54624813
192274880
81696115
97137568
32417449
132593499
42205703
29310489
117521319
42712611
210940654
166953943
40708512
108760296
82645582
71631102
40316647
35069191
16573768
37079695
116936016
27988299
40597596
70922410
67814042
48111775
35469595
23623357
16776710
87403393
3348898
363237422
61315536
148730678
6818263
2953048
25715043
189697362
95482662
80810436
12546560
78671548
371451126
147648155
151604598
28315566
57706525
62707710
256533165
334326863
32592786
346556465
34206700
37789287
66114297
71748502
178127210
53184270
89272463
61619937
138544898
1
150610982
85363573
45805433
21687582
126551810
34943721
194440181
92319156
6912243
17229536
109382982
54457218
112621020
44238849
187463949
10326804
206812498
82084139
231488539
361157134
22346116
16185345
96121940
98626436
215185548
109881
77923200
208279068
104453611
59149551
35591674
28617698
1
49333699
84430407
355941346
158298202
13958803
1
62223891
19227358
66031498
312836297
5075420
184712886
64355341
71687160
28713708
1
3499633
2970854
910263
146209458
24797566
3520845
23338734
24232571
1
103119416
10113422
0
4403198
122788785
74092334
153811659
99221521
23193271
139053301
53607975
22401668
189946336
160612380
92740148
153770405
22847013
28067192
59405010
186681236
16564583
88165288
6995959
172321345
141774699
99089229
127221031
74902455
57719446
1
1783681
101212980
1
72916103
32585485
33305772
72244295
54144383
72108505
5889441
0
13068721
42271112
25448012
121889921
30278509
55020916
139189406
8420376
139151736
1976938
157446388
3627011
254817998
167804368
39089466
203235772
12984764
918028
111710935
94960512
92231181
29096907
106725502
18885579
611067
98317790
7255753
14058187
32819897
125832897
190856629
64251466
30487125
88064211
176770346
92010497
41809913
10499583
114810405
22544921
30443622
37771705
103790893
8021048
102843447
1
77697569
49860303
74936613
115467689
18518937
14404527
6105843
47054366
97847906
119468395
44177434
261270372
342846686
855608
129712632
51154957
43293510
102306183
271498474
164006393
25278318
54843595
110188555
2517004
5084505
13758124
1
11991746
40288731
12553974
1349161
1
124672487
126008522
226956415
115105950
80148803
308958409
138637631
145299842
187953437
90324959
29825354
146305473
26743998
38964830
22675830
161180497
170542074
77696829
1914103
95450346
13560075
73990811
20760897
316940351
41313952
226777844
49254449
145389593
3437803
64667987
162550596
18518091
124441146
55180310
82193687
109140143
114703015
15951887
15698509
133602382
79331540
216178487
14372726
269159517
62391564
23157473
9504708
78844042
163140063
52574540
4990153
177769682
244598302
113223234
21072536
100327120
173891612
47198415
54410132
39985022
30201178
186548472
157998410
88278347
12643180
70773268
38605309
46709275
243329302
58192433
29050511
251815010
69435590
11038126
32313808
116082579
139838931
18253270
192056260
21267608
14776068
164894920
30447485
18100757
38459236
60988782
155425969
80131282
75647832
35002462
118380285
113970184
79162075
104145484
138581989
219812328
244069267
116686215
46234295
36832315
104218058
206652320
111391768
231774014
92941041
110433742
88846376
116504832
454794589
156090958
50048893
70149964
181508417
2072564
55753770
362863451
39841973
78685984
357152660
29805923
34687629
10331753
267636003
55808995
0
32467918
1
118991483
81728640
415128437
133876082
49846295
3358286
35547378
15617170
225923142
60161003
89965948
294043
64714743
32948201
55489721
273795847
35714246
154592348
62823704
175255750
28862899
132244169
16562516
162620439
102951949
138690808
123261782
36448156
57656036
713190088
188725990
89052512
1
102687936
30986012
31436515
44475803
418516263
1
130944442
213558956
101602351
1965665
126991580
116435170
134290797
1070137
115856600
29649700
18403178
162563425
359175960
95909002
111194971
182081483
200350445
374868258
106558242
27561525
4415488
130737362
36514307
28512256
113743631
377248370
36373405
24706029
12436348
28140416
50954815
5865442
28797645
10110567
95740993
76912451
6077753
99331979
8067527
193579393
43240945
161085224
256281259
235661
35836150
148745692
9364712
173280181
44729812
182553470
35853220
284628429
34553828
3085542
97851124
82149202
350848980
25525248
42509121
19345086
5818178
127125454
86204294
162863998
113169099
200418913
45688057
314282412
10339254
90399769
9449519
5810403
141765301
155695698
53653293
287941935
95948362
22420262
1
113803667
217197833
70873325
133403959
40227854
1
59948336
18166294
26118514
6573220
49148438
60718885
230766
442941013
29964149
135771583
297802570
76563571
2653941
91790387
132021790
20955774
8494503
23239564
44548654
267370830
117655866
0
14735553
38043840
204212305
69532158
99569229
55592729
105413412
83863519
16104107
36846682
44209754
199443023
0
109932526
92309531
90908961
156729871
92080681
60910114
178695431
74850716
114340973
26912325
100468412
59948119
23679913
149386928
110136503
92345618
75146820
130684822
3587102
23610970
104924996
162526800
34233937
57953516
202667223
227283803
41731688
95303984
137956162
20765734
92899394
67850626
68768575
70955874
45147206
63852150
22355804
35751735
259135430
41371753
116464965
680288
96049178
146701472
174663520
99224813
197896894
91569867
100762863
17646183
105597703
46979778
932342
283498681
107874967
289122242
146807611
44509068
29820121
1185460
3373259
55326873
198404316
43450911
66677477
24428811
414361976
22962028
338123738
28850823
31545692
30039647
69224279
55872945
14309480
52981865
81409099
103105777
21343981
45121716
121351100
81441810
164192055
43434154
9223523
44176032
5210267
4342032
76487860
108955710
140920097
45130810
48263008
120664676
338991627
7579358
211003228
1
220208675
1
36755367
9169161
102505747
69564166
80097511
34243824
325669523
277025
67774996
178382462
566298642
3502639
145253801
58417655
228796233
50780777
57310440
147163799
96616994
144608076
43598011
31138930
24569037
127056501
120946923
20524571
38956695
2030207
101223921
75073603
154510295
69185499
66629160
56969746
138740634
163921487
127223212
24721455
243742357
16237804
325869135
11176777
7247287
73265971
22096456
326032631
83881348
90648027
148463805
110089
79183266
228872676
7817256
54948138
4332580
95495646
1995555
207567337
49856757
49174535
1
96679682
169522173
43314705
59527289
122294876
54331188
256881201
56957709
95913982
88647719
70273123
1
5127266
4730131
53553054
41674815
22948597
5455058
52294541
58130872
10273680
82378593
22745423
71062140
165164023
234720172
113274708
37747032
73645560
0
74491647
58778467
3338689
280823663
119447737
122448692
24239839
29036882
153388172
0
42028459
33093217
613057405
12321015
18047978
146706389
1
302378193
4404906
129818304
230493718
89011508
120256809
68874574
5605291
238749453
130094440
78388663
72622397
129421681
138744341
860408
129938294
11270862
13329236
87187307
40239947
97249520
75265384
130132508
68884113
3764695
122349526
94757468
94009415
89699855
0
4163657
103093582
24969559
85735869
45622709
73357467
14665739
106175059
139105573
151782468
224595333
26113194
34298564
16719381
52854745
61844274
1553359
125783515
137668904
63913050
37291664
154259835
29245741
1
52020860
126568985
19980718
49592331
238036678
133314762
208185935
1
60453947
86331442
315095776
37057155
66619368
92734977
101023882
111878454
286115678
118395337
218039665
36210769
123613207
100650954
59609369
29433224
214819198
176853301
34517509
34524311
23860175
15928188
4772905
13017082
31399147
18779838
69381307
8104922
79648340
194586950
51548682
115297557
53935675
19154024
180891262
312471090
62525495
212642712
21033084
71213711
126840922
21988857
10062534
85116737
5490699
39209576
111003688
75365743
88722964
236018216
63486806
71243336
33635954
73564346
18199679
20047096
119958872
92610671
21760910
5496318
623469
93405590
91784726
58292812
172187467
56663345
13534702
63329807
25583689
145989165
427680666
23847077
15033377
11055078
36996857
24926842
18618546
261313614
132593617
62619554
1316162
81949357
103591130
171053177
177523784
36590988
34010686
7368722
27611345
52017734
33208317
72409337
46644519
170197729
26961339
84758726
78341496
25774343
256527224
186927644
86804045
55374245
90072607
131116676
5469163
44988330
55230269
145096462
95517127
6682270
11151244
40669262
60699998
230548403
257888559
132576060
29364791
220340081
34904806
109195
142599310
1014110
81628038
110498306
31489256
35306914
9691410
75962326
7434210
40991144
1
15290137
440063
256377635
62319782
41268379
116045941
21100529
172383846
886534
109812442
35533854
25208032
2523524
40249777
55272313
126826785
33206862
21840166
63842678
85724891
87697607
98275160
193423004
53707794
40459445
1
13446411
44824790
27990722
57341550
202467589
1
66942036
17944157
121715417
2818429
182856692
97676256
17665519
73325606
84140524
148918032
486872264
170090627
183358761
10272949
30749040
64687634
20106842
126252971
1
13790432
11670845
63004886
4921121
27584574
135851448
31204223
53068460
84469487
63891781
1
87620086
4375888
205893508
177671235
15691913
42793817
234169534
1
2217314
12361463
11509658
29509344
30861783
24962616
31358991
1
79677319
304827788
155113216
41207983
91279890
214595181
245441361
14539371
186441238
257682827
33545600
62780008
63423942
149379188
259687627
254964728
154411747
69946750
451004199
95288165
49421018
130040763
70892756
77821537
92262624
158204226
137302846
197435566
13593100
3821860
37386455
25654783
51225228
67703194
57478070
1
33003442
33688478
138332184
48148440
91757822
232172649
73252644
0
24152776
108322413
198517044
207320895
20208574
14819480
9020091
65396992
102172421
4529946
40570586
1725011
126576118
190267228
152443224
22582797
70536746
146558719
70697146
94210
7625542
154379711
73562895
78887069
188261936
59412011
56118721
95615092
153809971
118246662
66617526
167331780
109653437
23409929
71463516
321674979
116665078
7627863
171678645
46154102
91985412
549628001
121042012
151794875
184992579
91657627
27964976
28613412
22558593
76208066
8505055
147059062
57035462
68488089
191723967
0
98879516
44736612
185966345
69086549
100599179
87637970
340060797
43780638
66429893
126515049
0
194436528
57491407
162675501
40046689
9971446
91168496
23640492
200163428
2227117
274715246
51395507
98620533
8830694
63272595
168441690
70286953
92126550
79402895
542053
136819019
66204191
4887159
106686210
82730056
65624000
121401709
35890832
0
223993749
285382201
55661049
130013643
42399592
2340632
5593427
190746694
146486343
5391271
80316785
4765673
1
115711275
92963129
1065828
14431928
36706024
101792141
100542560
177628567
123780906
144936373
161102294
13062121
10129556
63228840
40080429
132799628
154210091
29516111
43669640
120711304
136370759
61296459
39560663
42401105
15506305
53272461
140646930
177511964
69337545
162657228
123493007
36655279
146892723
16818252
85724522
136907948
199377191
134160618
4650585
25866200
26102828
96900176
201173801
132452369
137833474
184122589
145338032
144529393
54779996
2527027
61525405
30207577
311101556
62707441
114469652
8868266
96680669
16506212
34249343
50313378
33912568
68628409
43914382
25618429
81499852
123895131
4846842
59697671
208025329
165378116
198525521
0
162210024
445439816
72706020
117511374
39643643
180396156
2572545
78252096
101178073
58638699
66126479
76169347
31438615
105331073
29189119
128408384
93376663
11597912
120307968
82923368
1844009
13916144
156608513
12948814
0
84302917
21260120
298432663
128412041
64332026
188925691
41331309
74662092
223593644
249404035
97284934
274035276
13644609
131037617
40856925
117321104
158406363
82858681
36195362
121090234
29306362
5326613
6937498
56345848
121425278
5240450
857145
1424150
273498355
38317693
73721780
104398681
20083831
202871198
65012797
11068426
107309210
40235819
54423942
121933212
259851901
16465624
66884317
39460622
19265068
132774342
53754390
97992740
82101585
63006624
106466153
94422640
68062648
122407079
1
279122088
51831488
41625619
74807285
100158529
121360727
41954030
17976796
119466192
79106533
40443430
73001906
211328889
1640409
161268462
34450493
32124878
1804497
35457160
100541013
12640382
67692278
29704877
14407741
37561286
6439793
113829851
120090633
62052155
96236775
166270457
6915284
34546960
35245346
86275683
38897455
262804528
54858230
35048679
21618794
59866723
0
31585294
31355558
1
0
22298402
44143371
291314971
132132686
447362869
245197761
49402771
33226516
160303165
82175016
24279655
118430633
32314431
32245134
76919109
85847374
151856042
133952367
3287457
67224949
190000523
86897585
84635787
135650569
111800522
1
1
0
1
84407971
5493385
87496872
14848787
16473292
129893377
43154017
89453066
11602628
0
52539263
28108842
31682773
65436012
0
224313188
5236207
17356710
72517159
106054511
131066878
152460090
34134663
75674300
16004745
4492359
211987402
72381184
194137671
42278039
115237943
144831983
32371607
9950654
140907021
125852095
266313538
14377745
26335915
12518168
21978730
53497000
22444431
319678169
1299330
1
23382945
76253955
14710087
4527955
1405246
128240586
102949576
1
71121112
42529657
265724724
34013459
142492118
140216287
4515381
174258210
16112535
330780962
15182350
80645279
69747000
80214359
130954957
24131483
33671032
1
1
133978037
4614490
140070542
18835547
71768547
329372411
23299397
145941706
14689417
1
92345248
0
210924679
25975621
616884
104452931
33252330
62748256
69460383
1
1
13917358
125102960
0
95858746
168501895
1
108174475
257304814
314900554
37497438
9210512
123045516
82740989
105972915
291199151
2987140
0
74880763
40957934
297245736
20374155
4416870
13219556
172342099
37995503
174032701
71191972
103248050
156709773
2214288
234533233
69185720
78978777
89203201
38545115
35139651
56151453
68345152
40380775
68177262
8324371
7183972
158244944
174604803
6755843
407635894
166902085
74050717
66472152
25305675
81712834
55754023
68113602
50192194
1
48353808
12244148
5703863
4004126
25344207
86470289
159359786
3042195
1
112218473
224881325
100803086
139341480
209161687
9429103
72750492
249768306
371557952
46261380
84497514
65934846
4146785
24243470
36899571
185386262
90335248
339699440
53853506
32113946
151994497
310967907
46661458
39944740
32731183
26769512
225627938
82362000
30277482
161534669
284444708
60389574
113173525
247274894
31588052
143716164
26879893
102580895
106109438
179244393
4065254
47621450
180315687
48741691
58012869
16773269
39991575
250062413
90535612
76195446
90377190
54780775
150520393
76508653
10961216
116706970
78835270
13123752
48616460
6981403
45986424
793425
105523830
71790141
1
20387689
20440063
43392165
135321074
80547329
316044521
11789963
47969992
13207697
0
56435081
74615833
23120055
148827388
32057063
16530697
39948541
14951320
117778710
15398381
103754651
1
48982451
116049144
148982032
76384218
146150565
129947236
235780427
57905734
21821187
185222164
9841586
3495745
53290201
137085581
186538294
125330649
1
35324803
57754621
53273773
14702011
76647972
10847178
6068644
139483452
127122255
60900042
152394769
66247031
61316182
85099629
45510318
4667302
57545064
97122151
65063145
213484941
37623235
102005566
121195232
75785320
1
226958474
43605720
20001783
96053911
24494111
33939060
26898367
1
180918526
449249765
81168935
6448826
28610990
196590148
121756968
43133787
39074353
100736098
59066262
128689088
27765331
148112421
30088773
77693372
310513899
103812303
126499515
374567
211616671
121972535
228866728
133399468
3788606
22156092
165947681
27635280
95291798
481091512
18750050
309103711
174558124
2772810
49224983
21329876
20703534
67973877
247016667
208609504
108680559
64631012
0
47030313
14793096
65060527
63908271
71796442
4117121
56088505
17924188
156775934
256726900
1
58754602
133258858
193402159
28476398
113083149
43550054
37434771
11496431
161674737
98483796
38175450
13016709
13751801
33237096
3644876
1
33224250
2996650
120511759
24056091
100956741
120255312
85459120
117531418
90961247
33485778
31139112
58988233
54095190
27374198
75145062
17389457
7729517
9689453
68043313
8802783
11777946
39990754
63173635
67524427
29677077
10138614
22401528
141169607
131363578
57896971
20048746
17706120
197113728
57499485
110475089
52159291
119212160
114563078
53831899
25310446
15781196
10455431
12879487
164736613
2557553
161949111
125697652
60223181
81058175
189991584
159057574
11037042
234479288
46278939
121528049
15166670
66172735
0
449251
32346211
76283179
92446526
75510730
173423437
139369157
24659402
122355436
58275987
27798172
241962
36548818
1
140000532
44063
142778750
18909751
1
32219361
57842254
91508214
86377053
188786730
38175573
206916486
226995599
58976933
115546423
22580450
260859377
352136510
123959513
39951113
4267485
89470260
45949606
102093755
107881525
20695957
105324990
443260465
48182512
72535755
73829991
94350672
37747525
116238938
9150608
21986410
138756796
150577181
4251140
117335968
114675265
24447424
196048835
167560498
183409419
40097622
191392804
12815325
32546288
76855602
23467544
312568147
20548092
55866251
44653441
15685096
156385845
17620955
45163784
87558713
236378779
43963126
132193482
742653747
169415875
245647762
249721
5662540
0
3312645
22144324
73909812
212233342
28090633
1
136279897
158139238
47645116
102999951
169869015
17309406
22727461
107899517
138001830
6570530
114673518
93990870
13368600
4007332
5538175
63270245
70083718
187723707
60728636
16632967
107061554
58549511
279519475
59557459
477190366
69545473
161530814
6931432
122924998
86043506
69828731
91191759
52702988
172914508
67507170
152702429
167737250
99475391
10001942
0
75829480
166424941
22075332
50450214
19373986
121629327
209596055
126073401
121464076
44272585
20072718
33645918
1
55678703
110405950
128526569
64632646
26443864
164753476
20499702
152048036
154299871
87172435
12730283
36057148
12476736
87856487
72453091
1
43011849
226677501
91604209
109373339
145339502
73620472
106167058
165006215
179905792
128235
124135329
18043361
238594092
274114820
61624051
237733785
99097591
186358479
169889289
1
103382414
49917150
32731131
132885249
98384939
122489361
6173392
13598243
80483772
12426985
24254842
40002372
17751150
24996664
12952984
64295460
99542964
179034441
43420675
36530848
42886087
191557450
16660484
158033347
13954548
127616395
182494926
45703768
15547740
14604949
14504923
1892410
37220504
59064058
203070490
234611931
97014187
385620322
2193347
57617742
27209121
41456327
93187264
43188018
19974460
93168019
105592461
109559151
397939243
54625067
39680876
16062665
158948084
1
50584279
188884428
36111104
121953135
67016997
104806948
87930485
152355265
127635685
109319490
30532141
1
31346516
166543331
117338739
288614622
137268026
64315567
4403636
7140748
1
103419798
93005809
186877811
5357407
154137415
173789257
4133429
1
217485358
119073573
117216096
141255607
84374724
103026046
76983193
221367194
105339986
96886325
141038372
4224607
153695
111540919
83314711
10000775
133128273
34454099
258576831
54035600
52297896
218256310
171771721
101363803
9380799
387643879
31434689
15951068
34254543
14633325
108228554
17492013
425529585
24489173
60078271
24448161
5319934
195610175
67458254
285668754
30859499
48921823
78960886
23980745
75337495
92844042
118456994
119498403
91865196
143167183
49823379
244802496
1
15014410
286694675
32579871
156897473
63119447
217073632
194410940
47585718
14673988
94591487
112730975
18593342
40926721
150582461
229206238
57331754
56137711
109927246
231013759
228975431
13469589
87522288
104186872
133099764
1710311
69300250
80649045
78681278
87560694
5460350
16635174
148219855
15093780
112385152
100248824
7113450
92897342
151173348
162671807
29229906
30548249
79931741
1
94897243
13314510
88958699
58657383
68638587
17550189
152793391
63969280
57850196
38511513
186363418
170994561
88443383
16576031
30940759
12495941
20392321
162335702
28971840
22458288
25288180
70040642
35248281
19964558
160225235
69140787
46127530
321663542
84938014
160400443
59948464
257538962
23133963
32751265
104827279
18003918
72575455
1
111568191
56257396
50396488
59494017
57127169
73950415
100134231
1
42580059
71148596
117736263
4452152
172747847
3719231
106314710
39123655
117315289
40097877
11719173
43446320
64529732
56596196
54294213
98546079
43345713
42783677
74024131
2076741
26410270
1
71358538
902539
52688013
197270005
81185064
12325836
79366994
98202695
37680683
114930946
7075578
39802382
32518854
1561593
96968080
0
129928331
56517786
1819174
170835847
192043087
70673377
0
4073690
157457945
142073882
36223487
83380594
193904855
256322720
152953887
46448813
14887910
86650182
53432951
3580097
159339944
46919887
40491546
208232805
71673376
10182121
143263712
3441565
5681771
60049582
114647654
5039975
123329954
2873655
110318970
7459102
118545617
1
0
96848783
125312776
64843888
103786854
163266968
60331744
15883602
14951035
106305665
68221227
208187431
158229736
239636425
20471920
1
119523952
171243078
31264073
258930402
35272292
94695626
37301803
211515121
49401621
2515049
64023657
0
1
17879400
31917331
312375
119111602
110571043
133134131
145467649
77032330
35533312
6620632
1
123791715
84078370
24427475
118866940
37943373
101803427
210662243
17943803
23262928
34464690
1
51758523
60605485
46252509
82606485
54875236
18486731
70508676
111822159
51681588
199875165
45122582
1
205064999
227559379
45092813
3923269
149215624
3018972
79780711
106277174
181488887
1617176
20590554
52952512
13639185
53067805
143320954
54760611
21320812
413167933
84170482
161275290
156994524
32899608
132261491
130938378
85899020
83656255
306252857
49796971
17610510
1
152264237
231119116
25951959
18571569
227244277
74171413
0
123229232
107819532
78119759
36752424
130926917
0
12802512
113016329
70900896
67274893
34993241
17630723
59853534
23983935
1
28032853
59102383
76275145
41913033
68629961
439526334
22537244
158656623
35937366
11332505
434705617
153141860
305337198
23915895
158441375
111290285
1
9039578
1
32436327
1980382
103313457
251866561
34422150
121873414
66084754
109937713
53460741
302558020
24249905
44799555
24629578
50434229
27012138
801358
65550290
37934757
45550106
200483358
260385870
110413605
21214753
73176704
14058554
18623431
25871
1
90551275
82368008
264322185
51882634
254674512
42259135
84825668
60251249
92674027
69629712
192485202
2971384
146325967
91455856
185830168
113566558
27458469
115761348
46698576
152790386
267600234
56561793
34743121
88029554
29304175
24031563
42911904
282006810
113145718
70221781
22763406
13008424
135359710
79282459
142084145
341928067
160457883
169637909
131861251
85827082
45545511
7204922
63316939
18355024
74807504
16804776
2932739
148095804
976574
125573938
1471328
34143922
165258949
49187108
43456561
231938261
151532824
195175401
6866452
63481668
98724851
24669472
138030848
116789421
91379020
10535268
104791751
82574919
390427374
20662611
1089350
157691261
287344115
271821609
1
219137923
49880007
6083061
55457960
29700024
147551544
152011684
156248754
100332846
342512122
15148520
37281961
105410687
87501626
166834499
421071
69826890
125331763
121515048
96276366
18479763
51237652
4216424
52956136
65549495
73416370
9188634
0
15890836
150561768
69631046
11191510
6046484
75807567
4039818
6777744
54321016
2853597
1
77769053
39422650
153208055
1
141930020
206539161
94138645
13724619
45715309
63414762
3856916
65420948
15633257
0
289442519
158766050
0
50035400
160566617
44348610
3391038
59948476
257665105
116732146
171390809
31052758
134750848
122255265
155805991
86170707
209285306
454112354
279822377
114541653
43481006
111397547
53367423
80059120
93402872
27526561
1
139208571
97530261
82959442
103323708
229763670
56269111
27524526
13469919
74190323
30131105
245742113
76152333
113684782
51738038
51386185
36213974
56991085
24586936
31013008
24761657
236654422
82350182
418485945
182587674
107911056
148092822
42783935
154566427
38738558
21459327
19000157
1
32058335
82167697
188277207
142171456
26308136
70671119
4556462
1114043
134010964
731799
144981647
12407932
117473822
11129107
34145355
127311961
43007227
104037902
23935777
1
235002193
55419126
239078675
66604411
111234491
121965355
3340263
217488856
41091851
364502644
1
136321566
316321227
2474028
82826246
73573939
22752662
39504892
14937315
37373013
52188473
40649073
67155058
43442101
175479426
10999392
0
194502661
160349451
85708931
7056237
159377727
93870274
9835321
1
110535836
203936385
42759951
265539851
128659418
584102
146171988
147879980
26861385
14928312
71866160
21053835
231345049
453583146
135699382
55441467
4919488
72426297
114801175
125234346
16217482
70418143
148423094
206240340
78809959
105520561
15630457
156056730
137055544
832222
70023740
1
322011484
170189114
40957385
36644943
22377085
44102099
19860314
56681202
61276790
12860234
49315139
216686367
71311757
75847944
87986999
25940071
79677548
176725436
11044925
115863920
284648483
69112803
2544404
45601036
146586477
118234319
122430114
154421258
248331898
5031660
97368455
50121256
116828601
20214962
45603670
78435214
113043571
340887435
183692730
92344351
45884129
205631565
84332314
303017871
429028453
77670460
49263325
34636850
1
28138027
430725704
1
19694049
78482756
62971235
61843605
183189843
45147923
93920095
65003734
28525238
17299809
100184527
0
410107030
66410456
61250251
216463629
360363424
2251294
85309548
80141456
44802188
478758465
32962409
61636816
312660569
976473
271919495
62879952
27686244
5988727
141180224
37965115
66470174
1
91541131
41859955
59352866
38716433
9533184
51955675
8536428
125265894
46429551
353297173
66145135
71040035
50759784
37478781
129023177
147628861
34181209
39133198
0
281747283
75796425
28614170
5221299
17740661
41302411
33075871
0
13510764
159642554
0
56951412
4579492
22533633
43321643
34766540
5734825
157972128
28014446
1
147627504
71713143
27873736
31054475
128621138
79039178
0
1324792
40004781
228232088
1082030
0
250645259
0
70689366
64222930
12004238
1919600
276918098
5035716
176063062
21127063
8527572
51302457
24399351
11983187
129330939
157234890
93095389
0
12803983
229297825
48564156
28980305
33411421
103707426
11020759
404886638
71237185
170470041
1952748
75501503
130332998
54775427
251242999
227990924
258208023
115587749
282296862
66072030
20254118
24539215
30120141
3149836
224496493
127197840
49856361
36871967
152654689
33585406
14225083
87355955
92005223
51157299
37023404
177900425
145848857
256460642
18532044
112391977
1
478285
119250507
90292307
17037268
120013036
115656503
188712344
50792729
115028020
91403546
121472185
54424931
219363628
57562404
145221596
109071161
50387027
46106053
53712994
21714304
102109326
46773781
52579417
385871787
22032593
36710051
490969
43655873
36558286
92457021
73614018
512851363
20699522
7470078
157304756
39714660
15965515
2028720
14517341
23531025
213098416
161764073
74366170
143511168
148357807
37750449
0
79854960
116343898
60413250
66870297
59426734
272106924
133802926
11179402
3214511
99281274
124479180
0
209929919
191119607
0
30354727
74336662
12238509
19892023
37752159
2409209
50510446
43377835
22253248
0
560446
62778642
162767020
7276005
14700525
39027241
9363045
3060862
15952622
1
78189248
74943077
80456275
177241245
17720242
19585827
143583384
141183207
74410165
122196911
97207214
300075074
17225229
242619237
396105531
800887
15452923
67669718
154291053
183450742
124104318
149461154
30401636
4939856
221834822
434800171
79580973
22873002
37745129
1
64963466
52969662
102070155
74901289
33992158
2429425
169607852
93588225
225540895
32793173
88364568
63198532
125093402
54697072
48055639
77271737
277967221
73345800
242973197
36486708
133102534
141907270
38772553
144300649
58746778
233277204
109995419
302771562
307250804
36773471
211698494
1
284459027
167268717
30990819
1
43775750
315325959
107977339
20571082
9829027
15452650
58841387
1
33669296
175209796
28737259
91276865
145853211
5734554
159403079
86210081
154439154
1
16190869
16132849
137673601
4226851
9780136
36419377
76273768
41555193
173662410
30503331
188240600
11271701
10619768
185859073
23882917
135227007
25335799
53297163
5060313
117429964
6367741
67112455
36424523
316750077
88329430
15521940
87121902
86627031
47469677
38525454
2387582
27134763
25746310
67811195
51649189
67700189
79166234
1
35908436
38869936
5850139
196693166
14398171
24509697
110714108
43917635
44054671
16789355
76246422
1
50290282
4604503
135126705
191904304
18824081
5437453
117251607
3841283
45339688
210920234
58164462
69337822
47931833
129739616
15948263
44007961
81783406
508015
66294968
53750825
26925590
99292556
230906986
18527915
146594891
1
28543198
72275769
121464222
136294954
29248572
217633840
50399026
84491687
167871992
7993907
0
181321621
144336581
1
186621336
1
108028420
138162625
104514301
120144067
20110169
51672
85147065
56401650
237797595
12125442
18517654
231032985
4855018
144245826
32427973
50571206
8327267
62482686
36069802
16124025
31540962
150305789
212546180
50129982
59179251
23166003
47792161
116396357
142938756
7372988
78323042
14370776
5202920
184461793
65970757
362694577
8493383
95495285
108043083
1
26018082
100443606
273027524
322640033
115332898
80254900
11154712
39275752
26355621
51187905
39107679
146009237
318589802
24399613
118961049
103365973
26627392
149212050
89030404
67412407
104367319
14718555
9151173
68994473
182528029
96799804
42239237
130136021
35588006
89717090
34747513
0
162122566
32325258
194591481
99076620
41334823
37500970
82214587
64734614
6336848
162762826
189067923
191220346
126478486
42056446
40600384
123222737
76545618
359632841
57417088
50989026
15929684
134744531
53138379
24608958
113700616
1
106382799
105116629
131799176
21197297
223055615
62149616
63221397
31356661
60684584
154279840
271141597
66824354
174479065
18728514
232943128
970702
90209945
136790943
58270291
15664478
33722026
32233907
148805103
31267355
50165411
37268590
122456555
1658716
64963028
42804091
67044362
82400846
65218222
118518674
99647515
1088578
59501686
36990336
55277636
21379873
82735230
31469341
188349718
174104192
170339958
5237410
88743908
128131680
1050415
11594513
864703
30268738
110642706
126917373
69093203
13056591
75501893
48563321
1677646
2004061
169579546
54483737
175268434
61827753
121379999
64528606
101308619
40845082
120799057
13625622
59622694
0
279145750
142802074
58980440
410581883
45371518
57999721
0
55605186
81451781
63257156
147988191
80007641
89508459
117967606
106777283
55739024
71033585
118936465
96611391
229225299
0
55229783
4585687
159818838
77494273
2700851
116041774
235523796
37451173
1
64951507
15896212
44244234
87163094
9891580
208591820
112567296
38121967
88566638
34040001
6434521
11500084
11956310
90079668
70827381
119744722
14315912
70375014
17394204
205496180
97557227
25389121
122740091
61978210
50167837
78653027
37407407
63692662
229646895
14528503
23466830
130382535
249780130
103105020
172446782
21177836
66507261
34859826
193812010
232049385
1
112024419
42321169
87239174
40248036
24882796
25255288
383383767
69925789
13916576
69310367
214222537
60195727
110338790
146534876
61190571
107020767
2025538
150227288
80097469
236695864
27035680
59115437
100360379
82877647
28638586
42920921
103457071
28791620
38376947
0
18380527
83022517
41147333
109993791
71948695
203953776
278311466
65467204
21807341
1
34166807
8102155
86546830
49221817
135494806
204165814
35562216
43023909
72665096
56311159
31495196
7556077
300179548
47959928
127620849
3591989
46991663
215058637
11480915
94587039
106742687
2881301
117190661
1
69173783
11480909
9967959
40105730
107841924
186202181
53588763
128979566
106599755
60723247
16461914
8303797
59749274
85784584
94146274
62689287
628220964
8129170
34388324
200157818
256170326
122662655
31906688
77793545
95659484
0
11274586
252650409
5372644
75763013
39853768
34772799
47641876
66600223
79426851
180641837
265142443
76039484
1
74966901
70798026
156146968
278345324
38384393
224271516
22948881
166514979
102706926
51519675
31312439
236190281
2265880
36492571
1
23656873
48001147
1090223
37473189
135722678
1
88040786
123922955
86860787
113856740
277389571
38184335
107320592
60158260
39957071
7608826
28098532
43738510
58222491
27620277
1
29732516
274679988
61426767
106732316
204852433
2244855
74468354
2945593
0
75993354
5922138
74035560
41733419
36270745
107071852
48623902
44293397
69531711
129661068
70178967
45636620
26765785
27154016
183754687
126478761
23959157
11536908
5589453
71471505
174367048
1
162284375
40951902
200981677
97123227
48568187
137044561
36234187
26698941
27776125
94139787
122633776
39739885
75109089
63901694
259728707
37905542
109240327
39449290
67904014
52899296
166029336
1
115200972
38737974
26345980
103083345
112821864
43885576
97684839
40087001
11055034
34400722
361905215
128329810
185232045
72772467
74859879
44771012
469079846
68353539
64601512
32290192
119281248
38734294
151814556
1
272226934
265001213
33302038
103873868
80083010
25863494
18185845
32726883
49749935
116872417
213173618
263168384
223806650
132528673
58003633
921327
50566254
176037287
14451114
30692226
12113091
112536346
113054924
110734682
25427279
109916695
12209461
103048664
26061575
3551073
159465630
26596757
64077074
50455790
268779765
1
159677615
106337350
648078
24825796
20167259
45510
86534579
1
2383943
47776940
4771523
110915
96685235
186805081
17258952
101806744
84500013
187156528
81837306
263778344
80491
31255530
433966558
37932787
255472064
42284676
0
100219841
474244
55139714
1
49878287
284154793
1
26596578
92259649
1
1
154105356
149539877
77210604
19964938
81186221
207249098
56958505
56443562
88635050
29904376
20956143
239868088
154625320
95397427
0
225866219
72684410
172524635
75796141
47807382
55039443
124545505
61074937
36711258
85299622
62571839
263038035
46519675
1103046
13051014
1
108452191
83961779
68346873
110071490
1866277
254319299
69154159
46269846
63147317
136331911
42144087
125320927
204123120
80319209
100611941
69801111
112794038
291771104
556501740
25025085
70201089
43215734
255628394
185423431
361241371
219613006
83256356
149114054
8620520
18950766
84052971
37443941
6114643
37585080
20868312
165605476
4042661
299979895
12356523
155189721
45044637
139519154
11519653
1373246
13989642
1
142295769
23656510
41073851
19080896
2690847
53235599
229492233
17159609
45659690
15620368
132392754
87602849
11405166
107986753
98165375
11184583
3585520
2448586
113355775
4621051
142787853
133891595
98791247
30099187
75891257
172638514
70375445
81233810
173942516
163179036
93029453
67869390
13643250
17441973
36852420
0
74744520
225875467
9767117
111088081
95614170
92810859
103734718
66828478
218474913
70750086
123186655
14841866
162006803
141223285
155900366
93613741
80046492
89061028
97919892
66422891
198752607
155340166
52491414
44577345
62177220
215038188
3316619
17773386
13752508
25300171
91752934
34588170
50707056
25280745
126522360
78815650
63607623
177321528
0
20066456
35861702
10052703
47845340
121544806
273534954
81322777
14451015
3107781
7214706
9148096
18984732
67714045
124413474
109651487
71262976
56349530
439639421
6667097
11602050
193040085
97075244
17510333
133234140
22038988
133036552
239522931
148088161
40208711
56842167
1127598
1
106692104
84848024
339648570
25582671
28552442
107101903
62488104
27737521
77402132
46191304
43045531
181928483
175117726
147827630
1
268738586
72858896
58361326
88203189
461838158
24814467
43850563
167842985
159772904
117231098
119654621
81337389
92290530
65708679
204827
32253447
126598934
236784854
188611486
86415736
158435982
150266526
290634748
11962869
149730165
1945662
302186540
20873654
0
126043252
7120562
137994217
45302016
20001345
107771696
58292059
77705131
51910447
184362203
13712344
10205896
328594392
40961575
5838539
2513662
17387135
89475282
137777108
79315115
36414693
5848189
133447134
102265735
120667994
99119628
145963485
13113425
75697559
212192244
79169900
133118397
57654019
168643751
31469939
107249072
67653625
83274785
44621619
19888064
11962136
89125211
110556542
254488533
50422590
0
21614873
16752991
120427879
834367
44355270
37660584
65713351
27650408
142685827
76482189
29369198
25136525
26619597
8545261
0
62434493
84989549
18969941
69803614
29761379
388477285
46586909
156465725
147108604
58660001
37065197
141609117
141116587
5395123
4189075
23235732
14045689
34101661
89526761
54473918
26406240
118091471
68821904
115880901
76923200
145718713
11300987
26516384
1620690
23356673
174149646
113515257
129888091
19423031
144111588
14080887
23149077
141810046
308745
121329660
127067382
64878268
5380119
13151229
584212
111805397
216524873
14571476
13603436
150804950
106448836
38443226
94745173
107705552
182662128
108468943
63364510
33575534
44896208
49087763
44710627
30063849
24361338
109913316
36934590
381505287
33578085
67691948
12278876
70311567
55034665
56750235
158566277
8973253
102439207
224125898
7533688
0
84832538
138262684
50221343
81117756
18003624
140875263
7681472
155289801
19730874
265414354
342309062
74127297
0
10581085
298329828
117248263
72363667
90681433
90008880
22995907
50080415
76406228
48797180
0
203857913
40235288
14961669
18917815
4038089
223048752
36700135
37029776
113031351
101841973
95314051
9655819
224643841
72428160
64072291
42932346
167421217
15310701
2495140
164270832
21385975
49861149
41096493
56926503
143242406
21815241
1835000
206405536
37886723
4213327
38091456
234190893
97897750
40636233
79450323
220661654
154905119
10955923
104415522
46070617
16126100
42967280
49522352
7503214
47887892
78629605
15925626
110896476
42444954
195688336
155347472
106747789
90088257
102763537
12450868
0
53250791
15652398
166386421
49714417
96830534
83911779
5709902
153502546
299998332
119226753
176532273
33074993
197867867
47381134
119899571
83111481
18564658
0
52646101
227960295
133835909
0
22030662
41831781
375355190
196230917
200483450
84730977
5903389
0
119337436
32098823
199041882
318895859
70930746
131480938
110990427
121714716
2329746
17269441
145309157
134107572
138805524
1
5991814
45804127
12724015
243408586
11978044
208812073
17265626
115789793
85581818
392231572
29699211
0
27785331
127390169
35904142
73671192
17247587
2807912
4094203
60578957
220714465
12262509
63222664
12136511
222323541
47416271
41629560
6740748
42328114
161678127
22324044
70838764
9271160
87543315
1825174
272305334
42753000
150530545
149548300
47228250
7956288
96512632
11695488
117910548
48433035
4982744
5813912
127257006
1
16201932
146657917
164622552
22021507
160387880
45066809
18454760
3889883
129380886
35448211
44283639
3960510
1
15812451
269725959
21758171
152965114
301224744
163317200
1
23934394
209696881
128605104
211446747
28350898
47900927
69829676
21838356
5106585
155209570
66984937
184077008
54638943
41703558
2623876
113299429
93160898
205990611
1
53239698
135096793
9868334
59185786
178117274
143431484
76872152
72460503
5676217
35635283
52438204
42614651
31496522
64766266
0
189212968
133402991
205872625
12118380
56967887
7501459
97503021
177324258
3492043
98091416
17352627
132497435
50741138
31270202
30999354
136465461
108241465
65049101
79640126
36175627
64542771
47038817
83525277
10729149
63717719
44441975
40886656
96363158
65956584
43942684
76595234
123188338
0
641050194
43999999
1
181779790
44045143
28444436
126568770
23816129
74951667
209673561
61374357
1778329
50859809
159771123
59322329
8704811
148336099
134313820
158824110
4982790
204446795
33139507
11819348
11485229
44535074
9675408
74097791
51823272
63792353
78802982
46732782
55364800
114996702
44078452
115531820
36720299
32558820
25139486
70803547
114624277
251216430
8834900
58494123
44001224
19737311
117507461
146438292
163919831
297285143
9721400
77467761
48139556
135704094
26988552
105421093
59026680
18434468
13522509
50394293
5981049
30735569
53548456
119045716
177712938
56166722
197245704
610776110
118744861
15656257
183580409
100837330
10279394
1
149150104
0
23006262
13706408
72644883
6397130
33889027
238279685
52478221
54280471
405949267
158086335
23332877
26035061
56067560
250031431
15628466
38818590
95167347
109935957
82830581
350959254
557399042
85928973
26369859
103744380
210752916
230528701
44237608
1
26654698
201392316
133485403
326023191
14007808
158356541
1
478489900
95700630
12805736
198036659
2588415
431390392
72149181
28106952
161296947
16478274
126904616
2303678
121929504
20024172
20916812
177536240
222675533
32005197
7654246
0
106471876
10018563
122502260
0
123066832
101844017
60032422
68862661
273807949
96380436
85600639
245138490
48934628
34142672
10813484
12487048
79175583
27153977
256336154
36868127
121286002
66266042
46469428
46943715
185140033
46525777
68930356
36923962
42278497
1
253263393
87959293
51448734
85154764
1
280857205
109100823
22448729
131886117
108383993
24405136
19734665
0
133437681
108808387
84468590
8962151
212522528
140569611
89106201
28450390
184958413
126418476
108019009
67105561
28649820
191653107
10128314
212021470
152373362
90002416
105082810
18273702
90255498
25565652
74595767
28701780
131952129
1
168584762
127168574
11484288
32798939
45714445
140184704
23020092
115122561
682327
11872406
180192331
105462091
92474186
90394189
118924788
33407844
20949299
81616070
13310844
106095600
196389962
115250394
452803237
104394138
16053481
53196301
25714051
0
47801708
6529625
49304036
182464258
76270460
5269891
30331666
12632711
90617342
143254655
111419705
12608820
31051976
25119854
74106013
51161923
232200343
135888252
98981686
86662202
52615798
111934288
123103585
73305430
77960123
37927578
141533781
321908595
67205582
6737940
133341677
77717840
95795410
9278515
5049053
107266235
183427089
130437870
221502368
0
29611132
1017591
27040412
66253362
4235480
7633292
47270364
324876784
25717641
65574535
87007356
72264766
26815124
108901231
1
26506887
227972226
65905488
1782653
123216606
75574831
133056223
81672902
12514473
378367893
148363820
15301206
127137623
135162152
15785795
45848500
37139246
30226763
63849836
176058704
45373013
30133375
207803292
279027490
13048175
1
26653989
403693964
81970329
42181506
33593538
126528340
50832445
80732150
64911683
167260913
67533368
135356561
74882235
92202679
79781964
0
118374432
71402264
94480729
13029057
0
125532314
33155571
44752229
4883875
16148729
38280496
63992964
111869574
19450434
16715867
44818801
60082939
31829587
113563392
1
32775208
244824904
113408923
39757132
61406587
90710415
169975835
93787987
331732
82910028
56710918
32621612
4490416
10774596
303964741
88947596
98087705
78327707
81762488
74254398
17878878
218783761
120485815
100555413
31584864
64402629
217557623
62451268
130223214
0
1095698
82097934
375569649
223159219
37787483
94165536
110621572
85975468
163933911
50217599
26422067
26945462
102171746
51272768
238037516
34085306
100565889
155836915
210387769
172166367
49781657
62566421
30601034
94107580
35992941
88322283
112847723
34946107
7031798
112119682
68105202
113652481
37165640
1
8015713
1253944
37932536
71161978
36365394
240760774
48588145
47543450
43352331
121906367
149671409
57247694
155564624
176568378
80051294
104430446
1
28731267
138907987
1
347167076
50182267
385714894
51519396
43186859
107167632
119101594
188351373
242570928
24629659
405210272
120615199
7584043
31270505
78827035
133529659
45787476
316181244
56366647
59329275
91696863
6289912
37392174
114522086
43043241
10144560
289996853
72906721
83763501
38944753
43922873
22326575
4413091
206430413
114795180
74678350
147954693
59871207
126001306
86621970
32420697
199995311
156237178
136363233
77477439
57044387
45194137
110972262
21789420
89234524
30101513
77854554
65553310
150433483
186395379
66027062
10629650
28919646
5546262
77385135
119300244
36723675
121599339
72355
86921731
293499210
169996071
75926096
24448455
71904524
150034550
54424849
9109126
61837270
110736994
32246273
1
76293444
83306096
7128244
243831583
68571821
24436343
9528361
411632234
7373081
152901137
1
82953205
72169234
44326319
48218313
90491462
50587167
104146426
5500507
24583709
14477033
1
180730445
182917633
125969520
79120733
217252525
35186568
43520041
17547513
148747823
235545888
52824523
28289256
51937267
79583536
123743279
383218782
65339751
17202579
74709052
32793881
58791331
43834170
71151154
102682768
23908984
1
13667548
83457456
35504610
50102323
31903253
26215034
167613694
150770156
200049033
85890591
44232255
20686106
243830770
44690146
239078080
19571263
1
105643302
50270262
388834536
511673
149896381
4289453
118977693
59177264
78904409
281671226
149284921
21422234
54358194
15069452
2302785
10861338
45263058
14115419
231459707
2008317
154555364
66015933
137170587
90320047
62165371
32246306
55559953
4027544
62165343
42459983
49158192
1
60764672
113608997
40625429
99305405
3021942
1
30841309
280952633
1418804
51837414
18284514
148708744
67274465
142838273
193182422
18317784
256351488
113798344
106486932
132384224
25199391
20874115
78895510
31207402
181940142
190778100
103911420
46299823
81341938
11077790
149585340
62692409
22898147
21474392
35986041
84039493
28810914
101256464
126494249
12408858
19674194
9093418
1
110623528
144507269
90452665
10016060
150554466
28420477
98239618
135297461
230796117
6162002
115365934
157833603
246283330
1
117480653
510664514
45995529
75495827
55541285
31977089
27647969
151118015
40702337
1410485
19982933
35192389
111616267
40230887
63832573
99894525
103595685
9190758
7804812
4659081
37022436
49395740
98290469
89510583
3974516
58978329
129642842
43360814
50727988
25536760
148958417
300182160
1
198076581
33251877
152135926
59900116
44910048
10011017
75382336
58411167
1203724
236728617
27382718
12892992
48970429
3067729
49813535
91134056
102489050
82560978
35123993
100261723
32423346
149777296
29432898
23950054
421427478
6620315
117853778
96164664
36004886
149668459
92480318
75245459
53958187
214417207
106486820
70600218
56009325
141199163
116130131
14717401
117150386
38681285
31593414
131924175
126382970
300581379
8056518
23354193
6540421
132468078
297592648
33059338
21661941
2174301
42551525
21402053
85271460
72889563
17543662
136988021
41856827
80529218
66561725
92062292
161438022
404735975
160739689
290545645
54059451
56383007
196210399
59648503
19613058
68766232
63248048
49867504
147601660
41393780
130359374
43066485
19497693
7571671
2219372
169949741
19878503
78391141
193001944
140180990
11826665
11227706
39866273
55598034
72336803
100918884
5661917
20565911
184453413
83048571
1187036
43649212
16431935
124840549
93647495
56206537
87842100
14674125
32578681
51185792
67939945
195515587
177801968
117073604
44376868
82419201
86090544
81533462
30482103
200718175
14823934
119492525
322253473
25187377
47519606
153027528
83829126
28448860
1
53843015
36769475
97591058
141093961
4869173
14930331
64878763
294140177
7395352
50234184
265502618
667920439
204296336
81181384
49114119
0
107427016
146099841
8966090
13897228
3507060
162744560
791659
34407100
161172477
9645181
52138929
275556070
49086713
95740309
159035720
129056719
119881130
147153230
41611771
41477991
152859990
2510892
63907632
217149104
378830823
176463267
282308595
201044576
111486325
125551983
229474133
132041026
31164134
220642791
165499506
276912177
312346393
92517638
50322508
6653451
29282639
37021360
0
27702672
134857693
74129289
113385841
91306218
131578024
111234313
8856347
242959179
11369675
47177938
76733225
10854116
84895196
206602952
201956331
5581919
43927256
122414675
203596475
4024929
2793827
27005868
44279434
101750652
74634845
220630675
539040160
2977186
71156480
157279954
146246207
2021547
19766488
18139551
103376450
74659768
185500034
97903617
51324066
178492603
224535145
30574299
52719863
54274621
1
134683176
48521674
397040099
123143194
60556567
16865190
38828111
198720223
644349608
17743130
379597922
11808134
70710283
0
29687764
57077253
42306820
186161352
108962602
112604472
135371127
41083910
16481233
79526856
21192299
68031139
92384959
13734529
159801455
62886278
95584893
256126682
79241426
80136038
110258769
20120640
225673963
46756747
1
62309979
243033665
39534752
138323223
39417838
31345474
20277610
59203246
88321001
15065026
281245466
127280693
67574644
32763385
80360698
67377090
28588362
9016463
92085551
22044742
2767841
984862
51002035
137792505
249633791
35053390
12406804
67599196
99414266
76864535
381767268
80556642
58634618
165569646
10399961
5100983
7803111
2612670
259820719
12083037
63481861
77687193
21463642
77631304
21028213
1
12220048
222795709
167625303
85763085
240931347
1101288
11586978
37970662
123427588
2901051
252863077
124536758
75771359
99515257
10513844
4490234
8101700
139602199
633885
21846917
4601523
130469605
202437656
29165221
16029722
82243278
19037797
79561043
144476678
105348909
11110458
197428754
91207790
39678825
63106265
182286910
56275564
121745297
78083550
29127795
186145292
29121957
169207906
17104275
291536926
95269568
142501639
2300660
25623557
5187606
261299183
28002110
82100666
1630117
63327403
211630575
85264205
181634817
72315013
81072126
346040643
49096022
51123902
42602172
9071310
70668102
2441242
6738051
11052750
1
189968389
328718992
71859170
113203911
24603972
72152044
2245309
35410611
2503577
148285632
1
99632927
225871862
209162736
26517228
111657051
38250222
212748297
100968063
407549
22261187
218107447
132500533
167877946
114239949
88045460
28579355
39226617
50283159
30338704
17289844
95350966
79114141
12043968
38361421
41832368
157663036
138781936
59747331
21853016
109581135
56598859
292310485
12090041
32689509
201767741
155470717
37871146
79775409
66029998
13901649
255574838
16718857
110257364
255886825
65021846
133205887
214221920
151731328
10952921
265693272
13465079
6242976
52571552
84629894
102373336
1
286613710
59771054
139977011
0
21671348
117991409
1
76611972
116827620
272706211
29546728
78446635
83541263
63227547
162794860
141598707
9509921
202328276
340843
94520470
38554708
116594407
9870610
9353554
15482393
42536722
85154603
107729382
22470593
8318153
36690865
27342394
19587231
10959046
129668119
41470818
17356929
351918125
64324679
96643102
0
47684816
36685718
53165485
94998084
174558892
4103294
20185365
4547905
69353405
119685550
7621300
75803828
84546508
30611115
1
5252258
0
103078637
112169993
28831232
141108616
15452952
153583746
109970047
94104829
13719685
134194794
177631531
74621199
1966681
265620665
35401445
8035404
45074712
149251053
116875108
47211788
50594339
165743147
239808
167161203
7465980
222110207
185203090
47484992
137714831
36588808
103578987
92756039
1023014
42554687
86787798
348466491
17155883
127861616
33864706
14456522
92351209
22725775
1
3350108
80366803
127215606
122679
34001316
97041353
8846991
133919916
19215496
61277446
44771364
171601151
46221754
1371204
49783047
24921974
1
23368679
2435332
101379538
181584076
11347026
259648898
45760069
222152163
121217173
32170923
25287544
1
65176469
31639168
86797518
318268855
52515997
17981826
310764713
50777074
82644945
72948081
65912104
110160929
16466758
8158969
67453617
160248834
74424710
192929635
228519426
284772375
100089596
1
0
147413200
96188665
66087876
85394854
197393482
167106746
40264783
2539437
143968732
239813161
36908454
163869308
53974772
73634315
102975805
72566364
166298901
1
149772777
205222314
199488750
103036608
429008417
0
89309560
120309865
1
14794132
31988578
6518464
11410030
31426343
248309075
285931463
70583572
50459081
11592916
61951712
59843319
1
52073164
44035183
8322745
127342689
48721123
69657385
0
111685724
64678813
61352294
218709342
200042176
1
91292054
1
45068506
114582231
22378021
237184664
12311342
0
78186212
197461586
35931894
56797683
54949229
102086396
61857062
130591244
134898390
18928364
226056380
93463574
19232780
16135528
16419670
36877735
1
110955296
89215670
111514170
36163522
32819113
20284066
1857744
148600987
4900298
6000099
199093577
104922204
50209829
122623820
0
70024927
3329112
141523784
81223970
610332956
1
60094917
96726845
98942358
118945439
50956947
58359337
136598861
56163140
306400445
254393079
99091652
1
144686174
63232659
44927680
164043384
8479671
34515919
18427752
5351923
114794695
67327849
35129278
196044506
66438191
407771475
97042110
98653550
8582268
9969335
60075825
29258901
98324113
12506415
70004042
11452660
108250788
22472862
20945460
39320
85823512
37338720
996532
126297406
62693256
4628678
120188160
9713656
1
39963448
259877947
174985336
5916091
17758307
391110988
73204333
17225929
6004066
86178395
42791247
93038235
219144311
97263170
106924217
79438894
0
248247381
1
77700423
31003904
38239191
112462810
80480732
15429362
534440150
81519529
149351564
40509570
37167709
550899517
39475897
68637613
47974045
173616265
161123042
271587283
52484534
75809767
89405632
14662761
17648850
4727278
1
142675781
46812860
5965443
310971804
9563134
223459950
85186733
71947410
23346554
133557111
197323915
98558903
14431764
94092200
948756
306913176
140195143
20152186
42751595
52471630
67259329
98833157
2886075
132549577
41883457
193986115
111620047
70304386
10176364
11968591
52794546
3012745
1210069
8690697
172977238
49167319
242120480
118313840
187303175
54534406
138019985
37482905
37692198
99844013
184858425
55412775
1
204577095
278358044
85629359
35111428
3184875
96587702
117492349
291596981
48865451
81046744
320428802
749735
121177830
7387389
299331968
144166990
76611162
82558384
113311597
12285848
1
66847548
19634356
19651490
241451350
1
139318558
32657037
34949750
9838908
8812091
8921253
113633314
29593
61260450
9435495
41501990
75058794
91266312
46086892
119981289
66956630
29645234
6799073
82810099
0
139786462
111998632
56044050
90062857
30747934
15034808
53403574
42380495
41555312
7577077
55629974
217949544
171530240
36086844
75416255
43144878
170460246
44631236
1
101036765
148131392
185902226
52590868
1
408577675
17202237
96481200
4536410
140337457
65071345
11854265
186304551
58317781
3560744
30573112
102833217
130847974
542719892
73353497
80749125
71521095
73471906
105781557
96211157
50875973
153039715
114889447
28020460
21770435
12348044
87879376
338315874
38882510
69654149
339145109
0
0
107110183
1
11265704
33545173
76894199
3811012
320938421
43908444
1472061
100031112
171246283
198781333
17348924
48995142
37464787
148017877
63318009
214430233
7088642
148235604
0
8699885
4950024
39404124
49275982
65311874
61326090
97309463
196872585
77681739
186509028
508447955
171082002
39073031
66148063
226462229
38290127
25952601
28968888
2311541
42565307
65727964
0
92992494
354381866
32944430
90692682
45059350
568119712
131273655
125541147
319264341
42231540
40238815
146344624
150011493
122629175
457357928
41313962
140199597
81105043
266047872
26755987
18067768
40887135
275965367
98410064
161125889
500206659
102929169
210146285
85945830
278615
1
250018224
152280926
242950034
239072664
3973300
102342620
13444174
124577329
146588617
31912393
2341026
71143144
10880301
8835237
19227057
52635811
8973634
354597938
171264551
298129652
146739541
134033373
146502693
12780114
51092739
68246224
35056758
8358255
37122063
35784498
104633931
33973556
59695234
94346762
252540838
95782858
40596175
90343629
66059498
59198440
121602163
28871678
45585369
126880566
34542781
141492913
109386058
150834617
174732337
62113047
5869141
16690243
174956827
15156895
200161901
135743313
174323808
95567388
511909221
50915001
1
60066457
80255470
32076116
54864782
132869674
34434429
37160522
191567935
217858122
177598533
5554657
13645397
43938895
5305915
79011725
13296658
1
21441710
17289585
121587254
58411799
107107259
100254167
84722359
119081182
112371514
200710339
2910137
210915613
53376123
88052806
240453068
0
69802875
31246310
123860055
5815838
77843460
2298506
203666154
112941093
7202509
124123239
144824409
242978565
68844980
86479145
123960947
187161423
90826609
40290499
220877156
96098443
8265769
246626584
320530801
83732189
27780646
307997
9567417
23544752
52954374
12492065
30618088
42874235
115693213
335019
7222758
72715719
11638048
5928675
8648984
146495392
69800071
1
301183313
21005540
13442607
420128002
243552277
78906587
3042233
78767191
25533877
56435011
83526835
320783034
57408647
38873875
33089673
56360080
98777007
0
41015879
129233168
351868437
60804424
64857704
74666025
125038233
196890215
92448713
104242284
87482607
19021888
86443901
148313709
98938189
142860945
44861143
149717997
6756774
298745842
7175410
13507469
12382892
348768054
73241019
8590254
5096466
6494565
37177854
580161013
234215481
155298936
263445621
16925745
22098551
2214681
88390865
159927837
14568330
98800397
137818130
219615292
119737404
39500264
119345436
58690338
1792039
208866278
244590848
145344112
196844267
142635381
31762727
19324313
42662778
198567459
109561832
127168409
142004283
422318704
67934897
60992047
259231935
30050234
85714768
47226478
1507491
72830105
74105799
61762087
102396177
147718990
175785942
212259220
17750389
165995430
74117698
106542266
19027699
70218962
223898603
85112572
388989464
47712207
7102310
100128610
46571505
395180647
62175468
176743114
145271324
374375074
115316603
59338234
81213848
105933529
6863954
118349402
435923303
26397112
218702013
140919980
142572314
201310783
176806507
55357701
13720541
529159160
145772579
67547323
6742773
94023397
0
172271277
126650696
95365718
134692029
9104565
190508555
219400023
34646938
63588309
11909909
0
90826012
120352886
27183293
48412119
7472044
15950023
22059103
92964449
44932949
34283879
34694510
1
49931372
111520474
139484629
116099149
12177955
209551778
72204381
91346482
81093286
65734145
124533061
169558666
35211953
229876181
59790609
42583679
73638680
186056517
35812268
715080
0
177216275
21145610
75229358
291712467
17692197
249002666
95484874
41098242
48715450
146681767
29220817
411624829
175074330
27969683
32385107
16326191
1893604
7849501
1996444
44624513
0
122716954
109751055
121999830
5710877
160026661
149863202
163248983
174467682
1
59914537
60216966
85174049
71689473
23266568
121422545
11985180
130658657
109449254
130526517
14721829
96953139
1
36838188
33065268
38453989
58422223
463106169
114184817
24710436
174161461
134430651
73145903
62945128
91185241
74142858
66633419
1
16531880
82071636
67769570
63826289
17935018
71862230
60883499
42755277
8822669
46822952
12349034
202896343
263483352
128095585
21749706
39547549
3927569
184523842
24098099
89178641
31918287
180780882
56302001
14538413
40580885
117834865
63118346
88231207
204536655
8872575
220796724
74368661
28677575
162442532
37575138
251459213
62157435
67038434
75004393
118791042
5424865
387411
68948101
32078343
29745369
66078660
0
43818430
116336672
11120848
16917884
31369459
61502552
165115366
263567243
126081004
3106096
2737322
42463557
0
71088411
81954202
66219080
109356075
36495012
25058892
1
24203406
377973742
106339475
91518327
174667190
1
150935154
151014671
75670733
28347125
53954875
2602831
22007360
233740070
7821611
109780686
302896328
116108149
20786590
77005254
2627131
123680681
274222258
137448050
712029
178334018
179012298
20073891
140632545
60916036
2100010
39581200
87171156
39415362
30111333
3196203
12073048
85865656
28423054
210818939
0
44762940
69290069
134243746
102026327
70696050
36235701
13629950
18084728
61192556
178683675
30353143
100185605
195916731
92346657
54600523
160281180
242956680
72484055
61601725
120778080
58037422
26041105
108985576
1861525
1
0
19034835
310040789
7746755
14749044
56204125
16822694
93693552
5181070
72359338
221256870
48646881
65082439
72518666
33565288
31064472
130763780
65840461
1
162555006
178990735
72208581
153520866
147855956
148967783
31721122
4741053
142206542
24627164
173646128
159755861
88921508
140819184
96486757
187387624
80506339
69650848
83275
110758472
40469986
2761163
115567144
101773601
23972040
127419247
146191675
12919131
133238952
14358346
198245757
73362644
151736391
21036553
142866779
559098831
40669368
115441281
2738270
1
57866371
104508565
12610104
97763545
145509687
4282068
11741576
36840613
5008290
5843257
205350778
35554606
1452595
227650784
130337583
11586942
50378472
36367383
1
14580080
895343
23374835
103407173
14910329
74866302
73104296
1
29175248
57797117
11958922
69915768
65476692
27370201
107929464
122094721
14976914
60152034
19517463
33754122
102923778
31170454
0
271830316
19868991
3824844
1
98492191
135805723
135441507
17380357
4071119
45633581
57194878
47577619
190377997
237500250
18778122
77098558
35164385
787015
39803306
171437246
236262404
6777844
74582865
174290814
14262314
104523507
149515636
449114698
17025905
164451394
60144963
37531665
24189466
134438020
46808671
32067018
71668561
63081944
95625734
10334200
100961570
117123334
33280469
171751487
16074241
0
34715443
78132530
167103533
158759102
54207602
62488362
364921666
214918029
15660800
122478283
11760538
7135145
160760412
44439786
152539344
43816104
619343848
25980268
159043050
167863267
53077876
38453402
12566431
67039572
99704542
237491413
62968442
41577387
1
36856956
67646276
11095709
15454343
34262277
108488409
365159676
60961735
0
2952540
95361563
73326757
112369977
101538740
365178209
172259112
6192520
686120
98693175
142394835
55812483
96153251
59625299
18095248
445330849
17186508
277088290
424157708
34566594
57748106
30685662
40923065
99905550
40927711
10270490
402806961
0
613840313
148469998
108642375
127156133
20407485
4025577
13878666
22822680
268659924
149095706
242402496
172746910
7395443
49395684
183632619
207041325
151551851
202475907
56340787
165967298
33107552
1
86277502
157677187
4257208
120385682
39947012
9978451
118337209
47949721
96980453
50285876
82058390
80560946
59822344
38690257
48661821
1
0
696073583
247711029
158373698
95000013
67386263
99922165
91702309
120674428
284663797
34075849
16628399
130735805
106228531
605499582
98500864
11977108
20485835
15957480
94784359
11310719
80918784
241761734
164036353
301759307
45506450
156220263
51425385
141256981
1
50464827
472632027
50298851
16000859
431810869
2265467
2853527
17158434
42880713
113617866
47902804
72503161
15300777
2850742
142199716
129013618
389366149
252020798
177799845
96042868
120727976
41215221
35749849
35173352
603190180
174080751
17691704
66635050
52159800
100272394
120821640
36993589
35871850
130047482
7688536
150054326
73431045
29824846
55743032
59277540
80178135
196968460
13135160
146801511
0
71236579
68795874
128806403
24393491
958456
100184191
50108004
26247194
252779144
24381846
115553371
1
79847673
27656596
279315232
130226093
110049859
170132381
99629340
7215579
135450010
36105155
14088743
86913183
142787559
181643467
4962740
194802481
1
180816904
1
363090374
244842369
1
148241923
86533519
52346296
74161076
268517303
36256801
108633813
282666149
34075861
84051164
213500528
105208927
242191743
65682145
4983832
19666
37401023
160174711
59926905
50852112
160738060
46559719
24257032
6578507
56020154
55723631
137669947
180299362
125554399
7031073
27984803
103686839
0
58623839
95349863
141120001
111110208
48116887
4701270
25474106
2392925
31629987
79416992
73368774
