2478987
3820352
2283571
2940188
792337
3372846
957004
384706
378574
2685556
3261108
606778
1717811
1916160
1200791
2023105
251305
510732
714054
2804684
980731
1929107
1201186
1211007
1234375
2692163
539285
732626
3532125
620319
2155003
3575966
28713
1983369
2545348
736662
3903685
2692416
3525509
889046
2262052
3542776
2970933
881771
2261015
382787
2994454
1737011
2743067
3326361
5165943
1355903
2807128
2143033
3167255
3123649
1958975
3372618
1167903
2469874
3227647
1537426
4190618
394765
310958
2189163
1685203
2967495
3555163
1775481
1793890
789737
801288
1491484
2671422
2251981
4240330
1026337
63870
1139814
2570609
1917168
1975151
867479
964616
724011
1288580
1026758
1863172
866194
1802300
5133813
3108236
3316539
2797794
3261179
3888024
3547092
902923
20536
893209
1129448
3115925
435416
188258
3199280
3123318
896349
3261001
292051
3594850
2493887
924106
598361
2989758
2773564
863106
866432
2101844
3418195
2966804
475201
1908400
2354137
655922
644915
127235
1192491
1049254
760569
1177857
624356
2246693
1533284
1958740
612911
690640
869914
1138290
2102904
1827065
1802578
132443
3411265
2567685
3994506
639315
780446
2984613
2157109
347223
3541802
1878983
2686250
2295144
135167
2450326
3689494
3758619
259968
2228159
1157067
2762696
880995
690453
1401053
3077485
1081200
1445419
101758
2421436
2359854
2456404
1624418
4371140
517145
4004027
2542987
128669
2885235
140584
83076
1698708
1549356
3251569
392931
825722
66529
1365142
576946
2952627
5508238
2117017
1357744
2529779
682216
1572963
849612
1591862
2703078
282664
1556603
2512425
364091
716230
2354856
847604
1598411
1776225
94229
2901849
2870803
3479443
2465495
12740
2549687
3090777
1566438
517955
148930
513525
753833
3775114
2783972
579732
388904
2056375
2065856
1536073
154266
2323569
522931
857276
930753
3495712
3312976
1828302
3604256
2983509
3573661
1024064
11400
1982997
2483219
96825
202675
2607013
3309496
1196688
2509769
241097
4002774
305035
2891299
1395868
1593571
2880488
413483
3915401
3242868
843748
480413
256828
3696692
3301385
1783035
1818555
1308125
2107715
1431693
1299881
1738092
2478594
2632186
505965
2298374
2385318
2985536
4396408
1372587
2049366
2115467
667048
2408296
795922
3395794
2694673
710385
2582444
351691
2109032
3156085
2930228
2873485
2013549
4094606
2386203
2215756
2327889
1051530
1009791
603728
2392868
3034996
3565741
4001900
701361
1151894
5013982
1743020
444664
825710
1480988
2291238
901420
2869892
2706985
3700606
1129249
3750231
3634153
2909457
2991595
2057254
1503692
368354
3617659
2857425
2495794
174602
846056
2848320
581960
3197738
3565233
587111
5260498
160263
724979
4285004
3122153
2756817
686446
2768342
2602071
1133889
2427767
1849537
101054
2146989
1397477
4486424
326174
2521016
1760559
3253522
2113574
484868
247015
3247032
2067118
1736101
467232
1376362
2656568
4661736
1825538
2289117
2286316
2115043
2303311
1001652
2845038
2526818
3921974
3270625
1261128
76777
3678658
3220581
2894727
1961164
2670061
908998
4108702
1917430
338020
3405918
2097726
1444443
2760154
1637238
162561
3026327
1448555
2998157
3243230
3292681
1034732
37041
1201134
1561924
921444
1368238
1066734
2327926
5757441
795164
831234
1613765
471482
374569
330123
2122613
2487060
236080
4133193
1516997
3499744
3783042
3104328
2989077
4696005
386890
1701323
2626393
1608977
1014771
1715559
1260827
2762841
710988
230600
2527
3036454
2363570
567979
911835
353737
267812
1816774
2140260
2449095
3078294
3446040
1774200
1470172
949498
830444
780433
1537207
3231926
1885484
855836
3114242
1291366
1716715
3205059
1095096
2698706
3305313
3787873
2528429
1946198
932448
650143
1405486
3401254
1431982
3173006
2657140
2094488
1956257
522733
1591861
3162089
891566
1865111
2724807
1090138
4043733
3511302
2088804
3262349
1578961
1575762
1528579
236432
2148394
293164
3356126
1677322
3712266
3719538
427876
3234983
1456172
2451292
224198
2349150
73108
4348712
3297022
509044
1533119
599609
1319412
816803
3495387
478390
531626
2502097
464750
465891
1696825
623048
627747
1137140
3396013
3363342
324050
2475403
3671035
1860221
2598392
1707909
3248023
710947
3166546
255477
1395908
2033597
3057909
2780311
2886646
2841408
3164087
3465702
2805764
2136940
1989450
1852927
3352259
1889881
1068041
1913390
1107790
1991907
3188647
1456479
146823
3689558
1852045
3246600
235419
1298148
684748
288426
1915192
1021403
1052619
2915796
99933
1063332
5343109
2652062
1892991
3212964
648987
1447228
3017504
1800121
1618101
3793582
3340125
464581
1665194
1182485
3412513
4046371
577521
1007375
3958284
2105129
1307443
3435170
1496205
1647364
192786
513846
3631143
4586955
4278949
2034527
1067872
901027
2668109
3164708
4360490
859383
3561096
2446383
1431129
640198
1309471
3746481
64996
2098859
3364692
2078441
122477
2862855
1307494
1768769
3084786
750147
556621
2942989
557017
165954
2699445
230393
3680739
1773263
3380327
1778524
2471551
2527113
146594
1007247
1598493
2865332
338100
488592
2792915
60965
868650
3453451
2726154
637031
396752
1234444
3349496
505081
3589986
677642
514040
3265305
2071497
2500977
4053861
474501
2648359
1207813
3159073
1146447
866314
3783211
1447874
748197
3104155
3003703
143209
528573
681885
3185598
1305821
1269343
978708
3021562
1701759
191253
3826458
24089
2329127
1042971
1252365
1464040
1967187
835114
1157984
682211
436824
2595799
3783886
4116624
2957812
70504
2854293
994443
3434933
1099199
850997
1939926
1458823
1925960
237489
2068169
1929242
2634694
906394
3593791
1636760
87925
2684669
1969846
176884
2525171
1642054
2343420
2823679
392975
2858661
2857342
120881
2604722
1705383
1103937
1059610
2652212
847842
763868
3051571
1047372
2340814
2362562
2372805
249715
3332325
2654188
2431758
1024118
1644646
585089
956860
3600720
1446215
1985891
2381262
1742738
2832424
2607780
371632
1245536
5805063
349002
1234415
2774239
350359
742481
1208772
233882
2394760
562375
3508452
3019570
1399929
2349474
915104
765161
161814
1911714
3257622
1341922
517391
1377224
2193147
3899572
276062
2169865
1418234
971109
1746731
581025
667345
963305
1976921
1359232
3698934
244510
808490
3772796
2929418
2484235
516916
359586
1739259
1599047
1365654
1079040
2858164
1036504
639918
3206643
1774993
4126854
1269361
2151358
3185152
75654
3203176
2644161
2901463
2664393
2035452
1450043
507297
2701766
3447608
1856614
876129
3547650
327000
3751910
3010697
1236346
42233
1218923
2412670
1933484
2911042
3083737
2350575
742562
2351373
37356
716310
3366457
2811612
1518642
3771686
601484
1364740
1375326
2937598
1351923
1855149
1302181
55656
4220994
4564894
213279
2560550
1165155
2594586
56132
3335978
3027140
408086
740501
2379491
1793720
2302180
3816118
1380020
2543922
3760732
1604317
2365366
3017127
3201913
605558
1886972
2906971
673600
746917
859387
2913445
1512700
3582397
2456207
4635400
484908
1322369
3815462
939709
1342758
3213040
2373774
3495143
1068791
37868
229004
2382645
1937268
3175598
3002479
3197823
1956244
311683
3830981
1398766
1749534
94322
3193073
317866
2605698
2425890
3150480
2939876
3456701
288121
1196646
2797446
2356553
2322903
3867641
4194057
2097673
1223901
2993670
2956635
2082554
172683
3316995
1584322
1476752
1064080
630783
2121472
664319
4181322
1826341
1965932
14006
1586770
3035625
2915339
401339
154169
715253
1797439
17816
306438
3597556
231784
2886926
509512
1239155
2375881
1093858
654062
2021371
1440543
673507
887483
1588692
4432307
161827
1238956
5208634
3070177
3438386
3979421
2378685
348603
1389139
3118453
894646
2647577
2887407
2030113
1683227
422740
3193104
647105
965773
279188
553954
312837
1688371
322619
1915385
754940
74619
340984
2275833
3157508
2377078
3204208
2941273
1122523
4406607
2346837
77395
1805122
126221
1699054
1600615
3004952
2034438
189370
3646659
3150198
3407844
3735380
964704
1456521
1350520
2694025
4044418
1624009
3224212
966910
3828255
3328200
3374190
1022015
1642094
2569588
1968834
2599882
2286287
2155171
2942327
1613360
1128450
2709797
116083
3470283
25053
2540948
2812857
2652008
1206933
2184080
3025490
1513833
1290605
4250655
2815302
1031393
1742254
679921
1093182
431514
1828785
635940
3812582
3929461
1795655
2367213
3208970
3209897
1540144
3975750
1814868
1898632
2886934
3692491
2279278
2408124
309679
153116
2165926
3480414
2529364
976937
3788015
2426461
3137185
282922
684208
3306783
1186600
2020359
566938
3630824
1770654
1350051
589634
2808210
2249179
2063698
1509207
2830240
3222384
2414254
1502541
3972397
2157098
1976312
4641122
2205844
822857
2342340
1089722
2296871
1674348
585735
2651623
2927545
3418614
3136975
896255
2146232
1311528
3475200
1421853
2373229
4307792
1080553
2152632
957029
3035438
1947929
3072267
483403
3274700
1679446
2109019
2051155
2576355
3350996
1844320
1820625
2858879
2225967
3473717
5571469
4081243
169865
3264906
1339917
162261
4502746
1091397
1867469
3139705
2349143
2521733
1580953
3006302
715931
977886
2692276
1244725
2545979
1750092
704878
2122791
3165492
585964
799777
1726836
2024348
215047
2036372
1699908
2011991
1744495
2223195
2015430
3367681
3611304
1477684
1611585
2558371
2653885
52314
2469946
3236620
1567082
2658674
1526355
2694626
1536532
2083019
1856532
2329895
3593385
4502616
2773097
851239
2281926
1860342
1189551
382781
1083107
3054536
476491
2649237
501364
1614693
2313796
175066
566462
452434
2802847
614129
2788538
3321140
459720
3173759
3707750
1366859
2244954
2556811
670539
117259
1208921
3036784
1624791
3092504
2223036
1353706
1719854
3934074
547272
1544213
2907226
1562193
2928968
2728900
879166
1797027
2255395
4905901
2990716
2180470
1512166
224847
54000
2975128
3274843
1745244
294448
433763
3146352
4403704
3042308
153891
2127417
2228116
2846779
3285352
1970145
2207600
1570223
1834247
727416
2552659
2119092
3151681
2676991
945512
1636139
1611218
3698104
2434669
2156506
1856121
2510052
1862897
2156043
3153116
1845675
2252641
2872312
3857301
1664952
1717021
1296806
696927
2590293
324602
1297729
4187310
1985381
647127
1036188
1745536
3101886
3716250
2098607
1111359
3444543
129991
178958
1446476
1785368
3283971
3207092
474614
2608851
405504
725980
2800831
946847
3935299
3027052
2680220
2860131
2384235
2006652
3085114
2707527
2282351
3233274
1795187
304152
2865025
683701
2805088
2909757
1360946
1047357
3579304
1153533
1231648
248187
1971238
973743
626292
2752971
3345575
569296
133173
2006149
2197111
1176970
3225265
2591871
3456752
3821003
1870232
2762901
3348352
2504140
553842
1084567
629381
2810011
2523602
1406993
2989245
627457
3908921
1569668
2302097
3148455
1072598
2312516
3334866
1924434
2252367
3321213
1924767
3016801
1866900
1305093
3411332
158371
2932446
1842818
2763836
3299913
757775
1317427
2066729
725074
1422622
558799
36372
2424510
2099826
2093800
3457230
1659628
195710
2593129
440867
2373531
377137
13961
2167267
441296
3973762
3362972
3015006
2034142
37664
335420
1029180
2669254
1602475
222848
1475736
2786010
1010012
922755
391479
1423774
2058774
3625452
1899519
1876884
1934199
492521
1155884
1027324
2365419
2904016
115549
3959860
717344
372256
2567164
918915
324259
988177
463393
944215
1829415
1676191
2381611
1692809
2654945
1453002
4814368
1334663
2486119
2103771
32833
2050880
442485
3307674
3351452
3569233
1987415
3475454
442722
5448488
2805503
3281541
152954
3258888
1212841
3679103
2654855
2280283
1555516
3388646
978968
950651
2801425
115146
1697665
3301872
1898192
2690750
1966146
2034720
1633495
2503734
1813099
3691840
1232258
1234677
938009
2838856
3381654
2856224
1877459
121577
479673
2940946
2267201
2908807
292235
1689734
2800184
1901009
475133
3092635
1988455
2738798
1542273
1507885
3984848
4921649
3262433
3019839
2087613
4317645
3526306
449601
1131864
652373
1452295
1723431
1560189
3583227
900763
2321089
2734248
3142737
76198
1843067
865171
2762303
1036181
2881399
3105443
2728505
3001406
585230
2620775
1409393
3758201
1463681
788479
96349
2489882
1926630
3593378
2717332
1086378
150875
688398
1086552
151750
175488
3809624
189745
1141382
1232691
2025086
1255676
1651881
2968676
1320645
2732079
279717
1454413
2426745
2261867
248499
2751258
1937680
3034940
1727651
4238800
1753250
1295553
1344545
2841472
2577448
796256
2188068
1201430
1424094
2225281
160704
2630562
1449352
1725414
3898617
3251385
1803048
1920008
1510750
678832
1847470
255640
2757720
3436761
1689808
3458224
3633434
4061236
758518
1917006
869229
827974
226160
2881993
1538141
3033442
5762408
3219022
2964748
3427172
1979449
2107569
1160375
3822649
1499775
1426927
1379135
923735
2551914
2198143
2672380
906631
458856
2054378
3547876
37929
1620666
2540750
3129333
2391945
2905496
89271
3362373
413048
766091
3134742
1142580
1504750
328236
342180
331171
629342
3126518
3063442
3095846
3084421
2074257
3259850
1465227
2298200
985301
3091823
441168
1662235
2489184
984352
33920
721000
1694203
4794496
3805073
2019933
1178745
1808677
2826653
1877602
408735
1807456
4528542
408094
2365754
1277072
226628
2373122
1689313
634207
658254
3792667
1414829
2962313
4345723
859837
3484823
1003713
1702137
3094685
1781318
1963986
2072219
3277424
1986201
3265373
1114429
3061350
1967515
3285563
1380112
2904169
3440034
1729331
363963
410083
1803912
1078248
3262881
2198395
165198
2198424
1438279
299035
166749
2875294
3200316
1240609
1921625
2864796
3842476
2044281
3144251
1051373
2743622
1190867
1791945
442080
4145135
1438276
3455615
3204967
4752573
751517
1384149
1651625
1662303
1820363
791039
2018831
239368
2382052
1929175
1636816
2333599
2284819
2303256
1076392
2422924
1837751
1070670
125893
146539
3672160
3606911
1980653
2612125
1451335
3783984
1429764
432647
2933528
1064650
1351106
1632270
2506910
3555668
2547686
3224007
3449518
2437288
2489058
1892865
289437
2063718
1124337
19003
1750925
1773008
1922280
2179139
1118389
2498472
421018
3717970
1931249
1275295
3842359
1949649
2543854
256513
4097943
1647207
948880
3995369
3208543
1971435
554063
2478947
1189836
1690875
2567834
2701931
55473
3333723
3715307
501686
746402
243703
2653340
770583
2259590
1397807
2514013
1903073
2810232
45950
739585
4127994
3134079
1515353
1119129
737165
581353
3353477
2250132
8724
5006029
2101339
2414488
26409
1155678
2185596
2440858
1033565
3710361
1982955
1357146
3092896
2949848
1194203
885169
1455857
866163
3594641
4046491
4699249
513021
3351714
986291
149957
2503962
3098717
2607811
788073
1634927
2930824
1305160
324498
928723
548356
3895130
1190564
567060
3288593
1546735
1558663
1395312
459710
2429673
628957
3053462
1141744
2010476
3527230
952608
228936
952145
2959230
2777559
2173414
2941914
3219418
1864510
696763
2087556
275633
3103616
371486
3268656
3273794
2040711
2893753
840287
3433955
1282072
1020732
448369
1913448
3691497
3378094
253467
2725698
3602787
708177
884075
4462524
1866737
790124
1220302
1324441
3870754
1249353
2544276
1415158
2191036
1369022
3022482
1388016
984302
961298
3171469
2307334
2548002
2755751
3410695
1692736
2966577
572745
570644
3478254
2057193
2573563
3925808
1638436
1143656
1010774
1068890
3593246
2266351
1118275
218393
2952453
925105
2219052
1707342
2053448
3977711
3584274
2039801
2738298
1103020
2655527
1128894
3528416
493027
2313412
672867
400934
2028418
3312837
639048
3788680
2765591
2723891
109601
520333
1909679
1860144
1678121
2413587
2710896
1567837
2004620
1610593
1277011
3794738
3358391
223604
51569
927272
1650692
3383392
1354866
1690605
1273722
1239343
2158274
3524569
3744347
596518
1491470
2557236
4028498
64243
3159368
84013
251862
2144872
86694
2839498
1076908
853956
626653
663640
2767391
1298671
795269
291678
2115985
916242
3334384
382011
327146
1767455
1340129
1799439
2165251
2848110
3901566
3430880
2397888
1542386
2241269
4312595
1096598
1581928
3697987
3399263
2538070
1922583
1058578
2933579
3677392
2213802
1004415
1010880
2193448
1627438
3988053
2835050
3244705
3169854
1451544
487874
1591877
2773065
179159
2823829
4051090
449753
635726
2013333
1455207
2571152
2149700
1607914
1904627
689304
2346304
1290394
1163950
1100036
139812
3283971
2412855
486521
3501581
496125
504221
2891031
2614034
2067924
808537
349273
2908394
129625
2529201
2706123
