11456698
5047035
7780839
11955531
4914640
4625134
687650
1780647
2058855
7380305
2728131
4101693
708432
4823186
5900852
4088567
3682439
6830360
3271350
6496621
4451840
3121102
1621136
1240054
1435373
6152092
2988257
669458
1896417
4516915
5646453
6479694
1392558
5675184
1681992
3696096
132897
2075663
5802770
6043959
5802406
5172499
5664072
3960962
3038237
3225251
7013457
6659630
6436790
5973670
6751229
6822896
3289251
7447712
200843
4658453
1763831
6404722
8158436
6793668
2118810
6036649
7970818
6043205
2567571
671818
332678
6460618
4325753
1325762
4959597
7241268
5435037
3470688
4939839
2725180
6918677
493465
7061691
5065659
348988
226016
718910
5414325
1999439
5405520
1394019
2379548
2829642
4617865
2500920
1901198
222232
7066701
9581266
8414410
7904167
920964
1204389
6373953
4261712
203075
4849465
3333008
1173850
764371
5477149
7431994
984974
4918929
7400213
6184978
463689
7374636
4617274
3813864
6774299
1424880
3240692
2028926
5270539
3413897
5803944
9158178
3401533
1882554
1850034
9181
