845
176
287
1150
1
1
558
2205
1
607
1
2002
1
155
1
338
1179
520
649
1095
178
20
1036
571
0
76
0
69
0
2766
379
680
933
49
2051
743
1727
1121
1
0
23
33
2295
698
0
459
711
0
0
1
447
88
613
3690
0
0
709
780
85
105
0
3
0
0
1
0
499
780
0
39
0
0
0
0
898
430
634
0
623
191
1002
1274
1
1112
1
1066
1
46
1020
571
690
382
0
1816
1
1489
1438
1031
0
1513
1
1010
45
1
42
0
1243
1
779
665
813
676
1310
1
511
470
103
85
84
0
1
167
785
462
1
54
980
511
0
0
0
0
0
0
1754
260
37
4096
0
0
0
1230
627
542
3214
0
0
1
26
1
397
371
1
1
1319
1
1
0
661
232
463
9
0
1
711
1
348
1318
2215
174
736
605
1344
179
40
1
715
1585
0
55
966
1
2383
596
0
2323
124
0
772
0
1639
1
502
164
943
679
536
1247
917
251
481
312
0
328
0
0
5
1
281
2076
1
49
0
325
0
1377
294
1312
0
107
1905
573
1973
1316
15
342
3787
258
71
0
37
93
0
2742
1577
375
2060
1608
447
56
89
123
1
261
1
994
0
981
495
173
1
2387
317
154
1212
1
1
626
1
0
2167
1
25
1
0
1329
1170
1727
523
204
0
54
0
755
0
0
89
70
18
0
287
0
13
0
733
1687
183
561
343
1741
1
0
0
180
544
0
411
2239
3206
655
0
1698
0
1
48
1020
0
1
0
2102
118
238
40
1097
203
177
1
789
0
782
37
1
29
0
50
0
0
1
25
166
1352
1
249
4
156
1010
566
1420
19
1
554
1151
1510
1756
14
1
1
1672
1
0
1217
55
337
1403
124
488
1
753
1
983
0
0
289
135
206
1098
0
187
311
1
357
1
0
810
1
140
554
0
1
0
102
55
54
1
0
1452
0
491
1
1
245
273
0
21
17
940
1767
4
1295
98
445
119
1
0
129
1
1
1
2087
16
0
0
54
1
1
1
2368
0
2749
297
0
120
789
153
715
833
109
0
1
0
181
38
1
1
92
204
1034
772
0
3041
1010
1926
283
107
353
1
0
98
0
722
1
83
380
437
1808
95
0
453
1
672
1
0
1735
3020
1
0
0
191
1325
23
0
1061
1
1
1155
263
736
356
0
1
2252
568
1
1
279
208
1
1
0
1205
1006
2383
2004
1015
884
0
0
1
1025
653
0
252
366
1
357
0
1827
1053
0
1
0
0
0
1
869
1
1
346
1
599
0
1302
1
1569
230
0
559
557
768
1
1
0
0
117
1045
142
6
67
0
59
0
700
1
1
725
1
0
546
50
1
0
1069
768
0
1877
269
700
475
192
693
800
0
1
98
0
192
1
583
1
732
0
0
1
0
346
57
38
253
0
502
556
1
795
1163
223
154
303
0
765
109
1014
1
2113
477
317
2178
0
398
174
1629
772
2705
847
239
0
1
0
1397
335
1
0
1
1
1
2533
0
1278
1
1481
2180
874
0
150
1
356
1344
403
0
1796
0
1855
162
865
245
2807
426
0
0
0
751
0
154
996
1
0
1
1
1659
1
596
1362
95
20
0
370
189
1
0
64
931
531
527
241
66
3
24
1512
1
304
0
273
17
1
842
0
88
304
983
1473
1
0
766
619
1
1337
431
1855
1
1
0
475
1673
1953
207
2066
1426
0
177
1113
0
545
2111
1
1
350
1
0
151
32
254
0
18
3743
618
0
1307
0
666
774
902
241
0
1225
0
1093
1
906
380
736
1002
1393
1
67
0
2928
2139
1
1468
0
1
437
337
1
295
1
0
371
1
1179
784
1
1445
914
2317
1055
373
152
98
2276
1
0
83
0
2883
1
0
1
107
1
1091
735
579
1
1
1
95
1
1
1
2571
0
1
27
156
800
1070
442
236
1
447
0
0
105
1
56
228
1
210
1
128
528
1457
581
669
681
39
0
250
478
52
1
1
426
2846
1
1
2871
1032
222
1
0
651
910
1
0
126
667
1
32
56
444
0
2742
0
70
1338
2176
298
1
660
1
1328
1228
1
261
0
0
39
144
519
0
133
1287
0
1395
1173
2315
560
697
0
210
0
335
192
274
348
194
859
3720
923
16
847
640
153
1
668
1074
1
1
90
1
72
985
1
857
0
1415
213
1264
1392
3863
0
0
0
1450
0
346
1
642
688
344
68
16
2463
0
0
1252
1
101
1308
102
1220
1245
506
239
735
618
57
1078
1347
3
0
1
259
0
0
1
0
765
1
23
0
1
2346
1
0
152
202
171
1
0
388
359
519
10
95
274
675
601
559
854
1
174
981
1
1
726
128
134
1
1
1438
0
428
1
0
0
2093
250
217
0
0
1
1
1
0
1090
733
52
0
268
720
1531
1
20
0
1
1
108
206
1
534
0
2523
0
178
61
0
1340
703
1
1970
2052
450
1
19
0
1
434
761
1
0
197
0
0
1125
0
677
0
2916
12
460
625
0
44
1878
2102
1205
1797
1
2106
235
470
29
1
598
234
2523
26
261
0
588
1039
1362
653
1
0
634
0
0
1
2653
393
0
1661
1
88
1
0
1600
1
0
1
1112
0
1
16
0
232
1496
171
0
0
203
1
0
1
1
1138
1117
1059
1
3203
326
1485
0
750
0
801
0
1
1795
1
1
1033
207
3242
0
0
435
549
149
2278
22
281
310
1
915
0
0
1189
4423
0
691
0
196
1
1
3044
434
0
1
997
471
522
1285
1
2657
0
198
1995
584
0
143
1
1
0
1641
1544
0
169
74
864
2433
1
0
263
0
1587
873
0
0
0
3
771
0
22
1
0
719
1
1
622
439
1409
824
581
560
0
3
0
0
0
356
997
502
0
1304
0
42
1233
525
150
138
229
0
2906
932
733
91
0
2515
783
1760
2253
1
1
0
0
167
200
305
338
306
1495
0
1339
1
49
169
1492
1
101
11
1889
1573
266
1469
0
1280
270
1
85
1
1419
0
638
2572
583
3114
0
1
197
1
2635
321
591
1015
582
1
1163
986
1
0
0
362
178
7
92
125
0
211
2362
160
1
131
0
617
852
0
1084
1
0
668
285
1
322
0
2301
0
824
0
1
399
125
2673
46
1
636
814
0
786
552
855
747
439
0
1
748
310
774
0
1307
408
1
1
1
1328
0
497
1
1888
586
1
70
0
938
1993
234
1
714
3979
0
1
4
1
3133
235
174
78
0
889
261
1
115
110
613
1536
0
1
452
0
0
162
1499
0
1
255
908
0
1
18
0
1
1042
1
0
218
1253
218
1
709
215
346
1
0
1
33
1371
60
5
447
0
405
1
0
9
71
1
2522
391
12
1102
18
0
71
1
2946
228
1
316
310
0
743
393
295
4
0
165
43
69
1
1
140
2710
140
1014
0
1
0
572
0
834
594
1
0
151
898
1098
2181
1
127
1746
12
72
1
0
704
445
0
876
0
1138
0
2210
970
1
1065
0
1073
1
934
167
0
0
0
1
0
1
148
1
1154
1578
6
14
0
257
157
0
0
1
117
0
1
53
0
2250
14
1
2
209
0
1
1
308
1
0
60
283
284
443
0
1
1921
0
437
964
1027
836
543
1
1182
1
1147
0
209
117
255
2
472
6
1104
3455
0
2373
1
1264
1
734
1
460
184
598
482
2106
365
957
707
1
414
946
422
1060
303
480
0
0
0
418
1
1504
498
486
540
49
163
392
1
1
425
1
278
20
95
419
56
0
90
1
0
1
21
2793
163
1
2631
1012
524
0
1
1
270
6
0
1
719
10
1
0
1287
1640
146
226
0
0
1702
1
120
1
125
307
0
1718
1217
1342
341
0
2043
1
1067
0
198
1595
0
0
1
1
0
380
0
0
1
426
2976
509
508
572
1
1
0
0
1844
646
1345
224
2047
0
1
158
363
406
1303
818
0
1040
1
1211
7
0
1
513
1057
64
1
250
0
1
165
164
1
1
0
0
148
0
1817
463
1
2240
451
0
2091
497
246
0
0
1
12
709
0
1838
292
1
1
35
1
647
89
1
86
1770
1559
0
485
81
1
2568
0
0
0
1
1133
84
1025
2142
1482
325
0
990
227
406
0
112
0
1
0
0
214
134
0
1933
1
1132
1413
980
0
1179
585
3086
73
70
0
0
0
897
1
825
265
44
0
1
385
1
775
1421
186
265
142
1149
1
1
112
941
135
1
1713
1075
107
1252
0
1403
2440
1433
1
442
902
822
85
745
1361
1
92
113
0
1
75
2697
3215
280
3584
1817
0
0
1
0
2117
0
460
1546
274
1
1
0
0
198
1
9
25
261
75
302
1613
42
384
0
68
95
0
0
649
0
1
1898
3202
1
454
0
1
1
0
0
0
428
157
1
1
1
1
42
96
1294
1866
529
0
522
0
175
23
0
218
0
0
760
230
2462
143
0
2361
253
1
0
0
1089
0
0
0
1
0
22
42
140
0
2077
0
44
750
286
1456
0
159
879
399
1
1
396
0
899
279
857
1
2572
0
79
1
385
325
1938
1
1
0
1996
1
834
537
223
182
713
1
0
0
1687
0
1
1
139
0
282
1229
0
1
1337
0
346
1728
0
58
0
144
677
1276
611
68
75
1
0
478
1262
299
789
1090
45
1
552
3078
1659
1101
270
1
49
1
1898
1
0
1108
1
188
182
1222
0
529
1539
1327
1003
1
1
955
535
356
1665
1393
881
155
1
1120
880
197
252
77
141
520
0
0
0
1
0
105
1345
0
0
0
0
1
612
217
0
1915
1
0
29
276
72
496
2806
55
33
1
910
504
1
359
1674
1506
1
1
0
0
0
39
164
693
0
1597
511
1
758
0
224
1
1025
640
0
598
105
0
46
1082
0
0
0
243
967
1
1089
15
674
1
1727
784
1
1185
902
2876
969
44
444
1
0
117
949
341
0
318
1
0
935
1
0
613
184
555
0
1
0
312
60
0
22
1
158
69
2856
1
442
1423
1
540
0
1080
