466
134
657
0
1
122
1
559
296
20
639
120
75
124
9
90
230
4
269
412
24
116
67
8
59
78
1
12
25
139
0
112
100
81
304
7
0
35
20
40
662
1
9
272
8
357
142
688
159
84
0
89
170
3
28
388
363
343
223
690
1052
35
244
1
92
47
0
1
67
457
295
94
270
142
50
0
447
9
251
10
17
1
23
655
0
1
245
54
355
346
53
464
27
40
45
3
152
476
641
44
0
160
210
57
108
543
104
228
33
149
85
537
659
146
375
1
1
919
513
777
0
0
5
128
155
1
165
1
222
0
321
249
1502
1
75
48
50
11
18
796
37
577
129
1
408
271
32
1
246
14
1
250
109
1
138
0
132
116
209
38
1
25
968
54
135
342
1
862
1
93
547
411
583
177
706
144
141
40
206
79
713
1
648
1
93
1
1
822
26
1
55
0
352
118
3
191
536
110
83
83
246
147
117
212
60
1055
168
837
804
1
943
327
250
4
244
9
1
15
97
0
0
398
5
0
203
1
0
704
0
403
26
213
310
24
341
537
65
153
39
481
502
264
418
580
52
308
6
2
717
73
1
56
27
142
184
401
39
314
1
731
306
249
232
196
15
58
6
261
333
0
20
70
108
0
47
114
65
293
532
79
1
8
612
486
185
69
21
0
0
154
14
1
203
169
920
202
594
117
209
66
1060
117
0
107
48
335
319
62
95
878
362
608
488
0
180
306
238
112
1
60
71
334
120
343
281
74
186
78
696
7
120
383
243
413
71
201
145
78
5
234
1
12
314
685
252
346
17
313
644
237
101
478
1
1
177
392
305
110
150
303
54
3
0
48
139
46
81
80
815
44
77
48
91
254
4
144
87
3
274
1
166
10
112
8
17
71
519
1
0
1
0
1133
2
60
237
499
288
1
636
417
927
553
0
571
53
252
295
557
1
75
221
51
170
161
1
125
386
458
8
0
0
671
146
1
1
0
134
16
252
257
1
2
117
162
0
378
169
202
654
0
110
37
118
379
331
226
1
0
56
399
368
0
61
526
270
253
1
23
53
0
450
386
133
118
24
12
139
133
111
1398
50
6
278
153
244
317
191
38
0
66
21
241
328
253
39
1
106
76
0
1
134
389
501
1
85
13
0
50
75
139
1
1
3
397
24
1
102
243
1134
36
0
32
