1
1
1
1
1
1
1
1
1
1
1
1
1
1
1
1
1
1
1
1
1
1
1
1
1
1
1
1
1
1
1
1
1
1
1
2
1
1
2
1
1
1
1
1
1
1
1
1
1
1
1
1
1
1
1
1
1
1
1
2
1
1
1
1
1
2
1
1
1
1
2
1
1
1
1
1
1
1
1
1
1
1
1
1
1
2
2
1
1
1
1
1
1
1
3
1
1
1
1
1
1
1
1
1
1
2
2
1
1
1
1
1
1
1
1
1
1
1
1
1
1
1
1
1
1
5
13
22
12
1
15
8
8
19
8
14
5
27
14
12
17
25
3
17
19
22
11
14
12
26
2
17
8
10
6
6
8
16
10
14
2
12
12
7
14
22
16
10
2
17
17
18
9
6
7
12
16
32
3
5
6
6
25
15
16
8
12
10
10
11
6
14
15
14
20
5
5
3
10
12
6
15
13
5
8
2
7
33
15
14
4
9
19
32
27
10
16
16
3
5
7
7
3
4
7
17
29
11
18
31
6
7
14
12
13
14
1
4
27
20
33
27
18
25
17
1
11
28
18
30
29
30
32
32
35
28
28
34
33
31
34
29
31
30
29
30
29
28
30
31
28
33
32
29
28
30
31
30
30
31
34
29
31
29
32
34
32
30
26
31
30
30
32
31
29
31
32
31
29
27
30
29
28
30
30
29
29
30
29
34
30
32
32
33
31
32
29
29
27
29
28
30
35
31
29
26
33
35
29
29
30
31
30
32
29
29
29
31
33
27
31
33
31
34
30
32
27
29
30
28
29
19
20
33
29
32
32
30
33
30
32
32
35
30
29
32
35
33
30
32
35
30
31
34
35
33
34
27
33
32
30
33
33
34
31
30
32
30
30
30
32
32
29
29
30
32
27
29
28
33
28
32
30
30
31
32
30
31
29
34
31
33
31
31
32
26
29
29
33
33
32
31
31
31
28
31
32
31
32
31
30
31
32
33
29
20
32
31
34
32
32
29
32
30
28
31
32
28
33
33
32
30
29
30
28
31
33
28
28
32
29
28
31
30
21
30
35
26
29
30
33
36
32
31
32
23
36
24
34
29
29
35
31
36
35
30
31
27
28
33
31
25
34
35
32
31
34
32
27
28
29
32
30
27
30
32
29
29
28
29
28
31
33
30
29
33
31
32
33
34
30
35
28
33
30
36
29
34
31
30
29
34
33
36
33
30
29
29
19
30
23
29
29
28
31
32
34
33
34
29
31
30
32
27
33
29
35
29
34
32
28
30
33
30
31
26
36
29
30
29
29
35
31
32
35
35
30
30
26
29
29
32
29
30
34
30
35
34
35
27
33
32
33
33
31
27
30
29
31
30
29
32
33
29
33
31
33
28
29
30
35
33
34
31
30
31
32
29
32
27
31
31
31
30
32
30
33
28
29
30
33
34
32
29
32
31
30
30
27
33
32
33
30
19
31
27
30
29
35
31
17
32
27
33
31
30
30
31
33
31
31
34
31
28
30
31
29
31
35
34
29
29
31
32
29
31
31
33
36
19
26
30
34
30
29
30
31
28
25
30
31
29
29
30
19
32
29
31
33
32
29
29
33
29
29
33
26
30
30
31
26
28
33
36
31
29
28
27
28
34
30
31
32
32
30
31
30
31
30
30
29
32
31
32
32
29
29
29
30
29
26
29
31
33
29
31
29
33
29
32
31
27
29
34
33
33
33
31
29
28
33
31
32
31
31
32
32
34
32
29
31
31
31
35
34
32
32
34
35
32
33
29
28
33
29
31
31
32
32
32
30
31
32
34
30
34
33
30
31
23
33
33
35
32
25
28
34
32
29
29
30
31
32
35
33
31
32
31
35
33
32
35
32
32
29
31
27
36
31
30
27
32
30
31
31
29
31
31
31
32
32
32
28
29
33
35
31
30
29
34
34
34
33
33
28
30
33
28
25
30
31
31
32
34
28
19
32
31
33
32
34
29
24
31
32
32
24
34
29
31
29
32
29
30
30
31
35
32
29
31
28
31
29
32
31
35
31
30
30
31
29
27
29
33
30
28
34
34
33
33
26
33
31
29
33
30
29
29
30
32
31
29
31
31
34
32
29
29
29
31
34
28
30
31
31
31
31
32
29
31
32
32
31
31
29
32
30
31
18
32
31
31
33
31
25
33
29
27
33
32
32
29
34
30
29
30
28
29
34
32
33
28
34
32
29
33
34
29
32
33
32
33
31
34
30
31
33
33
32
35
30
32
31
33
30
32
30
29
35
33
