72696
20530
46499
40798
12058
109488
13521
82375
53595
84135
6260
45616
67445
34187
64419
42491
42951
79192
6925
19525
38752
144229
61230
14985
90122
34969
14577
11438
172374
26744
26982
32936
35236
66682
70647
29132
55886
15693
41597
24098
7793
48979
28233
47609
16907
58159
91435
72190
31184
78728
45021
119328
61913
25677
12833
8766
2467
117521
86372
45608
166428
22620
10099
72743
39797
98914
38748
51520
112736
47169
94164
9072
78892
84431
55304
141
3652
39382
30594
8058
29693
7428
74599
60086
89067
50121
4273
45131
15421
48284
14545
11091
55647
48631
13599
21760
55371
79040
55751
47320
23247
4147
3358
75419
30754
16329
164657
27557
12463
22370
144785
1239
89523
101880
67876
20197
16911
8410
23416
1219
93633
17638
60942
11857
13842
31269
70982
2483
10734
52708
10907
45974
98223
71435
41205
24619
13557
6711
5407
14611
150625
13636
116395
27763
2616
41867
98830
2727
57840
27233
73664
13484
36823
28293
29954
3748
107962
90891
13539
58856
2998
43157
72617
1085
132510
49768
123465
25446
24719
74369
5656
68294
8737
4189
16911
58397
67465
3844
11845
10783
36374
16309
56489
4999
10312
74806
24453
27073
22830
806
83518
104842
4690
2191
5562
86926
6384
3597
36314
36388
114160
78878
16433
32687
39143
28748
94057
25661
3752
103011
9267
87136
43802
74231
29048
28098
29405
6490
109672
142984
506
116785
1059
87388
30284
9932
10242
30889
70985
66520
28074
51413
131668
15672
6614
169638
109522
9130
7801
59024
12405
13935
16125
95481
12133
14191
112384
24788
49425
33381
48180
84303
127994
138763
48326
186200
134247
1681
130515
40759
16812
5845
26176
6020
46097
104064
89579
76897
15211
52668
78391
132898
14079
90876
43259
1673
17034
2051
97898
10866
26484
3050
22257
114799
3895
23206
4506
38472
62708
137081
155998
30396
6245
144469
19907
115041
51336
1058
13325
20871
32111
72617
30813
28627
180117
70043
14804
7194
108263
16516
85667
14990
7915
387
36920
120714
19805
20327
3655
9864
96053
35510
5968
18344
60635
150484
46016
76778
52434
6643
14860
29765
86703
146697
5768
5454
145318
30856
9163
14321
193607
24847
52245
60183
1505
3578
15249
10744
46308
113939
9150
155124
24173
22598
875
51280
3232
37182
139044
75120
13021
32294
7109
95135
18062
4946
41453
23938
112883
7365
2428
133768
8023
790
51423
10585
24261
121662
2150
30070
72805
40655
96289
22662
131161
21358
4967
11180
2648
88475
35756
10056
6428
71965
17807
30350
28700
58392
11345
137085
7414
44701
44140
10524
44239
102500
47899
10838
78127
95813
9476
22615
43251
55794
11506
24012
1352
87683
13882
33623
3283
12446
55056
26609
154115
10081
2724
33470
8456
1281
7760
7490
84021
33276
75001
91168
82036
21792
1866
1008
24019
5722
25029
11479
31808
58996
1046
6092
33685
29155
4540
104459
66351
23862
676
24477
9633
6572
12041
11089
43789
42212
17393
71346
667
66030
17050
35070
13931
2773
63990
124358
38756
86811
66433
54454
45180
9360
27326
15390
20979
163911
35404
63702
19475
28657
4818
110928
1397
18755
115975
87226
45269
173919
62157
48592
67397
74478
4327
9876
55872
20528
23330
44294
11396
25732
68566
144875
54058
37993
31008
6317
20143
55575
91311
65999
27478
1364
50715
9590
115336
78312
117954
6537
7563
394
20595
32406
106228
48707
2387
93073
11290
23537
48386
89486
71841
50300
3271
108261
11233
40293
167347
10809
8803
138225
73331
24209
46851
130579
13148
2153
61852
84755
37139
32314
48990
5489
105567
73316
113343
20732
30813
448
18790
144756
35951
13796
26380
10597
71133
39882
78799
45860
60045
17497
22629
26372
15952
1934
150598
43353
15660
11204
471
71143
7663
75536
35803
7215
1366
59420
6223
140183
118188
46200
82
8456
120213
54446
3997
1780
21944
3300
173208
3439
58275
44901
4377
32966
89540
16630
4252
65352
41475
2093
872
34564
5895
44772
16506
123492
5307
13817
66082
5026
11886
190357
46289
6162
93115
12077
22360
22582
16827
18521
15854
43236
35982
27561
31382
80780
66145
102844
120460
68132
75799
89364
15416
27665
17919
91539
5983
36013
7771
24059
16556
57494
65180
9116
25359
85473
104489
20506
98545
23947
73195
1426
32625
8726
646
70717
7826
22976
16246
62963
163910
439
94880
48993
108307
126406
79295
46254
29483
30362
14018
1702
55942
140021
55053
44740
9206
3357
41576
164123
5587
74045
33267
2233
2075
72053
9296
22587
24066
138938
2753
35615
2382
133928
60657
25137
95196
170681
113556
33124
26975
108417
48290
6090
3052
137067
21777
50352
35413
116096
2450
77912
5501
97193
156205
707
41110
14700
56782
27575
72916
88446
93899
5826
57695
16905
329
9131
53899
26179
583
4589
17052
22718
20451
9444
164270
145337
6414
154036
187587
64469
67814
20226
6815
143556
34288
12127
71052
85060
11663
142117
11508
100429
24849
62201
55908
510
38706
63132
26122
5607
99833
3293
32664
91769
44875
46210
8682
342
28930
1466
21139
5557
3997
44517
11261
23073
348
76905
7864
68277
15677
112212
52166
119198
28552
44780
143344
5130
6033
4034
988
123067
136167
64062
46660
7972
87534
3624
37580
149470
7741
42738
60376
33780
22362
8833
150498
157088
49704
11897
52151
1801
18678
180501
33402
76573
104050
12904
53400
66315
10897
12663
61626
64580
65272
128259
20716
25895
68944
45817
99197
33046
47603
2364
40846
21705
23240
88822
103252
68003
24099
6647
23065
45926
92809
32863
77211
20093
4304
12165
1923
100102
90182
54199
123304
40325
90699
90286
75862
165086
130252
14382
68023
4895
75773
4582
157866
30272
61909
17653
2132
28279
113421
8625
4125
176284
79881
66916
93330
1261
54447
15176
27775
55374
27086
14171
133432
53550
30782
71995
44368
8789
23595
26574
61826
35219
6225
79575
28261
95792
56782
35891
84267
57914
176118
3650
3154
4771
53399
27876
46251
81690
28956
130248
39989
73632
159543
96475
15490
1789
47489
143197
43736
556
30368
110134
43114
28372
112323
54464
90370
39433
13746
29882
67920
13735
16606
21548
30299
40301
53943
56217
44423
54463
11343
3301
7903
18136
2730
76218
50359
14282
103710
2731
55641
1058
34671
101330
46185
24218
22052
6202
38818
28029
21959
137
32476
5644
89497
12939
18801
2499
72770
154429
115370
8900
44950
65700
3757
18130
9188
86691
