5185
21238
243592
267066
76146
168668
173528
180998
18885
262889
62216
13699
221325
230227
376136
108389
50021
46902
59543
155395
183278
12778
75764
186581
56608
236771
26063
130409
204796
135238
75185
211925
165002
311158
258379
40568
59486
128910
78594
306799
100832
154951
191518
78786
14260
181050
264282
8539
10368
54869
24134
127702
24077
178684
25020
123313
267214
171940
56738
5957
14088
176538
54670
19590
55445
44394
9414
63975
80597
242204
41296
31064
262438
136091
102878
33128
66681
15488
74704
149795
65892
24213
52987
139538
20132
159759
111472
65931
10
100720
27275
160676
24710
174667
45580
53867
15025
20340
139065
188398
9132
19454
62959
84196
15587
15609
81244
25796
70103
25020
52128
9060
74195
34482
42461
57861
61394
1460
56620
238613
127020
75621
9611
51372
86179
317098
130524
5377
433
11373
204142
21059
15041
62855
261067
332721
177923
356861
26420
4080
222619
255617
110840
15151
321084
99561
343203
4833
141989
667
68652
130175
260945
23977
1022
921
37666
149908
4120
255870
125934
39422
1353
50817
93443
144946
157306
25415
247656
106466
257590
246828
234426
20781
25802
2319
234874
139157
18643
17735
84682
59037
192734
318632
61486
123128
332664
295096
279571
82497
184177
15417
57250
121107
94995
80213
6174
152156
247237
322507
33221
12133
76222
199995
54139
103451
4701
135261
8430
17414
154620
97014
100630
200368
159238
60754
134023
24363
153894
301582
168956
27334
19285
64076
164798
121148
92486
81913
12231
5975
56764
143745
172627
52503
33901
199277
26154
72428
172489
177276
102942
29732
34261
5707
4991
361603
38113
17313
151295
39903
143746
276690
171572
55851
21983
17423
5544
63337
1357
48172
25935
3188
17037
355192
15900
80445
32326
79004
335417
23132
160245
164469
74364
377539
63750
255711
197486
180191
105845
21225
137605
331549
18865
68429
89163
107675
45742
24323
5605
334452
383
249424
203458
322509
37732
250743
17941
42896
58475
125749
329299
55178
85245
75662
80648
245071
6788
47935
107174
115028
1690
11345
177333
323823
33620
357701
37507
27593
6221
9927
13197
15258
126469
39639
15968
83780
16630
83616
59682
112574
98174
106671
42894
191674
41115
90539
71280
76973
350464
21076
19778
99722
2385
87304
52219
19708
144756
3575
175058
184490
36068
132186
9298
4160
1783
225074
81940
204000
26932
61936
30453
146545
26002
123843
205434
43848
159742
31521
4359
13237
49994
13713
113122
234775
56216
211517
4084
161212
12596
53927
113607
10188
100706
268202
11727
319882
171475
218846
176457
4025
44659
178768
127045
25842
250296
285523
270297
34231
20826
158794
17821
204801
82259
21502
24182
1153
255603
23925
103141
14808
180387
88871
29130
14877
66655
300627
94360
143051
184671
17380
138059
288272
62611
329845
86445
79293
186902
256193
21736
239645
94099
9300
52277
82408
155858
42745
118610
156184
21970
14842
44892
48116
61819
169379
17467
35436
30972
24153
84334
4479
277569
206902
35833
2169
268197
60410
12408
88916
18384
162685
270194
3364
40487
6129
369802
17912
130842
8670
104806
23884
79281
63088
41713
151223
7040
71931
124602
62069
204861
73750
1778
133192
266941
40152
157883
4695
113973
10678
157848
12540
46527
65796
55243
16395
9351
5285
59788
148502
19295
173748
50879
39970
5364
57501
29306
49726
6301
53115
123846
91827
33460
53291
70756
261562
22726
12211
6801
9374
48128
5561
230238
173805
32710
89834
43741
155324
119017
237084
39369
186964
12504
204768
5298
185683
153414
338315
46246
84539
218135
5882
26163
281686
739
126178
252
9375
29422
825
39167
162959
152011
134416
159594
134663
287601
158456
140591
116074
5469
25310
20106
14417
50141
130141
211803
819
176366
147962
22350
31806
11135
88758
69915
327533
164216
18755
187949
70614
67035
162074
41459
306371
186382
84156
288772
70619
45414
145322
28241
2461
178863
20072
82334
125504
176
238003
49792
331721
109226
31944
201351
264387
3618
272630
36287
838
17690
154255
239907
160459
53212
46840
387
105187
57436
145586
179003
317265
1047
70954
88738
110744
76999
77554
215828
289436
36475
176632
20877
45340
29462
51829
110986
31584
63851
65496
44310
40364
126183
9200
101030
89700
319853
20925
48500
54751
45659
162787
90476
79703
71825
20464
160443
76648
58393
389
310047
2188
103886
27750
6310
37853
6666
3672
149059
57079
183020
33478
609
77283
2451
133038
164629
157667
28389
50728
299036
156964
63166
75338
148534
42203
362642
16436
41880
10949
117442
137797
186352
160073
171720
136688
150299
151802
248992
20522
38722
110756
354749
54686
507
285598
40689
19691
22432
12861
38802
233037
5395
5933
48421
54058
375045
4178
94782
83401
179629
93539
42411
398
30954
153082
80899
116200
7280
79422
7207
2181
154235
33606
20302
25890
177914
241848
257693
75268
22731
104667
11235
73821
312052
86675
118365
3074
154623
329352
571
281885
96074
351148
85712
135205
138685
19404
28502
197781
125368
244862
19648
22218
3641
3046
181633
21131
27185
106998
83179
72350
115343
1690
2383
144441
179570
385828
114259
4159
348780
23232
49404
44049
228648
123334
131650
2182
223749
106080
80953
28257
30071
123506
72830
10176
48868
19021
9203
274920
86437
103583
68344
22795
39148
35427
53630
73457
134218
211738
148999
2072
133802
173535
3983
14649
2004
73187
310455
133336
89507
3748
51472
164552
115169
108461
18074
212114
61729
862
58719
106813
200225
143232
103846
155765
154328
256291
132971
86242
4602
193194
154692
101381
1598
67563
219776
51840
4717
4250
130232
81884
62699
12288
106825
220818
2134
29697
1415
1947
2657
239090
2675
40403
127423
103721
264045
117942
2804
72803
99503
174326
6329
78748
1248
61150
189687
48316
1705
179207
70420
171180
237216
210434
198318
5302
45689
97783
57119
38158
188097
173545
157888
187924
350499
16077
179098
56768
15521
85130
22064
56604
318949
253533
245450
43273
233546
43455
24950
230354
28548
310263
87802
132631
100223
14701
23452
154528
62722
22900
228997
61920
101894
219717
30903
7573
55531
99231
75824
358055
79
55855
8540
27950
18371
7132
399351
159706
154811
127135
14387
30609
57065
13632
18600
8138
73275
29118
166923
136826
115629
99337
116967
2809
558
227791
172273
55136
143236
74244
58948
71882
66407
7647
81072
188825
6790
54332
9985
8809
18731
18274
298027
40565
252781
330384
3505
130399
74433
203339
192692
28639
3653
57517
61035
16601
41618
248623
164117
175379
16268
162554
228046
142405
85718
104677
283448
22372
103885
110208
48757
84899
23500
270
