146826
118055
14296
30714
3019
78465
115619
325653
28630
237444
22357
218173
89573
233839
224685
268437
238487
48162
162488
256905
59087
44904
61773
62905
32341
135612
9933
36648
67494
43282
57591
42903
18705
434
47128
360128
5832
48548
309107
48551
237183
18235
280100
68333
5197
40793
378
255333
108450
13226
706
11645
53866
310966
7941
2956
6642
20302
16450
177949
52046
101774
226435
120532
24142
52819
4452
125507
185676
243307
24774
82740
35042
200254
4865
104789
63275
28061
192938
238885
12402
16121
16416
4081
189668
167453
280224
33842
6631
17852
10228
148664
16733
4112
31970
12657
250639
70796
4594
11672
42371
81768
361416
5097
107143
42848
53875
89812
108725
81742
3830
176219
35262
79063
140634
225543
33051
38806
124197
259181
137197
98920
27707
337929
12169
43681
209362
4719
89694
91642
44011
24970
215732
63122
238093
7492
97498
35751
19610
102621
174697
36080
8407
11537
36941
240832
116110
43589
36679
17347
8744
24175
58775
75903
111902
45840
306932
28828
18893
93704
76365
88316
64543
46200
23695
73806
207235
314592
226912
174499
119323
32689
88227
104415
3207
5445
9157
268352
74357
69980
117715
13147
180508
300834
7480
264480
140353
112680
107429
31471
41102
38875
6054
69715
314
196597
179963
96622
3586
8412
36143
231057
191481
9773
51114
174598
12626
145872
75570
180307
11617
27923
1154
269735
115189
32229
206520
53611
202852
238690
21204
122167
144374
137937
15790
209353
42995
235090
31883
5635
20833
3680
47087
1008
159147
210657
132797
226256
109438
111587
148736
260037
161111
289167
179195
26712
2327
135605
11629
18847
7227
54636
226604
87040
137825
156996
65497
127169
698
67815
174706
119343
80834
368962
92011
62012
24634
4478
118534
219704
13422
225389
65418
64584
8696
13589
269402
189286
21652
11119
4418
84746
128535
130274
10109
10501
85691
205156
760
41559
93254
109122
160453
30182
11911
65265
6528
154242
47207
71511
30576
64075
286102
248692
81664
131658
36572
146269
152714
33682
37007
287944
246478
181505
69015
1315
282280
9131
52622
62734
10107
236516
89824
27822
246707
46819
40369
63576
127078
41300
36209
261605
283832
173941
106778
49601
15780
329507
14023
305593
49902
197044
39047
61943
38589
343058
108999
42683
222295
196483
18228
255082
6887
170262
59498
215314
126641
139774
197262
176701
212672
63890
12356
51940
313878
191607
47251
240858
94276
194197
122366
50701
153518
40237
40749
32019
25322
367770
255735
168733
75397
215277
304212
262039
106687
318339
167532
10832
123811
39387
41786
26459
69925
106644
58320
17690
96270
33345
173309
2026
108280
114620
345349
147592
16889
37518
52684
29383
14029
83284
124204
44729
202274
194561
110636
148228
10487
15411
62033
23204
265728
194834
178875
29099
13068
12829
2198
21346
191204
28259
20885
159690
68535
42020
66984
425
183364
150370
25110
201045
123026
280099
4557
12609
28182
352703
93093
245461
150879
70785
114508
109510
42363
38543
61785
298969
56955
4937
9276
324109
178350
224985
59240
12721
120515
60039
105799
170262
212038
279916
1389
169899
34106
169733
4851
4751
65348
49302
265989
162114
7622
62176
217395
48746
4758
31501
98134
548
179335
31474
273282
22253
46288
135579
200725
276175
258312
62911
48437
88636
28898
62555
88310
173484
97812
17158
65655
372216
49914
62524
92504
220645
43258
162722
51310
285943
264999
32403
199852
51563
48149
98136
26416
15187
138778
204260
71872
157859
43094
141503
74639
98391
177456
47896
83326
391
85349
48472
51126
10603
126267
71034
52340
76161
122037
157459
41370
8561
193577
31132
285846
45504
147132
213236
14631
108154
207812
74973
48530
20472
25893
7690
194147
79025
52554
12433
383596
30209
38292
40209
79014
209747
33516
341823
104401
79169
135351
449
20325
9257
5536
7853
83204
8784
3830
84297
375
180169
144210
202564
195493
3059
199316
148725
108755
81809
16598
67124
61176
235743
1070
143253
81113
36521
15375
143534
101726
142945
133187
105390
31128
12778
37726
136167
2541
30406
43334
148386
223842
226975
12647
117615
228584
95495
135566
57187
45810
352556
26030
42729
32705
858
60474
221186
1018
107645
35464
56259
236477
12585
17755
4095
25753
179310
79579
14757
15632
27065
68622
37029
90887
7232
156924
21509
27814
53917
326456
46183
169997
5655
15708
18058
7427
3732
134103
127387
38199
204836
46889
42593
136191
17938
35560
18282
80664
119414
67875
7138
33112
149715
1219
17314
226
16494
269067
9889
7939
58900
350666
6579
46646
80329
186610
114381
40258
18970
117292
8036
4110
81405
157032
35511
149493
134141
111941
200160
66139
1148
134874
121609
12006
61589
90058
11381
4356
30030
76971
164143
279227
24084
160892
224553
267563
110443
250338
181700
11540
56278
105573
132852
39565
104892
19787
22276
161906
140601
4045
130613
228161
11685
8766
140326
60733
37611
2924
7330
354635
139525
4956
236250
8790
139495
64211
113111
68710
172558
198196
159985
32748
37046
4554
5590
243
141572
18028
85350
48528
79680
138133
159588
11100
284787
18249
10584
27347
56818
100441
53347
33747
60893
98179
40104
56984
91441
25467
145191
55898
116983
50434
114973
48840
16193
46385
120497
40905
75410
31051
266600
25419
77180
200756
89587
138119
149770
16910
50873
102937
93803
40604
2788
157739
5229
120209
19906
56356
164104
192923
31892
6089
42972
89867
31754
41658
24654
90461
117811
180589
178568
6304
5818
213509
176264
176152
77551
10348
195535
42709
45311
26166
267009
10122
115533
114429
342656
12581
307572
115978
66753
97668
127994
48873
2307
50805
18903
67143
77650
109807
24266
155638
161452
3212
82523
121773
64909
44091
190892
232600
113415
22820
58727
1665
14940
15488
248531
24654
54327
248209
219118
136859
271106
138072
112441
2604
167951
45775
266018
168579
3583
312815
149202
116774
35438
11309
80640
371934
34930
339169
219055
100280
16939
22970
93189
96973
8331
10616
315018
46634
182985
6678
194008
28076
60762
34891
22781
192410
80778
17052
62343
7937
290764
12749
324551
95282
8353
108952
129035
99049
187091
323665
68234
152949
73298
342654
16406
233265
17157
117091
148992
69685
204930
124643
120896
216322
287649
60307
123682
34686
213777
10982
47244
4697
254133
159049
257454
188288
25876
65085
10125
95070
67537
2436
113295
74847
87718
50045
4163
242191
21487
378169
253137
87922
170879
364686
30568
80172
24718
88461
25752
166430
146814
8158
11240
199949
91378
120483
263981
104368
23987
82102
34275
394505
7447
63628
65482
11888
316105
9716
196404
13371
181484
