1
1
1
1
1
1
1
2
1
1
1
1
1
1
1
1
1
2
2
1
1
2
1
1
1
1
1
1
1
1
2
1
2
3
1
3
1
1
1
2
1
2
1
2
2
1
2
2
2
1
1
1
1
4
3
1
1
1
1
2
1
1
2
1
1
2
1
1
1
1
2
1
1
1
1
1
1
2
1
1
2
1
9
2
1
1
1
1
1
1
2
1
1
3
1
2
1
1
1
1
1
2
2
1
1
1
1
1
1
1
1
1
2
1
8
1
8
19
1
2
1
1
1
1
1
39
47
1661
30
17
12
3860
23
10684
60
584
68
2714
9211
1988
13
564
25
12
556
677
7296
8651
24
4757
2166
3527
1416
5452
16
2201
9657
47
2880
4126
3124
10688
1192
6
17
4522
3189
4
8468
10697
7048
45
17
10623
5790
2713
3400
4853
8604
99
2
2737
6429
10442
10650
17
1194
7246
596
117
10678
8780
4181
2612
47
64
3931
1259
123
5239
61
18
24
40
9721
100
5479
31
8
106
22
9879
2742
2598
3561
240
5
610
5521
1341
27
25
3
10689
37
20
2377
76
546
32
3
736
1665
43
1754
423
9000
6444
31
5966
7976
496
24
100
46
1636
5
23
55
585
10705
9222
10569
10719
10585
7330
10629
10686
10620
10723
10718
10443
10630
10608
8285
10714
8319
9114
10696
10722
10695
9763
5399
10528
10712
10662
10718
10707
6411
10246
10585
6407
10707
10603
10707
10699
10715
10715
9623
6825
10692
10709
8062
5824
10699
10380
6397
10712
10121
10705
10717
8977
2587
10721
10701
9530
9828
10724
9463
10718
9601
9377
10715
10724
10709
10716
10685
6280
10702
10071
5473
10704
6368
10391
10707
10704
9803
9532
9845
8767
10194
10224
10720
10400
10712
10724
10695
9969
9088
9361
10719
8587
10712
10703
10717
9088
10725
10694
10716
9267
10711
10176
10726
10493
10709
10718
10689
10637
10706
10443
10386
5826
10711
8793
9643
10723
10712
10709
10718
5966
2777
10715
10463
10577
9616
10702
10609
8680
10719
10337
8218
9825
10703
10414
5514
10708
10716
10699
10661
10702
10722
10713
10556
10642
10723
10710
10701
5984
8686
10714
10620
10712
10714
10722
10703
9269
10688
7320
10683
10704
10723
9967
10704
8763
10714
10705
6983
2774
10709
10679
5687
10705
10692
10694
6738
9656
10244
10689
10615
10720
5809
10180
5906
6408
10718
10714
10711
10722
10721
9509
10711
10252
9069
10709
6117
10722
10684
10684
10690
9436
8183
10700
10708
10685
10722
10717
10589
8105
10712
10712
8785
10691
8746
8757
5820
10722
5767
9002
10188
10695
10722
10473
10192
10723
10702
10462
10730
10717
10718
10592
10717
10710
10718
10701
9423
10321
2449
10472
10684
10716
2764
10711
10366
6646
10716
10644
9472
2599
9911
10716
10706
7593
2760
10713
10705
10717
10716
9377
10485
10720
9087
10700
10701
9431
10717
10724
2487
10714
10695
10709
10177
10719
8546
10713
10711
10605
8711
8756
10725
8825
10708
10686
10699
10175
10705
10685
10721
5752
10618
10527
9052
10711
10697
2741
9894
10695
8806
10716
10689
10685
8533
10697
10620
10723
8814
8750
2769
10691
10717
10706
10644
7321
9910
10680
9976
6128
10712
9027
10723
10438
10703
10716
10701
10462
9930
9091
10724
9070
10722
10175
5652
10717
5955
10688
10704
10686
10723
10181
6161
6322
6821
9753
5182
10697
10718
4626
10689
10483
6074
6141
10535
10535
9012
10703
9343
8797
10284
10503
10684
10714
10347
9271
2577
10723
10252
10698
5596
9068
10703
9508
8958
8003
10621
9597
10031
2662
10253
4843
10725
10721
10718
10078
10703
9146
5828
9837
8112
10715
10720
2774
10719
10720
9891
10713
8817
10703
10715
6820
10709
10723
10230
7430
10712
10708
10690
10689
10706
10718
8523
10093
10712
5509
9822
10686
9062
7791
10706
10708
10710
10722
10720
10720
10044
9604
10619
5624
10703
2781
8492
10698
10706
10694
5405
10699
5791
10719
10706
9460
10687
10721
10719
10102
10714
10693
10721
9441
8808
10523
9730
10703
10672
10529
10682
10657
10713
10705
10687
8812
10696
10719
10247
10717
10711
10619
9045
10699
10697
10693
9050
10168
10709
10708
10714
10717
10724
10708
10308
10653
10723
9519
10714
6371
10701
10722
10703
10008
5139
7084
10700
10533
8199
10583
10723
9059
8568
10715
9965
10718
10722
8788
10711
10710
9446
5823
9561
2780
10703
8486
10408
10158
6410
6113
5822
10183
2482
8993
10674
10718
10714
6407
9110
8823
8456
9005
10088
9630
10548
10123
10715
8778
10595
10716
10689
8797
9106
8433
5786
9607
9857
10716
5997
8792
10571
10718
10709
10703
9310
10703
9735
6133
10643
10436
2776
10605
6267
10689
8928
10718
8371
10693
10721
10704
10299
5832
10680
9067
10717
10705
9542
10707
5124
10588
6274
6391
10708
5185
10722
10714
8582
10722
10589
9703
2438
9865
10679
8416
10715
5679
10722
9719
10723
10712
10717
10711
10718
10458
10725
10620
10723
10697
9949
8201
10721
10693
8818
10714
10702
6404
10716
6406
10686
10707
9904
10711
10693
10442
10676
8194
10716
10517
10278
7604
10617
10692
5814
10715
10717
10705
8254
9376
2702
10431
10658
8879
10719
6408
10694
10698
10096
10684
10708
10688
10690
9801
5997
10643
8110
10713
10410
3508
10713
10698
9640
10597
5516
10502
10680
6218
5830
10717
10716
10644
9985
10564
10721
10708
10722
8960
7789
10719
10037
10499
10606
10175
10706
10637
10087
10600
9059
9988
10709
10684
10717
5827
10685
10702
10682
9385
10687
10621
9669
10649
10719
10675
10626
10719
10277
10691
10623
10616
10713
10576
10450
10701
9258
6402
9667
6406
10064
10489
10619
2818
10615
9645
10176
10704
8114
10605
9883
10721
9536
9303
9110
10622
6107
10721
10702
10720
10711
10715
10719
10715
10721
10720
10714
10688
10713
10725
10722
10250
5165
10704
6399
10712
10700
10718
10697
10418
9342
9907
