302479
106429
25287
4519
313626
312524
287417
687
230670
122029
34961
169381
157276
143151
131419
166693
10551
198116
18073
32617
8332
138450
205679
48182
174741
7806
18199
27331
265343
320892
15686
4401
21905
274362
2750
49150
64235
14936
17755
1189
131625
66631
329
17225
107267
194722
40146
13971
374223
5215
179370
196373
69356
24885
71339
68051
2100
86802
1076
30887
22811
17879
138905
33919
103802
18843
42039
188682
162419
123135
57759
180051
373613
239351
269843
164851
75392
185628
19154
115895
168755
290883
8692
69918
43437
57077
51422
298918
84911
47789
34971
30075
351827
7083
134369
129153
5694
8000
346096
223650
1926
338194
458527
332572
24188
138922
58265
96763
188267
295022
201659
331480
149937
22967
212309
150320
46553
183830
364140
12985
20390
397010
260765
6764
27785
186583
207851
4723
3703
161846
34970
193614
74799
184924
14868
143230
135919
138980
22236
536134
104558
257581
11412
407013
225929
77106
63593
29372
182200
269137
2326
16533
41843
312141
25382
102596
238987
90074
13732
37479
132778
56770
1118
199203
28655
81555
480083
91524
441362
22757
115315
190693
99114
143535
198291
9517
33637
217951
26602
142968
6880
185186
334786
479
416612
193332
44651
86827
185782
47720
1703
237018
220154
49010
423879
417561
106399
542430
113490
343891
73994
162645
63998
441936
85994
87407
372609
6632
27235
146235
173894
131896
62221
121783
362033
16539
230831
159661
115663
12780
19712
121972
3342
35674
258230
107690
126196
173
169738
6188
2412
88050
345600
51339
108473
23516
395002
121569
173142
98987
148387
56943
103894
134948
60805
308657
6108
64626
84156
56746
35168
122210
309676
120634
69414
3483
192805
53426
140485
38272
90225
310352
302345
270418
257040
234865
74703
2574
8393
248067
553475
205938
149930
6135
182124
374566
182442
10282
57273
55795
231903
415946
100129
266028
310911
55313
162321
340266
7622
126290
221728
174371
126040
333068
79612
118261
192125
239658
194848
31541
87390
251566
329492
309157
38572
68128
75761
147787
492705
44744
248945
18068
270236
17598
63563
152089
63395
558039
54625
11256
221658
188433
74761
4104
402343
286829
43039
355498
52125
42435
6207
179394
10527
37045
314236
115080
138324
188519
139040
59887
76015
162358
105485
137556
156323
258748
41309
261137
439
159210
218113
166704
118654
130631
235772
47573
125847
347094
234633
189010
246581
21690
27705
64611
93486
59309
172109
479896
107041
17204
140629
30423
321719
110235
18573
62674
5778
25513
245502
89626
400551
213855
10177
111586
292986
24638
126121
184263
279744
17830
239919
9823
350119
22712
2005
317184
271876
204496
135948
58789
218242
78968
101536
25102
377654
19263
188091
231578
17658
10969
423890
53590
181569
141140
56364
274519
322065
537197
68122
286860
105205
216188
2034
217945
21450
525
257573
189721
171522
357485
435536
10196
70852
62282
127932
32163
293155
112533
68905
158385
87923
76093
72267
18773
122161
180102
218890
5325
108547
259189
207988
311619
17278
218169
11136
162301
2501
41767
18434
201746
126098
59945
178820
75254
162697
90169
19249
77942
145773
271808
32319
6773
163368
10221
70217
280844
25762
352114
112754
247347
49556
15921
400234
233392
26882
325391
66639
63484
469634
187466
60620
222027
45709
7113
219003
445052
127851
121927
205641
69157
320360
54175
163577
61823
50260
74108
169812
275968
90360
103702
129861
86996
244281
28849
132345
65611
365118
6379
48361
15413
51473
62500
27426
470720
126151
40466
241517
133814
134961
165167
94219
109625
4158
95248
264668
170153
24635
1070
6108
4301
407542
133822
468776
4301
90958
151947
41573
108109
381071
489564
71659
26068
298177
2363
392729
22936
16285
105666
66084
14004
7303
345486
89538
323430
62450
42844
27364
33946
181717
44272
12656
139430
183938
169994
88666
82749
70220
79612
29158
126406
69295
431639
221024
170778
82798
183449
282759
134769
41194
35357
3239
115810
103169
144953
55227
362043
57517
199116
456999
155513
121906
481567
172550
246720
362662
21894
205187
101443
268763
62453
413112
227157
25031
40051
6644
291460
24677
431982
403336
80789
386034
7049
197397
158586
76009
256123
38048
251129
10190
43225
224252
16522
387201
29249
154772
372905
7933
112368
146275
31885
47614
30284
267381
220700
1290
20228
42958
46021
244091
295031
358830
448256
83991
85738
41815
199403
335428
55797
77542
2108
539766
162019
370265
172271
216317
492394
51087
139414
74304
15731
271209
10682
128165
11592
374548
167389
136778
171220
99652
4998
113239
267468
146764
29407
77338
15040
681
38286
21634
6168
77033
496719
25592
195232
10090
53275
405993
270466
257746
200747
31281
71556
43849
52266
157841
156724
226197
519
24808
106568
37539
493425
25725
141559
157959
60469
157582
26437
85724
35418
4338
354663
269536
55581
143785
209919
12520
266420
451937
11210
173558
200462
224561
255513
115345
43024
58617
1997
254867
363831
158158
59513
104955
46221
306505
67078
149458
103714
400813
266101
8562
220372
222386
165874
104093
245691
175524
100000
122502
102349
929
6460
150340
31928
194440
66838
57368
34028
275535
307579
197828
506554
4239
110029
355252
4531
174124
131305
238982
3641
93068
62007
268210
93255
207720
481595
6111
315046
226566
225551
8239
87473
68574
62499
178538
10584
221801
4452
19718
428494
475613
95978
13912
5822
42155
16639
44016
118136
40129
34909
25890
242050
61101
62461
112387
200326
171418
131218
78602
168824
87322
264410
16907
98276
458945
93966
416567
37652
238553
140322
115537
33205
540007
107672
305847
12393
216326
14679
188138
192660
264658
49282
96931
15822
33262
53692
58394
100606
21645
80800
299059
44660
70104
212151
176636
46660
173745
41699
9622
153237
202820
9105
493745
43592
98845
103021
91956
101366
478263
160109
2271
42102
56440
59205
153878
199579
392123
41922
216564
374170
510481
21290
250907
288842
156939
168920
83148
45413
67184
32440
3699
318489
51079
10612
107458
35079
53915
202406
95059
13884
276167
114505
329002
32029
30675
125990
119221
28199
230053
241698
441129
329315
202820
203749
258418
197107
295592
264553
33871
261336
219294
218343
27620
183124
502749
189686
238813
87459
48694
6947
394548
54534
83952
40240
3717
81705
35045
18866
25813
167398
109766
86817
313119
268945
130949
396155
103069
73194
312466
209318
133946
195528
64916
19551
27544
18113
3582
37432
63752
363105
150922
29431
178356
311933
46677
442295
5121
470139
446602
73580
210152
236196
260869
198327
6603
370298
338030
43885
62620
133498
44472
209192
41589
6731
43884
122190
368522
49768
248890
78761
3196
73067
66860
32813
439348
89480
279117
14071
163744
223582
