1
7
1
1
1
4
1
13
1
5
1
1
1
1
1
2
4
9
1
2
1
1
1
1
1
1
2
18
9
2
1
10
29
1
1
2
2
10
16
1
1
14
1
1
8
1
1
16
1
1
4
1
1
1
1
1
1
1
1
1
1
1
1
2
1
10
1
1
1
1
1
3
3
1
1
1
1
5
2
1
1
3
11
5
1
1
1
2
1
1
1
2
1
2
1
1
1
1
1
1
21
1
1
1
1
1
1
1
1
1
3
1
1
17
1
10
1
1
10
1
1
1
1
1
3
234
246
1385
4890
5877
11966
402
2319
6475
1228
8480
9171
2615
2283
9852
15482
1576
740
4298
3618
518
5239
189
9936
6698
2319
2253
4205
327
507
1
13434
2636
3605
3278
4297
7883
403
4958
4594
7747
11338
4661
12588
450
8360
3619
1930
1712
200
3569
6754
703
4025
3646
10650
1490
9775
2696
5780
15334
2103
2344
204
10105
3241
3502
3615
7169
2425
2880
16429
10733
969
7216
10947
3602
4031
7223
123
5665
5173
4603
339
10844
11074
2224
1880
1434
11462
562
10992
1888
2098
1537
10307
13420
1481
2522
14634
764
151
7507
4338
987
1741
8685
813
350
10279
8469
2712
4196
1887
732
5665
1445
13711
7239
2851
10858
6272
144
11472
1210
13106
15107
14774
14627
15138
15598
12849
12760
13379
13988
15324
15628
15116
11444
14186
12459
12588
13864
14477
13121
15610
15606
13358
13643
13788
11769
12310
15526
12858
15280
14914
16219
13331
12944
15468
12627
14356
14205
14110
12726
14479
13709
14955
13861
10782
14888
12682
13793
14079
13182
13558
12137
12622
10843
14443
13615
15220
13976
12999
15859
13714
13293
13671
12782
12368
14488
16708
13258
16206
14303
13089
14108
15833
10448
11734
14613
13918
12392
13237
15225
16675
15053
13114
14455
14670
15413
13240
14590
12251
14245
13826
15788
14280
15886
14660
13459
13359
11639
14415
14947
13859
11708
16599
13237
13009
13252
14551
13645
16728
14205
14865
16450
11700
15892
13538
15924
15399
12727
12320
14606
12087
15504
14395
17033
15846
12794
14923
13047
14956
13808
13855
15494
13519
11622
14859
11637
13752
12586
14915
16364
12159
14019
15716
13500
13058
14673
11389
15864
14414
15669
15524
16935
12890
14172
15664
13588
13894
14027
14966
15745
14637
15409
13765
13846
15848
13610
16586
12924
13758
11559
12652
16115
14861
11134
11477
14085
15842
15269
16625
10410
17026
11764
15729
11883
15232
14838
14695
14452
16364
15349
13685
14190
11083
15109
13697
14582
16847
14734
15917
13411
14308
15947
12730
12983
12566
14149
14119
13231
13787
12110
12735
15531
12461
10116
14087
14857
13393
11363
16777
15326
13610
14562
10902
14074
14398
13722
14163
15094
13679
13562
13860
13152
14850
15827
14332
13559
14901
13872
12824
13818
12903
15436
16306
13726
12069
16680
11135
13802
14307
13584
13848
15345
12049
14463
12556
13970
16235
14269
14448
12382
16361
15241
12603
12998
12966
14775
12579
13312
12140
13579
14464
13975
12139
12981
13354
12416
14094
12181
14072
14704
13900
16884
11178
12686
13750
13505
14025
12460
16112
15135
14447
14706
15880
13058
13536
11251
13647
14076
14010
13710
12549
13828
15905
15548
14682
15411
13508
15210
12104
13801
14217
16844
13373
14161
16652
14781
14146
14279
16896
16878
14831
14672
14153
14342
16145
14697
15777
15808
14712
14244
12325
13323
16921
10480
16440
14512
14493
14069
12964
14519
12166
15217
14365
14778
17018
13343
13380
14836
15810
15603
16230
11807
15434
12481
15045
14414
13688
15169
13507
16747
13259
12608
14103
14470
12826
13329
13701
15158
14801
12994
13748
14623
15385
13736
15924
14738
14254
11496
14837
17115
13508
15061
13077
12962
16392
13536
12576
13534
14811
13579
13362
16224
14588
12796
13785
15045
13290
16646
12861
13067
12206
11718
15143
11598
13907
13556
16718
12907
13931
12470
15532
15049
14234
13395
16840
12720
12825
16999
13230
15348
14406
12732
13437
14985
12033
13915
16482
13439
12903
12297
15865
13909
12431
14230
13436
14999
11781
13089
14094
16822
14251
15458
16767
14113
14970
14544
13998
14534
14367
14057
12307
11792
13748
14322
14527
13462
13930
14375
16709
16757
13039
16002
14569
12943
12927
13406
13852
14158
13244
14052
13406
12156
12920
13765
16092
14766
15974
12202
13287
13561
14676
14656
14098
12365
14874
12112
12517
14140
13027
12970
14293
15838
13940
11657
10753
16867
13682
12584
14919
13975
12197
11144
12643
14702
15643
12478
12299
15418
14939
15580
14443
12908
12670
12003
15748
12647
13516
13829
11732
12051
15613
15490
15983
15465
15150
13644
14373
12985
12161
13351
14186
13514
12925
13920
13117
15562
13619
14342
13682
15197
14106
12565
13352
12357
13575
16247
15766
13537
14204
13137
14709
15244
12282
12024
15771
14427
13232
14556
14537
14157
14311
14371
13433
12489
13784
12405
16149
13672
15523
12972
15205
14973
15066
13232
13836
16253
13062
12786
12591
14537
11734
11565
15830
10973
14283
14142
15496
11544
11958
15690
14880
13582
15626
11754
13543
15631
15841
15239
14248
11186
15744
16046
16920
15568
15006
16611
15358
16971
15137
14262
11645
11805
14182
14692
11429
14016
11889
11320
11938
14070
11541
13135
13217
12916
15359
16673
14517
13487
13806
14454
14442
13090
13087
12929
13953
11486
14698
13510
15461
14317
10988
13704
13785
15460
15958
12621
16458
15424
16484
12260
13215
15218
14918
13034
13703
13809
16114
14929
14101
13090
15968
13884
14326
12394
13910
16999
14215
15406
13859
16579
14363
14149
13127
12346
11546
12642
13276
14288
16284
14151
16689
17055
13247
14767
12524
15168
11001
13393
15685
14984
14918
15557
13740
15736
13080
15011
14255
13723
16696
16144
15127
14878
11701
12375
15664
13642
12530
14769
13380
13404
13273
11506
15458
12205
15981
14340
16065
13288
13829
13276
15315
14217
12821
15400
15306
13710
11765
15855
14640
14866
15224
15090
13165
14108
13901
12656
12532
13922
12201
14323
16233
16625
14185
13106
11723
15581
12841
15286
15460
13834
