1
2
1
1
1
2
1
1
1
3
1
2
1
1
1
1
1
1
1
1
1
1
2
1
1
1
2
1
1
1
1
1
2
1
2
1
1
1
1
1
1
1
1
1
3
1
1
1
1
1
1
1
2
1
1
1
1
2
1
1
2
2
1
2
2
1
1
1
1
1
1
1
1
1
1
2
2
1
1
2
1
1
1
1
1
1
1
1
1
1
1
1
1
1
1
1
1
2
1
1
1
1
1
1
1
1
2
1
1
2
1
1
1
1
1
1
1
1
4
1
1
1
1
1
1
8
48
5
22
7
11
7
57
37
52
42
6
6
4
9
39
27
31
70
4
26
32
30
26
7
31
20
33
19
10
23
5
73
33
11
12
17
40
52
7
19
44
18
46
30
35
2
5
17
10
39
19
16
28
46
95
59
3
3
56
34
8
34
72
56
64
23
9
32
49
9
82
15
76
7
90
19
13
91
15
62
31
23
49
5
12
87
17
3
31
7
70
10
18
10
16
30
24
13
43
26
18
8
2
59
52
8
15
68
5
5
18
18
8
24
24
37
85
28
11
70
25
21
3
23
90
91
90
85
88
94
90
90
92
93
91
93
91
38
94
80
77
85
95
93
71
93
78
41
77
79
92
89
90
91
84
75
71
57
86
40
66
67
57
78
87
91
92
93
93
90
92
89
78
92
78
92
76
58
84
91
79
90
94
89
36
90
86
65
83
75
94
90
92
60
87
75
83
58
50
65
89
57
92
45
90
77
75
92
78
82
93
93
80
58
93
92
82
91
81
91
93
85
92
56
92
92
84
87
87
78
74
91
70
66
82
83
85
72
87
94
90
47
95
91
44
95
74
88
82
95
83
76
92
80
86
89
93
93
82
92
83
84
84
90
48
91
59
79
90
90
90
92
94
76
48
92
87
74
34
66
90
85
75
80
76
35
93
84
42
71
92
91
51
42
90
88
59
44
41
65
91
84
78
90
91
81
85
83
92
91
74
57
41
84
79
52
94
65
88
40
91
36
90
95
84
69
91
90
69
90
92
72
91
82
90
91
94
57
91
91
63
55
75
80
94
59
79
93
82
88
76
69
81
86
84
78
81
43
88
91
57
71
33
91
77
91
36
73
67
54
72
82
92
40
90
44
58
92
91
87
83
82
92
59
67
79
94
55
93
92
86
54
57
81
39
89
90
83
79
51
94
76
67
47
89
59
86
94
94
84
89
82
84
46
60
88
75
87
93
34
92
85
92
91
80
92
92
91
41
85
91
93
90
92
85
89
90
93
81
83
44
92
87
90
49
93
84
90
42
90
84
71
92
74
95
77
39
92
83
61
39
79
89
84
90
73
91
37
74
88
90
75
90
91
43
85
87
78
95
93
85
83
86
91
60
91
76
85
92
94
54
79
42
39
74
36
74
92
60
35
71
86
76
90
83
85
59
80
46
80
65
67
91
75
86
84
84
86
81
90
52
58
88
84
88
81
92
80
92
75
91
85
85
85
93
94
77
67
62
91
91
59
80
81
69
84
81
79
87
80
91
59
91
78
91
38
85
88
93
91
77
90
70
93
89
45
83
87
92
92
92
86
44
90
91
82
72
90
89
79
40
84
71
91
91
92
92
92
88
92
89
91
92
83
49
84
91
80
62
83
90
73
90
58
78
88
83
89
34
66
50
90
77
87
91
91
90
80
77
72
71
88
82
82
70
85
92
89
91
43
85
91
77
93
47
58
89
59
91
78
86
80
91
83
92
93
79
72
89
57
91
87
91
83
94
76
92
89
55
39
44
47
54
94
62
71
90
68
51
90
74
52
87
47
71
79
85
68
91
83
89
77
57
81
63
42
71
67
54
42
84
51
82
92
94
68
83
91
90
70
83
61
75
91
86
61
91
78
86
86
83
79
90
68
91
67
82
91
84
44
70
92
78
92
92
92
83
86
86
92
93
81
91
71
48
81
84
92
92
91
58
57
85
91
92
91
58
84
85
54
71
94
92
86
83
87
79
93
60
85
93
62
76
52
90
89
91
90
89
35
61
75
94
61
90
67
84
90
88
94
82
62
82
64
53
51
91
95
91
83
92
39
92
90
77
92
93
51
86
76
80
39
92
91
92
90
66
86
66
73
87
84
92
53
90
79
83
83
72
51
90
89
89
80
89
83
60
84
91
40
90
93
93
86
78
51
91
91
84
91
85
93
87
69
92
82
40
53
75
86
84
71
50
86
89
80
87
90
80
71
60
84
94
93
83
94
59
94
78
91
91
90
80
61
