543596
16041
384508
136233
106870
78150
119063
392949
65919
11784
181503
8401
290508
2338
454461
103782
120173
95257
127133
194273
62428
270721
4530
169495
2356
116953
259941
105790
1088
284541
98998
36559
9056
545711
36750
70665
236849
217434
12997
182316
49426
31781
170875
39980
26270
51092
501468
306235
149949
265637
48758
46145
23603
14806
323041
384206
69285
385100
265095
137786
40076
12336
239017
269777
89255
78938
189432
26328
912
6100
20492
22862
208907
66693
69139
3674
301689
51239
12615
162995
395885
192835
197936
21808
36643
4230
52580
93831
177803
45745
42180
126517
259593
128519
494874
8288
20132
124268
6625
459382
132919
30548
104957
117279
181911
254844
171723
250012
20620
331633
420245
35591
39999
133681
92638
274794
106399
236548
401361
124851
144580
100008
260888
61565
50104
63765
328891
49271
149084
130702
165421
13710
151324
259340
170347
372
92396
203422
119518
34307
42739
75336
98032
276132
70146
289078
104304
307318
17986
366764
232765
365357
25167
21077
9623
385348
19265
46514
100936
29389
346558
92581
610
515632
10398
68090
71321
34278
14355
459024
313709
409994
35399
43299
138320
28602
1674
205405
399728
274711
101959
145364
109050
329211
182703
29166
58990
45971
305933
392338
152848
100503
172506
9425
93501
9923
27105
101040
283405
72936
8986
199734
20665
44662
16850
217203
114179
132210
125371
120203
98190
11120
102811
30258
209267
111623
9516
34761
41123
276324
217784
90383
164023
239524
83217
57164
47600
80341
191823
33794
38370
9381
40527
437448
67629
195797
275823
2697
94237
2767
169925
53812
133246
26431
3938
136100
79408
236186
136666
22517
967
85755
222932
125938
34473
507935
122958
415243
122762
305137
376939
436449
34756
18195
199240
334404
13784
221951
463761
206553
204213
308901
26080
127410
312906
128488
222701
107595
124688
187574
63392
263387
51
44038
116285
100974
165617
336113
64973
290531
79017
251658
21993
74706
4779
10441
8111
152741
1759
253655
41689
447604
111432
45306
351334
27007
41372
266050
187078
108185
161273
167766
131934
13563
70465
451420
59575
19650
20083
497513
48098
153605
278490
173285
238
90012
253838
55567
48485
309397
156784
238946
6735
234592
185238
53938
244055
36499
258994
228461
133316
19027
11172
165603
137739
129304
148122
110267
54642
491742
265475
369834
32697
66664
140333
288504
78112
165103
15456
50495
126783
49851
11055
88989
40863
108678
162721
398638
156044
32556
349432
193499
160532
354796
348451
116427
29311
14842
72031
443115
198832
69284
3320
48487
325311
353221
181218
177021
16545
312153
322624
162228
70596
3037
256316
393620
58726
19339
47295
243102
345524
2395
16250
8556
67272
263721
343796
135039
85667
175784
142517
142182
43694
120834
342705
58301
36643
109403
16708
356666
149105
22159
3095
235510
64336
483561
423980
267414
189860
115506
75510
266693
577
154581
6763
229024
1273
171896
30183
120942
17939
127985
214040
23723
200420
111138
87600
33665
93200
8961
220676
4777
59752
58766
10290
242148
274486
188486
12682
251387
39395
30589
297483
38184
26864
91885
6937
9291
405422
33591
226462
216373
25351
140232
386275
32529
406065
101095
217655
333978
21885
132378
215544
38087
164833
218747
187388
286345
110081
218520
445051
73428
188906
117789
199721
50189
5833
44053
28428
328584
148955
325150
91848
320232
53885
101955
293
110152
26139
411499
47520
247702
50048
22450
27564
49421
94647
148017
204043
268947
98431
19342
140046
217762
75179
11829
271488
373048
38417
480729
208017
2911
2428
20599
8684
167838
24079
78327
107019
303493
355698
409828
63960
60335
7314
166016
472516
308188
286916
95508
114
49285
394008
399370
384857
174488
247837
172437
232042
89292
55146
436418
58448
10891
25718
51422
311223
45552
91780
392998
361353
68649
89382
111636
247576
82270
441378
104297
244385
34727
180033
33641
10457
73164
130354
466344
152088
73442
184767
149776
18323
67568
125254
111056
332556
183253
202242
305236
63196
343502
320729
337101
75671
252800
80745
464520
360649
182521
2452
136815
90290
42555
52636
16343
364038
226631
284643
50407
20099
385259
44448
158506
77716
156294
266881
302341
415826
292491
278538
3608
85978
71600
122
344883
206958
331314
246962
40338
15218
43980
158042
153486
153936
47901
135063
38783
116625
50984
206153
159842
75377
139637
457065
76338
182357
22893
64485
3072
61704
385022
203786
165848
374116
50253
13228
38682
43278
63871
183304
122967
89354
90084
5057
301846
32468
94786
225408
97057
87872
83561
431706
208373
92928
180653
10838
93649
297535
103733
39344
43251
328
10500
34732
3350
108949
365922
349821
17390
254492
31955
159535
9362
161303
42389
268385
314551
3758
98135
397344
214009
105138
94646
58707
75849
119105
266320
159332
54508
287555
227534
700
84225
85185
104300
191038
263101
67999
1463
13492
68828
11366
8590
103164
9158
3045
248442
52425
133094
50714
25277
120694
91876
212643
323796
200791
65123
353414
2462
231704
219321
458588
30528
23439
219029
77470
65565
431208
176046
33867
20433
32262
1708
147370
289340
205923
124760
467973
161846
62
41573
263194
231380
382851
13129
167531
34455
32719
35696
13689
396094
425773
7460
70359
3237
246863
549828
244149
98069
125649
446540
182801
218091
87232
14526
63757
172940
131954
15660
80296
156381
23925
36831
243650
303245
51595
309223
71174
247716
201713
26198
90938
188432
18789
98665
162975
388103
243593
85483
23603
58636
370356
22778
124002
170257
32827
76540
23024
152180
51557
1834
148869
314337
178734
33380
27928
214168
242116
2124
261589
367600
90000
90600
251576
2853
279658
101953
127766
64564
121769
443978
7044
67951
108551
12112
209864
37362
58877
12600
296952
36090
145133
36057
323491
94389
165316
68009
226359
197961
195015
214548
259279
4229
50272
216637
99754
141803
233912
118458
268343
91771
61712
36668
9156
1961
310142
212098
283981
519927
334657
40652
24881
47720
62997
295018
89112
501881
157323
143128
322928
325259
87289
18641
123835
421
155302
167015
8780
210056
318879
294827
72070
93226
145495
246360
8120
1462
35588
54662
143336
41676
21214
109839
83042
59793
36663
549650
106788
92948
178420
199298
100442
389181
155100
25698
11965
15582
81181
651
113614
136297
219173
198383
192135
135294
170645
137696
2910
165379
126079
43025
46023
78480
202705
261360
25316
46148
66922
199824
134959
325326
110392
223523
34976
172219
41305
30855
323632
206433
202954
117384
25273
60816
169075
28221
74701
83997
342017
14354
261713
207773
62798
241703
21710
25152
845
208308
65040
29468
210953
199811
30015
13919
178811
118488
4741
176268
266147
31603
23818
130083
