174777
7416
279333
165389
49215
34155
480268
69004
2636
86985
16974
42091
443252
243314
72600
61090
126571
379476
167756
57247
77598
317400
59751
110217
173026
21823
13982
409698
128408
251512
117204
126402
170897
97493
5729
202726
387790
4235
85752
324241
87238
79127
39585
89205
547332
465980
77171
35217
8187
746
118523
547147
236565
213891
515411
24889
253554
174332
49518
106718
354681
164679
61683
15008
133094
246749
4826
52941
426243
7578
178297
67424
16068
125950
106209
218245
177055
32041
56187
195063
57705
81171
8987
58373
371705
6623
371921
199922
66379
95070
289594
154409
321476
41999
64026
29128
6940
583
204790
36950
259039
104211
75513
53781
47193
219674
218000
21713
172645
49696
6776
135815
429424
298951
266367
212005
135004
272612
138182
184021
4846
82903
309949
34647
284508
26104
64003
178763
24240
90533
23807
57371
405688
18558
56494
134853
324249
91059
14385
100270
203014
201530
4300
20400
13515
217623
129197
66413
403145
152190
44860
128582
88954
139103
168723
316917
192286
4020
333521
29668
170188
55965
234679
103601
156734
76099
51239
238993
197539
19090
40754
4542
43763
295780
16541
323152
33977
217592
293668
509659
16679
139867
12992
4410
362893
473538
68706
58194
65427
295878
78458
338202
287917
336198
325286
61589
10423
308310
45448
12385
23736
60014
2060
328272
133320
142731
408182
67520
13070
77610
61636
381355
86268
259287
62339
8046
44
3816
193942
103182
27886
517563
274384
72865
300056
61101
177037
109471
47021
481788
143286
323980
177380
12553
167854
93338
72260
216243
174916
16338
157983
179411
1721
254639
106581
54826
81674
66375
91804
108969
291212
96299
155327
518696
28296
75212
178175
206381
44992
154938
31229
30918
299676
298064
48774
336114
89413
68581
226948
55349
48876
38610
40523
100906
12267
37621
494642
164032
312698
157823
73032
251494
255799
205597
367414
152899
174321
89314
172694
102317
311545
74124
152853
1016
189506
100997
323064
254873
76562
15930
150827
123126
175544
202783
54313
415521
113384
19710
170824
61709
301298
330334
426863
128123
174627
233297
398348
189150
88890
359353
185402
193264
2021
173646
281014
148497
3358
57730
33725
251870
241125
149957
222272
71462
16418
114111
63415
381396
47229
173652
212890
69565
2622
214208
8823
60318
271292
82941
80842
124846
523098
200054
27358
419917
174882
83147
320771
134924
478060
100294
202851
507
2049
335476
32803
374959
182129
206321
41416
170659
81502
234555
113944
122402
43606
45281
293564
36799
44179
160294
156093
97289
215840
484706
177534
125165
17649
390118
490107
376958
29765
9791
39761
63261
18599
385009
173267
8795
53419
193229
357852
100580
86344
455371
57934
56677
86123
139549
173686
12766
11596
33647
39791
90634
98199
169047
166500
123296
29540
103394
445120
216266
120115
429680
148338
28286
94897
40741
10855
440492
134645
24409
35227
94600
139179
58485
186800
25255
58191
303446
77963
56630
177244
11163
2411
29553
12771
72067
250413
116188
204552
100249
154819
306
107801
439460
255240
250211
26135
31412
89139
13726
55117
73873
184811
11607
94697
484411
214653
55978
43282
103129
63507
14926
271382
7578
237764
286459
373053
54619
181608
35995
248934
284629
3322
49322
294831
17815
44269
35867
328878
269170
237672
19652
69451
68847
108249
189433
61490
283246
39707
236649
156930
33172
73093
434442
11582
317026
39627
387885
11370
19606
156486
40382
39633
190376
42461
56583
12998
140170
159957
41221
55110
380368
91667
118519
159381
13260
164816
117897
358979
48416
40464
205660
160588
169244
316526
27354
62850
190337
412980
5660
10828
123549
155828
19947
104200
172031
156724
28933
140025
452789
162705
171724
380142
135721
68210
194463
50829
69562
174722
26832
25712
184204
55551
219130
96088
22252
42724
146718
264355
274927
141787
22603
163775
205542
276322
76606
228496
40888
285933
289901
53787
119519
9450
233779
1570
34517
313472
136628
367077
47981
113316
11439
33607
148588
267251
146759
225703
275987
116260
113079
5860
148431
261399
359756
813
96503
59594
239
74245
2916
386079
27403
1060
169488
89537
38864
11012
57896
280798
41215
498949
10553
16804
73923
8498
503983
98849
4954
248562
24387
176990
46905
152884
31874
29766
223
372741
62650
42777
280503
3144
195578
233694
16302
132181
270930
84389
178868
428149
90829
36411
123206
5872
98554
40910
203170
459921
59973
22703
199697
3629
79203
33716
309078
205738
499128
185064
1119
321619
82222
100669
292052
25290
328545
211116
151327
193586
293959
8483
55083
62105
16336
345638
371829
83506
107241
38753
56384
208283
715
214122
135623
19863
163168
11647
159097
371916
351798
170378
23238
323585
509284
360740
112491
307562
92043
25912
68723
83628
153162
68876
80543
48760
19780
262173
160400
177160
504360
52937
100254
226995
23899
4530
31152
37679
182393
40040
92135
314905
361320
369024
112163
3744
448358
36860
46286
232046
464526
68551
23624
120039
174683
193142
76770
273191
14123
435998
319595
107887
21560
456045
43051
122675
125215
56510
102952
252843
468180
9392
121481
257172
3926
531492
8904
212239
2082
59038
230258
324145
12031
129353
160566
80851
6052
337268
47848
217162
415026
221703
53798
244820
285041
1846
105190
74629
123371
5512
40265
85126
24209
126229
4126
267401
65574
115778
335553
229346
48151
7904
162349
229733
199457
367628
143649
11722
277308
13351
266689
178041
74595
80392
429352
91219
5759
285321
2523
123855
304675
53996
114998
145404
187634
225227
227900
130898
245
166681
7307
165648
2866
63061
13725
104412
243924
78903
158907
59382
334483
91246
175839
270691
21315
122582
244783
78666
150171
77775
268700
9449
191775
8780
9418
424313
22125
12553
126275
104662
12283
291349
96332
333729
72359
32234
125531
404982
62084
578276
150257
89975
182595
290232
103954
385838
112496
269951
502054
238796
160686
179529
266329
186714
3354
124656
118434
189223
20600
221463
198892
195613
421985
290352
50497
85757
414322
187568
108616
134476
335402
180393
14657
146099
228199
56603
154630
349492
64291
121040
13361
74702
479835
245697
125601
452339
233165
40299
46632
331302
344816
65965
55890
7791
32678
2654
21428
2465
448797
397452
282178
315770
43444
150818
173182
13067
399316
39701
96978
72270
234685
175566
246661
147362
244902
238719
140950
74481
233319
323743
325053
79184
347519
202646
331401
82457
155438
45509
160930
214105
93327
196057
23949
58705
292541
118659
3525
7647
7899
16052
213698
436660
361947
364313
418858
176826
27357
353057
5271
151979
502931
180779
128605
217404
218145
26260
44293
137642
29659
38159
521345
454982
24843
114711
23441
48661
180
420757
267833
4003
245663
