1
1
1
1
1
1
1
1
2
1
1
1
2
1
1
1
1
1
1
1
1
1
1
1
1
1
1
2
1
1
1
1
1
1
2
2
1
1
1
1
1
1
1
1
1
1
1
1
1
1
1
1
1
1
1
1
1
1
1
1
1
1
1
1
1
1
1
1
2
1
1
1
1
1
1
1
1
2
1
1
1
1
1
1
1
1
1
1
1
1
1
1
1
1
1
1
1
1
1
1
1
1
1
1
1
1
1
1
1
1
1
1
1
1
1
1
1
1
1
1
1
1
1
1
2
8
22
6
10
4
9
25
12
13
11
9
27
12
6
5
5
17
22
3
14
12
33
12
9
12
10
1
7
11
12
2
11
1
4
9
15
12
18
5
10
13
19
4
5
12
9
34
34
1
10
7
8
14
27
18
14
7
11
10
9
19
12
9
8
6
18
10
22
22
1
7
26
15
17
34
1
12
11
11
17
7
19
2
9
2
13
19
8
6
3
8
3
3
22
8
28
3
14
18
23
16
13
23
25
13
11
25
5
13
6
6
9
26
9
2
12
6
11
13
5
13
6
19
14
9
34
28
25
36
26
36
27
36
26
35
25
36
36
34
38
36
27
28
36
31
26
34
32
35
24
28
27
27
33
29
36
25
26
29
35
25
26
36
25
27
25
34
36
30
36
27
35
26
25
30
34
37
38
24
27
25
24
29
24
28
24
35
34
26
24
25
31
33
35
25
32
27
31
33
36
36
26
26
26
31
25
34
29
25
25
34
35
33
30
24
31
33
28
27
26
35
35
32
30
24
35
26
25
25
33
30
27
26
27
24
32
27
35
32
31
36
27
27
27
24
30
34
28
35
29
25
35
26
26
25
25
34
26
26
29
26
30
26
27
30
28
28
24
25
35
35
35
27
27
28
30
24
23
34
34
35
25
30
34
35
33
25
29
22
33
34
26
34
32
33
25
25
28
37
35
28
31
24
25
30
35
24
28
33
35
26
34
36
35
34
25
26
35
25
25
25
34
34
29
33
26
28
23
25
35
33
25
36
34
33
29
33
29
30
34
29
31
31
25
37
31
30
34
35
34
33
35
35
30
24
33
35
28
24
25
35
26
28
34
26
32
25
37
36
27
36
29
35
34
35
36
34
30
29
31
35
37
28
25
35
34
28
29
32
37
25
36
35
36
29
24
34
34
34
34
35
30
34
23
28
27
30
28
25
24
28
33
24
25
29
30
24
36
25
25
31
24
36
24
32
27
29
35
34
30
34
19
35
34
34
35
33
25
34
30
32
26
30
32
28
28
30
33
31
32
29
34
34
25
25
28
34
26
36
25
25
34
35
32
32
34
36
21
27
32
25
35
32
25
30
30
19
35
36
29
34
36
27
27
23
23
28
35
33
31
34
25
31
32
26
33
37
25
34
36
26
24
28
34
17
31
31
26
35
35
26
29
28
35
23
34
25
33
25
27
26
38
33
33
33
24
34
29
33
25
31
31
29
34
28
28
25
29
34
26
24
31
28
28
25
25
29
34
35
24
27
34
33
26
35
26
36
29
36
25
27
24
34
24
29
26
34
32
29
36
35
29
29
33
25
26
37
25
29
33
26
24
34
33
28
25
33
26
33
35
26
25
35
35
36
32
30
27
25
34
26
26
24
33
25
35
24
29
26
26
29
27
27
25
27
26
36
36
31
26
32
32
34
25
35
25
33
34
26
34
34
31
27
34
34
34
25
35
27
35
35
28
27
28
36
33
34
30
28
34
25
25
29
34
34
25
19
27
35
27
33
35
27
27
30
31
25
25
27
31
34
32
35
33
29
25
26
19
26
34
24
26
26
34
35
30
30
24
34
26
24
35
28
35
24
25
31
25
24
28
24
34
26
26
34
24
26
35
33
29
35
26
25
30
33
34
33
33
32
30
36
25
35
25
27
29
37
26
28
29
25
25
35
34
25
29
26
26
34
24
35
34
24
26
29
32
25
31
23
36
26
24
29
29
35
27
30
34
31
29
25
27
35
26
25
28
32
25
35
35
35
30
34
26
28
34
32
24
31
25
29
37
34
36
27
29
29
28
27
35
21
26
27
34
29
24
26
35
22
28
23
26
27
34
33
26
34
35
35
36
33
25
30
26
34
29
28
26
29
35
26
33
30
35
35
36
25
34
27
24
35
19
35
26
26
25
35
33
35
30
31
36
33
29
35
31
32
25
35
35
34
34
25
23
27
31
26
36
24
34
34
27
35
31
26
28
28
27
35
34
26
36
36
30
31
