52507
51626
264566
290150
49781
42333
23737
76419
22919
56983
61231
3306
10664
115216
3893
448
13806
37616
101562
124127
119489
164681
16414
55778
10729
26400
451
12369
10713
96073
80825
381274
159381
147183
310048
55082
1630
75017
138421
145623
144158
103748
71876
20646
51442
12779
114122
14469
117300
153128
23438
219058
59568
75175
381
70090
115361
169969
205206
390636
148396
109867
307159
79995
18573
152114
182544
203967
8683
54599
245294
149801
186668
280459
30429
122623
112879
25119
255864
237077
17270
271849
345249
18416
19657
77574
78837
45973
343348
224796
319392
12641
131143
3984
30953
7370
54635
2079
14239
13643
117885
43440
81797
149
32114
241191
64642
29025
58839
143547
68727
265121
172313
28367
62972
21386
36520
265572
6283
1131
69790
14056
67853
4892
219627
94771
94579
97
223062
140787
141254
25493
111983
220738
5687
73922
121200
56488
19745
14039
229586
789
40436
40848
34393
165219
100394
5994
80324
117160
27285
105622
5215
89097
25530
356
257709
104560
229603
47357
56911
4719
76618
293307
179248
28676
297308
53442
80734
181904
11406
195659
70658
9474
187135
83379
55990
7766
154026
264279
37112
69330
542
22124
125268
132096
1659
2250
82885
67269
47594
149789
61749
269455
129886
349
47833
912
108996
9225
32591
19875
35481
130803
4138
113707
10119
184253
227122
1588
343408
84208
101829
89551
149526
121242
41547
11078
23735
22322
1385
43646
53371
3896
284787
124779
135480
229779
290286
12667
41914
27372
192293
166555
370
142104
288876
102393
313229
187317
282813
2392
67404
144986
83467
40678
74407
176062
4088
9638
178947
106466
122348
38977
115673
180589
289041
71829
66477
15369
106835
86722
48651
217930
47632
130789
4867
23152
8879
59385
59682
42411
57050
64857
166578
161434
18310
107780
53144
32806
42715
133120
40660
142618
47267
340932
158118
2219
111928
291832
99183
268439
77550
206832
277708
325433
77377
331030
37705
251413
79678
179739
39783
358371
16750
245767
228690
117900
21238
196532
330509
6355
6190
270539
196886
120045
84842
394346
5472
39071
218885
87106
95688
16286
89647
165818
122905
29706
66168
10815
248802
61774
24004
121851
51965
67924
119913
41885
49926
87913
89280
67094
18016
11636
5659
80775
228221
82317
9262
266168
115794
137
170621
7590
1498
218353
4708
131911
22762
117826
205139
170699
121470
25747
22527
9539
223171
110818
62210
76956
97340
333097
347431
28488
54783
1387
22118
12559
50768
38157
44405
71516
206660
1888
232717
359184
169899
123155
23331
230043
219362
234193
12930
46291
50480
92670
335668
27444
399857
249436
88263
49331
192574
115
266976
149775
92071
91731
151595
16814
89935
157658
126570
37812
13628
170701
6055
119611
1294
254363
25078
94634
21600
47070
44728
259425
220710
212024
14591
15661
117788
82439
314261
268432
120889
172218
78625
66967
132688
42591
64379
31077
291509
141215
373500
38840
25176
30785
175681
34726
69600
2198
15890
33508
144794
127325
277047
119929
165547
91287
180821
86200
164323
51705
13857
247855
148645
359085
44830
38743
64997
52094
31327
111161
42108
14607
194668
302784
31714
179990
166867
34839
15031
53934
2264
2746
44120
213974
154662
31940
37363
161869
63726
34484
22705
118122
59643
167975
148464
84161
92364
15691
103480
51513
261073
75855
72464
103067
298909
15834
176306
40116
74952
34968
125171
56483
14704
51408
71641
28627
7200
14430
1183
7973
58124
50240
60093
255966
5703
128611
55685
88271
13068
62343
99153
122947
99391
1996
49190
139700
258537
103478
38620
220328
166349
146277
111119
169491
232322
53210
131431
92946
152819
88536
1284
80633
47954
49307
222795
57465
35215
35831
261388
121855
219887
123882
5161
7791
162264
51954
94624
151889
94579
134924
219087
174059
208434
153231
71982
54978
15271
68156
375632
163370
38289
138351
47024
80152
26789
93954
3046
17298
43546
16098
94747
172863
197456
222583
116169
172180
187605
226820
291945
92445
19028
99845
22561
224681
24996
65976
395230
74271
5015
175287
26877
86185
24264
290869
77128
73296
322998
206919
56983
37247
141035
42011
330634
135083
236582
170556
69765
40421
157827
9200
30322
89890
282025
93309
59250
22042
92271
81401
252282
190557
36934
92782
79136
137406
134756
182822
61151
7730
266346
15426
116142
76114
243763
115003
89314
206223
19084
133353
293446
182827
228175
43366
175864
13603
19586
161812
71489
125112
159439
185025
326610
191120
164710
123993
36399
49109
31971
9361
231343
2975
235450
22038
144406
107454
83682
102413
109678
134550
113338
171963
108248
244305
81065
24850
251344
70027
31879
147592
221557
39525
49962
52281
1522
9257
9728
128101
142243
271700
294159
1845
143479
58943
138831
145360
75582
251151
10393
52158
18036
128198
71940
151625
228641
385171
145147
109130
265666
43995
21627
201704
67994
64166
44741
171752
127121
70685
174463
70144
216095
256010
318006
344720
210013
214271
31548
113420
16689
73786
53901
66095
90745
347503
221879
53765
20067
4117
4224
189085
136679
62723
81649
254157
69520
63402
28098
23312
168525
279006
183173
305409
14862
27353
121948
88772
3165
147133
83272
17258
35869
60201
234972
1147
186405
183783
79095
57542
358180
266485
62806
141593
59400
69108
12920
31207
59677
33826
20963
27634
261870
92581
19873
16148
8804
198788
22469
72665
26563
66017
47209
19107
17946
122037
75387
80560
48783
86018
74135
12896
17659
31425
144182
199338
132643
39266
33424
11814
140829
121026
46685
302204
37986
181304
33663
213150
209402
10575
253855
65607
142487
19224
249992
224571
5200
151436
54976
54898
187285
84405
178118
239044
34172
32677
29158
22017
33329
231514
85433
14192
11083
28912
115308
126930
11142
120875
149527
35880
24070
48010
66567
3362
58938
28369
27885
78074
196669
70922
23089
182008
156052
326908
42047
87282
13105
26396
141786
7388
32808
283620
27540
60782
124912
173084
22442
36539
96497
170987
43068
34179
207923
105353
108361
94451
23039
50289
79338
55785
197262
497
86374
126126
359986
103622
126943
47588
112078
28790
363049
150773
221253
194326
208070
48420
300902
242544
72454
67160
59545
4426
134554
59937
211029
44476
28164
10141
69417
82334
50675
33260
47259
237660
123772
117827
18974
40534
58567
81916
172318
19417
28767
94724
56502
21531
74601
235328
88317
27767
23644
95099
162231
140359
258689
36762
1686
11739
126251
119118
70689
5106
131208
317764
180047
2420
138225
322712
166073
49431
153512
25680
58421
3904
144457
21406
18205
179753
179757
198658
14560
74586
343872
27637
96643
98817
47
34416
69
69592
