1
1
1
1
2
1
1
1
1
1
1
1
1
1
1
1
1
1
2
1
1
1
1
1
1
1
1
1
1
1
1
2
1
1
1
1
1
1
1
1
1
1
1
1
1
2
1
1
1
2
2
1
1
1
1
2
1
1
1
1
1
2
2
1
1
1
1
1
1
1
2
1
1
1
1
1
1
1
1
1
1
1
1
1
1
1
2
1
1
1
1
1
1
1
1
1
1
2
2
1
1
1
1
1
2
1
1
1
1
1
1
1
1
1
1
1
1
1
2
1
1
1
1
1
1
8
3
19
7
13
17
14
9
5
20
24
1
15
3
12
27
21
28
25
15
9
20
13
6
28
2
12
14
13
6
37
1
14
12
35
23
19
27
7
14
4
8
26
26
10
28
11
19
6
45
37
12
6
4
1
14
20
2
15
8
8
19
18
9
21
6
14
12
6
13
9
14
20
9
15
7
11
4
10
1
9
13
28
12
7
20
7
7
5
43
18
16
24
32
1
11
20
5
20
23
20
10
12
25
34
27
5
3
28
21
8
8
33
13
8
16
14
26
9
27
31
25
16
12
18
36
36
33
35
27
26
35
29
39
42
43
29
39
22
34
36
30
40
37
28
35
30
39
36
41
32
31
34
37
37
36
37
39
32
41
35
45
46
39
32
36
31
45
36
39
31
35
36
40
26
42
35
37
32
35
29
36
39
28
28
41
41
47
35
47
43
43
32
43
38
37
39
33
35
23
32
38
42
36
36
41
39
46
39
32
36
44
38
40
29
38
41
28
32
37
41
35
40
37
33
32
33
35
37
37
35
35
42
31
38
40
40
37
38
33
31
42
39
37
34
40
28
40
37
35
40
31
38
27
30
36
32
39
34
34
28
29
28
28
44
41
38
38
37
32
39
24
30
33
35
41
42
42
35
31
31
31
35
43
33
39
40
34
33
37
33
34
38
40
37
32
40
35
37
40
34
43
36
36
32
37
39
41
39
37
33
39
36
32
39
38
34
34
34
39
34
23
43
36
39
32
36
35
35
42
39
36
34
37
35
38
34
35
41
28
36
39
45
41
40
39
40
35
39
36
35
42
41
38
35
40
39
33
44
33
29
41
27
40
37
38
32
32
35
33
43
37
35
44
37
32
32
37
36
31
46
34
35
37
40
39
43
41
39
33
35
30
48
28
27
38
36
41
37
36
37
39
31
39
37
28
41
33
33
36
31
32
36
36
35
35
37
36
36
29
41
38
37
37
32
35
31
34
29
31
37
38
40
38
39
37
36
43
40
37
37
37
36
31
33
29
38
37
44
38
39
36
32
28
40
38
40
27
37
38
35
44
35
25
24
35
41
37
27
34
38
38
42
37
40
40
39
40
34
47
38
30
35
28
35
40
31
39
31
23
38
43
36
30
30
36
41
38
34
40
37
35
42
34
40
36
37
26
34
35
34
38
42
28
32
40
38
31
45
36
33
32
34
38
39
42
32
26
38
36
38
40
31
28
38
36
38
33
36
38
28
43
36
30
36
36
43
45
33
36
40
32
32
40
36
42
38
37
36
31
28
42
40
32
34
33
33
37
44
36
24
34
41
37
35
39
20
39
44
41
35
39
32
40
34
39
34
37
33
39
32
27
39
40
36
35
34
38
28
36
33
33
42
35
34
34
40
36
39
32
31
24
33
35
36
43
33
42
32
31
47
38
34
35
45
38
35
42
34
41
28
37
35
34
33
38
28
35
36
39
41
45
38
35
34
32
37
37
35
33
47
37
37
32
38
45
38
34
34
38
33
34
26
32
32
23
30
41
39
31
35
43
29
37
37
40
31
36
34
40
39
39
27
34
33
23
36
34
39
33
40
39
43
36
37
34
28
45
30
30
32
34
37
32
43
37
38
39
39
41
39
41
39
41
38
31
29
33
27
37
33
39
40
27
39
38
28
33
37
29
34
30
37
32
37
33
35
35
38
34
36
39
32
31
38
40
35
41
33
37
34
32
40
37
35
32
35
39
37
36
40
38
33
41
32
30
37
38
42
44
25
39
40
32
39
44
36
37
36
24
36
33
35
40
44
36
41
43
33
38
39
38
37
40
38
38
36
29
28
39
37
33
37
41
35
38
35
37
31
33
29
35
42
42
43
33
39
45
37
40
36
43
36
38
36
32
35
34
37
39
35
31
36
36
40
41
41
30
30
40
39
46
27
32
34
40
38
40
39
32
36
36
31
27
38
38
32
36
39
37
31
28
37
28
33
45
32
33
36
36
32
37
37
26
33
