2
3
1
1
2
2
1
1
1
7
1
1
1
1
1
1
1
1
1
1
1
1
1
2
3
3
1
1
1
2
1
1
3
1
1
1
12
1
2
1
1
1
1
1
1
1
2
1
3
2
2
1
1
2
1
1
1
1
1
2
1
3
2
1
1
1
1
1
2
1
1
1
17
1
1
2
1
8
1
1
4
1
1
2
1
1
2
1
3
1
1
1
1
1
2
2
1
8
1
3
1
2
1
2
2
1
3
2
2
1
2
1
1
11
1
2
2
1
1
1
1
5
1
2
1
9
2705
2356
9410
21
3690
3651
1258
7937
3918
1877
3047
3052
1009
1402
8477
47
419
4583
1158
3815
2792
4787
518
3104
9232
7987
6208
2381
4265
1820
5968
1875
6019
212
10
5958
8323
9214
3406
641
747
2358
1636
1501
5073
2875
2602
2910
105
7452
2359
4707
2551
8828
8047
1098
9404
8797
827
4559
7
8359
1783
2732
7036
7246
6585
194
1378
5427
6120
7377
1818
1297
996
6213
4810
1590
6907
8576
3904
5100
6621
9363
7987
2035
6845
5343
367
48
2900
1577
5137
7043
392
101
727
2150
2072
5157
7981
6869
4654
639
477
11
749
2839
595
7
3718
2211
2003
3196
8162
3940
7831
8629
983
3244
2
1666
7583
469
9406
9370
9403
9405
9409
9407
7721
9113
8617
9409
9405
7309
9396
9408
8780
9371
8302
9406
9232
9406
8538
9404
8055
8983
9414
8206
9180
9404
9047
9067
9286
9405
9216
9236
9303
9309
8827
9393
8743
9227
9149
8676
9198
8664
9080
9411
9415
9169
9408
8683
9408
9406
9404
9409
8456
9322
9412
9403
8955
9407
9416
9408
9385
9412
9408
9405
9185
9407
9408
9411
9406
9407
9410
9405
8046
8800
9402
9405
9408
9412
7836
7333
9404
8799
8713
9063
9177
9223
9404
9413
9376
8947
9384
9347
7877
9317
9410
8786
9406
9406
8191
9222
9365
9411
8932
8791
9405
8747
8419
9275
9405
8060
7475
9405
9185
9405
9404
9285
8311
8786
8664
9409
9210
9415
8670
9405
9410
9405
9125
9405
9405
9404
9400
9405
9362
8548
8818
8612
9061
9405
9406
9406
8755
8616
7053
9416
9408
9404
9408
9407
8631
8309
8836
9410
9405
8284
7309
7953
9405
9403
9340
8976
9406
9189
9412
9235
9405
9406
8590
9403
9411
9323
9133
9406
8645
9406
9406
9406
9405
8539
9410
8654
8683
9321
8476
9406
8073
9404
8916
9405
9232
9031
9405
8993
9345
9404
9412
9406
9410
9376
9403
9357
6685
9406
7481
9405
9404
8366
9409
9406
9408
9405
9406
8586
9403
9362
9404
8631
9402
8489
8777
9404
9404
8364
8390
9403
9414
9343
9049
9405
8942
9306
8807
9410
9367
9065
9374
9161
9402
8794
9414
9408
9406
7834
9404
9400
9400
8418
9362
9414
9412
8974
9404
8349
9404
9403
9405
9414
8363
8905
8606
7553
9408
9401
8961
9407
9407
9409
9404
9405
9407
9133
8313
9415
9410
9259
9212
9401
9016
9173
8429
8803
9408
9129
9407
9406
8833
9376
9404
9075
7308
9405
7195
7822
9407
8370
9405
8672
9401
8871
9407
9363
9050
9405
8252
8467
9406
9105
9356
9407
9408
9365
9408
8414
7827
8778
9406
8426
9410
9394
8677
9405
8733
8581
9413
8234
9405
9407
7772
9405
9406
9405
9362
9408
8760
9405
9406
9405
7554
9404
9405
9406
9406
8961
9410
9246
9405
8425
9066
9405
9411
9405
8481
9012
9365
9408
8982
9408
9404
8634
7445
9338
9408
9411
9406
8095
8393
9404
9350
9405
9013
9409
9408
9211
9160
9305
9405
6763
9406
8406
8963
9211
9406
9406
8153
9332
9404
9406
9406
9406
7230
9028
9406
9407
9290
9405
9409
9265
9405
9408
8687
9411
9156
6738
9099
9404
9406
9406
9154
9405
9282
8330
9119
9407
8837
9209
9404
9401
8441
8705
9048
9405
9407
8698
9406
8280
9409
9406
9410
8361
9405
9311
9406
9405
8883
9327
9402
9410
9406
9403
8284
9104
8762
9014
8757
8604
9239
9405
8944
9404
7943
9350
9406
9410
9404
9405
8941
9407
9405
9404
8776
9405
9358
8606
9410
9405
9417
9406
9405
7955
9097
9405
9274
9404
9334
8844
9232
9410
9376
7997
9407
9367
8938
8899
9398
9405
9409
9011
9411
9406
9406
9403
9407
8668
9388
9249
9407
9404
9407
9406
8691
8606
9405
9409
9403
9405
9405
7953
8719
9404
9409
9356
9409
7139
9405
8883
9329
8411
9406
9404
9210
9402
8267
9400
7722
9408
9342
8074
9289
9402
9411
8555
9241
8823
9405
9410
8663
9165
7767
9387
9403
9404
8659
8850
9419
9081
8266
9412
9193
8942
9402
9410
9406
8672
9242
9403
7283
9408
8740
9374
9404
9030
8172
9411
8781
8748
9407
9404
9422
9350
9411
9407
9404
8433
9246
9411
9404
9404
9404
9410
9403
8715
9404
9170
8559
8950
8811
9406
8779
8305
9406
9229
9403
9406
7445
9059
9407
9404
9404
9350
8398
9400
6790
7964
8786
9405
7818
8726
9404
9404
8749
9402
9410
8787
9404
9178
9405
9406
8465
7714
9357
9404
9403
9410
9410
9406
9262
9405
9411
9404
9404
9165
9405
9406
9410
7862
8827
9309
9102
8868
8374
9405
9406
9406
9414
9326
9365
8844
9413
9403
9409
9405
8792
9405
9126
9406
9404
9209
9412
7985
9414
9400
9403
9258
8268
9405
9197
8665
9228
9111
9402
9347
9404
8679
8368
9407
9405
9406
9221
9188
9404
8854
9408
9049
9405
9225
8594
9407
9409
9403
9046
9409
9410
8943
8960
9267
8988
8915
8073
9406
8415
9402
7382
9059
9408
8773
8757
8186
9410
9406
9152
9405
8874
9406
8754
9401
8711
9406
9208
8544
8965
9407
9405
9404
9263
9412
9354
9412
8011
8897
9408
9408
7697
8885
9158
9409
9404
9410
9386
9406
9409
9407
9405
9408
9232
9407
8484
9246
9068
9026
