41215
98045
13006
15385
181643
130328
6971
9714
12717
135813
164970
10514
67084
54684
5931
4119
21250
14437
7930
24602
64285
171517
19932
104818
35480
12387
55940
24200
64003
8490
10434
91309
12559
9367
11315
14214
47159
24946
38811
65328
46819
74067
60620
62612
445
45156
72503
39848
64885
10332
72927
7060
2866
128341
34031
523
87865
143312
88353
20491
86990
19860
32207
152647
69698
1975
17228
59389
28496
24258
28188
30404
17137
25970
152047
16453
9713
69881
51073
7055
94744
15971
131960
101158
86283
40714
42516
67740
8801
176067
105169
19043
46278
49479
15778
15504
1883
95610
128496
8893
28488
63787
16727
90435
17187
22980
698
64438
43652
46806
38251
7443
1065
64077
168358
71029
104430
244
81253
51168
39606
13830
19485
159142
38795
1504
17587
153355
66882
739
12408
86991
7904
29514
46802
68487
30429
38551
19471
62183
63088
15912
6934
5611
4707
16208
14694
45045
118868
8121
93016
8306
48533
8542
139174
71184
111683
2524
63967
65298
54610
14078
10386
11867
42248
32304
42002
432
774
64443
7100
6788
171517
3876
4895
5010
25414
26601
17345
55817
781
170671
39479
42926
32227
101936
71370
6629
47027
52694
180885
43979
34269
67922
91421
117264
120682
15333
4772
30071
40486
89844
12800
13680
1672
111797
48495
60245
19457
17313
88289
117592
78154
63990
21063
4623
28032
103980
2967
104028
43530
140170
34652
5253
28587
1461
62162
39830
106865
16258
166083
61549
127937
12326
10995
14980
61439
36168
33898
806
11189
45869
12873
42277
162168
80235
153408
135438
44104
28774
108442
135874
9135
12661
99251
43727
60797
93999
6972
44637
11115
90846
161892
2938
121155
490
74296
88393
43400
170928
186408
34020
74392
15271
133734
32275
91862
110295
80855
18706
39746
48791
24375
7140
11601
1059
81685
11106
139337
115940
2701
50126
15852
4602
63011
48177
72449
3674
25495
46740
112265
52878
49437
30461
9903
73702
100654
59729
14202
51978
25690
98017
1034
15692
78837
14099
82629
2709
79045
9062
40685
73279
14303
100363
105
169163
24964
52086
40272
16394
105339
37885
10431
75814
138812
152388
6008
132034
24225
18270
100902
28501
107682
989
59625
32343
94662
6078
44413
7174
7106
4550
90865
2024
6344
35547
133409
1515
86733
26333
101118
5583
29395
25102
103125
12616
38660
12807
64007
62477
15746
139135
5070
3004
20608
370
64831
22664
43741
12641
45391
2521
50888
80594
58622
48887
103057
10565
38039
6419
87453
884
4684
65801
51143
825
44465
1860
77122
4787
157975
68378
92209
65092
2796
29800
125504
64717
929
46220
2289
65715
8249
68735
32558
69596
34984
2070
3630
44740
133659
7257
14829
9767
60170
14278
44139
27209
153838
71660
156561
13684
57656
49914
21510
12318
31540
122543
2771
66505
28779
8492
37083
110854
140644
37697
30395
96163
25452
87417
61985
45572
31892
41515
119215
77737
48680
13485
1442
122796
22632
6435
12889
1012
96619
44772
8000
112820
30970
6877
8626
23563
56600
16920
43436
124607
624
69174
2953
94
94819
84598
14107
28718
140139
22997
33173
50044
66399
48966
4745
21165
84526
57492
108154
74758
25192
55431
15099
16405
141843
21580
16533
108421
109719
1237
103680
52700
156917
21988
19902
86136
69622
60528
29350
2409
10888
96500
16749
106526
2714
38401
44010
14100
64148
90941
20966
34139
114530
128685
25182
4000
3012
16158
5821
90581
108343
29722
50946
57690
22033
60006
175607
120056
17907
108778
21768
64551
5061
30692
67697
138834
94509
73682
11917
39261
63460
38213
13413
82339
10803
56355
52550
122768
65613
3508
54982
1156
134118
79361
20909
53684
5776
14659
56943
175735
23793
54754
77785
2357
17283
42415
19102
15776
2792
3197
72328
7950
19351
28635
69898
13950
33832
115521
75427
17186
58436
13528
57922
27261
151010
46785
3872
19219
9313
2768
2789
4181
47699
25959
82526
5980
10231
106993
12922
46598
128354
15580
124651
4109
6407
21318
81332
129024
32808
34556
153982
51545
3032
15334
77052
2243
35379
7137
9181
126670
61466
95250
165562
63784
24062
32262
11517
61527
3552
109575
155498
3983
145520
78487
11901
114459
15896
4180
45687
21271
855
39903
15897
18623
31823
36328
18527
20451
31942
3352
41990
36862
43938
68036
33420
3203
121
16496
27065
156017
26905
87201
61723
80256
21977
35876
40751
14792
8547
56377
1430
448
27315
68372
32036
101316
104224
10590
104606
9057
15474
116081
84323
21072
19442
150443
75777
1526
44915
118268
165431
48112
148772
16906
61881
113739
55944
63415
48242
6024
83960
123191
47301
937
74228
3740
8573
69478
11893
7916
2138
14643
146400
1547
22018
152371
2374
67196
2445
28874
160607
90266
21385
61171
188909
179
62922
17556
5323
38766
13971
14292
33076
25360
134177
132608
23985
55682
297
101306
127400
86271
67806
94320
93107
173
151839
5089
129789
23008
526
48485
57202
72373
86059
185875
11658
16693
3280
3419
93209
25442
109535
28769
2324
178277
63776
16335
26266
11
78461
12107
8430
96063
10449
101183
85854
71467
4967
31413
38519
2406
936
25219
87253
45345
28913
15608
79476
46973
55792
61532
44943
48232
75925
13504
18192
9424
99117
9776
76881
47431
132222
167035
66748
29308
152075
5167
33355
56981
23140
5255
31715
47797
102108
1974
29753
1089
864
7999
27872
65489
72558
38462
107127
134594
37253
65151
105151
2775
42453
107220
75523
63475
163627
21793
73670
94724
77014
24227
32901
114374
11328
93625
52044
104963
21431
24485
83284
69516
119445
31875
6810
26888
16413
84937
24796
61805
12969
38528
6154
39877
21377
75951
114262
36755
67716
20150
12774
67120
33373
64872
14921
66052
71993
20103
32388
52177
140252
388
97213
80650
148002
126755
25630
117930
70591
107235
57362
42304
2429
79149
110537
59512
1977
115875
133727
39914
46079
56115
94383
23438
34738
115066
66951
82718
112084
93914
131034
40108
1249
66323
20162
39664
51756
32311
139329
10316
155945
64677
71441
11903
81043
24754
42776
7218
92918
94366
94883
2044
95777
719
104612
23158
166170
105805
39626
13302
54720
121443
28333
84010
61124
34915
62761
102929
25252
6974
13184
66122
164131
41225
1199
157858
79842
38385
74849
26164
31230
42609
2717
88302
106613
3027
17103
128350
93416
15187
14291
57394
6630
4094
25345
141376
20606
8262
36167
3804
34916
8490
37868
76649
161474
38760
