96531
5337
34788
114265
64995
10289
28001
77386
17468
26652
1273
36676
63736
8717
47904
151107
127350
60438
131362
2606
17207
47321
3431
44642
5860
2274
21712
25076
31843
24831
8084
348
76173
39264
16906
3722
8551
19569
78501
17394
1904
14463
1285
27075
25399
4295
26677
128214
5227
176895
9490
48316
28759
13619
141139
44355
71797
2774
13761
794
156712
102191
22521
15771
47277
78516
4067
115822
15700
73102
54144
19450
66800
73417
29260
9388
156288
183654
102518
92331
4086
9655
53347
2311
2059
48049
9081
124148
40497
56749
54393
469
43270
19495
87010
107572
81836
70919
69772
49136
17015
46310
253
26392
75850
169883
57334
3305
37546
114059
67790
99776
24001
58083
39
4583
7604
32299
18901
2808
7252
24139
52751
3073
96554
73157
27867
107370
4091
5592
29036
30587
125975
47322
12887
1011
22569
108407
35934
25934
80307
42577
30699
133136
16972
16958
19863
32189
15128
6945
23317
56954
34899
16003
87391
83747
48734
147242
47858
46377
11814
128754
2556
22991
43016
93596
57772
132481
1118
29345
32378
138
18980
13495
57783
52836
3040
24487
19523
46280
27459
57996
64964
4687
48823
122935
35285
2718
137470
159091
703
97722
65235
67073
138729
51532
32594
19368
23435
52053
82686
41908
50807
82504
4505
22057
6643
79342
65370
60853
45442
29498
36427
24211
141494
94785
172472
3099
70510
2667
23601
101257
32243
63560
57114
18048
33061
1541
4523
16549
6234
57791
10335
111953
6019
35408
27063
5505
47925
64694
27208
50164
99925
55340
866
45922
15304
144790
10020
18332
14849
48869
102081
301
77605
89298
1304
20244
90263
5162
4653
4756
1336
3508
34843
78648
160810
11340
38573
17555
88268
92893
111330
103105
9865
22758
62655
65051
60601
10707
61690
56396
119602
11680
151201
701
117947
121785
55468
53872
144131
45213
106166
159879
13788
104731
2170
104957
55791
129279
1400
57623
7709
26657
22399
22200
33974
52560
119267
140836
140081
78810
125390
55018
158133
58347
23880
73162
3286
415
11708
1341
45132
32505
48657
1026
57554
65813
58963
52949
29650
59546
14291
57142
18596
1560
36008
53380
73198
46680
15191
36909
2746
115478
41862
105196
31072
20934
165932
19773
91261
56882
37140
3419
11373
97045
33915
130
52302
5124
41123
65156
63764
74451
54123
15409
32723
12061
13179
54062
40850
149784
23508
3316
103987
10640
146885
18252
93366
121226
132106
32430
142950
88658
11137
17880
184430
112414
33955
129306
2868
37298
149014
45099
98132
29250
30622
111653
20492
15620
55270
46564
128801
4468
122125
3478
45434
8801
97195
10390
30769
55070
71015
142099
19029
5905
49072
53471
21056
8547
147327
2667
66615
36798
4689
26390
122518
174642
7344
16873
35733
57875
65050
21798
99060
86458
40560
40655
3194
22807
10576
46814
1632
86412
43241
61715
159687
45861
15118
83168
10678
24967
59096
8098
20308
23836
41861
24735
23017
1642
34734
80397
134136
83692
21939
66896
8962
32114
41035
8675
52327
31190
472
25046
135986
131169
100877
2856
3341
103160
21276
2331
20180
127492
1860
38634
7105
1152
96118
4285
4229
159475
17262
1946
11002
42384
74237
45382
7250
82810
86834
83051
41529
5161
2274
1790
92688
117260
32049
65095
93426
11384
44641
54952
2694
34678
10150
170757
84831
20957
166246
35035
395
146232
120928
136867
67895
36679
146920
38176
24396
100694
20421
22991
12686
99796
101861
96110
90299
986
9462
14127
3894
9067
140732
11882
91097
26564
66657
76468
28503
131719
3381
13158
17883
4817
50182
64608
3512
86642
36769
20309
5226
111516
105657
39578
85583
33357
20244
77046
99905
85533
31133
21520
40567
6579
15306
59430
10610
56482
155383
19151
23370
82611
365
61109
51395
31342
59372
83265
13917
54423
75666
81850
4345
73264
92717
1525
27590
48950
64246
16616
149902
19781
68841
123103
2252
36050
133332
53107
42025
4764
45089
90651
98228
91480
67909
13814
26936
127533
23440
19912
74712
122802
6160
99454
7212
139196
43459
7861
85691
95483
16876
1919
37509
122683
106783
86533
2258
47969
70770
125821
56346
85586
27017
12629
69862
17346
105956
28092
102380
6592
33401
115607
54173
52291
15754
131384
48481
169902
11208
1648
45664
70492
101353
6637
2532
64509
49780
4585
81760
131574
81232
30474
38579
67401
48639
115354
15537
142237
19590
4862
13003
76760
21759
90974
74027
2591
13937
55300
12726
59604
45101
72434
15374
77325
137276
73650
12373
104870
8369
6647
33485
77393
13515
26882
98747
13492
4878
200
6540
16139
39093
80857
42740
20985
58644
6820
4692
144544
67035
29835
6291
3630
150737
74093
4004
36601
19871
82009
23073
16544
53237
46522
34302
946
39979
11292
96218
7885
2116
94220
24996
43932
57321
56869
115152
24038
96446
9546
80496
1257
135113
110627
30738
4364
152246
106990
46185
2581
117329
2572
109274
31151
71392
80160
4313
47100
154020
92156
72469
19585
2160
99550
14440
66422
83013
32183
56226
18365
16314
65054
126845
24479
37716
40280
46549
126083
53799
165647
986
45967
61377
13314
10403
48267
103661
1931
76544
20650
73280
122285
14989
45337
105192
38438
5297
4321
36756
15363
99884
91138
28091
298
96194
17034
130552
35628
22773
7045
34134
28977
5983
74338
17598
9517
120978
79210
54039
18118
41588
25169
81771
13016
20362
71543
9605
94279
4351
55663
118887
44779
109720
20428
39877
857
68919
94762
2046
8743
33228
114419
155885
91106
20101
40661
6236
7026
9981
18699
4237
71517
2490
57142
6384
1566
46320
137306
38829
654
36715
86263
86573
61557
8641
58789
81183
10120
22405
27993
61177
77763
38703
14436
112528
38759
23831
26990
73116
5201
32361
3871
5148
41683
87110
22001
5494
10009
11420
11934
78092
71148
99161
55858
36711
27692
60372
5993
10614
41970
53801
23525
63769
3380
93229
67236
2370
38802
32442
18297
8970
35261
23204
40046
6324
75488
9973
1716
12127
15296
26447
36984
60024
47830
146187
7504
130894
68028
44816
9881
30505
30097
74316
112511
19281
25793
10308
24777
1196
53564
91587
151461
39069
82955
70555
3992
3707
81945
78137
24520
289
42865
2637
21464
53111
62633
16387
22894
2715
56765
100668
15677
74847
87252
147030
5543
35422
17519
134760
132170
169255
23158
26771
68850
57606
31669
67270
100904
11727
20794
43632
121976
106842
929
16092
15857
41488
27754
89288
58784
