1
1
1
1
1
1
2
1
1
1
1
1
1
1
1
1
1
2
3
1
3
1
1
1
1
1
3
1
1
2
1
1
1
1
1
1
1
1
1
1
1
2
3
1
1
1
2
1
1
1
1
1
2
1
1
1
1
1
1
1
1
1
1
1
1
1
5
1
1
1
1
1
1
1
1
1
1
1
2
1
1
2
1
1
1
1
1
1
1
2
2
1
1
1
1
1
1
1
1
1
1
1
4
1
2
1
1
1
2
1
1
1
1
1
1
1
1
3
1
2
1
1
1
2
1
76
48
25
81
51
65
109
11
18
14
18
47
21
3
22
104
104
29
94
98
35
80
57
22
104
32
135
14
21
41
28
31
40
97
118
53
4
10
42
23
21
21
98
4
13
33
49
77
15
50
126
80
104
135
29
18
38
21
43
4
42
28
90
17
26
55
16
88
33
52
33
91
28
8
18
138
30
19
80
110
2
43
93
8
61
22
103
33
64
6
27
104
22
25
30
52
48
72
36
61
13
62
55
27
20
7
96
90
66
26
3
35
15
48
112
65
105
68
5
56
67
49
117
85
16
133
130
135
132
128
118
136
134
135
133
133
134
132
131
136
134
131
135
127
131
136
135
138
129
129
130
131
118
123
128
127
134
136
132
129
133
131
122
137
137
125
135
127
127
131
121
138
129
124
124
130
127
119
127
130
135
132
127
126
128
132
127
132
128
129
124
137
124
135
135
128
127
134
132
122
136
123
135
125
130
136
124
128
127
123
131
138
127
131
133
141
133
138
135
127
135
137
136
138
123
125
137
123
131
133
129
121
124
128
131
137
126
133
120
137
124
127
132
136
129
134
118
128
126
123
125
137
137
134
133
127
139
128
128
137
131
114
131
126
123
134
132
138
130
130
134
123
127
132
137
128
133
124
123
136
123
138
131
136
130
124
138
129
139
131
137
127
136
133
126
136
136
126
131
128
119
119
135
137
138
139
139
129
139
134
132
121
129
132
113
128
126
129
137
136
134
133
134
133
130
132
123
123
125
139
131
132
134
119
141
130
133
121
126
138
131
136
130
138
137
133
126
128
134
131
128
136
122
136
122
137
125
135
125
126
139
130
128
129
133
123
136
130
138
124
131
125
134
132
131
135
125
134
136
133
127
132
130
126
127
112
124
127
127
122
136
129
121
132
127
132
132
129
138
134
128
139
130
127
139
130
131
128
127
133
125
134
127
140
138
124
133
135
140
137
132
128
136
137
130
127
136
131
127
124
133
134
127
125
122
129
121
136
138
128
132
134
123
125
136
135
119
128
126
119
134
128
131
127
116
135
136
134
130
136
126
131
137
127
136
138
126
140
131
127
120
120
132
133
128
136
133
130
128
135
121
135
126
135
130
140
134
139
134
121
125
121
131
130
115
128
132
128
137
133
139
138
124
130
123
136
125
128
117
131
135
118
139
123
136
136
136
139
132
131
133
132
129
136
137
130
128
132
132
136
124
132
136
121
121
125
114
130
137
129
134
120
129
129
113
136
118
127
125
137
132
135
119
136
138
126
134
131
132
131
126
125
134
131
124
133
126
133
135
137
134
131
123
123
123
126
137
122
133
133
137
116
127
138
128
115
120
128
131
131
130
115
137
132
133
127
125
138
115
134
130
132
134
138
116
124
133
121
134
129
133
137
130
135
129
131
130
128
140
132
136
131
116
115
134
131
127
124
135
129
124
123
128
127
136
127
138
131
134
136
132
140
130
118
132
130
136
138
116
124
136
136
127
126
131
132
131
126
132
121
137
137
130
138
120
135
121
138
132
134
126
129
127
130
130
119
135
124
133
126
131
132
136
137
136
129
132
133
136
131
130
133
129
131
136
121
128
116
132
133
136
127
139
134
135
136
123
136
135
127
120
125
121
122
136
126
130
129
137
133
123
117
139
125
116
136
130
120
140
126
131
123
130
135
118
131
138
121
138
139
132
135
127
133
138
120
130
134
138
122
121
124
136
128
135
128
134
138
126
138
122
133
137
118
133
126
131
121
136
136
133
120
138
119
138
134
128
135
131
120
129
131
134
135
136
130
131
135
137
121
120
129
137
133
129
131
137
136
136
136
130
136
128
129
136
127
125
127
129
133
135
130
137
139
129
121
130
132
131
119
129
131
135
131
129
141
132
134
127
135
100
118
124
126
113
136
132
136
134
132
131
138
136
137
137
136
139
120
140
129
133
135
136
129
134
132
136
127
130
133
132
133
139
132
137
130
130
128
132
123
133
135
134
135
126
