399503449979
-1
445650530304
157216474226
316975407841
134722746591
482361757441
1238760796593
-1
76495643279
194927325665
264413366097
176504904513
486692145492
438115281027
-1
2080634380338
-1
1058697231127
1133899468883
968018080669
436683006915
1536213330686
1015102989193
1332859133356
2840419036982
3100005863181
2977313912069
75943491626
122720078720
207491981135
2698771907021
449633085180
1080545785090
252772849283
1282599409548
616739328667
791097990944
279177298885
-1
198746435754
-1
1173846245438
743422399806
169498369352
117973253084
380606865305
161271869749
1174464959865
2282615348858
168036723361
295039912945
-1
668690101263
318545566238
80330489716
6527153278118
248071330918
297233978650
279663110576
139172457129
1787928211984
202147179859
17478201676
-1
2426969828162
4139938130082
4352451617841
9916716723
518970887811
102509752170
302438958135
127020894859
444729963718
1661345839001
-1
-1
178386632351
946589102382
161509197111
109450654104
1300775106068
321297046512
144269961656
1974680663604
-1
288221394862
151363647457
60817331108
1722908532255
295166951414
-1
4975752790467
29954921227
139485194565
1195312622665
150940299926
-1
500539266792
268977471265
266052321358
66516158317
50411013654
56243269001
-1
-1
158957391248
225723894560
1197299470027
199262248292
305514991005
-1
307885626684
238602040077
-1
-1
1096902244234
429224485470
-1
-1
2305004409727
126165919353
441096201364
317177583503
97534075045
137754717886
87117513881
374514061415
-1
6667903998212
202440706236
207592167582
234160083433
552208639388
-1
1027924270834
-1
97516867578
1559162960942
229662261580
329896575004
1091707630056
4862248872865
3317754522967
784334394048
12336018872578
412916207844
346716282959
-1
-1
140314808117
951298172267
3255424676389
675881833284
-1
5181614404817
2369850939834
102394694322
162259632405
124530095137
92429326720
208532726997
-1
111602761227
619229551060
187235628004
3842481112894
1878812093964
-1
655379688497
156654816741
138729139875
249543969826
455740126537
6768398299478
130916440545
8241368589464
743997124506
91225083968
-1
1055790356588
-1
43422466692
-1
545350211833
444953602268
-1
292557366479
111168416276
425904841797
801395687246
65910913696
1278452019960
2879004700325
8163626607393
157800244014
496547419430
181305082239
114618706846
48159973883
-1
570825533374
743310269037
348679356902
275649665051
5116634702760
1576907214125
1147649310119
1392828531211
307504732931
78691774242
7094652094210
112727254403
-1
1621514476307
-1
459607988349
336584733801
3245037459094
53575434483
1983795608500
3215017268212
388960052101
1056124534525
3219201989670
3583196166304
-1
96449084928
373314051243
1310310608470
382620722734
95593777715
6817094918015
317040608959
376111409007
92724925495
313127794630
327346034029
1038953447184
2789097792583
57593543070
49965532121
248926435008
349393925482
2219529341613
183520250779
182705914936
129364865900
145005957132
54628120580
158048581135
958275318045
1366569692266
621049204125
131444762800
654052306912
512360630131
440067979218
2826194147941
5096901006626
-1
-1
26453276070
5500079427317
3239291940
5215985914043
1031844185357
2671396433346
1213656858987
387829358577
9135103407748
484466603729
1486683345587
120208428931
449653722666
-1
958959170963
441386347771
338054698400
145417628756
2312022534261
219015312483
79969940664
752478445859
431002154440
298313119481
499478758231
259251864751
1589461274637
-1
623570200537
4543731002130
97766289957
309244119797
2175694477274
627231080847
87372761077
55900302022
2604753172049
408296813008
166685068858
2561595401094
396572204609
11722553879692
78318176903
71035171252
474122144117
81609564419
1272858693514
2627336947718
242649826969
-1
2260809482379
302360146601
168496859768
50543681542
1528377293658
145499472108
676374311586
167398527920
143965086155
221689482780
191943332756
236389094945
54820185711
830668520745
94509240029
222798132031
69181034177
197539684619
380446731398
4726272453459
508049542761
1211197540424
93981842069
109918703671
55045618874
259954210644
1073517773739
118232612226
172395178658
946244603657
5345046556880
190882281761
-1
151152780302
166621155674
85028350833
448184340479
183108613088
13685614301341
66425387992
69647640127
531784628151
299080221398
115306194484
241596863589
165427870646
237478285353
795674651227
-1
151495470908
163604199299
221964750539
319263346847
9761096106287
1435814838594
320319047635
1245488313749
2231806571078
2172292896361
-1
1554156658758
-1
58583972934
-1
65167462637
303145522361
269022275090
8255043865475
209161305187
110649023467
-1
51582996226
1113009286294
1669740096403
75210922444
7197730716189
8653790971142
1391834446949
399708823425
3495830218057
1080531834820
133942404458
222084986447
118135488740
3287236407343
617329202913
451418487334
170352662101
14644445630
1577774652939
3655277370074
223233764469
186368770786
212955506569
364390508769
366557148467
485873170182
581271709424
2028333710261
134655331405
758560145226
1533970941031
2883194265711
624972969701
-1
324329419623
150344141031
-1
321879630825
-1
-1
4204342350575
174378696941
155451423976
273680636445
214990251930
318811005161
75735197204
-1
94858107587
328285157043
2984310008714
231314238624
207531001239
248457280678
1612991186615
315609802593
178001254635
175556309246
-1
121098926680
6640048026027
947448860639
249230820743
159794842114
315871452186
71170831811
227065628009
159532196323
-1
911192430286
255934542622
146949348741
236235781824
371951415975
219829339138
143415095996
123347104358
208121685639
-1
138531046056
204913081894
7915782802521
303280623855
172917895541
40312816948
471276344778
1036168809952
438186784008
769113047969
-1
212017955219
848548652244
1354268193857
48055612117
1722978959805
483711281474
159598142697
1387483041781
1500751960624
2115679444098
-1
104387245157
182645561485
15245261513392
251294437452
2308937936244
841164465199
2368228297095
135820090968
1020622836260
963850579206
441878949156
206076999476
267173958836
146175226691
224774439100
1893802378885
106800610383
161589360858
135825224038
53228205739
85274904350
1681507466353
5399533312842
391379760349
231780585670
164188092526
-1
169314274204
452200074835
1331331918911
1631001434097
136370607082
1197864511795
1623534501456
7494648193169
825227588498
613244700195
342579521882
3246820599332
265235718957
3545073117469
367237678341
29245078739
370099455105
732307243867
300211834769
120920488613
457753189250
239956827859
3730011060488
449496313655
1204011990922
2791122315476
1188707060905
79244711934
176134685583
507702238309
1724160351434
42107054921
287005259834
903390138029
184347697559
163459411750
404535190294
1588504968789
102909040385
490238763135
267894059872
-1
917305536463
418265699103
214294507314
-1
222757244849
47862092761
88287168913
1318387951353
11506861949142
4232092493704
412795442716
292347612108
2915126435293
453957127975
4323333022753
208083940536
-1
78377134458
228112514995
142260220629
-1
561416717871
166992322258
921153684703
534106894893
108610159769
15313278484
176314597041
-1
825810833790
343079484807
15301738121490
333793968160
206418955076
993925308657
751184497301
189249490287
75670381536
704066935375
867241884567
3854065594536
411414798872
360444441599
971920882227
2657409616521
11708055480
145109636989
469246428158
3414658018480
32581374622
99173384723
355742557302
112430720517
71049503338
195387663313
623300192677
189792558343
36538347963
375195967660
-1
744776893568
395726698031
5719995939059
403459356255
568423073205
160763403627
66539398677
491391426186
174572619157
-1
2427539105992
106665263457
1803992199285
4007602746085
159509013990
251195619477
371600901718
368723152551
-1
1982273819419
410994628195
5576765093311
2615677609872
381932261921
143616727243
143110255984
165222159761
134685485613
1046047272238
188327760783
690304943180
438305775688
404728623525
2515799383542
1285291723817
1879245198689
125198693044
-1
1634408113534
-1
170938273249
289628130237
1279438917040
2744025943016
-1
89490640604
-1
53990242282
480530019655
104657945450
74188737829
89356761875
700553090449
165184533772
2293185436666
69413139547
2252656496029
718941017284
48513575253
100279782370
280510895658
7237948494884
1309864046253
76721703720
266382431585
211922725261
347305732541
266773833065
748086567392
482287738585
280669491884
-1
973374066087
348017173477
-1
154985063409
109174703039
618161095294
1129108394855
276111817775
4637731362159
4121096127537
379588749257
2237756435681
-1
195423667088
503002784353
961884396145
191525725179
1476409743531
82419111638
496179022254
119217305093
157476607208
1185748783938
652923033198
330679587368
6183320186071
85351693023
-1
2875367460546
777698390989
-1
-1
107841199139
1542795524443
205757018219
526194424700
137707014617
1844225637777
306248064499
147628212890
1663501371030
1278988042690
1951947538185
521710026154
552427233884
1831088905440
3801337782632
854913950005
512396814744
135987675820
163324377991
-1
148425140293
590233919413
67747405344
81947032336
302404602713
761920939351
-1
1133844065609
36218514912
2230282816320
65189875503
748403546931
2043563434315
514744024105
2365924861746
99567407625
381936221709
125003413485
-1
218029232595
4032967449498
74238087556
340086711217
210554975433
3005328763981
77586934200
176174795638
1104667726306
-1
3114122796228
9115233088086
352442049505
453423962675
101323202017
956923984946
1429126889209
13408753539931
353862399690
445547748268
1139808167476
207988110832
3848029164553
208953985598
3716202672847
199470343805
1305341339700
-1
653222375403
443933217020
177519985284
152906735743
727711430879
-1
181929455121
4057841307271
195270434299
878931185489
274824072602
423541097675
2228735613748
100991440110
3529683438151
454643816822
612878473581
87624520681
87048554402
282395431429
4078491366517
1752995039216
1126049014997
479927442932
59467330071
147061944982
326046993682
97858830464
68512623985
151743378146
654802271057
173297251121
74116483778
-1
164269835634
999925733202
-1
1191119599003
110117664699
265084661987
301815893971
718243131693
1313336820146
510751847598
7862912498416
140319250513
4448008754605
163127399937
185072568143
88523685691
95888761007
1275025111788
571604767292
93856120960
492754808795
84357193342
459007057424
724501634641
554743155488
262792894446
-1
849983728813
222956072712
608134736079
7984526061835
221189724630
110327009342
130489600555
83873288832
373227062602
2763665915802
1705171196528
107145332872
229892905464
-1
-1
164108178871
214170096513
203354152352
184862511667
924605895089
6160672399394
2698456994114
565135163809
438364050920
7293340071782
-1
646283982301
273876312222
1299119216287
95966285970
429631659974
31084286254
106688814618
379785111314
197686070890
313895841413
48703421477
3342783940950
169009085822
61745021350
2347109231934
2679581680122
412359426506
74463509338
79783071856
297305798345
99793333555
129511065069
1768282107042
3339579010457
186697188354
4260537861117
494370945504
89569073090
142305476813
46871717179
4154268902809
-1
215960426970
1197566369212
131874237784
258774619189
491101167664
11218768854160
161938697549
257683556728
59466003113
405896880654
1298861088255
159399630835
1641556084203
120348068768
161284844933
-1
5456431582862
-1
250464963597
193725680494
132794770223
197559329568
63020962509
-1
1215515049620
537483910629
245166665600
240400158381
6634257437592
292289915244
151324359515
461333411455
198348430367
1322790519608
186161070022
310855536159
519076710534
293026935597
76200969119
2210379872201
149140757904
438631349080
1798638896612
1027725822625
303099232500
167377737469
271642077926
283639595124
84168097996
2473620473123
20176479147
350793653757
1332161403694
240755947890
1423563669108
-1
2777853821381
744726639879
64411959086
211734470876
293504793751
200011052117
117485600021
592652868530
102777890675
-1
7025335839
321612902999
366029226448
477742010600
28107375266
194747648313
160836024801
-1
71166610127
573306606213
276080085459
98194903676
2799618393690
-1
5306886086418
133118291472
1440990899739
-1
782657724311
416128771712
-1
144250339674
174068649241
4293860538019
486437773430
5847031795593
1131097397885
209058399332
1106193756617
108857166365
-1
1255834168648
2042433443665
138843685539
251775032041
459683719719
846904797508
86787617808
103400063427
179479193302
8144195762461
2731173137864
16616419235
-1
179656906565
355438524939
470281035168
2009865174869
455243507871
343956114391
-1
207360722275
-1
-1
2728349323480
279810610027
76267907320
9511859045278
94796300118
98841469698
107539561745
542884977116
254240110638
173478658773
206749907787
2375935941669
-1
115011797262
605414715137
89288609613
97119777581
124442487479
210576324375
434483228047
616527639736
280890638588
61034909681
57666209138
113863431477
768069673778
8154530979259
93377223360
886498510623
489548898943
1300400968191
1572697973400
126192094265
-1
116460737613
895065739424
1476185006364
817215805854
1123334030183
339021056740
941895799166
219726086537
274235897269
217633095137
97497571040
1844205687288
8208578728
395594565874
235918017719
202356388115
476286575808
36554495710
80932762720
712718101447
182785697544
150353972171
1903565129723
181339141621
504077042886
361918993419
68569466887
935188155299
563721418195
321870434354
95003199888
431069282672
570578552464
-1
424137010607
99807644660
180718727117
1480815988007
-1
117635571614
108000332681
26975907961
418449077549
62153159641
279324782695
481145121681
131959337546
-1
5201738605823
147001855966
127707421980
178010791914
785088863181
-1
359258699033
140422617179
3749372162219
240872711008
302221155337
415142146079
124559202064
216398093478
634581228627
384454232132
527446730620
65441737231
203231373318
273141357518
334993862800
2274022055796
454214527843
1476498796193
168008178175
241362924313
799531978249
1113411348119
-1
-1
3648123581414
667905701232
-1
295341725119
817707564579
113976683767
2072263040804
805602264277
1107889915964
719426058316
4064162765286
270890079695
4751889142506
82590824013
-1
1754793003851
105702090484
107559919802
-1
-1
-1
417641272130
2098761775877
-1
109880114852
8411781804908
119019901032
302604266934
307313526363
147959614445
168444349263
72696138035
239715105634
456397104489
447186779567
113055028711
765608803303
129471488145
687287233942
649856084320
124837252069
273400754676
260875077485
-1
70121891817
227237042803
3681424135739
137748905596
729051688649
376628382217
212902043639
78021080630
2626639746780
176801146924
210504945667
119267075821
3214485575241
164741929892
112914909087
428792929376
421623852490
1551002403590
5137491130082
248299359255
195294056500
-1
278552315141
80845442385
252636760034
1525161642730
-1
88788235512
523394294080
186217489063
3490782761797
414115282109
511321460648
6164771420004
7076032651672
313236759765
1081797570896
71217505531
126797686686
58583242590
250707987664
-1
107246483308
306613945395
3357253565021
308986494114
1020940817195
565109299514
789293418073
206096430342
2715846519122
62172921439
1800297011240
79535348510
120296823745
1889614345175
8098462343558
3318422296756
6883798658593
72734840206
161378103236
196786496405
269681637561
2076811024874
126576747485
444056721246
269411931993
306507185235
411244024667
176538209045
1276700026598
144284743557
6734759710160
1177395215256
196216594578
-1
483206191383
-1
250982959369
177024013320
2470138384970
152784274275
2316300030308
109548231808
258390711917
947968572060
247772036757
203460322531
10236614073
133748109665
172937551617
-1
608761756390
9082578188491
-1
193104869996
-1
-1
-1
195400932792
965486300084
818844561262
66229379026
77591443396
2256507474610
-1
102837247643
230551344196
4747198674044
111188435181
175752840787
1212943369359
239891853394
3723986740143
1295606749493
1855553285235
196906817873
326873992879
113320926187
8751454897372
274507098213
767885151005
757483390336
2406299957390
201719866798
456310558588
-1
103072697738
1614788133222
107106490612
326120208327
243297925625
504914632780
-1
145149849565
86132677856
1067235555657
100114997145
-1
-1
559822452452
140084835728
2087809179860
460285134507
1080215752192
165420148206
4552699200769
655639836545
3662147991581
131410922732
154775350807
-1
100213603943
35262378490
66424783282
71379183844
2466173862803
310760918005
225668898584
3884857623551
1146856637047
86928207068
252489170687
2417143382038
2969422743254
146122722189
313065758301
89754652498
-1
86957285504
-1
76113713019
471529268863
630591378024
-1
96168501453
170749738515
3154573644956
870812599477
202577470672
687609542859
126074508360
3396058350341
4270225573114
625390748840
1800928857059
661258519298
-1
145355848816
82298408937
-1
167189109115
684091054578
85690415494
217908132052
1139042325868
289760663130
1208404973476
133213955531
115908330745
-1
124091808811
80478304859
152062892264
-1
752383822437
-1
143157859383
133367093864
-1
179087180701
427244661780
227335773153
-1
946178257436
2311306400744
341990199898
2932985406236
149038927066
741597786775
89546561125
1233626805489
3737021405094
489917948718
135272951454
3104572951462
2649578510156
141516594751
104329723307
283662265906
1067002524762
2202465642358
607161901584
96430233582
559581091109
554545023168
207484569224
865835339345
104376145425
115854443592
722334616101
59522589900
93445362487
-1
216063466710
258157069126
3706246862426
2318277019492
3103176584266
124700262643
331691464353
-1
1140453534031
51339058970
1074842486255
133228436584
178685351873
97664141193
657765837289
1566509933663
247523328319
4557527637927
1043357153355
1198526362136
4791031742657
277748414675
176496214844
462761316155
-1
4318752599305
115106983324
351761236286
5884241499084
16181379077
842158187734
99636134283
286622854556
510240195143
43832721577
-1
71972199569
4439351452227
14776109766775
3412635028451
490260524897
1145931855564
119040294339
302004382104
65340508253
-1
689188892750
206772596498
15417671193413
238170324655
7542339369563
4985641526126
234355059183
8536965388961
2577491203673
136379591282
-1
603805157968
-1
72256610238
-1
4810846278081
584591047539
818747841671
217901229915
48048364951
134320197661
941241484133
453818802591
-1
271495262516
89477632054
466773166519
588240532510
-1
453074215378
1199913422959
689889061233
196036666252
162156626527
47841114007
6659626881258
-1
127349598753
2433559290748
599331958872
119498109273
3057447018469
4064820206726
44256411936
287465439046
24046956946
157999724767
234221843342
-1
165027092094
-1
971735397801
1503597956996
3868508016478
-1
187614830709
237552955729
102050287122
160836539983
-1
239191110477
2012383611539
-1
115757582492
901522869035
105687087250
216260639571
151070317830
4142853901631
1776879528008
-1
473515468398
2638315263566
326215824514
-1
50682578325
-1
7025994488560
1552454900406
102104748046
-1
2315757504012
4343230195420
198738989867
289180554396
167312693058
-1
267837320234
3625527660769
-1
133602217188
105168097255
2010946216476
4454421779382
349653380208
1041842433002
117952238635
-1
59071158864
1143260744564
-1
181341850465
934141052582
7760898689449
-1
54519746093
-1
279344212913
5291063529585
2446385568969
2312158499884
94537350027
3325342544883
931241398468
2509164198115
-1
596129547975
81874793541
217919577231
996416188574
747109817104
281876041638
5529097301742
9572662391764
211348653407
88661654747
108379875569
-1
46167212534
189657077648
122426042507
156118833640
696136880932
188562448849
262860628159
185019784612
123450917098
378988345886
81919203187
463170729121
55544964614
191996558876
563649370537
262436930815
963641905958
1447771202406
1248268794371
409486639298
1110324572221
38131679053
261256661182
-1
629756061739
-1
811407597263
994619905707
223010894673
-1
186088707633
103431328558
261080096111
-1
393213757616
-1
223506921407
-1
5106490123875
4526042316029
768415687263
-1
88000827610
1519712400268
502155215095
149089824654
5233652812
-1
189298121402
223445559660
530834610157
218560991628
207102955697
506614415808
112967694463
547906578659
810983036288
427725636013
353804032329
1689134008360
100934870644
1313641796992
256776326493
218626671533
-1
1132036100991
1578338896040
160148047781
312564596722
-1
404995190192
2621784512966
-1
3283389956352
234024514747
285965327100
80090393914
-1
1648469527841
143738431686
738453094072
120480897936
420990775858
127041969544
239859795394
74827677001
8250547812506
3598641125073
31500035939
4857451691
239461509985
95904032486
164627293547
412453440730
277815400129
1405886418874
79112780358
-1
420625637975
413282089158
-1
118128875946
9997962574780
90116391574
87906971403
2980236513596
226169728129
323844497101
264844940198
19003025627
-1
107794033855
487437549743
156747165182
118369881213
197850692516
57542603443
5432308186266
644657431552
146814917605
114082122296
2214634359119
336022735882
28584855973
86000486852
10804685326021
540439828987
5809854555189
1445982433304
-1
1720913283008
72148293870
122016006630
1625799167943
586816935601
-1
5330930768011
-1
38586057185
707039080953
4892739361015
210040698511
-1
356620015771
1452223339109
203879268405
699326725536
4367399333009
299757711384
148298953946
441536595007
5653148616650
86780090137
91870513797
-1
8156003819505
527172240440
2476521209921
211491827483
2087487301394
191348079118
136148110408
1695171192670
254279393370
48161184367
743732349173
649900853098
843480621463
174481551027
1183001830459
1578883521875
1705629303481
4100240670671
355585938305
267430605822
220007835366
1306359330354
2479209690591
205467927683
661346661864
34756228725
12408817678783
508435718267
226053028456
89713674748
-1
802547295177
2511882903361
703803826024
1249872185554
62069697723
1069106056291
236014707367
145229887483
5062445628157
834520387500
1678027594632
-1
2644237072469
526708912083
45716214343
132353376292
1513831864409
882330042941
332225303390
1187537485495
978807816568
63970909271
131573297200
493928830687
1617143787339
1019789921319
766204190371
27455555090
4413166638652
201188923694
3305708055068
131100491521
882305927012
97737622448
3953418398656
361480071591
2889760808991
275425352182
-1
1486309888571
55688159791
4636120809579
7057368816603
148927916312
213090231310
164098271750
10306009899651
6071031836553
401636124465
6637645007558
41896092300
1607027774679
855173066347
169912086156
2598552421044
272542595853
94823270045
116707784867
262172530763
21327349598
2100747454535
1110617655881
81326992449
-1
3236486754280
351833921642
-1
251824538292
2514870706660
217929798836
154095176816
262305210247
-1
106404603002
-1
127316150067
3531012247233
416091023362
44990038883
4785202366302
601561684166
485249222007
110254933049
283935250040
868627975632
-1
3646779688972
1445361694523
6709865903218
530199628045
63969076011
164569025901
4040756396147
656751200884
217434869848
1902959883509
249126298889
186323916697
191773073291
437480383176
133970547067
115735113924
1600837604711
81022950374
4377939988283
178999192150
379261573645
-1
234144551643
7817998165977
107613256327
1327511312488
-1
648703951517
2107951035782
213463876893
42222059699
67808388487
612202884306
253436481956
186269801711
129334062435
147027526280
295538261848
1452927077923
148594296216
100696539517
316684439570
39122883161
250453422204
-1
65378576262
1142014333139
113222028610
2254426533344
586675395257
13915830541227
106451139646
2479218213703
286818466147
-1
4393635639181
2094439449014
-1
1781890859783
50861574589
5421474310319
-1
126094867837
4403347128262
224764765318
1220584812422
265827278528
1896895131221
972972479342
528606910871
114623876427
-1
161948886762
100600456631
1435716575168
2655128619339
8716711420660
673185819329
2167270421417
325515917438
167406307952
92175633276
2981201823937
328550743720
3740754763866
539729803063
245649444567
-1
219798896690
154433033941
743634913145
889509748703
349675327480
139925790388
7005049791407
324330574710
1323859751484
914465145967
1391940204031
200778665034
2155990399566
231329897951
32866343338
3424758428817
400946814040
8711348967
-1
697400377944
637429883645
239533482729
187607446827
1541021508482
3412522559726
2852907113833
6326323379915
3017705747378
-1
1270397051349
-1
410102118413
301377269939
91258748322
698906588819
2244863134768
178420951629
327528231046
302229678872
-1
141281245532
2312412269261
6971195816904
3917639046479
8745978174756
6061192213311
-1
117420286185
4473410152256
96541248002
176573428945
159191518599
448686550312
404190760217
337494815240
92727712719
2209750294305
189671777274
-1
137634215860
464857422674
1226563952684
231763656792
5086641637726
445065833357
520577160445
215052984416
255632445346
178129887207
-1
200038349546
403748767560
149330028652
199311887086
3327863590651
270197009445
48176395591
-1
74477296064
-1
236772214963
1655126216610
-1
216217531836
2658287482042
43652241868
1043976573746
609375134562
119799212077
6245086085229
4758135435785
958990832322
246184849605
155255382390
2012850390067
1926322523245
455636542176
-1
165092443622
437549459633
3301382437784
749601372146
282790608214
1045677504041
80790548242
195356576111
155527116183
248990177226
233518299776
679000751363
-1
182766339788
2075815163096
2933313920139
195532642216
-1
73620506761
101970906888
31383028116
1196365029658
290416923080
1255379228727
-1
942635205905
128830037813
32944131842
2373443698402
1496725815408
136006412213
97939741946
394381609090
215013585702
4042212246157
1941425657884
1182336221129
5741766730156
4629923253163
1066915123802
4328985396928
187015718607
-1
664921462330
77909995328
574136252471
9137839420030
366661619575
1368858803207
4315518836206
358762840633
15470274988
149313991700
2961706997034
197676177639
358931369546
134705936913
-1
5822603499901
39096622954
114584576835
302425357746
179281816098
154832520658
3773526834851
150238462916
138914244893
1461933702052
98561227677
299400129013
-1
114751605013
160563286098
341180771417
147068188729
159110236641
1071679174837
527700971462
355404099393
2292968343581
3156545214368
304974507036
2512414919895
7707278764956
1710116764886
280056233698
-1
346854756487
147349018785
1320615461309
5783560321043
81500352563
535782798990
67616522002
120953459576
612331033487
594323997462
356301634626
4176997661055
684034017270
64546391718
260095050022
315815812257
-1
5057587162504
372902053714
109594133687
96418381173
2633020939184
3055647471312
324683449318
82645494679
1405344206937
267494705926
111711004372
1752043152361
3794341740734
226088859413
1316392508922
-1
261070156261
1761800652889
277545571092
-1
455389083049
136334912775
1335596694454
-1
417337449177
-1
-1
144236518605
23802383950
1273792106551
369643935760
142068725846
287293163652
63146785396
102597756505
598470867174
702342722594
627924813427
-1
1011623473296
423021183133
133189423748
120130035848
-1
-1
78422568003
6929122840488
-1
-1
-1
183640429359
69886192481
82761402774
-1
141480080950
2623848177791
142129350999
78860055666
241405865734
2014643858163
185219206089
-1
-1
500719501364
92736589539
530580069652
263087851328
99020036777
3927274228147
3167126322429
251805533327
337100870113
4979182897128
455640355551
84369602941
157507348073
128937158411
179436618756
4327635387306
881497935774
787486516487
2919021005892
76632949405
958218326746
81396239633
6939130505
731356766658
1464429332426
1002097763343
166717758176
152272875014
665206466872
254933482244
59917085017
257385723076
2739661245162
89478824245
95274845726
223173633894
182619057986
2736911309670
142418251920
66853555555
18135358304
965605685087
147804953896
6580904901085
145539093084
101309088557
4407143087938
2089634685919
869503879643
1129000621762
344332943727
193695739951
148930991818
983661567282
204733728646
1300264852904
2651110203123
136023556878
209361694122
191342906813
1276370880161
95435882575
151591306341
71466278027
-1
1635197791288
506654044701
230439890863
106989271761
435189474691
-1
4711400347075
832121414208
-1
274125867969
-1
8650328759444
2883285825211
79806442788
475814589239
208575740645
-1
207997136050
217784571384
1043367791675
421795125978
559406636043
41572013655
52635582065
204389563043
213860136943
675984339248
3040889856317
165282968744
2283390626393
2838042181779
1368871896931
1307926663282
695412316070
112261216850
151134650019
156895263717
172197765703
103273771195
255865389081
2811364126580
529440052219
-1
2136933501825
631053665862
3858873756719
352006794081
1687635326237
880454966587
373209845071
133811384167
372565939231
137932551784
472905015762
11687577637413
646272360057
191393850632
741445306565
1080215580124
145349500226
188080821976
210164088815
4568358359202
378411442814
913216260428
6969831446449
126461351909
206655012739
281855164205
336131647792
-1
2884460643087
60068221093
76352260579
6436218004557
-1
115785105100
552863315252
-1
53626469407
909721949266
121643854989
1627481663624
139283166753
7841112349151
-1
121212728807
246186090146
38019391147
192715852276
-1
377332966470
492805262398
146299989582
1083009758263
144202788949
102316396814
368059216717
587266685883
2419978420129
3401221473133
74635011985
4198556091851
188322164470
6632027044290
647498267265
241599473424
102089247748
291903269148
639456179316
1710420204068
231016051418
392017508178
634576143761
259571494594
168155584991
456120635352
89574197528
393903674907
827284147936
-1
1239266249314
25662918848
6730687197829
179379091210
21589356272
186876485589
3089896422844
242846844306
215430561893
-1
1353492272178
287755785726
90425864013
360080970760
327944557912
13380765320
-1
239590830595
225857172522
1086212584967
428830974277
3169176811225
114595748180
122774660859
1065844648791
703384755084
125113015924
-1
96957787942
138729929331
1173388758287
88261622377
476613643143
459130194054
-1
538439815901
-1
859650686307
247214621779
10368678405079
1136763181845
-1
958313320544
5414839900857
2415966996986
3188911593923
205261486200
115480523131
169866751766
644861370049
317877273858
61861248469
-1
33400850578
2982819465
731908571257
998308948129
840181293908
70863970057
356977852639
459107593672
156921043366
3881928872189
5850678008974
1008844163596
1812505363042
921242810493
783904060577
297390660729
163089808402
206463387845
623284590084
2592690599847
-1
596165330983
78383063181
2309972101254
64815512778
686322486627
167070825919
314762735485
2616657023352
189531963373
1428938430344
-1
1233988671536
125414272157
102077195297
289677564084
-1
69522516691
672497105381
1213198411357
654198644605
126238144085
583210924678
6448413514169
776900671888
157260731030
4281333687475
-1
-1
4467957978407
252078381125
-1
168066743921
4218076286573
-1
190483424100
282635726787
198266502439
191169666498
139837530329
1314442627376
1258784398082
1196249445792
186008214726
2090210751527
-1
4136537564089
442500344483
528327342222
8166608818827
35376140340
148193241150
143159963566
225811751122
9718790966470
91800092749
195680039245
252272909497
480843087295
1523646908812
-1
197290792539
146818304261
227413664658
-1
550591184287
77344985210
2205934493897
252616561941
687171846360
162183131501
42367446392
2216255877288
167559150506
1401675522812
801170834976
50000782732
81389416357
7042555907770
153781426584
182307931302
-1
116450933932
2055953928845
3998811941914
-1
1454663097168
691226755891
42504504750
162892756598
-1
2101407957879
-1
303222948038
88247108435
322046793687
70443271431
995797597425
255914877774
71110138582
433320553980
452044557464
898862848816
182464932281
103446013803
232772129582
169101268321
471465863441
88950464090
348926898746
197118464920
240230699884
311031336124
194740887866
6365299450246
261969313677
2855211340538
226603374550
820384773377
519414737273
216091098067
1615904761406
-1
677780122118
13407080356020
9676468890243
156289754941
696504412761
733592738742
779635058318
1169909690179
-1
136810752155
1648847521269
379290005186
3112331094811
1705811005564
353819926497
4514512189758
3274453527776
161678244809
-1
146907577876
4848678581722
251007880756
424780848860
10435423077343
-1
57056471620
360363786057
169937292941
363979399899
127197121965
136545707352
-1
170820156856
199639807873
216990871632
3580895935592
238904312485
-1
75448215741
615340422931
788675509109
3980929803007
1444119164704
2577709605726
1197770107586
1095084881922
48937654151
720885625785
287207535540
-1
78331611055
153261697601
97450985301
6473422950832
9233623712563
440041325223
173763022911
193114015251
399577591099
653596203809
180805633215
88684668305
5729779149868
1017813554559
15279553340695
30424571414
41632255095
744688039093
113538507932
2421381263552
453816614555
219336525596
4667261470478
158535824381
4947927548030
6498172953259
184676378882
596608654001
2074363541202
1476652704189
75803904711
-1
6360841106108
5491568343136
725889591047
123138056251
-1
661644592679
244085616452
193737344528
556582704314
-1
824201574490
558416718237
263379567092
43152601508
5583322035300
290248190388
214826553713
330981779922
9788718179047
2183880339998
-1
149458611764
358312840951
2142136564813
2053045846678
1240493042815
218221698650
499120167571
3197462406125
533443683197
283871611575
138721330027
993774409403
362695379592
1079797512412
250735312237
224987565597
258924934793
497004085046
3979657782721
65864039018
89879831712
1231807243590
535040874667
247474769339
108871954124
-1
2268773114779
1244726923141
52403227121
1468479379760
201267358959
105572484771
304546546346
1198556965331
-1
794203092187
-1
774862173142
3902785602570
2770695762891
48268704062
2724571724540
504900454880
213962376411
998701263197
621472406837
1224663913848
1302649678918
110338193166
39286317915
1911089087336
1422262058714
328146189335
198438788774
597190090447
3985960624846
-1
141235122993
2717932027747
1074452218854
1976241125855
78781935772
108701141702
85375919083
234588150050
46740362971
446964133338
204997119927
105231471711
819672159883
202656403014
3786613458999
168854096748
156540851057
-1
487235799919
80107474998
255957145794
171958878833
136934950486
652057655382
125233357614
-1
-1
906465437929
270528855960
-1
166832273125
-1
598492532853
-1
115259975641
4510199524327
-1
128040825861
501081754834
-1
218713745937
289381777108
19895727723
-1
1838587628356
-1
156617890476
208485414905
33192943409
152094579661
56865304671
256466845654
4213267803577
177629315011
1508785974152
-1
131351529414
300603322195
-1
9908079729894
298446948155
219406522373
-1
-1
217087577323
115052207266
152019092747
221812622590
340321677048
85385433679
1662261550451
3908845117699
603423450968
2084944539224
201736190265
494750774749
54302913601
-1
1576287369782
-1
-1
9385012393559
2066303812961
3064675283816
142483194182
149264460590
372233089030
782435103603
83788168086
196296856696
1655210203941
128220813521
190309471772
-1
231219951879
376434618874
634843629926
2819834266653
142211711718
113816860077
100849658503
2843208045704
1178691760759
1644237901947
80166486478
-1
2325670740383
303807511489
5248264715475
781564756064
68418836614
199700392623
-1
190826767200
1241049238139
91776434568
341569832320
314524887376
2407531905031
2616165606548
3162799887388
194453137641
-1
685596563287
4605626086250
471580513612
1243829127473
817376529201
134119990620
218914409894
448424218882
287679023549
73375015182
855269058688
-1
448925309678
1217538786982
3484996049314
123581172059
120411836861
2388473634897
30611462360
390024097272
2042564994272
392050702092
136792146862
-1
157607435855
111784005121
252103923552
210788369922
2652614975365
235014941930
1023148918895
1564496631134
119010584410
131798715547
471195379653
-1
260949290531
281120121050
216502802030
429600512908
792630254111
107378817427
4175731463613
4439769959691
355043682031
1085077453610
49204558048
1085072803203
-1
-1
-1
247425541081
305304957394
731930359489
1076032689129
524029608436
264814500333
6606616838845
162477588901
819839277351
296317477474
269777848954
2385321614434
4874309314884
584189529807
155972225663
-1
-1
204769268269
-1
300385738192
162598866199
336543131534
783740096681
-1
3876001572576
217285735223
175402873068
5726595029444
101672191566
343806327125
9602880809357
-1
-1
85870749723
117860026429
162522109689
264876190284
214641724105
1268934575869
-1
2025145344400
133157986973
1162097942415
-1
278604147965
-1
1154542723100
5706804763575
187272668972
834809384841
188384633660
45415404961
565987518680
866387662869
198690574000
1413934730387
-1
186401109162
48008251942
183220182667
174190816235
47130602278
