774
36
1842
2164
406
3453
964
943
16224
464
934
486
895
853
454
2381
622
642
787
896
3
18084
932
22
2962
348
3872
1546
688
878
9767
776
1279
739
664
3109
90
188
1134
925
274
237
813
150
1790
130
784
946
713
2301
69694
4978
808
1675
369
141
784
12594
14480
2
761
3893
49
495
565
658
362
428
567
745
744
1341
199
764
297
265
768
1871
837
5843
90
632
1957
657
380
897
645
358
869
7008
90
429
1087
179
101
858
2296
45
614
926
1498
992
563
14709
2599
3845
925
191
793
1179
360
381
852
96
328
1015
98
2599
1168
635
1405
1771
472
539
341
576
431
4334
51
1595
9747
760
319
501
83
4364
8469
10486
414
640
183
524
6323
1389
248
291
66
11103
912
3105
891
722
1185
2061
701
506
348
4110
3938
687
2459
3048
5164
599
692
849
379
2040
890
489
1727
237
900
3166
791
7946
945
1797
996
157
410
3109
1532
1666
4649
314
1857
6145
3353
474
17538
2341
1289
12
552
2225
1887
686
42167
908
8355
2181
68
2272
513
788
4135
3084
696
278
1050
562
1041
137
444
665
318
3804
3187
7813
3570
576
713
1172
668
1222
328
613
861
431
825
2129
1232
83
887
1600
210
867
488
864
884
971
1013
8336
2603
979
2644
498
596
101
690
1022
1646
2716
982
1894
5224
150
2350
722
2522
2603
2218
332
421
141
940
44
490
739
20264
768
1973
1920
25427
164
791
570
3048
397
1372
1011
18939
683
1887
937
1738
739
1000
775
600310
882
278
256
869
1844
825
2659
11877
986
423
825
22119
136
148
291
256
22
877
2435
9012
475
2722
222
505
24
3122
534
928
495
2371
492
886
1217
1337
928
228
1151
450
1351
2584
715
552
684
2010
268
893
675
315
359
4913
30712
2217
1487
151575
2140
772
2744
1644
5023
531
1131
892
3063
12
419
2948
2273
1792
5282
3204
955
536
654
143
1268
39018
773
946
1592
4492
498
1093
440
516
4493
1681
3466
969
2792
1898
752
1096
575
1189
4321
10502
500
2028
3878
794
800
770
15
553
3681
3957
477
706
334
552
11986
855
813
485
4521
2424
1842
1677
969
734
566
1283
120
353
2076
1834
25217
7120
1122
479
137
622
118
2349
2301
945
1001
967
15
3878
1031
844
47617
4724
566
1383
26
1465
1644
1160
2961
2167
901
1744
1312
682
2347
389
694
875
207
3334
1365
898
1739
1094
4259
557
1762
21708
16581
859
5036
286
724
923
4289
984
5138
986
423
484
3020
13331
1165
55
409
420
751
55
1250
584
41739
33292
14077
3137
1195
10086
33543
719
1635
1509
17770
685
538
3434
720
798
516
541
1064
4016
12589
118
4678
1543
954
4030
1231
5052
6625
1009
3650
17799
1421
1121
2264
506
1064
3806
6252
2222
1422
655
281
1978
4870
769
2084
2964
1919
1710
2754
757
2176
3216
8853
11084
3526
17003
890
4261
371
1475
1488
532
631
3276
2339
2732
710
1309
1346
1671
1025
54
557
1850
6355
1530
834
959
175
1476
1615
6465
948
5861
1225
355
3878
6125
870
165
7029
6432
593
2231
882
1251
1711
11658
1827
492448
279
2285
1111
553
303
371
9420
2334
13169
566
1097
485
44
4017
22868
1057
2577
7614
3082
564
2851
1040
1418
1325
8312
1110
1025
2167
1101
874
1113
99272
834
554
4045
575
13083
1274
980
2404
6785
1227
255
2863
355
769
481
4835
1650
1014
2732
3502
19691
552
2068
881
5490
5420
5629
574
1981
5139
10424
2143
6316
12605
15784
737
5494
1772
1231
1794
1183
464
217
5652
5094
34287
2685
3959
600
878
1690
892
341
1880
2094
16850
960
1219
2144
2936
4046
844
1844
2638
383
1964
575
26533
2936
6811
226
1665
2021
745
209
1260
6098
1397
7956
694
687
3013
741
5667
2024
1347
3806
50274
507
773
1323
2935
540
4973
913
1269
1294
3158
1283
1123
36
851
163263
451
1115
1129
11107
3298
317326
1237
2539
12571
714
1258
6651
3893
2404
2436
1588
22457
765
2662
11638
2266
1448
1688
2870
263
1303
1260
1322
1631
345
1266
4871
10175
1754
1722
1330
3922
3736
2165
1722
859
694
1433
5423
577
7735
3888
703
1336
1842
584
1706
7168
3234
821
2516
1411
2360
11084
939
3155
9489
626
9642
1901
1484
492
14551
1503
460
6454
8521
2559
3234
2769
143
11339
17481
1287
6193
801
879
3416
681
1011
7152
2312
1228
3328
3455
4621
21565
619
1727
1314
2068
2092
2646
3197
15927
741
584
0
1476
4658
448
853
10481
1173
2318544
4874
30619
1252
4047
17761
538
6277
1269
1736
11
4647
5061
1138
1359
887
234
12571
568
64581
5374
19696
329
1931
626
1569
771
143511
1400
941
1337
76
5571
1280
1006
7084
691
5652
1722
8647
1441
685
9018
3234
1324
10554
1821
10921
918
14658
471
1142
2310
7177
3573
1624
3155
6283
5616
2834
869
8396
824
13895
1188
8
1698
999
2214
792
6376
640
840
2139
722
526
628
1841
88401
90242
1377
2840
10828
1199
1493
1698
1826
2778
1514
2583
1231
969
39911
26488
2197
600
827
10635
1103
732
725
2410
7090
764
884
3275
8104
740
1764
889
548
1895
3584
988
846
4185
1264
711
2302
715
1334
858
2004
27822
690
11045
1476
1601
12358
1382
3203
4647
17305
7522
602
3154
2049
1486
1050
1121
347
1648
151060
1841
958
9390
841
9263
4952
1872
3429
1928
324
1421
2670
1523
2051
11940
46
997
1568
5984
98
5184
30192
1111
1201
1430
602
3573
1868
3879
4710
822
959
2558
9473
1582
2270
1369
6428
1621
1281
8343
17352
4473
2040
3167
2081
27227
8247
1853
597
10871
491
1388
2822
1534
1089
2740
1944
1049
300
785
19534
1204
287
1217
2825
2796
569
3775
1227
7633
448
9367
1755
989
2529
237
788
4973
4298
2643
1836
8803
797
974
1848
1204
23104
425
805
756
2128
938
1509
926
2029
1076
1099
8981
7140
16070
42633
3156
1883
1355
914
2458
5097
55208
532
3816
982
16422
1214
1418
370
2741
6396
10327
423
968
11677
1420
518
2388
6147
993
5451
24361
312
14130
2015
2165
6368
1033
1090
28635
2415
1568
10957
495
1024
1869
1097
2007
660
1117
3003
1217
4711
2952
8029
1293
98
2436
76
1332
2157
762
3685
23328
8968
1419
1895
97
3533
4680
4886
21715
997
222
345
110184
117283
2340
1193
1723
2093
21715
44
2907
1125
6178
826
11339
1347
1670
1917
12935
1796
1879
968
975
5763
30158
106
1724
1305
1052
243
3534
1436
1664
34232
6946
608
1562
4825
4288
27755
746
2846
568
4647
62760
1795
975
564
1287
1576
14033
2103
801
3173
1615
569
2228
2046
2201
1355
998
152
5468
691
1695
348856
2952
3489
1007
1395
807
3398
2199
1497
309
1109
2793
897
5686
2512
632
513
960
916
10103
5949
2044
7316
1424
3253
4062
5250
4130
1559
6791
18230
1940
141
379
1500
1770
2861
1622
742
16148
523
565
179
923
1008
9348
908
927
15488
22721
1552
267
2605
3804
757
762
670
869
46604
1052
3008
1644
1690
252
1408
283
16398
1898
10924
482
1164
1013
11072
8806
1331
372
3519
999
1631
10596
1299
3528
569
689
3662
3023
47495
1399
5702
2432
3320
1107
2796
243
683
2891
2868
4870
208
764
1255
372
7559
3393
2491
1074
1753
2000
1819
3156
1193
1945
6439
1767
4338
7772
959
3419
481
2643
1041
757
337
