6843
187
554
515
769
732
3700
366
311
815
1919
615
1374
428
3120
735
963
929
339
4038
1796
2429
108
453
89
1645
713
1396
624
5488
807
362
3241
330
367
1807
2161
1641
814
1037
1322
328
905
510
2078
316
258
6679
2756
2436
666
316
1389
482
192
302
14
236
3045
312
909
3108
850
378
636
531
5747
360
1613
646
3222
1377
2005
1683
150
947
355
647
4240
1484
782
720
2996
795
4937
819
400
1082
329
521
772
918
77
1519
984
531
2247
487
403
2297
753
1371
399
8
813
434
781
482
1582
225
210
115
993
957
780
930
1032
711
2163
4062
1534
264
246
29830
903
1746
2926
6353
2106
750
76
888
1056
548
575
375
428
805
1593
799
1017
1392
588
45
1250
625
10501
28
971
722
480
141
269
627
3238
69
8484
972
743
844
527
490
185
726
698
5466
1983
1625
785
829
720
4986
1022
8947
1818
476
315
3809
1946
889
961
586
1388
141
797
867
1949
2308
5569
89862
211
239
725
6169
65
289
2932
2999
3554
255
28
267
502
205
209
98522
170
46
6408
120
863
3966
626
87
966
1266
2222
899
676
717
211
435
1695
1997
1601
111
2449
1521
85
150
3724
984
827
2504
1729
978
54
1634
550
230
858
386
927
3287
1650
590
779
939
914
7263
900
921
673
193
463
6018
69
815
379
255
350
1477
866
1112
752
683
278
6115
272
45450
935
13981
1119
726
999
3523
1486
702
4985
924
8072
957
434
2134
5673
75
721
1172
343
436
3223
2305
723
458
639
216
942
84
92
1539
934
2994
97
1952
1399
1220
1015
669
686
1349
339
790
7180
2970
246
2039
645
1415
1411
823
159
2194
815
450
517
924
542
571
3345
1592
715
873
205
6759
374
2013
697
881
2059
501
2317
367
768
2442
1982
817
36
993
978
859
147
38
1400
223
995
214
2039
694
1271
798
214
6305
483
397
568
4523
224
1567
15211
793
872
803
1480
598
126
2983
904
202
6634
990
2600
8636
3634
1707
102
2297
93
3032
1418
2579
63
97
328
305
287
1984
3
246
892
784
551
1079
1365
1616
697
9
204
2394
169
970
395
2142
1986
995
657
147
442
974
711
540
78
738
11532
1070
25214
1498
3011
560
27
66
589
361
819
903
970
1654
1234
1029
11
452
1365
507
1174
987
1137
95
1097
946
1452
973
1219
2349
230
718
1842
1668
593
682
1169
2415
2461
1564
2000
998
475
610
1727
2628
24
18197
328
22846
1079
3420
2082
843
311
1465
236
129
458
735
601
785
1812
946
788
670
233
1259
1959
6417
2836
3185
478
545
2269
11464
643
810
931
383
399
901
1248
371
522
72
257
546
128
165
60285
3429
605
37
3616
385
1282
2857
187948
24
1257
800
390
1917
676
2132
667
14
112
689
783
607
5502
984
5531
795
1991
2245
383
53688
524
463
635
305
3240
1481
27
2805
611
23169
969
6036
2422
872
399
268
83
3778
408
39298
18866
562
1145
1109
4335
792
2241
6203
538
808
46265
526
1168
128
533
797
1205
1004
643
5412
970
1694
473
319
282
649
115
470
69
198
3813
1325
2891
605
1498
1455
3031
2945
142
1646
854
796
1713
4336
496
1256
428
798
644
22834
4366
517
2779
359
136
571
17513
730
653
464
84778
234
224
506
133
143
973
1855
224
221
839
369
485
9258
3078
232
397
1003
714
70
1949
2102
776
557
269
817
184
304
524
1237
1082
849
561
811
14121
1262
504
751
712
491
832
3710
12080
487
327
398
679
912
349
381
3973
560
1964
28
1074
24624
1888
532
201
944
771
1303
1128
871
990
464
995
622
4910
1774
1094
463
784
466
11764
973
166
802
1524
87
44913
740
464
781
985
228
817
779
12248
584
2736
1052
184
320
1979
458
922
906
57
816
301
639
975
2670
248
329
1073
6281
1390
2043
907
149006
1865
681
2531
981
2521
125
543
3723
1301
1085
979
459
2794
464556
113
956
526
644
971
756
2199
12750
274
2772
588
1921
1210
665
460
138
7924
1075
677
1040
839
2599
1242
1242
4749
1204
158
2246
1667
898
1565
718
140
770
781
671
190
264
16046
14638
876
928
1487
18
838
919
6650
787
10939
7934
1074
3856
1154
2959
594
1100
572
4061
51
681
531
1281
436
371
268
5810
185
3853
1474
1460
578
5957
7540
745
197
7003
3619
397
944
476
4914
1159
494
5445
909
107
851
2620
78
778
393
171
324
326
976
4048
554
409
1589
520
140
9361
246
2397
989
96
917
23
395
281
2651
351
832
899
193
481
270
490
3219
749
703
445
901
945
2431
583
558
21879
752
5010
864
525
479
1894
909
831
768
124
1209
19
2068
364
776
717
559
511
244
2360
322
12651
662
214
68
2628
230
43
1559
9901
33
1736
908
75
1010
1656
2006
1246
857
2461
331
892
15333
12303
320
899
103
789
1678
287
482
861
1498
1011
821
883
885
12017
690
3017
2935
74
2169
501
573
953
761
2394
657
66
6930
766
1446
957
759
984
979
1514
691
154
302
381
51
59
920
858
762
195
1052
1903
566
442
979
705
639
6586
250
316
2909
2252
607
2303
1316
1709
1796
654
3090
1409
641
950
550
448
743
1898
493
6779
4899
23465
211
869
529
89
399
407
92
603
723
28912
936
302
1054
1671
770
424
504
11501
2407
688
1616
356
479
208
1151
1738
909
347
1026
608
618
430
1814
1699
114
1595
2454
736
837
3358
1186
712
609
41034
507
1273
1743
1041
217
663
3670
1101
6518
171
9629
804
5978
773
385
594
605
131
1266
578
1798
970
313
810
1415
869
16243
139
941
805
1926
4593
18808
417
485
87695
464
396
970
450
1098572
1058
6341
131
6101
2187
555
246
1480
652
95
745
215
1366
1390
211
3115
22
867
960
975
7616
754
503
221
201
128
526
881
288
537
108927
912
686
956
23289
2409
208
576
453
100
20259
846
816
933
835
16664
715
23274
791
979
601
388
1405
603
89
882
9016
582
854
922
2558
4549
1976
804
578
202
840
2359
8509
48794
456
2179
8442
1527
848
372
515
4357
77
238
429
766
746
746
642
158
372
4326
894
285
848
110
529
141
2424
333
334
24024
249
4
1306
134
901
1955
755
542
504
16049
848
4506
1173
3010
582
344
584
2838
379
339
709
2229
964
8216
212
804
978
1346
548
973
5617
1750
1607
1130
4660
322
4727
1659
2596
1406
521
443
878
6211
669
1044
717
1471
2613
488
345
568
60
989
769
2161
343
382
83
5891
2553
928
930
466
1272
1106
4
858
336
824
1617
227
284
61
14420
1598
658
16453
894
2314
2768
917
614
923
643
376
2897
3114
3444
108
228
2296
68
274
1531
1158
619
404
877
1196
775
7944
399
155
441
659
1661
4699
10311
854
631
1029
1060
991
598
6282
4260
1009
350
170
2215
3781
165
568
162
805
81
807
836
774
797
91
2143
998
1643
866
8978
3146
1420
603
835
2578
672
314
1611
331
2039
959
279
1466
2467
2080
683
1832
3023
985
1126
498
1753
174
825
1314
1716
1504
327
2940
135
3550
868
182
5211
360
1923
1842
244
869
1488
448
1561
1482
790
1373
394
244
998
1675
350
710
797
837
1662
704
802
388
325
245
1931
1254
183
156
933
183
806
321
97
3304
14506
635
1226
3397
3597
47513
1044
8860
582
436
5255
74004
929
227
302
1230
1744
105
950
835
45
758
3256
2362
82856
603
724
594
1194
1720
274
364
879
69
165
503
818
345
2317
855
525
965
244
698
858
1558
515
45402
376
461
1818
1645
775
415
622
872
149
2556
273
884
845
1537
266
7173
503
2458
534
33531
685
2972
19
494
2673
2109
1792
9984
9128
112
216
494
47
920
826
488
1762
889
3192
6074
2351
1237
707
8
1417
178
1345
289
2189
1960
714
1977
1080
831
2771
1019
369
3282
821
18
406
28282
937
1187
21169
46
803
89
360
4362
3744
405
909
694
1694
20035
402
459
516
925
594
1043
13578
3079
2224
822
6
163
1622
6531
17616
616
512
371
959
777
125
25
220
903
928
7073
483
6177
19
1469
788
669
1017
1779
936
149
552
216
7939
738
856
991
933
10
3488
3300
3500
403
640
189
944
4086
25581
970
949
638
111
503
481
854
4838
790
671
213
1177
790
186
7791
611
30696
1786
2603
969
625
3299
512
2994
3817
1581
5033
860
911
614
3501
816
844
1977
366
2801
1270
2403
513
1097
757
1062
793
986
633
1495
473
34
566
29
211
3731
504
8248
98
3148
10141
2814
58
885
873
746
842
1668
164
1531
9651
1680
847
712
565
1197
414
260
3086
976
592
2016
435
856
961
743
58
630
317
1193
1019
20886
710
741
23720
729
39645
465
2599
478
1504
1629
813
2758
1454
488
1632
103
478
857
1968
980
740
3314
1424
795
1119
900
667
600
666
574
12329
866
185956
931
706
11347
606
367
599
881
157
756
545
3822
119
245
65
1882
150
147
7409
230
1367
3979
159
9653
386
656
321
1008
522
61
8
630
3744
3384
951
3572
342
662
435
568
1874
13565
362
40
693
186
412
532
630
5755
243
2197
885
569
403
366
532
1083
1402
804
177
393
13636
22741
1589
1610
453
1423
1542
232
1372
320
612
9459
172
350
490
461
162
868
3899
4342
645
762
5573
1782
90582
732
649
430
370
678
874
911
1651
2318
7470
361
6217
2761
310
1945
541
1413
1060
1439
621
1453
52
1543
1994
2920
569
570
362
831
934
170
407
866
661
614
927
5506
984
282
191
2955
1414
813
26
3024
1372
5553
1333
1161
845
1677
3007
4765
659
4066
184
195
1865
55
861
925
192
320
558
342
1082
156
639
344
708
1090
4027
2064
191
703
959
610
968
1217770
3686
965
453
1511
104
1742
292
2356
795
10
829
2652
692
621
1092
438
115
16809
2276
1227
389
11736
2504
167
10040
217
2097
675
676
160
2891
1755
1220
8290
84
725
1487
1656
1994
619
847
285
1886
1008
362
86
627
1756
240
30626
551
2712
24945
326
330
325
8464
666
508
572
4982
46
117
2927
3404
4622
176
393
1276
1724
1003
5518
359
339
787
778
2903
1251
849
169
299
399
796
134586
237
759
387
462
175
267
710
631
347
73985
2539
306
29489
9
136
165
589
1815
161
1270
124
2480
1721
758
520
602
702
1903
87
577
8
615
695
555
1649
245
865
3819
104
165
978
965
991
1248
1955
17650
228
1160
887
1469
1846
793
1789
571
3344
2173
37
730
3484
1687
306
619
699
1283
1274
5840
1410
258
51
82311
551
1302
2506
19356
59902
999
3048
738
1285
146
878
1424
1223
386
927
934
396
12713
5388
14507
1042
3732
1756
3801
960
786
16462
2330
3531
81
1021
618
728
836
1257
395
304
297
992
18005
798
2607
1175
530
995
3857
383
705
588
2373
642
642
12240
615
148232
300
945
269
1196
1452
2675
838
2729
357
40685
185
2518
2281
334
2260
2357
614
1689
1340
7195
565
20
3184
695
154
1206
721
163
66
579
747
413
412
1749
1044
892
130
552
50
444
937
1507
808
1853
23552
1303
5534
1708
15
688
371
7873
1722
207
487
861
792
654
723
760
44530
1500
770
15547
958
324
254
2123
1096
2868
259
871
772
10071
1011
179
781
143
2820
967
2896
623
336
530
230
719
936
1534
616
298
20
388
509
30
4457
2230
34
1247
8863
3417
466
3605
1198
365
279
637
18067
674
840
572
992
891
798
2979
493
817
1274
592
463
349
487
1218
13795
1101
2012
349
396
12
581
200
2068
529
34662
253
1072
973
31
8258
958
4931
5560
1485
235
986
24
3483
558
605
921
1255
20926
49169
13234
582
560
457
728
6779
700
54
577
454
680
80
545
953
500
555
314
242
880
699
750
889
8575
702
170
537
1600
1643
900
598
9577
13598
1397
735
111
204
1499
751
2090
4970
280
781
921
927
92
790
297
19
995
672
3103
940
602
1180
897
8146
467
613
834
2222
6063
542
174
3959
761
760
11064
993
925
90
12269
394
440
2532
196
162
826
1632
1146
2524
912
732
372
705
793
3095
28301
1690
544
1994
7570
16668
206
712
411
222
91
195
377
183
381
5476
1217
637
763
142
4475
5399
5888
974
59
3863
307
931
440
1131
866
461
783
169
691
671
383
1713
965
25356
6632
1393
382
2165
716
580
406
439
283
1520
86
534
5691
715
704
794
775
297
881
3908
720
132
561
878
3842
784
781
7797
2202
477
1942
552
15
37520
3713
156
4476
7930
1880
5698
11466
1170
3318
3796
628
1624
360
535
352
698
755
7044
970
2634
901
969
1972
1076
271
886
1750
12422
774
2880
1665
961
909
305
447
2005
1001
972
361
9559
517
387
543
595
1364
401
20
1238
1255
6649
489
332
736
978
767
1139
134
483
669
574
545
334
639
243
688
1046
8773
199
554
110637
2289
925
2122
153
693
7031
758
2822
971
1107
766
4696
1446
579
1037
3674
788
816
746
18831
713
206
656
1061
133
1663
964
970
2105
6777
764
3710
822
15956
2655
1080
539
5074
784
716
7465
795
941
1895
1449
2443
131
500
377
1825
1529
1504
5740
8157
485
755
2213
307
2426
386
3373
1361
2234
1439
938
1064
1219
731
736
398
517
265
958
622
360
2737
4936
11790
849
896
1597
390
13109
516
2141
1858
560
77649
398
892
1930
455
594
977
746
807
3333
1432
1192
913
2966
1017
347
715
2047
613
658
131
1051
1433
507
60070
4158
1460
521
346
1295
396
260
2394
4328
2334
252
5821
1000
1146
2063
81
208
1017
1922
583
355
306
1390
3385
10030
28
970
407
626
690
24229
635
824
1406
185
121
66
478
376
586
829
204
4982
1284
5018
490
235
859
681
508
2741
844
17532
872
405
726
827
871
5562
646
1140
3228
250
1406
1062
533
546
790
933
2166
675
758
11590
463
2103
76
478
725
809
889
767
328
1938
542
1211
4081
885
762
13318
1088
2588
970
2077
1223
505
385
4132
30134
9309
1541
381
7513
2639
736
1114
65
750
1339
292
292
674
822
873
55907
895
1500
10260
262
3763
973
185
1690
3063
945
72
625
9879
609
778
659
301
1680
997
6606
410
664
271
883
1481
906
392
968
3155
351
923
350
705
712
415
944
1029
1681
849
310
1208
89970
717
2301
345
6919
1662
1575
445
1826
411
2277
1999
3355
922
568
7883
565
5259
810
190
1776
27826
474
522
8156
990
1223
552
1235
272
1450
11403
1389
11712
1667
199
962
3660
3481
257
1587
1685
645
146
1002
2500
2010
440
641
755
776
1231
185
585
273
862
1532
710
366
912
168
912
768
919
368
3233
889
2503
5681
752
449
2398
347
405
856
1811
792
1808
615
944
984
5365
4310
789
955
725
1813
1698
673
426
439
733
848
292
723
8150
2309
786
840
1070
1083
1749
4089
2613
448
781
1241
973
1396
834
3884
361
782
971
793
988
2342
281
618
3770
1363
136
297
560
966
1005
6874
811
551
525
2104
932
798
263
1005
2186
189
190
453
14337
3362
9501
9473
807
2684
696
978
2082
692
1108
751
2744
933
419
936
875
22
240
543
20212
702
994
1069
1863
200
168
10111
639
1723
506
898
441
681
3807
290
976
52
641
936
1522
609
895
718
3474
991
3739
4626
193
3351
19621
4032
596
1145
671
673
474
108
1527
2027
59
778
680
1249
166
919
2351
10124
713
2298
4425
129
857
3027
860
2937
4326
159
43
936
495
1187
1333
1202
683
970
860
391
997
1037
821
2097
2909
948
457
1096
1188
255
17
1350
691
571
7235
2467
4884
1295
10429
247
2810
488
1441
3185
705
2127
1336
1169
1172
869
12107
1634
512
2228
798
653
1046
2767
568
950
1246
25662
720
538
5388
867
14729
3689
79020
1094
985
386
983
2450
4205
928
315
1226
753
284
869
2393
4798
3041
361
584
145
2091
970
3589
2348
580
4469
715
487
817
697
11720
740
4878
860
633
456
228
1568
1549
669
2050
26
814
1910
1579
741
25100
540
4350
9287
1104
4186
1103
179
513
598
252
199
758
269875
28706
579
2100
850
6195
962
552
962
897
1174
1186
1365
833
1081
994
741
3339
969
3282
987
2018
757
644
820
288
266
446
162
804
1161
1998
645
920
2309
8673
1674
493
569
520
592
568
609
1406
497
9230
917
603
1256
1456
2130
152
339
3953
900
2130
3193
134
786
10583
69
4390
809
462
5455
832
2943
291
23746
194
1693
1663
761
95
2781
716
90
812
447
7270
1608
1911
966
351
14827
118
986
2705
5696
612
963
643
528
1107
632
2837
1716
1270
1693
330
121
3267
267
220
994
134
11874
855
1511
554
1623
233
171
323
761
910
258
13
2149
5973
17293
386
385
824
474
23057
335
410
75425
1715
1079
5140
2881
845
538
1372
1657
2519
6785
564
344
739
669
748
70
956
1578
178473
1556
622
290
49
234
459
895
3082
1628
650
515
2569
1191
1258
921
198
351
776
1417
839
5
1793
173
190
3015
1327
3620
23439
928
1010
97
640
5692
144
9016
1138
628
2594
161
628
464
1410
866
710
1953
589
6571
1120
132
966
878
719
162
3614055
677
710
327
857
927
908
3649
924
1988
1200
1896
1340
1599
1724
595
386
1742
687
6541
101
13892
1580
183
78628
1401
929
842
959
531
1420
4675
23
32
562
3542
1854
748
805
909
674
94
1577
15327
8633
434
188
594
27936
9216
19584
477
675
149
856
926
888
3625
1733
2076
4034
297
3827
1004
912
460
584
997
1212
276
264
18
609
1106
6182
1326
5202
983
2533
6127
2238
931
168
1507
553
995
710
1473
1530
711
2275
299
539
514
843
3814
443
945
2331
915
130
162
692
292
2912
42423
94
747
227
763
2455
210
448
42929
631
629
1061057
797
1633
1276
378
6190
102
718
1691
359
1120
935
1
10033
517
686
1213
516
874
743
415
218
5310
818
613
982
263
1234
33
2362
2925
2204
601
104
2943
1222
663
60
1402
592
755
716
598
42
1163
958
6195
2200
93912
519
1233
796
2193
1916
91626
1466
763
2899
2841
38700
464
608
147
478
307
803
534
1167
587
986
1677
511
107
1114
4500
7965
1859
2356
6115
835
790
798
1223
1590
973
465
1726
1301
3620
579
2300
449
4142
221
28
5476
789
147
693
1117
946
1208
2191
1576
2876
1559
2157
75
3986
9005
1832
1547
137
3766
6403
36
3301
735
1209
672
767
13047
876
15285
3017
737
84
922
36
303
582
617
776
668
374
841
869
1441
354
2334
691
541
642
2469
662
726
54654
191
26227
5025
3519
741
710
902
816
2619
606
3337
474
915
132
5
884
671
4143
760
968
2095
211
460
2721
585
912
932
410
4961
383
867
206
145
3258
153
654
793
5863
34
566
417
1535
95
4120
783
1007
833
1232
186
532
972
2054
169
554
922
389
985
2664
817
652
767
421
4068
1208
1280
110
1697
681
10
767
1217
116
161
699
3520
2875
803
1652
6537
753
803
912
691
3021
10145
568
32
1145
4088
799
4213
1075
440
15
469
388
7285
396
835
84743
7625
2669
779
483
958
10
205
1076
405
1952
992
1137
1509
97
188
223
3194
497
136389
776
1587
3257
1798
1046
797
5586
127
818
2554
1113
1261
604
2654
994
1079
1926
13537
2921
557
319
886
309
1776
200
253
172
2561
11819
1016
846
977
104659
585
5332
694
8640
366
878
2956
940
804
2178
4096
415
4028
267
682
3830
1503
888
10391
1814
3111
504
276
1404
6979
24541
218
1366
521
755
892
1850
418
4138
874
42
793
478
1625
188
5590
1815
292
1553
1735
578
1319
2991
410
6908
1236
1614
35
18362
6497
589
151
856
1021
220
103
118
585
287
914
1031
4062
567
446
2029
917
2188
853
757
148
1434
386
400
878
2055
57724
75
97
1539
1785
138
646
2877
877
524
7249
19355
1259
1472
443
410
405
35
980
470
120
1268
561
760
438
777
494
1368
925
20539
6216
1160
3131
880
871
275
839
40
65
3420
4717
75
565
10237
1538
5526
1284
972
5940
1654
408
154
18781
1219
3056
9755
1130
2290
882
2636
112
2490
373
1528
4372
91626
9213
4533
1585
1051
539
988
2651
944
879
134
867
3099
57
8656
593
2334
572
7687
1890
793
1268
1052
21060
2627
536
1349
445
755
748
491
172
12329
1116
10996
2108
1739
1161
276
4212
1007
1829
907
265
907
746
4423
4066
392
1594
129
1786
494
41
594
162
14841
615
177
1090
562
50
361
4256
542
859
539
853
40968
368
1383
253
11756
1108
793
670
1672
1916
221
17367
877
1141
568
815
667
954
1326
2735
3515
2292
3454
1255
2520
922
791
419
1204
459
930
2250
907
4216
253
460
1685
137
715
3677
5173
36
1556
852
7044
986
242
1222
645
1121
3281
1057
963
2422
369
1002
1860
620
734
24753
782
1524
1206
328
112
584
577
762
436
336
154754
2441
739
455
323
1457
5171
1557
600
23236
546
390
768
767
1280
786
2848
615
57
2437
761
2168
441
318
977
387
1547
1383
644
761
567
551
900
825
1763
156
79
669
958
317
345
855
4070
999
559
552
1244
5610
506
121
1229
463
246
1236
860
1266
260
584
1457
1599
71
8938
585
494
827
176
197
8911
642
2100
4135
744
797
388
677
593819
846
1194
1090
96
2174
604
989
82
651
1550
861
635
1498
1260
994
2420
65
492
653
2660
4709
609
290
1922
325
629
820
1438
958
7450
4484
464
1687
60
1276
7506
1570
3649
388
717
1495
2190
453
788
634
46
106
127
23746
2609
1878
1655
984
1552
9825
4079
9724
483
18950
781
313
838
885
575
844
1415
358
960
4908
880
18463
429
463
656
365
594
764
771
1753
554
346
546
6130
1904
72
725
1109
8179
1694
1332
661
33
3061
272
622
928
880
390
481
654
198
998
825
947
53
1626
7179
514
8102
245
10235
545
5659
3599
1750
1665
9413
439
2252
1565
185552
1004
1497
832
1682
3759
993
256
981
964
783
638
3384
316
646
1207
882
667
3298
6844
820
4520
42860
763
6
5014
920
43
20050
10612
577
716
95
125
927
1352
438
270
264
896
1343
784
1248
1341
1773
938
1628
172
432
5055
979
8108
141
535
1861
517
688
1869
2842
4299
4225
1213
297
979
950
10340
866
983
101
862
459
3772
899
12952
744
392
355
46
305
918
1936
4258
117783
48
62
584
487
1044
2964
248
783
1698
1813
3429
892
375
3612
2688
701
946
2375
13726
277
557
407
71117
2936
19233
11502
435
746
729
793
536
6153
6961
2106
4202
891
171
853
1131
782
555
1291
845
893
480
1120
146
652
692
884
592
5299
9
2730
523
1178
2970
1027
531
920
8972
313
3806
71
945
571
565
1298
904
1336
3884
518
1453
762
6983
785
724
2157
1576
480
815
2736
559
36
1359
1600
617
810
284
1314
922
1668
838
726
819
4174
5639
932
3516
16721
1367
2740
778
509
134
729
107
524
826
131
353
970
663
360
4327
24080
406
823
698
8363
594
509
502
38
1514
1564
62
720
940
828
3622
3339
7959
558
569
336
575
3186
2339
13292
987
2020
17707
2433
2772
799
4674
703
2429
2671
1108
1092
497
865
876
313
642
1672
237
719
514
7826
689
970
330
1854
82
831
527
1952
3507
8
562
374
334
906
5466
684
1789
733
49
806
1260
911
1995
2100
1192
1065
117
3264
38452
566
91
758
25797
591
776
369
216
1120
599
2205
386
926
54
1543
1644
180
636
722
1915
986
445
1167
2280
809
901
155
6170
574
139
1027
980
524
293
2508
66
416
125
229
601
833
315
4271
801
1650
2215
532
2760
934
1780
1676
1258
4957
1753
145
1699
5139
1730
54580
287
25
905
6537
804
692
1654
2109
3939
2242
478
1427
4799
365
428
1655
1806
1428
111
794
859
704
644
1308
67
269
233
594
122
11245
91
483
674
7254
928
7220
650
940
568
419
109
2308
1671
1389
128
1029
1256
1070
815
27
214
251
991
857
8
547
5019
2169
70
2572
371
856
141
537
555
3776
607
403
1270
1049
1754
114
773
2820
4042
6817
860
327
1609
199
7062
691
1162
666
1756
1156
1348
866
2384
150
5221
405
1416
404
541
1473
242
9197
2121
8756
157
759
810
650
155
967
171
980
765
7704
3915
708
646
829
7655
7469
819
761
763
1913
2859
922
1478
521
829
617
771
12574
13928
77
1842
280
187
674
1500
2702
2234
985
1090
262
284
1231
1304
512
343
2566
1323
287
771
34658
52892
3533
9677
471
804
557
966
461
365
2336
4669
2345
9587
2988
489
218
2204
2058
11467
926
5935
792
1396
634
26617
2817
955
721
521
703
2950
576
1716
132
14631
366
861
354
396
868
1645
1405
626
484
661
42
178
853
638
1009
1214
444
549
532
547
3443
261
2260
1186
2007
228
485
828
3004
782
2542
4661
818
2233
995
268
721
12872
1041
1689
2150
659
603
3851
20502
660
383
1455
2014
618
24
834
3374
1756
343
1467
712
3512
911
1503
968
1750
2363
254
786
846
1503
1682
9706
576
1418
4998
299
362
2281
1577
723
19838
311
2164
149
16036
946
419
961
1334
100
2984
972
1942
2213
69
290
864
7459
6701
1611
2905
2352
910
1319
1391
12354
231
1715
615
18375
2431
1179
445
651
7739
7943
13715
674
2469
259
4292
70
353
324
5341
93
490
4568
1437
839
6335
1856
829
903
479
61
220
4
2869
238
823
809
4058
8736
978
2417
88480
731
1283
10638
6383
1043
2642
6929
946
737
1044
533
3087
211
795
3255
172
153
12497
19
62
887
113
2024
481
72
13388
6964
1733
803
995
5268
699
489
567
854
360
683
716
255103
95
5502
540
1
380
48
433
8963
549
839
77
95
154
925
677
23196
3361
1029
7527
1312
610
1205
237
338
28
484
1416
19311
474
11269
6
4954
88
911
2784
1481
937
1844
698
1721
115
160
241
88
723
1512
865
8
4574
47
934
1445
822
99
3161
699
1238
1473
895
690
696
631
1312
5861
90
1210
709
2910
896
14753
251
226
264
905
765
334
877
9533
2315
1000
18
1793
3343
1728
761
56
2738
426
420
1011
101
2858
858
129
939
958
2360
2578
1659
1737
2034
147
1536
4306
255
388
962
895
520
813
1547
1334
446
389
1399
1138
758
866
4550
2166
687
4947
231
302
1000
30134
104449
345
616
16
87
828
1296
8459
619
680
150
444
3487
27
1084
71
1423
2746
1965
6141
450
1393
1329
2000
1517
2792
247
1007
63
192
262
75
503
6400
2554
1185
949
748
3526
818
364
773
663
427
1693
960
738
839
1096
714
16058
770
142
583
608
618
20911
1509
2240
460
659
461
219
1111
332
633
742
3203
33256
881
2084
441
623
628
2351
245
12411
3252
5275
2324
707
3305
371
473
110
733
10256
298
192
1627
167
38544
2254
5
534
70
794
17677
368
4172
2336
864
1271
10307
3
505
889
4369
1032
10598
37
5737
142
451
704
803
312
536
548
259
178
36
990
2957
1399
526
610
499
20608
301
6999
557
1551
730
1951
924
2782
786
767
200
10518
1792
345
18041
7796
455
1642
781
886
425
1966
2363
916
1122
825
1453
494
2983
415
331
5784
8795
21341
526
151
514
2005
79
813
919
1359
90878
961
1509
756
1264
1292
4300
322
5354
756
4848
617
587
3374
350
3459
2482
224
621
427
1265
511
2285
201
36
2753
587
1396
677
445
3932
359
827
887
797
555
15137
3671
642
1603
941
445
902
857
15885
405
646
304
502
2067
881
1173
2323
26515
537
21060
6862
23057
822
1137
1165
844
547
875
3016
440
4647
633
1269
6818
5759
37522
3426
190
909
682
49
680
708
797
1084
415
6578
755
696
81
896
12
726
418
605
379
1318
526
1857
1804
2206
551
599
978
446
179
8286
481
2912
743
1070
1592
6921
602
1380
58
161
8074
6564
4263
664
934
2076
792
1228
434
5868
3936
159
277
78
10
3520
59
1320
46
8172
732
12808
1306
37
449
707
2543
34
826
402
5788
826
53781
281
1195
641
47
7149
1216
688
15539
1617
1506
1410
2778
1366
822
26170
1605
5314
931
1309
2827
5895
843
704
808
347
629
879
2511
1679
784
21608
625
7569
505
16
533
462
57
4412
145
894
1268
908
307
5693
625
2519
8984444
1642
398
550
360
1419
37
683
748
408
452
269
924
2712
753
502
195
584
2199
1451
932
385
7940
397
2185
1793
8261
639
105
1771
669
1672
1084
281
800
9933
2037
286
595
287
2230
3287
1266
5796
9755
196600
2934
636
835
2045
407
331
1162
1247
1149
805
862
534
579
1145
2191
590
672
2430
343
10
830
1071
3252
444
1414
992
880
820
629
5634
588
1318
4292
766
853
1533
604
1819
11371
52865
50
3349
1033
6677
873
15627
571
2956
1373
1794
548
601191
569
721
1877
699
550
565
2529
1657
581
101
1120
7073
2118
53
870
153
277
556
1485
3757
612
659
867
796
1
156
884
526
751
107
486
741
815
1351
919
2818
966
260
5858
611
230
1812
843
544
690
772
5324
564
842
744
1134
3950
77
83
1002
692
2412
1096
7571
21
1808
2635
651
332
887
2213
215
781
759
474
630
1064
6156
122
1906
854
368
667
1151
994
3647
882
834
1735
512
1454
901
37652
4432
2048
1660
481
1351
218
546
6956
1696
819
2823
899
28083
219
305
562
1370
279
38
7674
661
65
454
908
626
2316
284
1372
1688
917
2223
17391
314
1161
347
617
1617
355
1319
2714
971
1019
4396
493
4082
870
548
6171
270
2032
5040
2841
1613
1264
292
6113
929
284
102
855
363
2144
2780
2599
798
677
2950
4151
20536
555
3637
665
2624
577
1319
541
100
432
608
7293
307
22085
988
2464
2468
2105
894
351
16392
270
402
608
2406
1197
610
1808
828
726
471
1754
3245
581
911
1151
4217
2352
629
220
7217
1756
776
299
398
2464
905
742
794
469
781
116
8283
214
936
818
55
886
924
816
1239
1011
2353
460
1544
136
97
1118
1425
1581
193
707
1315
1091
5981
3127
287
4792
819
13
661
929
398
783
1241
17161
7722
20004
412
1820
6718
573
508
951
3188
995
3566
2631
321
6762
2089
3988
2289
760
3266
473
4670
1981
27158
478
8984
850
1453
1756
1105
16
423
417
9614
1120
614
661
1180
1656
1644
7354
317
1448
937
969
6085
889
956
2205
244
2910
4298
785
923
902
15
522
284
679
478
1288
1373
2421
3124
196
1973
1169
1706
39210
17
364
444
2474
2568
373
583
1151
521
5892
1106
1109
2038
165
447
564
1312
421
1516
1746
998
1498
1108
294
358
5484
1178
818
13389
705
1344
797
722
1430
224
4299
427
657
1412
5651
5920
677
1203
2825
729
763
5002
400
755
643
704
1201
1961
1621
1464
277
958
2910
163
773
11271
715
631
1713
1326
3217
1405
6102
56887
233
807
151
1579
1105
1289
602
503
249
6756
306
1638
326
581
419
922
10111
1313
638
1780
867
2157
512
999
2838
4434
2440
674
1175
1587
961
5
394
990
1053
5094
1176
518
345
2850
1575
480
6438
20
727
2365
689
235
872
709
264
3343
684
5499
370
1388
2288
732
96
791
818
10317
972
117
704
1202
553
419
595
3533
837
2484
961
2212
2715
8131
854
277
807
865
3976
6851
494
736
913
413
789
1152
1632
2923
647
3444
32948
11105
1769
1197
212
787
1457
919
12216
1049
437
375
955
671
869
1239
1491
775
528
312
2090
1067
1783
2401
953
789
83452
590
868
1410
75
11032
658
659
5182
987
956
1901
890
3138
1692
9718
1243
3229
1007
2874
393
349
2871
489
1603
945
609
2574
489
43166
992
825
613
2888
26
217
1379
2111
1167
578
564
332
8
407
5000
6955
1363
513
1177
248
565
3155
1336
451
637
7319
83736
2833
549
1188
784
75
1442
172
5842
1099
1017
1776
561
2911
2159
1354
13
179
13609
1155
190
816
927
3111
399
1811
1611
667
833
507
1344
1606
276
690
317
836
948
744
500
22
805
113583
898
2015
611
480
1492
1082
811
575
1726
100
679
1546
998
301
709
2945
958
1932
149
1546
935
51449
546
15508
1898
1708
3292
383
2379
1563
255
4015
1434
1999
836
961
3295
5145
337
728
2799
5475
2525
7949
1200
173
479
555
842
387
833
2289
633
5437
587
142
523
615
833
322
525
6680
667
5140
11634
916
2014
925
20974
6359
1096
134
80
1610
20410
76
1020
382
596
4509
996
1355
1459
8246
539
876
720
325
7247
1681
3991
773
2403
877
1577
1295
1269
721
546
695
2558
1460
800
4141
1284
3908
400
37
1162
19870
2582
1525
1082
804
1452
1438
711
659
1460
4962
1659
2398
794
1135
810
942
1887
2083
1761
1281
872
1276
153
1684
610
1104
1960
959
548
1019
4503
1121
3111719
1148
472
2003
1481
2048
776
729
469
5168
4914
8961
1160
1007
8946
1804
481
4416
7000
931
1563
2637
3617
591
2085
3343
1199
63007
4093
13165
650
1064
338
571
285
288
2250
7261
5750
456
1041
503
18827
4627
1590
12
940
1401
1112
1017
1274
1101
733
395
844
35629
2837
4597
4833
74762
1415
401
938
2066
899
906
783
551
127
1155
527
133
46
6325
277
2065
95739
3332
740
232
1177
1821
953
3392
261
654
594
194
1550
1687
456
936
762
943
919
4036
246
5468
743
285
1216
1854
219
1923
1064
264
851
677
8831
924
927
1165
1290
721
247
2349
2524
4476
2319
240
566
710
3910
1104
939
766
1025
13404
1600
435
129
240
96
828
3201
794
856
48
293
132
970
3974
2267
294
929
613
501
197
1180
1326
649
910
810
1326
1517
980
1686
198
2944
1088
680
217
855
3930
63
853
928
676
533
135
3709
774
829
716
8441
563
942
489
6069
2345
773
654
89
1676
1739
4640
442
95
1214
108579
1248
303
985
490
231
4063
2269
599
373
433
240
1195
640
1065
374
895
2265
2445
331
539
750
1912
540
4643
4657
633
1310
909
5176
50
991
238
397
1542
880
6
563
939
619
3450
329
1607
395
32059
4157
935
4461
971
10248
5767
1257
776
304
1242
884
2604
1917
901
11705
2404
5353
2430
1487
15153
668
190
256
575
1497
648
1783
1175
105341
1391
4151
364
187
3650
1162
327
859
1444
615
429
817
6648
760
123
2059
919
922
5178
567
1027
608
701
559
1064
902
1232
1305
817
3949
1687
266
11812
1206
1655
1387
715
685
781
3029
1969
483
4637
977
307
3896
549
1080
7446
3925
5064
618
220
554
784
2676
786
3892
767
184
796
450
355
5312
159
1775
856
2414
984
2055
823
761
543
160
957
410
543
537
381
484
883
394
52325
1154
6932
273
545
1336
993
1113
8418
743
802
755
480
797
7489
812
47
5687
1220
151
1267
38
2120
251
949
1436
747
477
421
329
826
874
1157
718
448694
838
755
2958
691
1528
665
831
3393
559
63820
890
256
273
1383
2172
2851
517
1604
1098
1950
18519
4629
595
1111
10454
4890
735
889
2495
169
521
554
798
821
2957
947
5739
149
3062
370
448
7386
478
348
682
1097
1425
618
308
873
3013
1508
167
187
500
15
417
638
290
799
8533
918
1501
446
951
3160
577
238
4418
641
403
753
727
861
4536
429
4116
2214
1089
242
2263
259
4482
568
1628
732
844
594
1191
116
3271
356
281
2134
1121
1724
324
1383
320
27184
868
3495
2786
778
1484
1010
1125
861
273
199
738
1117
376
2715
40850
1038
630
750
1459
242
550
1114
20
884
679
7080
361
882
922
1953
961
392
122
832
676
1094
3337
1232
148
824
467
1309
20
1621
6251
708
232
410
517
236
1374
700
2370
637
3001
1593
59
855
933
517
113
174
2207
553
542
3100
7933
440
479
891
904
446
291
4779
555
1620
330
567
799
2573
611
943
2536
213
4765
2655
240
300
204
2759
972
7983
3
5273
629
259
1888
1499
761
20194
474
5816
524
8768
2450
524
1525
939
965
1741
1709
427
25
278
910
16032
2455
293
4866
554
1557
725
819
156
489
850
2029
318
262
2604
801
719
183
554
1444
1271
675
1127
261
1731
1369
22
5156
786
1904
981
496650
2617
589
1372
240
27
605
124
973
1484
15
216
2642
1101
1631
1466
564
403
2773
6463
1367
293
788
568
377
4396
301429
7824
1294
8933
642
330
1619
774
2174
1469
542
919
550
42106
2114
86
2104
9211
10639
7861
3757
274
2101
44291
112
2318
88197
518
490
2853
239
29
507
3256
308
2877
2231
542
7280
362
263
1625
487
920
795
543
137
1341
2355
1769
782
921
910
495
856
1437
607
1845
174
548
5982
2723
4684
22
601
165
193
298
1886
1232
91
732
789
5788
562
1221
690
333
1843
3813
202
1033
6182
1204
13493
4021
2197
1385
4677
714
945
1084
345
459
640
4845
1181
2756
28
529
852
2131
3508
3756
457
505
1772
1194
956
1875
1584
1639
26827
290
210
232
944
454
756
554
472
5346
1283
295
1986
2794
748
578
772
833
533
878
806
3431
3361
768
6440
1509
721
1162
12815
1274
4385
773
3052
1249
2799
821
755
2963
1322
742
1900
693
3243
927
613
789
999
4707
7501
1475
496
538
961
749
4242
307
96
1622
545
642
305
748
173
133
189
2559
5223
84
510
850
1553
879
612
1787
5504
774
1004
789
863
1195
3508
8689
993
532
604
684
2618
1241
1335
1790
3446
1662
3896
7013
2491
6527
1841
850
9109
461
3810
6593
556
1743
7131
864
1607
717
32461
187
168
584
936
211
289
2027
146
575
815
423
673
875
1161
2006
99
557
13058
972
134
95
923
1227
152
371
841
6376
190
704
623
13036
805
694
895
881
2768
33153
377
1702
673
2656
1625
1279
1091
801
4642
1478
1124
8078
386
318
1259
282
2055
1051
355
674
1382
862
571
3057
433
7835
5588
2106
3029
96
1338
1965
965
394
143
4278
965
3139
4533
1300
882
3228
456
1191
1843
1908
714
4646
113
567
742
164
7043
495
37
1694
2284
5403
981
983
4494
481
2309
3704
1683
728
1088
1467
1662
2039
736
795
68
253
892
1842
1007
16
3049
9827
934
16384
435
2759
296
1528
4034
767
899
559
6393
115
48
1129
465
156
5257
1100
652
418
268
10076
2299
12305
108
2826
775
570
4343
1962
18274
566
3793
409
318
10619
8436
6512
2097
514
1053
1129
788
2471
3294
1603
954
563
658
448
3859
3840
862
1885
494
344
7911
14444
679
959
2279
805
967
90
2817
4555
949
453
574
233
3248
1292
1035
2911
535
983
671
235
796
1200
1361
844
1021
671
3218
798
22389
17437
717
646
82
931
3346
860
456
1062
457
2310
1291
796
417
323
519
248
1257
343
3246
1925
544
888
4142
12552
550
3191
2568
2629
124
4948
4163
16390
342
896
706
779
648
535
2049
1529
1340
1253
5519
912
1144
106
2104
1041
316
299
64
3229
1025
370
8604
59
495
1039
17
4143
391
348
246
112
82
104
5374
986
100400
972
847
731
715
1399
792
651
525
722
449
634
1338
3584
24898
1057
179
1912
747
507
1280
61
2884
1478
799
189
520
12464
8320
614
27
443
690
830
968
662
796
207
2126
1219
718
1082
3320
1358
2979
48
453
122
946
937
272
6050
1968
532
404
324
905
981
549
1643
2212
222
3465
2255
9706
1293
1342
902
4206
1558
24151
103
913
1557
510
763
242
31118
14523
2173
1084
949
303
5117
2594
5095
3586
12957
2666
3871
4291
8779
1000
976
2269
176
386
60
1337
660014
2567
10610
3399
800
4414
706
1245
317
865
119
196
2627
1497
731
3647
1166
6136
3496
183
1150
105
865
730
2810
2130
815
3117
89
369
1307
1723
3282
1382
5441
2619
2287
2753
984
279
1146
1843
9797
1684
1628
607
2901
2518
1442
2127
10153
144
1078
853
3363
435
16219
925
681
229
275
3392
10952
864
338
294
705
137
4394
462
546
229
750
1619
1472
1716
1427
3894
690
245
1083
755
4527
1292
1106
278
67
1352
895
6676
318
9180
9421
2042
22125
1339
1141
1243
951
1256
668
625
868
784
2733
114
3512
905
547
34257
3403
1120
27045
1883
904
221
9755
30338
675
173
567
3372
50093
683
24744
931
2323
156
241
1375
1395
4093
655
216767
397
1977
878
332
8375
2132
2894
31491
112
1002
498
1514
778
2185
1188
44
1635
257
117
3835
690
1315
246
3010
344
135
566
9753
398
7614
3723
26
5494
279
767
4517
3531
4772
849
179
7
2917
107
8476
3101
1413
554
6099
328
2903
132
752
2615
365
316
680
634
1473
171
301
1530
566
2052
18021
546
911
870
626
664
806
1299
358
1525
155
730
20
2585
5204
256
266
262
2006
42
1633
403
7926
364
87
5800
3132
6385
6305
924
95
415
894
766
1336
244
2023
3723
368
43911
1693
2777
87
1172
5503
156
55
233
139
188
1198
118
1157
544
234
1906
2224
749
378
2859
625
54654
683
1642
658
27631
872
689
160
719
2414
773
2585
2920
484
192
257
27838
1262
9771
141
504
540
917
843
2031
2349
945
336
679
342
2671
694
5401
790
603
304
1774
1255
339
3676
2816
647
4078
4688
3193
1659
11262
331
577
197
20441
1018
1175
2564
926
41396
1675
8148
603
1038
1260
1604
341
2152
5389
150
1531
621
781
159
1659
178
72
13
626
996
94
410
1616
1123
3013
14298
507
1587
118
603
2930
30078
1381
822
836
314
612
462
1803
1208
421
1814
633
902
420
34172
278
97
2524
834
1036
813
423
1283
5504
1176
3999
1716
301
529
1004
1172
403
734
216
239
211
53465
404
876
3037
13160
811
10423
160
246
415
277
1423
931
1008
2317
1121
654
661
666
2498
16
2861
618
445
424
100
1660
700
443
3148
1379
995
69
969
167
4304
651
232
507
448
589
434
89
486
2839
1854
630
1398
15154
979
31482
1503
443
347
68
1188
1103
2125
1165
1020
840
1443
773
4108
513
123
315
8289
2437
1036
2600
357
1188
901
476
562
548
215
721
138
2285
2794
310
1148
1579
2496
29
20821
1183
1790
763
5429
137
306
25453
54
984
1023
585
1368
355
787
852
878
359
1644
1760
1088
530
2608
531
578
757
5058
160
697
1049
455
16159
609
1776
972
14187
889
200
643
468
1138
250
552
3595
1798
3094
3812
13279
316
524
2899
307
454
503
1310
954
878
14590
77
1914
921
210
655
985
2286
619
16
1392
2516
1211
888
461
835
1792
2659
792
1899
2261
296
678
1399
2517
145
844
1122
3818
95
1121
373
7938
1114
498
2300
22064
1505
859
6074
734
1409
2452
404
282
18711
2931
1202
343294
2856
3566
223
1611
183
559
1251
2170
1108
632
132
1410
1254
1379
680
911
3990
1787
1075
2847
194
1158
407
1265
3567
474
1017
914
3088
491
161
862
6049
745
52
2239
1450
261
1619
2045
536
1924
1000
1302
1327
6941
774
3200
14945
1202
529
341
1706
979
4371
950
988
489
153
858
917
3051
698
852
1687
766
360
2795
719
412
803
368
916
1760
1147
2391
3383
992
560
931
225
159
3617
3396
706
162
17415
174
3192
1050
66992
4231
392
270
5344
14188
2783
598
350
744
716
354
1122
5737
720
1856
3439
2645
1138
319
569
361
421
1696
739
930
603
2678
858
65084
577
1239
526
593
625
6466
498
688
830
918
971
1480
102
4303
1689
244
3189
79
716
380
318
601
4094
413
821
29063
316
538
1926
3784
959
76
1845
796
1475
36
7198
4098
2156
725
1270
1120
350080
1154
3181
202
27860
700
3996
1818
389
726
221
272
945
131
1414
107
693
2268
828
473
565
1895
224
239
1728
863
782
3386
830
408
376
289
4508
869
122
177
763
306
1617
1076
21909
14863
2278
682
2521
498
66246
561
3183
278
696
1055
138
872
2277
13959
1160
2675
725
262
1086278
459
635
981
900
254
1309
511
818
293
1486
636
904
244
5293
227
335
9115
193
1418
2257
673
557
838
1166
648
2047
659
382
1306
310
291
6921
11342
14
1455
716
1413
2470
1717
807
952
3768
806
722
348
1068
3832
1968
813
735
2523
837
46
1281
1651
274
591
1107
995
69
958
253
187
620
3659
877
782
1863
783
641
73
910
2409
10318
89
1091
3806
201
246
567
972
815
12576
1511
360
1803
207
5586
510
829
2001
2024
617
165
734
791
966
1424
733
195
1796
29197
125
871
324
590
185452
2259
2698
863
429
334
442
17459
1343
1621
9881
886
1894
1183
10622
34
1244
616
4347
678
579
209
515
1922
25938
942
632
555
1238
526
858
678
909
501
1779
844
1743
208421
163
5795
789
16284
46
16954
928
372
778
295
1223
322
761
3424
39925
7016
1481
938
1707
264
8549
2396
631
1044
4065
64
474
6894
1797
803
3913
131
197
1755
958
962
5984
3172
246936
2405
1448
149
219
1119
628
854
2535
964
2373
4158
345
3011
4823
41503
169
265
75
391
6783
665
1336
467
507
1018
266
1036
1531
558
473
876
1143
4435
341
927
2850
4676
5058
514
3603
1210
5146
3087
410
263
2820
463
717
9241
932
1820
765
2043
451
10348
1253
4155
734
165
1186
520
1438
937
1088
1127
99
217
938
1241
2671
22632
91
927
2134
544
361
927
8972
3045
2605
636
5160
479
5057
995
1769
42773
7381
1563
4369
178982
765
116
23207
875
12716
687
174
522
509
511
792
2776
537
84
647
829
1435
743
1631
3526
1642
832
5184
892
951
1997
5886
2457
1217
9091
54
928
25
1117
1417
14082
1692
1226
476
6591
3669
661
551
321
174
627
27
1257
2269
318
220
371
3501
6586
7501
206
1455
777
814
251
1311
664
38762
49
457
647
4011
487
595
68
685
617
357
583
6645
879
738
1445
2185
1459
6095
881
3012
895
995
900
845
6195
1950
2990
712
630
1027
1180
321
782
2163
502
15115
1162215
2495
1264
1700
624
2241
114
1786
754
3278
648
660
735
1355
13758
571
1963
754
2415
20078
750
338
34
3614
32410
694
81
731
856
237
1448
1548
824
1157
2133
942
1234
1714
3241
997
2966
6155
17194
2762
412
859
20
327
38900
372
1239
1635
644
971
234
1312
1620
2081
396
769
3377
5250
9184
1562
235
562
11501
813
379
2962
380
1735
2549
3270
865
457
200
930
425
2798
2085
812
3702
672
2295
1236
1931
510
260
2178
955
978
446
10
937
819
407
823
1509
940
9602
151
1654
62
5323
42
1991
1570
3830
824
2633
3627
240117
2352
1001
930
9105
3721
2612
11886
713
318
197
558
487
257
174
901
568
239
153
229
825
251
781
639
855
157
1679
102
1225
990
4150
92
847
150
85
440
130
744
20461
1087
2943
599
594
1197
1302
1582
969
814
950
2783
1532
1149
961
203
882
1339
1996
721
644
1270
1127
914
3298
157
55
1223
17
208
124
599
1777
312
69
2010
158
260
150
335
6637
962
1211
66
777
1654
112
3405
1203
70331
580
174
25317
920
5078
1860
92
2699
703
283
337
127
737
626
25794
206
12152
558
451
1016
4809
1141
1669
2204
372
444
906
8537
577
420
3878
91
981
913
427
810
354
2974
753
95
5750
850
1181
49
11149
5213
11986
32
490
2747
761
969
797
5133
933
22274
2286
1076
9700
1253
1869
243
593
1819
623
285
370
1657
498
10970
683
23366
502
3477
414
1065
7223
792
1415
1150
56
1200
1671
8716
996
545
307
682
341
490
138
667
22052
656
666
839
598
1593
567
7396
1454
617
6323
1192
1156
600
343
832
66
2730
658
1063
626
434034
5540
949
777
572
1847
462
836
573
356
12892
1113
1897
140
3332
909
928
359
475
1172
8295
1604
1766
9147
897
11262
306
658
1042
373
1286
2177
1143
176
610
1794
952
1534
786
169
2026
1624
851
1579
437
13480
974
597
727
156
111400
1319
991
1174
453
4264
602
762
22422
988
982
944
265
217
438
496
5934
215
259
450
873
922
1421
310
462
740
829
4975
6523
1669
7655
311
991
2906
717
734
718
632
185
3174
946
628
285
3025
11831
1900
7526
2031
784
14232
1743
1555
1591
4856
325206
1117
680
392
995
1527
1296
670
567
31889
248
15292
107
4182
22768
4565
27694
1730
157
907
1875
783
2752
571
958
321
955
284
1554
821
930
646
1254
1225
425
1279
8024
987
2330
229
166
995
946
667
4775
5218
1170
111
2322
619
850
2384
1186
1978
4907
883
1103
175
784
3211
259
4170
2304
1829
6604
1928
379
1965
1121
3121
1161
1
1166
26725
190
232
4234
2496
1369
574
812
12260
550
1304
932
1631
326
1251
141
1907
1630
1204
1472
691
759
367
604
11662
782
794
1076
1397
729
1644
993
1304
741
802
992
684
877
2733
1100
604
6653
651
4104
848
3762
170
4909
1059
72
514
30500
613
1054
34482
1146
615
787
570
6435
2832
1364
1070
4121
2385
704
274
292
766
1191
4762
352
703
1832
16482
2344
690
11158
992
734
976
849
895
2035
690
5815
4754
300
149
683
518
12119
329
202
4337
1216
8493
488
285
807
340
830
7661
466
1756
906
3549
31740
1101
878
57009
141
513
587
961
2633
112
1235
3140
1414
973
1411
836
750
1392
3017
25549
322
553
1032
1804
499
20103
934
1002
3570
449
364
4385
18050
2089
791
862
20529
729
682
4643
521
988
1345
520
4269
676
989
79311
1102
536
5574
1663
561
1241
2831
5169
2906
37021
815
676
2767
5534
721
33
699
208
399
857
251
557
641
354
299
1302
1538
994
9838
54
552
470
1647
698
820
24923
491
481
68
154767
1318
613
298
7
748
731
3842
5619
32602
1137
751
182
440
1181
2630
880
855
521
1167
946
1242
2830
916
926
953
789
220
3358
706
1755
766
709
1221
321
1953
779
1210
1593
1956
839
702
763
235
5522
1742
2911
69
388
1174
284
478
1134
759
172
625
79
40
397
6787
183
26579
1499
766
658
1483
1796
2578
217
756
1496
2617
258
1217
1092
2204
1002
665
4434
592
551
71
1530
3622
91
549
119
59612
799
462
8276
1279
3595
647
142
3521
1911
989
269
1562
3369
2515
4027
6968
1642
947
1353
2807
2900
339
1486
13974204
1140
7841
558
575
926
4908
557
314
2120
843
911
492
697
653
600
1649
1339
2402
913
10341
2445
7000
993
1399
769
1706
2305
530
3443
1287
6396
1177
1803
1026
279
850
4811
458
474
4561
1409
2352
701
3128
41
784
12103
419
2034
2202
6577
2770
328
1693
1545
2094
306
4491
393
309
68
241
28
955
8210
1302
705
933
3284
428
233
5528
570
2269
332
590
606
148
2022
1565
3042
654
1189
825
680
27434
23958
310
2551
1693
1797
2033
2982
1793
838
13024
465
4922
836
739
796
3211
674
1000
12837
727
10927
340
4258
1771
1681
2687
2431
1248
9064
254
565
796
1353
147
359
19443
426
1033
1779
2401
320
720
3656
2207
749
1171
122
475
936
2059
11093
875
580
252
660
2445
1143
738
394
1952
7786
439
5192
2560
1371
996
917
297
68446
11765
1256
99
559
6886
12780
1485
4151
4135
1430
670
426
1889
1702
1339
240
1551
2202
327
1732
1141
768
69
3492
108
65
532
1830
1414
613
5065
2472
232
3556
809
60
959
333
2536
676
737
1369
7259
757
465
878
999
571
231
504
882
937
950
769
1439
891
38
513
1533
1214
273
1284
745
439
6341
149
9185
1466
586
664
4196
2653
319
991
708
2850
2686
737
1438
187
385
2038
2592
13805
540
544
961
1449
774
33
749
833
2237
3585
1163
573
1412
1138
204
3149
123
11400
5249
1367
589
279
930
912
222
872
461
3875
1418
437
11753
1372
1084
1272
512
55
961
1298
2757
736
993
399
350
169
6
299
768
2355
1554
673
663
1170
721
501
1837
1960
1603
217
1679
913
1101
899
1306
750
540
83
16754
311
612
609
827
7717
1026
1090
8
221
3295
973
1399
160
6178
430
987
2615
118
862
110
1172
4590
31486
4125
1194
14428
2195
347
737
1777
1514
1457
438
558
537
891
728
486
663
330
99
6979
667
1043
601
246
2579
1775
625
642
584
449
874
7883
799
8776
405
128
554
383
435
11478
1571
233
548
608
849
4513
933
1879
507
967
683
475
331
2397
1809
967
1896
928
862
347
2591
390
582
1572
26
1995
2859
1978
1791
1926
1284
405
518
262
5539
981
52
1559
288
550
525
582
804
962
78
1125
912
1956
1468
353
21343
1482
446
13079
425
490
4692
944
260
1444
2487
7914
1058
1357
2067
62
2228
1736
734
537
1160
770
3614
7488
1746
785
800
1497
1536
509
1556
1343
558
1840
83
565
873
1589
392
1148
987
2404
1946
311
426
7802
3001
1039
7612
1163
441
702
293
68
868
466
883
5096
2295
1214
957
1171
9883
1041
241
1591
18
2539
1093
955
942
4375
239
729
1343
2244
2359
859
562
188
2390
4776
4809
627
492
4078
862
808
1993
982
972
4336
3011
881
450
1708
864
586
1602
4176
553
8504
780
5543
681
36393
180
2847
1315
1674
4008
142
1344
1811
329
1710
962
1344
2259
4180
18296
729
571
373952
992
1487
6163
882
2955
101
748
5232
1048
3809
1535
510
349
3868
29563
10836
4332
2191
1256
24663
1311
342
556527
491
959
262
5635
544
860
850
772
1651
1269
151
934
365
219
30371
295
15
847
483
284
202
380
3471
1310
245
790
192
992
87
43
429
544
989
614
3903
2099
277
1179
965
560
643
1282
6033
814
2113
2880
347057
3558
871
745
565
543
846
1771
1771
588
6119
3344
197
2050
587
719
394
1937
708
1331
963
685
370
478
9571
1310
967
9
6082
576
6480
572
3056
338
812
3447
779
131
868
1484
392
89
1279
1151
8044
1083
1225
979
211
453
2498
188
3556
442
723
1560
9235
602
1890
1327
1494
3142
589
2374
493
808
786
128
2846
1102
3394
1148
2448
2200
978
6221
293
1656
1922
375
3276
1235
1747
1359
2090
807
495
2627
371
2030
1151
388
731
4261
1739
121
4053
206
544
746
5445
800
156
1228
2304
1574
675
5471
797
401
1546
187
3603
626
914
1406
1797
348
5774
130
2469
2796
4093
738
2265
1599
785
486
353
2137
1833
682
6763
370
9202
2938
338
220
833
1157
949
42
2753
761
12413
866
841
788
930
1606
4273
28801
820
1672
3306
93
940
463
1330
965
960
1930
1383
661
1671
1283
873
997
6305
1727
1997
914
900
2464
908
1152
1223
833
4342
685
53
1813
1800
705
416
451
1772
770
1995
172
934
89
17752
1495
8628
595
650
897
29469
912
1772
328
265
1074
8103
889
512
3155
4113
473
1025
1315
1632
879
809
1100
2109
960
15394
490
259
519
24417
2284
4513
1057
2721
414
1332
838
245
1035
189
1038
639
4937
331
367
974
106
622
14410
6283
663
676
2155
459
457
650
898
54
638
633
730
781
346
176
373
995
3470
554
722
1433
434
70
790
4061
4004
1483
852
133
9890
651
329
756
214
61
460
1185
293
11286
1396
1602
877
11391
281
4945
20886
6633
44
521
1645
1831
742
2812
3883
937
755
1389
534
886
296
673
1633
2530
57
565
196768
975
3344
914
200
1550
532
2183
359
701
795
264
937
985
596
694
25373
462
827
2068
1716
701
626
561
558
102
1595
2713
397
2090
959
130
4021
821
1288
409
415
893
3075
222667
3415
277
1224
2094
1411
1950
529
169
1365
315
2725
978
244
2596
855
1055
758
335
662
91
56
1421
886
217
4083
336
2221
1361
6951
861
5194
953
955
1540
3872
18856
371
2521
4449
821
1072
631
934
289
1624
1053
655
11102
6073
2269
1635
2783
819
1540
932
887
1032
1870
840
2093
11975
1078
881
526
1621
586
257
113
270
1857
6456
9447
22116
3755
3469
5672
416
3342
1634
158
445
2366
144
327
1907
386
204
6367
18
14265
14041
350840
72
939
2107
3624
6689
912
2179
456
165
760
160
591
210
840
811
918
10455
3617
175
933
888
2683
609
4179
4880
191
1632
315
385
189
791
1070
2887
134
1609
2179
2164
312
1703
930
4835
1435
2973
5553
1952
470
2492
612
28458
672
1764
1017
3411
9835
4487
2217
1728
660
3717
5739
210
303
506
430
2657
7345
25722
2
2321
694
1803
1478
21837
1071
1614
3073
369
10158
708
546
29
4696
3544
723
826
268
440
11
8301
680
1237
1312
2920
557
404
2848
5661
388
433
7118
1944
84
525
9
23264
5234
28776
490
18655
961
1888
811
1749
8655
120
1290
1251
470
3526
1451
155
490
110
314
2125
665
1403
628
917
130302
12160
1997
3349
879
1115
3617
481
2601
9574
815
518
48
528
2608
263
503
1684
491
1615
1114
39
774
738
1159
1496
258
1229
10864
1208
3307
2904
895
1095
2955
646
623
5562
396
296
1296
2432
2653
5259
17486
81023
23
256
463
656
994
3159
237
9031
1397
14761
370
190
1142
407
1168
845
928
5937
1872
1028
611
120
32
1193
5176
4835
1268
103
9814
254
2255
3557
436
1310
2605
953
562
886
877
4434
832
1446
2693
766
13040
580
569
5425
784
139
1190
1718
2515
759
398
290
422
886
752
357
2049
456
617
784
922
654
1299
261
744
246
751
2269
5145
16572
1192
959
820
180
581
1490
33141
45380
1653
310
216
859
83
564
169
580
1388
5461
1664
276
2085
1380
3020
3851
866
130
517
3155
1328
1150
811
497
7453
958
602
4401
674
347
716
1655
1669
4130
1576
448
8509
1633
931498
1376
3228
936
2574
704
854
431
1117
955
386
1707
321
780
9711
59
828
1771
2387
1962
698
483
290
29088
1425
2753
1611
648
23345
726
3017
1225
547
200
700
1983
947
4851
785
285
702
1604
916
174
5327
667
346
368
533
309
331
13153
648
948
814
704
982
7868
945
760
1021
101
7785
681
1711
392
80
1266
520
926
719
217
499
2513
326
1662
944
4607
410
967
1639
717
724
905
3126
54204
1658
984
1841
3120
292
9194
590
1441
1328
519
369
3201
609
1234
313
614
2194
976
53
981
1600
5289
733
1378
67
129
1354
721
268
22570
2915
51
1273
655
1314
536
382
21458
137
305
1903
453
256
1770
1790
59916
396
7576
531
860
986
411
624
1031
10431
13585
1124
157
380
796
532
66
1393
205
501
17022
123
733
671
8779
758
4600
283
5182
681
808
960
5314
652
330
2684
1440
544
1144
1388
602
14544
1630
552
3794
1312
653
1946
848
1594
903
591
209
1925
754
1061
6972
729
5998
3144
6144
2028
1643
5050
1098
393
10
924
1712
3524
175
2012
732
714
2288
90
382
696
834
1070
37531
1527
1981
1606
546
1812
13091
1581
988
2724
30281
337
2523
1131
814
486
322
708
4995
3
3973
840
193
1118
703
1865
857
15
426
776
692
864
1618
968
18098
865
237676
354
375
1184
134
1203
1714
271
120
1592
965
764
1766
774
905
2102
4731
603
1942
886
393
998
1307
570
16686
972
172
2362
182
671
499
964
1519
106574
4137
9275
5779
395
406
2305
311
346
1073
1054
917
620
949
517
1561
1930
312095
300
8016
99
990
10602
321
377
705
649
1552
416
197
1220
690
648
198
1804
2865
1298
820
2909
869
2509
4877
2998
302
315
1792
301
784
1837
802
1669
4841
3875
895
955
318
6217
1084
841
4051
626
2551
2652
354
786
11252
568
15588
596
762
312
288
842
1475
2107
1573
1303
134
17061
40261
1148
1827
381
939
2082
2603
1290
627
13977
14615
1262
321
26062
198
707
534
572
756
10051
110
873
128
565
23
115
688
235
315
1689
2366
7230
6793
15855
998
13069
3612
2052
1235
1926
951
3862
870
962
3364
8069
2315
191
1367
11122
22856
721
2815
8637
299
22347
219
2518
2065
284
622
7685
825
939
789
3399
968
2522
15710
3287
709
6078
3015
1748
10163
1899
1465
4478
712
431
2986
167
5920
192
974
996
4476
2418
1109
4479
3501
61
826
819
432
3068
818
3503
1002
3861
1381
1341
811
1737
911
951
979
1075
972
611
1291
4836
1756
2610
805
1217
987
421
911
1469
9423
1693
591
749
2342
314
705
1149
1001
1428
3350
10767
27542
4922
318
2204
8427
704
858
697
1108
90
679
664
6694
7236
480
827
338
2218
15201
4111
704
282
1606
2985
890
928
906
1211
387
373
338
293
2025
1272
264
737
1631
1719
583
156
322
1362
231
820
31884
898
7482
539
242
533
1344
1181
984
4943
85
897
430
980
1253
801
14092
839
4340
338
19403
172
7385
5444
1394
931
3084
3584
155
1216
894
730
875
65
433
4870
25908
116
1362
1422
658
3522
2686
637
518
13507
318
598
989
1288
939
2793
784
255
1261
1409
1814
1003
172
458
3087
3015
1813
164
864
368
2635
537
3324
2142
430
1467
2807
194
2478
5061
819
948
104
531
1450
756
1250
1366
558
2931
4217
286
1336
3279
639
1388
758
1595
510
430
688
2212
144
667
591
200
18385
970054
2728
12482
2394
291
723
16846
4871
4113
1502
447
402
129
634
292
820
17000
247020
371
693
1099
5128
1873
1338
1395
167
513
597
1063
5818
1389
1922
745
1207
6914
569
730
446
7195
287
10014
711
1733
470
915
818
4591
499
991
11451
1231
2001
775
35601
5081
1528
1057
1240
213
217
894
738
886
1747
426
5719
1182
6210
1934
3947
2357
2100
1233
457
1959
1663
853
2266
773
68
571
815
40
318
877
766179
233
1661
4883
215
1045
966
998
7223
1991
390
1275
245
1360
1048
16235
1166
2655
580
1919
1214
504
1013
22008
539
162
54
4314
1356
835
822
168761
616398
11015
462
2082
27
555
669
2968
788
796
804
250
472
654
1034
413
913
811
573
747
4216
4
2109
267
875
1612
833
3671
777
632
10193
812
731
868
50
895
984
1325
343
247
854
2731
517
113
2464
298
958
314
16639
240
60
1741
621
171
1922
1588
1620
1050
22297
404
695
709
898
3793
658
758
7455
393
6851
2504
405
335
328
1184
376
25
883
162
1873
1471
165
1070
881
105
4164
227
18496
399
845
712
597
160
5264
621
6225
649
853
2125
3024
250
2911
651
3029
986
2105
4007
1112
915
489
352
878
246
1529
283
1102
2478
1327
1712
952
1305
2358
439
2061
306
68
805
33607
837
629
30016
12040
1918
1225
162
790
17195
7991
1395
812
319
1573
2684
1818
527
1684
946
1504
406
102908
2158
1402
497
482
1182
1100
429
914
642
2339
7514
711
310
891
698
1001
1474
7873
998
48435
1118
1127
133
1010
53
247
600
861
4055
687
435
357
711
435
22532
114567
337
55
1582
1841
726
187
1383
3517
180
857
265
1472
590
120
1255
30
3663
822
311
565
186
686
93
1050
1440
1723
973
1215
305
936
1727
2757
915
82
2102
16686
9569
418
804
1223
1012
382
467
4719
442
4739
176
536
525
1103
4074
1123
405
219
7610
1227
3693
218
1919
857
2117
704
757
7274
629
1498
5775
379
573
342
3795
543
1454
211
461
3868
862
197
479
3871
1889
2585
8
842
971
1416
1659
405
14438
783
833
3192
688
137
525
954
106
2247
347
325
824
58
2328
762
54
240
23501
1214
818
414
207
1795
2081
1321
1941
8982
16128
14132
760
1626
4472
4894
209
402
1732
143
5459
879
7810
1324
698
686
4673
766
1225
2948
762
808
1263
382
26999
916
933
5059
945
3285
943
1917
966
67
1471
852
1818
1205
1046
899
1486
990
119
981
750
12102
2281
266
1160
966
1025
806
926
2238
594
2184
833
766
174
240
1326
1117
25999
18698
2551
671
81
340
6353
303
2947
526
2479
815
651
791
899
646
1081
1106
1787
538
1498
44
718
518
1360
1872
716
1306
485
2809
679
634
26142
166
1014
235
1524
1346
208
41005
59
503
1772
499
927
10518
965
1896
1336
1727
539
698
1263
3012
1462
1236
710
875
372
3992
603
1217
96
614
864
1085
593
994
752
17639
1662
351
1144
932
126
3847
755
1096
10799
286
2
710
271
1825
2007
2981
636
983
1715
1288
40632
157
15830
1405
507
331
4919
206
142
595
1300
3505
737
629
614
1413
3138
907
1595
1359
932
1173
857
6239
713
567
122
11987
842
766
634
810
697
1614
2713
1467
415
4420
355
6316
9262
653
884
4522
6604
1589
1856
761
2247
3237
782
956
20194
220
1577
56
1754
2917
1088
2212
302
2208
164
149
97
25131
506
919
76
313669
2088
793
598
4476
2058
2728
6041
2098
1075
1091
663
12916
774
2261
160
453
947
5147
4271
828
994
3932
1360
296262
480
543
242
2863
22095
1092
2029
14
979
460
831
671
2290
1411
708
700
1869
21141
558
282
468
2527
516
1174
1474
557
224
599
1861
1520
9938
906
2693
240
479
211
758
2885
4160
219
1779
1205
868
3283
703
133
41
6164
942
76
1733
1729
2578
774
24
836
1797
366
3417
2536
287
940
2283
543
7955
3157
797
12683
420
2933
1962
4494
2467
448
4707
3479
699
1286
38
2771
815
288
16094
826
948
318
1562
215
268
303
443
33
854
1781
2212
18445
858
4961
952
6202706
4507
828
856
888
504
1131
717
654
2038
869
1145
776
1882
16603
684
571
156
945
4734
379
615
1340
539
568
505
1140
801
6972
544
269
2085
6090
2420
1378
347
1066
740
1500
1550
65
1116
3862
731
1413
1241
534
125
703
238
17006
9021
650
1179
2457
6054
868
684
1018
944
2203
6262
5911
1877
2066
1017
14365
459
2899
334
5974
1905
4673
3604
2007
2239
23108
227
278
671
759
1294
301
802
267
191
254
15980
766
646
1248
1428
983
219
10875
102
754
8
8356
119
377
611
17292
27701
344451
55
965
3435
32090
5100
3622
736
779
807
930
4862
934
1106
29
368
640
911
1279
306955
5775
8319
600
734
1783
2585
486
1474
34678
1771
513
1593
187
533
862
520
684
1044
809
2545
827
3024
2230
659
2185
1905
1118
1011
986
2407
2718
694
3363
563
242
565
776
950
1903
200
1015
1110
526
1203
1551
876
844
843
616
1299
280
6561
198
162
1252
6103
648
900
1315
975
972
2473
979
1047
1283
699
1737
720
1957
53
873
1040
730
1940
248
2026
909
919
1176
497
1049
1363
351
1556
3483
4112
464
3469
1154
77
2151
208
1691
1325
19331
13566
409
42
1606
548
2328
1079
1593
525
992
857
660
784
1684
473
3754
1431
138
3693
694
28
1715
190
1083
3009
2625
926
926
860
509
243
6
3578
967
2176
633
1918
1548
1519
925
1105
577
195
14118
260
1068
184
641
861
298
616
17512
6536
2710
24984
2132
1266
1708
433
451
2791
3125
304
216
565
202
2269
894
34042
936
634
1218
2067
3805
610
224
14298
764
292
626
4234
750
1708
740
3030
1296
11437
1139
973
3313
916
524
995
1309
258
3
1228
380
3961
417
866
427
5526
688
306
436
1040
409
804
1134
882
4441
3401
5027
2985
1219
31189
6323
1297
826
696
799
1672
630
594
943
565
2653
359
3187
760
428
1491
785
1335
1104
192
3089
4393
6503
5128
872
1280
969
474
1194
1572
11273
403
673
13217
4791
145
411
1286
1207
518
494
3049
2817
1217
1634
417
1417
1556
3254
913
2004
12
1510
45962
1633
5265
451
2238
3450
436
300
2441
2278
5691
1150
112
437
609
146
862
1047
1132
982
747
5631
1014
623
21405
1420
923
296
126
85
1128
3580
325
44
3944
677
936
849
7488
7770
2220
1254
10470
1240
4141
939
4580
623
64
569
1332
3326
1104
1503
2585
292
977
688
354
2771
1656
1366
799
388
2328
870
3765
660
4899
3012
1999
550
6073
2681
3061
1140
491
1413
750
405
562
4237
1412
3398
5382
650
545
747
49
33868
1021
578
1788
796
459
628
3333
1
1681
866
760
1721
569
1317
306
211
394
29485
472
2284
330
453
631
32310
3848
2377
716
1189
133
12930
882
3505
19136
2916
530
2177
1032
860
693
15587
220
826
601
519
743
369
1918
1157
2254
193
4441
456
630
1124
1240
484
76
62119
781
3761
643
4981
143
617
1491
814
4916
187
1482
343
556
3912
872
2630
634
494
287
1425
1156
758
1807
3661
1896
784
601
215
446
488
3036
801
1709
5577
18469
334
553
1177
877
242
821
187
8948
3504
616
8
1000
506
891
12154
1392
8652
547
1658
1478
707
1819
302
245
3972
3427
2605
532
872
699
2953
1391
920
4482
283
343
944
95397
507
8560
380
733
1354
144017
1294
738
922
142
1407
1614
543
2441
1911
52
16026
4876
499
11510
892
188
3712
109
1497
438
1289
10814
309
4025
2651
282
553
495
871
2049
3574
951
3641
2914
1766
790
13385
738
1971
818
1038
644
303
746
1027
94
4150
40
342
913
928
700
1124
907
185
10151
2823
194
2282
4701
940
1068
3842
1087
1974
2437
1454
451
8385
860
964
1101
1928
15774
341
825
337
1323
2600
4590
10424
737
2262
822
463
206
6910
4127
852
1704
1508
1510
652
1709
1334
3040
1842
233
204
3310
728
996
13
895
4484
651
4200
2300
1507
14151
2664
1184
1569
493
451
65
627
815
5484
597
3673
14
1249
825
2035
1588
315
2119
755
1283
292
415
2613
735
8493
544
1242
305
786
1491
2294
892
958
11205
1520
2246
6273
450
938
29
920
4084
139
29038
812
255
8518
2770
549
19844460
559
43085
7084
2386
3064
1682
794
32987
428
2979
797
108143
168
191
849
1092
997
942
21768
2629
249
2783
379
649
2331
944
414
784
922
18552
9466
1474
1401
220
271
6459
4440
5353
713
750
960
762
4537
1629
648
259
628
986
2513
1439
882
708
359
154
38544
1660
1226
35700
486
878
185
182
1558
2423
1926
895
976
603
1158
1421
753
166
879
4630
612
134705
6476
529
1002
1296
809
2367
1295
505
568
2015
81
1035
11896
3069
1114
260
4802
1136
893
1185
770
555
1642
295
3666
193
1335
955
1727
4367
3876
3796
717
704
982
2113
302
116
648
3818
620
3087
3294
7712
1652
9992
2895
5932
70
3210
424
4502
6558
899
323
550
1951
560
3155
3284
1091
1179
409
757
42
913
443
610
4375
1117
2257
1226
1276
545
1371
3227
897
675
3678
526
2726
1236
1808
57
726
2110
934
1483
661
612
1235
1617
1198
655
1562
991
2756
1796
1095
728
1861
7439
1592
483
657
187
2316
4149
1384
1894
925
12992
3936
981
980
1130
1825
400
167
638
65142
539
940
269
3941
763
858
226
832
1401
329
4191
142
1047
618
387
1566
2144
3852
11696
1572
2290
6
865
117
957
3491
1382
1444
1742
4227
2595
1685
219
1381
387
1226
38
399
4388
253
3
3681
1952
2614
789
3378
1529
238
761
1277
2207
9797
860
558
726
769
1531
886
119
547
3681
327
1434
2427
1162
680
6679
5246
208
426
814
100117
12
1638
3641
797
329
3107
6476
393
1087
3059
1476
82
641
975
9400
447
12443
250
165213
1455
448
2005
598
308
4430
2893
776
56929
512
1067
744
801
823
20707
442
1233
720
444
3
658
23384
2449
542
657
652
4662
4161
2698
413
316
62
82026
64
969
743
1808
6
2182
17553
627
10056
3154
321
1545
1722
668
1515
280
234
3415
677
27653
454
8322
3049
972
4350
1367
834
1732
978
922
2257
793
502
660
1761
1009
3565
11634
4087
2856
839
749
1710
641
4621
773
4967
10
4342
949
1092
2951
7295
2318
5644
12
870
2367
25144
2112
1107
616
414
229
436
5890
4064
728
603
379
1261
487
846
1398
382
2224
385
705
1989
5402
3037
589
231
1168
32711
685
1629
2664
1268
166
402
1320
4856
4776
949
1477
9125
1187
550
242
1237
20732
3285
496
1521
1694
338
1557
470
688
777
1313
1314
2133
711
699
3022
647
1136
1174
625
881
418
1319
39598
1545
1353
405
2958
175
899
1298
1865
27383
892
675
1546
5837
441
1322
252
803
467
3967
1486
1866
3890
993
328
1354
1085
308
1487
17939
783
3242
2093
1356
703
322
886
12687
1725
1123
989
926
11435
1579
1090
978
867
585
993
368
994
1915
290
6064
258
8014
2475
8033
1200
1415
508
6029
270
936
1383
648
2271
1738
46301
5390
335
1945
7628
22855
2547
1342
962
333
814
647
342
4618
1072
2378
1090
3836
7109
2048
1207
728
534
2048
4022
413
603
924
1245
891
489
7049
1544
7008
434
3424
284
3930
537
2101
7544
325
1646
1075
19256
520
13116
7111
7493
976
1283
725
975
2531
791
953
622
899
874
1734
4175
2427
39423
727
1571
813
704
146
975
7431
271
17
1876
8893
624
254
946
10560
519
5305
925
611
30679
669
1575
754
1254
1271
458
892
280
116
2355
2415
868
1531
3287
1797
680
2129
1126
392
3549
4072
976
1933
1276
1633
2221
215
278
1199
770
2073
843
657
2576
242
1568
441
3046
3054
992
331
47
3721
5766
499
2377
1324
1158
1402
744
917
244
2023
570
1220
3030
2195
818
1109
40
6214
3636
743
17
1269
959
50
613
1278
7784
792
1096
456
2302
404
1044
1602
1808
170
883
1019
202
633
746
1394
712
103
2792
692
3531
332
3501
18355
329136
5784
1624
1385
1188
862
3631
1273
944
7599
369
184
555
90
565
108333
1812
489
1360
907
790
5334
4689
7164
370
679
788
743
13
450
626
471
16929
1704
850
823
1556
4785
356
725
5
1913
1048
806
44993
1423
1674
26102
2623
86
729
6220
1795
1020
15087
887
902
1299
24634
27372
4595
584
72
332
1654
633
141
502
1743
7739
1303
4812
574
3346
260
1155
1506
2491
1339
85
741
862
707
1669
888
1142
475
1727
1075
495
439
23033
2015
14456
828
1413
91
949
564
216
3993
11060
371
1416
935
2444
1207
8699
1107
323
1192
4089
226
1594
1407
511
2338
128
615
491
1058
762
15674
1234
802
731
11084
986
1181
1125
880
9940
1472
395
858
2036
5245
24
995
1159
1223
145
658
85
4342
1810
3057
1310
3372
259
890
3538
49
11231
2786
1479
2789
4415
1313
2923
988
434
72132
386
1084
290
907
859
1591
538
5159
3678
2031
2619
281122
3820
1385
4962
24497
4510
137
1658
1083
1408
1745
4812
2887
916
882
11038
462
341
209
923
997
885
540
1980
1169
286
760
823
1260
1264
985
16870
14770
407
1072
1431
80
1210
830
2641
461
844
717
14714
562
1406
347
913
276
7371
566
1585
559
3816
484
1572
1669
1149
6662
985
328
93
818
3
1451
106
455
726
1610
640
672
1887
475
3574
892
1519
1727
176
969
953
894
1125
682
109
904
791
1960
5436
4438
8693
3406
607
746
1340
4144
24015
588
550
330
1388
261
810
13317
199
543
3747
5303
610
992
1609
3235
656
1287
2274
40
568
3134
222
782
706
2053
213
779
9220
5336
6996
1054
782
460
26639
1382
14948
1881
982
1805
1337
613
2225
650
1465
8679
1134
43103
820
2839
488
9699
2439
979
9841
677
75931
2118
287
911
422
594
399
763
578
2099
612
751
707
4883
5168
699
214
305
157
1345
810
13379
900
3752
1107
706
965
1438
1067
5272
1674
947
571
629
642
908
839
6424
438
555
239
633
5171
1802
830
52733
1146
2115
641
3689
735
66
8997
405
5145
906
30719
462
731
1315
1605
3780
1502
285
439
1808
913
1279
3967
1768
820
3161
5897
551
549
825
565
89960
1612
2050
8881
615
16953
915
9
753
140406
1606
1522
899
18715
2665
2454
519
779
80
551
8563
3942
671
1300
67
8540
828
121
808
807
1354
3509
46
2046
695
3350
436
4830
487
206
35780
1984
1471
1031
2255
1937
509
1273
334
709
192
8294
526
837
561
1112
904
757
696
4085
1781
802
4077
2901
1751
32643
759
545
3333
2632
964
3057
671
3379
3365
694
618
617
912
921
1350
835
7870
870
1839
630
1456
524
510
1035
5367
2187
47
505
358
1831
2573
627
552
842
261
703
1253
593
3403
543
997
5814
498
2833
1531
925
759
1595
1243
31
1059
22934
9691
508
4627
412
378
17657
4873
2358
5151
3003
856
1390
30
3904
278
880
1391
629
706
2823
19150
3047
624
31937
623
1382
660
430
339
14052
442
59
3087
427
694
794
904
54939
596
33269
408
2291
2998
200
874
6244
695
239
899
15760
1373
21196
3055
5673
861
1649
1873
5385
1295
617
641
439
485
578
24
7158
895
1577
1978
1291
2167
950
1240
353
13264
1136
924
1507
17147
1821
1170
1350
3
113
391
22
3255
927
318
2918
450
813
1080
3492
888
1248
478
1433
1
787
827
776
1248
374
1596
1335
4666
954
881
1615
1839
1253
3197
32709
655
2926
1420
12489
438
238
1079
426
3805
1730
346
200
1864
1098
2442
663
788
583
621
914
2411
2124
2505
6197
979
6066
1397
3611
1304
2059
823
123611
1387
968
1194
20
409
1044
7539
401
642
1035
821
1212
496
16304
2340
2143
754
950
491
788
589
2214
896
827
1404
3842
194
4775
600
3377
9859
6334
4202
461
2
3187
903
1404
3403
2181
3583
27036
498
1417
16909
6547
350
650
1093
821
467
7262
32844
839
7835
862
3038
792
1687
547
79
314
84
1542
5098
1472
36821
1721
73693
4
3249
647
919
1292
439
42894
1007
661
3656
183
443
737
221
904
722
530
638
2841
201
957
978
373
2087
2094
1536
1148
934
8668
585
1636
482
880
771
3642
33962
739
1369
1289
20129
39234
540
838
1567
6
447
19360
2621
6458
417
1153
957
532
1735
1930
783
602
1000
3169
1126
3475
776
124
1281
999
894
1598
10776
625
874
1526
2595
1292
4179
1864
623
1246
87
715
5156
2101
1198
2992
1762
99
680
873
476
3340
641
6276
304
962
168
2350
3769
1553
881
384
240
183
5218
1343
1905
920
2894
415
747
960
349
1298919
2178
14
904
1712
23084
962
935
547
595
647
67494
2264
378
553
733
167
15928
1043
3855
40596
995
322
788
2087
3048
671
125
789
181
10363
305
2097
2525
11529
22007
205
158
1262
4584
2811
816
1003
1900
1418
894
1855
982
1254
1186
675
465
878
1595
620
753
831
6859
2325
1132
599
602
1685
17520
6968
364
11458
2912
596
1917
727
2466
891
1200
932
69403
3187
992
2042
48
358
7690
414
53819
454
4608
23284
3721
2714
286359
4699
6004
391
570
6321
84
428
647
952
2781
438
8910
2507
2501
46990
1452
1334
435
477
427
9321
861
651
1656
5803
1895
855
3785
40645
991
8228
1440
1454
318
654
436
555
44766
1108
680
305
1205
8069
874
719
3531
2069
11437
961
116
12315
2996
4258
2844
92
1156
1164
24
178
1904
2540
810
892
194
434
2725
892
32
1263
634
5891
103
825
1805
640
1055
697
110
59
821
309
154
591
3603
1084
595
686
2012
235
1609
4301
226
1607
1150
1755
2104
559
150
242
8118
830
1283
428
625
1290
401
556
1035
237
630
10903
704
1121
4976
736
338
276
41
365786
1103
1777
411
797
4026
4766
68
777
386
1291
1677
701
1483
799
3386
1161
5998
1725
31248
6003
780
1477
477
1494
220
195
787
679
1991
445
527
3594
1615
7129
5421
1236
409
1660
339
635
3899
1118
5317
16287
262
305
1171
3157
1491
982
94
292
1197
1079
87644
1221
283
16196
2364
882
1859
350
2
783
103
1698
1017
159
21573
555
796
2445
1126
4842
457
2033
5982
600
991
2545
1084
1455
686
720
457
1761
1597
4520
992
745
5683
15
1212
1891
1039
3848
3204
810
1401
7390
1576
997
5045
576
3048738
261
2522
798
879
1609
181
32071
800
3873
19573
167
160
981
589
4530
935
1573
589
20342
21153
310
792
877
1113
970
648
425
2220
1730
2533
6124
2565
526
74
301
764
837
5869
1704
404
1060
1352
4129
2485
673
766
2455
11408
752
1196
576
46066
1183
979
45744
337
5056
685
1053
759
7996
2408
648
10
1052
5452
183
3436
839
967
1850
2151
367
679
1449
5773
212
8060
1446
2687
2165
657
4417
28164
199
1351
940
1145
1600
680
1421
849
2290
983
397
381
48
1447
4264
438
1362
1858
2149
306
1645
88
527
1524
1987
502
241
992
75
372
2730
402
2169
812
3136
2849
738
1518
1655
502
479
6575
2426
4526
722
67
1016
3157
619
8906
791
707
449
580
3187
702
2708
1696
1499
911
509
1853
8272
481
749
644
6104
1513
18
1208
1046
1884
1470
1624
171
833
38601
978
15483
2182
1753
1595
12464
778
1332
4035
141
956
939
4298
3811
1292
279
1210
1299
1455
3215
501
500
1284
1063
3587
309
68
2490
407
974
203
5116
841
3934
632
336
9201
21983
2571
2364
1449
962
606
506
5174
1993
1150
38
218
937
314
2454
3649
69
672
1433
8753
2347
856
763
1007
1002
69679
1925
2958
8016
987
35921
3031
64
6263
2702
444
730
826
4543
1817
751
804
436
753
494
5796
701
2301
1038
2684
351
996
11846
971
1381
1970
906
681
1640
4634
2978
4432
117
1159
695
2196
195
888
6
380
32167
608
151058
15841
1277
776
1171
120
347
1887
9955
8630
524
2592
650
688
541
3526
1783
2287
2087
1391
1549
114
355
1933
2241
1742
113
502
961
1565
533
677
3490
93
1030
910
177
8171
2404
670
782
5323
302
4660
290
620
1393
516
4164
1159
897
940
4225
1403
1167
3082
13286
2168
988
2347
723
1048
5918
336
3031
776
458
66
2310
1834
809
1997
804
624
421
2160
379
1345
475
399
12755
409
1088
2426
705
93
1071
1591
110326
815
2067
17033
4327
58945
1599
6112
4889
13
687
686
1339
148
1116
4033
776
960
1851
38350
242
366
746
523
1067
1345
1424
2215
467
93
410
1966
1627
285
514
1441
822
1264
225
1994
310
2308
853
986
989
557
930
3219
934
1782
620
143
1228
2112
28348
13832
2650
506
9792
32818
634
1012
612
866
3278
91
2788
172
937
402
2931
13895
4834
815
5182
809
532101
865
1644
158
3448
433
627
503
939
481
1975
4005
1561
1628
1293
765
497
773
477
892
3709
1388
679
904
5110
1962
2901
7672
704
1111
1296
2537
545
704
1139
134
20
2172
355
397
882
335
1040
9203
357
1010
21045
588
875
390
8716
208
1648
615
783
2372
1537
21426
35023
6499
383
218
1955
8129
1148
1325
4477
637
1133
441
289
259
3804
252
1633
198
166
2760
835
989
2254
644
7569
1467
771
3229
10251
1853
7453
858
1043
607
287
82
36444
1341
208
1782
54
512
58
911
2437
245
209
3513
1767
1867
636
742
789
13051
7623
478
278
746
990
50
670
5443
66
117
646
819
71
492
1278
3118
14123
799
16558
3433
1345
1942
430
831
865
1601
5420
915
1220
17275
1440
1071
13507
1395
677
8774
1267
663
1171
1246
229
1145
728
735
252
3303
2197
1181
7909
5493
2094
3420
776
24
616
560
1573
872
1173
1212
652
3
639
308
6123
945
86
1396
253
726
154
1229
481
2282
1350
796
5407
856
1319
994
1492
173
1164
484
8398
503
852
677
1335
942
326
47
709
26313
1250
3593
3080
7430
3877
974
3504
3175
1127
2459
1554
79
1528
1525
964
1152
3480
1947
948
2592
487
5122
3902
1816
12
830
1426
625
700
798
3434
230
769
450
1130
1156
18903
1793
826
15687
854
794
2087
929
12361
4276
246
788
2842
822
1433
878
2182
1292
806
13052
854
580
1426
22
548
148
347
1372
609
430
912
2399
166
13
936
944
695
1795
314
7810
7146
16054
709
959
668
1529
664
861
427
1787
2770
7803
7407
644
18513
2041
977
1257
544
597
603
1621
659
887
475
6285
1370
709
1518
58
710
3448
338
764
381
3435
34856
535
1200
491
985
200
3584
891
6834
1597
1110
721
1022
1252
543
2212
4936
547
372
2049
314
3102
857
887
380
919
860
23031
184
46755
2731
903
673
6803
1414
1317
1364
854
2368
202
456
1000
498
2166
1651
246
2837
3819
608
1163
439
1748
711
807
759
1130
160
780
154
58620
1333
533
449
385
24151
770
673
4435
9887
1753
71
8725
814
1716
1638
3674
491025
585
427
218
1691
1116
617
1661
913
3692
779
510
2361
349
893
558
582
1495
7169
785
239
2097
1865
13872
950
6421
4935
4806
2769
1267
581
518
22088
2358
1732
1251
1859
734
5787
421
733
10663
3776
1142
400
718
34864
871
114
15680
95
210
779
9842
1906
4208
161405
1084
532
81769
6020
3215
283
981
3557
7505
1695
1491
428
3574
3069
1798
1192
839
1955
376
1814
1649
300
954
567
1746
389
676
561
209
482
498
5818
175
2740
2115
504
1229
330658
948
994
1350
3095
281
220
970
1691
130
11
397
14996
1455
1368
565
617
6805
1355
1981
4304
875
1287
1086
991
31501
2706
425
390
4096
281
839
795
1246
1808
250
820
414
787
167093
476
660
444
3642
16904
10682
2536
331
13487
1518
11573
3492
604
1339
3171
8972
4205
84
2199
1666
1509
995
1150
13189
1132
144
11411
1453
880
798
1656
1609
28
263
5360
862
183
972
657
426
2007
875
86428
1170
282
692
393
2402
758
941
4524
1085
1023
5130
282
852
2057
4349
2502
4600
1064
6077
303
761
1486
906
193
984
257
962
1275
541
883
2135
1623
1121
980
1935
9554
85
758
2408
1555
987
386
6290
472
10427
724
962
7175
2405
876
615
595
1752
604
35866
408
9265
898
164
1125
1746
1895
482
2514
283
936
211
1160
1136
1793
144
1257
2012
319
1646
84
2804
2006
101
3170
3013
910
1945
179
975
144
4398
956
1934
1360
1897
1582
810
3035
11848
26355
1566
642
39
277
37242068
1147
406
5178
2848
17772
613
1199
84072
4026
783
108
4516
18931
1605
21
2571
1656
62
684
2974
672
994
1254
654
177
802
2223
1407
3355
23
764
4514
9423
648
416
1667
11600
1055
1328
1912
655
795
214
26048
11001
817
6993
637
641
5344
2570
189
698
2157
795
1884
145
862
5460
133
2037
1066
4972
500
438
929
1065
494
1134
978
6689
449
1552
3998
4962
829
542
19
1249
808
3830
968
545
8899
2862
1307
4458
1273
3183
182
412
530
905
1299
1021
659
469
1714
810
135
1571
3031
216
879
2162
613
3252
1711
146
948
243
536
991
1268
102
6760
13487
2252
31740
13230
501
70035
1793
1076
1686
2651
3077
303
672
731
2881
7726
13859
932
1740
709
181
693
657
962
2059
1176
651
68
1592
40
5543
34245
709
1708
361
48
642
825
688
534
404
2767
16804
2934
270
984
2765
186
18275
964
1321
1834
1460
1300
15400
23936
247
110194
5872
1794
585
1179
9671
2121
1665
2260
549
902
165
968
1466
2488
4163
661
409
58
1722
1355
35129
1845
573
1303
1805
1423
1591
1781
7383
6127
939
827
3218
385
445
5965
513
1246
3875
46641
1679
954
20779
1594
2044
1664
2224
88
2594
917
422
2276
333
870
2106
575
28
1926
282
1233
622
5516
418
1190
47765
503
4439
318
736
50
11045
386
5799
580
289
2744
1780
23824
109
158
879
598
2377
365
1180
904
482
99
473
1947
406
1202
1849
593
949
976
2651
2678
7115
595
634
257
1224
14810
3072
943
2494
819
1207
3297
109
136
7265
388
288
170
2896
1069
3060
1250
1946
660
97
839
561
6549
9185
2453
6
965
816
49644
6155
2424
212
4257
810
2034
170
273
1933
1095
3801
997
1234
1336
1341
1323
769
826
894
227
759
1217
1821
673
372
2346
1764
57
11912
35
1494
480
1671
2419
223
1220
1629
787
1044
1395
541
563
884
1221
3614
1496
316
162
19212
540
1483
170
758
591
1
13149
928
970
1955
461
4901
704
351
1613
4455
2431
1065
293720
254
157
50
342
20117
5042
429
712
52849
749
867
6165
1162
204
806
929
504
7744
1045
1811
10442
208
4465
473
617
21466
1290
5803
89
4651
740
423
696
2582
1705
21
185
22586
416
537
600
625
744
1309
1526
23131
2645
1263
67
448
3397
20700
472
862
23722
870
7369
1198
2227
15615
956
6349
2779
398
5525
3763
1000
4299
1095
6701
339
1026
405
15192
1437
12397
856
1000
3821
2022
989
1744
551
311
1181
167
730
558
899
1216
350
3497
293
910
991
1274
868
997
202
1245
2700
1367
456
569
3211
664
1019
1536
1295
263853
1367
3539
4111
1903
219
7495
290
529
3383
900
389
7296
7922
922
985
593
234
22303
784
2107
698
834
980
5829
151
2090
1538
430
1294
569
719
1960
1860
3379
3589
2275
5562
2947
16191
3038
749
955
1149
640
54
2755
364
1244
924
1518
2009
4019
660
1697
585
929
2958
586
73
985
1846
158
1446
18571
1093
1476
11475
13449
5011
3144
361
1439
31561
3383
1062
1949
1659
1113
6591
2120
1868
939
1792
59274
1360
166
661
1167
2089
1417
409
1949
463
1401
984
998
5106
956
1407
329
86
1822
1315
2253
807
9785
5854
2230
20791
7824
725
2933
2915
714
6676
2686
2373
1753
751
2461
1076
4250
5080
700
298
6539
1162
109
1734
627
132
1300
6901
1324
2561
2065
1732
1225
75
4294
2679
10509
2035
524
716
1428
1164
4919
1471
1636
4291
5156
2250
474
822
1913
5889
1039
6570
4928
1019
2501
251
847
1802
211
271
252
3567
276
728
2106
2665
218
937
3543
664
1319
921
19214
1565
1685
1441
558
1001
582
10250
31
1065
176
589
958
479
577
510
13309
1820
18562
3730
1808
14197
772
2725
646
860
1277
1128
1805
5711
5036
1154
40149
1563
4173
1152
1656
5671
2219
900
2174
2453
2492
16162
1685
33284
1879
11942
45236
1237
5460
894
731
1754
1333
7260
987
807
3115
257
2521
1360
319
446
1266
1843
5798
2252
947
4751
503
6109
638
1731
274
2765
3343
6564
9829
1724
1539
9642
2562
776
751
253
2520
24247
1899
472
967
1618
1438
664
18124
1771
942
546
307
2073
604
1465
2536
660
708
683
53
1788
931
4856
2828
1916
484
1324
2938
1407
2931
1398
697
749
301
525
5510
365
871
1008
1955
1580
3173
6199
309
985
2835
636
2755
