253
371
2155
1810
348
2797
894
680
15842
82
195
520
861
804
280
2495
22
950
1211
116
861
10982
430
893
2163
269
2995
2386
150
845
14719
345
1980
458
758
2752
858
557
2053
585
481
946
895
1072
744
76
811
78
804
3038
82892
4590
41
1445
41
650
747
10970
14447
222
933
2943
562
119
437
143
736
516
214
648
686
875
763
376
607
398
490
1819
381
4651
342
370
2382
3230
633
258
762
940
437
7474
342
618
1344
305
424
613
3328
297
1135
610
1812
1081
297
14660
3293
3872
578
181
2202
989
718
128
342
983
186
570
33
787
269
902
1458
1177
1146
360
185
624
546
2793
1420
2078
13476
465
825
768
757
5357
7974
13087
800
889
952
200
19850
1609
801
871
272
9034
709
3814
566
442
1771
3139
760
199
533
4043
4025
203
3301
2650
4154
1420
812
1843
526
3535
890
821
1807
238
76
14306
229
6992
1039
1318
115
881
483
2752
1262
1150
3191
123
472
5258
3362
517
20788
2683
1567
201
746
3840
1686
978
40941
535
4265
3873
5
2454
887
422
5603
4594
528
981
1252
346
912
773
459
53
895
2392
3688
4656
4839
1650
804
1712
9
119
856
862
474
546
395
3757
361
219
3408
5337
245
730
689
160
661
852
1067
10333
1192
119
3954
1609
710
738
394
1369
1785
2150
922
1162
4579
554
2790
132
2884
1192
852
934
11
808
985
537
664
610
19603
742
3387
2734
31409
921
927
651
2764
526
1610
605
19127
804
824
919
2498
413
1513
405
696055
41
981
76
695
2436
395
1800
14604
875
34
458
14804
409
867
42
253
306
1679
1862
14488
627
146
124
919
523
4021
439
706
1422
1631
1461
707
743
928
894
1223
946
496
1957
3013
617
1517
36
1530
690
322
601
224
926
3412
30866
2543
607
159957
2695
302
2841
1611
4728
1093
1424
346
2363
1695
1619
3388
4588
1685
3908
1629
2633
143
994
144
1118
18522
529
604
1622
2761
342
861
893
799
1614
1184
1233
45
2635
246
458
1796
889
394
2951
6432
583
1902
5543
589
968
494
386
6
4927
3278
2113
925
724
458
14992
992
475
1243
7158
1871
2130
2442
1317
553
287
310
276
70
1627
1793
31251
8220
1783
431
485
772
167
894
3038
1039
536
804
386
5543
1547
329
45510
2320
1101
2427
626
1271
1611
2215
4334
361
1555
352
2744
981
2989
648
218
1342
555
3224
3306
1404
1818
652
5987
254
2353
25391
33549
562
4808
968
1232
829
4055
107
8849
675
34
962
2942
14692
710
127
678
879
7879
767
1019
866
32729
51376
23747
6222
1607
11509
59687
1361
2436
1895
13856
403
1467
4763
1477
2456
799
1729
1474
5230
18799
1589
6883
2051
1781
4993
968
7697
10531
1741
5341
14496
3175
1403
2853
620
1864
5452
5960
3076
890
1779
851
2697
5926
1699
3898
5654
2051
4866
4282
1729
3022
3631
10822
19010
4938
27951
1765
7309
1933
2284
2730
1150
256
1828
1148
1224
952
1638
2666
2877
1870
976
1787
3263
3077
1862
1553
1540
775
1940
2901
8318
997
2541
737
512
3587
6176
60
36
10088
3761
2993
2884
916
2638
879
6585
5357
783982
741
3343
1252
687
179
1790
9746
2280
17858
766
1869
2540
1426
4441
31039
1510
2842
9975
4287
1085
6637
1154
1014
1076
16435
1812
1870
1926
1685
1579
1114
135987
1553
1733
6587
393
6401
2718
1776
3826
11173
1902
1030
3020
849
1006
1785
5171
2542
1024
1224
4159
30082
927
3639
925
6713
4359
10653
1069
695
12917
19831
2860
4073
9582
18319
704
7026
1887
1171
1024
3577
547
942
8791
8159
48969
4671
7127
1190
1041
2067
1760
1651
1130
1926
23862
891
2392
2813
2028
7016
116
4852
1478
1657
1911
393
45603
2028
9090
796
1082
2047
2631
570
1129
6617
1167
11619
1356
1078
4268
3254
6952
4254
1813
5817
96590
1093
457
1342
7482
65
5660
1564
1682
1384
9165
2483
952
1246
944
230015
1048
1376
2025
16841
4268
202513
1493
6692
18127
1022
947
9334
5733
3826
3054
2080
20024
1124
7397
13260
4075
1764
2762
4763
117
1982
1868
3333
3179
985
1368
2390
16114
2756
1933
1652
5469
6293
2166
1933
1012
1713
1505
9081
805
9519
9198
1856
1062
2690
2114
1388
8451
1176
3654
3809
2102
2449
19010
791
5309
15135
1571
16803
3741
1689
1521
25132
1664
427
7538
16556
2913
1176
2441
934
7202
24396
1474
10460
949
199
3127
105
1241
10146
2333
1838
3073
4286
9394
37456
1050
1807
2187
3639
3087
4172
4739
27896
1093
1429
454
1940
5087
1648
1361
11582
965
3233454
5942
51616
1918
2083
14238
1467
5777
1503
3623
814
6613
8734
2111
1606
551
2345
18127
1019
90280
5048
22162
806
2068
111
2888
1590
123444
2866
169
1276
1715
7270
1620
1137
11607
1638
8791
1933
12880
1462
1592
10628
1176
1255
11240
3572
12987
3685
14212
125
1435
2374
8373
3241
1794
1395
8112
10424
2021
1124
15037
2276
29051
1488
346
2025
1445
1290
729
5799
420
1723
3325
1468
1299
1656
1836
122439
124783
3993
4970
10588
1228
1976
2854
1780
5891
1000
2097
1171
1667
57965
22086
3258
1190
751
18982
1014
950
1232
3047
10907
1581
5891
5651
11459
671
1899
1221
1416
2116
6203
2194
1062
5310
1298
894
3468
416
1959
2605
2411
37831
1273
20530
1940
1256
16298
1403
2165
6613
20032
7317
1721
2812
4507
2745
3339
1403
1274
1858
239597
1836
2114
15076
1357
13447
5576
2403
5909
2941
1744
907
1137
996
2131
6620
1854
1185
1601
7617
1532
7927
30001
1614
1474
2299
1566
4107
2611
5938
3590
435
1720
2008
14934
1279
3301
1882
4469
1427
2151
15304
16065
7703
2462
6215
3856
37981
11747
2835
604
23413
1147
898
3233
2469
886
4203
1515
1959
351
1690
27825
1940
571
1658
3819
3592
1170
5881
1807
10764
856
12427
2154
1220
1435
507
1538
5660
7052
4271
3367
6451
1510
1137
1322
842
21626
1478
1943
1109
3289
2967
1393
614
2383
1238
1282
11511
9448
23022
24479
3944
1960
4625
1245
1624
9997
54943
1150
3037
796
18824
2310
2568
465
2898
7693
19646
658
1922
5663
1320
1445
2936
10649
211
10844
27305
759
19230
2460
10268
5885
1986
965
31912
3404
2155
15427
1448
1475
603
1333
2369
846
1438
2722
2163
4844
1535
6219
1462
1532
3054
627
2339
1813
1715
1687
45918
13083
1432
2116
1328
4926
5560
7085
32815
1642
1274
2195
152186
191228
2644
2229
2534
1645
32815
1426
985
1772
10849
187
7202
2951
2055
3011
14589
3510
2067
1613
124
4225
42820
958
1926
1922
1867
1447
3360
1870
1198
47946
7689
2153
1329
4207
4261
29689
365
2503
1019
6613
41931
2789
870
216
2680
3291
13328
4385
1011
6264
2901
1170
3721
2911
3788
2306
2670
727
6652
1638
3009
447545
2547
3363
2553
2505
241
2930
3007
2970
2099
707
1801
1414
7803
2376
897
823
1264
2016
14453
6704
2450
6252
1231
4620
5211
7464
4770
2036
10147
10106
2770
372
635
2075
2177
5343
2276
909
21328
2264
1553
308
545
2185
15842
1410
2311
19756
32825
1968
1152
2751
4420
1256
910
1409
454
48438
2214
3100
1850
1647
202
1845
1116
20833
2628
19675
1738
1485
2376
16322
3017
1268
268
4489
2192
3179
20403
2244
2738
1623
1324
5003
2190
41429
1072
8045
4027
2532
1553
3592
384
1499
3380
2922
13337
317
1502
1334
563
6327
22543
2558
1299
2709
2973
2342
3944
1582
3088
3158
1869
4452
9492
1314
3013
906
4271
1629
1256
568
