7228
349
861
1052
903
67
1906
1043
213
818
3429
303
1433
1234
3398
580
177
47
423
3589
714
2333
470
61
377
2376
317
50
321
5901
538
149
2828
469
375
406
2783
2278
221
439
1095
66
682
909
3693
308
489
5758
5009
853
202
122
703
839
689
31
17
774
3906
1222
961
1845
260
412
300
589
7267
52
1508
40
2096
980
843
1476
665
258
995
1527
4238
1033
697
78
1999
826
3413
721
765
2570
637
972
506
457
428
912
564
297
2235
635
918
2877
944
2036
943
265
222
502
378
315
1266
999
115
917
665
472
193
938
579
250
2986
5283
1921
238
266
32272
534
2491
3173
6474
2401
804
379
353
402
235
419
937
380
377
1386
580
1838
745
46
802
1592
351
12194
648
720
279
392
947
320
735
3466
713
10532
1444
180
1575
363
608
698
306
981
5533
1649
1458
623
377
275
3893
944
12278
2445
989
179
2446
821
913
1356
221
983
961
45
72
1908
1114
2164
91074
942
851
1666
5280
953
559
2095
1549
4037
167
348
627
761
581
1030
97981
240
214
6926
232
959
4043
963
311
259
1359
2074
11
1046
269
953
591
894
1477
1729
248
1406
908
430
326
3560
1661
524
2279
2107
54
294
1332
61
53
95
500
961
2071
2770
935
641
439
499
5630
828
619
354
935
573
5821
869
553
582
62
37
1498
489
623
115
775
68
5637
565
47574
276
14594
1058
582
259
3790
803
1087
3588
613
6613
696
454
2393
5906
641
198
1418
766
50
2603
2360
52
74
553
297
811
842
250
1933
289
2351
99
1662
1673
1824
1521
83
66
1005
11
102
8648
3328
391
1835
1039
1504
3243
310
630
1315
550
430
40
987
946
490
2134
1137
527
1820
343
4500
269
466
324
1168
2366
246
2213
207
620
975
2813
764
517
547
630
1122
832
394
622
428
1109
675
1678
54
1208
563
600
7988
172
640
564
4091
300
904
14989
943
1056
509
1399
620
794
2994
1369
922
5694
238
2816
7655
4411
308
910
2309
196
2183
1765
2911
380
300
1559
413
634
2488
790
58
149
607
64
1229
812
1415
533
222
110
2528
606
443
335
2410
1700
920
749
286
153
443
865
388
909
545
10424
1129
25162
1165
3483
586
791
342
237
964
1613
490
1014
1495
590
981
872
333
1813
445
1320
450
2359
1728
1060
555
1654
850
1400
1841
532
1254
390
1596
430
744
1561
3329
2735
749
2876
1579
213
409
1205
1804
295
17964
645
22812
1248
2337
1798
627
382
1264
523
142
956
548
784
344
923
1057
753
873
679
838
1151
7390
2833
2540
535
445
2692
12241
203
238
871
417
549
868
895
76
244
308
898
227
898
823
64385
5057
708
120
2760
6
830
1098
190512
2
1443
1285
700
2316
289
869
622
636
572
524
557
425
4815
595
4356
602
2581
1470
644
58031
243
4
74
102
2304
1144
276
967
279
23382
886
3961
1164
249
282
539
960
3810
543
42224
24386
919
1467
417
8322
1070
1867
4729
867
61
44276
136
886
789
155
788
1270
544
463
6660
738
948
601
370
782
22
720
668
357
375
3668
1881
3305
705
1695
1291
1626
2028
994
725
484
606
1109
3212
49
1413
73
568
824
20998
1488
441
1875
886
572
935
21565
803
416
347
79929
996
753
419
299
283
1883
402
476
932
472
711
726
8082
3484
328
675
1416
141
711
1583
2211
268
656
915
885
532
992
768
1185
1056
110
509
290
14634
1117
137
165
896
871
130
3388
9462
198
1000
683
1313
494
139
223
2041
886
1799
979
544
19084
1368
192
447
865
242
350
1994
1926
681
143
33
816
3457
692
1374
931
788
494
11269
727
434
619
1066
697
39600
134
525
332
606
423
609
759
10422
1647
2309
1990
265
89
1787
1600
174
1004
34
1911
312
1976
717
3341
916
525
653
5061
648
2403
117
146853
2302
379
1992
1656
2136
45
603
3708
544
1469
604
228
2977
463336
736
32
80
1014
758
929
965
11719
898
3266
1277
1231
1148
908
575
551
9174
1500
842
416
1070
2987
597
675
5020
723
771
1876
2217
649
2566
184
1430
1097
1242
957
125
87
15593
15108
1478
336
429
138
201
438
6205
1343
12329
6883
707
3045
1211
2013
1193
1745
875
3874
988
796
391
950
649
980
306
5278
420
3710
638
588
947
6461
7313
216
146
6109
2820
223
913
153
4752
1684
225
5168
517
11
1047
2497
167
777
865
475
625
918
305
4511
232
621
1052
176
117
8797
549
3760
376
372
792
610
552
44
1559
268
64
1317
768
438
476
485
3040
1803
683
712
966
755
2808
770
111
18326
520
3579
764
236
390
1252
851
814
226
98
1919
2
1969
736
471
929
399
1314
827
4524
762
15464
699
835
365
2186
751
617
2155
10598
975
1965
666
701
1734
559
3607
1528
95
2006
1104
1630
13298
16405
395
452
41
328
1486
415
937
954
2194
1118
306
9
783
11092
861
974
2916
497
2986
394
588
466
673
2314
711
449
6304
1315
1417
1208
1571
983
592
977
717
1389
21
904
632
474
557
95
929
253
2154
2362
966
517
908
1317
86
6152
678
148
2771
1043
690
1666
865
282
582
608
2866
1298
906
185
522
919
111
1094
472
6598
3539
20259
986
782
1124
325
230
897
97
709
909
32876
394
697
1014
1410
360
250
557
10324
2163
377
1192
288
4
887
1180
970
258
517
1318
196
127
839
517
1462
732
1327
3202
439
406
2578
2412
625
731
37607
79
136
1225
600
541
183
4283
751
8171
266
7430
984
4690
471
451
204
714
641
1775
994
1131
989
99
235
1463
2449
18152
610
333
13
1538
3778
16768
830
201
89355
275
1262
225
673
1119641
1009
5969
723
5641
4580
822
1005
1197
1006
460
711
861
1480
1245
942
1996
413
842
300
836
7397
206
100
612
822
335
889
577
486
406
94087
1889
936
631
22489
3893
618
10
636
150
22287
597
3
1067
838
15740
353
22519
356
1698
822
882
1415
3
658
390
7322
922
800
181
1449
3999
1266
561
607
17
240
3405
6997
47453
836
2112
6704
1285
303
252
793
3212
839
801
408
867
1020
28
775
489
42
3529
820
630
995
461
787
576
1347
250
508
28294
683
181
1233
219
833
923
1561
854
913
20592
676
4228
1120
2487
113
878
272
4704
1327
353
392
2058
572
6664
156
1374
978
1071
900
1957
6328
1782
1018
503
4518
24
5565
1246
2872
1176
867
838
95
6134
936
891
746
1356
2015
496
776
1312
308
1385
92
2334
242
783
706
5895
4366
859
675
656
1432
699
83
772
910
833
943
503
738
858
14773
1081
562
13295
946
1634
3102
639
737
225
790
110
1902
1701
3206
883
566
1515
365
273
1204
1134
529
16
891
970
614
6788
57
274
479
658
1565
3326
11724
762
209
1277
411
3289
1387
4803
4170
1013
850
436
1271
1653
812
53
135
515
450
298
54
585
447
586
2720
686
1653
994
5948
2821
1107
631
932
1972
277
50
1414
38
1985
329
829
1194
2266
1968
445
2416
2425
441
674
1075
909
208
714
1163
1727
1276
721
2123
989
2035
636
523
4572
692
350
2944
969
971
1668
137
823
224
269
1027
847
621
508
2224
650
741
988
277
673
2062
354
586
432
456
1430
603
579
267
51
601
962
354
722
4171
9666
584
866
3598
1814
49731
1372
12189
171
754
4449
73926
613
736
418
833
1645
130
644
659
205
702
3807
2707
89386
983
828
1843
1455
903
707
386
191
149
217
272
288
556
1904
606
512
740
859
389
810
1258
684
40426
562
741
760
540
479
1029
8
648
630
2944
602
637
540
3170
393
6985
961
1941
593
34594
1408
3941
369
542
1955
1006
1049
7062
12485
320
220
482
47
114
987
240
1880
1369
7327
5659
2558
1185
773
928
1619
541
1199
148
2324
2953
80
1483
2584
1034
2167
1603
490
2731
856
739
752
25860
1066
2186
29473
881
831
496
694
2517
2996
493
258
102
1120
22485
85
412
5
397
477
1370
14924
4555
3818
37
724
447
1144
8566
14948
347
246
1212
14
426
234
585
852
792
2209
10267
830
7820
689
1029
688
843
856
838
560
82
729
646
7097
745
1271
307
678
528
3137
4534
3882
142
159
127
195
4313
22089
198
1358
234
899
495
268
16
4652
295
746
982
2826
689
671
7406
1098
22932
2284
2762
185
505
3055
603
5393
3922
2317
5449
1484
168
848
2938
463
310
863
83
1387
861
2251
594
1430
123
3464
1291
190
896
1496
793
607
892
414
364
5336
117
6234
792
2787
10056
1767
35
521
820
1417
160
1574
876
2431
9428
1587
653
677
425
1808
1369
853
1889
737
621
1674
832
725
988
866
845
465
348
501
975
23087
268
551
24996
193
39797
19
1484
946
1651
1049
574
2186
1804
291
1172
619
975
952
2824
1645
16
7666
1344
363
1013
759
797
287
1074
141
9839
822
182083
319
2717
11389
748
955
388
937
922
1354
695
3172
427
453
463
1138
469
1002
7437
748
1205
4562
685
9965
192
1046
465
1970
708
1
254
717
2809
4524
868
2428
175
818
576
836
2661
13286
107
106
393
530
69
563
413
5977
273
2202
931
970
949
921
530
1936
1217
962
823
1057
13946
21128
713
1704
475
1055
2054
180
1157
25
695
7981
272
1529
512
601
580
185
4419
3853
952
873
6915
2343
93079
1627
756
868
854
990
124
910
797
1919
7521
395
6949
3180
628
1381
959
1257
1151
475
66
483
365
1372
1946
2498
579
537
406
1214
410
400
424
569
498
713
872
4927
1643
180
996
2852
1316
385
83
2719
1273
4163
1490
1454
870
2051
2659
3061
562
5413
669
902
1035
634
465
581
929
47
867
1297
1061
710
332
829
680
1507
2877
2340
170
807
510
743
610
1164650
2488
1077
1334
160
98
2319
95
1239
571
486
335
1563
501
857
1552
427
509
21999
1394
1100
156
10967
3377
744
8353
287
544
867
905
666
2043
1082
1245
9220
786
2899
273
559
1698
869
337
483
2957
1567
736
777
362
1250
812
35648
299
2286
22602
250
266
609
10326
356
1226
401
5662
743
798
3378
3167
3097
166
137
2039
1408
1189
4189
279
744
248
834
3616
2646
537
609
732
1005
25
144655
118
29
614
370
113
97
848
31
108
69219
3129
794
31368
541
812
765
494
1202
139
312
903
1826
538
421
447
364
626
2117
556
674
457
587
162
168
307
311
1229
1390
518
946
1044
769
958
578
1336
14765
567
762
394
654
1161
901
756
28
4879
1507
81
32
3530
2682
640
178
912
1018
1443
5621
1956
203
938
85007
653
1126
4326
17683
63266
81
3730
342
276
359
784
2735
645
495
816
179
720
14333
6619
14658
2307
2972
809
2826
655
384
12741
2416
4430
956
637
311
650
244
1868
31
519
561
261
16246
1283
2721
1087
909
815
1517
538
360
943
2089
869
2866
12478
746
136976
54
701
725
808
1516
2816
944
2834
450
40006
614
2293
1761
473
2287
1785
461
1673
1038
6948
136
580
3134
755
701
1130
827
931
103
326
915
600
442
1508
2481
301
60
565
509
963
775
1549
241
1732
16220
785
3356
409
404
1454
669
9494
717
841
706
990
929
1098
528
293
42308
955
388
15087
1114
707
121
2136
555
2929
467
866
189
11532
1344
363
9
459
2281
235
5466
713
683
1104
614
768
86
1621
317
72
991
590
1090
167
3253
2202
331
1359
7918
1453
876
2212
1704
198
534
800
10957
499
1279
324
911
935
938
2997
588
364
975
790
210
567
983
435
15676
1428
1303
415
413
557
635
100
2420
604
32188
716
1658
417
768
9449
80
5610
6138
1931
273
895
54
3200
631
960
499
2133
23616
55226
17028
508
158
1177
677
6947
361
956
477
159
139
132
888
2543
223
51
583
342
1697
448
1518
960
12316
442
116
719
1135
1477
786
974
10721
9337
617
985
514
430
1272
335
2881
4309
1014
239
862
692
129
838
994
649
964
761
6532
811
649
1178
871
6766
884
619
204
2032
3780
509
862
4217
1477
574
12298
847
611
154
12735
570
413
2818
63
807
642
1305
529
862
1392
210
101
787
917
3418
29462
356
583
3164
8877
17370
686
488
379
153
178
390
121
653
963
5091
1133
649
384
977
4525
7341
7701
846
176
3136
238
460
674
309
654
824
515
524
866
1119
314
1313
851
21938
3151
2259
182
1876
972
966
341
468
188
1438
728
1595
6587
268
1586
509
718
967
109
3797
857
285
931
929
3820
190
270
9783
2158
820
5045
29
648
31705
3514
386
2721
7191
1886
5699
13576
1285
2882
4784
406
823
507
312
134
645
745
5777
498
2560
645
116
2000
2106
483
725
2048
10431
172
1702
1356
962
721
352
557
1496
1118
471
1235
7991
450
431
361
1348
444
1567
498
932
2264
6158
610
435
273
358
555
967
280
832
859
512
404
695
229
763
705
1104
8789
846
328
107494
4114
1521
3609
599
362
6473
234
2103
1567
1359
738
4830
572
530
1518
4857
83
622
947
19411
60
192
1955
901
76
966
174
627
2192
8446
911
2857
1142
12569
2210
1409
507
4080
327
158
8516
469
930
1593
1776
2317
23
338
391
3971
265
1443
7352
6597
480
1103
1969
291
2396
545
3660
1800
1586
1196
525
888
2276
616
88
695
74
832
951
656
456
3293
6612
10020
490
353
1293
125
11266
793
644
774
60
77392
563
101
2366
88
420
1035
947
679
2593
1623
1025
436
2353
1828
574
592
1889
480
679
372
744
374
386
41272
3088
2334
630
814
913
50
552
2490
3408
964
164
4204
1319
1572
918
747
919
1462
2052
566
799
1473
1123
5647
7767
712
477
726
72
521
26214
841
687
1067
157
369
368
756
188
591
890
469
5350
365
6019
190
753
996
340
990
3021
568
15007
508
1302
75
881
665
9992
89
1027
6793
53
1067
1212
243
893
893
54
3189
431
924
13440
177
1371
519
5
190
905
1240
914
116
1396
403
1569
2697
219
449
14133
800
4014
643
2742
1362
848
158
5286
23589
8053
1059
515
6689
2647
233
1392
835
1647
2128
447
651
674
83
592
48137
530
1565
10274
212
4455
1050
647
1444
1462
261
127
712
11627
182
413
572
681
1266
273
8339
758
439
302
222
1420
956
487
818
2042
156
158
700
13
1312
505
820
1409
1004
210
296
679
84798
705
4045
498
6707
673
1759
386
1605
646
3309
1855
4613
199
954
7058
572
4987
719
28
809
28686
402
271
11025
860
1414
523
518
763
734
9654
1045
11936
779
671
627
3944
2809
402
255
864
1275
303
615
2401
1522
656
417
1633
848
727
113
861
498
648
432
223
107
127
906
416
706
727
191
2236
1032
1761
3956
441
344
3715
717
819
619
1590
888
1427
327
72
902
7495
3176
884
508
522
1940
958
658
773
482
912
1266
596
8
9142
3323
876
643
720
1843
1529
5706
2461
700
1178
1124
94
1266
290
3333
720
746
798
420
77
4340
503
811
2315
797
357
723
160
550
1900
7454
109
627
960
2672
701
339
217
873
1417
908
529
4
13753
2804
10954
11639
527
3215
1019
990
888
247
712
1373
1058
707
386
520
689
407
92
952
23327
1101
703
1765
2013
245
559
11400
3341
1323
996
535
327
232
2205
520
1372
459
1145
808
2054
910
1229
347
4517
128
3665
6430
73
5472
19965
3535
2226
564
909
80
310
136
795
2503
51
267
971
770
850
360
2773
9018
882
759
3646
488
152
2780
796
4249
4032
613
257
74
526
1029
3283
1256
535
1327
412
440
2866
1154
830
1473
3009
436
727
1279
685
306
195
843
329
159
9314
1645
3624
837
10440
244
3573
730
1691
2540
196
2141
687
1091
1133
913
8799
388
770
1449
104
609
1662
1740
14
1096
1788
26649
200
685
6619
1743
19247
2469
59367
2153
374
776
4
3556
4632
846
240
1982
552
556
995
3532
4011
2083
886
1417
208
1664
54
4838
3535
767
4724
28
360
148
684
13409
1379
5816
2371
992
150
342
1275
1845
66
2217
965
407
665
1316
811
25489
353
3587
9076
990
4285
1706
276
896
825
524
235
289
277497
28932
459
2274
115
4505
557
654
336
980
1940
920
687
1890
976
999
122
2489
1206
1924
534
3062
675
1371
208
613
48
742
263
294
2493
1764
587
349
3455
7495
1070
712
79
673
873
855
343
1321
863
8971
1064
204
1459
1060
2349
938
741
3604
284
3466
2436
432
112
10946
941
4609
791
474
6571
305
3147
746
29444
866
2350
925
10
619
3237
426
122
749
635
5287
1335
1325
999
1545
14032
828
1623
2066
4321
785
583
61
519
1135
674
3026
2012
1974
1199
436
37
4286
439
518
9
439
12600
458
1173
738
1245
727
743
391
999
647
75
348
3062
5095
13933
500
876
1053
950
25023
32
114
81624
2125
1946
6472
4196
843
398
959
1608
1240
6460
732
426
66
574
946
659
943
2676
173537
1134
1437
136
292
326
964
631
4923
1282
1051
1876
3875
1053
1633
654
920
950
929
2354
667
924
1239
319
952
2300
1346
2661
25269
1551
1528
711
245
5974
1624
5444
1090
699
1609
1127
139
162
1614
353
622
2238
99
7878
1275
242
16
963
1529
212
3573840
573
776
319
1046
1032
203
4091
667
2376
866
2519
2165
3409
1079
1836
25
1633
12
6289
831
15371
1902
332
82366
619
507
302
1247
408
2637
8272
635
399
592
3639
1577
301
962
737
1146
729
2787
17057
8834
431
582
693
27717
7521
17793
22
203
709
39
813
655
2767
778
1980
6044
809
4471
1202
530
837
541
622
1667
450
462
938
671
3240
4591
882
4612
168
2801
6025
1826
981
200
736
205
964
881
939
939
111
2571
674
794
466
173
5270
1338
97
2097
224
732
222
867
207
2488
34512
160
319
133
159
1451
472
137
35491
1095
168
1058557
334
601
1760
728
5177
398
214
1452
278
827
154
815
10789
1355
120
1090
358
365
215
867
858
5693
211
348
895
122
947
327
2439
2935
1757
28
941
1713
2423
61
308
741
901
984
1333
355
252
1881
952
8704
759
104809
671
1192
117
2558
1681
88647
347
518
2798
2488
37544
998
688
397
942
291
188
463
1332
1224
1881
1316
866
562
561
4280
8543
1249
2427
7587
710
566
976
1832
747
150
588
1089
1873
2137
1189
1574
637
4457
325
380
5664
558
213
869
1192
232
483
1589
3248
2747
1761
1274
775
3206
7105
1685
789
704
2908
6369
773
3825
824
1335
290
840
13244
862
13430
2175
727
534
1101
524
950
693
745
702
77
1366
471
818
1450
228
2552
1414
185
159
2330
516
463
46684
796
27890
5240
2294
451
499
693
639
2594
134
2840
150
384
124
393
828
184
6227
753
557
966
612
215
1539
695
1275
435
162
2538
611
18
554
350
3402
817
364
86
4019
34
673
193
292
629
3177
585
1468
106
2168
9
420
1020
1833
835
634
698
651
1171
2851
1220
584
184
158
4363
1301
1633
194
1672
378
868
811
1964
154
973
241
2062
2801
407
2755
5427
280
604
946
152
3865
6260
405
846
1613
6986
347
3011
1032
413
2
821
50
7678
275
971
80856
8089
2860
292
560
494
310
869
299
223
1655
602
1446
1809
1000
25
522
4813
471
117619
454
2049
1710
1994
1670
846
6912
114
36
2609
1289
1307
953
1405
845
1061
1880
16364
3840
801
679
577
403
1600
52
265
178
3141
11233
2857
753
1510
107953
752
3931
102
5383
476
730
2587
428
1151
1590
3245
702
4285
121
534
3213
1476
796
12156
1951
3966
345
540
1160
6915
27745
24
1469
465
745
927
2664
936
3992
498
298
780
606
875
657
6928
1420
789
1023
996
386
1320
2530
959
6055
1285
3088
60
13132
6916
437
863
534
1893
827
812
809
251
401
665
889
3853
602
110
1643
284
2220
449
320
16
1295
454
687
1513
1836
59930
942
965
879
3046
243
106
2300
759
1646
3168
18000
1946
1553
1137
594
876
943
2310
354
701
1333
962
199
499
106
943
885
830
19390
2514
1386
2316
734
1938
773
1037
880
1358
4723
6480
631
1465
10203
2275
3246
1465
1105
8288
1475
174
892
20687
877
4856
12089
512
2386
701
969
776
2786
392
2259
4349
88647
9682
4337
1247
830
512
2104
1732
886
683
968
574
2054
110
7007
880
2006
591
7010
1615
623
1333
526
18826
2801
484
1101
842
649
327
561
719
13867
1506
11693
2588
352
735
866
3549
2555
2820
378
352
653
2
4037
3366
334
1569
953
2084
541
365
63
93
15429
683
811
1671
209
44
476
3325
278
1239
1156
658
41793
745
1551
70
11016
1447
18
1365
484
2382
813
15934
762
459
6
568
736
301
938
4233
1090
2720
5175
1085
1157
1203
551
640
723
415
944
3489
645
6455
677
1413
1795
1013
492
3106
5398
214
153
767
5533
453
615
557
953
1372
2032
1673
850
1164
1345
1628
2797
675
912
32189
206
1335
1159
718
896
553
1081
626
45
373
146892
1786
711
1722
69
1527
4109
2207
447
19323
760
969
460
776
326
178
1754
26
719
2535
727
2056
293
639
840
558
1128
2031
271
1603
69
563
1333
532
2436
8
31
830
443
31
760
628
3081
99
405
922
852
7083
433
417
1608
177
266
1824
389
1348
646
284
4029
1897
436
7537
190
7
125
95
950
16551
943
2274
4420
1687
104
126
298
606427
689
1967
1430
466
4386
922
568
455
75
1475
1618
985
2570
1212
1101
2991
161
891
445
1558
3287
846
914
1603
916
78
516
1173
596
5718
3685
275
1770
652
1449
6864
451
5282
1064
708
1293
2671
252
596
572
808
656
80
29444
2446
1525
1463
743
713
11309
2999
9321
797
20194
2264
749
1680
627
463
1650
1531
734
890
5750
1965
13195
1274
380
736
801
26
283
388
1494
537
221
196
2978
2547
238
738
670
7382
2522
1020
429
230
2076
17
1405
661
796
860
117
927
42
344
625
754
259
617
6338
988
8158
806
11032
88
3079
4255
1163
882
7400
345
1558
938
183193
1594
1616
289
171
4318
1582
268
783
986
758
900
3362
365
533
1025
1142
871
2073
7925
2224
5869
48934
1901
772
3801
780
903
18106
12288
303
480
949
239
497
1119
681
1088
1187
835
936
1966
821
875
1139
225
1213
643
501
3171
518
7916
39
767
1928
757
160
1097
3588
3601
5512
748
675
508
572
10997
838
168
756
300
374
5686
592
12674
1064
828
14
486
82
377
2468
3030
119420
737
380
424
903
625
3173
448
571
719
1044
3517
1013
926
1807
3251
200
63
2450
11771
45
543
417
49492
2554
17957
12032
124
298
755
1027
566
8088
6289
1955
3706
27
507
513
1919
1280
684
729
65
39
638
1388
374
913
420
185
384
5132
475
2504
582
1485
3156
771
59
486
8148
479
9550
148
867
24
613
2179
555
1635
4397
560
1606
55
3560
901
7
1187
1924
1589
981
1981
293
162
1545
1418
861
936
815
585
1018
1956
873
824
773
4809
5326
1298
2903
16024
729
709
239
1118
645
1290
116
377
718
64
353
457
426
683
5040
21982
1020
579
1061
8932
978
266
252
610
526
1300
625
821
453
376
2246
1657
6771
6
275
610
952
4302
1523
15405
227
2163
25869
1834
2760
387
3563
827
2659
2794
1352
887
1340
614
332
811
1140
3357
442
156
740
11281
716
156
83
1843
474
1551
438
2606
3378
890
599
985
473
164
5533
127
2481
266
858
443
1977
121
2251
617
740
575
841
2851
38796
797
245
1171
24142
761
780
784
1016
760
213
3001
751
795
336
1631
780
313
706
604
2899
1424
450
1376
1305
2116
415
566
5874
16
48
492
339
777
846
645
928
18
25
65
723
1188
78
2186
876
1505
1352
589
3269
413
1551
1572
823
6489
2423
24
2238
3248
2814
51810
102
451
551
5427
354
522
1959
1862
3673
1368
475
689
4898
522
972
1451
1689
1706
693
933
35
1096
534
1954
924
566
892
1019
539
12497
352
305
191
7222
765
8750
1291
223
550
274
429
4520
1698
1401
808
1392
556
1057
220
750
835
534
899
430
479
196
3552
2589
162
2279
439
1761
368
703
917
3486
69
886
486
768
1185
773
69
1658
3354
4976
230
46
2171
1145
7119
968
2099
964
870
1856
1213
789
951
165
4218
380
1022
830
519
1746
219
9226
2272
10692
684
1248
697
994
121
864
266
968
295
6086
2719
124
40
998
10747
2797
442
1219
194
2407
2269
1768
719
102
518
973
273
14093
8826
351
2678
845
36
985
1103
3080
1535
639
1101
515
922
746
343
760
784
577
759
393
557
39822
53641
1776
12767
662
21
1021
422
460
60
2033
3707
1938
10228
1984
22
99
1832
2118
12102
650
3652
601
419
700
25503
3030
824
633
205
543
2172
676
1785
144
17067
691
268
881
16
794
1302
3416
726
1019
1444
706
222
985
681
2657
596
606
1593
634
91
3472
867
2287
433
2120
870
294
117
2651
827
3073
5711
767
2802
1034
1434
247
10778
1661
1389
3030
882
548
4622
19244
162
664
881
1809
932
405
1669
3385
1410
746
1054
370
4603
930
594
368
1296
3863
137
753
1754
1122
1983
9823
864
1324
6696
31
436
4506
1239
320
22645
468
3151
991
17057
380
252
1319
1879
261
1550
757
3099
882
287
438
884
7103
6779
1109
1246
2111
911
873
1575
12269
863
1395
1182
15264
1465
2377
456
650
6952
9474
12182
1651
3108
794
3370
335
948
657
3903
173
99
4423
258
58
4658
2083
25
699
70
157
87
427
3061
213
1140
1243
3573
9799
292
2886
82175
381
1643
13427
7120
945
2501
8510
1894
506
1677
237
3661
791
741
5673
666
188
14405
855
89
137
185
2140
429
283
11320
5630
825
920
2502
4302
425
652
1126
290
1164
307
34
242126
297
5628
1036
49
605
493
532
6505
945
804
903
151
452
307
431
23515
2957
1508
10484
1797
121
1201
259
15
378
214
486
18376
1561
10347
880
3369
220
354
3759
911
746
2522
551
1494
12
810
605
32
931
2446
1523
836
3610
381
415
1037
1329
592
3588
802
1137
1865
327
263
746
479
1352
6972
976
882
759
3452
628
14632
536
686
346
454
784
122
695
11623
962
937
397
2363
3242
1012
1457
926
3849
490
703
1797
1717
1622
286
132
466
951
3048
2915
1434
843
705
415
1185
3797
586
799
342
775
842
304
789
1050
451
23
839
1899
898
822
5694
1366
912
4685
442
797
123
23589
114476
786
848
852
388
286
1378
8096
162
621
522
1052
3013
575
762
260
2208
2820
1616
6344
862
1656
1196
2004
695
3662
104
391
3
898
525
628
30
4005
1986
1982
734
214
2938
653
471
559
616
286
1051
469
572
935
751
268
12223
2
7
701
917
800
20357
3007
999
548
358
19
105
1478
503
286
148
2002
29026
107
1381
1371
523
844
1592
566
8668
3076
3989
2200
577
1953
638
221
230
266
8982
951
192
1227
236
22704
1442
381
515
579
1246
18228
804
4783
2030
305
76
10186
225
424
995
3381
722
13198
934
7915
813
946
785
646
834
278
728
383
1665
649
755
3694
667
887
379
688
11877
181
5995
575
2034
673
1449
799
2189
384
301
527
9773
1848
596
17655
9291
190
398
607
1012
384
1088
4612
228
159
625
1374
913
2115
732
107
5819
9893
23885
827
825
799
2212
376
933
418
842
98980
905
725
1281
1840
1484
3274
730
2231
533
3965
254
848
2886
1365
1612
2177
597
943
966
1468
891
2110
654
118
2892
61
715
143
488
2957
82
523
75
994
465
11443
2413
731
1339
762
475
965
972
21382
401
1538
230
940
2033
402
710
1830
23055
1001
18826
9146
25023
961
1329
1364
305
647
442
2545
1668
4841
964
803
8049
6120
16692
3315
484
1038
546
750
1397
189
189
1719
217
3837
937
21
647
1652
817
995
192
942
522
590
242
2041
2129
2291
611
815
90
635
617
10252
840
4171
669
924
939
6486
367
1473
147
508
4227
4501
2770
832
857
1359
39
1531
940
4761
5240
144
45
703
311
2894
55
1869
687
6416
913
17375
768
355
70
919
861
432
180
877
6642
540
55845
229
1588
475
435
5496
278
331
18161
772
924
1177
4312
627
1055
26651
1094
5124
784
1569
3105
5085
713
786
292
578
79
750
1841
1469
173
23597
887
10586
318
454
710
328
289
4121
217
1492
2793
680
133
7808
445
5569
9067930
989
361
12
786
487
748
659
485
1807
376
825
1504
2161
323
986
839
432
2399
2450
416
7
12567
360
1467
1100
7755
80
271
1066
1057
2164
1776
768
251
11308
1189
308
953
495
1446
4568
1600
6625
7579
199832
5205
1138
64
1374
424
972
527
1756
1649
266
1438
85
997
221
572
2014
183
1766
143
395
878
2315
3519
298
933
54
510
65
286
4806
1021
1658
4236
559
922
1349
184
2956
12138
48792
197
1508
1524
7423
730
16739
1302
2218
1004
1622
331
599610
1699
1638
1404
293
1286
292
2300
2072
443
2
1565
8707
1240
44
825
346
306
361
975
3928
169
809
51
609
38
573
154
344
563
773
540
1283
378
1105
439
3679
446
153
6742
977
192
2596
637
759
927
187
4168
1242
705
902
3580
5779
382
245
1999
586
1760
1629
9119
14
996
3079
589
602
845
2019
934
11
670
217
888
804
5946
618
525
611
362
584
971
697
3410
704
133
2139
77
322
724
34324
5755
1869
931
32
310
99
470
5039
1034
126
2711
531
30797
624
791
134
1983
302
371
6837
601
797
441
864
953
519
938
1157
1506
938
1641
31540
213
1454
1411
271
1159
618
2140
3364
827
1603
7500
752
3189
704
759
3874
753
3343
3913
1928
1692
507
904
7309
32
921
991
296
813
1056
2077
1737
739
170
2586
4994
25005
200
3834
365
1759
837
1809
380
882
612
289
6330
274
16773
22
576
3721
2051
159
971
18304
97
474
1406
2471
1031
14
1540
508
260
729
3588
2700
433
1196
1719
2929
1478
510
325
8236
1245
616
442
147
894
986
1292
259
779
655
445
6669
91
521
664
54
832
542
881
1276
1488
1511
939
469
341
872
840
630
561
73
1026
1087
1020
2590
2139
564
3074
42
163
668
817
928
395
839
19209
7025
23129
359
1969
5921
1158
157
540
4747
69
4374
3252
1
5384
2830
3662
2328
789
2879
1418
2300
1295
28357
27
9429
793
1191
1250
771
60
957
767
7329
1244
781
676
650
1157
1501
6369
861
1541
1816
1348
5768
966
998
1928
628
2182
4183
578
38
337
493
349
884
6
565
1106
1553
4296
3432
528
2100
1561
1217
25579
241
480
382
2807
2797
286
903
1522
292
7242
370
890
802
217
282
416
774
653
305
1996
1055
539
1750
53
951
3886
1850
243
13571
403
736
108
919
732
897
3563
850
754
1847
4006
6256
1276
527
1184
851
737
5900
873
989
1371
892
2109
1408
2421
594
196
857
3176
928
162
5417
941
655
2589
1576
3843
1257
4030
62295
536
734
763
500
1122
1044
872
1479
311
5766
222
1961
140
1260
1389
118
11400
1030
642
2197
1400
1705
573
992
4181
2088
677
276
656
41
1302
26
1243
271
1301
4300
648
724
251
2246
465
1326
6964
256
576
2429
796
780
1637
671
56
5272
210
9328
546
923
3056
775
369
901
137
11574
329
46
271
672
53
329
930
4076
231
1099
36
2053
630
7084
415
542
509
304
8817
7859
216
1285
676
912
737
890
1092
3084
236
3209
36633
10624
1256
1349
56
189
3033
738
12780
1236
265
1243
337
1768
129
1345
1431
718
166
1481
2534
1002
1263
1163
226
919
94306
947
543
1920
396
7167
471
446
4319
1120
942
791
597
1840
888
9834
277
1432
523
2232
47
998
1120
529
858
51
88
1368
203
40445
858
591
103
2277
603
909
788
1003
894
499
219
987
76
696
4532
5932
1982
486
66
106
490
3705
1234
383
69
5222
85790
2217
395
1571
78
901
255
777
7398
730
3255
757
217
2510
1790
1254
581
371
12114
650
1434
801
259
4231
794
3204
2591
158
467
553
1989
1526
606
1343
826
579
138
676
223
310
21
124268
480
1400
681
34
1853
1203
336
431
400
1307
526
1707
180
266
357
3006
452
1654
74
1654
800
53030
451
12809
236
2748
5881
401
1641
960
684
2978
1326
1064
701
1000
3152
10022
1078
495
2197
4440
2070
7029
511
139
61
707
603
166
819
3430
818
1697
229
498
238
479
323
688
1382
5674
166
6472
13518
313
509
132
19758
5089
565
534
249
578
9956
804
777
552
653
3546
671
1082
1476
7317
698
613
476
547
6938
1111
3550
805
1308
643
1260
1171
1110
598
52
325
2573
1182
909
4151
1323
5361
798
141
525
16559
2193
985
1573
720
1602
999
208
1281
623
5730
1393
2732
530
627
157
60
2702
1105
1787
416
1053
627
90
518
122
1463
868
250
471
2118
1375
334
2897537
1507
1205
2400
1890
1173
570
971
117
6484
5026
8351
1743
535
10221
3181
213
3360
5567
502
1294
1727
4199
646
1721
1375
1672
56581
3858
9365
348
966
950
100
292
61
2646
6707
4344
30
1726
585
19173
2668
1116
606
654
3011
302
2763
1160
1366
1786
904
655
27936
2293
4164
4593
79766
940
1198
637
2701
642
1
931
189
766
586
1149
648
687
6330
121
2564
95809
2717
209
836
1129
2048
751
4946
162
482
1026
475
1344
1770
573
357
242
518
1556
3847
930
4310
328
879
1056
2720
676
954
593
59
413
95
6680
2655
212
1428
1906
1267
576
1107
1983
4882
1803
801
904
995
4879
1096
551
716
1354
13164
924
536
494
506
304
281
3784
1274
729
705
358
624
1174
4641
1308
927
613
288
511
813
357
344
792
1147
571
993
1429
221
1356
891
2218
1283
965
479
494
1630
430
468
944
810
604
549
4224
535
1019
730
20539
344
1325
733
4759
1726
615
141
225
1465
913
6581
387
422
710
104053
1237
240
858
663
899
4153
2139
58
830
122
474
1834
2837
945
408
729
1482
2228
513
377
423
510
843
5944
4241
1085
452
1113
4695
997
362
319
731
805
939
460
795
439
523
4923
664
972
1474
32330
3238
993
4274
707
9436
3738
1204
999
750
278
485
3561
2571
592
14292
1677
2300
1695
985
15288
458
722
49
726
718
2265
1298
1576
95810
2739
1438
471
868
3029
1053
1704
684
736
113
229
580
5212
327
551
1447
755
236
4471
105
674
624
419
1381
531
250
366
2103
507
3795
2034
805
9878
1162
1244
2875
1370
939
591
1500
2795
751
5177
1591
816
5276
476
1525
7295
4177
5363
669
902
549
506
2765
171
3639
476
177
542
1383
1196
3690
824
3379
781
961
630
1318
308
473
431
580
817
745
438
713
163
1023
995
502
60556
1054
3428
883
933
75
943
1316
7782
2361
2220
699
818
579
9125
2299
104
6142
1484
959
1878
710
2853
674
266
1005
322
883
1009
554
751
794
1117
902
454644
767
358
1859
231
1533
869
1398
3502
800
68325
974
651
669
1230
2242
5167
732
2114
1373
929
16775
7059
380
1077
13069
3263
198
1477
789
236
6
360
956
801
2461
692
6409
817
2088
145
68
6197
384
1432
492
881
978
666
20
601
2403
867
633
806
1507
548
488
1928
209
267
9046
527
1292
1686
164
1776
1081
1280
4980
33
1091
410
810
51
3608
1578
2342
2185
578
903
2256
324
2968
287
973
136
2655
28
3444
504
1289
57
991
1690
1479
4004
677
1974
85
25037
371
5785
3937
650
1630
864
1505
248
628
471
325
572
778
1847
44526
1066
617
622
1068
973
731
962
415
527
894
6114
1267
547
179
1554
506
775
619
297
175
1078
3995
1046
296
356
1422
955
527
1094
5440
701
668
186
335
196
1245
1828
2417
711
3867
1045
51
599
1213
314
498
1404
2258
1484
184
3434
10009
927
534
278
980
963
292
6037
951
474
285
361
1
738
836
2140
3287
676
4400
4414
811
399
242
1897
645
6661
773
6093
278
318
2431
1015
713
41380
182
5626
240
6155
2110
763
1390
830
192
1914
1085
595
929
664
647
9719
2283
675
3524
213
1527
873
1191
354
973
432
1453
525
309
1066
2316
479
185
88
914
1946
881
1736
642
1402
3186
211
4276
8
1170
374
585770
2321
691
2430
103
461
915
688
883
897
33
482
3161
1206
1210
1602
1279
134
1376
4010
1087
655
1
838
515
2134
163088
8533
165
8629
496
932
1038
1113
1364
953
414
434
1129
42568
4011
995
2920
7215
9216
9089
2308
268
2483
34931
104
2473
84067
67
942
4246
13
90
649
2222
406
2599
1730
71
5123
117
954
1669
18
460
757
335
119
1590
763
2032
825
1388
206
101
170
993
767
1707
56
225
5450
1411
6011
498
495
433
816
608
1781
841
477
567
643
6197
1807
385
946
1041
1393
3191
224
2506
6742
1358
13177
3095
1304
2300
5095
806
611
123
786
205
611
5222
224
1661
772
441
1122
1597
1447
2928
971
530
636
998
507
1919
1824
497
29925
596
692
527
166
102
70
655
374
5127
254
201
1494
3194
1228
988
415
328
107
491
853
2568
1224
24
2649
1145
86
696
14273
675
4615
834
2424
931
2747
351
433
4337
3355
711
4358
305
4786
833
500
324
250
4263
3664
821
91
794
1174
516
6209
261
213
1495
608
271
225
696
931
873
352
2834
3092
734
512
1210
1570
1288
88
906
4082
556
1479
26
256
1364
3599
9405
999
867
313
295
2328
619
1733
949
1805
1604
5375
7331
1796
4755
3868
786
8210
284
2592
6025
453
796
7767
731
2838
960
48000
961
312
753
1204
49
545
1932
153
402
1766
968
199
716
740
2621
964
219
14668
350
692
89
595
550
772
880
951
4865
573
963
943
14353
591
939
495
1592
4369
32462
1213
608
799
3022
538
785
379
221
5107
693
282
5926
873
467
1400
524
1955
442
429
167
1137
752
255
1504
880
8550
4865
3637
2004
195
1023
1211
2413
565
383
3302
894
3418
3831
915
714
5507
534
1011
2435
1576
455
5891
908
305
524
709
3668
1707
170
1422
2197
7464
420
149
2755
788
1661
3012
1330
627
173
4299
390
2587
402
237
583
558
46
1937
543
15
2878
10431
553
24253
937
2512
46
1458
2794
927
900
163
6781
105
322
1386
422
104
1386
1600
1085
768
526
12133
751
11563
303
3295
1852
1649
4594
2866
20276
379
2136
203
97
9442
11743
4280
544
936
1363
1240
1444
4068
4486
711
925
1228
798
846
3449
3732
538
1451
560
552
6561
15775
565
354
2275
430
942
51
1798
3293
229
993
653
1252
2349
614
1910
3839
991
1534
987
268
648
1121
1125
383
234
39
3647
601
21400
12270
706
410
293
539
3503
828
281
1169
730
1061
339
350
553
8
713
382
1576
593
2795
920
6
420
3313
14709
501
2355
3542
2384
912
3126
3966
23524
731
470
1068
382
823
125
1881
857
792
1933
6965
1508
1068
84
2275
1231
841
953
35
3723
1001
376
11606
813
440
985
195
6227
550
786
925
995
652
58
6742
611
111699
1000
1345
878
398
992
846
1528
818
64
922
964
1584
5459
27313
2189
640
3190
1146
269
1879
676
3066
689
194
950
698
12206
8874
940
921
867
208
618
823
699
163
1562
1272
675
1137
279
3285
1756
2912
777
241
495
212
1583
849
6773
2066
699
703
821
740
311
1028
1222
2872
517
5550
2455
9823
1015
627
567
7909
3225
17852
1337
889
780
1051
26
98
30042
12756
3564
1142
2163
266
4386
2787
5562
2775
15511
5994
3670
3903
8217
495
350
1678
879
701
238
1291
645290
1776
8294
5013
908
3665
448
1700
726
1200
1311
896
1070
1518
864
3031
1162
7257
3389
616
827
171
857
1181
7270
2303
299
1669
220
897
912
1180
3218
2276
10312
1838
1961
3743
922
883
2002
1568
11443
326
1456
580
2914
961
1153
1153
12196
193
1492
1208
3538
571
17795
306
612
1019
930
3313
9749
1267
695
154
1046
15
4023
625
640
608
31
1864
1705
1614
1412
1459
453
640
359
709
4855
1172
551
817
855
1753
258
6798
304
9563
6394
3243
10100
759
676
1029
501
905
293
907
880
1036
3605
9
5539
768
534
31706
3433
1160
25080
1166
582
535
7579
26925
308
432
537
2259
48585
289
21638
47
1430
678
256
169
1400
4920
303
138928
855
3445
49
380
4540
2288
2931
31861
732
1797
945
1012
707
1467
1380
863
1930
60
1437
2568
206
1500
544
2433
1521
32
202
5976
246
4838
4102
605
6279
560
251
2691
3192
6328
1328
140
521
4204
1719
7710
3362
789
505
13919
978
2639
373
764
2440
266
666
390
352
1249
941
266
1447
346
2906
15420
1592
322
1263
710
743
805
1068
734
1385
146
776
938
3238
4790
735
37
749
2413
233
1434
859
15872
929
841
3376
3826
3357
5592
920
225
916
650
338
1200
955
2043
4102
362
37091
1003
1929
599
867
4947
756
462
227
860
37
862
171
1025
748
339
2658
3762
587
137
3043
1288
46684
544
1775
689
28749
226
884
892
28
1957
472
4128
2340
165
331
799
26072
1834
11418
1263
738
468
1670
366
2349
99
175
491
1141
939
4072
20
6796
937
78
188
1140
1245
805
2278
2088
1749
2576
9619
2528
1041
8781
363
801
915
17615
557
920
2541
1387
38825
1947
11082
907
1696
1712
1262
706
3816
6946
554
1909
273
1385
292
1199
169
870
748
713
1399
170
186
2108
1718
2403
15225
303
1391
997
245
2106
33219
1038
448
1177
332
1069
728
1605
1424
691
1509
411
565
859
38286
429
13
3670
759
1131
36
16
1500
5739
561
2041
2294
692
1720
797
1040
72
247
945
354
16
31619
301
396
1932
6872
218
9491
561
215
261
222
2393
52
915
1929
912
17
498
1348
2254
669
1179
615
71
247
418
1649
827
805
2673
898
595
715
944
560
4285
159
39
573
552
171
793
167
998
2897
1517
18
758
14148
474
36842
1153
371
177
953
1047
782
3161
605
1659
458
2160
344
3940
571
354
406
6177
2123
2320
2259
883
1687
557
358
737
104
641
963
960
2430
3628
173
719
1333
2835
522
26472
980
753
259
4742
184
476
17794
638
767
1003
893
1658
211
288
466
763
894
1080
2039
909
743
1612
388
536
965
5055
645
420
1801
623
13875
688
1813
674
10797
694
141
807
718
2369
285
836
2081
2500
2572
3740
14200
991
723
2744
75
900
760
670
1509
642
13429
909
2230
228
946
134
964
1631
414
707
2405
1995
712
107
601
947
1848
2113
424
938
1443
195
1
439
1834
282
297
255
2655
9
872
159
9002
1694
257
2026
17882
2167
385
2317
183
577
2735
278
159
15484
1715
1388
335463
3039
3041
255
887
1342
428
903
2214
1720
147
936
621
1298
1464
630
863
1714
3388
1667
3639
4
341
1205
206
3148
470
215
754
2164
966
322
599
7512
872
509
912
921
274
1108
2228
34
2668
1181
306
880
2232
758
2724
14279
780
608
394
1066
971
3208
1733
478
743
923
206
129
1917
645
727
527
896
439
7691
1815
613
973
856
853
1871
565
2619
2914
54
33
84
186
906
4816
3620
1763
580
17565
1404
2485
632
57156
3438
221
875
5475
15865
2561
502
1441
16
923
1710
1109
6545
948
1396
3641
2989
1457
70
921
792
905
1631
886
747
539
1967
296
64488
224
1519
653
832
31
5665
849
759
381
472
398
648
781
6357
765
891
3618
894
648
843
577
244
5933
254
880
12780
409
161
782
7086
593
1000
1379
279
1225
742
6313
4637
1601
561
3159
1150
329435
1436
2393
861
26313
1301
3853
768
739
548
11
898
848
250
1418
128
1318
1467
705
49
921
1362
574
838
1939
670
952
4448
864
202
860
763
3230
961
646
799
636
950
938
1778
23279
19642
2014
375
3126
1540
35278
380
4027
823
12
1402
131
967
2726
14889
686
1925
1227
927
1160338
612
899
480
226
1140
1075
103
139
940
580
847
771
203
4323
280
650
12058
591
3023
1162
558
454
703
1824
830
2701
147
940
840
606
493
9745
18753
31
1658
972
911
2195
1347
972
422
2671
835
1133
983
1706
3738
1578
241
84
3190
867
391
2071
1192
12
542
389
28
238
264
796
232
588
3623
483
678
1959
70
456
379
775
1670
8707
170
950
4113
436
726
351
1488
1096
13018
714
25
1457
890
5068
783
542
2362
2135
745
593
416
649
352
799
517
380
4400
16809
981
782
485
830
175742
3088
3747
704
643
659
1159
11180
1429
1447
11270
155
1915
744
8697
861
985
911
4028
530
672
101
563
1294
31484
179
637
549
1102
572
850
340
1030
356
283
673
2162
213773
47
4413
1551
15185
541
14216
982
1208
783
823
36
686
522
2731
35680
9468
1192
783
308
443
9023
2911
304
633
3963
693
838
15666
2221
219
4456
701
724
2678
649
557
2429
2973
269707
1891
947
120
810
352
708
248
1945
1137
1918
4681
932
3409
4567
31242
329
238
372
801
6716
276
2415
396
590
257
419
848
1172
2441
478
620
993
4215
116
852
572
3179
6038
1898
3488
752
4578
1493
502
245
3280
718
1410
8570
785
1687
428
1644
764
10451
1280
3491
338
490
1748
149
1038
727
1920
522
802
597
1411
1219
1909
21923
300
457
2248
164
1789
401
4058
4508
2140
66
5339
605
5278
1109
1248
44806
8417
1873
7656
174853
946
315
26604
828
10724
401
798
986
260
1016
893
2469
641
3
54
298
2525
299
1626
3371
3220
737
1684
515
265
2299
3519
2550
791
7184
828
997
710
1246
915
13512
935
950
822
2098
2885
668
747
607
42
445
64
1433
2702
578
785
321
3637
4142
5011
939
1003
427
844
788
764
821
40520
699
92
826
5278
376
443
312
521
19
245
142
10568
2178
901
2406
2476
623
6507
1384
1495
927
215
542
843
4501
1943
2154
39
997
1823
133
416
693
2315
792
17345
1129741
2463
1336
1832
655
2487
165
1361
165
3228
968
161
409
601
8702
238
3857
826
1696
23658
1352
1950
636
3616
12860
3351
982
884
148
611
935
1608
938
315
1440
324
1588
1238
2364
1454
3769
5597
14541
2038
696
745
377
34
26264
805
2560
2338
1704
1604
191
1069
818
2998
456
1649
2062
4931
11627
1322
369
685
5283
721
258
3376
576
1185
1674
5526
566
33
498
591
76
1702
1950
291
2615
1603
1763
1097
2415
243
762
1723
578
846
437
138
365
463
204
1083
1471
31
9818
763
1288
730
7248
294
1902
1042
3639
56
2087
2959
247123
1791
1180
191
10336
3047
1677
32511
143
282
568
269
178
760
592
252
362
916
11
466
1027
299
876
900
1105
922
750
425
1448
1143
3486
604
337
665
1141
231
64
833
17970
844
1087
777
1310
1945
1475
1523
256
847
185
1812
1220
1117
269
305
1191
618
1693
275
472
899
928
1457
2773
890
7
1037
828
40
881
572
1674
493
242
1980
940
278
198
963
5269
314
1452
184
825
1639
81
6936
1510
60884
787
647
23680
616
4064
906
669
3075
249
1500
1088
920
821
367
21276
171
22199
568
946
2022
4557
1646
1287
3149
521
114
899
6923
787
206
4884
768
382
614
198
773
280
4590
620
932
3025
923
678
426
9883
3011
9258
967
395
2214
836
952
557
4104
1173
20956
1571
1487
7612
587
2344
31
461
1984
68
386
157
1684
691
10258
105
22471
847
4311
808
1292
8497
476
1570
1061
264
454
1127
9471
751
950
857
141
822
684
994
291
24194
919
95
787
425
1027
803
6322
1110
1868
5501
889
1856
394
695
787
1321
1852
489
633
195
429060
5467
562
52
263
2622
728
997
462
233
15394
723
1257
299
1257
927
749
430
1132
1142
5636
1533
1770
8386
982
8781
719
970
820
828
1702
1827
1414
463
636
1664
701
792
840
722
919
1685
577
1979
643
14861
912
1121
791
573
118265
1659
958
1507
96
5665
68
529
13026
1620
1035
343
120
983
263
835
6730
50
366
453
930
639
3258
918
138
378
1180
4901
7010
3086
6173
855
1297
2241
285
912
891
79
834
3494
1716
974
271
3406
20627
45
7427
1285
982
10915
787
1846
471
10110
322112
751
385
728
344
1416
725
1377
239
32908
88
16034
183
5691
19076
4474
36254
1567
922
421
598
1253
1451
1440
574
1232
1538
1175
2194
562
454
1076
1692
518
811
1129
7152
733
2221
601
330
381
828
853
6739
4944
948
490
1851
296
692
1428
1998
1085
3459
881
766
80
1517
4262
865
5889
2381
1924
5767
1552
494
4870
498
2385
592
856
1162
48910
825
886
2342
2379
421
694
30
5399
522
1234
2222
925
747
2726
694
2284
2455
625
1093
344
737
33
327
11048
731
720
1289
1074
1255
822
1101
1182
973
75
173
861
285
2480
1399
504
5561
76
2385
601
2580
399
4768
1017
356
337
26906
1480
1348
36050
466
687
62
1038
7762
4115
1613
1149
4584
1509
1235
519
207
1126
409
3178
505
980
4533
13449
1699
521
12229
608
213
775
550
945
2451
394
3983
5385
659
635
520
815
11853
819
528
3689
1278
9997
423
1642
867
1177
186
8253
1057
1690
454
3723
30956
711
816
62448
264
813
467
682
2087
162
1697
2217
1683
399
3243
970
783
1189
2720
26862
356
92
1568
2422
499
19613
564
1485
2798
413
71
5079
16272
1119
319
950
19643
850
644
5038
524
887
1222
730
3210
87
968
79619
988
2192
5368
1666
91
1222
2258
4128
2975
31651
76
792
4255
6296
61
324
751
359
597
750
724
931
1066
349
352
815
1119
128
4735
122
721
899
665
257
417
24132
1353
122
690
151774
711
741
1026
340
923
931
2505
5638
33546
1138
321
959
551
1154
2397
1053
533
816
1624
1517
3393
1733
6
1856
734
888
953
7020
961
3755
931
387
918
724
1938
281
928
2189
2069
595
849
457
627
5683
611
3100
802
997
540
114
805
1148
353
905
545
727
908
961
7854
692
14382
1500
564
904
1238
2202
2892
352
59
3248
3579
124
701
1540
1654
621
637
5480
6
447
277
1546
3897
208
611
488
65251
935
512
7980
512
2748
502
657
2629
1490
1209
989
2352
5938
1264
2999
5324
930
420
1031
2004
3449
269
730
12984874
941
6393
631
548
435
4540
453
835
1077
1025
797
1064
981
653
696
2358
1388
1494
725
9732
2625
8316
863
1330
129
1905
1288
910
3086
1280
7751
413
1552
816
563
301
4482
498
70
4680
1249
3450
318
2693
474
439
11087
349
1798
2568
4642
2198
1619
1535
572
1798
576
3841
421
714
416
427
517
944
16751
201
1193
541
5494
524
54
4972
197
947
923
800
383
791
1205
1676
3456
254
923
17
163
29858
15994
909
1546
1625
1593
2083
3859
1195
880
11038
194
3580
965
44
1617
3964
1075
757
11461
13
5582
478
4812
2284
3336
3036
3152
625
10832
381
400
745
470
284
24
17983
399
680
1404
3229
455
291
6134
996
1454
1156
558
61
288
276
10799
574
505
999
700
1653
1731
386
742
1597
7825
521
3599
1775
1299
699
984
166
73870
11082
938
664
163
6615
5522
1637
5964
3815
1172
478
168
2010
824
1321
574
429
1483
102
922
2684
193
546
3767
404
525
313
785
517
876
6221
1376
480
4131
1099
732
833
360
2788
267
1209
1799
8096
794
270
1452
366
490
797
575
272
130
738
50
1622
148
534
475
659
339
671
1010
1792
287
5470
831
8774
1218
875
256
3541
2366
1284
340
338
1335
2782
12
1328
427
483
982
1934
14976
365
379
565
590
1440
71
630
320
2838
3066
1789
988
1834
766
668
6657
850
7783
9741
1570
1514
865
1084
417
169
338
446
2296
1832
91
10942
1847
1449
54
770
939
293
1427
1543
742
942
57
1119
672
154
102
596
2954
474
922
551
720
3275
1691
1050
2039
754
526
278
693
1429
900
1058
463
882
693
19750
322
912
1369
626
8584
450
850
83
897
1281
1700
1135
39
4894
881
88
2850
690
11
452
974
4365
27999
4832
2007
11781
1050
974
964
1610
1932
1973
747
707
378
494
627
21
872
563
686
6388
892
889
986
507
1634
2365
761
1157
884
964
258
7485
259
9363
380
867
250
886
70
10600
957
810
689
97
458
3440
821
2413
75
102
777
843
864
3760
972
1224
1863
84
850
554
1338
1227
66
520
939
2251
1029
2975
1362
1567
1447
318
827
371
5087
69
471
1916
346
862
1416
276
904
245
886
352
476
1939
1462
25
20804
684
999
12955
8
1563
4542
1324
14
542
1565
9277
465
1111
2091
328
2142
1551
40
109
1652
195
1584
6319
1170
292
1370
966
1620
642
916
1879
165
1583
896
672
1820
522
323
1352
733
635
3889
691
760
9208
2940
1890
6716
857
132
1203
43
57
636
572
887
3194
2274
1223
864
630
9849
764
895
754
368
2273
823
53
1861
3591
475
1
926
875
2823
1352
382
394
2054
4077
10803
292
157
4150
969
971
1016
480
815
1944
4295
747
266
862
1623
936
1805
4031
807
8306
590
3701
20
33772
1225
2559
903
1145
4763
197
771
2440
696
3104
253
1061
2292
3350
25023
254
877
340662
960
1056
5800
440
2905
82
810
6637
1693
3343
643
817
787
4551
26964
9648
4430
2115
938
24346
678
99
442174
402
1570
538
5496
1519
1080
1840
72
429
1002
647
619
399
457
31279
481
578
856
1083
468
362
110
4023
1102
391
342
977
756
755
506
1604
172
610
782
2767
1518
800
1059
1385
67
429
986
8957
1056
1618
3329
352046
3549
878
354
8
625
873
2044
565
36
5892
3576
100
1439
281
211
678
2923
1205
859
1000
1189
486
32
9394
1278
124
498
5328
28
9546
749
2410
245
40
3286
283
56
20
2874
265
658
1474
463
10335
1562
518
321
922
389
2363
394
2361
799
113
1011
19446
138
4075
880
876
3907
546
877
666
144
343
763
3567
338
3109
95
4300
808
255
4956
202
1427
2243
732
2798
2080
1315
1438
2492
985
282
1958
612
3616
490
485
1511
4521
513
141
2109
225
233
715
5333
710
296
2231
908
1797
215
5896
924
402
876
411
3488
750
656
1119
2324
221
13208
186
2151
1965
3350
574
2114
2515
868
787
75
2363
1670
485
9182
694
4230
1395
211
5
595
606
695
187
3704
339
16222
261
1049
982
1699
1055
4884
30921
415
2519
2291
423
270
665
381
257
559
702
2033
367
653
1936
814
201
6455
933
1019
656
127
2828
655
1113
2729
934
5394
397
667
3742
3059
1046
234
848
791
698
2234
309
233
518
12392
1022
12198
296
326
820
35931
130
1164
199
121
1761
12094
668
63
4287
1933
8
1731
1693
2303
217
619
831
1067
464
15773
821
526
610
23786
1547
3372
757
2148
1301
907
658
786
1184
941
891
1327
3806
864
225
181
448
317
15888
4911
864
235
2346
970
13
438
848
362
373
240
986
675
926
659
676
175
5987
622
120
1473
391
659
789
4738
1052
322
412
559
11471
60
523
119
341
481
330
1525
254
10365
419
1309
1028
12329
735
3796
15018
4130
70
116
2376
1064
1377
2085
3486
598
213
1014
338
1150
605
286
1025
3062
366
99
201748
810
1615
924
1687
2150
869
2317
258
554
450
652
2
766
778
834
36494
30
1201
1987
1520
662
432
912
646
880
1272
2299
1216
1950
829
618
3095
687
1365
879
2496
1849
2868
236679
2766
297
1305
2147
2009
1865
973
550
1396
500
2349
1416
191
1461
811
1197
981
361
464
752
706
1384
858
885
3393
67
3093
678
6668
843
3842
599
637
968
4098
12400
426
2118
4917
333
246
1077
320
286
988
496
670
9751
7395
3442
3955
2091
344
1819
755
640
2622
1640
552
1576
9321
1359
384
967
1016
1184
861
593
273
2529
7225
8925
12760
6654
3943
7257
643
4632
3077
250
864
4256
650
253
1284
1664
999
2720
30
14518
13826
268655
769
652
3252
3187
8643
911
1316
544
915
636
447
868
49
855
767
243
12836
4816
800
659
932
2105
1371
6288
5554
958
1154
746
456
864
1572
782
2653
717
2006
2152
2284
1530
590
1070
8204
433
4094
5471
3409
524
3573
43
22514
305
1333
435
3904
7912
2262
3660
1122
752
4672
8830
495
903
145
1427
2478
4530
23600
639
1863
939
5138
1363
19759
3026
489
1027
584
10697
201
580
15
4484
4942
593
653
118
112
678
10865
886
1078
1601
3030
125
906
2794
7725
671
716
5687
2003
41
550
63
22009
3320
33925
970
17268
1570
1803
1720
1601
5385
87
892
456
1559
2179
1086
467
742
1331
355
1692
470
302
1714
422
126966
9238
1298
4758
947
175
2311
329
1520
28464
528
736
518
823
2169
412
623
2787
966
1086
1040
858
736
475
1784
1202
11
1050
9917
1179
3529
1868
325
1328
1479
485
815
4759
69
563
1624
1987
1635
6218
18976
86697
610
624
921
706
491
2795
72
9290
1506
15034
1202
916
722
389
1194
846
972
9246
1792
817
665
667
647
1494
4630
4243
1490
818
9412
116
1209
4899
905
1233
2140
657
692
155
483
2088
207
1099
3472
790
16015
254
986
3441
1440
939
1003
1510
2434
258
371
410
380
898
648
786
1551
866
954
892
645
107
1284
896
334
234
738
1678
4405
18724
862
762
602
942
711
1463
18505
39409
953
77
868
834
200
1317
754
45
974
6411
1718
222
1719
630
2215
5616
1140
781
857
2042
1723
371
473
537
6771
820
401
6006
327
855
609
1224
1157
5275
182
501
9034
259
945140
697
3195
195
2445
197
16
555
933
487
139
3483
401
1775
7531
842
281
3260
2328
2066
383
1642
476
17286
905
4834
1285
167
17507
909
3541
789
622
139
771
1862
306
3782
1160
712
573
1737
971
926
5175
498
772
238
919
634
776
10007
668
5
464
542
1101
5594
65
565
493
267
9513
902
3006
684
280
561
592
2940
781
543
399
2055
741
1903
1959
3709
820
543
579
896
1056
485
3293
59065
2342
23
965
1396
993
13032
1318
515
1257
1235
423
1361
759
590
354
1146
4536
971
147
1482
1726
4283
465
1303
335
246
1528
713
624
19110
1820
739
989
266
1304
2192
783
18531
193
816
1706
889
204
2663
1383
57039
984
9426
972
1137
1409
483
733
1295
8912
17647
712
25
1542
302
868
276
750
215
738
25464
895
556
951
8217
891
2381
1665
2976
124
541
1252
4284
584
388
1926
2678
1226
876
708
349
11327
698
1017
4945
657
989
2598
776
1561
25
235
642
1721
22
1178
5728
279
3489
6268
5145
826
2191
5364
1526
610
306
868
328
4235
22
1431
33
180
533
101
751
914
555
1268
42342
1108
3909
1055
1365
2725
11295
467
889
1451
37404
219
2081
1496
758
547
286
837
4503
521
4157
1191
663
1137
397
1501
373
678
975
504
597
539
1143
1526
17030
893
194236
987
249
1557
15
1450
502
835
513
1588
220
5
2524
648
297
1668
8094
853
2398
954
922
735
679
816
23107
1364
378
2742
1095
751
1032
543
1694
99142
3717
5046
9196
208
1167
1708
621
841
1076
1543
285
160
967
266
794
3450
294212
399
11565
386
125
7884
944
252
395
244
831
256
930
930
1316
1376
949
908
1786
1420
116
1166
183
1262
3450
1870
196
186
3452
243
593
1592
119
1374
6617
3843
588
351
257
6949
103
324
5823
391
5762
2738
311
924
9283
951
21168
923
864
76
813
1408
890
2865
533
903
58
11586
38165
873
1672
435
1038
2005
1507
1512
441
12673
11943
966
354
26624
347
253
108
875
557
7888
315
13
502
707
131
993
1316
73
688
1886
2590
7237
8337
18150
150
11284
2220
1565
2239
2964
887
1829
564
594
2202
6290
1872
501
829
9520
26611
194
3328
6804
298
16804
220
1990
777
881
260
7293
84
1078
659
3746
609
3904
16308
2071
358
8930
3317
2436
11282
4027
1317
6573
557
150
2665
921
5656
222
1243
65
5955
1592
1832
4921
3365
236
889
344
307
2350
678
2147
106
2089
1982
3075
919
2377
1733
1719
1319
775
1169
47
986
6738
1660
3040
1629
1703
450
872
439
3129
9128
1027
569
571
2070
448
644
1387
107
1307
411
10155
34722
1531
587
1658
5869
1035
1745
1291
1635
381
191
823
9476
6272
755
400
745
3238
15996
4481
1158
891
2324
3411
1782
875
964
1427
232
186
705
268
2219
880
358
1005
934
2045
109
644
364
1446
16
752
31298
208
8239
279
1330
201
2096
224
1763
5224
364
925
13
1105
812
77
10788
532
5348
909
23297
71
9128
6604
806
657
2194
5033
316
1799
535
219
388
651
700
4818
24251
591
637
1159
588
2838
2544
1327
153
20230
962
478
72
970
160
4275
506
96
1020
1317
1034
1415
484
314
3057
3112
1821
997
887
432
1002
535
1003
1594
924
640
4089
110
3939
4290
1602
590
851
478
985
1321
602
1420
84
3294
3929
471
2383
2446
3341
960
898
1671
686
548
707
2323
1018
549
693
497
12051
952172
3570
10758
1163
183
1355
24105
3722
2370
1963
273
818
917
834
309
208
16631
165116
574
127
341
4098
2044
1554
775
719
1202
588
829
4905
1148
1294
502
857
5069
370
875
1075
6509
107
8387
177
2504
814
1624
457
3203
699
438
10228
837
1347
911
18101
3799
921
1059
467
469
778
364
298
1333
1275
554
5204
765
5941
2602
4298
3896
1226
1691
183
3560
112
2227
2287
664
995
717
2513
909
747
821
697167
60
1202
5414
262
1528
933
1638
8355
2306
17
512
618
2442
309
13554
962
2123
468
918
1162
938
1284
19190
162
993
498
3150
1950
529
324
167580
669654
9605
87
1743
670
707
196
3663
1099
839
615
515
277
954
1135
503
928
895
496
165
5097
116
1059
181
119
1629
774
4151
611
320
16362
1709
286
800
599
85
529
1457
676
160
779
2268
59
195
894
927
532
1111
9406
561
133
1766
1053
97
2501
805
2032
675
22011
1489
307
210
940
1185
431
634
7633
186
8339
1905
321
796
616
759
928
570
255
332
430
1576
278
552
820
397
3228
98
14890
381
976
131
2273
886
6630
19
4621
806
133
2904
3228
396
3866
218
1916
1401
2357
3325
2747
98
805
783
6
706
842
452
1925
1273
733
328
1903
1440
2704
196
1416
384
428
1085
20391
1009
995
32641
12215
1779
1623
493
509
18107
10516
717
869
357
1462
3934
1676
599
1051
74
725
208
55640
3227
1714
1360
519
999
1167
489
720
83
2239
7348
613
603
726
63
119
1793
7973
766
48475
853
336
859
1094
274
249
644
413
3637
123
500
464
559
72
14721
112460
957
345
739
3470
731
1090
366
2592
676
537
685
880
962
34
1327
532
3704
644
1047
174
965
1377
1515
948
1649
1277
467
855
247
1754
1034
1685
272
498
3601
15884
6928
87
852
1814
262
395
1596
5092
1387
4799
527
468
982
891
3863
2276
161
856
10109
1826
2708
471
2127
535
3386
170
459
5728
823
1829
5818
384
642
806
3240
438
1171
35
51
2432
757
852
161
3745
1663
1927
683
1378
574
1813
1529
1202
17549
56
398
2485
446
9
789
1039
877
3283
198
325
822
981
1157
499
529
204
21826
399
1849
207
211
828
1658
633
2235
10131
20330
14235
381
804
1525
4168
480
564
1451
422
2732
320
10582
1481
1065
1136
5333
1340
2377
1751
2261
617
1685
141
30252
1205
483
1653
175
2764
974
4744
494
342
1166
509
1562
1046
114
788
2334
700
355
1197
673
10147
843
62
922
358
589
409
155
1656
144
2765
933
357
365
912
2506
780
12892
18032
1013
893
232
696
5374
343
2580
192
2560
409
604
490
477
40
821
855
1084
114
1695
414
771
454
1912
1792
214
987
1055
1856
914
1488
16291
466
965
668
1335
1553
354
37244
303
610
613
418
228
10461
1630
3197
928
781
183
406
977
1495
1959
294
879
1278
710
4266
602
1393
46
658
1414
684
52
501
353
17156
1308
183
897
22
715
3007
860
417
15480
1445
236
443
40
2749
1324
1933
197
1255
2553
1554
42468
195
15477
1560
697
372
7173
171
7
269
1155
3736
1525
478
231
626
1840
693
1856
1197
135
1600
580
3354
1241
254
758
13901
571
573
899
983
689
881
3605
1885
428
8914
481
6520
6978
595
2805
2374
6289
682
739
879
1964
3093
1344
313
20897
384
2198
503
1670
1625
1357
1516
555
2297
963
831
547
23555
493
378
272
332656
2742
1099
206
4044
3414
1942
4699
2357
1765
1015
844
13903
722
2090
687
363
773
4185
8096
469
907
4296
1537
293505
436
501
1000
1705
23690
773
2538
930
171
793
422
713
966
653
372
1723
1462
16304
652
386
71
1554
509
964
1174
455
462
42
707
1217
5777
890
3891
825
221
350
793
2262
3423
180
1513
853
594
6504
1793
903
137
11173
531
728
2369
655
2111
542
925
323
1394
406
1453
1644
665
359
4911
351
11176
2332
54
11223
26
1678
1985
4172
3025
523
4979
1794
293
1282
371
2313
1151
500
10231
207
994
83
282
421
565
618
148
319
2413
2883
2706
22990
795
2143
949
6231106
2613
343
923
319
716
1557
526
698
3145
861
141
1515
1212
16140
703
204
128
181
5745
1140
708
1935
922
1638
728
731
1883
4830
949
1158
2902
3136
2489
1020
1240
369
1355
1330
1736
1339
1304
2716
206
2061
222
247
782
293
437
12512
9401
1205
762
1930
5882
697
605
1731
195
2729
8810
5259
1727
1610
910
12354
527
1993
201
2939
576
7183
2690
2952
2318
20582
713
242
1685
1682
2205
251
259
804
345
659
15928
1257
471
1327
1084
629
329
12671
157
286
553
10412
633
1963
1173
18712
21438
360760
889
782
2074
40849
6452
3683
1101
556
89
73
6149
855
870
148
717
287
913
44
295471
4184
4728
187
1202
820
2574
836
1082
43484
1974
920
2039
205
645
325
536
671
1887
1411
1443
396
3861
1725
598
4093
1200
1622
605
961
2525
2553
553
2986
818
853
637
525
1547
1631
257
1108
503
490
1611
1633
127
1402
1124
377
878
83
5606
116
445
792
4964
1192
1161
633
1512
125
2862
235
1701
231
866
1540
382
870
585
468
609
274
1822
121
1298
321
387
1799
706
1127
519
271
1703
3017
8806
625
1354
2228
124
1303
561
1986
825
30022
13219
695
282
2189
579
1645
2677
627
331
455
824
1148
526
872
885
3725
1047
192
3981
1192
887
4000
917
227
2377
1897
90
228
351
938
121
955
2355
1441
1773
562
2750
1443
1024
898
1109
479
862
15865
771
146
98
1027
106
956
195
19185
17452
1115
30541
1299
416
3193
676
405
1437
2814
849
918
886
604
2135
177
19380
667
1329
1112
1533
5567
46
227
15981
499
641
38
4659
974
1707
422
2790
661
14259
875
953
1647
22
314
2502
1492
18
495
967
106
2558
240
134
759
5672
379
137
351
1029
663
830
2242
591
5119
3790
5993
1732
666
38028
5322
1061
109
973
97
1071
783
355
778
400
3054
1469
3695
362
953
1016
964
2472
1430
157
3052
2841
6256
7562
1682
1004
439
868
1490
1956
12853
605
1692
11258
4253
80
1523
516
596
980
787
1751
1944
763
1041
251
579
1309
2023
229
1505
465
950
44576
2066
9991
519
467
3928
244
131
2329
1914
2688
1073
453
373
599
692
751
939
1167
1135
2252
6061
625
545
14341
1806
462
525
664
469
2083
2815
715
805
3645
298
972
980
6867
5457
1812
1875
10181
928
3607
923
2904
2398
663
722
787
5013
646
1623
1535
681
541
666
285
3445
3241
572
778
850
1628
25
3197
23
5799
3244
1518
443
4194
1336
1399
560
657
137
463
535
754
3211
1491
3176
3411
123
49
917
437
37093
218
736
1384
1509
836
472
2366
8
2051
395
120
1621
1699
1622
395
37
373
30964
696
3083
823
1242
971
31717
1950
2160
641
1312
694
14369
536
1930
22957
3531
244
2067
699
996
372
8510
947
428
140
676
277
712
1615
807
1819
553
4735
233
943
1596
747
1017
954
64860
23
5053
976
6117
833
835
1966
819
2686
501
975
585
387
1638
41
1509
156
1186
1017
890
1994
204
988
1222
1215
502
717
700
1258
376
3866
497
1011
8539
21124
700
854
1157
688
1692
656
425
10764
2899
693
211
936
68
1566
6701
1948
9857
137
1082
1684
695
799
537
1197
6951
2774
3138
614
682
925
2618
1271
135
3289
698
481
1010
105087
1046
6796
678
213
535
152342
2083
567
1434
703
1313
3089
272
3058
2941
670
20260
3836
925
11864
553
651
2073
162
1671
1645
628
13020
49
2544
2899
453
738
345
1104
1508
3383
122
3906
3883
2231
927
10482
622
3148
296
207
1014
797
585
891
828
3083
296
939
380
1617
749
1356
192
44
10815
2794
272
1068
5768
1498
1394
5336
1456
2942
3803
1494
190
12918
916
584
1499
1545
7678
859
263
1493
376
3446
3809
8338
103
3144
1100
1126
34
5351
2994
607
1638
982
2121
113
1708
1466
2831
2277
772
762
5326
7
494
583
213
4392
97
5085
4460
1012
11886
2587
222
1721
714
636
8
931
1226
7243
119
4166
703
1397
237
1135
380
688
2881
513
873
860
569
1944
1569
3757
1386
2142
736
304
1163
1728
1622
695
15714
1056
556
5434
107
598
177
1855
3830
194
32929
1055
956
3093
2824
77
14931306
205
36971
5825
2865
5219
1129
601
34166
89
4682
43
105055
579
339
110
827
1156
1076
19704
2972
664
1991
835
709
2245
1449
116
1514
540
20017
11307
1342
590
540
577
5187
5637
6774
965
427
925
281
3603
1171
713
114
223
476
3223
871
1675
774
657
929
22704
3120
820
35719
476
318
113
260
1931
1092
1930
679
743
509
1245
428
282
785
1244
3888
597
145641
6757
259
966
551
461
1803
785
1143
293
896
367
1285
12525
3699
375
394
4734
432
224
1574
642
214
1566
581
3223
565
1542
655
1457
4140
4652
3870
444
51
608
712
361
924
183
3663
458
5024
2976
5861
1395
11037
2098
1750
354
2112
492
572
4192
241
543
341
1697
134
2677
2814
953
1448
563
965
154
909
24
161
4958
1504
1963
701
903
163
435
3007
296
928
1160
876
3976
368
1400
89
546
1003
1141
803
668
734
1764
1253
232
343
1305
1493
1893
1387
1679
2164
1509
8853
2290
411
542
303
2532
3177
916
895
1653
14879
2989
954
825
947
1246
1501
961
713
74278
158
59
786
2959
159
2086
636
1040
1955
530
5320
493
178
525
929
1334
1900
3751
17511
832
966
222
221
854
84
3828
1589
1246
2574
5705
1794
2514
884
1463
1028
720
786
1108
5811
737
132
3715
1764
5135
846
3577
2044
97
527
1491
1592
9998
945
623
1674
602
908
570
898
238
2750
977
1142
2030
1579
614
6676
4902
908
249
861
84674
982
2295
3252
192
1162
2802
6254
668
1039
3097
1299
988
698
526
8770
958
12066
190
170355
516
426
1207
820
478
3244
2199
307
50934
396
1752
896
941
129
20828
837
934
521
289
664
780
19232
1722
974
384
272
3275
6703
5080
714
815
1486
104044
753
142
657
1775
967
1148
19842
991
11415
2609
19
1115
1225
440
1034
576
878
3367
452
34145
703
3747
3278
444
5071
661
123
447
532
566
837
227
847
900
529
1155
1222
13518
6172
2347
761
883
774
449
4680
48
5901
757
5394
929
882
1595
2413
2048
4271
171
1159
2567
16565
2019
567
935
199
125
946
5312
5396
449
192
301
426
477
1082
592
550
868
938
204
3232
6102
2158
277
361
629
30508
429
2403
4205
785
906
727
576
4697
4088
379
1119
5576
1362
255
305
2075
31408
3032
1032
2265
1440
1959
769
242
254
892
2652
2726
1852
542
571
2842
111
1038
2523
885
543
1124
2606
27785
1325
1515
856
1713
855
426
1522
543
36733
564
669
1301
5937
356
1095
984
741
279
4845
767
2180
2911
569
6
371
1212
622
921
27219
725
3258
1050
877
491
94
889
14135
1994
256
1020
944
7167
1175
1518
941
574
19
543
38
673
684
675
7894
420
7418
1576
10215
1864
1409
255
3858
1528
1311
1304
56
2097
1231
28081
2471
224
1768
9006
25029
1336
816
10
950
705
1160
965
4345
1402
3542
681
1504
8173
2739
295
650
891
727
4407
688
276
1105
1070
267
801
6903
1835
4998
25
2731
105
2995
1869
1325
9480
511
964
1237
21456
413
13644
7109
8674
426
561
852
300
2935
893
103
9
935
69
1377
3408
2614
35968
498
2065
854
224
125
665
7836
422
658
760
7801
428
254
375
6816
788
4069
1569
836
35443
1494
750
404
1990
1449
833
587
710
640
4090
4984
1618
1384
4304
2671
698
1182
2369
795
1721
2657
668
1189
1374
1607
3093
861
853
1803
838
2517
637
779
5212
1059
439
343
4876
3239
954
603
419
3808
6146
733
1263
1232
948
1508
334
886
885
2081
760
1014
2911
1750
223
2224
948
4234
1490
444
937
988
673
779
499
1163
6324
429
694
35
519
975
590
1542
2500
934
312
266
719
1367
525
355
329
812
3892
896
3379
580
3104
19906
215175
6461
1223
988
392
963
2639
1320
722
6786
147
778
1893
469
724
100102
2756
980
528
317
394
1634
3241
6942
648
1682
257
546
936
339
939
324
16342
563
1518
592
1380
3602
531
406
752
1504
146
338
27321
829
1921
22595
328
582
428
3395
844
1740
16785
820
353
948
19340
24391
2200
653
583
949
1237
797
328
719
1240
8005
1584
5215
917
2382
22
197
747
2314
2588
295
712
48
105
1076
485
400
79
1418
855
992
299
22918
2291
9661
624
1004
263
478
326
696
4902
9564
26
606
121
465
866
5724
928
139
350
3565
205
1247
1527
290
2322
791
184
114
441
556
10950
1078
401
348
6606
708
1486
710
447
2986
991
701
971
3461
5004
528
933
109
952
55
383
932
5394
2242
2698
2206
4131
184
597
4041
434
6982
1451
1230
2979
5340
569
2243
1100
629
67026
335
1484
228
1979
722
1846
552
4850
3202
2634
2604
293122
4984
2285
5422
21794
3653
184
1699
1273
319
2837
4789
3344
128
1372
11069
959
878
732
644
991
575
1747
2425
1618
420
681
947
1163
3059
512
14032
10703
16
2372
764
325
867
963
2896
775
209
990
14487
578
1254
1197
1498
895
7936
141
2239
1802
1436
1096
542
1313
1171
8220
914
943
977
784
354
1108
730
156
129
3393
612
349
743
619
3719
174
1137
1461
944
116
2497
578
464
1514
309
860
579
1629
4508
3578
6860
4486
1112
1182
2098
3196
24867
543
703
768
452
226
394
13275
725
603
4845
5699
1578
875
1311
3485
1091
566
968
299
789
3067
797
920
802
310
457
438
8770
6222
8464
861
908
336
22757
1630
7785
2461
697
1737
738
594
1745
500
1563
6538
810
81278
153
3553
629
4580
2438
763
5604
665
68228
2878
660
988
1882
755
486
288
842
949
987
608
932
4009
5101
204
557
467
319
1376
32
17873
763
2196
1617
29
116
1173
1466
4926
1339
513
540
1800
496
371
1513
6667
253
467
330
482
5667
3125
393
61270
648
1643
309
4789
1624
527
8078
722
5066
981
34435
810
861
633
828
2537
1389
773
94
1382
664
1107
1923
2125
842
2675
8952
848
190
732
1009
88523
1747
438
6522
603
17473
915
536
526
98146
2062
2130
1275
15897
3523
2176
986
605
36
1050
6453
3188
730
875
924
8399
803
969
652
992
1007
4451
882
4203
245
4474
634
5485
1037
791
39288
1294
2893
1492
2707
2923
463
1092
1655
937
693
7087
887
324
627
2744
580
954
485
2553
1891
337
2800
1518
2257
34051
112
727
1842
3259
590
3980
254
2877
3870
565
310
1119
2166
612
1129
884
8231
279
3044
999
762
377
550
584
5114
1292
948
38
232
1381
3136
78
317
705
867
330
1211
508
2041
230
701
3273
1126
3546
1871
194
942
1267
2529
350
611
22535
9865
946
4271
239
760
15997
5971
5239
4264
3452
24
947
353
4325
187
271
1393
374
1177
3151
11920
2898
280
22102
393
1630
729
63
925
10678
870
18
4635
404
451
1518
853
75300
183
31538
747
2324
2453
154
197
7925
929
826
788
14633
1397
15282
1777
5118
195
1048
1013
5849
701
766
539
63
2426
653
326
7975
822
2041
1288
813
1189
1029
1463
878
11749
432
1402
2383
10920
856
2190
2039
806
328
533
318
1702
950
354
2927
748
302
414
2960
252
500
1162
706
49
1373
737
288
1011
260
1300
1094
6650
1784
322
760
1276
786
1602
29512
929
2107
2406
14961
692
793
988
308
3720
1504
631
786
1877
1127
3457
53
485
996
345
6
2617
2993
2086
8150
415
3999
722
5773
250
1481
359
120878
528
332
1046
321
453
2062
9959
328
825
1663
126
827
798
11095
1687
2277
28
1367
221
826
1113
1611
817
426
3623
2505
984
11462
1289
4528
7521
4846
3547
358
110
3940
629
251
4572
1103
1399
18482
582
1596
23926
6655
699
237
680
776
182
6155
15823
804
6313
166
3233
1004
2354
56
131
182
47
2077
5105
899
36062
1416
29605
554
5670
739
414
941
975
38637
1521
87
2614
185
506
264
188
530
792
143
585
1760
106
1076
382
1490
1652
1659
836
562
907
5197
1240
1830
1789
816
237
2159
55314
648
1777
1821
22342
22495
524
1583
1552
58
628
28597
2295
6448
662
382
786
820
2543
1252
530
364
823
2481
1417
4256
762
923
2063
594
336
803
8149
737
443
1860
2926
307
3000
870
666
1432
733
635
4723
1225
1358
1469
1728
844
848
395
703
3412
948
13258
201
614
558
1528
4394
614
1592
1567
51
459
4120
971
1329
1018
1084
296
625
550
293
1305691
3172
939
2616
639
25646
265
288
622
1839
320
74627
1306
661
481
456
543
17709
1197
2912
38592
371
567
786
2903
2129
651
903
241
46
8544
253
2641
951
8976
27248
314
523
1010
3843
4164
219
2237
1332
1865
78
2754
583
2534
852
1303
488
433
460
156
280
145
5807
4392
1908
680
199
1723
11929
6417
689
10448
2866
799
1046
1463
1448
456
454
568
62458
2683
1211
1394
836
30
5872
924
63782
569
2249
23138
1614
1572
281533
4483
3008
727
641
5908
304
893
1526
671
3249
110
10550
2364
2960
56828
1708
1162
326
1290
797
9790
773
455
676
5069
1527
186
3927
43652
1136
4495
794
255
83
430
861
206
27145
1581
762
975
927
7660
442
1722
2546
1613
12798
649
436
5444
2850
4032
3791
528
1970
976
714
623
3737
4316
697
244
615
978
3307
1630
695
1514
899
5895
759
1130
73
946
872
949
875
736
333
154
532
905
2967
936
155
869
768
913
1097
3850
473
2144
1769
1596
548
540
499
323
7401
502
1105
902
551
1258
327
713
1561
618
0
14526
1537
565
6514
421
812
416
210
342140
657
383
453
732
6063
5536
294
1057
1133
419
1241
1540
844
616
4490
426
3489
878
29500
6222
1102
972
1564
1046
468
837
711
487
3620
475
723
1793
2111
4311
5686
1348
354
2674
1000
562
4270
709
5419
15133
264
253
952
3160
722
1000
505
899
1370
1838
80585
1655
208
12973
2783
2516
1830
674
140
1563
553
2393
1090
841
21854
384
309
4294
1153
4860
522
859
3731
764
1879
2224
1442
873
963
656
741
1151
1398
6838
895
140
4514
810
1297
1254
2190
4487
536
639
1659
7510
5838
1304
3692
384
3123719
552
1065
768
547
2432
930
24836
974
3907
17640
127
483
785
701
6259
5
985
831
20429
1654
40
244
444
1235
936
906
324
1342
1406
3129
6220
1993
967
855
722
685
1616
5357
837
1090
1233
1343
5761
2675
927
836
1647
13330
480
1638
41
20862
590
415
45758
307
4455
735
578
1034
6207
2765
559
78
1080
8281
639
3188
769
898
1573
1014
1020
190
767
7076
493
7423
608
1844
2030
747
3658
48390
111
1375
989
465
1135
399
1603
1018
739
817
702
205
675
1571
3999
263
2057
1851
2702
958
757
464
524
1091
1444
79
177
912
983
148
2255
551
725
950
1773
3167
154
1031
219
762
260
5327
1395
5049
116
263
1347
5550
538
5611
180
589
325
575
3156
734
2167
1407
571
1066
634
1373
3153
627
848
342
4345
1641
44
1300
904
2673
582
1377
496
580
23124
912
15727
1862
693
1456
6861
254
1831
4458
495
313
1217
5059
1615
1149
274
698
722
1982
4487
423
410
141
1439
4160
713
275
2411
89
1242
863
4189
2729
3819
327
2321
9330
18001
1168
1808
2233
866
499
569
3458
1995
1118
483
677
451
807
1900
4163
830
1401
2205
10556
1480
240
995
1039
631
67637
2163
2651
8720
180
40381
3174
970
6654
4937
912
186
1264
5104
1960
718
731
159
1052
58
7193
167
2616
1373
1369
579
587
12737
989
2473
964
233
703
1197
5179
2506
5493
738
2068
756
1657
682
654
691
1262
26473
711
123326
14561
419
214
1126
1194
480
1774
9334
9757
958
4024
289
415
646
4645
2050
1736
1605
1575
382
843
330
1219
2025
3100
710
986
862
1148
430
1479
2199
423
1636
1062
961
6550
2080
684
453
8298
369
6010
689
664
985
532
3228
1437
354
365
1547
365
617
1565
7258
1251
747
1546
388
941
5810
489
3644
1441
943
705
1837
633
715
1850
294
1923
353
1844
154
1130
333
1
25499
1013
174
1395
369
93
620
1058
106376
1973
1649
12464
2892
56308
658
5912
4528
601
663
294
639
524
1051
4442
611
1029
1716
43026
205
1083
252
886
956
1495
774
579
432
242
1285
3804
498
197
499
2220
955
970
355
2256
189
1775
296
138
137
200
1248
2874
658
863
1035
556
1417
1428
29733
14025
1410
832
8978
40119
1268
1740
1335
658
2897
426
1587
48
862
541
1966
13941
1999
10
5852
144
527326
535
2582
512
3271
905
1726
715
988
156
2132
4952
1084
968
478
1596
932
414
912
635
4224
1147
1979
836
3609
487
1089
11493
775
2056
1108
4675
1513
1581
875
674
598
293
931
841
545
473
1793
12722
502
1115
23151
485
849
723
9004
582
786
673
1181
2226
1572
21674
18548
6630
478
38
2032
7507
2224
982
4376
870
1798
1204
966
179
4264
792
1766
973
93
2079
843
826
1669
912
5495
339
519
5715
11963
1153
4240
950
2016
385
884
267
34291
1414
252
581
211
801
187
988
4231
762
589
5670
1501
773
759
916
778
13802
6895
455
992
952
574
303
945
3927
996
187
933
801
23
775
436
3368
15217
732
18137
3202
2229
2398
103
880
121
531
6741
507
1838
23552
1779
620
16296
1187
1411
8398
1606
837
1106
1432
197
192
949
273
209
2162
1156
767
4821
7243
1847
2311
1729
476
636
334
352
419
859
237
472
40
439
796
8734
300
940
1369
868
339
488
1050
466
2482
1545
871
3732
802
1041
789
1344
660
857
187
13002
22
767
100
394
958
768
198
387
21664
1137
3824
2424
10188
3826
1679
3127
7530
589
3017
957
632
1042
1701
945
230
2450
2335
648
2010
931
3521
6025
1523
35
1381
455
1082
127
1400
3205
856
743
1118
1496
810
20700
1210
785
16519
278
912
1605
1958
5870
4659
1368
826
2072
1589
725
831
699
1966
589
11678
46
1388
1980
489
968
857
206
4543
741
1520
1453
1829
335
947
637
934
630
669
739
10290
6946
15628
659
855
566
990
2084
691
437
2498
2364
8772
6113
597
9682
2482
861
1515
242
1276
26
979
930
1294
307
3479
2635
969
667
174
779
2097
188
402
615
3537
31336
1834
964
40
740
328
4653
708
7288
576
364
608
432
1018
688
1256
4027
1051
843
1511
605
2287
1732
787
69
447
1402
26208
683
79188
441
629
657
11473
241
669
1011
2390
1859
894
499
1955
463
1325
1582
759
1212
3611
306
506
765
1790
986
1496
112
664
269
594
683
71421
1449
543
1085
963
37238
605
272
3298
10157
3472
671
11211
838
2260
1246
3646
774561
758
500
604
1039
1700
78
2049
1928
2578
711
786
2418
293
885
1045
669
1114
6410
771
388
3197
1112
10225
843
7415
4371
5979
2207
920
356
1247
42199
1415
1630
896
1560
944
5789
769
1905
11044
3075
1502
135
1218
50638
1485
803
9458
143
999
655
10336
889
5584
152265
103
117
85807
4184
3123
128
212
3354
6051
1076
823
138
3907
2630
3196
1943
176
2791
393
1201
1048
23
265
123
973
513
563
376
642
985
473
5571
698
1140
2112
887
930
319788
946
1165
1132
3702
219
7
345
374
347
47
1019
13558
1291
1142
217
207
7287
736
520
3391
132
1292
2918
100
37502
1714
245
600
2477
902
920
1484
1022
2047
327
1
199
779
142496
802
633
156
3638
8408
9510
1384
833
14344
1386
13729
4275
209
2128
2475
6593
10276
612
1351
1741
1854
675
1109
15849
1096
153
9641
1275
687
288
1265
2043
588
1089
8396
182
381
943
283
1653
1568
1877
89232
586
763
289
965
2716
361
306
5280
1386
160
3057
284
18
3551
4804
2458
2850
980
6292
536
673
442
548
712
846
94
805
564
51
444
1294
1189
1287
338
1187
6060
210
967
3652
2025
690
973
5842
17
14692
191
1412
6894
3379
160
794
409
899
430
45550
743
8960
346
400
368
987
1927
486
970
1665
638
471
1920
937
2403
625
1337
1496
751
1744
487
3385
2047
85
3401
2842
747
2082
870
1780
351
3144
1146
3992
1588
2717
1860
317
2906
10826
15360
2073
886
507
899
36634781
202
916
3412
2800
17097
260
740
78903
6435
1563
597
4397
13835
1894
137
3351
2106
532
665
3249
804
564
961
790
961
1113
2835
1486
2774
635
910
4895
9523
720
361
1825
12328
855
215
359
645
634
912
22103
8542
1486
3944
1147
932
5635
3193
351
594
2302
571
1566
293
1860
5443
468
1315
637
4997
206
67
2674
1170
1088
1032
1005
5890
671
751
2052
5019
803
74
533
1345
489
3264
1076
307
6395
3257
1079
4686
860
2278
795
294
741
524
1175
172
881
472
2212
138
538
1154
6532
763
896
1485
659
8673
1167
288
717
372
852
883
1870
911
10140
14344
1838
32161
10947
260
73111
2475
1490
2243
1686
3081
866
20
947
2454
11783
15658
586
1817
1382
298
305
458
885
276
632
156
336
2082
1000
5259
34616
613
2171
194
514
1446
970
163
567
1028
2492
31124
2241
1591
377
3725
1028
19972
933
1529
4213
1632
807
16419
43802
363
177482
6747
1306
105
1270
11893
2126
799
3559
946
899
503
282
1772
2532
4791
979
15
539
1613
850
43459
560
223
928
1297
703
2498
2233
7644
5815
28
931
2968
667
509
5205
76
2359
4195
30441
624
86
42806
734
1770
938
1132
201
2679
284
858
1694
367
513
3256
872
630
397
1267
1252
1274
7151
584
2228
29117
1015
4846
681
528
13
11191
367
7319
785
338
2251
757
25470
670
476
438
442
1186
935
1503
448
579
546
714
921
1698
1516
1557
605
725
668
1904
3314
7548
434
967
271
1730
15225
3981
223
2587
980
1198
3387
790
232
9307
781
102
522
5718
1348
2239
424
3212
563
783
1763
688
3810
6707
2530
863
1115
1483
49816
4802
3018
842
9775
263
1515
105
89
1247
1829
3398
199
1667
784
1365
899
717
928
89
154
1013
1300
2311
335
708
1274
1510
594
12410
1273
1976
809
997
2980
16
1735
2364
1
1137
1818
1730
721
1284
1251
4230
1669
1063
993
19830
166
1691
158
465
892
388
22710
703
845
2401
323
8640
471
268
1316
4250
2140
196
279964
454
709
187
422
21101
3791
490
683
38345
312
586
3450
912
677
254
823
804
9415
836
2994
10736
965
3090
663
1802
22864
1152
7133
600
6219
1379
775
186
1491
1224
228
78
13670
1397
646
1734
729
234
994
902
16985
3256
1863
399
1019
2175
22113
428
826
14321
804
6538
1519
2841
12925
400
8327
2203
885
6750
6367
291
2895
938
8302
786
886
940
19132
542
11896
851
197
3154
2138
769
1254
680
768
676
652
274
475
311
1516
595
1961
907
584
82
841
830
376
837
1769
3840
2048
1135
883
5197
224
240
1520
2039
300324
1042
2302
4982
3670
1506
7157
434
608
5300
138
388
8284
17265
354
740
515
635
17740
581
3139
92
575
419
6028
987
1842
1274
151
1656
252
244
1993
797
3794
3713
1760
9786
4651
17934
3854
125
1553
1072
209
933
829
525
907
1510
1433
1896
4758
161
1143
772
1958
3170
928
431
1002
1429
793
1228
15177
1091
611
12216
16212
5084
3027
862
547
31545
3155
1004
3836
648
1741
6049
2461
602
385
1063
67211
1082
154
670
1604
1633
1551
655
1603
271
676
1599
2178
6824
1487
857
664
22
1349
1498
3052
337
10816
5427
1416
13727
3840
1069
5034
1450
840
3840
1754
1999
813
904
2836
256
3837
3452
214
46
7202
988
538
2879
234
940
211
6166
1229
2056
2773
1418
1049
783
11153
1725
12880
2097
531
888
1195
942
2259
1553
1211
2885
3113
2482
270
434
2466
6647
983
4594
3889
630
1744
698
1237
937
785
91
281
3315
966
436
3069
1060
211
877
3551
587
808
1506
10836
4569
641
654
903
2035
922
8323
261
790
928
429
529
415
333
751
15964
1319
12377
6533
1643
11707
647
2774
233
606
3604
1379
1775
6912
6406
954
45586
1567
2609
688
1541
4499
1065
538
650
1500
2934
17099
1159
30028
658
12266
39291
1325
3947
579
318
746
1299
4887
1594
747
1943
789
3178
1028
357
263
1269
1389
11720
4385
382
2544
692
7080
418
631
527
2683
4192
6019
7543
934
382
6344
2635
1736
257
72
1940
18305
1744
1814
404
1783
790
352
8116
358
880
135
319
1839
160
4193
3708
419
327
379
303
1206
1233
5605
2795
1471
1009
1229
2590
1158
2672
640
939
186
360
963
4157
590
281
469
793
469
3568
12453
1223
400
2374
713
2867
