1 98 99
1 198 199
1 298 299
1 398 399
1 498 499

2 97 99
2 197 199
2 297 299
2 397 399
2 497 499

3 96 99
3 196 199
3 296 299
3 396 399
3 496 499

4 95 99
4 195 199
4 295 299
4 395 399
4 495 499

5 94 99
5 194 199
5 294 299
5 394 399
5 494 499

6 93 99
6 193 199
6 293 299
6 393 399
6 493 499

7 92 99
7 192 199
7 292 299
7 392 399
7 492 499

8 91 99
8 191 199
8 291 299
8 391 399
8 491 499

9 90 99
9 190 199
9 290 299
9 390 399
9 490 499

10 89 99
10 189 199
10 289 299
10 389 399
10 489 499

11 88 99
11 188 199
11 288 299
11 388 399
11 488 499

12 87 99
12 187 199
12 287 299
12 387 399
12 487 499

13 86 99
13 186 199
13 286 299
13 386 399
13 486 499

14 85 99
14 185 199
14 285 299
14 385 399
14 485 499

15 84 99
15 184 199
15 284 299
15 384 399
15 484 499

16 83 99
16 183 199
16 283 299
16 383 399
16 483 499

17 82 99
17 182 199
17 282 299
17 382 399
17 482 499

18 81 99
18 181 199
18 281 299
18 381 399
18 481 499

19 80 99
19 180 199
19 280 299
19 380 399
19 480 499

20 79 99
20 179 199
20 279 299
20 379 399
20 479 499

21 78 99
21 178 199
21 278 299
21 378 399
21 478 499

22 77 99
22 177 199
22 277 299
22 377 399
22 477 499

23 76 99
23 176 199
23 276 299
23 376 399
23 476 499

24 75 99
24 175 199
24 275 299
24 375 399
24 475 499

25 74 99
25 174 199
25 274 299
25 374 399
25 474 499

26 73 99
26 173 199
26 273 299
26 373 399
26 473 499

27 72 99
27 172 199
27 272 299
27 372 399
27 472 499

28 71 99
28 171 199
28 271 299
28 371 399
28 471 499

29 70 99
29 170 199
29 270 299
29 370 399
29 470 499

30 69 99
30 169 199
30 269 299
30 369 399
30 469 499

31 68 99
31 168 199
31 268 299
31 368 399
31 468 499

32 67 99
32 167 199
32 267 299
32 367 399
32 467 499

33 66 99
33 166 199
33 266 299
33 366 399
33 466 499

34 65 99
34 165 199
34 265 299
34 365 399
34 465 499

35 64 99
35 164 199
35 264 299
35 364 399
35 464 499

36 63 99
36 163 199
36 263 299
36 363 399
36 463 499

37 62 99
37 162 199
37 262 299
37 362 399
37 462 499

38 61 99
38 161 199
38 261 299
38 361 399
38 461 499

39 60 99
39 160 199
39 260 299
39 360 399
39 460 499

40 59 99
40 159 199
40 259 299
40 359 399
40 459 499

41 58 99
41 158 199
41 258 299
41 358 399
41 458 499

42 57 99
42 157 199
42 257 299
42 357 399
42 457 499

43 56 99
43 156 199
43 256 299
43 356 399
43 456 499

44 55 99
44 155 199
44 255 299
44 355 399
44 455 499

45 54 99
45 154 199
45 254 299
45 354 399
45 454 499

46 53 99
46 153 199
46 253 299
46 353 399
46 453 499

47 52 99
47 152 199
47 252 299
47 352 399
47 452 499

48 51 99
48 151 199
48 251 299
48 351 399
48 451 499

49 50 99
49 150 199
49 250 299
49 350 399
49 450 499

50 149 199
50 249 299
50 349 399
50 449 499

51 148 199
51 248 299
51 348 399
51 448 499

52 147 199
52 247 299
52 347 399
52 447 499

53 146 199
53 246 299
53 346 399
53 446 499

54 145 199
54 245 299
54 345 399
54 445 499

55 144 199
55 244 299
55 344 399
55 444 499

56 143 199
56 243 299
56 343 399
56 443 499

57 142 199
57 242 299
57 342 399
57 442 499

58 141 199
58 241 299
58 341 399
58 441 499

59 140 199
59 240 299
59 340 399
59 440 499

60 139 199
60 239 299
60 339 399
60 439 499

61 138 199
61 238 299
61 338 399
61 438 499

62 137 199
62 237 299
62 337 399
62 437 499

63 136 199
63 236 299
63 336 399
63 436 499

64 135 199
64 235 299
64 335 399
64 435 499

65 134 199
65 234 299
65 334 399
65 434 499

66 133 199
66 233 299
66 333 399
66 433 499

67 132 199
67 232 299
67 332 399
67 432 499

68 131 199
68 231 299
68 331 399
68 431 499

69 130 199
69 230 299
69 330 399
69 430 499

70 129 199
70 229 299
70 329 399
70 429 499

71 128 199
71 228 299
71 328 399
71 428 499

72 127 199
72 227 299
72 327 399
72 427 499

73 126 199
73 226 299
73 326 399
73 426 499

74 125 199
74 225 299
74 325 399
74 425 499

75 124 199
75 224 299
75 324 399
75 424 499

76 123 199
76 223 299
76 323 399
76 423 499

77 122 199
77 222 299
77 322 399
77 422 499

78 121 199
78 221 299
78 321 399
78 421 499

79 120 199
79 220 299
79 320 399
79 420 499

80 119 199
80 219 299
80 319 399
80 419 499

81 118 199
81 218 299
81 318 399
81 418 499

82 117 199
82 217 299
82 317 399
82 417 499

83 116 199
83 216 299
83 316 399
83 416 499

84 115 199
84 215 299
84 315 399
84 415 499

85 114 199
85 214 299
85 314 399
85 414 499

86 113 199
86 213 299
86 313 399
86 413 499

87 112 199
87 212 299
87 312 399
87 412 499

88 111 199
88 211 299
88 311 399
88 411 499

89 110 199
89 210 299
89 310 399
89 410 499

90 109 199
90 209 299
90 309 399
90 409 499

91 108 199
91 208 299
91 308 399
91 408 499

92 107 199
92 207 299
92 307 399
92 407 499

93 106 199
93 206 299
93 306 399
93 406 499

94 105 199
94 205 299
94 305 399
94 405 499

95 104 199
95 204 299
95 304 399
95 404 499

96 103 199
96 203 299
96 303 399
96 403 499

97 102 199
97 202 299
97 302 399
97 402 499

98 101 199
98 201 299
98 301 399
98 401 499

99 100 199
99 200 299
99 300 399
99 400 499

100 199 299
100 299 399
100 399 499
100 499 599

101 198 299
101 298 399
101 398 499
101 498 599

102 197 299
102 297 399
102 397 499
102 497 599

103 196 299
103 296 399
103 396 499
103 496 599

104 195 299
104 295 399
104 395 499
104 495 599

105 194 299
105 294 399
105 394 499
105 494 599

106 193 299
106 293 399
106 393 499
106 493 599

107 192 299
107 292 399
107 392 499
107 492 599

108 191 299
108 291 399
108 391 499
108 491 599

109 190 299
109 290 399
109 390 499
109 490 599

110 189 299
110 289 399
110 389 499
110 489 599

111 188 299
111 288 399
111 388 499
111 488 599

112 187 299
112 287 399
112 387 499
112 487 599

113 186 299
113 286 399
113 386 499
113 486 599

114 185 299
114 285 399
114 385 499
114 485 599

115 184 299
115 284 399
115 384 499
115 484 599

116 183 299
116 283 399
116 383 499
116 483 599

117 182 299
117 282 399
117 382 499
117 482 599

118 181 299
118 281 399
118 381 499
118 481 599

119 180 299
119 280 399
119 380 499
119 480 599

120 179 299
120 279 399
120 379 499
120 479 599

121 178 299
121 278 399
121 378 499
121 478 599

122 177 299
122 277 399
122 377 499
122 477 599

123 176 299
123 276 399
123 376 499
123 476 599

124 175 299
124 275 399
124 375 499
124 475 599

125 174 299
125 274 399
125 374 499
125 474 599

126 173 299
126 273 399
126 373 499
126 473 599

127 172 299
127 272 399
127 372 499
127 472 599

128 171 299
128 271 399
128 371 499
128 471 599

129 170 299
129 270 399
129 370 499
129 470 599

130 169 299
130 269 399
130 369 499
130 469 599

131 168 299
131 268 399
131 368 499
131 468 599

132 167 299
132 267 399
132 367 499
132 467 599

133 166 299
133 266 399
133 366 499
133 466 599

134 165 299
134 265 399
134 365 499
134 465 599

135 164 299
135 264 399
135 364 499
135 464 599

136 163 299
136 263 399
136 363 499
136 463 599

137 162 299
137 262 399
137 362 499
137 462 599

138 161 299
138 261 399
138 361 499
138 461 599

139 160 299
139 260 399
139 360 499
139 460 599

140 159 299
140 259 399
140 359 499
140 459 599

141 158 299
141 258 399
141 358 499
141 458 599

142 157 299
142 257 399
142 357 499
142 457 599

143 156 299
143 256 399
143 356 499
143 456 599

144 155 299
144 255 399
144 355 499
144 455 599

145 154 299
145 254 399
145 354 499
145 454 599

146 153 299
146 253 399
146 353 499
146 453 599

147 152 299
147 252 399
147 352 499
147 452 599

148 151 299
148 251 399
148 351 499
148 451 599

149 150 299
149 250 399
149 350 499
149 450 599

150 249 399
150 349 499
150 449 599

151 248 399
151 348 499
151 448 599

152 247 399
152 347 499
152 447 599

153 246 399
153 346 499
153 446 599

154 245 399
154 345 499
154 445 599

155 244 399
155 344 499
155 444 599

156 243 399
156 343 499
156 443 599

157 242 399
157 342 499
157 442 599

158 241 399
158 341 499
158 441 599

159 240 399
159 340 499
159 440 599

160 239 399
160 339 499
160 439 599

161 238 399
161 338 499
161 438 599

162 237 399
162 337 499
162 437 599

163 236 399
163 336 499
163 436 599

164 235 399
164 335 499
164 435 599

165 234 399
165 334 499
165 434 599

166 233 399
166 333 499
166 433 599

167 232 399
167 332 499
167 432 599

168 231 399
168 331 499
168 431 599

169 230 399
169 330 499
169 430 599

170 229 399
170 329 499
170 429 599

171 228 399
171 328 499
171 428 599

172 227 399
172 327 499
172 427 599

173 226 399
173 326 499
173 426 599

174 225 399
174 325 499
174 425 599

175 224 399
175 324 499
175 424 599

176 223 399
176 323 499
176 423 599

177 222 399
177 322 499
177 422 599

178 221 399
178 321 499
178 421 599

179 220 399
179 320 499
179 420 599

180 219 399
180 319 499
180 419 599

181 218 399
181 318 499
181 418 599

182 217 399
182 317 499
182 417 599

183 216 399
183 316 499
183 416 599

184 215 399
184 315 499
184 415 599

185 214 399
185 314 499
185 414 599

186 213 399
186 313 499
186 413 599

187 212 399
187 312 499
187 412 599

188 211 399
188 311 499
188 411 599

189 210 399
189 310 499
189 410 599

190 209 399
190 309 499
190 409 599

191 208 399
191 308 499
191 408 599

192 207 399
192 307 499
192 407 599

193 206 399
193 306 499
193 406 599

194 205 399
194 305 499
194 405 599

195 204 399
195 304 499
195 404 599

196 203 399
196 303 499
196 403 599

197 202 399
197 302 499
197 402 599

198 201 399
198 301 499
198 401 599

199 200 399
199 300 499
199 400 599

200 299 499
200 399 599
200 499 699

201 298 499
201 398 599
201 498 699

202 297 499
202 397 599
202 497 699

203 296 499
203 396 599
203 496 699

204 295 499
204 395 599
204 495 699

205 294 499
205 394 599
205 494 699

206 293 499
206 393 599
206 493 699

207 292 499
207 392 599
207 492 699

208 291 499
208 391 599
208 491 699

209 290 499
209 390 599
209 490 699

210 289 499
210 389 599
210 489 699

211 288 499
211 388 599
211 488 699

212 287 499
212 387 599
212 487 699

213 286 499
213 386 599
213 486 699

214 285 499
214 385 599
214 485 699

215 284 499
215 384 599
215 484 699

216 283 499
216 383 599
216 483 699

217 282 499
217 382 599
217 482 699

218 281 499
218 381 599
218 481 699

219 280 499
219 380 599
219 480 699

220 279 499
220 379 599
220 479 699

221 278 499
221 378 599
221 478 699

222 277 499
222 377 599
222 477 699

223 276 499
223 376 599
223 476 699

224 275 499
224 375 599
224 475 699

225 274 499
225 374 599
225 474 699

226 273 499
226 373 599
226 473 699

227 272 499
227 372 599
227 472 699

228 271 499
228 371 599
228 471 699

229 270 499
229 370 599
229 470 699

230 269 499
230 369 599
230 469 699

231 268 499
231 368 599
231 468 699

232 267 499
232 367 599
232 467 699

233 266 499
233 366 599
233 466 699

234 265 499
234 365 599
234 465 699

235 264 499
235 364 599
235 464 699

236 263 499
236 363 599
236 463 699

237 262 499
237 362 599
237 462 699

238 261 499
238 361 599
238 461 699

239 260 499
239 360 599
239 460 699

240 259 499
240 359 599
240 459 699

241 258 499
241 358 599
241 458 699

242 257 499
242 357 599
242 457 699

243 256 499
243 356 599
243 456 699

244 255 499
244 355 599
244 455 699

245 254 499
245 354 599
245 454 699

246 253 499
246 353 599
246 453 699

247 252 499
247 352 599
247 452 699

248 251 499
248 351 599
248 451 699

249 250 499
249 350 599
249 450 699

250 349 599
250 449 699

251 348 599
251 448 699

252 347 599
252 447 699

253 346 599
253 446 699

254 345 599
254 445 699

255 344 599
255 444 699

256 343 599
256 443 699

257 342 599
257 442 699

258 341 599
258 441 699

259 340 599
259 440 699

260 339 599
260 439 699

261 338 599
261 438 699

262 337 599
262 437 699

263 336 599
263 436 699

264 335 599
264 435 699

265 334 599
265 434 699

266 333 599
266 433 699

267 332 599
267 432 699

268 331 599
268 431 699

269 330 599
269 430 699

270 329 599
270 429 699

271 328 599
271 428 699

272 327 599
272 427 699

273 326 599
273 426 699

274 325 599
274 425 699

275 324 599
275 424 699

276 323 599
276 423 699

277 322 599
277 422 699

278 321 599
278 421 699

279 320 599
279 420 699

280 319 599
280 419 699

281 318 599
281 418 699

282 317 599
282 417 699

283 316 599
283 416 699

284 315 599
284 415 699

285 314 599
285 414 699

286 313 599
286 413 699

287 312 599
287 412 699

288 311 599
288 411 699

289 310 599
289 410 699

290 309 599
290 409 699

291 308 599
291 408 699

292 307 599
292 407 699

293 306 599
293 406 699

294 305 599
294 405 699

295 304 599
295 404 699

296 303 599
296 403 699

297 302 599
297 402 699

298 301 599
298 401 699

299 300 599
299 400 699

300 399 699
300 499 799

301 398 699
301 498 799

302 397 699
302 497 799

303 396 699
303 496 799

304 395 699
304 495 799

305 394 699
305 494 799

306 393 699
306 493 799

307 392 699
307 492 799

308 391 699
308 491 799

309 390 699
309 490 799

310 389 699
310 489 799

311 388 699
311 488 799

312 387 699
312 487 799

313 386 699
313 486 799

314 385 699
314 485 799

315 384 699
315 484 799

316 383 699
316 483 799

317 382 699
317 482 799

318 381 699
318 481 799

319 380 699
319 480 799

320 379 699
320 479 799

321 378 699
321 478 799

322 377 699
322 477 799

323 376 699
323 476 799

324 375 699
324 475 799

325 374 699
325 474 799

326 373 699
326 473 799

327 372 699
327 472 799

328 371 699
328 471 799

329 370 699
329 470 799

330 369 699
330 469 799

331 368 699
331 468 799

332 367 699
332 467 799

333 366 699
333 466 799

334 365 699
334 465 799

335 364 699
335 464 799

336 363 699
336 463 799

337 362 699
337 462 799

338 361 699
338 461 799

339 360 699
339 460 799

340 359 699
340 459 799

341 358 699
341 458 799

342 357 699
342 457 799

343 356 699
343 456 799

344 355 699
344 455 799

345 354 699
345 454 799

346 353 699
346 453 799

347 352 699
347 452 799

348 351 699
348 451 799

349 350 699
349 450 799

350 449 799

351 448 799

352 447 799

353 446 799

354 445 799

355 444 799

356 443 799

357 442 799

358 441 799

359 440 799

360 439 799

361 438 799

362 437 799

363 436 799

364 435 799

365 434 799

366 433 799

367 432 799

368 431 799

369 430 799

370 429 799

371 428 799

372 427 799

373 426 799

374 425 799

375 424 799

376 423 799

377 422 799

378 421 799

379 420 799

380 419 799

381 418 799

382 417 799

383 416 799

384 415 799

385 414 799

386 413 799

387 412 799

388 411 799

389 410 799

390 409 799

391 408 799

392 407 799

393 406 799

394 405 799

395 404 799

396 403 799

397 402 799

398 401 799

399 400 799

400 499 899

401 498 899

402 497 899

403 496 899

404 495 899

405 494 899

406 493 899

407 492 899

408 491 899

409 490 899

410 489 899

411 488 899

412 487 899

413 486 899

414 485 899

415 484 899

416 483 899

417 482 899

418 481 899

419 480 899

420 479 899

421 478 899

422 477 899

423 476 899

424 475 899

425 474 899

426 473 899

427 472 899

428 471 899

429 470 899

430 469 899

431 468 899

432 467 899

433 466 899

434 465 899

435 464 899

436 463 899

437 462 899

438 461 899

439 460 899

440 459 899

441 458 899

442 457 899

443 456 899

444 455 899

445 454 899

446 453 899

447 452 899

448 451 899

449 450 899



















































1245