7509139
9671854
889030
40577942
26565401
15316525
44919266
34081284
31289360
3923379
32521397
5151624
25842302
54213018
27795133
10429970
26698044
45447951
6829974
12290203
54975579
25380476
7555930
31565963
32907528
9625715
47845960
26943659
13133658
28852096
52241070
43141545
33908799
9514627
13840959
12022959
2680566
31901415
13437458
14436773
2472666
7499593
19435069
11126748
22222422
37639023
40116061
64615816
23907634
25730392
17675672
5896033
24663398
35522729
43053131
24852109
18075435
14316778
33444891
6378088
24264232
4593849
44598884
5756560
21491067
23579952
11870797
23186255
17201174
23340302
51874830
39709621
39459668
19051780
14466197
24263262
39615728
30863777
6404923
20050841
1791190
2421934
56741949
35837037
6809985
41617052
20109288
25275973
112837499
11368016
3033829
9690951
37495654
30324314
1675500
18994247
30888078
25080429
78262552
16539318
24696296
22867060
9780279
18164631
6536366
1415969
9276383
35432209
16496078
9373590
7254841
41442963
1454469
14653333
23763443
24619665
49457209
10476
31088771
24804907
29596629
10184898
2429591
29275273
17575078
510540
1327383
30752771
13824166
17882428
56060316
51273545
68714371
47299149
1440969
12867432
9861156
31549563
27107317
10382669
6972475
17289150
9407100
13638103
11051210
17123561
28043877
22177247
17097943
34817340
36132003
28120322
15609421
730252
18568099
22768505
35745519
56436
31745649
11975494
14580794
20691569
29223503
19831417
27869018
40320363
54309215
27418971
23892829
38944863
7222783
13411017
8465450
42734188
8517464
28776016
23162653
29878838
29191868
26876167
4121513
75633373
1615462
35949280
25446552
3187600
5003882
28612398
23156416
3898257
11979547
27688191
6211965
54488326
24792726
1141440
17761700
59997709
32501027
44066134
28001740
26214104
22271429
25316935
14193381
11455174
26630468
3787715
15549428
72843017
34959650
58068661
3141453
5300394
14240370
10503879
19589567
26519632
29701489
10281482
4932036
45506168
7187110
940357
58052356
7050953
6445541
26513620
16021510
19392628
6892573
7783352
34408092
32058886
30476584
8240253
38715088
31896148
39043670
12587162
41274422
17186939
11517031
27622714
35119738
35442367
4063483
8285766
17148136
31682732
1529663
3683754
32698914
3799464
26532643
46712373
35655449
10038996
56267286
7349138
24372924
15841171
49074129
36856095
11597026
17248708
7361889
14377633
12084241
15029638
36548665
864125
16889380
55102198
29246189
23298398
29422358
34026364
3714846
16587939
36800101
20561342
2859836
27612789
30182533
38981591
30526448
15185445
10870163
16721824
13341292
18923201
17378051
22003521
24762841
38766175
43255729
23933844
25294353
940045
22983616
29783314
42449808
30728219
28214398
23594565
37320443
24472547
22413356
23051497
8441893
43437535
23741429
57865348
13067241
17752381
54372216
625309
12495958
14062134
37692974
8103772
10719518
19021228
51186648
2231410
43621424
32294277
6219734
34866989
25215994
39629972
48160552
60375515
15587660
12965465
6965587
19797009
24535479
737597
21284758
5568844
28490811
14405502
10630537
35885740
41503362
20570377
38107004
35893471
69383906
44230722
26876634
35711084
28084361
56938432
37353389
31403853
27229365
30172061
5079447
39034429
53432095
25580725
24002950
17628392
29492025
421267
29856057
53804655
10926947
14524555
12812784
13758169
16813317
4200466
15228770
39948299
1700618
2472408
5002852
6342331
69904362
143993
1899502
7837156
8651719
22262053
30299794
3102733
44909254
7281241
64775839
29399267
56076750
6379453
22080254
50859647
1013628
45041028
10502239
28903038
21820679
18944540
38723227
19217373
37631070
32034763
30520428
26683183
38466408
7870973
397474
1078898
18056215
46294906
41609455
37756400
21705988
23854664
19198715
23025949
6365269
19771223
49425050
4838348
32948750
30285082
50797644
44580915
49843125
2177298
28638036
38462771
27347502
27341358
51886742
867414
18001517
26930083
1610047
13958884
21971240
13185345
2399711
9028417
43953199
2761165
29063824
34045441
26831614
27851980
15518148
7309336
13233479
28171777
34003366
28113016
52558209
36642998
19468515
16128070
4009826
49698643
61336210
13736738
9434763
766982
2939327
656131
9635196
38651986
12344524
39840037
14505295
6904264
29083004
1800697
24643329
42583440
23916651
6490071
5189591
37349576
25432959
23041373
40365417
21866250
31146117
17597962
15953949
22510513
7253340
19515529
42678780
5652604
14627092
6122617
31929016
20057577
6272207
2732890
27354756
23945609
29281429
53770960
23053246
22010126
6653581
34238147
22145328
11579099
4318211
10518157
74153962
15786874
18318158
28112989
28664628
62304119
35551685
29251636
35862032
36740870
20476442
54173522
30358817
14828738
35000883
10213626
20865367
21647102
23350257
41180984
38623847
24131708
9323410
8634523
79990287
13610679
55569584
13368552
10188101
32273099
38906147
23367675
23306364
35136683
41514773
60654665
10463905
17368936
20437727
10344176
24941033
3387278
15195405
26991729
47205590
27324677
4063756
4931863
26589242
38605313
22828300
13543448
28649408
26477570
43500807
11960006
12232413
47854967
39800297
9088728
21575241
5666040
3651775
27272124
3054820
751492
10008072
28324953
13660948
6774242
62627353
5721872
50827789
32911141
736874
50018017
26090451
25027474
7567656
48503377
34368924
34185735
88540191
12388472
21955826
1022534
18945975
20018679
28447519
30614885
39779362
28610193
40709100
19101533
68367214
14432762
55688008
24471982
20494712
43430422
29468500
11735398
738951
11802091
27075705
20719261
1571636
35891702
31103512
16724772
24225701
24629960
2739566
8093697
50168534
19361430
29846297
915540
33417354
40106639
18648672
28263609
33183311
20486854
7573215
25901783
7133881
11345659
8512747
27332980
36179503
2970226
9647890
42163774
7891778
22782737
38731407
25242389
23828508
25016077
8615911
3094954
16189549
685107
16563241
9541778
39040264
27532555
25718387
13351619
31871235
85682142
39102043
28875754
11951308
19025471
56903872
18243069
2651760
27011550
135657
17931004
15035454
41056900
10015638
18939862
9538893
25443392
36870436
38806898
50297803
5431543
29665009
20086837
28328818
40847144
23236855
33669279
24442998
37175940
50838744
5159728
1846822
50976214
13466382
4266628
9898227
33957964
41063541
9018701
14646571
24974808
1519112
22229085
23659359
32996489
26647896
6387143
45726118
38917746
54623427
16195931
42538396
20295545
43935613
54768041
35411727
35109687
36882925
36411150
36700446
22680326
2109935
3663400
26990949
11973763
21355449
18313485
10834945
15818125
1891836
36314507
6831203
10371242
30909080
15428309
49059783
16775483
8922416
40569284
39416795
5525526
28220255
17282239
61347261
76786845
21553112
3418701
19588274
22615181
32282410
34940984
29458211
30054760
27345010
23970017
15915749
44309037
19765761
5073352
18633290
12940384
16701099
42497593
10212388
13187667
1327036
31652685
16180957
10132658
6976775
15366925
35553894
15936566
56731357
73821790
86039793
11084747
21512438
11467359
2033348
26181242
16467678
13702965
45326238
2407976
13170906
21466765
1817598
36073223
43101906
3629101
21147004
32594270
1624794
85330322
12240082
25134105
4863249
28807529
26568960
11295393
24841508
22719977
35933143
29078776
26331137
12933162
31808164
2155868
25906400
28771755
8358210
30617209
40786404
11735294
4676585
38095273
12299429
19827328
23670585
21922539
48280715
33549163
34909972
37106902
70696444
1795314
15347812
2481281
38426153
26253384
4482716
22658687
38606730
1338871
47202034
39350790
29907126
12402482
33653568
17604416
29680026
20692566
41822360
17466560
18580191
15868294
25925998
52447317
35403212
18699518
9834206
7453660
6350146
32307593
10024960
37749623
14324516
6513670
6668402
108627
27469313
7638583
44416796
11231220
55226175
31527488
26659987
3085407
4609156
9548520
14365544
14896092
5810184
4807522
15285767
27837079
9552876
40328113
15248786
5941905
2902777
9888934
33544425
28014669
20518250
14371839
42150438
46271750
39263724
10759366
3610795
4544543
39845055
13993079
18420902
17169709
2269102
2309870
18314581
18951502
18233111
30288070
6502977
23251646
23875810
42006771
24463538
16226289
20102404
13889141
11648309
29936796
1740599
54163010
10287702
35506720
5851769
18236364
31559503
29740016
28055965
33277050
47413470
10693237
18147333
52509115
54122937
24035655
19667286
12907641
52005042
10601469
27615917
2819372
4217976
3291627
12208758
12459080
228033
11271047
15729246
7045045
8919376
9162127
7494885
2751558
16199453
33319358
13724590
9917487
20785951
6720778
24066634
13735298
5885650
16851620
1006
5639371
28515127
4732589
21834312
3025684
37218239
3505040
27365566
42443242
4191213
41011076
33509405
22888070
31374351
26930236
47407841
33190684
26623392
69822587
21245939
54132251
19132068
39315166
1385150
34620619
1180339
37036343
4563713
3794397
7209605
14242557
35592525
19021838
23773159
22243195
40403086
66545314
402143
16530046
4654631
95018
1850547
16029291
28247727
2675793
23762563
28373204
16565037
20665314
25600965
21393123
16203857
34254546
48832644
24443137
14676434
7016180
26517806
35109368
52881275
21084980
