97796538
55084853
37483524
17691418
73819961
57342077
60885857
112398725
1006868
32267339
37940768
13582341
53012052
86653786
38484777
2415094
87810074
89032480
18600935
102028545
118637525
39951711
10065151
34701904
30762077
102534091
37112216
87742129
94051081
18466833
21717921
57715353
4382040
46507925
106729671
53223021
9928614
41764523
47657183
29345197
37786856
51344031
48986670
8276287
14592286
46541313
70319856
12163990
810727
1419166
3333140
24579821
69742788
6519984
20750820
9408043
66833030
71503094
13063271
69407945
67840245
382495
42074129
8607117
112577198
41947726
54724855
22816866
14315400
38815807
7105380
3293448
12648258
33026801
60350842
4271653
83384443
9072864
48282579
82772636
72977701
66805664
68443184
37725291
22683545
70342583
78784616
18576868
130629234
11096852
8659975
78437619
143977032
16927706
33556091
8217227
79861414
55557957
13624600
140625682
176763918
46954117
58816302
37630111
28555796
21577393
110704279
18130343
37981598
128342013
23658496
22373345
82381216
81919979
14514673
41571137
63072171
62335844
2966139
52109263
34510006
75919649
34333628
27249053
101939885
27253416
30914315
51496155
62635143
19002420
47297370
98981731
68047841
30952915
9845717
8566404
1742506
15360216
15849363
19660826
48913461
35302810
26280566
11905395
13453446
15306554
43090
39448858
74038491
80876213
28395923
78723607
52601015
58822752
72753803
81693089
22929222
28820613
7213582
35180040
81322683
63955360
57817048
39239656
44313196
20606876
23493199
52219614
77997264
7858853
27076203
72923232
64949772
12805797
64093599
29322744
40502976
23592286
10190836
65935527
74392595
18379736
24342519
64462203
70428911
43968023
75700108
6536349
31306410
29319356
55131880
29424533
35581869
43521834
36114784
28819654
21257873
98403276
92570322
33039380
43753085
41444470
95266081
45608083
36685888
29194156
54856499
41979729
3147202
10322962
17426830
17766992
51581192
23356036
31528175
38611047
55000783
59654643
76471456
9830628
8041300
68318769
68582142
23064408
13673779
51957483
34978068
1578919
75612556
12565891
100540928
29318366
131477522
55146404
29838765
52894005
46937461
78663339
50662057
89778166
891524
26379834
117676421
42835430
12085029
4552077
26000801
26400959
55860087
70972436
22318850
57680625
56808544
35624860
107146382
83750445
26683013
44373524
36545506
48782792
23275394
15400113
37077620
74173777
54253386
40275618
85922452
12596562
51247092
131220985
47286882
37065975
16767749
21324757
54716113
118410286
59897796
20467038
47882957
36888141
65001134
49923540
47250474
2261336
13703826
25817332
63933239
61340653
71379827
15551981
51110055
39140425
25566881
73327493
36029468
4036833
27784060
40703027
36998758
6445166
1236894
54034288
60797578
58759955
12904967
23681926
52908038
73024898
34900339
20823702
7084954
91457963
38658218
157287183
16129642
8036802
42296049
23195084
54704499
46973496
38940800
39858409
68939490
30838663
27929224
13351469
139241678
3186445
38013682
35833316
29567397
19731411
36029530
30298380
44727359
25867083
65464
68746879
45210787
6931714
2259803
10643251
33538959
46209312
78133819
41307886
119045872
36670398
84393730
9858764
34756604
27253306
53949451
36087661
89765149
28968293
20875230
42353818
19989216
21983944
27454036
7664535
20342975
15712116
34904355
27090046
84073195
10599598
56245412
48752277
37658730
34986704
12244919
1347343
49036041
31818560
85738174
72500154
13700329
47172107
31850698
20655612
70170686
64790632
46847831
27689312
33625204
65200803
59674260
37639978
23612859
53011694
54559072
13529571
13644723
37639931
57194994
39467210
47374354
5706672
99188759
40819227
15235743
6530049
9634550
20969545
140041459
39319258
84845663
14643192
30403638
24127175
19100439
8396661
80900074
92417801
3263598
53438030
91631351
64405760
15967732
76658417
50906915
30116904
50229879
65012679
22843384
53773815
78629635
14728872
85781116
54680981
41921970
31937589
16534409
47035967
57067875
26037095
55174857
54357904
28285833
4360211
60074903
523055
59025191
25717395
20961639
11723641
96008152
48460640
55430453
15391374
414881
20133018
48213666
17065468
33817189
30342484
54787086
132446394
32951679
31494088
59332064
1672457
95045030
37409621
5167499
14604155
2396802
4313518
27054439
14542087
21093345
17084096
118894700
48797281
74954350
7111944
36102385
35894509
31105998
39771132
19587380
43509595
52697713
65677870
6024923
21970715
53663302
44378982
13457666
4334081
9368273
61278955
27467707
74924910
18454118
58291259
35408841
17115731
70982921
11703746
52114804
174313287
8006738
51547332
6552956
29274592
49413318
49198862
16625446
21404739
2559592
20205635
8122203
50548372
120998998
39150806
12676624
2504915
46006899
55962140
70275843
69269421
68139075
55246955
89337565
160336917
27226473
23641159
62523270
45104454
3600027
59152597
24141094
71541085
133708033
74416653
27960716
16899382
19095831
39910939
69067839
24008734
58448798
37454478
55937927
57017204
74620739
39003300
60925411
836162
5304467
42467645
171235320
12888684
11574731
25302617
44141120
59774754
52373350
53715500
15111721
29323661
27073626
9524142
37618434
5866815
78923542
75189593
42903215
33513145
19041450
20130114
18259625
74752059
16552264
70927483
8829788
36121526
84120642
88194831
47952603
73723454
7047310
21716119
6506614
19854279
2746352
61587311
33239452
63884442
3590082
47813843
22511239
50106185
15176958
63101693
39068940
65279494
7884680
46931402
37347117
44292402
298901583
58817311
55889453
9688203
14763776
10001816
3796667
42339536
5018724
176600453
58247548
104544210
5683887
89406586
37354687
75707183
80659940
29775134
14142165
44138124
49763502
10195736
56232338
30609169
10456310
29551803
8662627
59955995
58882188
74430614
35939181
67045610
58708099
62056682
26047651
109654330
57118369
45883341
20301691
28691165
3309964
53046942
23613380
84254377
55387644
65357982
4540124
4384308
38912962
79892086
6478880
61885630
11772761
37035192
49380883
30197785
36758819
29713268
35709073
63332814
76700455
31366313
61731696
43227342
53145478
45640393
52941515
64448196
92064526
45088857
61638080
44664407
48712042
4406252
78246059
44224873
50325594
5072849
3146465
9566942
10834868
64939820
12022427
26283744
47358733
90894904
19274098
32508033
97430983
6832769
27527819
2388899
38319248
79969136
2745782
33521547
1164899
10767707
6486642
93290519
21650098
18546754
66591352
44692444
64827771
32480136
145907869
32568317
13562584
121739022
37442993
85396368
36717050
62966053
65506099
52616374
44161667
39802121
5252043
67415172
7375979
35280479
30730410
11664377
57596040
36297744
55453907
11747942
11001572
11110442
24381462
36414939
35683282
34611021
31233858
203068894
16925586
28946565
18096830
122893078
13800509
69157579
24018824
37417004
5631211
45819015
53644676
62562914
71129213
45626380
49734500
118969721
84253450
29244260
1042290
15886626
59706330
4802088
37102854
10340403
32771641
35357468
16156881
26123064
59971465
37159052
8196119
50052423
28341554
29976173
55089353
45270165
26849126
14668993
57481436
11901828
82638984
10701054
135839496
3136094
41201002
57678246
25373370
43976469
31370250
16355364
46327480
31612116
58649738
82245799
40923942
4432892
71817072
33266998
39482135
91871214
33320030
37181352
14695177
56368900
13805407
50087748
67302051
63161048
96082269
56229033
18885287
35402476
2331037
17342650
42340410
8409648
19406847
11328066
28270482
74861066
28033915
13371261
32118542
67893762
19537458
129446444
94335769
50829227
65048456
18166613
34364890
7801920
63576495
31999194
35383645
55227235
40884071
53141603
43058973
67701787
19595813
52865143
23467577
7546421
92456300
79680564
40954864
49715899
25645869
7786173
36338030
5471895
1446009
4231369
48274804
54786976
70471307
66755014
11845706
122734830
55672826
14033734
73386398
37696690
4256494
253902
67815805
68853281
81339069
8496
42885347
59762751
5618117
14765737
48166808
42794823
2516832
15374505
38822472
27726668
26917345
53464074
79588609
66060602
75361370
30073507
54965401
80649585
7805941
6655388
32835600
68377122
20692947
36453268
4489178
45977325
3782112
21184587
40954787
22049978
54710699
35162940
60852115
28103534
119004906
5636450
71393133
7994462
104587588
69007443
61289907
44389676
73315263
10063858
67736918
41083410
132921916
9845167
62490535
63504706
62012603
306749
55834040
22824790
3409039
149494194
68962005
1283160
74213513
23571035
34757708
65463300
80762881
34606690
94170641
40276674
242449635
46040651
30546636
62420415
15844621
85766444
9505181
103658874
38129035
105979187
35177456
8550534
38029727
29308688
37950581
38849405
27496353
73098280
35845624
501132
388793
68115939
21065193
71933261
5832406
95482413
74922181
78651159
7359877
71673141
36254267
42297543
33670303
15028095
60842274
5164851
40961431
28572048
32447994
47678213
71628844
72810063
20392294
9716401
52312672
7958923
51898206
53922427
73773707
51797232
6398929
125378962
53100273
1933049
19444334
29413102
67186728
92574748
11807612
18082478
58765703
47036537
323897
72340430
3511229
2635168
25808279
15877180
119320980
27203972
12334500
64569562
12461512
36337757
40716455
64005105
44964224
79066286
43601290
97560386
26981928
30325634
22552457
48397795
35616042
86816486
8562121
113076831
16858907
4169977
22109231
18898485
35660339
99196121
49987595
8479941
35947086
27154659
55096557
52825819
8442016
64916066
68333179
25356482
7117530
20025470
5621829
11714202
5218299
21671478
36311235
99734529
2138695
41877235
2748104
46793230
38813724
141168691
69852276
9859357
55272263
14528471
60992050
21814338
33213814
24127741
38125327
51524404
60477412
71289568
47484162
44821259
14518647
16001305
15853180
33952934
57105134
33566078
56677517
34553765
38352419
46177410
40358228
15154503
32731804
113348189
19618721
17543079
8824532
33452675
56535479
74897877
21122914
17962592
6455250
60200514
71770516
28300825
55007997
135670026
9234893
15285322
8534575
27302096
87080378
47185753
8915687
29993928
49997131
56444093
48309553
6793790
44867051
8467481
902001
113262364
55614939
28682935
20283113
30951965
9289982
2904581
15523149
50257611
4461485
75631217
13412429
23007883
50245181
53158454
24977661
68276577
57790172
11667366
54713997
21227240
27776225
8704324
59985402
44317684
93668734
843364
51060196
76875879
77336192
12595422
60689790
18721810
118478371
11781052
8362507
4308352
40266461
70389899
23356248
32607931
9442416
25770305
51900330
3624044
434079
125972387
163148679
54887285
66478360
25446552
8730962
4847008
3356727
81638960
48409020
25725345
41527090
54695903
5721244
11933529
58815922
6233377
19850119
88327168
43743338
21895153
36530969
43653622
9503110
50083571
43734482
17130787
8778582
12124507
29324559
20742860
17730682
12955833
33275537
43551885
41756293
36459419
55596305
28124799
15199333
45547595
175056248
27784671
113976927
47280877
75335938
32861242
82591273
50350583
9432802
54961808
6314283
33752285
51040288
3829854
44337977
39519279
15927743
17053134
38522780
27458076
76597763
2031880
40429918
61316606
36179440
105188749
1610825
54580262
54085023
59776555
490573
31399683
6716259
6756801
18403989
27708113
44349167
43613543
7719773
27262086
56414962
67161050
59263409
878245
15648514
82925893
4078481
13425546
32007889
8601802
86218214
38301947
80850113
10165645
16621753
11522970
33093109
66929746
21414890
37616456
62358731
26175075
36204969
95270357
133066998
25282813
10118672
82512363
67309468
22180642
33895125
49708529
22705348
10091757
63920939
22847446
44737989
6207965
63542073
5928079
74509118
41454850
29742599
48626832
50695617
81735552
80829244
49826172
9520317
138990892
57075645
19058264
23289364
34977739
16646560
40611507
18112222
52382088
108184679
2514871
40899988
12072904
26611993
6346812
140623657
46065771
111774482
5651959
51367598
44660623
27837608
60354059
964077
22357085
76488779
31037230
71919776
31930976
40507891
12420511
30402621
16411506
58960932
5440771
66155865
23958526
41927643
803134
13936862
14366350
72734923
78169464
16855513
22982889
6876349
11250521
27776660
64890269
52037446
3632275
22921366
41120071
31168889
4470764
50391496
12784832
13065183
43376659
82130619
25343195
28899151
608933
3571508
4417528
39828070
14811830
29600452
76828430
23202597
50205548
103302022
10705873
47239011
49026918
72771327
43938850
23366670
39669113
25972509
11783531
21947635
16299440
97825600
35476849
9982287
31246564
28895996
169714396
87795650
24366776
9985820
98869326
20384366
37219794
81632478
25899999
23977840
41543052
44855786
17932248
12267633
37006961
4426590
102145987
43048796
38705354
120869847
67119199
22051132
88814212
28586841
30725218
29870334
56385442
25145211
40203577
76446907
11793834
32310866
21510640
42970416
55648139
65934681
68975823
104891143
22544390
37347286
4649272
17717453
33345930
22263857
30170667
40708891
63877225
6405493
10571637
44139231
47479277
42855755
48127953
50976958
32996038
58999828
14602585
30104550
71422891
95593777
22846002
37237629
31098878
23274884
8375034
64919904
32954543
16360840
28334890
65517953
19684307
5093374
34294766
4292834
46093852
24507203
146458
121442
28295647
781688
23399692
48942805
38191239
10423616
2281104
42598256
44263762
65146468
19224976
6326209
3563972
26524134
2121005
37755075
91081981
80327866
58192006
17229821
9427472
33260474
4119984
70667173
43347169
3848557
1188119
101761295
23191054
28768387
33354283
57620973
5873929
19055460
62697987
19848064
14621274
62556629
48205457
42614939
45179459
113385309
42954449
32501263
71452397
34733689
57850791
57058787
46257487
20823847
85804102
892345
41837456
16617107
59812964
46377121
11227528
48853492
39895067
33603114
72667714
13979897
34590065
31825218
56157201
32334768
102840383
31415436
16060077
65237162
27853306
32840852
28919473
3424380
1121793
25192361
39826015
37972796
41836826
30921837
100074516
78921816
46614413
25456956
19538875
53209725
86854747
15583452
68682357
14517339
158637705
4606886
50364815
65114993
60521008
40963299
458299
33500699
35214716
20353741
51279544
101511144
49841343
73961806
8524556
33468762
53415856
52925718
13126076
37054114
62282951
4847641
62815072
38930670
38812246
22383096
56798555
30746531
3307569
11379866
61409699
9900204
5298312
46119784
47095270
15171306
59676896
142909
77661223
55450509
9597809
23961266
50667178
23461629
8806482
9501246
39911752
17261043
108072861
5173595
16229251
22392756
7310247
5572884
58841825
60794023
5978591
78859822
26876850
5101542
39360499
16434616
59768224
59042054
21161018
78509349
8059139
2682963
24600567
45795653
53053717
63828942
26069380
1940109
56531887
10531438
128205789
8097280
35007817
32432287
12610663
38419304
34407217
2299406
17859587
58344224
28716894
13503514
27122823
50088292
68530732
53523143
33004705
2968372
17844985
29400735
11158113
11265534
20197958
28899463
12748268
49819115
817577
69134036
82125700
1296901
64529972
11664021
23333269
23005730
35487016
29570593
53922173
3868676
22035330
87953681
83345589
28977774
57843673
14309019
59513927
2728126
42537451
58231622
26146481
40107205
39724811
15322802
14999851
29226237
21257335
129905151
18400771
71177158
92414326
60048323
52183740
45436768
5446755
48172187
19834156
52750012
28364979
41085049
21389657
25180593
40250114
4527927
53510106
29788530
31553657
62779448
23068321
43758614
28594056
223263
29902954
9606261
24525856
15002379
38998374
37860094
21761136
53190845
8627085
95227668
41660531
16420808
84320108
61551662
45706037
26904208
78296103
17918494
52184891
37101543
1677585
6538747
62316674
8874062
78747578
41594716
36050574
9116670
37294240
54023013
3451872
35294231
69252713
53755891
30433389
49663786
39818154
41059903
47862675
110487705
38942105
60791518
71657851
5993171
5632997
44407725
22340909
13341357
35658838
7668860
19791765
24168405
41355262
23386800
88427966
65051796
65519070
48367383
44220912
13301929
21107811
576314
65649495
38141914
19199179
63559996
42482573
7595063
37013824
11056250
40432569
9990588
1043261
41313917
33641178
23090965
8450975
65178129
58055394
7307684
17364734
55835537
25029928
5221408
183171803
49498613
45132837
24912532
12814333
18132553
126485232
39586136
70532638
17786357
64780093
8517593
38886593
4733177
35164104
62920483
69223948
74736776
66611197
65439048
45789786
2744107
8108489
29662456
73461300
27788875
58219771
18912252
10873232
8279432
59331103
50337005
1762337
142461652
2148635
66626378
33834637
71482620
53022005
127806956
44007955
28997752
41428537
74900227
14310762
23295999
12385390
42808135
11714078
23548273
37408440
37603801
11138357
58660662
68883667
20214689
104323510
47515906
78939945
119628730
8084167
26625427
69429396
33701286
62444977
5669397
92068832
8107090
51891700
105303145
18658619
43276970
16206458
3203742
27515908
69061520
69692983
29276090
7375669
34495588
119395525
411788
63420135
18125121
17982586
103377141
13491607
28780463
2169497
9780442
8245142
86066338
89027467
3174091
22350049
5452625
14067622
21671897
6791124
67400495
223178
22356470
16162580
100461216
22782647
78936911
94562738
58026117
31225384
32855478
12681489
124866354
8827495
11595736
78319719
44908830
29432262
43017792
32021214
23629734
62630690
13400764
60387239
36137306
44217807
81237767
4747178
33480097
142418267
12136370
34868973
63326615
26303585
31454070
36418867
13382837
47384405
39061112
14799825
45531170
7651741
166904579
42064008
61944574
15252934
92208303
48318526
1174981
64395630
3384460
42828306
68584363
50101488
117970210
36799078
56715799
46717555
821411
59660389
1058684
43226265
41569509
18009270
64414415
12705143
63148535
30732815
40814780
41467564
19199116
28235332
39417243
42264655
70066924
14785399
42575654
34359277
41091399
5674921
56786525
26240107
24257792
18055170
35454041
56222147
9995765
37827518
43940357
2609162
73300250
13172055
41108468
203110
3008615
102380239
6236335
20771709
79399247
68256306
24601835
30722314
62704185
34428686
175236307
48227294
67732401
37208533
70711426
128744565
52656310
46385413
39519719
25837543
49463967
11041309
43985620
40219612
68100493
210293
36946495
3134887
48363065
4406777
17010419
69818595
46578029
63676072
77190141
24464734
39633657
30887393
49968819
16370791
100129021
30083110
95251656
521779
13374193
33957965
56467874
45629027
49745170
46949446
5870248
79683135
174441454
27000887
24331929
15566849
20239524
39870906
47621458
25003793
30898326
16673844
49975957
11276236
53990386
30688342
28587849
43359678
77118410
78358483
16062471
50164479
67307546
83897991
10580142
6311132
47057828
60525014
69838183
7192232
57330782
17153347
14612062
38361815
23653554
15082793
57548060
35666328
43753236
57512487
18227621
38400308
3720466
10574196
59450253
15213123
53280702
29100418
74362956
4952100
57868305
41551788
118238855
17363930
12964723
21920515
95418606
17417139
67410136
37740882
38747600
38298451
46320169
10652039
7925083
59932060
1322532
34914908
4938862
65347669
166003565
16223128
55062893
49776316
12674992
4879289
53473526
144062050
48225862
58907064
65001131
39331273
92310185
53953817
14974358
42225514
13965404
13411700
70343387
63286152
37250777
115831744
82135650
80051438
6896807
8836621
37646551
8497806
41452803
29600270
5230723
34085852
15891227
37681421
12262400
35844495
30622310
23769329
78308796
44315224
34872252
109091959
19036217
42295147
55633800
17887211
18287772
29910093
2020382
45356370
55736029
343305
16538483
63864623
10468753
47408856
14368283
59687805
65684126
60886267
30736308
23919410
50091848
90006432
17317656
66241603
10740803
56627885
39351029
41307605
358395
34257742
10469630
52398667
14103616
74430597
19051280
36039546
27229492
48296535
25356420
5519943
23434191
51153738
48233978
24903791
272656
20993729
16709539
39484164
1376743
23833130
61356024
2740823
58985423
80584884
2095646
28005773
73263736
95456311
165802
9432007
12743373
34962556
60654689
61247353
48641134
50543676
117533160
49758518
69512833
21031188
45337039
8344468
38128060
36941245
37039052
62319165
10478213
17734893
19437171
45411064
17542841
61296992
26793756
32974329
22278602
15102814
30783833
14405648
42895344
33108953
120941949
39409446
102647220
7981588
73550102
52178243
80428
43389921
47346074
91825262
13211334
90482281
29137850
51581402
162772779
65103709
34215755
1735935
25023191
8174476
39627660
19148924
34235028
14427236
50359524
6884905
3768357
11805448
16006973
211755919
61801815
36155307
51389553
81595906
9507873
80013
22008157
65513150
23732838
63172939
40201306
36338508
4002296
19048319
47297722
51715597
12934252
18794
32059808
41833637
26824622
3345370
12283247
21162783
7945088
14859279
25703350
41849682
81629437
20967619
17030357
33209376
51874123
13792372
37034467
17121858
31085287
60615763
14053989
52343764
55792199
51652546
3312265
17518381
81844766
82893496
58774519
30022868
30920240
35277603
34924509
76924539
6229486
51002406
161383702
2872742
46102080
11773467
55712525
18915207
70548500
43672505
39494774
11576197
29470348
45834742
78074557
47283721
9432121
39115823
56250227
29754505
3227386
64511924
6831168
49116060
45384958
27699020
21981235
54951381
59916859
6645711
7446103
56913601
43597790
47126910
39604633
35246194
30088883
37606924
103578080
26801425
75030249
47845054
33368934
22313767
40106929
36121767
69250346
27473369
49601430
84330082
44011107
1710508
10369386
13861181
85382848
24148266
27674181
44474802
18066519
34043824
35368586
41596971
8923051
12737730
68612984
9904974
28922867
28708160
7687826
18795644
61565170
33860003
13920202
64224482
24206965
13718305
29921754
16549316
11640735
127927803
57305403
5896665
60419111
7403329
113630510
33698829
20717188
4537322
38654890
70201759
73633638
92586854
17433415
21109822
89834833
23297712
48339071
60055584
59933424
39402644
30731525
13211276
32022479
14523145
48687948
107346313
62906768
34256820
13807248
8159284
37511411
1463935
73375654
1579481
2322163
36153077
4517049
53011736
2047654
48898163
74757913
27611184
12976601
58467508
47772658
17441326
9735230
40392072
20353706
82014087
88311917
24857100
80295305
55912834
58312460
33786034
68549210
38095231
8647836
25822314
65449631
40256521
142690461
60553338
73373
6785446
43803581
52016659
29784488
24725157
51074643
6567127
45490327
58382381
128097590
7576440
187826005
41653039
12269691
100313835
4605644
55444661
8587132
15843840
5788125
90100577
50289376
4518653
12389942
79877886
7283853
21893090
52844839
11305930
9278115
45836617
91020512
13188875
67203625
83924699
21057468
7071899
34748613
110744102
38418745
61422939
12961993
49707838
17404936
27514093
75913734
3612150
39795775
62458479
64493663
51606457
43791961
39779343
15888693
3882549
7675412
75474521
29673728
35629932
27716692
74892968
72368997
16526911
66121240
38026368
5337244
26849963
23066821
98451303
56410102
22330966
7269759
49628905
84199170
20821947
58729871
876362
7323583
17571040
11976721
11077560
8544133
1346879
23438277
57573933
10285570
72673200
65080034
56336551
60328279
44452367
7254690
35253243
24525975
3738771
17114444
32973276
6836039
77355121
16599959
20559295
86739906
22313949
14527910
52096623
43666375
30234169
76390381
3327156
5090336
41392942
58780167
89082880
17251842
49801758
66397497
49127636
80185661
54839009
18190934
28674648
77244816
28361761
47584963
19595885
55499603
68645751
16786343
25342569
45574119
132309
27244977
59677868
12642823
44153814
61626239
46932684
10976399
2152243
67028052
35278304
15963499
2820119
57324298
38790837
89178335
9388722
51836770
8359553
5401017
19272203
11148292
50698109
56040179
54541675
67479259
52610078
20689383
25452862
18071803
13739783
79935642
33124870
1764727
32534792
53331743
16484536
42823417
34856545
40661556
7341993
40390188
434007
16145038
43884498
44759117
81502789
21724317
67911838
5602676
33194484
57192228
35001934
24107956
76799735
83251422
30080984
38835722
122901166
17808008
65907829
12986691
60927138
45197030
14936482
39555811
13307612
80422929
16775864
24197561
28938076
54843080
33206715
23911130
54122880
9706740
28355062
38625468
42607845
31588009
55481250
34104212
11643679
51416821
5692783
40509968
9216404
31898094
69311612
26675289
15443215
39884219
16854582
9165973
24375773
51945477
17845777
23199221
73245388
331712
78175360
53681543
1477110
41217853
24746637
25745637
75637821
1918285
54928065
47276365
69670594
49538932
60939893
44948003
23291436
59385890
54312033
21328251
27984229
50498434
7544410
45468422
33907064
67364097
12047530
38248957
23171434
61441823
1044170
38451458
54489459
27277312
51620600
35333189
56671182
17144770
1747596
25816457
71807091
28171981
20778737
14638362
28749750
23661207
131589
1496263
37745626
50944269
112491422
40753646
41707053
28655210
4888056
19291331
36040404
43970574
18807881
23712604
1618286
58910266
55858918
19570207
15674356
21387099
39640162
51949673
16053658
28311102
27047895
81361189
27328735
25533366
52390606
40029484
103129170
200338300
18097207
69342819
65546142
49449284
10664837
52836494
58730951
58386438
5845530
30726229
42197513
2315183
23463279
17107219
43687829
157698475
1236356
111552711
41219406
7927703
64050529
47123393
4424834
10411887
26497540
44320876
2449653
102970774
38578036
11897036
150093399
33058851
48250868
5507616
51929967
24505156
77356494
213602
7922951
41572882
5447603
46399996
60089654
30674979
46218801
2690107
43135547
29922331
56788370
50467532
63744281
31994275
94317419
1050874
26952347
55630494
93780957
89752247
39467591
67488157
12523101
9815175
14355639
121672674
57931437
71578162
74536776
48296682
14118643
37426877
20637726
48487797
61949647
47145887
45787060
37324578
57733469
44343253
104931700
7647125
18340116
52842709
24584932
43260970
33663803
163489611
1057663
61264751
31101336
49390232
42771650
40786748
23479048
45197219
42060654
76537919
44916680
78510218
61653832
11168890
24202027
15606699
24324476
130290593
6963560
46274032
15291149
34038572
39374849
8155796
2629803
8876660
20907687
34215814
53326627
72130003
53243457
14498073
15355872
64273766
14240904
8174953
85257076
54357580
93088961
105639422
105012009
16647801
5189445
52039990
4242693
30316371
35236706
6712874
59140759
33842069
30249045
12696158
43151116
2488345
23259464
37733281
41607770
85420582
37888245
62209805
44160768
94328305
23029417
16523233
5188530
31354537
7399034
50534310
103933822
1347683
62219677
68203472
22813080
19534259
101616195
54179164
21834530
20466904
28741078
15107509
91863380
86410636
14521083
48018842
39844046
19876746
19985926
85085002
25551484
13215004
78351656
136690920
30216358
84618471
66367021
41785204
57320177
30597975
5768732
22412371
60894143
13170672
5575534
17416384
68945998
18324988
41710708
30843620
42308714
13233160
15341229
27864586
30279404
31534134
91874598
44132691
18476068
50344152
28961191
76600116
60213760
13648398
23359422
1220930
16490409
31483227
33302694
11441288
36224976
76952462
22067123
12290721
20763159
78309265
49412091
27205148
10528548
120284660
24307472
3966320
62834791
37871620
37571640
57454649
8680872
29734013
49733214
154012197
40629646
30315638
17981529
50332003
35808401
27209840
53870122
48474454
31929606
68971451
12622863
13330261
26481350
28332573
81316321
26691407
17005071
34737963
36507813
41428919
87416374
25936835
39968423
76367385
36807958
62031760
54324899
77220925
58531511
46862977
51852798
50227840
65510907
43114880
28106425
28756501
29541506
30152799
1183391
18486808
72959723
35019397
39387105
112522775
61514879
37765088
71634287
8859579
40060040
48798809
48531404
10890316
64803559
32697614
10149346
33847572
28748758
2280220
20019818
50944278
3774188
39534613
35874515
8088858
1633554
45025113
72455387
51911351
25945132
66069352
48808385
53076765
45351878
6394070
21634316
48284243
35257629
16583439
52130133
98960769
28247752
44404562
27392150
14676143
52917125
2554595
17956339
6726309
46163309
47135346
60803347
62595262
82171548
5975351
66488637
100473933
50221822
25006869
48712201
30596633
54331904
37351589
10844903
38814063
80477622
3939620
9903779
45254906
4796604
45406575
50302758
58763460
36463494
75350636
48188164
53420261
32803488
70659876
54013109
100758879
25736936
14911907
20551138
5993547
28893951
48650123
15969635
54328021
71699124
27142487
86194818
15826985
14557129
106945742
70046778
43108635
54314585
40053488
63188882
27776944
69140779
85870446
35025540
37920144
34299031
43020451
2021901
68897152
30003615
133939980
8027961
12945950
102917293
72652721
20923710
17040237
148351599
45787508
42290797
3470302
54877957
16779560
9906802
31830885
129101481
40841298
58889423
48276934
32969517
72228363
1030680
28930618
36618318
104215579
39962232
36702604
15002397
62989105
4296806
45556371
18745943
78517688
52187613
47758835
2454877
17750969
17169584
47254845
22354795
9745798
60672877
1296463
45373619
301548
7495255
12170297
75033736
94386468
39603052
7573277
20735351
38824218
29906679
15656857
27956170
80714293
22362920
7948244
2102823
62515876
46472223
11312016
58103242
32031503
27916731
75876170
58120747
20949311
24785974
16449610
22465873
34413212
45335501
15921343
60491271
56460064
41848975
82247788
74035137
32027108
34752692
89393415
69000427
60563999
69597224
11502105
32187939
28591731
90284631
33503575
56419033
40099060
43810763
12151615
83937923
23918097
37450551
65311702
83576854
70794589
52742877
56275141
75239833
45058329
22110732
14004997
53373215
27048214
3758906
13592437
38093675
12830785
33990405
543939
41524577
94179343
33225829
4560242
28152087
7376191
50868558
10345631
39848121
18554641
39665497
72038367
27749580
58021469
77186441
375865
1504866
34497073
28956388
15363684
60750619
4276801
45145077
34913080
25378016
16444975
22933000
10498717
63289017
58792419
179495339
71187004
7143484
51342882
27087123
56122968
97321720
32918811
59122962
41690162
35698386
19237240
87263844
56903493
60193154
38406465
39935441
40640669
46905003
34331636
45955438
106449487
56620115
359268
10946761
53243394
36156649
60334319
15872037
12368302
61978199
56728745
66378594
7858413
46306719
27497503
31815163
20169922
2485278
74179918
48835959
26886528
12409528
95073844
12963775
48654129
42439357
21009934
2740232
38810807
10664520
16409332
77776212
43224304
31792625
65030998
16323688
16940815
7457685
20411803
38922458
83624001
38805899
39945977
45244631
60147521
33419128
72019031
37658365
8891546
31290188
14495263
76060392
52665757
6520932
49698163
20864544
102017468
61748626
62009756
48336969
17699464
50806606
15492771
57757526
20434226
51082058
86300521
17318348
120177786
24708415
3087780
80354943
41287167
77587681
26307045
72979244
75876217
39240851
23642991
23193040
33123563
70832150
79934166
21365510
23049217
77321630
34475935
75363433
27684577
75155075
55424660
28755374
121553110
55597948
46836665
13235771
19984039
57978431
50011222
2010122
20421757
34405562
35609221
95282756
22207605
16134937
7159615
21989830
45109933
20948011
94253573
1518960
26229219
49984949
66237499
6383631
6119131
39042945
16761415
53900434
49843599
32131460
114522174
135184271
57950383
1575196
14373642
56943189
10094446
17293514
3366784
16497394
26810282
32399800
31457628
12990220
18367784
70075881
35571461
52966439
54669401
8937564
28955869
11910667
9603728
16420447
20618006
36189282
68379235
5653942
14348327
31655892
23298192
4009803
11169651
86203015
21595591
32830467
44842788
25607271
22516464
19814887
25748578
194568
300743120
51118855
55533875
21757223
63385752
5762268
17186816
18138597
82056188
16954970
12064672
33526978
40755521
33129616
22372100
25941798
16938441
48496365
23162773
56901345
55827827
59781936
7852334
132159670
23107624
6108658
28177447
55000818
15224225
2523958
48399066
33489283
15850396
17027863
13611037
38465845
60169843
31134586
5413626
73366089
14097866
33010636
28623967
37046899
78260305
53178754
78284796
15197280
1902984
25962469
32442383
7241699
73852220
11655366
3859783
23317317
13234243
73235994
92455989
28772042
2314053
1764679
42247025
42397502
11362464
30790217
58838804
57705439
54751500
43094377
54323972
46261426
3792743
24276637
8496821
52236458
26264308
3715549
19227877
54648588
102556839
7702789
3652910
4618362
59356597
74001871
94990189
60985977
68845955
55382025
157986925
59455771
1300424
40853777
18292962
17949125
39875872
37599828
26852696
5910741
51423240
10918730
13616925
48888396
15020559
19868357
5699040
80152199
37224961
78235441
2578169
45647872
12490187
82897362
58040937
31819232
11108359
34123027
48898599
35769041
24629965
26968736
65059656
41784282
32558591
48030603
24456665
19321181
2688004
87845509
80402999
37773758
93980963
32271760
7380284
52706791
37012045
12920103
82833486
60633297
53503291
79911953
14672411
18096502
11171631
214972812
40028818
50232945
2503034
53457509
34546177
43314612
78097733
54350256
9238199
76039492
7804750
45991982
25991538
24454617
70977767
38055079
4330262
71691132
18438423
29794191
68256676
52835585
106672907
34116039
26658458
45704897
36057239
60649335
49721535
62549900
91553282
37036766
16525458
88897648
23550722
16057138
23450190
54878998
98352908
18380127
1680125
32410498
12725303
84690030
47804047
89477026
29339795
18898799
68141605
59835920
56207563
23780374
56791204
118316544
52373386
50165030
134678207
80255749
57983376
45788379
15815052
14064710
145259390
4820126
51123998
53496512
34109795
35722607
12391665
49258339
2908708
36663045
24762175
140979528
28148362
59051134
4707081
15942050
38723090
19530350
3890599
27986777
90862869
33382798
58770096
85309554
34289730
60228159
28176633
66878720
112878924
76671477
62121081
49564944
3420328
18185720
12036688
63726094
58054186
11552200
50219771
71108222
64413977
49389512
6673240
29881245
44596321
44112871
11165636
42530831
31013206
54111326
12488095
34526633
64482726
30677364
69928376
86396850
26823351
63184525
41578551
36531875
46688646
59524816
5492003
5531877
13789527
74203685
16746931
73988694
15909234
41515938
25615947
5135539
47586741
35198020
25923312
46849953
8534607
22334742
48447705
83278609
5726875
27045119
19714770
30715088
39886690
43715850
30167352
41411046
4198283
43733931
43571506
93179460
74674293
35211011
3711548
8474990
32435134
13773687
26047722
50294881
93957441
17136532
57910341
10099440
104090290
19840539
8099450
56559596
43889626
47353093
16730549
46543693
882451
79946807
28700748
36042802
40316635
12763844
72292288
15675232
12323380
17539420
53676407
90944086
48441144
55714181
93318836
92713741
47376549
43782299
24200666
58266809
10698703
40535096
9276087
77164959
21353023
50858139
26460486
8755155
63927524
66204191
18124892
51078120
67125485
49331732
37206237
33155888
171551500
156859026
91180037
30357607
18579790
80381235
43817787
30726440
51769271
31414814
2123848
26489580
19083418
41028932
37988100
33237474
66038876
7753
26288687
22725965
41049849
81283254
127002110
7230046
25000046
2896451
67483195
48897516
32806011
51016857
27604463
69696721
69498914
52645169
45307270
41792179
42178634
37645014
3142133
51781924
3749405
92492730
14380137
50779871
76639758
136551898
2233100
19792050
71531532
31623609
9809091
20720033
59324218
28885522
29890424
109830399
8973983
61084539
9745478
18168814
42038143
27630592
79270951
51037563
38730805
44851174
27612502
101375870
2452325
4835115
12802171
142842947
50044095
100326162
11403616
30277184
35694557
53492875
23625335
16302591
11994174
39998739
5591670
37560089
46951288
94997314
64063251
57290064
17048417
80375906
149296993
86902964
129837588
39646940
18668484
113721711
59638392
41990843
108944079
34913658
10553974
49604105
9567656
56437884
24852259
29879510
11933037
18636846
83945302
28112601
35888018
32579815
44175014
14292210
26799076
2810064
50893101
25701373
17263854
21168151
58717446
19617065
16116985
20749834
53980567
24126096
35195023
43319376
65675896
40493941
13587325
30603197
90184947
58770
41048726
692027
41674430
69619745
33210659
175958594
60359672
10722631
36107059
5881441
62733426
6977960
192403664
25153343
22131488
30303254
47845426
42803232
61443779
34308593
15652660
58441145
24674808
63965685
7135794
23325613
8475006
24921894
23723814
27085993
64714102
5710290
36029595
7635573
29998405
100962245
34269966
16569595
21177903
129001290
49650735
61785511
25925136
45244295
19763640
24274261
7746178
3178578
32738558
51441398
66126290
62806800
21045379
22224335
1285072
23002121
22617793
13152074
123163152
30592751
17568178
19644710
26733761
37924929
42287912
74707121
36668997
7513692
18095199
30736017
13208698
21897788
25294276
95080581
10071160
42496086
22585693
34736370
34505656
22629690
2029533
39094486
39701981
7714002
57007879
36710168
36804794
84621206
42896079
16619621
2910735
148447651
19793846
21915623
54678552
101616202
27819828
17852669
44020673
91260109
49732569
24751904
50284959
36513030
7907454
316370
28494973
74630927
111117769
3042362
4351530
12330080
51111747
21679150
46157320
60944865
86160897
46435422
24989143
59037879
10509802
18302565
36878635
19067563
62241835
16960485
88937748
60348490
57418520
56521785
25844729
9718672
50220244
10119173
38512879
44874042
45296284
2087210
24518313
49909139
42749794
43576007
24392712
2782308
3335915
48787266
11256859
52264828
22474494
40306553
19727095
5078258
10657409
34218697
32853184
43265757
27557955
41979581
58698538
5708083
75578850
21530315
12297985
4518595
38115437
22042933
22373941
67224566
1243882
23405298
40507888
46710150
179087123
14388665
42638809
32725591
9511530
37605052
19348445
6648624
50251662
15291620
41201315
14339109
25184188
109793930
14844202
36753073
47397170
17077471
36852046
12382902
54303900
58329923
28258823
7199851
7486901
40779842
9676831
67555585
30288520
87591114
32871255
24883820
12561916
23290964
2787339
16082357
58650717
61560399
66122330
63832788
15194613
51199437
42322052
54621373
57657580
27056909
48417138
5753707
92204821
57416784
58512865
72258132
47969238
45265387
2818548
95462242
45941798
48781583
48178217
61715150
126238738
22148580
47133850
46864306
26400644
67695409
1526774
67572078
79360724
53019961
43092002
24060737
91528134
23483914
23034210
31084834
8033884
33120771
119963513
82137142
22000626
16660212
45179003
7506634
25396532
36926038
17387994
9449776
19066833
40160451
12768723
24144195
35744779
107560119
69060710
46270020
21758653
9537207
55112516
20980161
8025788
44064439
3570127
53458597
22066178
15605763
16474275
147566
80338477
71815104
53057080
6311232
79979819
36124607
3852481
39382769
31153665
7751645
51628994
37217137
25763276
47961718
60249506
17380181
67713188
3145025
48191047
66717308
42321268
46684157
19899642
56794124
36330903
67817010
37147906
14682716
25985654
7015359
28091740
50899534
11247479
40348139
32293021
29668444
592651
140241752
51015161
40238101
26406037
3077500
21825406
29668933
86981291
83085799
67508546
16125555
28306245
36234138
2926828
17776067
111177836
46091455
28172092
9347035
60247455
23949510
38123524
25713118
29110561
14840208
14580414
2028769
12854681
33573395
54295938
79253318
15179474
53768595
27235585
43760212
48938883
14477646
37239725
66834768
12050301
17774375
64522857
6271897
148167383
52049128
32345709
16744052
66140510
121683314
55662615
79640380
18207266
58023962
64011180
55085155
83116370
56536669
66953398
19878720
2960957
6149705
27755878
273316
56882141
34622062
71689642
15742621
52308483
1416799
32443762
29770124
15464147
28125977
74428539
79286600
36054557
27577507
64769607
52779496
251298
32740030
38487782
18812730
68189844
26353943
40403441
1547374
22783700
24900976
117586143
48484315
72788904
30160531
24684064
5359353
62962191
8593956
60849927
11362653
60828803
9037674
39414990
137561890
25943176
21420090
24264051
33139289
29015772
23023407
34792701
42675079
39903886
25980138
75778299
18286090
68742834
19661277
53228954
45502437
19816992
32308248
13367348
53289810
136980705
7475423
11987545
2816985
13010664
38352581
53004279
4846687
20420347
55720980
67957919
80178685
10983293
116330647
71572592
141596760
68617490
87429252
15195902
21342956
58532234
6092768
3373551
12168519
23786292
96727647
20195034
2327052
105101154
34627739
127494
17579325
112258845
7174053
16671864
71253216
55028537
55323641
29541229
92338617
4134061
22373570
95627035
30993784
79198352
8842174
64399560
137389
17621467
20165794
19080710
28644763
18487718
13625408
71487135
6244205
38548666
42612515
25489319
26643323
25099905
37716857
18428250
11009220
44568743
18399463
36095866
42493045
88648676
36710506
47417011
33143176
26867862
36501113
54336581
68534706
29677213
41453523
97469171
12113894
27330976
58317880
56950546
28744076
24948648
88324936
71682057
88618277
23625371
12928046
104369803
78511594
63088000
84849374
55804469
16736294
61626900
32498257
69221022
1237894
54208341
71863674
7714585
36950861
50780692
5450388
5907412
40290452
386872
85164059
14444747
27946774
42074021
771532
68252912
68669061
26774542
40360455
59517358
70324456
4914474
17751445
25643991
51906975
30804448
26252784
15595520
29263659
25483715
12505302
3612391
57712893
46410262
36917373
81706083
106272885
42646001
95813358
12771098
68242231
43911776
2275620
45695035
68052976
16138142
13407157
39646992
8155892
47598941
119837920
17609639
17374239
10855835
56045127
84372908
50447489
34607961
6007001
81068387
63797067
2988309
32730763
10959347
5719964
42376302
49365582
158744467
27160719
110284382
10849014
42800665
35480047
46671408
74030613
99410690
33137521
79519047
117573319
1170413
1647687
18015615
12652383
38905524
49131845
3242674
12716350
45660230
81455590
6415950
67095220
23957658
37936134
16350855
56115018
17043590
17850865
29994489
11281164
9767903
19933011
72471668
75110377
35906502
33916808
74568915
34905557
56075908
34513759
95817315
72101435
31912414
17191130
33503070
14557529
9861615
55609924
19673321
19323793
36395614
19257704
43276762
78122109
43080306
65801998
44814601
70372400
34362386
89996034
107582883
29138313
27203760
3379113
13148681
29508087
27704005
1356447
65278648
95213470
30660150
57883372
24007927
324413
5135433
54648412
6812021
78947263
23002174
58537636
80955429
16178489
27266706
18579817
12767480
44380365
69370997
6437628
73883073
35442354
2433397
55898885
41228781
30583620
118221438
14908822
29359993
36406559
48563982
25180268
101352649
16328359
12328021
12492193
87660142
34961570
101234265
32727066
63413807
29420887
53913256
88188540
9894303
115351304
90482226
92150015
36615664
48026287
40322951
37575409
71333925
3783960
3732969
46631535
29412077
54909679
35588933
38614973
88771894
17559231
19044867
87482083
3876588
38126687
33476254
53521523
59619446
7454703
61610032
18566213
65734255
55828306
27732122
42919282
36014556
62225742
58135870
18136283
5862712
22422760
22100547
16700058
63816691
107774830
73848946
46144452
59011124
31557339
56243784
48648051
12424681
2950330
58465412
113931096
42167638
62624192
31222223
26775045
88284289
626300
23692
73819664
5678240
43341689
16145574
44844106
50053259
94852669
38580617
37068566
77449026
33284045
48565361
32533770
20686342
99225229
29629443
37117622
18976827
1269121
61065040
51224086
30726369
14721607
114109922
18036386
77822318
78788105
73512981
109666241
28245195
34772879
15092791
7331870
7064247
72628291
51782130
21721760
60767734
39155715
65533009
44319305
19602271
9707470
64735560
13457083
48954566
26471577
70269460
28596467
74480631
42472262
57501598
32934806
57405960
59134166
25592811
12437192
59627620
58185144
46994012
3251378
25108506
66272533
64379034
9792494
57016584
36381427
12532958
5415212
8598319
47924561
13308180
30224373
5593352
34503609
132179187
67531971
79469876
8919375
19906750
14728643
40928326
75624214
94357113
63355427
18524586
41599523
49436182
42235223
282695
64156783
20015947
18406581
6270999
19074681
600361
16447797
13491188
73727470
885338
15466539
1780260
63465573
3325328
26472397
21840566
109480713
84410648
39118604
32783449
4725922
72223445
3827703
58279518
69356300
25782719
49602919
29233640
8216265
70295368
10898905
54049340
22329030
79591214
53337230
19847777
20991693
22425688
31601032
70955113
107889951
65383547
44572285
55819494
2236501
24080589
39858030
20276445
36640120
124451729
31646105
5173522
35316746
88449503
23013011
37632671
35923171
26993811
72903177
17982009
47563147
14109702
53081599
52015731
38440383
60464930
11635250
23128946
44233634
25708605
14731185
10156267
33032825
46596680
63422732
28352567
48190594
37024331
36249611
62990536
21612704
14903439
53332263
12328906
94967555
38626761
23346625
55586457
4474101
36619983
81746256
9716640
20151733
42098907
24410218
18672093
49677352
47897620
15790463
5282370
72750494
6865063
55608613
74635569
123415725
2572444
41882464
42188612
63871183
59204351
28191028
142543201
3753370
62941904
39025836
46020426
47691081
6358962
17821145
52866085
84038602
75198843
63584713
44904511
53952578
22549207
56020529
1535928
43300637
18479493
12318956
34572523
13719155
59656602
112731607
21180163
20129922
56634258
9480417
5353290
60851123
37805868
45277443
78953466
103584989
37575174
5305667
66416812
41232030
14726681
129200076
5888563
12218471
46706128
43742092
42687713
68620274
12353565
30845046
70536590
20977894
30458406
45248485
70860820
51038541
5689709
129626801
89656942
73195607
85225548
54112444
16845838
85989501
9484849
70074394
70773321
1185850
68187055
5121385
12122968
69509597
79396487
37510186
66084843
12706989
12843614
4109934
46977043
48615097
56304313
14816150
17966331
19520910
48588719
63203168
31626348
64943493
87066948
26269202
33554581
290526296
77793082
8688214
43682568
6119797
42082794
96273465
1065101
20191667
44606089
54477330
47661879
4847841
44096313
66586859
55950463
52304499
13057547
1508074
4555609
32034177
30474448
59341798
30422026
22040229
52541836
23766975
1424518
49638982
32041402
6753981
38450088
69960243
8730863
20553558
30517709
54453563
65276584
23521218
119927991
37549849
67615989
24848335
66944025
78449190
16043223
7204927
5698033
10873536
65737056
49589036
66399917
68748445
39444471
47099269
56286624
60190905
77964476
8890769
35379574
18360269
64421380
85271773
6990699
7935387
23912350
17312926
5544438
2940389
890300
46733829
54959032
13960404
91268375
76135790
50288076
35706569
9601333
6400743
51456748
8982870
70365085
27779007
19692356
12894988
57885346
62455260
20529887
15403189
67835122
142337349
338789
55477621
57081508
44203189
15205075
86151718
35135287
15278005
80442331
3470364
18282907
46599616
23194740
77754426
66056321
9637705
60758760
33477754
101827456
2050673
31012420
14538520
5304371
4780670
16237414
101479177
9478643
159706127
3050276
27173132
44026545
27398658
36525610
50319012
3861339
13558588
51735374
72197647
83991306
50262722
97945392
25284526
34399743
48262378
15558768
36367205
42596402
25150906
65646211
18325958
44592150
1465742
70090046
37784212
79434032
35274921
11835202
39842737
9829372
71594592
2491029
27255675
12704386
61314996
35472715
61486381
18950123
44174607
17263398
19287516
18193074
111393046
13406008
24098419
95429914
29674008
69080545
14532127
27522302
54990447
63758538
68801154
37829211
2506081
20289358
61960254
10351628
99995429
9170641
66872426
36985358
30950983
28685717
115385415
130481327
34615606
36020155
48239046
39582041
90234602
40329486
43494914
37291240
71941583
98825877
28401431
28259195
20704972
106325457
39132808
22178523
25093550
7131498
39431435
19675074
52911339
52686950
34011230
27255148
6881323
20196416
80697643
71608383
18766333
59753903
67760899
46803501
109826711
30392817
107487579
20714965
8346197
17896629
21871071
15293869
18490347
22364489
59492958
47100618
107872298
11802424
43139586
72842027
5676926
28999637
277893
23062269
4809077
35212204
4374525
207455
24970354
3953721
89911417
29845345
52113543
27338399
53976406
31899363
82407833
35662155
127290024
25307434
3154810
81876003
13416819
31852023
65067078
18946970
7544178
94092775
4108083
17233033
6562632
13787027
10493067
35850154
59665514
53516997
21762279
15332716
41324064
56322982
80275061
58299986
32429219
45278502
63842249
40926484
1131048
6651790
479062
44021402
43942235
34896146
32719956
58038421
13434291
15297931
5444163
25029485
15444446
50934600
52814982
10269643
85326089
9659305
9844289
16786084
4030573
81151575
10949822
11497806
18813863
37900312
37951332
38486030
20153280
45226416
79561291
10434307
37410191
35517942
32823585
7523887
28423696
69688519
62418845
69874556
48732101
13067347
23174303
58198146
24500405
74708383
15055466
100533564
95262255
29041968
77634211
12093292
42047776
50849945
49687189
64333070
40373039
81148016
32266509
27604910
110049793
7790236
35276371
11359188
107111867
53227730
59320733
33589338
41477916
60239534
40804274
16553202
63903670
9559067
171205871
64059851
25110648
166904
65276603
5618808
24900844
23212010
32619594
7805151
30263235
68871699
32559419
50222495
60215046
23235139
9633278
5608580
35012502
75986140
18260686
44560264
65578301
35599245
78725270
1976084
4686879
46864237
116084073
94144440
30406476
132750571
8646743
44642752
47184888
14898597
52990775
102064909
948472
3151165
24871724
84371234
30752702
36137495
39300772
21591534
32374008
44081468
39444136
50666814
15144675
9698687
62744608
4683483
9128662
19660861
4404555
48126158
24667279
24888854
62186279
72377839
138792075
45352844
89958365
48185116
52351544
10928160
32227098
86386717
11862746
32801809
56622745
16329745
17161889
50154806
11423678
56546102
26672496
13500574
40968159
36247247
10795491
5110881
25979354
8032325
24177818
41957578
25349353
66776668
8769517
39664866
16525649
84786172
70570517
18566020
26403970
23941714
9088263
3907739
36765059
56663946
17347802
40127177
39535868
31455247
6404741
74113535
45896302
11629295
43278568
4332498
104155926
87002851
18977908
33097018
1921950
13291786
85490313
24747317
25350746
28674814
53315697
36574251
44012833
72762347
10814034
46504007
33288962
19797855
16847583
54676816
20401102
38561016
119723285
39698480
8488321
45417935
50916023
42861007
70455300
11814130
18588782
3630252
6522939
31721917
163027571
46443722
5424805
61984185
3129478
8992323
109513197
62118146
42847709
196609958
90969216
31474559
43266997
29675771
5050417
20341893
9276610
53662310
11184635
26089372
18413722
128475748
35497688
34256500
11054730
87091842
8300873
117110387
98462711
62028868
102911609
14512780
28014465
22286832
54653717
3888818
52220415
76576696
21660688
14996177
67577068
38919598
69074808
25358484
24495456
31197069
82048472
21420147
34113904
79502093
11811146
21864001
2604918
20904222
5182877
35239991
5963344
83233660
47120398
17631203
71031685
34775680
43357774
18893736
136187465
7712843
68375773
737060
18547611
19311173
31190294
20955119
18315235
38173568
11369316
82256643
55437428
18666329
4991106
26827190
37621003
52483632
9709395
3788423
104494584
39305958
42617892
119143773
908534
16104340
4874850
25500321
6337913
27292233
30577870
8052837
17846891
21148019
16049149
6352687
19928500
21488995
13075160
38240438
9803753
61237672
53482524
48237460
50639864
33622587
25154031
25674873
41901813
69353856
29198568
43527977
84895847
40802999
36422021
111710735
15304676
53497147
6168640
34804664
95687745
14859697
62949083
53766641
14344674
75869532
4146406
51863819
16409116
14929003
23100549
111010058
33506619
11842604
70820920
18856816
35980766
39746587
5826898
115415351
57462070
41210218
123391783
21361651
49156960
42091649
51512450
62206220
4743377
19431120
13927395
43349174
15455475
45919349
48231636
12475185
25005607
22992674
4612212
53125146
63851097
73358183
27563575
3743409
55369855
25580508
32668179
56246460
53453671
61542020
28236084
60070946
47568965
31916986
8561446
51280886
24128729
13766950
21177447
60555100
48686528
40173306
19784504
25450914
9367700
22622592
51127498
6673212
58875548
25095120
67385632
118600123
87934615
42984459
43095149
63090000
16440048
6514943
25805980
39108678
9867333
43756856
48018996
41265001
55018321
9900446
15392521
74661206
45836775
23393600
9576957
22431854
4798377
66499025
36627034
4235805
21257225
20673832
6569104
78667273
52006016
441230
22082890
10339333
61094441
76749303
25963769
32162424
56364748
30752565
32794668
16542825
47145336
32568891
5416527
46988901
61783632
64672766
35561259
71006374
72867241
22715592
73949399
11201938
46014558
55974258
28256415
4814633
122707962
77256950
35045319
50825104
14890293
9886024
67030417
35576464
55568099
55962141
12458476
127647083
45020759
27694305
58467800
79847641
10631653
28000742
46554033
39068795
33055172
58531135
1420155
52940809
40438911
42295330
95063874
1634363
2279377
52903981
1489655
810027
171260949
67442093
31249276
28646911
48549608
33824127
22647588
52367304
14278773
24613908
54304893
59878249
31547463
11130009
26888272
12295816
42905707
2675207
4046745
19246524
31225436
4435409
28787615
103356399
5214385
70873734
23958241
725220
61836451
5769584
94948848
7843181
73146637
38057941
57290062
31386045
10348190
160841362
14596044
43942029
49017750
28632419
44886529
2350521
53796612
4723560
24516039
41363751
51844526
67557532
58762527
32454926
79654359
247814872
55152779
44763151
12587140
74742069
20842764
4553679
1741118
56178743
24511480
46834089
22058972
12962832
203102677
44618089
37405517
30978834
27566703
29699178
65455955
55918703
91274087
3836359
60152545
28948813
54555717
107557533
76275838
46383053
36326174
12200805
28067379
28499546
81618294
18544816
66228487
26864580
376710
33917144
56199423
48305354
22323882
55700805
26304675
13081029
18823401
42206654
66065358
46365252
3828751
47604620
35513771
14221845
13781704
46638270
19587638
31022035
52756728
11559917
20472107
55105257
97410841
54540141
20509312
57646810
12532950
49940193
25915564
41734073
28497530
68829655
33243172
66528220
89979908
52869619
71841719
57820273
36148416
61625609
5011701
77654939
2193424
74022625
14782536
41778614
24377839
32324335
24672892
82259884
57063729
52568863
23837586
57813892
66047613
57351159
76843105
35017503
57044292
11524720
947116
77507898
26949058
1460560
47759193
16722482
10265164
51860600
61909415
36099377
6333519
24701480
98160014
107993211
118814252
38447594
102297857
33853480
26495057
55226222
14726606
49430424
58794725
74762894
57580023
5877813
12512371
21596916
49918322
14980307
68054191
49724031
56034076
5946014
64370876
55005119
20593916
336471
11949005
30283015
48283440
17699016
8048534
7212821
106978954
51660984
163748212
89353826
35491244
69740589
53829461
36049829
43803882
44909678
41151248
53386755
72314158
28036296
45597434
48367535
59244992
23071307
59362912
11372649
28676348
4546609
104290570
77642674
2696449
60356774
44937386
23353783
51820836
7190894
2349976
4888853
37805493
32658149
130138881
13832875
103529929
31068255
13504205
90366866
9256357
74434552
54911444
32047618
69539756
1378415
79265415
44902565
204485
82845323
28669482
11117977
2276996
86648247
25002031
104553214
41579032
29716686
30442920
57544210
21515771
60055554
41214377
49817615
31649153
134550621
34575127
52243264
15732286
8389034
6605919
44676008
70809444
79804604
36226452
103003206
15262901
58394745
11615839
118739148
22720697
116466742
20704362
5020247
60441875
70704937
34988575
72583900
48906083
4600687
46258984
28719891
3881026
10533518
104772391
9199103
11104586
3940281
60073956
60123646
60639335
20890002
36842264
49527842
7373858
11941719
57812827
85561053
76582031
77361491
56496070
9446664
53046391
35269555
16268966
85497311
29457680
13642902
1218220
98064987
33473994
46505103
73689748
105963575
63302077
48389243
73461215
22009392
22239736
42202254
60469102
10221153
29994783
7181494
57253748
41835155
17071050
45721699
42749537
31971419
61658527
60308780
18162122
27250699
51671465
44839000
3392535
98592208
20522227
9171636
5746881
42080165
39790984
15209580
31404115
10183215
78250581
42452419
53252599
69333476
48135380
146385275
40407320
83157762
52991272
40184617
1204212
637113
3935752
43236472
49723261
8145859
148170594
55181512
13052386
97809579
60108191
41153618
124038089
16833989
866408
57180801
88313310
18784831
38242651
63480063
58445177
158310789
22197798
4963866
13395343
18300988
38811809
84533828
68275749
61460978
148186187
74831703
87511484
22747954
114643149
90082113
82345221
7360379
13297864
37265683
43974224
47262726
23800499
61433066
10105676
105029551
965671
53821073
25892745
101191063
28654237
16214188
24441960
28229867
29457225
12958221
59327003
62814821
35327042
14659396
38432050
38882912
40035399
21271674
19164852
71582202
34507686
80128001
133773949
45402378
35845311
1790154
39305329
6920889
26321826
19798682
1133279
76640590
17593950
110137662
51150151
2069688
45413196
54524874
1306196
21810946
4331115
102583001
41969643
75976059
23820487
52012209
53237546
46129571
84160972
85197802
105759334
39394164
64764930
9554471
18058720
53302709
1222349
34077345
37235068
54546926
79046331
49344198
56141172
4148936
59503344
61493070
59639649
69803856
2520963
36576356
55107152
12385027
26976321
9159889
39671945
19735636
39427675
27903288
13405728
5476791
53113038
60411813
2687397
16378232
30375384
15719002
3683154
47745527
14407871
72851799
12627992
46790624
8320238
26520375
29777236
34299182
28392647
21305292
21155759
85508710
11854873
9020
42800559
188005
50252751
69997254
18612690
26267719
70918963
22981166
35395996
46022808
114883066
23131695
57975980
126389518
44670500
27720296
2512986
34975170
21500269
44236711
36741433
26443060
44056978
16298432
48639828
93282100
69803605
4197848
69342006
100141681
138709155
25521206
18961864
52903308
17328619
29544681
60715045
12215486
55684346
31165432
43741765
48120801
71853505
75881360
26025142
8244168
23787647
68089337
35498998
8156795
22020928
9690196
212860310
68921686
57459500
24698021
8582917
13359180
20630838
50420107
34120060
9550792
1500941
39226810
1067443
38905014
111958644
43976345
33238504
43475302
7773655
24845988
58823135
70143925
20926980
7869909
42688932
52343631
47885475
51563625
10179528
66259556
46330549
35483351
40896266
12457915
45224060
50819162
219731451
64755661
212479008
70539087
50967280
7895816
20166369
10173404
48074253
54891559
25055181
82005390
16609291
101171136
69648130
51683305
27341589
121331525
55661821
6384312
38832527
73343842
53212294
43408512
6777417
63296341
41205841
83026380
26248954
46216000
11974978
40211558
6065456
155674447
29898199
10659053
101134474
20918984
6284918
26844792
52084363
26002432
68994141
34873132
43360891
12298229
51237459
67263522
20081816
50404603
40710134
64725889
4975042
59288729
30555061
66033635
67780465
5253944
148018551
23815989
8944804
17193609
28609741
94035189
102274798
1136137
2261312
70012353
17111850
50552595
45997961
109861377
34671470
143632068
3215322
47153059
7682848
4623010
49227881
25648063
48431423
62743954
61155999
95766667
33398701
13077615
46768098
19542878
14534706
30386430
9582893
37962287
55202433
5961915
24108770
17508172
70338524
4469781
16062516
17935227
213307
74413051
50441675
57508953
48484102
75998156
31870776
58446711
16450255
49294755
59810404
41433079
28342780
52150306
10230893
11452992
63676223
9405521
19500432
43962940
71366571
52309658
47615627
13477275
5364980
13203080
37023823
29209203
16174379
59400649
25526791
21415852
21563910
39120272
504434
37961920
38570821
64637825
36069326
3463824
47922285
39090271
20549133
3152324
39223707
26877314
143273808
8803287
32945215
32586185
42005460
26817710
50284301
26864573
70369292
14562024
85079445
61611319
52824268
48537910
1924503
35050145
29232412
41955903
10405692
30509108
17908030
73871566
48013116
56637635
8186733
95860984
68972476
39831973
50775676
699234
73528344
24364878
49646497
19696985
38212024
58288635
34901199
10790204
60123048
30648026
22615290
7714339
38297083
29153865
39320047
64869981
30354656
9452630
821679
30677567
46038889
51274677
76479866
41309241
24301860
31025060
60794646
104592730
19691181
60426206
96162078
8536040
6967354
25114207
15424530
5596852
49770750
12268485
30363169
5314268
4706327
408801
61355249
23230051
61781441
48119846
2959009
9958232
61440763
47001583
11437343
42137925
56086252
3318758
6581672
54726959
12491824
15105049
62516727
2093226
36663954
6200201
22737649
59493924
33852176
32438089
15798316
45331444
21205585
56582772
15169651
33728279
39440889
59833345
127567405
46760172
25898714
12812942
79954873
8496351
85518899
78107258
45291751
69336275
35499543
28598916
49043326
35538471
53481263
16662426
76260814
52229056
3368474
12125278
30369788
38830991
15210236
2167494
15687230
16697745
39127278
189973
55779057
66442638
54360218
21927735
17347335
66778409
50112484
46446022
102790274
41971653
83295299
41336844
19735433
4893447
16569276
50301375
15140668
57059075
6048779
15064478
21882398
26248260
44232390
29350593
3243216
48915450
30381113
13565238
26263868
13728964
46222287
25481514
39653014
70841517
33039595
113994160
54882342
8937820
21317556
36882663
13058073
12082811
95124627
35323062
61628431
46346515
45445876
12717059
1895901
42694657
39035818
32922111
9410344
109593826
66063392
45513014
15348304
75262624
76881989
56211763
65461096
61416323
110422290
58758556
61018331
17152741
17553720
35041610
9559052
24747591
301453
2132689
1296686
18952540
28885017
78291408
27946851
97027644
14644292
29859731
43170017
43592233
85076460
101974915
52115740
44144279
32704759
47318376
30351050
471257
33965869
93730363
12918624
9010699
204961078
60308259
568765
50330688
7091048
37282071
69855784
26730047
29412600
9362116
46820390
5773243
22558579
3587323
72245046
13791578
62572605
114440956
20429296
10807851
15180231
6107952
33387091
1587183
35461190
20697850
86648347
10008190
4705491
35562017
86946245
35147352
18990235
19256720
3193088
52942311
89245867
19735024
51947672
21175570
25784554
22880990
10629270
50097518
20569465
81631973
66779693
53181591
81262849
8795272
22759362
18712272
109692908
23508076
72779065
754929
3933744
10605135
22371045
3222969
44164054
41370883
70674418
11835508
59871012
56307450
24899347
40819331
82866487
72206492
3520331
59775382
14919049
18752843
19616196
20845972
47122193
46944931
9064971
73015474
35083892
77796355
60999324
40301653
59249533
38592608
75926957
127835401
27163650
15310380
49480378
20548970
5808850
6038797
47115205
9807285
15683531
37002088
65842302
33725445
4935909
33919478
42969392
27773045
61227408
5091307
22040116
7722092
55618172
33584752
1015806
13438933
8664202
12797489
22977242
34455447
34689189
51612686
77818135
28265643
106098
88225283
16681907
7077377
90430979
200944082
69559601
32820390
65996186
9806197
17809394
10202293
75155877
87392079
6958561
87051161
29477075
33268740
51467980
17021800
11285849
72522424
27138376
37191818
48182216
20561540
3909722
27737565
63097393
9751968
14095168
26897512
83325692
29641249
64178906
7927705
70813757
12499008
21917426
26400672
8814971
6823701
35724213
29613498
15703336
63488136
23168050
18524340
7888535
27021131
21113912
21715430
43324997
18010003
37446994
32113132
38845329
41691109
51724851
95225116
22633753
103095203
20123876
33303213
31091373
21323692
17706122
65472002
76286077
57788529
11764131
18497334
2774548
16115402
5686262
30397956
44072826
51146491
43090081
42618012
4323442
106264131
17366524
70817703
72220657
46256679
41653371
58416949
9209243
54443650
49062295
19001673
25054244
32620896
187201
123349144
45782706
4682547
24636780
71609985
34618082
60846940
21275959
122457809
41416077
107113734
28733130
24311655
25054640
14729296
900380
78424999
88759320
34836427
89635203
23151564
54358959
12942966
30051231
15109567
70485023
40794493
3033829
73021335
40945564
29274432
64876827
46303518
67545297
50249435
48532240
102194653
25743723
112888943
29811592
14491925
71212452
103117955
81867668
55817013
53660039
39188522
26309774
71983895
15257458
46748019
47752064
38249129
76191601
147567949
987763
12785537
40882641
25598235
35196518
42530764
44924196
20910922
36224455
33761650
20676735
39206358
152329465
31145833
45009802
33311779
52219057
37646090
33214826
18091756
84881672
6461715
437466
45140873
29623531
64962660
40278131
67007758
11116597
60735595
35152107
46707424
9349182
78119726
80212288
2320448
63951606
67526451
2466862
78222833
37814233
4087223
43602994
29063035
51933515
43978337
58372360
69806763
6312187
44747990
57833427
51682903
68841676
63090761
45432637
23658175
138615007
105827655
13232615
27792066
98632744
17678646
12547626
18903751
42806590
34433796
31462459
47937635
44274425
27717906
30029013
37738325
48478651
43530764
46154072
4940471
100045122
51891101
102997913
22706674
14153650
34602066
20367837
27346954
106876728
50821977
58737543
36536247
32212741
57907900
70541435
3460449
43499987
60773245
9354181
111005238
22681177
55739333
51055853
98449779
58153247
30948067
12433372
33318906
80692224
28057480
53297158
44061417
8984992
10110152
51574254
106865850
27622293
65958741
60768439
25697327
47250342
38232798
73947978
30257768
78330018
3128054
39605686
11102322
45651978
28296059
144377840
36512443
43800710
33284223
49019479
44439606
27981950
139911917
11722555
10442109
63794459
54551141
48302361
38479812
18283838
59305330
36477356
9762557
15640266
13091246
39590906
39352045
47973991
30773021
82339502
63963634
70269554
21860727
3671216
17669933
42389167
7825885
45633483
56724244
13711155
8650271
86661743
15973865
41725547
141455444
41095462
51170875
41798850
43447187
908735
79957675
26515203
11956642
77194523
1272217
36039839
54999815
42868693
81315661
88908337
65913714
12491463
26721002
34726434
51053306
64808673
31233342
17056422
67204006
58792097
26229227
44146653
47784194
9691087
13632278
59269225
41728182
45445127
37548260
24124235
28301760
42222831
21660252
55485994
11113904
25038603
68960711
20258700
39798985
85741195
61171355
16894540
72127920
27393849
31600956
7588361
80179741
3806700
39123337
17162592
31998412
15594917
8427722
106916736
4718516
60989123
6423279
72511732
73926994
11068726
39301408
72864420
22285253
18777487
11993299
23464926
17175998
33342668
125278911
45741517
47071843
34749632
53041900
39918358
24367907
31350562
62629848
25633121
49094906
9738743
16578263
19768390
17017659
4544280
22064003
31104397
113645586
69744243
27435575
11100432
74564386
35757461
17050759
12851472
3254777
80220269
64933227
39759944
86364291
34074531
61428567
47031416
59454147
26438771
20904429
61574196
26969691
4044626
212929841
59797737
23075064
44391476
51870793
34715257
22826584
9176044
72669619
37208392
2809074
58620609
20417805
109195760
12423747
42054372
41343836
29761979
21940319
41460574
78684594
24798665
80187507
15075068
29919104
8957850
1049288
14506290
33345826
41335485
19963926
87146941
24414567
58818182
40322772
24695300
12470303
147763115
23679582
31891838
15055210
14339915
51586909
48393456
57843319
44954257
31935802
16244335
56807354
85406261
71414616
43141949
89521150
74246683
9906803
1037079
58279164
62710069
6448250
67433080
193078454
95203374
39468656
1985676
64161502
15151436
67513378
9077939
75154534
33247532
10567774
14825281
11089834
52951324
25720120
2905915
7040352
17858650
90720843
759064
53307807
35580942
54723434
15161524
18484582
23701286
55188741
47678338
69372126
17053147
46675372
13252843
42419289
14724565
108679042
90124370
34310184
54576390
36936607
21607180
37351310
54692788
9206501
10266166
76404106
57229598
2752521
44159482
51221376
45004108
84057557
16822016
37805871
21909609
73915244
45325286
73793143
93325456
14808356
54464187
106933715
13380076
24387997
23073815
22744218
65013261
65191500
72955759
28467100
67129523
48730240
105474479
28999710
20646675
50460234
19508577
6883875
2560599
33693759
50966422
82484226
42141849
18100246
45450511
55020709
7928087
10133604
62406088
101596475
33106565
1460454
124059351
21355532
17481867
17372714
40322647
23375101
80589526
19031562
48090028
71011607
17575947
65209871
15982677
100233317
64609345
55134081
22962322
93641859
87464398
9516423
35876030
38699280
9942061
54564094
9642282
29651029
73650921
53025240
42660790
85749753
5827799
581989
1979370
79055170
35895264
39795734
19724989
102960128
62336857
3262499
52245607
48107498
1449395
59772816
48818005
72460702
71134662
40237230
69679194
20034182
61984180
4172281
30794508
32300652
60906378
26389284
53832244
83792209
3184831
83176465
32929093
36194790
152141437
66474493
41262897
1579499
25407422
79707024
34596475
33310867
58970355
36077646
39180310
37034343
15827128
20141689
8125562
57040296
2019205
42059850
36676700
17298879
71623425
94437995
8572359
3475508
60382449
43875217
45417161
88133042
45228241
58437173
46074131
6423185
28634533
4671970
59690545
3735610
19159312
103544634
36600861
40813250
29552124
17491376
49601567
2075747
41245526
10333235
53967393
16900930
16974090
48543845
19458461
11441330
933864
37977915
24214839
49838036
82983223
53362312
84084654
9143618
84747713
28004653
48634521
67340694
36425855
1169189
60458169
114340434
4462829
36618423
50341298
52534752
41042017
108506807
63168200
2151375
18335060
30860519
57922381
13160618
100197114
29873246
5187776
66259791
69584835
5572989
47671433
4252515
33379878
97159472
46399568
17617235
8560068
4603967
29011880
5126649
68361627
69983730
17538333
33445171
29083530
20258021
46338371
110660655
8611858
70412997
11501041
57393906
42100134
31913200
26191355
30271096
109766964
33141410
65384114
53801581
41898204
53010143
39100902
57104208
111762127
47357939
25822775
24226691
2264277
14032947
30628322
31731190
39154591
53756108
58067653
99665956
29252295
26597175
22217532
55741517
60138844
189598083
99401883
18773923
30018803
42740443
29933307
19229261
76109523
14434818
155953640
39157064
28999612
28567681
43958252
13563428
20527905
42141569
63149371
88282521
31872479
843469
11996548
72352169
40172275
104337876
21431395
11666977
2345106
10326862
61242312
46765912
50102321
44373739
20914695
819829
44326317
17348456
34492597
83977139
40217827
44355107
58590848
88140569
136426401
4079104
82611557
72474208
40152056
34008833
44296042
83501830
61558253
32071705
14350399
36551213
61048386
32032339
19278194
6932068
58170399
81620619
8735102
48769074
17178098
10752922
68495176
19423068
41179031
41235295
3322931
57984874
36241414
36260919
51448426
5105319
98059081
10716305
68110096
80854978
34869806
19090676
48677541
26496771
11718388
59808395
66920271
42666197
16526624
100673845
14894580
46244179
6897115
3264436
50964962
52669738
94364570
8811046
13725531
22668385
76221510
13548194
35564342
30117160
53100634
33768706
2774804
49389764
68298887
36402993
8555718
53792910
17773850
38207724
47437007
2081904
55054566
25766133
65030336
26109203
39900012
21168654
224454
59232396
61351853
100166765
34318872
54995053
62529081
25895239
35964103
21200016
36921184
81758106
33433368
95404845
28454317
47106108
31226545
44891583
16985386
31827759
67293989
36290890
29471814
23615952
75140445
63602005
34560375
27547503
5934987
38948728
39323707
27664030
88964884
48286771
9407029
41231739
2921792
996711
45291443
89385858
53692953
29827301
122686903
143123348
76267068
66507955
24185637
34197759
42553092
27009413
40223758
5730539
42301842
45277128
98293799
5993019
45141768
34757980
40118197
15187005
57372909
1124628
92769960
85442824
69178216
978801
69941834
25112172
65268387
48652862
19327277
7275976
1733160
22911913
29814323
7862699
50630092
28965762
75719696
126326594
50303360
22683260
21895975
27374346
56982139
53882058
18326926
14927085
19082258
89685432
6360817
27491979
23704417
73446867
38295820
20879560
59306034
55772413
76483431
4771721
33468819
81023266
21743943
68472522
76627967
12477087
4849793
11725858
31711010
43340095
38170844
55995564
33614460
81929709
16527486
41997141
22869641
12858092
11616839
18695830
72179771
11738274
106851225
26468494
20052830
63739131
28575127
137070660
113520343
11078140
66969333
6530992
18159803
16253252
20790901
23553932
39458146
5930103
1590215
24905309
14240018
59827501
39295665
31813410
7933156
31203709
42237050
35497401
57312812
44095716
46023082
73022871
8155552
52557935
82599402
40975124
59410166
70306661
64828051
6082005
69005676
93062975
18038602
43933990
25678180
55635022
100602029
18805141
48059424
37865627
125308112
5493443
65557991
38925878
55726125
37328656
71543204
41502569
23217090
21058624
39500253
63505418
3698320
22470636
61970506
91371050
38422102
108119894
10498956
114961273
15230156
20507950
36860690
160164195
49622830
7779998
68078961
41251340
54934259
75573990
34481194
10847334
73816634
69401965
14935926
8601182
527716
14919379
1783590
42019028
63648146
76398945
654376
20540310
21855608
9867167
30474303
33382088
55497695
80638882
16950171
28391207
57595282
47305058
41737560
26376756
37062078
11305951
45134374
16981124
40781930
38816094
61649451
25574912
58439473
54473103
20196760
62443728
100127082
34693352
27907133
34616916
13804978
103236182
13960783
13342969
193288
21887977
8231770
66072778
60974363
41263682
52562959
37615632
75635231
4535749
48852864
37733657
29759647
98615132
70067003
82855257
9441767
59144378
25472267
30380273
30691665
34790737
3081393
46453126
62895224
42103083
13752352
56317034
80034268
53123449
36652097
16000694
166184515
67883690
25340401
30148176
3907140
36238849
26047161
13775178
29778933
1969347
14274519
37238731
60626180
36659419
25479026
48776254
12960303
8648658
37649739
50619968
4605104
51979848
12203313
38429702
16738337
102090290
34484259
37664145
47196652
31208404
9135003
67083678
22649581
33255216
15043359
66063806
89186310
1262248
17292539
39629676
21364400
18337952
46616827
20885741
57809496
149107757
63287684
4606548
5654583
44241306
64853966
64660018
55812476
17871926
52604703
23512766
9997584
58638651
50995569
10879210
75005517
30524565
34719354
43571773
22884360
247227167
20122320
73277994
17608587
12344927
20819107
103840106
36769484
41601086
34375411
13101102
7010630
65549307
114855262
76363940
14216567
23533999
56389967
67914138
4017750
77052544
28769095
121380299
32289303
33215088
63141005
6162998
28796211
9824249
75473190
12173321
14646145
110778155
33525610
52992994
33865691
59018861
44928660
44379933
70492212
52529734
19574069
