4220242
362275
2761411
530015
149331
436494
3408762
1948974
274766
3250849
1431191
2945049
2717419
2151640
1874503
641979
314578
686655
2730467
1453416
2322505
1790257
1785893
830815
1849544
62231
248960
388260
31496
58416
2138487
149532
996235
3361640
2755100
2644783
1710435
327305
2605134
5223322
2700499
1032340
1147810
3493741
3429861
178659
4240866
3387933
573262
1143853
2452869
1638476
2387609
5023818
1484339
98526
3249300
290477
2663019
759552
4366271
4266542
2095677
3897954
2143295
385829
4435529
2047020
1755749
3774248
409884
1704056
1336453
1868003
3992330
5228294
2056375
46819
2750725
1690499
4188078
1041799
645108
2376367
3833909
4136310
3064745
1286624
5008922
535165
4109693
1076463
2305873
2667034
3980540
1083258
3881172
1341288
2792689
225446
1931757
3804973
347901
5015197
1750666
185645
2991670
3298906
1303171
3081173
1317036
4134550
2817448
3294088
1991955
3622559
2071200
4072838
2159370
1743948
1721606
2058626
2660388
1904198
3704418
907222
1654428
3765400
2292907
2562193
690339
3522560
1533536
194419
3084743
4650198
1265591
3214481
4910829
4085128
278784
4749170
2878396
473459
4196607
1752844
2668466
4867801
4311354
3654318
4786981
4026393
5187776
3927616
1190624
4134975
3071516
2180364
1610746
3583459
3361331
48558
3778386
1324301
2533334
2758357
2571384
997752
2780362
3871559
1361501
412043
1804378
2869028
2156453
3982940
4350065
179860
2915587
34962
389329
3416008
2756853
2794734
4557171
3303252
4778355
552482
1238049
869245
3164741
4536707
1611604
1186291
4719710
2805199
2970758
533064
4319952
4207812
2770865
865938
1969185
961303
1548040
894863
617171
445446
843309
4121486
1362167
2748817
729310
2335430
831079
2640807
2469626
258623
1644708
1824793
943727
3611651
1443960
2088514
3726262
262477
4699614
4726376
1361240
658044
3281397
411318
4381602
199610
1983345
5036828
2082014
408444
3348120
1524483
4824423
5156209
4546582
1975677
369341
3013945
1655845
3146569
2903105
3135551
1420714
2988632
1608296
4487370
4713685
308284
