0
0
1
42
186
1491
4
1
2235
268
1364
397
3329
567
261
426
155
929
0
217
301
1
0
95
169
1593
1009
0
981
1
187
216
978
0
0
298
0
1
0
1
1544
785
1639
1
458
859
1383
516
773
1
0
524
0
53
708
1
1
1
102
733
1
113
425
1
177
752
0
1725
354
0
492
0
62
524
1
317
46
918
302
91
1482
1
0
0
1296
1
1626
1
0
54
754
1
1
613
926
1
774
264
1
0
0
0
197
0
1
1341
1
117
1
500
83
1
1577
2195
15
1
199
0
237
270
1827
374
140
931
1
1164
945
15
0
1
28
2307
1104
0
1789
0
0
1
1778
592
802
594
1
1
351
1
588
1
0
1
372
1
1
0
1974
0
510
1214
1001
1
0
1775
956
276
1
1
0
1
900
32
695
0
0
438
1
0
1138
1216
0
1193
0
0
758
125
355
0
0
1
1
28
103
236
0
0
1
1754
2595
34
1
1
833
470
0
1364
0
0
0
1
138
0
1538
24
1207
1
955
80
952
1
370
790
618
50
79
826
37
64
2
118
0
358
753
0
406
1128
1
663
298
637
0
296
396
1
1
156
837
0
1
353
201
907
214
1231
0
589
1388
491
0
271
299
1809
0
0
1
369
462
0
1
1
358
2156
62
0
344
436
865
1
0
340
483
1112
0
17
256
1
1
139
0
0
0
1275
390
0
1541
14
1
1
339
86
37
1192
1
415
569
1
346
98
0
1897
0
124
1319
1
1
0
245
1
120
0
112
356
1
1
854
417
1
473
141
1
982
11
1391
1
1
1
1256
1
1185
421
1
0
1
539
952
0
1
0
1646
1
0
881
3709
0
0
1
0
690
516
75
64
1
0
653
1147
0
677
2116
1155
390
430
0
1
231
1094
0
0
223
730
1
176
258
0
1
186
0
778
0
604
1302
1
0
1209
1
1
1
271
595
1
479
1
3302
0
1776
1
1975
443
2737
2114
1
1075
1
2612
66
40
81
1
826
501
0
882
2
2845
612
0
1242
0
515
1
9
1268
1
1743
0
0
0
760
228
413
393
1032
1
400
1
757
0
103
1439
109
1
2150
0
0
783
824
1
434
219
1
1
52
0
0
0
887
443
1666
1
1691
1016
1
1
1498
1
0
1013
0
233
237
287
259
1
111
2102
0
200
429
819
0
1341
1165
207
494
0
1
138
554
1
1082
1
1103
0
1
286
254
1
264
1
0
0
0
0
445
770
0
403
405
0
217
1307
289
1
841
191
1923
1
2244
3999
1
110
0
0
1059
566
2568
1
0
4407
571
1105
675
791
25
12
256
1
2313
722
1886
1
1
1
1023
301
0
66
54
15
336
1
1
81
2
0
268
0
0
637
64
2029
1
1
7
1
1
1
0
1127
1136
0
326
0
1061
843
0
430
626
0
1
1
243
437
856
1
1
449
778
0
0
323
887
1
0
215
931
0
1
0
1509
0
964
309
0
382
1022
1
739
64
0
195
956
0
481
384
290
1
0
22
528
1
1
1802
693
305
1
0
0
1
0
293
0
2277
1
1
1589
1205
1
0
1
1728
1507
93
670
1
1
163
34
79
3651
1
1141
47
898
527
2
1720
1
1
455
0
1339
0
3269
343
673
1217
253
0
1
604
1224
971
1044
0
1203
1107
177
220
283
247
406
404
1850
16
1
1060
947
461
0
69
0
1054
0
704
0
1384
0
461
445
1
0
820
654
0
0
0
1667
0
1
1152
0
0
1
0
636
568
950
0
1
217
287
81
1144
1
1
1904
40
0
507
0
2516
1
1248
0
1
1
193
1
1
249
0
0
39
2718
1
123
12
976
1
679
1391
195
1312
133
0
911
238
1
417
1300
0
253
602
1
61
1
759
80
167
0
0
514
460
791
118
1
0
222
171
1596
38
58
0
1
0
870
1
1
368
0
0
0
106
1878
0
171
0
1
0
0
1176
1311
3201
724
0
0
2291
1151
0
1590
0
2048
1
409
42
57
1703
0
1
0
26
248
154
843
64
135
835
0
124
114
1
1
0
2990
1
289
81
273
228
78
0
407
275
677
1
969
99
1187
1
228
0
1216
372
1
1630
549
0
558
41
0
1820
447
332
2275
1
795
90
588
1
1
1
0
0
1043
266
39
0
1
0
494
54
1
592
1
1064
658
1
730
1
1337
1241
1255
483
110
427
1509
295
0
3424
27
1214
1617
1032
1
28
445
1040
398
146
1
1383
1661
459
269
1059
2223
1897
0
1
0
1
1
1
0
155
0
1
308
1
0
1
186
305
2203
1
1
1563
168
926
524
1
324
245
413
1
1933
1
235
0
318
133
8
232
313
1
1
1
240
525
277
1507
3066
137
847
2636
21
59
0
1
1
792
1
1395
383
42
285
2814
0
413
1
2460
542
590
1
3156
1
0
300
503
1165
1924
592
345
0
441
798
1
1
407
1238
78
975
744
210
637
1720
1
702
318
572
1877
111
492
1
39
0
66
3091
283
1998
1062
445
1321
0
725
71
1522
1
482
53
697
1
2041
546
623
19
276
269
0
163
591
426
501
1
147
1793
774
299
1312
543
1
1112
596
1
1
1734
1
1
113
0
366
875
21
0
52
1
156
109
1
0
418
1271
56
236
751
133
1
1437
744
880
212
49
3445
34
1650
1
1
1
232
72
1506
1178
1616
739
0
455
1144
400
2221
218
401
808
1
1
137
0
0
0
1
478
3428
0
0
0
68
95
601
48
118
2869
0
271
83
456
0
109
373
2232
129
1
509
0
553
772
1275
421
2350
0
0
0
564
1
188
0
1
0
5
0
444
1225
609
496
1
1
487
838
0
115
432
1
1221
253
219
1
1349
1
336
1
1
0
1
0
1586
75
905
209
455
0
0
1
187
2
947
933
241
46
0
241
0
0
0
0
535
223
971
96
139
1
492
0
87
0
0
1
523
1
1
1
1252
1
241
54
600
1
566
70
464
948
1243
690
1746
1805
0
384
653
0
678
544
2027
67
1
0
1
836
233
65
180
909
1
372
0
2322
0
0
180
0
1
1
0
798
1
0
436
1063
97
1439
0
1
0
1
320
151
1
1
0
985
1
1
1
856
1
720
1
1
1390
718
0
1
0
1
0
273
1
29
348
127
823
439
159
779
0
0
606
2218
0
1
200
1
1629
1578
88
0
0
474
1
1
1
0
39
0
0
1647
0
1789
12
29
1635
248
349
1
0
0
1070
1
1
309
0
1002
0
1
1
958
1431
1097
496
2927
2060
731
1
200
1
0
1
0
109
1
300
1
798
9
126
112
0
518
2043
209
0
2191
779
1
1224
354
100
1254
1177
672
236
168
440
1225
1
198
1
201
10
93
1
1
477
455
570
212
1
0
1193
1
47
0
107
609
118
576
476
2755
11
6
1
0
665
1465
1
1
1036
1
453
1833
1
0
86
973
1459
1
202
1016
3446
330
41
1
239
0
0
555
0
1562
31
131
0
330
354
2319
520
1
0
1893
845
0
53
0
334
639
25
581
0
1
1
347
70
1958
0
498
811
1
3447
1184
1
0
2037
26
98
1
2843
802
808
799
49
1
343
1709
37
301
253
95
555
195
1
64
1
511
28
1
0
274
1
0
843
539
0
390
300
606
1
107
1
0
1
1
1652
1
133
496
260
1
480
114
208
0
1
1
1
665
0
234
744
1
1
414
1485
0
1200
135
127
490
456
399
74
1
75
0
749
0
2966
509
766
3940
1
0
1564
1
2820
0
2398
479
483
0
0
232
6
710
1
60
396
2733
58
220
152
193
1
1015
228
597
0
1
166
389
5
184
434
0
0
907
436
1
12
42
1
0
594
2181
1823
720
370
1
0
1
152
1
33
12
1
958
1
1
1
275
445
574
0
1
195
160
1
357
326
852
1
607
1
1
1857
158
0
1
286
412
2486
1
712
1093
170
1
434
1
1
1219
513
1
1
369
901
0
1
1035
114
953
234
1137
972
1
3644
0
1744
2567
1521
654
101
1
249
374
468
1
348
0
2476
349
481
976
404
359
0
179
0
0
78
1
0
0
0
873
1636
835
0
1329
14
0
1
1016
132
0
0
0
445
1
0
720
8
1
14
1
12
67
1846
1
1
1
0
608
1
1
2504
1
1082
408
0
1
48
580
0
0
2240
194
1
233
1
1
110
1
1015
33
0
547
2165
0
1
0
1214
849
241
709
266
511
282
0
655
83
445
1
328
473
1
1
0
1265
1
1140
175
781
2880
3324
604
3040
1
1
0
4429
1
625
1082
409
0
572
227
0
0
0
109
2746
386
225
1
0
1
1736
745
1
1
0
483
1
36
1
0
350
51
1
931
0
1187
1264
0
1
664
1189
109
1
416
0
1723
0
359
0
0
138
320
1140
324
1326
1
307
1756
0
1
19
689
76
1212
139
1
1
0
0
0
2248
1
1
1
1
0
106
205
602
2324
111
187
4
170
13
0
1951
31
216
17
287
1
1
408
131
1005
265
0
273
7
969
1
1998
521
329
1339
1
29
750
584
1
1266
0
0
978
10
736
18
34
690
547
0
1
861
425
1
63
1904
1
1345
54
1233
1688
188
711
866
380
3317
1
0
0
0
90
830
0
1
34
661
30
0
45
1
831
666
0
14
405
2653
645
512
1158
1
0
235
0
8
244
295
124
83
0
876
2245
0
0
834
0
223
138
0
2149
1
984
1
271
264
768
290
609
1
1513
0
371
434
116
408
896
463
778
541
798
1215
26
0
1
1
2122
217
2526
0
0
247
0
618
950
1
1
1129
492
38
235
1
1271
0
1144
1
2116
132
1356
1
0
234
165
211
1
317
1
946
1
0
129
0
839
453
3625
500
3420
0
337
1
1
345
871
39
1291
0
258
244
260
1421
12
0
330
2536
545
0
31
1
0
0
1
1059
0
1109
1
439
0
1374
1
194
616
0
0
724
3099
480
255
1
188
