9110110
5797955
13459282
16849962
2644280
976115
10368098
4523073
8243673
8242384
7450647
3504891
331173
2198769
7703066
7701391
3483675
4423828
14831086
6987903
7402040
9446595
7817262
10471748
3078667
1822987
10087818
6416604
4262885
9810210
13208483
11845564
831159
8436731
2394706
6723227
3706045
1997722
8838269
777319
7467602
14649525
14448458
400189
5972859
7218606
6116793
14942149
1036206
7584520
6752464
14557920
1632094
9907546
6603613
283478
8754202
9167209
10609702
12730127
1589444
8994324
16683492
9033343
3119496
9636335
5861685
11173705
2129669
5909288
10590595
967485
3892100
8498861
6745297
10964911
4434253
8756998
4775424
5993014
9992852
8594254
10542118
7620022
8209607
14803826
1335943
2640062
3368264
364047
2145753
12617169
98739
2927999
5665378
4885561
8194555
10803980
6446588
34947
1647223
5368218
6117553
651276
2918883
8851922
1831361
8410091
4545214
8231048
482389
2954108
7481467
6211682
5416898
8585181
3044560
2627817
4088825
8683415
5672062
8159144
14166744
620970
9805926
2399836
1389157
3805326
9907810
8926264
5884501
2927929
6629125
8750336
6708599
9559593
11373348
4194930
2809974
7600754
9748460
4605838
10643805
1355345
6771530
10915673
16225059
1618584
6420775
1152920
2930803
4770526
10262478
8379711
11702975
4825730
4319163
1794939
10262086
11287267
9117651
6162882
576767
4926259
4935055
7487809
4937489
5918291
12609326
829148
9742254
8074463
3367131
10014895
73105
2207605
3201541
18048571
8471435
2384980
2430056
733197
2140495
2698079
8218793
2547393
10311156
7545957
6976322
1478670
11621495
4285123
6845171
890544
11709882
7861442
9629472
4981626
8909448
15893661
11564765
4451106
9546063
9871022
2540767
1212752
1661343
10236712
9553322
6036374
5053140
14005824
1537045
1891991
3499663
1038262
12097861
4821357
399260
899983
894151
2634764
8047845
10165359
516442
868493
10873329
7238940
9909436
14250453
10086624
6850437
4320492
4560619
6961010
8915404
15687445
8090580
3935768
5412797
2961587
7589572
3457165
5646970
1570692
6644408
5434078
8861883
5088972
7309403
824106
5447028
6188181
2475556
10628428
54866
2590799
5427273
14347684
3498875
4826021
6170752
8039125
7394987
2254379
6351184
479764
10050717
2607492
13437819
4878505
3023316
8257522
10916283
7600221
116810
9170117
14694321
7661712
3744897
11699237
7097990
4713983
13459889
4425421
193370
4160844
1957303
12047644
3256033
1640162
253667
687942
5334867
4530365
1353805
9437623
7934851
14655362
2275264
8942170
7419834
9730665
4194721
4884286
1092512
4798652
4376742
12883012
6005699
6696275
9413951
4862045
14298816
9411998
14739534
1544728
6551877
5867943
7713782
6608727
8061173
6169889
5026657
1081074
7173415
9963088
11969458
5144330
11220084
924165
1615817
3538828
8061032
13597266
2002300
3225061
2350573
8910382
2878058
2920358
10740115
9765873
6784581
3275368
14243317
1941801
5232652
7485455
150221
1134386
3665399
1245932
1463622
5225213
5657601
3740561
4828286
538969
5018490
4245854
16672310
7330582
8130681
9810703
3922805
4195081
5962370
5388368
11210681
7482524
8418870
120137
4633035
7568192
3372927
1671465
10104991
1457323
1236419
8803398
10814214
7068079
3193534
4641744
1989273
6238505
5902931
11370187
7036934
5281391
8919902
4335385
1460104
7428519
12857555
3995933
8054813
5139214
6362183
3420652
3790464
3389478
11846327
1061206
9520246
7817218
5264774
6809103
7533327
2779254
6424394
9976137
10933115
7668143
8751013
10301445
10200210
408428
9400360
4599761
3986978
7557957
9230862
7816487
4537722
8898076
4698130
6376399
2453336
2899115
7406130
2232726
1806898
6443194
9288849
7966821
1346947
10502047
1625435
2994048
933595
9953739
5067945
3211990
3079970
11405836
6782960
3604829
1029994
11185213
15226163
18768729
1523563
2160029
5971658
3917280
4870415
192645
10547742
11447147
770292
8330280
9618206
12153704
7994114
1704695
19346934
1202556
12747732
2564540
9931459
10848526
5159332
10485760
4316031
9554500
7954030
9864146
8377758
4463763
5890314
16382886
2899355
9307240
4821980
321031
17495534
1504983
10690692
7194913
750650
6725045
6940322
8139195
5692398
889410
9551391
10358946
8049096
750936
12380134
10776615
10151515
2798218
5708992
2664594
5562345
2633888
9662894
5237468
4346800
2508130
10341922
4635950
4668758
8500325
1803602
7582442
7351542
12939033
8649757
9869698
18014319
2337364
14837347
9955704
9666337
2136641
2210723
11822052
939645
163406
233810
9585692
1891970
11781874
3218925
1288286
3952558
1091278
13373886
11115605
11839328
13021291
466332
115149
8022713
11693909
106944
7844008
6120584
462144
8981623
5387560
15984888
7260740
8627301
7085553
6067943
4601404
2817238
421186
3510270
13167706
2178111
3513197
532751
4041461
917390
2887250
11950182
3177650
2651951
2589247
2102401
14904665
6406331
2675194
7026304
7785076
2697662
4604044
9877021
1056424
9100471
8809076
3659667
8395705
9105238
10540451
6214246
660813
8044744
2507789
4306798
7358256
934483
9382431
7420264
5796351
10920867
3328697
6913453
2276411
8250815
9106523
13389114
2396745
2438334
16099597
5523547
15318413
4563759
7296893
4649393
4748717
6807203
4931639
7100641
9195977
8633665
10066552
8966894
4895977
12469190
14868915
393741
7079364
12904002
1347932
7576045
267014
8708624
987422
9333812
5975326
494543
7460814
4543901
8827529
12838771
8081353
5392760
4899524
4002577
3756832
10340927
5922428
9942458
5784136
5572556
11912308
10399934
1134214
360451
5879848
1819877
13873928
898298
2750062
8924015
14117962
6422270
7117241
10454823
11975063
8815396
4573969
1447523
9933877
8810709
7802190
5441300
8419371
6185075
1897956
3487016
20722998
8612933
6564020
3687182
6366234
2665944
3746989
452589
7773124
122503
58184
16743351
14904176
13303197
10181593
15542332
1679840
9497758
6523193
84643
983276
1912460
6824481
9719606
2079420
12273298
11925229
5980845
7354277
10398108
824101
4389655
1354212
12649381
887828
4444682
8270878
11971965
9676152
11390747
2533546
13356587
11546165
9338189
13487737
4516400
9488754
9486982
9457135
4502238
10450889
3094466
13484172
10713816
3706376
7183014
4158554
13044954
259035
4900560
409574
5351899
3654842
3784032
8351128
2508958
10322178
6491627
9730461
10385596
5303701
4359517
7601077
3964144
10077502
21305
2393413
6561489
6947825
1266760
4648130
2937476
7775537
16662964
8840953
5240458
9949985
252752
9075934
8532382
5319430
9364403
6127585
1686826
4899362
7165794
6777933
1892499
7706889
6234535
2184404
5792354
10333280
10543792
1499676
7733851
13853003
593131
1812033
6671846
5627965
1742243
6497623
10144744
3562725
3258895
4899905
4968321
1585504
1788036
3460177
9675271
2905428
1557786
2110677
710963
7494397
1831667
10153429
9286969
3658476
9522647
10369772
254655
11188311
12066799
2465345
10594729
7297289
3782183
3609205
4817115
13461176
940341
3248442
8648887
9313769
6658590
8032026
12011481
11894000
4308619
9942544
9702381
10202396
517084
6569760
8525774
191699
11367557
42941
7807894
17700033
26919
3205013
1407485
2082644
11225512
6383730
7471476
12210356
4552818
9093447
7463699
3402363
807341
600486
7204348
6956057
4897894
2850164
6174770
594101
3815441
7658568
522313
7136175
3920733
10601262
4191415
4049869
12479549
1476452
1158512
53692
11807208
3707567
12139271
1906954
10695443
1384712
6913517
8520910
3420121
4104560
8700272
4105269
2637119
9465830
11177159
5625943
241987
4873528
3183768
11258481
10217554
3688661
7435396
211586
4243343
6628096
7760812
2686118
9067242
4226278
2081574
1428636
4883817
5685231
9172802
10912629
14567040
4309250
5004738
2464431
6113415
7083264
8569315
7886218
1157087
834461
3279049
1403402
9888515
4165509
6730959
4490418
5975892
6437991
1142977
8298795
3456048
1512502
6933083
11046639
3556525
2482405
11916530
461682
9836698
8367276
4610472
14280696
3850879
6690023
3628705
1602670
782155
6235353
5940057
3899417
7198252
9923990
488620
9729616
9089374
11326061
2273883
8555539
5644647
2797142
12400774
11091820
5619475
3482295
6301771
4792659
7669651
8537280
4163243
19314381
6650656
5189833
1155784
3698793
9277318
6397554
7983839
3918099
6893394
9948258
6780347
4671156
7490289
4701375
10937681
1700374
5442949
7838648
11028835
4972334
1669313
650723
3821967
10268504
1015524
11261967
9401882
6985960
5978483
2187248
11697107
5735559
57920
3441420
2394637
8724941
9241032
10411244
1471598
5738629
6647795
11539506
12800381
7954656
8651729
9934113
7685036
1004345
2123262
15570576
4286636
9219373
12532242
7878033
4239911
5807326
4126668
5057815
5402229
9871048
3830071
6194063
8356531
729424
11363624
12578032
1274894
4965015
3819303
13855252
8641057
9243106
2573887
5640208
4860650
5932166
11328389
9035277
3237716
6162810
216829
3801492
6704395
4903638
2072020
18606338
6636521
7702640
18791497
13883849
662130
6227600
492358
7056383
16434249
3160793
9466445
6188257
64253
5970606
7997648
4986134
9409977
7540514
16997502
8871592
10977839
6155251
7565864
2222143
4948406
9074346
6057539
4803118
7131136
1026701
14382943
13462755
10988064
4668143
4271974
1904797
8139070
278086
4213613
2208473
161449
537887
6852940
2478704
9984182
14523010
7441775
10385803
11515454
4832145
6271078
1552989
10736939
10099624
10409904
5881549
183670
11491845
4494923
3764917
8709998
1421225
2434770
1076375
7788149
8260971
5439319
7430595
4856041
5507957
453526
4363340
957192
10349573
3128793
2857985
92554
5058038
7992354
4556935
12669427
11016190
7856764
1318965
3326136
5215150
10060743
1585249
8688475
2061686
9386308
16239432
8397396
12905572
3173704
130283
25059270
2651046
352516
4417083
14226355
7041106
8373582
9674924
1476592
5738865
8585069
11967820
314375
3756702
12389556
29203
5072346
6844263
834431
17707636
10009520
8108480
8453645
3055268
7963587
10519015
8665771
11347321
6047724
2826021
8009951
9267899
8604027
10027273
16729875
5494448
1200076
4944277
5903235
496019
11018370
8784012
8543861
3062554
6536730
10205715
5026000
2682643
9162110
11270126
16288336
13624703
1803150
8731118
13019754
9691022
8305946
583881
3013466
1076128
9201037
2327154
14234364
9261736
2309107
8071934
2965963
14111961
3789239
1389171
12288304
6390781
13131117
7152946
6827698
2444651
7435131
5083646
2479876
10039026
8485974
12568711
7004403
190091
5076781
896138
4243821
10553190
12668992
10120774
7688027
1050689
356764
8293467
6149051
7933638
10572351
6644568
9684842
4711270
4413058
6914770
7105787
8369210
5335389
2943573
7945284
10163277
9122944
3889302
8185723
15972755
5763691
4407843
3488539
1821123
3030985
1043783
1560358
6531151
9165206
6744513
11626460
6176642
293210
3803519
6299604
10668920
7597870
4926284
8446411
9922291
8860353
1753926
9165779
5932229
11118322
9773359
3292118
2818783
7111032
10741282
2446607
2073934
7008418
13976013
8701615
5749710
5488378
10142780
2152223
1664308
1042088
4211262
4178364
7181457
6220440
1499620
498461
6396417
7974734
5520828
11253342
3757405
5798050
19022424
5572102
9556698
140290
3908400
4995253
1812266
1987376
3273778
1933302
8750092
9286093
2398545
7161102
7714681
1309859
7816342
4689061
7539169
8483690
1307877
4667728
8708739
734806
3142703
5148520
13468441
320347
4133227
9746632
6306738
7513400
14217705
1194026
6343557
3509094
8324073
11274722
4921284
9699154
7020314
3069952
17183318
5550332
13563005
5062893
6118329
7946343
10379185
9828688
1634301
5622812
4031106
3787465
2928697
8417352
1763003
16699228
1323659
4209119
4331825
5266237
3744065
1594406
10379876
6170439
1966363
2425638
158325
8990095
597405
8942154
14218364
711067
822117
2524475
12591132
6263546
12340000
9316043
12770553
6462880
6042789
6013361
2035852
13373287
2516999
1530718
655950
1500795
9035252
11224977
8719099
835817
10437375
2637928
11361598
6123427
9430322
5889568
6842551
12916928
3022737
10573800
16736570
9533088
6463078
2848010
9682362
1490286
5913987
13082824
6930900
1604547
9669864
12256988
2688023
8157073
5465560
3028171
2887190
6437312
6519614
4386457
11729801
5262452
5004604
7318714
8482109
13060382
10499476
3150416
6527482
4480671
7192557
6857254
3915996
13600644
161776
4305212
3013196
8698842
8421907
4427011
6360820
6409223
8621716
4802723
3133159
1955235
7362102
4439158
7089304
13185610
8301833
8169151
299839
17097748
10304591
109897
13233699
1100318
12460371
9958544
8409345
9656906
8785323
9643585
3876931
4204474
4012068
1733362
6587181
837574
372303
12507322
1380865
14454586
7210467
16021581
7156647
7023153
1082519
8243891
14056534
9273431
1938872
5808464
10224569
10006225
6937790
8833346
5556725
10518714
6664960
10413771
10846463
1741952
6266951
7730708
10456572
1020544
239427
9192592
3732435
7525910
9924255
579775
10529285
8881574
12832747
7295895
14513120
7030814
5483070
601796
5001344
5190437
7000810
136731
8187716
6020923
1126259
1140476
11513153
962080
10281605
12179275
466847
6842291
2166567
8087016
2246977
504412
3430739
3120801
4808174
10972386
4339145
8592581
8997351
10253890
1134694
2413268
11349260
9090740
5071145
2591799
10802924
11114635
8057436
315645
1450794
2968579
5366569
11612038
7246587
1014176
5776903
8746553
5375620
8920071
4534560
6073998
10196632
6012001
7973979
11278688
2883332
8281
7561966
1781112
14923236
13497414
5900941
5160760
862407
1910478
6027993
14452809
8899457
4454044
4131217
9861707
5773608
5052923
1506398
8783192
1506866
1836761
1966867
8021551
1220983
15532598
6020623
2162068
9274722
1539895
3779217
2844994
22803962
8723458
8616437
8816848
6165801
5085930
10692711
3465701
4329752
3990277
8293371
12219367
7174284
4150869
12307496
162685
4683112
10474853
12956811
4925190
7806293
9972913
10623892
3782474
562978
8355164
7021591
10766290
4933142
97088
8548865
9678061
251239
2867398
3919239
8061871
5632180
9377404
9465546
455593
2422182
12357671
9595695
8440689
8172724
8095159
8889661
8556878
9570642
5406027
10261853
2653648
1948043
3343826
8540877
6839872
9145328
10757377
3941760
2162596
1224815
1258497
3159173
6275203
1058923
11295515
8157638
8874594
2174245
5181666
2110232
7062621
5811789
439540
9754704
3942075
10426472
11792645
4866328
2538425
11168916
1697302
4978203
1841663
6379390
7164650
9806886
2189217
5885169
8991403
8969863
9268699
981572
7164898
3297714
1087016
1592629
9862570
6523882
12290067
3995098
6899566
1966826
6083409
8453106
4184637
7890154
16046793
11435721
2579198
10756663
909342
9534718
1187091
6888981
6578936
12184623
4186652
876494
6194109
7976176
11300755
637875
1877879
10187568
5042952
10863705
8041128
4173054
14076885
24059831
6340421
5530201
15326208
1245771
9676351
9796533
9940980
4011325
2662168
4497825
10392047
2800155
3107047
4022351
7915155
11802874
12650878
1344184
7236611
5772452
9217798
8833367
10460001
7111928
4996489
13362886
8186405
6215851
2851978
2780399
3502727
8016171
7297409
9153311
4416158
17315093
3148540
11011050
3875541
3416401
2778177
16062268
7807853
8910405
6551752
409466
8112943
520619
4782479
5494940
4117503
8430527
4954516
7390260
9617693
9916493
7192424
5271628
3335066
2736881
12453350
3252327
3204419
3795751
2671792
4939493
10880364
3954221
395259
282177
5161870
12239728
4936763
504108
4243818
8491658
593092
11650160
8075276
7744701
6876509
4781200
9789039
5278971
4269642
3686235
3528267
1342492
8474248
11270990
5973869
9091562
6551589
4577960
10537021
3399709
2787205
12034156
13813313
7772807
2594948
3274211
10888309
4426140
7599229
2602929
8251329
959555
2802077
3309779
3052618
4193828
1001008
4642349
2261530
18433666
7076634
11414671
6629681
4956053
1592711
4382352
402855
5166850
493116
1208493
5874059
684983
11324113
8924689
220230
2569133
9141112
6495151
7180632
11612495
3581104
4420407
4015120
15886856
624861
2363175
7123116
7507718
12981076
2626094
10702209
394413
3908131
4516821
27229
5090897
14431787
17553569
4960424
6691137
59893
1484948
5509707
7800818
4477617
876594
10270717
2699071
6829127
6473376
2674145
2964085
4677492
7353106
6509555
12227127
9317184
1291711
7205887
3220117
13575689
4886329
11754673
1087392
8733071
6381328
5100739
6038018
5257379
3229517
11153324
517470
8161331
1122879
7820640
6366227
5194247
2165197
7295626
8913938
13186531
7356259
2853156
615615
10832524
10460240
4143540
4278674
1456826
3464405
10796380
11364080
2814225
1544724
3189024
8022842
17991325
232821
4367585
8316679
5836353
13589607
2869902
4092924
2038875
202173
14832354
1888295
958169
234577
3780216
6871678
113809
1612293
12392165
14426617
713643
9281350
147312
2095312
12634203
3750574
2212655
7859432
1465525
10590610
1871687
8371102
1937023
11319430
12093019
3756108
4466973
2206969
9443957
5107741
7526650
630538
7352382
10283716
7257072
725416
4460126
4742959
2758644
4871611
2795143
9586258
9690032
10898540
9158621
4925116
8451921
11122219
11792160
12329821
10897552
9546668
10311561
15347808
13749919
3713664
6437965
4678805
11951434
5890432
1233545
2336169
13721207
11263449
1028005
2079303
8545005
28402314
2674595
12428570
8349038
3741280
12134121
1085007
3946821
9805011
232800
3509637
6620747
6818116
8069198
7187457
3763147
758192
3376772
12725496
191529
5276483
14644713
2429499
840493
2193046
13077275
13789134
6250958
1345714
9865254
12521631
17017738
937019
3377052
9025556
7911833
8880411
3992795
12760685
7346651
5533612
4488693
8437266
7972640
5037396
5501125
7366833
2081169
11292246
2394170
6125354
5853048
615380
6791824
4404361
10964124
4046420
10934687
7567567
12052733
9079783
8746198
6618824
6454645
1565955
1570382
1964232
7407375
7721911
1917549
4420040
8440630
4429158
210275
8638249
1552196
4790540
7281533
5679364
3672031
10508201
4331126
8131705
11267379
4048659
6979305
12319447
327813
5229121
3447728
9802338
10879282
6031800
7212797
2345627
9817277
5422747
16588323
6103635
2913678
9487717
3141425
11013815
1783567
929864
7687464
5168897
1845250
5173231
3198735
11355132
11744332
3042056
2793175
4311139
6355979
7286887
11927117
6303259
5416011
9775242
6135917
9189461
5131158
4742735
4183058
5173255
5942093
505242
4887086
8036514
9401907
3383913
1289429
1751977
1753260
3026353
13262149
749999
2837760
12741193
2198321
12369484
10079117
2913848
8299388
6229957
6499524
3229250
9538003
4929541
5966761
2499827
3348090
4421500
10272931
6882101
8029137
5150830
7984705
11323405
3741676
15632559
5425534
4067977
7453293
213346
3311429
15259694
4460926
10997102
4299654
1325888
18494482
3778601
9575796
7664413
6293021
5021153
4429527
13798900
7633667
4569803
2642672
11003409
7639831
2666566
8587093
8753091
6760827
4621648
5997592
3323027
5584667
8351641
1299580
703013
10165876
2422862
11932558
7500193
8043818
815773
2649391
9702936
47836
16545892
4668673
1495199
7614800
6002981
2175165
2578901
7505889
811923
11906638
1833270
5658754
10429141
7002549
11790914
12140274
1567963
5752005
4869471
8703593
10348086
1669614
4263781
12360256
13259164
8624539
13216083
2996881
688340
7997109
14300431
10936150
6299768
8869309
865024
7217342
2052455
9163193
3376539
11135944
10107937
10306935
370530
4373606
9705301
12830435
7562522
4601027
7609691
10465964
2114235
1301724
12593021
5424636
66229
4111702
10537430
5658954
8695074
2570334
8429273
10752990
4199616
2248001
3798137
4135448
5632178
410601
2259937
2469378
10740306
12803839
11989546
4127797
4100868
6289721
3609590
7554769
3956673
14016
4011938
4927388
3759746
10103131
418392
6974681
12106016
5927656
2359040
6681908
12980046
1530675
3035063
17282265
1311014
1699420
8845941
7328353
2960813
10784039
7684682
10948996
10868263
1958520
8893853
2736983
16932662
9036138
7408079
3804115
614977
2878480
6723813
12399523
11255603
7156438
1169619
9374844
3777882
9733707
4214651
8987018
6863753
6262809
11059533
12069321
7826416
1752752
9383664
391663
5924376
8966520
9774723
8110964
2871633
5612801
6538160
1262634
5688374
6215182
10146251
4020903
9311640
5600187
8672771
8968313
3422766
8719262
9730622
6534496
7057602
6408738
10814474
7360140
8465942
11016869
4216470
16857832
5711584
2266453
58578
7225523
12896365
6304384
4312181
6997277
7911832
7237107
11240795
15735800
3681035
5383734
11254562
1651112
11348142
4434173
10500292
2664555
1395878
5781215
2773645
1522507
16045971
4447971
12864347
182959
15324971
9869459
10618388
8557199
1978357
2452643
4101440
775843
993623
6762825
16266327
2802133
107562
5629368
1819924
9153530
506853
14652363
2101806
5662441
7236176
1745390
9495143
9049565
5486024
11866018
8576991
13693578
11129886
7141042
9972994
2498630
5313369
10070346
5240800
9346893
6154139
2333658
14080260
6198470
12235804
277169
9273221
6070057
900087
5798659
1516842
221302
385260
8115337
4623862
5798277
3200379
9784226
12142197
4192136
38593
7237478
7083032
4354481
3543907
7713490
7799728
1887209
5948785
2669841
409009
731199
5532538
348553
6109107
3343031
10968573
4994501
6282744
7998629
6747132
4755701
3400322
2336682
233002
7382073
4184161
3839282
6049709
5612169
2784113
9676318
2003894
3923207
8157501
3444782
6195337
26509
3052666
7164580
10223504
4304712
12049562
3771938
110427
6318772
2456357
4197492
9582342
5048597
9045753
10020897
2303345
11165252
4897439
8399819
9709243
2718359
4790540
4447059
9529196
10594400
6552223
1498507
9565690
7107029
21534378
9540972
687788
3046948
11488835
816695
1827411
5118920
1870477
7739131
10457533
9258292
6857782
8643552
6105727
14856101
4984186
13155873
3342044
2425236
12269270
4254803
5324114
4538793
9602931
13785871
4905861
11839358
3718919
5122887
7536644
5851844
536271
9895934
1451250
12360478
10017427
3025846
1048376
1966326
6550788
6928046
5195521
2305979
8954860
13387991
8095258
5851873
784768
7922545
5612914
5735704
18582015
8506674
8710038
10649825
6123945
829741
2109586
10247936
154180
871214
8765606
3932234
3896752
4383905
1619482
11906110
7645795
2804335
7551539
6398365
6315337
7294275
13217032
8921367
12630746
14737955
4078099
7364294
6641369
4602481
8620355
3025913
6243971
9877632
791972
1842326
6291642
8406800
2458941
3123932
9657996
8398925
6494741
2206809
12975990
5445380
7532595
4094079
7192075
2003611
11508090
2816138
9874040
3845452
4564280
8107088
10885275
3055299
1826035
5631186
7397082
11885670
6192846
4319319
7698189
2103292
7294105
6018339
3090463
12424953
1711657
8986632
856098
1678283
3111448
2419673
12718681
9061950
2291534
13624912
7668294
2924598
1932431
7941669
9738258
1356335
1567040
6397931
919566
1800076
3460352
3740018
5471206
5972328
319353
11262721
6910731
2932054
2370823
3138563
8947866
1699793
6051251
11458440
4853089
6987159
501335
13895830
5696854
8055402
8227036
460795
9755164
8226467
3818031
3673216
7867702
3686625
7216448
3262520
7828069
2175012
8689801
7982766
5867764
5685298
1401649
10827191
8693909
736079
3346849
5763650
7388162
14472094
3577052
8157762
4331251
1833199
7646903
8756592
7440506
2360595
12287402
7197381
12109649
9086163
249480
10668664
8268020
15386159
10236131
1604056
11345995
9530207
10403575
11840524
2787428
3057223
11213460
5417198
11210179
6190104
11312715
363068
5498289
9478352
5357911
1359958
4812163
9981442
6853705
3005191
9264104
3466754
445348
13895320
11581771
11251136
2974269
2729434
6065580
2102250
8575387
11111406
1843383
8258820
2995494
3156658
1534290
6439705
2070821
7046707
4031348
1655154
7157255
12302572
3790959
347469
1386556
12242450
1091924
10070542
4143472
7571991
865641
7924480
6637659
9321283
15948684
6149780
4119719
2869116
4706694
2137373
6815828
3677307
11063718
5288393
12822322
2291321
11038537
12525264
12234945
2556739
6926072
11350320
2343090
9658024
5591423
12604180
4909155
11169196
6412597
14436476
7930119
3192252
5921044
6880010
9394797
4483119
3480426
3062976
12159811
1694709
5916842
1884588
20139763
9161938
11776832
2384978
1864686
4760122
8667588
2941691
15585780
3069589
9296029
732161
6747146
4670479
3808684
4797785
4417344
9460271
13836530
6208404
9089566
14976906
5419808
9529498
5914877
5621754
700235
9455458
14288290
6406981
11800500
8076415
6116660
1794461
9865008
3520876
6865045
3873035
9646796
7369191
11053822
9209616
7469098
14246447
10342456
4305523
8384207
6968498
214305
15972683
10574366
11255278
6180466
4865237
283258
3179066
8175245
2682891
9220259
709071
9485337
9931153
1554889
10405746
13703677
5470204
10263049
707105
9745555
8088221
5442562
3972163
2427139
9684452
6470454
4907375
9392080
4842935
7063869
5006059
6208039
9243886
968601
3740258
6688731
10171506
1377453
813575
9695528
3057747
14429802
2406972
1260569
6885240
4704197
6924102
9152567
752853
1843034
11162828
717292
2749667
2658648
5410968
7708861
939215
8530611
10258616
4313498
8220610
12042931
564254
1439862
8070053
10148234
2581347
8384220
2066263
7963553
9812235
6965781
6867248
4792761
2315214
2593994
1846569
2868024
8749739
4185391
2282171
9746024
4688032
14770113
1900814
14102417
676574
9717520
11730835
4472802
9082199
6208810
10914936
6090641
8470008
983450
2872928
952460
7482594
2723471
10263138
17498987
1051648
9545922
8518106
1860622
2209030
1502426
9994431
218093
4003724
2868054
7979943
13944504
9951950
10509317
7124997
7453667
9474871
9517965
5125864
5565455
2575465
8557029
3005169
7677570
5336196
7739968
10743709
4406584
9385092
7954725
5004648
9179102
9811948
6126165
3470734
13040209
8923864
12734640
13248565
5433337
6221603
5613406
1222273
10759345
6030963
8554521
6414157
7441269
6457845
3300337
4682616
10619267
5555175
1253174
2557050
5393026
4713065
4639178
5213813
9989423
7821910
7495389
11102507
7402167
2797051
9545772
2050287
5243940
8787948
3558876
11065781
4724982
6516112
3160326
6679348
4277809
3574593
8726228
857991
726121
12060538
8367489
372081
10620129
106022
3277283
9466541
1618530
11745206
5099803
281072
4430410
4899531
8145073
705697
3585774
3508881
4912972
515380
4451608
804314
6240280
3594879
6319764
16217077
14021858
798538
8386969
1487012
10106437
7551762
5434275
8203703
10481485
8220938
7456304
10841439
11404012
8345575
13164407
10050014
9062518
2340299
8200897
9573257
10898125
9304785
5793808
7234917
8052604
1553866
11839048
4233760
33941
8299391
1723834
3980553
24226010
3855189
9729999
15607501
4941701
6614173
12018237
9087137
14975422
3444705
8777100
3646303
814723
17514996
1173385
3913915
10305046
6186909
10797392
7250599
9945164
4631624
5353835
1669053
10639657
9678105
2800371
7089114
4773075
6946539
3281772
59969
798065
248486
5043420
2674918
7358186
12637306
831485
4285032
6329436
4784885
6418086
2090228
10677022
8186045
1729079
909799
10182614
29681
5923460
4148970
4167885
6356718
6911557
694241
5028526
3637446
5745453
5599821
7371405
605741
7166046
846085
3939209
2067465
1438605
4369190
2323793
6968929
8510367
4214046
9675537
11590912
5677894
13271902
6419868
1895482
6683198
10772994
7132785
2635165
3872493
10718626
2244584
11551611
8349492
10788662
409208
4926571
18149906
1447536
14612650
3093770
6613932
812235
4691497
3139023
258443
3662793
10051279
1000491
3770257
10114101
6284156
3896813
1413056
1142391
1137997
12949556
6393809
435849
7420749
7817522
6399919
4754228
8142023
12183593
5945757
10259122
7451239
4096313
3102066
10499038
5918966
9257408
1846751
3502333
10493680
2342017
7108417
1915787
11116000
454026
304330
6103109
11582864
3805679
5433901
3813008
5181980
3397273
14015289
1434960
10598519
4025163
2692073
3000591
4290931
5670834
2102784
8274251
9049190
7609889
6883834
5961087
5164365
2401825
12812185
3196541
3729189
8514411
4863533
5479584
5088938
6662633
3577705
4270723
6256960
4355536
6533826
3981667
22912948
2540726
8307523
3635961
5798398
5133356
5328236
4184015
3195986
5099231
3152403
5862470
16419663
2275192
13395751
5020678
3587057
3771411
2966233
5942274
6714193
5670109
7063140
5873443
2859722
865014
14743980
201328
13655210
5697515
4694900
2041633
12788816
460180
9177061
11699129
10215934
4474452
11803621
4928634
22292750
2091981
8206786
4405053
5509309
8169560
13011061
2860478
9917168
6389734
8785877
1238709
11363690
7109211
2278645
19663495
6091067
22700
10670063
1038184
4683400
10887799
4781495
1553488
9848468
2741901
4635469
1272999
929512
5319140
332546
4851261
3582816
11022424
1935417
4182753
13579727
7318146
9673514
3679004
3143320
838059
5574614
4834994
7100119
8962702
1535040
10380455
5729558
3626613
2375757
4043723
4684882
702349
9602965
10449121
4643983
5396938
7024811
423338
1238088
2636559
6514164
16229145
7259654
9581546
9914106
1657329
7561575
6176004
4679463
627744
9072581
8008906
7016394
10232188
8876590
2138949
6112985
9561666
3072180
2772335
8639760
1166395
2928479
9792555
3699462
2279675
6408823
3957941
4196935
188087
8455930
3580209
6312701
4785344
15570586
384764
9081344
6515472
6491591
10611369
1556840
8281567
13167603
30558358
8433052
4811104
15749626
11223364
2900577
10555941
1165247
5345529
14558163
3501171
4548276
2956598
5361827
1394460
6416829
9611770
15818566
12373822
10272741
10692110
4683501
3840988
10439488
7350814
9840508
9579675
10407726
17950091
9036474
5536947
11487667
9485969
1011600
4166576
6425069
8797239
10128958
9521349
10551925
8795915
12486314
14851086
10880264
8901965
10772236
2191556
6687932
10163934
8913943
4515876
15226349
2182775
7139080
3371509
3482797
11292692
12357113
4840314
243501
8344256
1503074
1277865
1591410
3719651
3491165
2684773
10089825
8570223
7168137
9848441
12723759
8491838
6122257
5092227
6003267
31667
4591732
10083403
2389788
6753687
346267
2671734
653365
4845371
10420525
12080466
8800908
7551179
7767665
7679047
5097633
10782960
2799317
4654695
7608769
1605295
3922159
5319370
5492153
6121906
7467765
574463
1466508
2309030
3139578
11680874
5276322
8529154
9493426
3157276
2304916
4119678
6011472
2168941
6445780
1555423
5859457
5892792
9473048
5346131
10641190
278547
7796049
6883432
11621633
5475954
5568992
8571862
11485883
1874607
15157187
11978482
13441446
8071757
3630206
1696329
6280724
6917487
8875122
2563618
1972741
3205116
11385429
9470249
9578573
2132291
471717
6520486
9817637
463133
8288442
3453820
9922207
14386335
4088036
6431953
2909741
5151074
211005
6220470
2401641
94079
7872906
3686825
6814885
6654815
6147005
6938128
13260727
7347751
11048935
4584657
7281843
10288120
17894
3209273
6139577
1267452
4881473
1564671
8649558
3488163
1494406
9442209
264733
7956000
6114805
11472004
11551312
5198886
6168769
8032792
5606903
75030
8476454
417916
3777076
7614262
5296825
13116205
1829023
8612716
9338140
1994902
13807039
10803876
1136080
484850
13471315
446869
2654197
8282160
5887022
6622781
7686564
1885783
2306580
9213036
7797219
5921360
1827317
4357011
4025191
9844419
5612390
815088
3731483
5296090
11540185
9878084
12252683
3383394
6735996
6430941
8184892
8692230
7501856
3000257
4369474
4799393
4611613
6119837
2332389
9267324
11006396
3896328
13824109
4988100
8095222
4369523
7421322
2042849
7806221
1077730
10253904
5554660
7862447
9873038
842555
271503
20150
9024742
757755
11879902
1975483
247859
15818888
2354750
3957191
803592
6875394
9202373
1515961
8108076
2741629
14859859
2553016
5780849
9018970
2723056
8933257
21992303
7297138
1409273
900476
721908
13859528
574699
7851007
5463155
3066937
8670566
11318260
11457279
9188088
6824767
3428341
11342554
13368912
9836239
334493
3112299
6526418
8370549
1416270
7880255
1002855
514722
5389399
9498898
3882163
2527549
8172761
10164216
9417754
9153177
13630298
8812589
9641837
9475738
2544342
9447952
4486243
4801856
8009812
1732355
9457728
610149
10555039
9920986
7315843
7063350
6605958
11054023
4729330
9813815
6122388
1935500
10291484
14074556
9203778
6273861
12136517
11029706
1833852
1438818
1944749
7345512
255160
4563880
1428375
17160394
2626926
1687441
10469589
2490050
4632023
2622270
197484
5261553
8566428
1231474
14341698
9586789
934532
7080371
17330110
13431824
9166388
8572876
1797894
1788265
10095446
10604350
5383024
11614907
6060640
3770819
11536672
4250358
8830525
7813160
6857499
9960304
3302538
3512396
6597018
8040662
7756470
11508261
1892939
154130
7743146
10057
3382641
8915469
5884578
6205867
1668170
2602505
305707
149191
10617925
10352116
7960937
2549344
11091623
8947404
7402874
7051660
18464635
6679463
2913907
8592687
4077542
6101759
3450808
5158037
704951
3840574
10147101
7166884
8055096
893414
6676534
7100686
4680427
2466459
6382625
6939261
2008270
11442487
905683
8095575
2351818
3178321
6193753
8296067
4393973
8578284
7513694
1748730
5472677
6314784
7996648
3427791
7732618
8138119
3257653
6840508
8691939
632018
8814810
3082430
5930419
978109
6770819
7964838
4354748
3764770
986295
4374910
8722087
4616672
8259781
8952067
2404992
1592494
13988031
1603736
1107222
9237553
3998572
560906
14406557
3902360
5662603
6715881
12236315
11212425
3612758
5593158
12037873
7188640
5901668
9018670
6465963
8697549
5157975
6753060
5067798
9827867
11933749
4628492
10598847
3180574
8576421
435475
2816183
13705409
10079145
7062613
5702375
718325
5225929
6602725
6677751
10820228
192223
6025463
2313795
396383
5592342
11665648
2673668
9547147
2775603
950669
114689
2426336
4381671
5844995
7193622
13180891
393750
8070237
19029180
4012348
6083381
5351280
5967143
8879223
12526003
6972029
16578250
1794276
8997095
3677549
8643949
6085738
811685
1128296
10468825
9995606
9103392
14278048
697122
6753227
229865
10238756
13284619
306084
1137706
2786236
11559346
5947992
6867116
1464440
3123948
3327645
8473217
7123443
6688995
11516053
4141018
1889783
7845120
4983124
11421448
5220215
5607753
11220336
5299520
8724297
8668399
4610149
12336642
2250004
8408816
172439
12400676
5948899
5271018
2567528
1388002
3092912
9341259
4484603
3932472
11956854
11094487
5958478
7553371
3007402
6206581
4069782
4085851
10168525
6702450
3021993
6042816
8936429
3545728
12964522
9612863
13586433
7479550
2614010
6223820
8725442
8686974
13349145
605187
7542880
2789025
11902206
5140023
6057652
3871812
3186641
12548217
4969187
4605954
5580810
317708
1686808
3278617
6885407
383707
8101895
3276296
8210365
4829095
139467
3955195
287835
5854810
3757412
1847210
4876005
5275030
2393688
6249842
2351518
6801102
18183576
4885935
508204
13614767
1272499
11181357
8134566
3132046
7991771
11095521
2764406
14162734
12079251
171651
1274095
13893139
8758411
6122307
8714822
2239468
194762
4680739
11276879
12250231
8160356
7026040
6543095
4762755
7550848
1351233
7212373
5298161
3738363
8842435
10369318
4185949
1538774
3595589
679419
1507757
6360368
6678226
11697273
1054272
1567084
5959418
7652643
7172577
3589819
500177
92293
8243976
4102816
4572040
9627587
4757118
581622
11728484
9107803
8012916
4863092
10443849
12236881
1366323
5508811
11568612
7283891
3091653
4275961
12210700
4337272
5524223
3423143
8762726
822865
11498342
5846927
3942891
2641385
3457723
4979664
10865571
1456236
1652110
3221035
2462217
10141961
12672553
2959674
2322117
9408225
2079228
3826891
1330371
10433255
7725978
5592480
13154401
1434422
5362456
9991430
2308320
7875555
2175579
9129375
6678982
18539483
3684641
5481493
899596
1556921
1615334
15013382
8659237
2312137
2591447
2389151
8134128
3754001
4012585
6714469
4217467
8582394
9118055
9194628
7374363
3004728
6507328
6012667
8950473
8016032
71131
2024837
2648048
718556
2976531
14771522
6855563
5826541
10086321
10687045
1168217
12775198
5314350
3281635
8525373
8481464
4319981
6591082
4903893
8609180
4928047
4392828
12162529
40787
6340860
8398471
4117320
10691116
1195734
10882997
9291100
687576
9529236
8471343
1373852
9199308
7622485
6203508
9771401
6834360
882342
11972885
304812
2380581
7873252
11502779
2518131
5043551
15007609
4012238
601536
6749048
11032112
5052717
2446809
130204
13702010
9217375
3876700
11407590
2155918
6527717
1716002
1445985
7984203
6612850
7919153
5112495
2146286
15348598
5319455
11765535
4109111
763025
5582309
16118937
9481616
19781124
1463626
438122
8234658
4937953
9410510
9281119
10224403
1257824
9261720
1030565
5776133
7024105
856882
860315
9157936
12197971
2101110
6589208
3595292
19237873
7710221
14549356
4694610
5832163
6025880
10739716
5648337
6426901
12953766
2363182
2794016
8522255
3249454
2778737
12210710
1786498
3141463
1848050
11726574
6038723
3986848
5336310
4582031
8324809
7548464
8854222
4850544
1899576
9707478
4525413
13818927
7658590
3603287
4539527
7639827
75985
3385414
4220409
4741983
8881607
1468977
612681
12326010
4476601
8952404
3320112
5329183
7273333
2938062
2355905
15249995
9152526
14681989
316030
2248983
14942881
7568321
6145245
1696727
8561712
16194489
1941750
6755358
4888135
7805372
6594824
3842529
4580598
11035507
11570696
7205110
8630487
9378171
9413374
5772535
7763181
3582084
125900
6492843
11904219
9448300
14014713
8618030
5228932
41196
3560270
5135978
18176153
11374023
10302635
4573173
10171247
7310333
11568698
6738674
9119644
1562057
13873422
4191698
504858
6453203
7296685
10676928
10153897
2047304
12171819
739799
4420382
9564693
8538657
8218303
6801958
5889476
8327606
2870898
2003349
729948
8963169
1734562
7674381
7488778
11659794
3672436
7778835
1843189
8690400
10630219
10150801
6649135
6618025
9008619
170339
7211041
7595082
4115403
6895997
8756619
8463686
2068546
4129308
1870414
1378966
732682
6858114
5150527
1544737
7461118
10664406
5927216
7126457
2963272
2795338
2688899
1009444
12603179
6763601
6109216
2345339
6599058
8494933
9494144
5816685
10246305
3865299
5423397
1781621
2804821
1565704
9259557
2125375
13801743
132227
6663605
2543392
10533142
5342741
7972713
5199286
2753121
4652444
1746210
3084854
2874424
5843383
9416092
1311305
5409099
4154026
8854835
8741178
9519508
21598408
6539401
1598558
13200691
2942918
1210766
8794978
2309942
4081044
7581010
8914641
2958796
8800568
5039851
132668
2252304
8448877
11626359
2540434
7083485
3520346
4386084
1233620
1705683
4416705
8584674
11005143
1211420
10330266
826326
7848041
14924715
5352482
9182386
4351009
1626427
11877920
7097908
10985489
2310398
4856144
10887484
6589655
2557002
3924379
8155305
7303834
5785418
9870353
7777363
4138398
8745169
18077978
7364683
5594444
7440073
9124165
1473869
7914627
100324
6810280
5271095
17345088
670329
6930305
5849831
11267509
3126493
1438660
1651536
2239766
8404517
806603
4573992
5800608
9370371
8626588
7023769
3488785
9621861
301399
2562458
6149371
355149
5099386
9777265
6082354
7125126
10236873
2099999
25599662
6132796
2336658
10137241
867766
6510357
5887564
1020002
2497934
6703995
3756829
8248168
179385
8308496
8515458
4413967
22903725
9529170
1938314
3713808
12628175
804588
8615560
10548057
808167
7220684
6857543
2686423
3914973
822154
2768892
7586635
4364693
6198404
4257189
1973221
7103573
1291332
8987182
5485
4631252
13633412
11141137
6535952
12825034
12838887
2629470
2748263
2227224
7775679
2971969
3232436
8335629
3586622
670536
7169065
9931224
9537298
9103687
92068
11320102
7391821
14078175
13143013
9008388
10216408
11257685
5293021
1652152
26547732
3957179
7568040
1163104
7938574
7549984
11197244
3344466
11302843
1488393
8912265
3726539
7827454
11774623
1316971
3482181
6432126
5761248
7585518
7251766
12120606
6287157
5328686
10102256
5617043
6841261
9011606
5341808
3491176
3886755
8574651
890600
1355550
2476979
3499413
4944323
1057183
4393891
12298303
1703185
6043296
9341503
4772638
8714555
8387159
15521014
3701209
7328203
8223136
2295023
3600735
4854645
763856
6008167
1127859
3407276
2215398
2563980
139537
6554274
9119699
2965870
11968017
6079779
2420436
160395
9973829
7896211
10720226
4996209
9656434
885963
6799167
874516
8594890
3188809
5701304
11773449
125867
3237886
4369450
9067403
9200344
3773463
2792259
384333
1943594
2224084
7244439
12628831
10276565
2690088
2863508
7048023
3776956
9279563
10200872
959139
4508532
694943
312681
2196234
12153425
2241251
7502411
4707601
3633733
6668978
10390790
8402029
1999089
5376596
8894066
8907958
3727116
13042507
1223945
10169313
10117277
2957096
224090
15995985
8241246
8662003
9569211
4785875
4694330
4803232
5008036
1841212
12047108
1997766
7186742
958147
3793788
10849199
13362048
3301376
10645811
6957978
172109
5309559
5476688
11342085
1443311
10023013
10852199
28735
4361569
2145589
10669493
2331429
3437588
11959216
10023002
7124519
9674794
1735870
286080
3826963
1269008
10407035
3761871
9757926
10502361
9164538
6288636
10865660
13541838
7984416
6339019
503432
4081945
17312672
21150924
2820158
6783658
10834701
12418778
11100906
1058285
626092
10667275
9821328
10925865
9051487
12658486
3944247
3704317
10600806
12791751
5309201
4603622
5868430
9828915
12429539
3351461
8632113
11066034
8572023
3496490
8315867
2622937
18273761
1993615
6611136
14940452
4014848
10371250
17845572
5947357
9608911
3807881
9903728
2162868
12622587
8846259
6798754
9660357
2869709
7242074
4038743
9583155
8749662
2067277
1939607
14333653
673408
5840774
32789
17224133
5566357
7643651
13117742
3394081
956333
761589
11130417
4808787
7299465
6148668
147403
6693779
9052581
400662
4594436
10851008
16638799
682393
1803485
2861656
1553454
1204600
6520406
8478039
13399377
12398164
3037356
2374005
1900370
434403
8477318
8421094
15902839
2420234
10857879
4155107
1394529
7420118
4553897
147463
11120354
5347966
10351229
9708237
1135658
11340227
2669659
6160891
5455189
951176
7126251
3121180
4690426
7017322
7129425
3303564
3569875
5968692
4815052
4262213
11137386
8562520
5974767
12558345
9398174
5093628
11468206
4391155
894739
2469701
17372098
10927356
15178037
4816872
8979966
11538805
8562872
6384437
8729111
8523097
2048283
6371470
14177523
3919638
3476368
5108644
9168675
1997281
8377782
12483562
4024572
6452705
5855692
841230
11496068
2640210
1894520
4176353
2786453
5014007
6709955
12173490
5862916
12303993
1048372
12589512
3989568
8876459
5568913
8838738
5782041
2709360
10003372
3533630
5856270
8684903
5893792
5091667
7199584
10333268
8075067
18488669
891172
4137237
10072432
12216703
7998172
2399391
11776091
11572447
9892402
7348255
3582694
7786432
9531252
2184018
7814430
8639639
3147298
5065085
10511936
12675784
5837059
2200158
6848808
2829214
7329240
4723248
663730
4115991
6473194
913025
10669065
7341614
6607404
6067076
12095872
10570353
3773600
9740227
4070824
7906034
6770498
6525639
5900790
1334612
9960590
1160794
908598
8255777
1004536
14247601
2542465
308966
10756788
1966337
5310950
876785
4346370
2066701
2972584
7886489
5200754
5132738
3476964
5047621
3871416
1805467
10151974
9452868
5184065
13735973
1366830
10142872
5497489
6140970
8897926
9795306
633525
5179714
2981278
6778376
440761
8129693
8795536
4142121
5464317
8805001
5455130
9262542
13473094
6197734
17521784
14031208
5957722
173527
6010127
11344562
2913397
9130295
1024791
7497949
9820728
4596202
7033083
1110731
9042511
5981765
1514555
2892045
12005243
3423861
6821969
2478322
4015333
531301
2539528
2644969
9235684
6347094
3480747
6290460
11654175
2484414
5438669
12003311
6049994
9980572
2811060
2706137
8611219
4659323
740001
10550035
2470538
659731
1099251
5730894
7776121
1093258
12159851
8393519
3555739
3363446
11065103
40924
11097217
4798352
7336463
6474068
2300885
4996171
9734361
1597313
10145430
792454
6598348
8742275
6087905
2245492
3262550
8999002
17686808
3458928
5284527
2645683
8965473
10838729
4808049
3461470
5887919
4230611
4546807
4199686
7020535
7559048
8245835
14950148
14695761
8259983
15400134
7929161
15952276
8431025
10578417
6126485
2364181
9722050
815061
5555223
6091600
4191609
8394828
10763504
6849499
951015
5288632
6925867
6184084
4679504
3101493
3543748
7991613
8870542
1508611
2369342
8386161
2782227
8230309
4553823
1090010
11262275
3867669
5253327
1345403
5687109
10194901
9936153
11056886
2138252
2972260
6410203
253482
20761361
7679518
6701811
5765971
10126984
12458803
14218195
7402810
11223937
3185658
940373
6425846
49955
4130839
13056327
11639167
3936770
9718575
7208951
7357935
9352617
6556450
7957929
7570197
2752874
1604770
8470949
3375248
9283922
12457084
2340310
7463957
3984134
2141644
2823389
13030833
1651375
7784507
9112117
1356863
12323756
10267833
11036101
2733370
4512582
1771302
9666835
2892833
2130368
8508212
4973254
1455305
11117755
13623532
15248560
6295621
11999261
8177175
7823723
8586665
730216
2214705
9452242
5583957
2599539
10557233
5674499
1311275
8859281
12478605
3126504
9114062
7221612
1479876
178395
7666444
2634339
210360
5523039
7593541
2796445
10870897
13379780
6146307
4398121
9513364
3467118
5071512
3589106
3445558
10636659
9237856
2652285
9767838
5799669
1641863
4560006
12489454
4750009
5530244
2375275
8144512
4348989
9502828
9321337
2933904
6384974
4959240
1343182
3428318
2046608
2245968
11044700
184115
12530991
7213599
3540691
6319372
10242400
4439879
9409171
10811956
2374488
3895039
7723420
9991056
8241641
9026887
7995181
6708342
11826306
4340826
257337
14400921
1251549
288282
4968627
3643239
11316275
3294755
2760568
4826065
2788580
107086
9608810
4007289
6313893
8618691
6748481
6761014
11225184
3525208
9824979
4125454
3990796
13029456
6511638
3474907
9222226
1012979
5648144
10603821
2203308
4039947
1651466
9151157
8241576
2045944
8159108
12183431
3495364
4244378
2279832
9103656
13172300
2673470
5652827
2086464
7409684
4797380
11974962
6887503
11301011
9992063
2950332
6641314
443136
4593261
2136554
7806764
2566240
8335094
4377246
3216253
4207346
257363
25085497
2251379
1646443
8420187
3958035
4179285
17291708
12973871
8013335
8043163
619561
607270
5069267
7055574
9035943
11862267
9569606
11544577
11814963
13777640
885830
7947629
8312821
5243479
7800395
12278886
9668176
8485237
9009399
6124024
4878302
12013265
1417956
9276573
10028585
11989776
2689342
3468745
9978899
5152593
4498701
5192848
12004400
1441002
17963062
2173980
3442671
6140445
130725
363068
11289047
10444037
14876373
7321089
8766818
4141947
9897956
13615491
7266704
2803259
9321028
7283674
6792217
5347569
7411637
12749788
2200721
9096170
19375600
11598262
4039624
5501789
4317171
2329867
8485394
15875931
2621189
7242183
11210403
5721996
9492143
10090071
141799
14729971
10978220
1022094
9496999
10843718
11430840
11300725
4358815
7301328
4414791
13943619
4725237
1970312
8497975
10468187
6774707
4035081
2521847
3977484
10567686
12120693
7498837
11181211
11383948
12246593
1112531
1825341
3541391
10744450
9367389
4060298
6127154
8515358
3543069
9987524
1416868
963825
8448964
10422336
2939889
11583169
14935354
7500469
13215720
9595741
4441621
1767932
14066963
1958377
6374800
9373919
1943025
941907
4449304
16250668
12969512
2797050
2128391
8341746
4693839
7871071
8669373
1086191
9730137
2629577
6558817
5192420
9051193
5311424
3296960
3403953
6073498
13222296
10797971
7762222
3097290
7047482
11084719
6984217
8601808
9520640
4821429
4305103
6650833
9104608
6620456
6228873
768330
843721
4162381
8154467
2727538
7353497
5591825
6995044
7125814
8338318
382037
442049
2572137
5002570
1808007
16804894
6583721
499756
11413280
11345241
7896449
11236999
323646
4948378
9716626
4271094
4421223
9334610
11833315
901846
8380812
10665216
6667675
11054866
3851745
243964
252869
5546196
7952415
3986405
5748675
2204161
4793031
6760175
4302923
12693134
5963430
2106281
5451646
9520896
1899182
7357069
7335436
10466516
9034904
8706774
3541351
21963672
6126544
7650953
4011054
5251159
15286247
11019261
8964344
6670900
3638216
1311011
4247425
1258706
7524522
9815496
12791220
9518281
2834619
1429375
1559446
8306805
6705174
11039549
2855780
754980
7943466
6037053
2566842
3659553
6668022
7000858
2083330
4312728
1359851
9008263
591750
9005999
1842320
22630631
5402422
8205536
15822858
9067993
7646146
5677117
3328374
3205095
14707567
3341954
4782287
9181389
12180700
4008258
8505336
8953870
1482894
11632054
2954219
6385395
11216434
9145479
2030534
3071052
183060
7827202
1808709
5778033
6852269
6898422
4418511
1480471
6128223
7835780
8512483
5295558
3916672
8107838
6119319
6130825
3325487
2351081
14136324
5112615
6654657
4156643
6636840
736648
10275625
615894
7005600
8137133
9035523
6354565
1165069
1755505
7510769
6159607
12118498
3436621
19692913
11476996
10231278
10717461
7952184
9115451
6057262
10886360
2241477
7724026
1182326
16122482
1289989
11390948
7924383
3630927
709855
5136381
7282918
7707825
2225180
12264638
6785424
9023732
13881083
3149687
6270459
4495079
4372167
4801442
5392264
4690052
11672151
5878351
113028
1151116
8744875
10770215
605251
636504
4497098
10311772
160478
9908775
13467887
10515524
7728127
6575859
3704700
2094689
8397348
4032487
7038979
5178171
4800463
10760703
18468947
7130628
10928012
3410211
5567264
9959031
9541946
5153929
6427461
6998234
1867349
3119241
7702231
137745
6201910
9817641
2635160
2487589
10240723
5817578
1526388
11830891
6547426
9636870
1374418
6752438
5317677
5843538
6751171
292896
11444411
7403168
7118896
5440230
5586256
2457616
7983189
7737444
5642982
149870
9891521
10850967
6769484
131436
1997034
12549327
12956286
924604
7696284
9505752
7245545
10138513
7051496
7070353
3049615
9374953
12644720
3706536
12724935
5772099
6926363
13394364
11742703
4557472
8196382
12299059
10946805
5614616
3024447
8209441
3667743
557650
10506670
6759653
5675993
5626421
10591525
9973230
10404630
10643928
5394577
11288834
7008427
14673471
2957763
1673232
3420057
44858
9541849
4700861
8909185
1218761
7581051
13722010
5987106
3064049
8827947
11018088
409416
5273902
14659147
1508727
8349437
1732845
4871066
8371838
6600010
6018352
1024142
2495814
530977
17632906
8654138
7627431
346275
4771064
7342060
721036
2602504
8648496
348674
7570777
2660737
4421039
9648852
8289559
4424906
10216647
7868229
8106477
6321298
7104993
2218957
6679442
502469
5738234
9359793
13660105
2779571
479987
6332276
6387344
10516132
5178807
9509556
4041080
5025641
16086895
3520699
3355787
7043976
9051838
2324230
591244
1935269
2196321
2404459
2399663
8614635
3157082
313872
3642282
3726922
9216000
1942778
5829153
5706432
2128759
4278327
15306300
4070800
7116889
10630491
11036336
303145
7573082
8918050
9180937
1369728
15096128
16294786
10942743
12330220
11696604
3376076
564661
10713104
7378296
1726218
548876
9043485
3847099
7264757
2734596
4687235
8034844
3810247
5000934
4445059
5725633
2372880
8265855
2792830
143466
7062169
2917152
10987284
2615390
7222623
3117968
6839856
2889892
13606205
7954946
2802639
4327692
9582397
4016491
6213880
6418065
4480508
1644451
786904
4801554
12900429
10658757
10436823
2426396
2108727
611139
3268772
2565327
1882248
4346638
9332012
7563538
9692528
2519363
4088123
12018645
5534379
6522621
1260666
1638888
3646599
1767529
5021949
4061141
2711650
2779392
28860551
3432590
4153159
11612502
1610882
147879
7943681
11128448
9735862
6040856
4977924
3431815
3852113
9676376
9507995
11166941
3855855
361317
4070593
12206535
7116965
5542736
1042929
2343413
320913
1407244
9523989
4666383
17687849
11592163
9200130
1981781
15745923
806838
6139342
5975166
2391543
5106272
2065541
903237
10164767
11190506
6461984
14004723
4484580
2982694
8008518
8500313
8717660
12302174
10230470
5379397
1099760
89229
9073147
2866086
8855134
3440057
5341395
1803204
5019236
10225617
4495217
10535875
8401605
3388840
13192813
1611294
9539398
1885893
1283752
6933755
10333430
1178055
11505225
14265184
7923359
10876907
533163
2776380
4768488
6886713
6190026
941767
7097194
4192455
7570582
8592931
5627944
7814448
11384522
7149142
544517
1295624
7809905
2678150
10151528
5621544
9596931
3116366
8692915
9139726
4386649
8798980
3963216
4229454
11230016
4511972
763695
2521486
1422063
12954681
9316918
13772608
7213284
6431173
12514075
11090212
6647896
8187593
838299
11164639
9262359
3876251
396832
11156975
8406222
5100903
9174576
8064785
11605589
5178404
3670968
8273516
2114460
12274873
1335022
651953
9842979
14487634
8164893
7722145
9159415
2003200
4176185
2527079
2260805
11714530
11010888
7112104
3755103
3309489
2847026
10588059
4535721
6603513
7991931
12631332
15844879
220500
8693212
117364
660682
6547907
6549343
8401937
11731029
4685408
9179215
2014211
13484753
691522
3709650
1377282
2912655
9232868
2648615
6809685
8588590
1079696
2084826
4559326
10609363
8200783
9059000
13137713
877679
239680
6190279
3866693
9994632
8834430
10273367
3768525
1728884
5156652
6203809
9945872
4460980
11107253
4200399
7889976
1771540
1123074
3696886
4138662
3505708
270073
4151706
6281624
13864228
8297753
5584213
8390111
7739158
123452
878646
11499123
8082129
4986609
9623645
4934713
1685821
6881360
7071416
6972108
12979578
3347758
390470
5099717
13549849
3641085
5190458
2874462
9601964
4239766
9780715
5787250
23089354
15205569
5948853
3277216
7501084
2640918
4417880
6005046
19111907
4092791
3764437
2845080
13324716
8640415
312278
5223490
3845422
3035055
5056426
9221281
10451727
7431137
2691016
1398596
8766236
284013
6566933
7361887
5833520
13323682
4001509
7578994
5813049
5296695
4081973
12067499
1462319
7526184
2988570
6826111
7206834
2826604
6759583
13780729
7793031
3743527
5470516
6398744
851403
2700597
9355573
4196458
8038605
11347467
7384253
9271766
3329495
1346720
4821321
83902
4402557
9175423
7772062
12047572
8573701
9201522
1745846
8123167
9442889
13888823
10435458
3656642
3580395
7334409
4361698
3682287
1689894
5324501
888181
7385593
9903628
2942413
1745690
11329673
9539766
9811337
8160047
6826322
806976
8831336
1483728
4409714
2486535
5610375
310262
11287942
13069289
4531301
4172445
4325516
9467550
10168052
29691920
2164082
2021366
7463906
11334540
2470694
268361
5312806
11079380
4099035
2842074
9744155
8924433
4615687
6570051
3604064
3150976
2094
6961650
3976999
5889943
4445004
4618190
7998460
7014517
4359965
662795
4504873
342934
7104086
2297461
7900893
4035641
2458155
681557
222879
9344740
6779707
14274122
2169959
700801
13320232
5713543
7424752
717814
1301169
5657768
4184226
9654760
3243820
2735451
6896115
19271947
6365035
7074289
4994894
127894
5779664
5559646
10630861
3331246
11567966
1377714
4357639
10490992
7634216
10784452
8035168
7996840
6596993
16083056
21740310
2851697
9279309
18446
5680850
5140181
4085929
2911507
10138134
7974330
8786527
1238442
5105175
4900645
9759205
2876431
2267827
5354422
6874366
6249205
9774738
13162072
3954458
11720300
6551799
10888579
1446618
5227280
3322495
8554380
3082505
11960601
1049307
8266184
6624570
4982592
6165400
2325881
2204516
10972449
10323182
13021790
306479
5105995
8470548
1119718
5588554
10563835
2471903
11864078
8883522
1937798
1692137
8633063
9236424
8952772
7205245
11174022
12853236
16593847
3438497
13112410
4995884
5218675
6958879
1520953
13106732
7193425
10629114
10867713
1508706
7305475
1385389
4070567
3233455
3805257
1468962
2073596
6153169
11182346
1092134
5458693
4348411
1641838
4753896
4010952
3935287
8589403
7731144
1647691
9073908
5778694
442332
472818
6314725
2476204
9673543
11330275
7536743
6427919
6457940
1754040
7405287
5694102
8069413
1678288
6281225
5970146
8644709
4418654
9998557
12990228
2285495
6104467
5416753
9830844
115998
1719243
15401444
8969271
2266041
6165976
15604922
2354218
8508239
285824
10303039
7760375
9578509
16991141
3810511
694087
34989
6534701
331008
484725
10766137
12093895
6653714
1514836
2816966
9596867
30915
6150293
7030269
8164613
9580173
4852862
20575491
4332471
2675002
643652
695048
12033973
10822097
980540
7725498
6595856
5140063
11395518
10831069
320078
4232452
1503411
6758950
1350432
11668332
10825007
1399650
8107871
7361928
10380793
12574039
6966306
18316449
12132609
6375158
2788277
1530809
6648014
8157093
3851630
7716509
6396779
11150995
10354934
2515678
5304693
2045531
13859572
11533973
2929979
86938
6959598
1736413
612798
2476565
3921165
4500215
1821423
3902802
1809194
4556039
6822184
6320552
6718010
14229032
9265713
923110
13703668
2073301
7607809
4216678
15824873
14358059
3242141
3911311
6350245
8158500
6456097
432171
11617464
4324293
1296926
8328723
10374984
12848044
6993027
3520234
11073007
2962337
15209598
6126
9395295
9371258
12715969
5161907
5981211
5817425
15177474
8338190
18119782
6790182
3038507
12338912
10287300
1506936
6453983
5984697
4085760
436155
13252996
5145094
3740965
5463512
428264
7550606
6933624
4504297
7298615
3916968
7451718
11075793
1754070
12427302
8293254
3558290
1469624
13524861
11169904
8110645
3676109
2937486
9052004
3385230
6078045
616930
7266959
3372189
5467951
2591786
9323839
373817
4783369
1339108
379742
8400540
3854482
9123580
5029322
4031413
2775471
5832188
4024696
14385448
11538002
1447706
3234953
2458067
9033148
11270745
7630400
6802127
6611204
8188981
1728178
9731513
15761890
2517503
11027859
8116287
9189495
3727257
2994597
10616424
9265634
14813625
10312780
8057825
6229271
15773070
11435572
527168
4483420
3709982
15190046
6215902
12048304
10502687
9895741
3135769
6358986
7391892
6732250
8223816
4210369
4673586
14286343
2451414
386574
9461067
5841647
7665316
10611456
6908354
8615389
105070
5993455
6699496
7491682
650674
5236045
1691306
11513230
3611074
5460558
11427060
9016075
6461801
5014246
10566230
11097708
1336485
11708759
3412692
9631526
6274225
7866965
274949
8358547
7343786
2690290
10241909
7091959
1541173
10726785
17266891
3213554
502616
6081342
7400134
6248620
8800175
15503449
7418389
2268768
2989348
1816535
3006200
5244661
1471969
8658216
1269455
8974063
11925291
878088
9020627
6486998
5801556
2646121
10565697
9149589
1036170
8676505
9951789
3988230
6425868
10685556
8271084
3980609
12849715
11711032
6875332
4101834
5382728
8455490
5628486
819082
7575917
2359238
2258469
4162820
10998803
12670611
7183659
6912072
950710
37158255
2824544
8619947
6448123
7666627
2082929
1867148
12395246
2026754
10280385
38057
4472646
7914422
13498148
6373260
4831321
9842820
5471505
780582
12694275
11037356
5155376
10258154
7832635
9807280
4735868
9810475
33011
133038
634024
3563198
4556274
1864282
10003222
9552663
514750
11401427
1833045
6426457
10454375
11433830
9202879
2228880
4217478
2485086
8509495
9407997
7007186
8515143
8508402
416502
3544168
2717769
5436101
15770737
3673249
8356024
5620861
8110245
6660153
9753136
11115927
2568667
4729653
469967
15557379
2375427
4967367
1124942
8468552
5710317
9865127
4094890
8871332
7443904
9542337
4325195
1913548
16986286
9176316
4302916
420256
14290447
11597174
10889236
2930858
15220680
963199
5449887
6814675
9598378
9990448
9483867
5709398
10622637
238961
4818454
8871855
2319412
10361354
4857813
6993766
10320762
5156866
13767917
11624796
5974790
7053315
3776743
6043921
9592483
2404935
10475271
9872011
8108939
791317
6442801
8728699
10282281
3193660
7784362
3901833
5716592
8312918
584604
447863
10669230
2296587
2276296
7860188
3719832
625903
9395665
6480068
7323908
9949783
10798083
11917150
948922
2090787
12722800
9997717
16902274
11889370
10557328
2356
3654901
5966978
7832219
5947178
4133917
9175119
3292658
5442447
10366276
1472214
13130094
7705353
2008366
11710063
8702918
15716840
933529
9367777
15489797
3650817
155475
3251431
10802064
8656569
517511
3072404
2372810
2005552
3907639
4080585
12235014
4539968
11286020
4342837
8891507
4912303
6124239
4587601
8016252
4139968
25227892
11835017
2726838
6609932
3308833
7584006
158342
2155181
9790183
8426688
3611
10941558
2093954
663489
11366827
9802551
3577650
11195600
1933680
2317190
9081399
10950300
10285820
5053201
8158465
5559991
8225892
6048349
1732584
7960486
1397085
11681288
21475330
7659191
1505517
4682571
9302604
6967041
6439644
3474434
8438793
14562350
11738802
850106
15206444
8623300
4286038
5509372
7872695
5477012
51508
11030385
8196197
7182180
7473442
2813856
3689881
10744015
5945939
3972354
1768651
2754121
17587886
1771809
1928287
6089138
6121373
4839651
12255272
3248999
12699526
3674466
7216227
10415748
1087598
7345931
1810495
2014951
13302124
10727423
7035120
11548551
1334396
7390451
11857585
11294194
7693867
4664574
8826496
4521949
295505
8130241
6049551
6575866
247238
8041531
9722655
4159723
10657446
6172684
9806327
6779203
2369675
3997619
5152163
10881411
221920
12246801
12173961
10633960
16537600
6798575
7446224
14759141
1307996
6636103
4783668
5994708
6350223
1885635
10127348
5286979
12912702
5702708
3807536
1742258
2787129
3059986
571102
9299945
10582182
2308241
7493618
6003062
10771482
3788531
9420584
7348888
2196980
2317511
1808390
8490289
9150132
3646831
5614628
12094990
9742415
3649154
10994475
8144776
8230965
12115446
424358
8161386
2016472
6646263
2120581
6221529
20138999
7530242
3609877
8749839
13194358
6943854
5416361
9115301
4605229
3951892
3622696
9199483
10845231
3441964
10059861
5438880
4372451
11648100
12270846
8099337
9245451
1252854
7642490
114047
952566
2599650
3199113
11603994
17415085
10445343
1378693
11028374
4587822
4932921
6024649
3302565
7710337
7895093
3757577
5175591
13772337
5291257
9717006
5129762
2020360
10385189
8708629
11936037
5023783
6638215
5163692
4001511
9050010
3808252
4749934
6592204
8649796
10825268
5390542
11350483
2371689
7153866
4190107
3817331
9948590
14112947
2851457
7302093
2242800
3599838
10308614
1445170
5583719
1360405
8148096
10354880
1224034
2227343
9982712
10857967
4458654
799684
7571850
3391222
7830875
6918766
8502783
6830984
6355660
4191190
3151868
1306343
8662993
3605118
7489451
2108165
7664638
9880255
11008949
8118249
7365608
9378901
9743982
9540264
5113243
6345507
8251638
12103577
8043937
3075111
7728802
5690215
5136425
8162894
4464006
5114485
10305868
6451789
4695248
14953988
6421996
3212134
10369695
7646951
11543093
9510568
6860327
8782452
14925096
694964
2148129
649671
4796304
11599536
10830531
9090161
8497205
9398914
8118238
6860280
5239660
3117041
2708486
10027219
4478101
2775857
2413406
580640
4758767
1519213
1146443
6934110
1264421
5497585
5686521
4271993
7772891
920852
5396798
10424754
2633058
10075704
5715462
4610982
3399428
640407
8787285
8996761
1462193
2587312
2639089
568840
5677682
2959512
5056801
4523850
468047
13867407
12624290
9596995
15669038
6360028
5942852
10211668
8134455
11661372
1938655
8296024
6223740
6395971
3725637
7202907
175297
9351686
6273354
705526
7740418
8663978
7460296
12203159
10643184
7379375
3676777
4945294
8954184
1139784
11712960
5953760
5952217
5710175
9347819
5922955
5907065
5211702
6199154
2390481
11592072
2123832
2069520
140054
6249611
12073712
10024314
10284485
3960400
13232416
4252102
8246376
2231340
11717434
1181035
2100271
8973438
7082831
7059153
13712848
6879997
8465886
5624535
3759054
6204323
4334200
2171017
1814780
6129096
5461271
7200411
3439347
3976852
5112718
293488
563580
2954166
12677215
11971317
2057265
11001152
8594789
1042297
10132930
10568575
1938004
836185
3020726
4670373
9082478
6531052
6350980
6407672
9376519
9443591
9788380
3880548
10494707
2897909
12235268
8867884
12134987
4245360
75198
9888243
3934257
7957654
6675934
1353864
1343040
4966759
6231661
10676508
14908209
9043776
1767330
5660175
6314585
2914536
14927770
7984118
237300
1624300
18380065
10851377
1345405
2044479
6480832
5222150
3230712
5435349
1779227
780216
10366901
1790103
2390175
8140966
271243
8367898
6007081
5718719
7643275
5622210
8555597
6611597
4600546
2623164
10887174
2183672
7459035
2534825
8136017
10122360
2475993
4991927
7559959
4205148
9304520
4141611
194512
8429447
9858961
1626675
926384
1642632
3375902
8237275
11157474
8840433
7989107
9973627
4741688
2827829
8043124
3215606
8016663
10822432
6607337
7737586
1528858
9300803
18293718
6400451
12429738
11296348
1853768
4388797
8241600
425045
13706104
8924196
11054964
4097215
8860695
3677414
419724
3232713
3654241
8727381
11349040
530824
6642213
9629764
4046216
3438903
2054372
1739777
12944281
7254415
3716638
6802712
5520562
6123303
10001390
3322484
1627517
2932825
5278062
7401159
13623248
2291474
9981546
11597374
3161541
3563635
12752082
8452893
5416329
3910485
7205192
2222475
8554072
15439674
7693564
5467931
13980601
7641134
2700935
11574350
2360057
10228887
3480923
7089103
11256921
4042462
13691886
4047948
9274629
4954420
7032356
10357070
4411560
14136898
1453561
10891296
2030323
4631894
3405140
4046561
4488624
6474258
4671379
1142531
8808690
1632120
9754945
4319725
4356340
1737057
9939057
11357412
11204895
199903
6570840
4152079
1330332
7704350
4595033
1549220
11828290
1785475
10476368
2663262
2905945
8300116
7719118
3770497
1217798
2335407
478148
2200739
7802560
171426
1693506
4463674
10841212
2809125
11106431
207167
2436383
9266715
11668570
13332800
5083793
12962016
5286091
7553485
4695482
12565857
8599791
8166071
10431168
10491306
5008662
1986309
6708785
4066399
11208135
10399023
3450854
5999463
7402983
5145568
7814495
8093259
4361670
9558392
1809563
8191549
8127692
3651379
13715927
4630321
2018371
8526256
6897386
1100286
3512362
2972650
7806982
5122379
5971151
1585120
1265017
9997793
777946
16376347
7849834
10291229
7814347
10750950
2087726
688958
12546839
10300076
7812054
4423853
657350
7737847
4344157
4194658
683370
8425669
13152434
11101871
6423410
9207991
8499027
6565821
4687235
395088
487576
9754987
8031167
7683177
2020469
8119404
10695229
5449982
3548455
4135313
11819084
9842890
3391697
8364938
8611714
6915037
2806876
7524770
5132255
461224
5460614
9897301
9653126
1621468
11838201
9093667
818172
12621314
244181
9726340
1477215
2845918
17315797
11315917
4410252
2117726
7413260
8212035
3598057
6058942
142270
2248452
93796
509723
8526787
7685229
10543928
4871566
7245081
5353226
8914313
7162123
477083
7219125
11490162
8568954
5980026
12525600
1015497
12100173
12006554
13181215
6323690
8735436
5620107
8211038
1757968
5123623
1911640
5396381
752150
5065253
9025592
1135227
5553144
13404277
1352187
7994164
530569
173000
2553405
2359502
694250
12142541
10366347
5522999
16876805
15879931
1335833
1945598
1323564
1229209
5431827
6139412
12990374
9361088
8669318
5476969
3377372
2737604
7291703
7635959
7620599
14790561
10175214
14870418
7182888
9369123
4252992
5468789
4676164
9861660
6764125
6980335
11053764
6271261
483340
9143447
1252485
4553083
1453014
5168603
6423058
2112942
5361157
445937
2587434
5674022
1600481
7177029
5079314
2294055
10284055
1807684
8707468
8890986
7885747
3965093
7118122
5214771
4386131
10482898
6720594
12692681
995771
5396237
848188
3233236
671625
7836487
2942516
1838412
1006100
2553284
5081213
522284
16600305
1751882
10692706
7021598
4072621
3151278
1873823
2613566
431162
7365124
311783
7122777
6228571
10787069
8208006
5096179
11879060
9299687
8339040
5684490
3406114
10570458
3948588
1009943
737772
11181010
9409741
5892515
2144396
4476680
5318220
8269327
11897657
7335102
8638842
1959517
2679124
10121600
12396121
2009814
124854
6944459
3228722
4934088
2876535
7390218
609427
3683560
401720
13422532
11223009
1338067
3453186
3302861
6635867
9703583
8250119
10800538
5585134
5061776
9073943
1003651
6773695
2437855
237982
2788031
13308033
8990764
10319080
9777996
4620739
7491034
7883556
10159586
3416406
7360062
9448394
3195321
9169926
7458754
1816537
9431396
10862671
2637402
3293100
35801
12787307
17348737
2507843
6606851
9315723
7152114
15567984
1256588
6682899
4620624
5996960
11853969
6138184
4101682
7329851
4499488
7387491
1243722
7165796
7957212
9377856
695285
3492572
13622965
1890748
7628183
10080729
11192593
6554526
4576124
652066
258495
1152334
13739048
370388
10675675
299558
686283
2930190
302232
6032418
24070289
2827289
7599488
866331
11759517
1543088
10345665
10553915
10373230
10925757
2041442
10634356
5935503
3850875
12427061
9617967
11238983
5841410
7947969
10569312
11846564
7950452
978621
13260401
11544178
3847637
472648
5789630
9217356
930379
10150838
7652084
5766925
4120148
8958526
16134508
1591238
828809
9025425
82137
10825524
1482839
6575058
10098919
9850570
9077790
6060318
12346777
6378018
6309173
11975751
3682054
12467147
401474
4860456
6284567
4951922
1039190
1784062
4952464
6041637
11518291
6105180
10410220
9744588
18357260
2720653
10824151
11085655
7012389
6347303
3976614
1961980
971449
1990396
140697
2667043
593360
6921643
6191630
4533459
6405891
1907873
844652
9115143
4739709
900953
11672424
8226299
3816080
3340195
3731317
1604382
7194436
2212958
7122508
2760872
13949435
5068196
11245466
