112395647
534262056
53684207
28661692
67226164
45044849
64349223
75797929
21067321
53985620
9581193
15383120
48819303
21321251
10744546
28714467
9183171
38658455
157331254
9645983
44518562
56568137
87534916
51613736
26517111
17706977
80405577
40650455
89856213
1933123
19014520
51558793
43361302
31786828
69872581
32563260
12764040
42220771
115059611
44113467
74649111
43925127
122759900
9752320
13175217
120125745
57778552
123865709
256712633
30840845
32328426
103242124
8932122
25480650
42247837
221233201
17318872
87142933
18265395
144916582
41700361
11448979
66718855
7568536
97062344
134336606
16759166
53543635
35117217
61568958
77729859
30291622
19876246
92516949
152763419
1
48740725
42751678
156921764
90847198
61193209
32844802
13501301
200876027
25771076
38069418
24020055
14222699
15070003
131409718
20113918
78260705
59637937
12518781
51399568
57586938
307787159
112005206
57561823
87418961
149463983
33278838
5713644
52092379
11602512
139061223
85861160
78162016
213236808
5680605
64237929
48402326
38302923
34425152
24627472
82790598
138734803
112498504
21401134
106569868
49185763
60733249
112256616
1432261
111407948
61737599
49554121
81019458
3091274
81159906
59541008
35742945
34675805
52933122
490736
186562553
15414010
40777878
78851986
76521829
47543226
122057402
125547458
88059001
14950373
58935933
153276463
78628235
38227662
28933588
240138629
90022737
72469779
28328884
5676463
40763002
299504807
245708727
34439530
113865317
3154776
38892121
14817238
154031595
55136925
16175169
37734774
52068723
53003989
115629511
83222116
57899925
51088270
25000182
51608721
58741611
57731229
20124832
159483714
51812631
137601494
81924480
13445667
13566770
13006945
19361866
86098117
43648294
170341492
72671551
91772530
49166659
126972681
2090361
6176262
109868708
57857744
21324351
29166371
62895251
99471918
76551018
131216056
29439785
61849016
61410315
46950321
46883754
65676536
14569961
24382628
144186474
2890494
86264797
93342601
147170995
48798221
59437368
135484377
125019557
17810517
48961598
34534027
1
70010507
86831624
68724400
60437487
67239702
72431370
233288032
54698249
52893026
15220327
50263974
146671349
73612966
74321285
125425694
169865604
169263504
124869004
73835808
190828180
32355414
64929810
24820481
8432866
13304972
16049879
65573384
130338272
58088118
21806629
82454983
56772089
75357752
58783502
3145677
88224976
16868237
26862051
182050488
273533250
32253110
138312294
74175031
7260883
5098990
106407114
31915611
68723643
12495525
10819227
153993892
96083529
90714665
9259011
26065565
45689617
2782541
207136722
27538592
57930540
140740317
119850994
106941855
66385001
52750287
21717486
46531824
82565118
64353180
53280961
14307937
42961825
21956417
192196139
152035664
15675793
156062717
91906919
105197620
101262221
103377539
51170851
32263524
27292660
28582643
122699089
64030952
69779668
24311514
65425091
96992172
62885473
20868873
34169078
105405007
99296278
47811495
6180024
55855180
87519013
48447783
75308695
173260685
18659165
30130451
2296757
42778016
80918504
300060144
31874658
63489376
73099780
47799048
13129533
134626841
56894305
44900207
21871374
21451592
96639982
202223557
107829548
14024842
16875325
112470211
23680189
190936318
52641365
33239448
27072677
153795045
111138521
16452982
65199174
62445516
53837193
324471736
16204967
63254981
13483717
64157178
52376921
7399353
96609675
120518801
223614223
37934683
118952898
88008603
90013486
19588515
51441546
23828725
65961223
55926625
24121665
110815432
151205386
24687202
68849609
5557145
68856419
7730319
70011871
38669538
90663360
31786844
99845549
206319723
19103191
215091374
108501702
24338167
10397241
244476617
60779674
319833266
44213826
73368344
155476705
120138710
59667914
46330517
92378672
17012720
24305032
97419040
70267186
69704924
46164188
87995373
169999060
98036737
15408766
62381151
48640853
147965305
32808746
14705744
164616361
20736755
743801
25818335
95810648
181244735
203060055
224735043
28084768
34966851
262461812
142262398
20620165
69668414
103856064
139986114
21594368
65775594
77823357
47477723
65904196
78444668
33329603
69295752
65368331
64969939
75109878
55140366
76577484
22474940
225803389
93580882
31905699
75416152
68271522
62078888
150570870
31435961
64606634
107311993
52942647
114711329
10957878
72197118
87385297
13267345
653625
135681996
253027
25904059
104538826
25788063
11061560
73153618
74473202
184003947
23710372
137609242
1612017
113834506
159603071
79162257
68088823
5313357
130790195
104523598
74412559
108457085
85859606
17075051
112579634
71758889
82257735
20188553
48442481
57542053
94561056
67898757
13456205
70959900
64188549
18768954
109329290
90341028
33602321
48777694
38497460
41441454
28929033
16730865
1326848
3205432
4534294
22388118
3468171
136764905
8490539
50146704
170074259
135999030
2498261
68749567
2420370
148417062
216214374
58521039
32552557
83233455
98140895
14499608
44354848
101784597
45052600
61027722
92822231
50174149
44466281
49776977
81661401
35103199
85028635
103753600
63765790
212301555
67993875
23932309
22769600
1192379
65694987
1715771
62094694
9571081
87001549
59762643
31410244
354629
135703004
13947764
12953761
92389986
50646784
57224278
30921889
69519740
14246599
72877007
146090284
50978887
14769680
74353478
39782581
87032531
25118572
29605155
7709188
47980292
72635654
4245748
51925120
15792458
84614841
99865466
18459802
61421815
12974105
10485503
63605851
99679934
99609612
54113807
11311916
32502349
68585102
82576355
69304221
12535435
67623983
55979470
32122252
57959383
6562512
18807944
2268080
76635045
44896995
102051011
42585632
48099276
45772419
135331189
38052016
19286610
66017529
185165598
120039458
56874999
29155965
106374176
59910622
95281245
98465043
132949924
29932968
100758957
421172132
15035677
139604073
77520679
60499899
8738786
22735930
61756400
190558409
23417639
289947
51027609
197577490
66728450
44935010
62326028
32041008
73864361
83260535
5051773
73971783
18329521
51626343
30688853
118417109
22114542
104072568
145641921
31066473
92838289
67714637
5853185
56518776
19305547
70604442
6646079
49340630
157403556
3063560
90859366
65396124
42165246
207748925
175307972
43276803
124940969
9085048
71867771
15646921
50423207
167188348
25512563
119463491
89394102
21761695
15247328
111005491
52303523
26899744
45713981
115512177
11414486
184666386
2852225
11054757
26855532
20774791
148511587
82884575
51513782
51137859
195157
114211977
43173619
41602117
70372525
82009078
41619975
16332951
134958203
16605805
18308773
61319459
106853288
67567975
68952882
40586566
34679318
14750392
8106583
106069307
18868624
65302733
67123058
57822094
40530609
51648710
41432877
87763526
22726818
108121240
93607316
29090340
86137054
39181212
49933088
11035830
53235280
8371785
46663365
61034249
81320802
4322776
3865520
60923544
110374604
28665195
13161450
27569253
90812934
28577013
39447241
65264783
139023896
54665765
124494702
86303146
31972213
23022441
8811063
74748374
54783400
44695954
398941
6151048
18735880
145882826
125803147
51402060
125550676
111675471
73578254
206713377
48398326
39557591
5744313
97256185
44239893
154960114
33982925
32872803
158133469
71739897
58012644
20618244
39285037
72104320
40320001
71001191
131537730
71561146
2869080
173718627
4293284
29956643
27766596
127423015
99172532
21314513
54293607
142273826
36576972
178686679
11572310
49459491
50793438
19191096
61996714
30694422
89688803
9016025
96745228
4811423
90322904
114283882
82090709
28245445
470318
23076466
134496681
97094207
80023492
115716978
104094176
132735718
97380924
105647432
20983500
6399190
11929586
222510822
31353842
99743195
104134609
128272495
82150862
76878269
79587930
55689768
81088616
42123529
35885779
19797100
22558627
21020271
95646053
16909556
150983574
36927115
196688856
157808847
79271112
24896774
117902097
4042473
43093670
114328436
59093673
250631997
160784815
11281566
168602054
51167540
41218167
141223815
55117404
8991886
20327183
75115639
25079254
17634469
38094316
33428472
62780590
87846523
47426990
83199982
105309601
45408325
130308948
19239251
62408215
77836952
39890810
8828373
114860036
32910308
176604245
63318696
2415745
174565012
65892524
362405
25473315
42491024
40883425
20228326
94853199
59269035
46860689
8691275
27693940
64057093
73075645
42611743
38437296
52164128
133665765
35191654
8381398
121028117
1602084
36640562
47674673
13021950
85322335
69454029
66935416
2374264
65763018
285048061
21096175
51858021
6117644
151893985
7434551
20750555
26889022
25899094
97684671
48071146
74428441
679446
85962739
10032110
29911178
12904809
21334773
105157971
48344336
42443176
47473374
27772105
169686888
130766290
22253604
226105017
2690204
79337218
91191987
8680847
77205479
26634662
56240615
182628334
20529050
104756121
38861640
94616846
25211162
47430290
41868010
63143697
32440821
119655784
53755309
38502470
99764390
35964804
39085958
20636878
26392156
46031227
494370
207093888
78605698
105380595
3006170
25138950
72262350
14147245
23127796
1854369
31720853
85460139
146517299
60945584
10575293
91484413
127847273
650491
45390416
29029756
21111715
107160875
64698592
171307179
243434197
20930935
77006432
8510851
87664632
47332146
195115721
67796802
50541188
17500938
44764776
2156821
121110257
56122176
51511486
162777915
103874904
19415795
65522459
18808133
236330
115251603
148705139
51765775
14023160
334375488
78847456
41763540
31523171
70988798
16398501
18079940
63074953
99901306
36067171
71480916
28132130
23137552
21588999
17625244
13769211
36249883
29790017
134341520
30675598
77007148
109027474
12783671
18049279
121149440
81571891
43706705
10989462
36218613
27324457
35706981
139916851
10950879
61068002
68109494
50726701
88332680
66393268
37276178
2570448
16911790
4926579
70638144
5632673
1072691
10299107
96959428
9878683
38686285
67766566
28681815
57861833
68368845
81838268
32977065
28858900
63883078
60547463
1218252
7884376
165287
127477889
65138317
50849915
107604497
9932710
32183233
65386857
46537658
116052679
127261811
7805090
3168091
43498715
19282152
160073489
84547511
77419729
61539708
43310468
266036033
147468821
191367632
74443341
50371633
45661124
16789481
11554535
84826670
89266043
128647660
13762333
44814597
156662687
81053142
41908981
18989980
19634190
202701192
33213808
17558197
57293315
24362945
64940246
151032956
54567098
103921447
69105416
20810485
202663924
83124807
57231457
38849120
42737826
162999950
208051421
54305740
52557088
98496833
136992714
113329016
60211469
43403490
116584877
20061335
54210526
27031323
38989989
54940198
32422915
86804497
79581640
1069397
52139550
37930463
131889361
20499299
8598060
35341556
98147199
176566347
25484898
29311407
85982506
9307771
114065227
25637919
61799366
53536678
48714426
95067508
243224828
29323095
148358711
47015666
87191355
64342148
48779095
138293578
40780140
6719389
44692975
45866117
43272302
136198863
98304629
17340000
73821571
83810816
73050944
134288868
62294680
48477138
22190388
19098215
2628231
54379548
51510229
32351896
118728737
70731673
65735032
5227514
7923949
79042221
79712408
62064120
51911858
15062192
47602855
48172750
66879775
82932713
89471961
3684359
63825224
62358383
59848127
68069097
17087321
101879655
43419777
50964815
40449478
150542178
73652236
108608723
6059253
41643830
94286809
19012218
82380374
8373644
49640988
81215974
93570626
53651355
2735085
13477668
60818516
21726481
40381355
148538107
10459762
45523264
33372275
56929146
3639667
98953569
131141950
69787341
70049218
50452057
56871391
18134609
16904900
35949086
22388208
50607239
80683651
67933019
29760904
187773097
51819319
149463404
127703680
112593763
10230665
28265113
142044817
90657824
16992900
40491719
14063162
6954229
21550576
22219104
73808450
8319148
11502573
134987409
45075581
18706621
40703962
161940102
61178586
12692065
14204770
99318324
34028511
97627310
82028274
167958022
6332263
70810559
76692420
102325295
50328110
104014616
46434040
12907016
62210561
2491532
30193310
9422186
93374863
16044566
11407560
211395864
32498927
6003484
18453486
109159686
27577800
121539114
91507510
50473343
127546865
6780891
95825734
36928517
10114381
32737657
40793023
1758271
24483335
11466613
54040258
182878803
49843734
267026964
77927541
103062948
165350801
42775096
46226116
104896739
45499173
62418089
11010068
175634383
68892271
36959941
119978523
39583909
9307312
134858562
16856638
31334744
24916537
69685917
91262781
47917990
20002767
52656254
36357185
34103771
2859489
120249084
12479347
4705236
43026586
7710243
37166221
22005005
30835279
29965421
39022374
82003399
39442343
44756323
43070215
103112426
19373189
130410187
66467776
136640045
302639426
54218863
147362049
97656655
58125940
24349912
24390474
124821269
2202334
38511559
90035700
143988521
86186370
4872298
10478196
80274653
32858153
149050364
25698588
48488688
79749295
125714158
9839846
136502118
126137754
53368875
118960909
187971405
31174569
171787246
55304011
41702003
18839855
68071542
149326665
144312551
51848230
13447017
83644359
38299675
9397986
78254218
29610004
37355692
277441
40500555
73334059
46965699
54866677
3161626
46620918
21450718
63260895
3482559
19954855
189037337
107027591
23009031
76892344
115511726
100861937
106000714
249329430
67965681
20186237
15973203
118867727
28669493
79880606
152380243
107078702
73751311
7213827
34210541
64431170
15894970
37808488
88554102
4347898
62459864
29749733
48918406
107088118
113509242
64805734
17843940
6159697
89823898
52658683
199668377
95101790
79966201
13711120
80779848
16521460
93704337
14680753
101990240
34031523
243081922
16980354
98745780
45504254
140464643
147243226
89374483
22091878
7939910
23991053
37134186
15092790
115707443
112291996
91366983
161327445
42867009
10434305
154082290
174320291
30935223
44366371
25953837
84468019
72348997
1940744
33858888
68190114
66585525
65118790
122924401
7056798
153645172
83398466
199548830
3447683
4372085
18334417
78328
2217629
45195820
183513743
70185335
59794882
1763230
25686566
42252216
126626218
25470728
62345588
40485387
28199155
212159919
56994007
43444707
176019874
4002570
75560582
43633490
92183527
25005621
21842342
101760078
30450520
104138544
27444920
86596444
18565076
85632848
53389327
51180043
142659668
134771883
65042268
68856245
44430471
16353748
107615305
67911856
844213
42892011
21713045
135170828
20521542
26938826
136366012
131922059
117138384
42505567
11892874
99106357
77222126
28191873
30268253
114951748
27037826
31773404
113806824
12810868
19884056
23468434
107698193
43387637
37263637
83666110
26508871
48283289
39121680
20232411
5378550
32820440
28751359
58960673
74956303
86431023
16118010
11661709
58641644
54889215
15717696
83846035
67204852
170669081
44450065
57911205
109108254
10934825
34936020
6738787
30300590
68516587
43983295
20049028
67947309
55878411
9883011
6722652
1
191734430
124683848
190408279
34070595
106982993
52977436
3380006
86673901
54363620
39528731
66456546
79332026
41797752
58700888
39882301
51821614
52553132
57135058
108098024
8469246
75509812
100006825
33600935
68192141
43331276
46964128
84791241
135272444
125185458
36250323
38902238
67784649
3127478
42592527
35211397
73888834
6193161
71272091
46753294
4336916
29689677
19368529
31186906
48832380
27408073
70020424
3516820
13005789
22281085
83069704
72300416
1
754423
36179176
8590995
117872350
7501335
12304805
73895676
115295297
72212450
20040849
19516909
92840462
66702742
81142697
240633962
63529661
88010125
11331798
101801439
21576904
65174329
43465236
163034747
68724764
111863954
119504301
97873859
68414434
26616043
124628851
62204079
142594503
38218739
5165316
14519648
1723576
57003151
130219192
8208800
49903439
47154151
71063423
88065764
82993964
35285622
124553962
15435405
46391204
120367732
105099096
19783582
64577194
14044704
43705901
152260762
140630531
13812211
113101003
28423308
28966219
13828558
72450899
77593413
129123539
46648466
277932566
43374144
98409141
20929195
17414941
29368136
121894609
145520990
118224042
15496650
70261067
43218430
143294498
197460828
40953310
60522481
75547961
20361655
245367230
63302716
240267103
10016339
30016874
8722601
88903377
113037889
39192724
153835063
46286948
58752411
27579522
42602978
61930722
98351888
37429224
30393563
89970483
2041293
71196452
71977667
61666303
39580151
170951717
51444224
14945967
2074957
71907213
10534602
52273456
271269362
23414809
3041559
62284096
63700471
30515242
107301428
2023348
4541833
123212379
122700996
56606250
28015876
95150277
30866871
58902153
11406864
7167847
701017
144280929
2537281
98454696
60125112
146594666
19747764
8120482
72687682
77563578
42766452
112401064
72284549
141090481
29083505
91231861
74450560
42233618
37648603
48461210
264867821
3928500
30037010
1
89884894
45607537
16490899
22431186
441877
86092047
6591817
13717145
35628580
35797099
84451926
11701823
65205395
15960482
32946122
80470
1137573
89362472
105918320
81529432
35451452
140935401
30358845
140634118
57371404
118306216
61419422
10998389
86570421
45172771
110907536
83368735
126261609
42791857
55025663
57617017
6664293
157446
91345494
104942895
75274001
353339
1652369
25896378
27335552
35537010
6509649
47272186
29869182
152392774
63067718
14556652
4104301
89738576
53061261
20083403
78009795
71548176
88081668
46680330
107632471
10480385
319075398
65126914
94299645
23282005
210079732
4539935
581918
145600325
93480952
86695983
71756561
134154628
71302799
181434325
57286201
4361278
28011585
8356959
26339410
32912968
67598182
14149289
52339856
63682987
103939743
56537116
25293019
29530482
34908461
132522369
28904771
24232474
115232724
69285957
27361338
79753510
154895138
26302416
31457589
63144771
54181538
55482094
112870796
58607033
40275543
34072141
119968460
109815685
78701145
80614079
31086937
73853338
16735584
71556693
66641410
45004323
21438716
43982373
25666065
415376
57036835
87944837
38430576
12298947
124513587
183725297
77779467
79636216
90510346
31605782
21437525
81062397
15960454
43818083
37346036
242851198
59072835
31726289
26168950
49307359
65382973
39669209
28838416
57761529
7616516
8820469
73376506
157110619
75977805
69722232
8591180
1492537
33991351
81496601
152986877
20195893
52145314
18541674
154362350
9664048
25557695
62273521
53357457
64653766
15582360
27332622
111425386
5694095
98248994
268126470
21272099
87457282
161213655
47218118
145634454
65673325
15704356
94223249
88748807
48176907
92634611
11596326
79600336
3960823
8144209
4270494
74048095
79645245
52930436
63344341
26073685
27683102
4958456
5047704
8725670
36449540
30819389
143669424
9922328
39976098
35870818
53467142
5515103
91197319
5012952
24724731
27834969
112615874
4309844
90462106
147093102
150666389
21213276
133067110
12522954
7716979
24533274
12453282
130699232
91440694
6318207
122620846
13316563
24462131
73914407
101569202
28442026
144140222
93211673
13475419
10463544
91624122
26151275
13608886
56232710
90336287
101062679
63733257
44811375
431560
99500664
1431069
30431693
54096433
22705267
15693148
34578399
38172688
70756660
11362686
113872824
46352381
5241657
43876475
29447771
14412306
12588695
129135285
23001048
15064551
9578326
53840801
43425474
233786
27972256
16970310
2901918
103169215
37867007
37162500
57618118
105834854
117575093
7164482
96933671
43616784
7765498
14486473
78307166
7799607
54412401
10234262
52816484
805890
33674337
32509551
77217793
10317405
118353634
96138497
64108297
11732588
175160872
28768696
14483083
65954176
53922541
34997932
115453466
8517336
35143482
27042981
48601877
133282959
12896622
35519904
57012757
11300420
23932528
13366330
74674882
43274255
3596940
70110890
102604232
57766994
72107607
36941543
147747637
5261271
70687814
3949182
53855165
19929658
120495917
46729589
36926291
67056232
65201165
25994697
99590959
33648391
21815053
102749563
20592722
44724381
212641688
89039897
18446
19139867
113142070
47471608
30185365
68902089
32898335
131979690
23492045
63647545
21274821
55756606
42832500
54993416
58393957
13430083
23131849
121832854
163690521
141665591
66656684
69880095
104947725
50723519
84006637
10860183
47189877
42713333
156545005
76627714
11814146
49831250
4346567
86087118
69181933
105716263
25407851
65328774
72157088
83890572
12926708
36787785
76873921
106276786
54444475
985792
42279211
81703416
71135373
31104854
18258708
90957896
5340619
249926827
64599230
91196712
52271874
108849800
25927786
23816749
57752552
74318939
99855133
134665444
77457170
119734130
91892643
18531208
52395573
107702630
72963768
66248845
45832706
50143924
99309260
90279197
62106932
53857926
43220396
86902463
32418058
13302149
35772525
78414726
79852484
99554704
21711528
59086403
102817277
285621087
83311299
58116626
31303746
150246318
36702659
42078349
30429929
13590386
58034532
32580758
132196956
46873189
25282906
46730657
19351373
124247099
18309958
74433757
22135819
7808330
92846272
83154919
335978384
51229339
60262714
63670161
138567402
41123821
1909900
47550092
60602457
9534771
12991487
47918095
1
22807961
52121331
28776263
150841730
128301822
57646583
37368032
74402214
64085353
13002544
64751246
9268699
82594028
64243059
49504877
142201473
153955742
30008746
97473820
15456941
6057723
184304078
6292472
5585135
84921942
22225395
92012411
16863512
77373835
5446345
81290763
29155416
60097309
84289083
30583015
81640039
263042963
71133864
23347912
86025585
51006846
19805081
133466435
16275815
83679487
57030795
230582911
44123068
75404368
23549600
124054692
32226981
95254628
1691425
20395369
10654819
186377924
99052399
42806357
66708056
33973199
40781857
103014096
2688337
40726210
12755640
78238295
59057495
11300263
51901634
99414166
20528389
71889837
71506328
13418975
35795018
33011160
31790657
76705098
58339992
50002998
43941815
21658902
37287501
64296028
110688855
42408435
1421427
41141226
887730
158894784
13664390
72094072
55250756
43457782
74134094
41840567
10759890
2697916
61690597
29560411
64853253
64100722
160734622
122862112
2217153
28857148
57065666
85784563
14305102
105468245
7602151
72266448
45228582
34409911
37627107
24583311
32644420
131932122
34632277
174603077
71658329
26936816
51196793
161867327
80650315
1543612
110698142
36043768
109792870
7357662
49677248
49907235
83901901
19552334
24426998
151935792
18923694
79354115
1179933
106824073
64254389
48906384
41349421
35241266
100562057
65186080
128365897
11899251
129141692
40194881
76817806
35797360
31645508
77891805
9431031
222713069
107198250
20866518
22277892
102112420
94278522
95461974
7460932
118255432
11980097
7535376
222439147
182696761
30117984
8370225
30903902
16219387
28992733
93972470
49483109
70222494
88398510
66124478
74514999
97515967
18111903
110899939
85495229
95851682
40744186
72391153
13131
58463262
9940846
131750200
139603922
60974244
8127
26115368
57877563
41118729
27877129
138524271
85279176
19109977
70053577
20592312
84962164
82788537
76917274
140876095
48801599
189628703
131864492
155035596
36764685
7382955
18482350
58372245
13861641
87229421
46540833
72153494
34890405
46863786
172200896
8787854
88749088
79251912
11299059
28662462
38764447
129421152
85669610
57982391
12912070
111412452
159178603
68847645
21532045
42297794
44710453
20546722
52454637
202097164
12399755
274199
360166
28657949
141245410
18290088
26102030
14602293
170180580
112812030
81060793
895440
5608110
103262391
47498066
48602554
51646762
34469308
176445652
79343654
9998278
71639382
78409210
103277676
16300434
189952629
36157382
84749923
135890834
38965602
8298211
81403956
43726023
109138022
27930309
57900018
65032067
99496633
6947789
14304014
53172951
112621458
58587673
72838417
8408146
12527547
172183309
50640524
47365148
19352933
15483286
76540674
59015811
8990648
48286867
38525861
62745251
8488176
25052233
156224084
60828011
108797238
64610150
56454652
25232778
79817768
27492686
2988211
51581082
166847353
8351890
7081100
52973360
68181174
11397946
9835865
16247955
43790982
40422573
3718479
220728868
26674269
34327115
138445702
119033689
9566603
96076640
45739847
13166187
81763643
43832805
148777745
2655318
15157427
63762516
60641956
38010834
25811353
8900691
165373040
54598997
31884910
14060645
149977702
75719143
1090240
49146158
1
93786780
50407913
25145325
5814939
123629558
12205109
740247
29771835
94116095
50303381
111234439
31235287
156839380
29302324
9705226
6371456
26870550
124166344
87043842
24525225
58458756
11526202
57949113
118996357
14374426
79738685
68745903
172872573
71246906
27181903
108622302
931177
126574393
19583108
50909101
151528046
26391605
8404333
37142529
56634022
62377039
73857784
63875050
108374074
26853778
113512784
21113367
159606036
69023177
8460174
159476443
201478877
44131150
122329503
100234119
2528622
83181314
34806137
27434527
80793846
17716660
139120044
31644815
74066589
34768793
24988473
79423947
30365749
14170584
73318033
24809875
1215181
35726124
158049850
20771096
64442742
4050680
11346831
25137860
78436115
147192248
18423230
75581298
46532821
94676699
245094
27287511
42161430
173409434
67801716
57768903
158009489
27255302
83949165
111712824
2794262
32853302
5188639
39747421
81812956
141227205
114360677
32900715
103430254
63768953
11523137
13916218
105788306
36496501
26951252
79547406
217480500
25511805
65393919
72196709
15878028
63978412
22193289
50847052
55324649
2653275
88674137
80052937
36971924
39765202
198710882
37435240
62614231
225942772
110102254
69137676
9838392
44905803
18721787
96842761
60942320
123853745
44351403
172714049
124083577
72706133
63320276
56882763
84923069
1789188
63929764
83250213
73512809
54811791
2721217
46777181
21850482
53343781
30394530
22159631
25814786
12061074
80993548
4592980
61214643
123646173
24841544
26928355
118516143
12355066
70073849
137708000
43416898
173529768
64028535
202206497
11769412
151836826
95070493
11352175
37986327
64171389
102173355
79869018
68142125
75576625
110315282
124015711
60076557
229698208
309305
83095773
44664230
23624701
6501836
29210778
10706843
42778482
10862042
119953628
90578749
49126316
23010242
85835116
28219744
91763677
105578418
36598871
2513297
29275060
43046676
22225201
10997524
7388020
66045457
7866916
56255392
15616661
19009931
68486284
27890284
9038038
16665587
136016374
83620217
9534051
28439348
21237722
95123517
140951666
27174255
50765743
7629466
62370704
58412801
29529812
127560839
202824886
31256021
49835024
158711685
2072445
45701572
13277722
6699107
70531619
188830700
27201020
103086697
89660715
19398592
21242883
42302071
88644887
157880940
101960467
10415932
53209959
39448303
9721440
1256057
7979535
95400237
7761733
38457106
191309316
74246264
29364027
2581054
3803493
9491310
118201280
20237674
57578975
14235701
16698692
45596207
2768223
162512735
110068557
37529044
124444999
2394010
52644739
71897900
9017690
162459757
100821257
3402078
36687581
39763366
118530102
17811010
13572174
87906570
7721879
51894758
58764420
26152370
13372919
25171323
10521923
3136026
97174922
93720220
190197834
108995256
85351845
98894329
65165627
98027576
41004602
14336247
139576846
2243902
89348273
9897647
29328154
67522886
33006817
95409677
40231707
49827725
41174357
77871717
148589245
14796948
14847416
5513023
78355548
62107418
24147344
27265697
90848586
61624132
89009598
44322240
141718237
131792456
13881598
99174665
1124254
77507235
49824341
42437409
161387653
134892591
13059227
8758116
167262329
198949773
201628241
62101039
37446620
97843907
3830183
32859994
121597361
177253854
93947
111442112
316923319
111746203
19944137
29744695
12741534
66897468
26895073
18751747
64752742
87215126
38105000
12579753
77531312
30927667
14122418
21367414
76252144
126844012
35233726
103116219
34175362
87076063
72203292
17115434
74888577
43979011
63041306
28588656
32986998
116059433
93594631
66604316
70080997
119322774
43434822
50686500
56014513
128026644
210612443
105467550
97359973
13486953
145496891
3418523
16228290
42133512
185761728
54411117
8967071
71001489
156758763
96051687
830102
239489800
170801516
24992291
43462480
144177042
63472567
69811278
23547829
10850699
40547228
34217094
88612891
56264606
48113553
37505398
73236120
107566459
19777837
129326547
89724926
102094453
45552334
37187129
18033912
992234
14619471
9731202
60511580
171928822
11829400
10086676
4888505
27103948
9101592
21821889
16052198
45631335
41171019
40544906
21556133
268749103
23334984
32465723
53038470
81939576
16586952
51537193
266678845
20800810
43642787
82720920
79844679
52354137
839317
94581494
54077682
30380090
20595766
121485001
73564959
96692866
11589099
45335140
22646212
78648859
24857625
75773303
10607850
44049644
29551861
105548459
153663244
22252081
77291359
61870386
170142051
9906953
40642496
46345067
81603531
140363560
9196781
66144264
25295396
286213570
54654243
59056934
14794293
89475904
15189881
123810226
44395251
27357315
24238110
51114228
129800860
29430362
22034190
128989398
45979677
671908
97766965
53444282
121300488
27695354
67168450
9776571
111504887
27994216
19522481
7542621
85381009
8980386
162021885
3923051
4946500
30853909
136873841
41703477
186932256
101329024
62818707
19181850
83487653
17293033
45658654
118353324
37742674
4868112
32648679
120691035
58007298
16231348
57387967
18153697
32210622
2606449
22711079
145845515
93681972
141579798
52650895
90849632
31271024
58355752
50293960
56056524
53016893
65723862
168443855
16990883
13506338
11693374
60997919
57838135
39968549
28180116
87908299
21423711
197208847
25425819
105956169
25183722
91627242
361706714
50063022
53522119
155169510
96980369
11254776
57600918
88607506
18286519
58557104
679311
19039427
1562797
59778895
36818023
48909499
112104210
210514944
78018674
34485012
113101593
74151894
117194748
76709329
29668864
102636159
8891478
52655605
169563091
31080606
86466606
263646
42451997
92938230
22759569
78815363
17796334
134537247
35368281
9802860
13105934
132194920
4946704
126938728
40861141
31586525
117716053
14542926
24339387
66151259
3229084
10872758
59735428
79572868
9361907
92906
93686343
50243412
10582339
53216409
52652278
116635727
135210201
31007430
12835236
158782591
86086298
254178731
823743
62960639
123502101
60782177
123302069
39587597
104076478
85834344
55008088
32765640
43054675
8354071
51233330
85203971
82518896
21980573
53834252
5026251
170317498
81962719
1341160
78558389
63067784
66546766
76765052
49818505
3765973
77584715
95210020
102233309
79716529
94073707
48814502
78426992
7670025
20277777
18789493
33416011
123255918
34995382
20537998
82180062
77331246
54240874
18392238
92345392
62937653
163677720
35441370
19614062
98760043
46632515
77324849
33925901
28705305
24948766
119864131
3695606
137558625
25577744
64954901
42741216
78541970
1591302
61829355
162440767
79854076
12011877
43550454
23303320
5461000
106291095
24409854
69915458
90953773
40856472
136304521
99201796
173457166
1898098
104921788
3632301
98886606
73951063
29537345
18858014
4013934
29116506
12868078
28461730
44645552
80962326
97307718
61350512
37466053
60685452
62451237
54107798
70768534
240672541
44515266
93640293
16898270
117413300
61523568
2060577
100198014
31480221
109138439
26986850
34044879
49975785
30075933
3273133
22802488
95634859
50468774
33771754
15527406
26289547
114209221
120066727
86348671
32649745
83860704
116256960
109234537
42730927
12621066
104216295
121068138
44453806
187160322
86913784
35305272
49816881
62578321
88416451
99799108
108869743
5986932
79457007
62590369
11432092
27979159
11576674
159307697
50855050
76629243
22828791
22469607
264701166
38075007
19289993
11963473
2950175
49701518
54250333
59335670
80587016
60073801
18720208
113575280
73954326
115268335
100516534
141091649
111525524
36525049
84972137
98902765
76005528
13971150
58489268
75328450
25243418
60267256
110993408
116968197
47586165
18800269
41559631
11931348
70903185
24942415
41191852
137787303
90551458
57404204
32372770
6714914
250611662
147613930
18422013
20421764
46491051
106367194
46277073
36500898
14026414
6935397
83667138
290890589
2934736
73603147
34784990
84114130
80182005
153407728
134198067
142253438
132535359
56305310
72376747
44321746
30137112
94896900
104970740
83659636
36680840
63280289
3507824
99022715
67327964
19368118
113239735
55666985
16574661
2765031
102593922
81535952
51184713
135327213
137133831
81830876
56934790
25779788
25583983
11503182
72650963
34436404
86914768
88119354
11777702
6346902
211652508
93207477
3898501
90044778
19945447
81784904
143552506
32281617
1
43336336
4106691
89727161
49418522
5596046
169046623
124889822
63378308
135171232
128698338
29510492
17156780
85347295
110934961
29092425
4096734
11586237
31016462
2591540
71857010
32215731
40524175
87889249
88927090
13936903
7586428
14535254
27479646
63225807
83910397
137694438
53838109
40214873
38800411
173944172
156266744
21297827
18212154
10051008
21859679
40430575
39759695
85053944
82125174
69336417
272854852
72870017
3536703
74596274
48645621
67874602
287734
79658042
15054386
34530222
77788554
40618858
148185246
103618794
106107121
52145560
146540710
126188629
42689196
16623933
64947211
191503538
14791124
7190410
151643724
175371687
43329527
91633180
28425634
186490900
84603309
61153361
79168973
4094602
37309708
96511761
29877915
1754346
405040948
59393444
98121165
133468088
16976579
31522911
82722985
49706613
5849372
29097535
3878329
129666934
82453922
99561846
68862850
96409986
17309676
110117494
77331743
90846077
76276262
64956922
18686535
5707801
39955937
21683807
27306065
977754
30776611
67524811
140357199
53925754
40683985
148501573
20059321
118025448
18074804
25384123
55120828
31004142
30778307
54310867
132970037
22790180
45977420
52145834
41107612
19500757
18319746
41010130
55078435
17804309
163206358
92505045
147732483
11930944
52307041
76379089
83506375
6677386
78905898
47594180
67879457
66373732
88307388
36968441
91018484
17772704
88781946
9586763
64451595
88240136
7665196
40198819
115180763
37102056
72047490
116551035
106765484
73224197
216446042
45568999
103059440
137818689
9342975
119173594
3825596
39988621
41330735
88263980
53352684
153166516
53132108
61017825
72646531
52582370
54358527
20513253
36965676
62734302
21978213
125580887
44452484
5263083
53310772
72275340
86085413
109113913
52299854
150555378
280832022
64834674
73755097
80069878
21007147
76676884
5288911
5954910
425962
20669972
285140065
8774873
116356637
45953434
10030544
28587566
2148877
174810019
77003316
32426302
60009432
55724808
14408876
245887942
5981127
12087492
2263479
33420105
42901712
4642819
55853670
2855975
81373164
198147567
8980498
446793
31722040
54498421
112209257
10830643
58150427
24641753
53013875
80773925
4080970
41645728
46974514
54124363
34108189
12682756
38876098
45625248
1274084
27052644
82648445
52377870
20833265
15836078
1424941
215737362
29110262
21492228
123943173
203552545
23920937
78668626
53666190
2267574
32661404
14218841
20362467
117189411
39199866
9391958
4298144
69462358
199859934
1404767
61842072
82292306
5264344
71212449
41816656
65457204
63928765
8339698
38668148
36882439
4090150
62026556
10454916
58558334
37448632
94454972
42842388
42696542
56653684
39877324
77388566
15532191
84048323
106466351
71759222
54552414
29820777
66239804
140126728
1069366
114665394
6677717
33801310
33265750
21039841
12881141
19268316
42074298
66359249
173950196
67622771
4717227
79717464
101270885
75218503
47634423
117486914
1
101947850
88976225
61001809
75529561
20215055
467004
55057171
89253002
146740751
51948919
16743724
21095212
16100422
609186
959597
48559208
326745691
44859890
62270515
68965711
53897
28976817
21139934
60000732
17092464
53907494
14171059
171513659
73653479
15043585
151957313
70405261
24926710
123448909
4938478
63362124
32294897
2479014
51782838
178853956
1873883
53462008
3025877
43952332
59800963
87613749
34572552
19454560
20375703
581772
27951765
2568071
88323743
23199089
5398145
20470676
189946655
63326355
17908460
56477147
94930109
78993130
58345144
222362753
60709285
72938861
134899354
35199228
42518362
133819116
46122321
85715658
16500761
218894518
98827078
88249731
143340833
69086
68162845
43871281
10164099
62829375
115121342
1314508
20163981
39676281
198744260
12512166
159754800
200976628
101765098
8537995
17352903
23208440
87418203
157537838
40589424
82375927
101035513
3461815
50483847
60382469
180520119
10808929
94118857
86138252
31156551
86389416
53092415
15009027
26880905
17902490
209096984
13239355
92757571
10937625
4032621
33446855
74671459
31242292
20761842
8300250
125022720
48407501
60682314
126611135
48308446
16226210
94991861
19587362
43426840
24123674
75906617
13114104
6036023
56787057
14633461
56191145
23129058
145242672
2088129
45585910
114963434
86630106
60976945
46552314
53372610
107263343
44060658
68048979
29415047
10677368
47302446
35036213
45013555
108521331
40183548
61959606
115288308
78796688
41350315
30377365
76863333
4830792
20817050
50326001
177391669
98945087
66932596
44196756
51439047
14007113
53189195
169793034
135827834
922008
112231207
30266552
51557834
63221633
10569390
11921342
113540671
13280057
90412981
11725529
49081291
10456501
490710
18585661
10064591
77119058
96521294
54231471
5847265
2552615
626783
36874210
14366091
98510450
9846823
40906668
49734648
4842399
34036980
94346953
1491689
163139105
28129568
292015818
157298582
103912249
34588084
98551599
8005287
173173791
258610383
81866150
69076448
100038493
14867704
22116248
102898028
61733424
19373701
3907924
55311954
45698963
68693928
162922590
18926491
36007074
5202210
53483813
57053601
7734195
42037151
106038040
50139914
74501275
192039872
234869302
7433729
189490740
56985587
39920210
60571836
