35396078
35558405
66467850
627486
42314870
28191101
36929665
34747125
50981869
19417571
137196349
19823624
63621400
105589245
43460088
43760620
19308256
33502470
46641027
37250925
27905837
26642888
6402409
10708435
2466820
26284655
64611106
33800519
717933
17508728
23448906
44757291
7139722
12077260
37522196
20500821
2792970
24282803
45303538
9234482
49574183
38820234
44832719
82418724
40494831
47567618
13164069
33796441
4841412
105810181
64010363
31029815
26161577
454295
23660841
8571968
36682063
43732973
30440929
14315249
18376542
35268075
49371323
46297048
89090712
77641595
44701303
18897855
34149769
23408357
10893273
76607719
24390654
8919150
39446634
229101604
46345964
70452035
28235695
30974438
33245984
5594016
50099189
18617855
27477618
34435946
6538874
28651192
8718086
43608146
10484600
46370348
18679584
91339167
21275219
1615630
30069879
52936531
31678073
35118461
234701
10298176
13573632
34715737
16503351
54304431
21158800
59374449
46530433
4129526
15940120
91654947
25064702
29053676
43371906
53065173
69382917
45364851
5870929
20811889
54944113
122337704
20657902
49611051
24636502
55914985
32105468
140118059
16249819
15937875
12378498
5981787
154786472
13730334
16960235
34189433
77672243
44283047
35094474
22173301
76110057
48013845
25315227
22657878
2101311
33569857
2461131
44490005
15531032
38855037
6082712
84512271
1812574
19645341
7084099
4522332
14886647
1117243
22175066
74596577
36036091
4358809
30420128
69635412
21928930
33651086
27594700
10045577
88602539
23876887
2519155
2606366
1645781
8285801
49461285
50528280
35592503
58912548
34003717
47608414
18402817
42546022
32215193
21983042
20935568
76466737
32700192
118894458
5731292
53126683
51243326
23396509
43950266
47003335
45305618
19528888
13443107
78550011
14647600
51226424
33962810
28426016
61945878
14587167
8491759
32150638
36966056
76093166
31283137
46921425
38619967
9768703
30382219
41973151
61277453
56226296
63611386
45667756
8760591
8447011
36681469
14227957
2266184
46179424
56198396
42762401
45389860
61945433
51083553
8199095
47201230
8398399
71656398
13194050
63604576
65066229
59565500
102524317
11659198
47128472
6062917
18967937
40952529
65992186
76470277
28509718
44864769
8396305
30823225
87959597
13313237
1937919
18552422
32924800
114445485
1267493
49975980
14213373
11957344
21590686
64123822
21359400
25643618
46328931
48728717
11813544
11801740
68915007
48658727
14710889
18897611
56807690
31422621
41296193
35923921
29451396
75204095
64351824
12223787
10931500
13520544
36593657
27069403
89553173
70210258
44127348
27571754
38890356
73354500
16998046
69878078
2855486
54410582
32537342
44606748
264233
13315127
88187861
43025576
43231572
2235935
28039804
24811617
41246033
55824649
23456141
60877478
55650206
45613748
1038356
54992983
3776828
76397926
23930308
40418574
29952203
1457631
70342011
229770095
71849833
45398098
56612349
24734636
69268860
48901387
36076174
20431281
13995994
75991984
2483899
12520364
68290410
34082572
69718631
9585165
14521246
20223246
89052415
6887948
9672422
26526845
13165768
28599982
29122241
93043007
20692439
6442815
8670680
29496799
31167385
1046961
960176
93548261
8200144
19719227
121498485
83179382
13105154
18873639
16421420
1993007
51623378
24374291
72190105
38238666
31931839
63061577
48784932
65320773
33974618
24752417
119986918
43489434
59838254
8654752
101886283
10076774
134259381
19987280
4408949
40421659
42923970
32364986
39117774
23774157
66692691
77658182
5267986
22594163
33864288
25939890
62923001
43946001
10124436
41631911
18851341
16631300
60310965
43533966
21115427
4985073
15497984
62326531
22863588
9594238
6560295
40665825
60270541
85375892
27240684
29617527
63595904
1768072
17432736
31854691
15643590
43256487
72507032
92800539
49381676
66856133
3266210
37385501
46497287
43719778
46167861
24388648
21580455
44064569
34583586
203555833
33087692
74095232
57063363
62172677
12168462
9587721
76723297
47034940
30651392
3182689
40966457
25678833
5767553
47032916
12768304
43674557
43236988
121760383
29437773
45548861
67936179
40616498
86966019
90429996
40933218
15688732
87535994
17493581
100199328
30264044
31432888
29401320
68166293
13857509
15224250
93085357
49107118
38288625
9617938
75322111
27232063
48334774
5710746
458424
125870675
54783761
6668671
49486585
28383374
557536
11236128
30994681
45647244
54229271
68212238
67404099
59083042
13604311
12674489
32823672
63601178
49156109
88791706
58034906
28576195
29989615
8887667
31055492
66093687
26247208
44024482
6723124
26146724
35558906
39009715
63820055
37910660
27040376
21390769
65492242
15513741
52028910
36393800
45897354
67598060
28190124
51593790
13696357
10281960
3259820
33707614
67458234
19504596
50645937
66359704
18869902
58724969
30518301
43707296
13876599
15012650
99203248
16362889
10390335
30976369
32100602
26364934
62967686
19229398
163491436
88886270
27845891
14076810
8874792
25894154
37547581
28000491
18721386
6453195
39445575
71431185
5823285
6682191
52391722
15762630
57611029
2784358
32396446
13280573
18126861
11735720
2697952
14496746
57944431
509156
40154266
15900222
75890731
35261067
134244489
27342728
29920607
37836710
86444524
56333943
37141975
39948265
24394326
48538282
54397497
2250134
18693688
98507248
5326844
1598374
38250148
43393607
11465305
44530168
19964270
25569628
25738721
28267942
52305090
14703392
37072558
65555862
12139844
147593812
11948478
43183538
97658794
81519598
65359226
59616360
15007000
25163134
70280947
92678339
75407026
42880490
76019996
49871577
55542604
74286903
14531802
46531316
27597806
44706086
29927170
73982421
7645202
43866560
77828852
96394877
6089796
66734705
28837124
46135628
27468380
41115173
5600063
49526741
16034848
30793318
47760568
39148555
106748728
39362621
43119035
12962665
49113668
30941972
66546260
28369352
19732144
40117357
24704312
90434151
53955035
8852861
26477181
54290625
9264386
93614960
68998121
52523338
79329927
58455871
14497731
27669697
95859583
38181003
12422364
1069121
34995995
40805320
79134595
37458870
79705778
174798879
10017612
54722466
43172449
79311476
60261912
5556715
24232528
97206437
59648378
61949208
57265109
48285464
747409
39117629
41768939
8753923
46928750
23546064
49893480
54372348
3819200
62373247
31282691
58647335
68075842
62458659
5040687
248882549
17391172
11777501
32832470
18729513
12501229
44898959
76643540
53979770
53539769
31437083
74005962
6978095
69189189
66616548
4871204
83349570
25603461
7453496
64063515
47834501
63404463
79772384
38398640
51343142
3356317
22536717
3672779
8909397
32189586
9132587
9035339
18205270
9851765
105515088
58189213
80461528
2215057
27443453
16369873
551742
139141660
97925607
133669161
31729054
10156202
23020247
11319342
88117264
62342242
27338550
66835842
41390332
48000986
24741801
136514331
21851848
11234282
15034020
77002260
24658922
60417044
4954134
43190545
21257816
12493925
12281601
4522351
57309134
893073
6532163
34759286
32653049
6527725
41994732
99747446
28289171
85529681
47703628
57453207
61198506
67834121
7424839
67899711
44669914
9297537
34939222
30092469
73679530
56964572
33909476
78521530
27624418
71972076
31788672
39787221
19057274
72043890
2471872
37896709
69337822
14594469
3317270
36194779
51018640
5302463
51148760
2292619
18075132
43325881
17640514
12627447
46420090
51262538
4722886
3158186
43963666
583587
34398084
35276073
28083277
53905789
9651445
66732621
65494334
69575753
5873873
3198470
29632919
10154043
20456862
19523005
101511932
42601658
18336839
95138981
46959404
39859718
3189197
64929788
4863356
32871935
50711258
69195548
33035051
31883650
31199507
64398821
132050791
10078115
104518319
35123609
35383971
28404396
38445355
62462102
120938135
47860482
64954180
7174436
15853654
67567793
68221509
14828632
6452468
12899491
88423303
81278457
12925089
41588418
78404424
35756034
60666971
82570001
67997414
23002381
65409433
96675744
50085468
9904852
15092827
35869176
31317518
196465908
37059342
37973473
136366804
37771195
49130227
34340040
164649812
189910118
28334840
28262126
27512692
17667788
164791419
993039
83999639
49118872
52679424
71017095
32489671
21684789
14612963
31416745
5278839
62719132
3689238
58865383
25972579
50216396
34623332
27035595
89400130
63239222
43584564
57738872
51309982
50250704
31449792
28175444
2421237
37470648
3206489
25817286
38671323
55878447
36977345
68853276
25351086
15007507
100666831
43512554
55226492
70145797
9989481
16005216
44026610
32561537
44377016
52780433
5657164
6152523
48220853
11836006
4164678
6298924
76271191
35949638
26725843
37987032
81920529
40994411
12388982
40263726
76768411
28303189
54179831
4550219
2811060
44124249
56848053
11791329
6657770
21006820
19691818
37734486
30292343
27932365
26462266
8597214
11956736
20205718
6164443
17685458
3816579
115556515
32947661
31300598
114186988
54910232
40655022
78225986
56245112
22329995
8700320
42409680
90647000
28205463
46426789
57845058
12699557
25433869
26895428
26687910
27965787
82377621
5436311
31897601
65928560
64491884
5459320
1046791
5176345
30303013
46800950
33349924
18372770
67123318
1811092
16161036
10392091
71559797
25453246
33401027
20598028
3416263
52955415
2964801
40734562
44044626
33379422
11807238
19538102
35776394
43515871
1239663
1456485
30985483
47209865
47683964
108249698
25757240
11285561
5598441
32060684
85186786
48301529
41999248
16506477
40266758
9547635
62745330
127215906
7976762
92115298
55172115
112678205
27072619
11233729
83077638
4429445
35351110
91558032
27226857
30166482
10524494
46823373
40121534
65840360
6201140
15469151
24583548
8699447
2984541
47611451
58024579
43122141
26279513
74749929
56175261
62620460
51749509
6915795
66240441
19184766
93154807
61589571
3319242
117894445
6539239
19641397
5103846
6477481
22691285
84567314
68711360
14764964
57599499
68584638
17362951
8703549
30708133
12210048
61930404
137645677
99481491
58452811
24740004
50087142
5000184
46097024
8858270
28508485
1593564
16250351
49828533
11816694
48437709
28443061
59796666
10994134
38872943
12342939
8528578
90457878
27305440
15975406
17016604
18936627
74711933
58705205
46431450
26164266
16619630
48973500
13863638
82822670
25337838
46526103
47867494
88793
62091118
44255612
12655412
51543519
67651431
67681650
55917017
27410549
28813476
8637355
84994055
42910422
45408710
49775444
23001811
11613930
48660077
50148376
63509904
1704122
23194946
33284469
27475999
129207878
22670234
48410651
52051173
55645585
90319300
37355362
36384292
33661092
2428239
22498144
15541736
27578486
17822096
4446294
1255534
10024894
75843335
16580640
48174074
1424904
39350897
62167540
52725848
88899425
33475431
53146927
16247566
36104896
93296802
91624248
19594014
23881087
41154871
14989696
55311573
30918466
33937430
46430991
19391657
21400691
93836746
2974125
32162266
38609563
32217666
18767177
20257801
21841433
40566282
45062524
2803843
57676330
19223327
66095941
31252836
130223810
8415742
24720265
27007993
57296548
77693746
125446513
1624159
14480055
31518977
21720527
58516949
15914388
50776624
84241224
18809013
57389650
23350853
158857613
17510225
58942860
15145593
53311469
72155511
43347557
22018508
17936787
22782382
24128679
21168578
25236539
64525520
30771295
33095478
20012029
24294617
145686233
41602269
25100398
3674540
66271667
29074462
42502389
29892940
20603968
111641227
25226676
55688307
67314990
15556674
17298305
62570655
17900082
12675682
21279320
71951976
12357613
27836075
49508137
184801
7321974
57726354
51445502
36229334
57097297
27648977
5641738
38058984
16532242
21953833
11839808
33897423
37023544
62262752
23901848
26948818
32667166
66372405
74827192
76818667
30244888
46876086
59756632
2873733
57536023
37032771
64131801
33238257
37328263
66206238
2588431
66152757
34608341
29432391
88231470
97271268
40146148
38271681
35855523
24032748
25070767
121722594
49426872
14952205
16138479
50177239
1923191
29111312
41442423
78505938
104407812
76450656
59129083
77391190
18024967
101161970
59518076
4703244
102660238
62261025
36960068
15956092
24097072
64263165
14981650
41247728
53109952
29391411
74336892
66489952
21272055
12911705
55454971
61121011
29497394
51887187
9166488
2436040
21131863
60958354
40156697
25474903
38715656
44754509
75528223
26779500
30375965
67639973
20572586
25164337
100652965
34676429
81136100
70317120
52709364
24173938
117149
44888957
25450210
29379493
121030997
28475254
139516961
83307900
70213606
43542034
94514907
39378789
49241864
374099
30309997
10431701
38279522
18420619
9839511
87126666
24639395
40891450
3001487
27578386
2003872
32299364
19912405
26628017
106325189
116492661
77511440
51905896
1571009
78152498
3687259
9278066
61970316
55596682
29297368
23839595
33396701
73111847
85393558
19892515
38927905
48711163
26193032
5804204
147520522
29798931
13254740
61239920
74685653
98560314
110820115
974412
17233280
5836769
65033358
492422
41008340
11851178
33379602
17190417
41964096
1904224
11819725
21360432
126463359
7996233
55527517
70208054
77092800
19267556
87869680
16335659
7157937
16219809
43980127
49135968
36144036
273768
27983850
52384349
100052410
7260475
39753793
104561906
39064643
43056219
34308646
9966112
10384023
14644831
116206759
63945338
8734703
59015866
20824334
15271498
34767456
6530887
8016844
41287704
26049600
79208324
45303160
56748697
12638481
5790594
10704993
23710275
32717595
66970985
68334510
74562960
9947339
24825942
23768169
70794371
11958537
64952419
2947624
59762870
60372488
12684953
76704384
9976878
18612402
48210222
28105182
40659812
15477087
94116548
41719580
22167067
3922695
25140348
54198628
2997660
32995779
141089525
11688318
84303540
69401300
120019875
7466222
11353666
7502384
24906527
18103824
14994702
85349437
33033610
40603982
38197480
4690525
76304431
69701278
97661720
55547563
8181757
21572673
52709913
55452863
67939785
50311033
15277100
5794945
33570660
52099338
11454733
33574451
30617772
32266634
48041171
93347894
97532291
22114487
15396544
26275970
17779645
97620640
14602692
74775610
44586116
32517137
40149523
459037
81926232
54170996
5480152
6434300
72182999
29656927
52827216
28160974
67950247
57565325
9404896
10819151
8639853
29615427
64391225
56632490
2152250
74951427
54845903
25952769
39668321
2257544
63647725
50902345
68816377
34228460
93145177
61685438
25429572
28036074
40326098
67402502
44453689
12169955
17053599
28197576
52062193
37635021
48820600
56942407
18666168
39135292
50902888
90334664
245602
80236116
136318531
98474847
552436
52038769
8263515
34289164
53766783
55866385
38114268
43380608
12897132
42143161
5176616
39325383
17885537
79966439
13751815
26751120
70813430
88186287
9141806
29713220
3275300
48520579
60030931
5957001
7831896
14590952
15668786
40425096
65161582
43269913
80812181
27236666
11758895
86567014
33118099
20465559
22329423
111199670
10250292
18714363
27440439
19904277
34401038
69073585
129244174
22562993
1725185
16383224
82305067
2041672
28382378
11741300
66833649
33518267
58874860
41782452
28941299
70810939
18331237
14849735
16400801
37606097
147214759
2900926
57364386
18621035
9294130
45844656
48845485
68074851
41868735
57641208
34191297
68261223
27971967
50797271
50313617
34264131
18962128
3446521
107734177
75415615
19699526
86930313
47051340
22564597
38976764
14586048
57959974
10605401
25237025
4345872
39014664
29325941
26134053
13595696
73635583
12413594
56441411
35550295
30256391
57435090
2397
19817724
68219769
30497361
35124277
6081593
58007055
43991526
76964976
7266263
38365254
2635321
19016413
44386169
110869342
36738466
54134626
24237941
4932592
99639664
9345632
45231717
74834118
59056990
3840070
4032448
6891433
22468303
53722520
44500066
12509598
5362312
74008460
45059189
41492771
32612989
2142275
67214318
32376955
16180612
68431421
11729037
25576382
145884045
114200793
1862451
60691269
53576093
51740932
11474289
40610250
19195735
37815318
67364683
123791391
21717746
16984258
10744143
49053211
26190999
7574017
3680054
780380
19890450
7201151
6551937
70606537
19276364
41235306
23302025
12599052
86999533
96260086
4480838
11096149
34450093
59727172
32574663
65931999
52334261
40615986
7893617
30994311
55842235
38841959
6902224
24562786
1535999
12512493
75426377
24774178
25066207
11137507
25163389
1384123
56986763
29128184
52027600
68563520
32128948
33380407
23215676
65107738
56626677
37444780
10961024
94195834
59445320
31971051
20739291
22278302
25320310
75026739
12923271
94185822
91857684
45023406
33881141
102085644
59251259
88577693
73478318
39499014
7049581
41962849
33494677
81009768
61535120
38815084
11766030
29219760
22602116
34003537
10168889
40731302
68228790
21263625
75025373
52805911
85020284
41495010
45044748
4615101
78435793
12444132
37171275
78655
7659884
23684256
21905752
33769239
90538715
18667245
50932089
41907324
82826186
81646312
68644503
16940189
46901954
16409891
43899850
64458268
70914645
118102624
122227972
26158112
42568725
25753164
22761148
26285935
67337012
17953503
493198
28525224
16128155
19474995
83466038
4137241
31687102
64146347
46758666
47708252
48759690
59232253
5329061
20996787
35199199
25226598
41425653
60929220
65899163
3923102
99867373
51249346
24561912
23235755
35586667
18764476
59935462
5612088
40116181
25935035
57854901
65272726
75883126
38776980
35586977
44456246
19713011
52691666
107415362
67766624
73742363
27814795
61384647
13801185
10064673
61382231
42560226
8411146
9160754
1366436
39510251
16055566
33951686
44564835
143883516
54104959
45711495
11888945
67755467
1873860
29536558
17925560
55693589
95721358
13921072
28676559
18728973
70602157
125030613
10675918
27079615
36740384
19293442
36522015
46269215
21964929
2547737
33515757
31529316
63190183
69189324
32213177
133190543
68135046
45055586
58946707
17746404
77885664
56332630
82240435
73599869
39894221
54205853
7737739
48364616
48363719
26794902
8492429
49454574
1336665
17194095
25500827
10366937
4458546
20467095
79649944
38034659
7506157
58679632
12399256
11527419
21931500
9591512
41537887
128213903
40401278
73229549
57305513
10350071
29232299
46455869
36324468
80885912
74617875
30344263
129160874
38457227
38682544
47477410
28597782
31986401
51588331
31919510
39513613
3230397
15385994
27611986
50320680
33357526
19616784
25959742
28002092
77398823
24448019
21009843
27281797
22751858
20592984
3492277
33258930
79003970
14842474
49161435
45964522
27213558
21170814
22372215
69788825
39268454
73463217
28886419
42613364
54470618
47857009
165845103
82565516
17067847
12454875
46965534
