8147429
7343033
4448956
4961403
260053
2051954
184163
7060462
6090545
12409598
9096780
14794234
1412567
3752020
1711965
11695421
7576078
10140165
8372416
10327908
11864169
2779063
10013910
12358525
11613839
11728722
3275872
6167448
625417
4286600
7354584
2969375
16219658
9478236
5345008
7342850
5122945
12055234
12677469
3530665
8422565
11111625
16680209
9350469
12214643
6443003
15691248
8453908
10269559
8120441
7337981
2386956
5822121
10966624
13359164
10972333
3581992
7591800
6761486
5837693
12294213
6538201
4074601
2156259
2823499
8024102
3516465
15990048
9083149
3775671
7267694
2047642
9549856
4616017
13240795
12277169
3142994
10991480
8310250
11099205
3073078
7944883
3238118
5613382
13959762
8550034
18949769
12045889
1125513
5142861
230960
771625
11767692
11200097
2929951
8078857
11740111
1555325
4824293
10850159
11469152
4116388
348447
13889996
1329994
2430151
7282722
3489104
4134646
8413175
17185401
1287554
6999628
8886103
7336174
7065570
4799966
11399826
7497559
3947636
16074969
11833672
4887958
12710658
1237858
8349868
979216
22134412
3270042
2615249
11612733
9819741
3483686
7401335
10289412
6008429
9374469
4760230
2468165
188966
3858171
10415315
3872930
6119402
9894484
1853887
9482239
4492988
5666241
916880
6426039
10723841
498821
5293399
2682273
1222943
6218333
16353727
13090500
1068827
13035773
5424030
10612475
17882253
3046102
13460666
8998576
3779921
12364556
11252437
195044
6256083
9710064
9510729
15931401
8129741
4150023
8261392
1670500
1243728
10662278
8081200
645241
10899754
10313353
1170269
2390044
12926654
11726365
13739114
478727
13794396
15744623
5185945
3455580
4472402
9754382
4095207
664298
2489789
11026959
9230691
7704552
3367281
343536
10474917
5675217
15493876
169385
2494706
3626216
14256131
11239455
11397447
5307264
84579
2202933
9811766
12029556
23511050
6593252
8684425
13535562
11191881
6283476
3212026
2283215
4522638
3332992
13357663
16999667
2188845
1139448
5008678
2330756
15079230
129516
16298719
1882268
12281657
5772948
99065
4074203
5041503
1337211
15243360
12669955
1416178
8063171
4320545
5503253
3818078
12337374
11625345
5982433
4372543
8297286
1919128
3752145
8184746
3407239
8339777
284363
8804387
5064759
565672
12287601
5852096
939915
8329504
7695573
13415663
6013190
12377265
8680378
13767300
5315217
8548225
12661943
4878006
1255700
7815832
7067180
11511346
5538930
10791133
4902583
780367
3708822
12686473
10148801
5402021
14868783
6926368
11241183
3180633
3252143
1904301
8661524
1966106
2964282
13798221
4809840
14699092
14538176
556102
2215989
6107768
1461665
7618580
1261535
9341919
98520
5354851
4690249
10904341
13592388
9420793
6798976
11877338
713990
3614118
11071790
11702634
3211271
4202992
9130151
18115173
2658198
18195641
11108415
6970043
7742911
3967410
468822
13560423
12292257
14927679
7470517
5421051
12352467
1754453
2796539
6987761
6776271
1965565
10730516
1452825
5730605
7351752
1577325
9723864
7501466
9697085
11943651
14228305
10678632
12473595
15866104
7248433
216340
3276926
7576380
15349122
4340718
2919821
13140682
13154504
12005479
1089916
11823426
3367341
13715329
266322
14047787
20723484
12025851
8464185
4123466
1554113
137314
8034881
9738369
8093759
10773560
755051
1261992
4944131
8205041
787105
9597591
1619844
9562973
5429781
8300973
4179123
4712225
1365314
10132923
14362698
14436010
1860677
8911413
11487735
1223718
17452337
9878186
12313189
11300699
3433779
11664632
3997787
7499124
12896377
17672702
6442248
1718770
8418787
4321043
8988800
3615336
9693462
3670780
2816228
1374491
8764718
2153695
8926422
1469607
9546749
8112509
11042221
4484332
8538206
11653667
2750997
10862445
10528491
3519499
6553132
3466759
20514928
3646978
7411520
70968
12906394
7661126
5418907
2787073
2804842
1914361
9341
5221633
11297597
5132402
10609978
10331034
4105132
1108104
5585137
5105563
11982181
9275330
4740798
11698819
8440823
3451395
5277138
3689215
10810510
9141433
2699904
5303572
2482019
4171911
11103081
10032247
8977740
11375509
2996315
5475795
5839966
1048369
7144141
7502529
6036316
3965021
9847155
4752529
2127102
10648778
8209040
6099840
5363881
3864543
12061218
4000775
8774771
7313740
1517812
7113346
3866700
2384636
17382887
1434943
4504547
6197877
3092632
11523880
5392035
10969345
7421002
6904796
10732527
721314
12020153
14502729
12621861
5243361
3709560
6878899
2319778
10913009
3698853
1972079
1732844
10770339
8693929
2024130
10185463
15195544
161257
15622692
6895785
8111524
8694005
12300615
1336174
12539404
9110668
13628902
3686996
6921967
7055408
1778997
7723492
1847628
4805585
769663
5054379
2895844
1890234
606061
5588117
9094132
1266112
1752927
2206764
9537403
7051746
2264027
7233391
15007430
1112139
9222335
6783092
8862237
3943932
10066126
4546031
11760063
12013326
16722225
2485174
817479
13749887
9149679
3262240
5765777
4034032
4287180
11503055
395563
7803138
3009047
4093287
13308639
9377132
7473251
2141362
10887433
6917539
2647383
2294065
2777038
1357517
2342869
7592638
3675055
3088776
4842244
1286740
5874273
3463917
9030993
11766518
10146427
650428
12887484
8694324
10420896
8590720
1136889
2783584
9085940
10512641
14649864
147745
3466508
1843579
5947846
6965699
5931315
10971328
9942909
14742325
5542024
8266685
10040488
126997
1591233
8957313
688895
6784913
14426169
5703599
18507708
3017736
2337101
1658884
16407023
4098049
9047149
7531787
625162
2291189
14520473
4595027
4619964
1541498
6888977
13873022
4228081
11544857
11272770
16587615
1460081
14950130
9135991
9343167
12461518
2912990
9227403
13853115
11159492
5660472
16250431
3841297
1104965
7068686
5509557
1708445
3081900
2782696
2454044
10500985
10123611
12574632
2173795
8452839
5403342
12073074
2636178
9612723
412992
13543265
3718771
7442511
7637630
11221751
10899313
3657991
6055380
3855867
6696059
10441796
14885687
3761373
15421634
4686573
6230140
3160997
8967771
2097607
8065162
2068255
4955770
11550492
1186990
9450711
13917189
902566
2626337
6283876
764382
257403
4887478
1125869
18569163
481063
4950744
2433362
7225962
10012141
4622592
2555713
6150138
7943490
3033288
10237137
11056529
3249754
8227176
12509675
2797410
3776991
10333359
2445546
2077357
1356631
19647928
3077441
7279107
2050497
1368551
16163530
6820213
2694261
7137272
4233771
4462760
6126615
6951957
6089895
831444
7260629
21648226
6050720
11453222
12408082
9416727
6477682
3006705
15882455
17839565
466369
13268546
8999745
5705598
7040359
11344212
14227149
2970197
12006706
2022501
7615766
252520
997057
10964649
14962497
1582648
6286101
2071218
9955014
11618514
4433001
16818028
1591244
4554709
12454986
5347932
2717061
8364725
7088108
13880725
14134276
3245306
9067871
9932512
10212743
5661394
11371320
4726950
6950541
6616674
14548281
10853278
3875057
2421141
10682023
7462208
5274399
234042
177901
5949567
4678367
10882755
1322132
4700090
4495884
2292907
9377492
3186089
13411814
5525670
7560370
8008306
8939098
14059252
2907799
3523373
3462852
13911276
10491208
2510021
2257593
7733262
7789056
13078550
11174255
1654186
1833621
18271635
2554517
6814317
4748529
9749010
1873128
6100395
13102041
5563555
20675260
12696841
1591516
11025313
11392234
11144699
6520948
1438561
4319255
6551661
4908314
17832354
7487108
18564852
11621662
223615
6806553
1326568
9104837
10566868
2775051
14887279
6602798
10594371
12542023
9150021
926099
2579727
1975352
4285927
2418327
8993206
7794072
1096994
13405976
11072702
11517750
686263
10600656
9297412
19218101
10155962
13971023
8242648
2706945
1032614
6559499
2368077
1526775
257688
2724892
19138314
12089066
10471236
11751988
5328088
1041863
7903910
5955215
5693170
11853307
6925318
14345159
2227790
12268244
12175199
19873854
7836233
6538370
3593891
5446549
11311652
11871747
6891046
8088929
2505802
8257556
12446923
13146014
6742361
2984469
450202
9429759
15757864
171192
3927727
5136444
19333715
4132199
262594
8645001
5152104
13781417
6521084
4693906
6747408
11798549
10339965
4079589
13038382
12072207
8082693
3234823
6195929
3770161
727022
7316327
8269860
12383869
10885487
10123444
6277160
4266524
4960302
3438529
5547790
3202403
13339740
16011087
8089382
13081412
5557789
9716783
5053698
7677189
2726376
5712558
10434712
9263777
2341566
8284193
10502665
8691138
11857362
9180635
7361876
12286463
10970672
613657
7277381
2736201
3962119
14174406
12638797
4279787
11854453
9269902
13545647
6919616
12926111
3002349
7979125
11977527
81910
10748231
11336362
16334489
11871266
8656400
12913562
15814378
3015708
14777385
12092186
4936224
9740027
4671077
10377952
6057341
10600280
1460325
11700781
191005
14100081
10064814
7392285
5134856
17221398
3953699
6963807
11522510
8867062
11001127
5130346
7012627
713559
2720310
3714073
9627970
20482323
13469955
8303230
2360814
769273
17996060
5864914
7700821
4615968
7137554
4316025
11567083
6986628
11102211
4879737
2369179
11639018
2508682
9896821
8330836
2741707
8481405
5903470
13460833
7645863
6442292
9396481
12505313
16485365
17821254
4100758
16932840
12022893
5933040
5771064
8719878
17403001
4780945
168336
6325852
1956685
1949896
15320232
7038130
5385756
1301974
16197953
7719180
4287103
10317717
20074219
4488843
16133564
2135237
12206880
11842183
10297922
1536749
7536383
4422638
3622245
11198645
1512314
12388339
16290291
15763908
17857561
3372169
4039143
10723091
6118968
90933
12079698
11433050
8102544
2210195
10411150
12860926
2204013
7551663
8120884
2421950
7368784
937292
2359417
20878815
1915951
12313051
10192982
3197020
10042637
4099518
66814
10760566
8088539
12737516
3018324
8504234
2758940
13536722
8839625
3360889
1452827
3654801
8762107
1287187
12655936
7022475
14835450
5704909
3250920
3866460
4238954
8741834
636820
11021570
6109204
6635094
2674443
9451963
10239079
3857347
12814734
6093440
3738245
10339591
1745995
6453351
6455966
3880063
11446211
7198322
6488246
7317754
509737
11284848
5588831
5605204
6974558
1231855
10960713
6256154
4272061
1520124
8939189
652136
274749
5649976
8652530
6803228
1298602
11260863
1034864
87431
9777155
5033171
7791312
1884085
8299794
7490995
9468582
11379384
8902253
7085436
4678135
3630666
17000668
1526161
3172364
8892973
11985588
6227304
12218747
3973290
4586926
3953939
258789
1142648
2341106
8773020
10518487
5612662
5441715
8050843
8540268
8337128
15269704
8412374
1309145
7175417
9730004
7640928
965036
1529754
5602529
10082505
7105395
16205340
4661145
9624013
6238285
9424616
12826716
514473
8771306
18212691
9368754
1425369
5416234
4827823
12003205
14255940
1586058
3291725
7520010
458646
3106924
3166119
34585
7845577
15516341
10196508
17021385
8562881
6626382
11695448
8209685
6547058
9825532
4516538
8333594
2892257
12947021
11436466
12346106
8905082
3670772
10740812
13239792
7017774
3017606
3246434
9390119
10093423
14719881
3516662
3571312
8709130
11195359
11424471
18364001
2339833
6800646
11781656
10164715
10586092
13305207
9337153
980924
5812103
5884729
7275708
8614612
2710367
16156785
436527
2073192
10735800
3375622
10498596
3956341
8289554
14847244
4800797
2121665
12028047
19496000
5029420
12352529
8228176
1113147
18393405
10335622
4466443
9035756
7308236
1752091
279395
1927825
5187804
7484402
428345
1624865
3313904
36668
10073987
14952569
1540396
12185326
613693
4829037
6011170
8388769
1217941
15733310
1467267
15738161
3893397
2706809
2679828
6288202
13621203
6242583
5806638
12567442
5605253
1408663
13771113
11207965
8639967
5454662
6757107
3408736
8235214
3998015
9160835
10550356
6530149
6686786
10701435
4525545
10621540
3840677
13049486
2775400
8093568
2191323
113189
13049231
1186137
10244139
79384
5708074
14992065
4609808
18338699
5294939
664013
2096525
7729683
6732023
6334068
14468360
32387
1119500
16683388
13838154
11996862
9156771
11085611
7829502
6706625
10509282
5257371
10140135
4612
3481852
8904130
4011885
512681
17465437
17698892
2408752
3231871
8859017
5843765
5933617
12999761
4726821
11604087
9067639
7794199
9696102
12320767
5836979
9305833
1645695
6955049
6508641
6337907
9288731
3999309
458702
14026734
6427533
12234875
872825
7136632
8833170
12804448
7032884
7924967
6805565
15910564
13602554
10126802
1172680
732719
11004340
6420787
81220
6595362
8161487
8655311
1994387
9489199
9019030
4628893
3448309
5743596
1116698
15178910
5508812
32620
6025013
7198129
10080811
15609956
12574019
4950150
11690981
9282855
4338428
470350
11494661
11152701
5475512
14468811
2205789
1433032
8506017
10436384
7149424
4066922
1205167
2843035
1699253
8439384
15571657
9601290
6864947
4619976
10928326
7179103
20764178
2910623
15206839
14056097
12206533
4388734
13006312
11582708
11200482
4709221
8740823
3386765
7011003
1236280
2902139
9124274
821411
623016
881851
4809569
12734012
6807369
6769197
15036710
5724292
9976419
18945964
10008345
14073141
8053881
248583
6626010
6820389
2375740
2240120
1460540
12941549
9201980
3657248
14714500
11699013
6463291
4497842
2334912
14116628
11192935
5842466
2595461
9844597
7991433
3691094
8949198
3483086
15296722
6172143
4072456
15309165
7217235
25921
13909222
1894497
4069847
8169821
17409959
5818398
7545191
9662522
10534982
5103475
7225806
12149555
10909528
1169320
11457788
2898866
8887234
1414681
6021221
36617
397407
10665760
8939862
12897336
12047464
9750999
14322379
11898685
671965
5411163
15918453
2231066
6889196
8462288
6167462
8529516
3242214
749545
7189489
13767696
17358774
6139811
8048097
4147502
11814386
863494
16999067
167957
4265225
13276640
10582291
21626752
10140129
11889850
12022710
12994140
14127593
12332262
14019331
6157868
11648813
10222331
6793301
12228677
3163833
3308717
10347523
4818423
9995964
5723068
9493686
4015149
482789
3126712
11188780
11073426
4662364
11020106
10379213
18456
4401987
11831659
3934448
5956469
2280018
1058588
12646203
3133283
11524162
5441974
1493504
8884026
5048299
10338797
853914
11035564
11976634
7264787
183544
270252
6032508
3953294
6752217
3776048
6939246
4962041
2916514
8095340
9554011
3370487
10723315
2383320
9997687
7057535
7074618
8511453
827616
8472766
7509167
3037251
10900557
5688676
11400004
5576221
8054169
3274714
3802149
2082536
3195151
18161934
11238666
6994797
27152427
3155856
8900492
5711955
9019447
6105292
12899088
13532813
4970149
14525692
4316867
14640498
8373541
13384561
1433665
806778
10024458
10365538
7695587
11255109
9926661
11796361
6912439
1256972
1827722
1831012
8534607
946771
2063660
10969225
7230570
14608066
11381512
9547454
2553047
6653496
10098561
3056114
534564
1533005
2962729
9688438
12134197
9254556
13330531
1880068
14227451
13775143
17042320
3040888
3303134
10753386
9266142
12753770
9670080
1236803
13255300
2259926
10541650
12840807
10717509
6753348
9901499
5518991
2710222
2043721
13756163
2412899
260113
10544974
12082268
12781014
71773
10673416
7506967
5799948
13092758
759325
2581775
14680701
6793007
17019702
3478853
6709219
15258144
9606132
11088741
4872249
4419343
2524123
5804722
13773766
963799
10212700
10247608
9890049
1660920
2563460
2279042
9356628
15055154
5573397
4741689
14028530
9909231
16564996
2582690
8606019
6328262
1345953
13029995
6380105
5678841
6363577
15686186
15048273
8219386
11953763
3898642
2365117
7512906
10671025
4354645
11289536
10969942
1407993
12922976
12983810
8498234
13724373
1867425
13180797
17505386
8817095
1966610
10639830
13163149
665107
6138352
6366317
13165307
7164528
1374929
9520639
5291754
6074931
8250794
12789200
4925515
13719344
7836993
8837750
1116474
6397701
3542777
1537568
11353459
5419085
1013545
9482681
9115584
13166799
10880398
2158874
783369
20580691
7321084
3999508
11380833
1578380
4000773
3940086
10310573
23572967
7527024
4235481
4104095
8572185
976809
4668185
11665371
7604478
1557269
8081011
11746603
5627032
1897879
12187488
4265608
10135361
6941031
1859376
6440183
6711113
9799487
8323072
2311483
1579117
11949780
5302583
13839952
16497112
9392425
8239296
6610013
10765073
4314411
6348675
2483415
1435212
12953887
416402
1355949
5634379
3718073
2197766
3059022
293676
5154768
10853903
7421358
1027746
5757874
4144090
8793674
3866883
940288
8272215
152591
16851115
4158547
3013670
10380584
12803453
6760703
11416302
13769329
1179005
12889369
998466
4677340
64030
11145558
6995349
11865747
17025266
9215258
10886411
9864205
13810528
10575395
6982118
3263370
6590609
9978036
4280334
10197751
1718169
2342673
4668105
10756834
7219058
12701615
3518169
14278113
1647188
1866239
11744782
2368558
11890251
10150447
6009801
8550148
12527026
2157922
8869572
6718954
13559791
9682527
5318079
204858
5891943
3380920
15610655
11764937
5532293
7732690
13070230
14951038
12542644
3470301
9885084
15289211
7283196
7260598
2922536
13916737
13655731
6062770
1508768
13160644
10698594
18475308
11921670
6436857
1542634
12948775
15567554
4704526
3106468
15051897
1668805
10775985
9416886
3469072
2987704
6825702
5435218
8414796
1699713
3387029
10398335
11475514
970981
12369450
4865416
10972199
2908367
11942136
3419704
11753473
558404
5890395
7441227
22330044
12457768
9824261
8694972
12062149
11485446
7004584
4720689
2727934
11402896
10158831
17240952
10196516
10381188
9725464
4718737
13094148
12234078
472026
6614528
3301222
4961268
268272
164593
1903202
7071032
4995143
15958898
9821187
10549455
821430
527332
11735620
13088208
2113241
10321868
1924250
16082539
5640611
9256192
9993808
5777554
357460
10389801
433824
5495192
15954783
24088687
14794473
3704027
11386523
3664466
3015324
13738247
4564400
10565616
14728880
11542393
12033661
8496236
12802879
785388
4560324
4693194
3755779
13598294
4578545
4666371
9468281
5711580
1961852
625608
1639691
14064690
9725484
11433153
8207701
4537527
22284032
6391626
9130129
6426011
8989493
9179284
21090806
9151762
5492610
6247278
12589404
11069470
8562993
17809873
7220642
10813856
17588264
7417442
12567112
9474884
931728
9430326
6967225
1456608
15771058
3795645
16800662
17773485
10143279
8760235
13657601
2573088
4260267
13502656
8519015
13086085
14478129
4774946
12156486
13119420
5433586
19020446
12894465
5458949
2679870
8221225
8830043
12323572
5306272
4929961
8841801
575043
9120646
10220117
7298211
2233280
11608765
7994880
3709833
11471113
4056707
10404727
6477966
18073851
8252179
494373
8004809
9180794
2808421
8080786
13118628
14323566
1524868
10997946
9065197
8041244
8748857
1143145
12189206
10400847
5797786
11471597
2658829
6803107
11944428
2868469
16643534
4735188
6759197
5294605
11700060
17423949
7391315
12197367
3090507
3086479
7763269
2653127
13117720
1063064
17506779
16681291
5519367
76694
9673140
7097068
1691964
811143
12921500
16562840
1061801
4554520
6306854
13074882
14774255
6406153
14779413
2582157
8837078
4744771
5800271
12650285
5777579
4895243
6893996
4751955
18969870
8656580
8446713
5747221
12713927
9157097
11932159
1718626
5445776
4899045
2628730
1051977
6903713
13531948
9729670
12048807
7131274
5611707
8937296
6853479
5931113
9029643
8868122
2724999
2998234
7625874
5367294
4022736
1245351
9793193
5164190
10381497
15655748
7209046
488425
6050459
17601100
9214910
5046076
16427231
5661371
3704377
5564630
10375482
4977283
13525366
8916534
4638804
8709548
7232125
7629625
7347437
8898604
10743909
4212778
4012211
18035184
12580216
363491
12471585
4012248
5395834
11741042
567475
151506
18289144
16701771
7329814
11877661
11916866
1091529
11807403
14175281
4458495
1946775
12557801
15184927
972940
1973029
5642566
12776780
8724401
7808354
11996854
13872272
5793052
9812933
20589844
2915754
11551999
6632353
2069050
4637728
10763705
9096042
10191683
7739866
10233364
303650
8536449
12153700
7409694
10829065
12803133
4047130
10548437
1779194
14112653
14389978
12579874
8530076
9270911
17226619
15298483
285364
7874337
6095617
19956389
17494681
717811
4217878
11762693
11299650
3191190
10856725
10968057
4241518
3540812
9671853
1956066
2816818
3070782
15819627
94896
3615113
3414380
350132
7763342
3976066
7362337
8866886
11129750
1797601
30939773
7573732
9713336
4351652
12523302
19183528
14522804
6888450
10815941
3139662
12435077
10144438
3036924
2418008
2421298
8244192
2864142
17596025
4325037
2290638
1869946
5832961
3280130
2556927
9514673
726590
1335873
6155201
4417844
6457951
7188216
695142
6101113
4723482
20280
8309520
948671
3125013
227564
8656646
4720534
18202601
1892736
4987342
6790811
6135453
5602019
8136505
5342362
3037268
9371703
14152094
8715814
2003682
21937304
3389153
7591069
80711
4968938
7063822
13389297
4944753
12115760
7818331
8599268
6872211
3145658
7424084
4767136
9155203
11859307
3907967
7337485
10048480
429132
9993088
3542263
13973968
7482678
18036007
736610
5012550
14071749
7615971
1071842
8769670
6926014
14083635
7506553
10431276
17053073
8157872
13615275
2195480
656814
1875492
9201634
915913
2244796
1862423
5333898
5213441
869414
9815818
1074767
9980625
10097347
12487608
12729607
8580107
6401256
3321739
6869990
8731417
1071534
4686056
15179522
1373702
8385862
11183760
20104392
3096633
10734004
6141595
743200
8409241
7796698
4317836
12608442
1840817
1225256
11271701
7985151
3887730
15560571
1912863
4957976
8300259
3435499
2081189
2840412
9549448
11690618
928778
2963757
15719861
1743012
19220712
17536624
4071978
9193137
8036056
30170724
12209520
3068810
11746576
3619993
7777958
3407657
5739513
12403294
9289133
4922186
17876657
21460858
5491371
9511718
10177011
5562549
12767744
15534814
13029199
9278938
9794652
10141269
8776068
8711331
7879800
10184298
13778761
497628
3851533
12143658
11553538
5657705
4826203
19158460
5451247
6717494
8595475
9571859
9300311
7918820
881721
11022832
1785006
17035922
10591186
5535235
2361652
8144049
6033770
4312176
663471
1453199
3616026
3142160
2394359
7980223
4842219
243351
3688635
8035900
1788511
3803317
10796419
15037319
11761572
8368869
12664028
2969066
3376703
13532512
4908110
10876342
7884159
8651941
462307
3249395
2359079
8962283
17418804
10020417
4823651
14667640
7874044
9975924
2318177
2625526
2919561
15453126
3476602
9009042
6617332
3464388
8935725
4544351
9044363
8290576
11686139
3755021
7202439
6367213
1009332
5226983
13686657
8955781
6447675
8759826
1227409
17902639
6059459
9522616
7585318
7008416
8446202
2931438
5926491
9063520
10314887
3623390
2051081
5633888
3132106
14399432
6627325
14743162
3837192
12070560
6760423
2979479
11414851
4646858
8426109
13872486
4010393
5034024
5184445
1619669
4124411
7391409
7743984
12798063
12913153
3370653
10558112
17766373
12563277
9755957
9653454
10636032
11355753
3781925
1989612
22592125
5286329
10913618
13277334
6416980
11950831
7450033
9095194
2051437
8806347
1399762
10987160
898364
7543744
19843268
1840365
9170850
8465860
3650396
10155816
5563567
11510771
5363470
12772574
10070798
4234226
1766351
171260
15501027
6422482
11318347
12193113
9291657
2671239
6281901
3138632
4452614
8507519
366284
15763995
5502510
2819530
6344051
7226160
14007651
9095690
9710634
3424861
17235381
12701249
483705
112614
4756016
6608059
5223925
11359092
20032106
9130143
1475511
3780921
5217900
1154791
2135580
153131
5696440
4954333
3716923
12414058
10046630
27641297
5792668
12688121
7472478
1076327
4252879
9113025
6418589
813322
11518935
3299327
22644354
15549978
12021077
9548546
54896
2938240
10885506
1466562
9024550
4684530
7164675
7792101
8194706
3605120
9567783
5185555
14683298
206856
3296908
10942433
8726145
9676339
12906160
12054008
1804025
11640767
5975392
13584138
5293360
22934426
1479839
30202
7322824
8207933
6475782
2944722
4220000
489910
20098687
14246634
3988729
1142199
9358092
4649241
173325
12412780
9763581
4233722
10122928
8795315
13071971
6851053
6051720
13947345
9392697
2955530
5986140
10995216
5939325
5835578
7408154
4529850
14381759
9020208
2120894
8135030
3993709
4585472
11071910
4631322
6593254
8834253
3285082
804296
9459438
15564066
95234
2121469
2970543
11255239
9513743
2941593
7739095
1797196
2142248
10791673
11791652
5184322
6133331
7318702
5219839
9842437
5261855
1109826
803954
6570931
1653040
1050670
7111457
4976159
234824
5292373
7059097
7607748
9084154
4624966
9750149
3526821
6933381
6250299
2888077
2542482
1685347
8527864
11535762
3553814
11109091
14483108
6234588
877006
1555326
8882557
5043738
6209199
15983533
5868309
7929228
1825081
1314029
3546968
5839748
2762766
20534178
13369735
7815093
691863
13782879
18071237
10749139
7732508
16268707
8002876
1439065
13947293
808385
9347433
2140456
9471659
2334808
6217759
12828474
1728071
526029
2496564
4088279
2602827
11279186
6360199
2111874
458715
13968747
5290805
5583388
7811716
1073711
11960775
4919111
1578386
6014228
1150774
11132645
27931355
8357491
9872225
1998869
3191166
12391797
8378289
9178329
5882755
3056295
8956393
11243709
1702204
2558982
1310011
11759959
9452745
8124392
12328716
877017
12411811
10001718
6307171
1986832
9353673
7740966
9116114
11992517
2569064
7235024
14624327
16370284
7070438
5314483
3009587
12385806
4090463
5778232
17453323
2149204
11718190
11001443
81443
1312977
1695082
10517677
7033608
7594478
18757005
7082791
7754725
10502994
18221825
4159641
8092659
3916716
6960108
3497397
3874614
8490356
5675205
1207095
11261706
19212768
9953125
484258
6289990
5159015
3972126
4497834
16305651
14460754
6810662
1906664
9886367
2921985
6998967
6383977
9663386
13573352
13020660
6480262
5304872
7916597
8430981
8633124
16336579
16197806
4871
3993962
3214776
10626129
7091716
10948681
875483
4376648
14347180
4927181
12892127
8657504
6188709
3334966
9195856
11318914
17402319
9176319
10770992
1447278
3884481
1169782
12919470
13653193
6026042
2005574
12523388
12940988
3673779
680741
5610080
7889195
7975147
8121593
3486875
12718801
10929961
14532139
5529550
9486079
3503699
12885863
14099983
10981994
6861705
1332422
8781740
4294853
4130077
5878106
20860363
3188552
8500164
79342
5680900
7368801
10805751
8304980
2889651
2395969
7750772
7571659
10928224
8848821
3817188
9388037
5254011
6994363
9640814
10231715
6373171
4638088
1760308
10022307
4571542
7870504
2690152
1674334
2792657
14685079
8670508
18586893
1932403
9345533
3495368
6563516
1808992
2980139
8099988
13129296
15671692
12396810
5223803
4799166
10097872
1714740
9329582
12364966
9395207
7772693
5616870
1857399
119264
8451983
10791961
2562196
8735833
1451886
3916397
701041
3064525
14310928
6327833
7926272
2224134
11410787
3453766
5866958
10667068
2760094
1369430
10448097
3271767
12201470
5531395
11159018
503372
1033790
5548100
15416897
2773124
926986
12699707
6632363
1176218
5416507
5448504
16692700
5487015
5898470
7232585
12220849
4086542
11362846
9880982
1237634
9049912
11882164
7630537
9618456
1709226
14026755
2478399
7002180
5585968
712663
9010627
10048986
3035445
1872905
3244593
5378478
16352868
14959665
5142973
10057391
10180624
4712698
4090591
5180521
7948102
4032462
10098027
14395781
2996319
9754331
15918235
4728025
7838867
5606840
4225216
15390277
14858817
11088488
1570460
348380
12039030
3536639
22491728
6084633
2572877
1373015
4991070
7937348
13851673
9278295
3475068
647853
9437818
8776314
1416400
15975001
5409947
5013899
1806378
14258322
6944640
7765455
6351715
4802425
896497
10429906
5974912
980211
707683
3247061
7819950
523440
3792946
5873669
15128426
7466764
3729814
8622567
10482547
8900185
13308978
1834226
1418970
11783810
6313025
18149525
8795396
16820895
5423368
10842372
8892553
2218129
1868115
6675705
1247147
11746892
12259045
5486212
3500311
17511361
6092318
9389528
12138809
12052185
9905778
2662800
9930711
8518139
3564151
16683495
14528980
2394954
561752
5497845
9132838
14249130
12695852
2849495
9367026
16376636
6743573
4352923
5059180
7945386
5967759
13219787
9278078
5320811
307725
708003
11237713
11352292
6454728
220463
8402241
1974495
5699741
10546084
10899237
11674050
11223746
10183258
6472234
3855598
11504778
4261123
14891132
11368290
6289410
4857055
15043504
2063931
8024076
294754
7626110
13156261
1369114
7601462
6110185
5313136
3547393
4344939
14927951
12301741
10142298
13208564
5443789
9646335
4722771
21527740
6903931
692262
8214918
10778363
13786437
5234053
5484251
10987298
897057
5240954
4866213
765422
9336637
9649530
21770096
15059642
7561444
1670962
6101200
13442526
8801565
4235999
7760081
9154348
6004167
13840348
13004392
5892674
8154857
622686
7699600
6534701
12197226
7351450
10605011
7926119
9320987
1597470
8711519
12574229
7693679
3093909
7228854
11251923
13140976
4385028
480735
12427999
5609172
2956815
435290
2142844
9939246
2947441
5721001
1639840
1224685
5905249
11322964
2229704
3705789
5660213
8979308
6213633
16455649
1284108
2441382
12952842
2628399
1893355
14959041
10644668
7832144
2366935
1740330
13210944
2052791
9238094
3701817
7968488
5243540
1944124
5923414
8661172
13134201
15549145
5050828
9896798
5179940
11717131
2036172
8933415
3005467
280885
1727987
8970895
1089791
2232424
10730267
1284949
4345827
12264624
5394382
2594217
8211464
5659934
3733895
3644924
8697726
9069005
5453926
6832177
1477425
8893315
6736270
2705959
4626919
6670621
11459637
8633525
10984360
8496064
2832536
42567
14554002
10192737
1637297
5353338
9939127
12921700
11668192
9884920
3624092
8153130
1710682
14305191
11909500
5066258
3693843
8100115
282889
4230486
3269300
4389602
10121352
9964204
7608778
6744086
4945807
59868
2171045
10754556
1231857
13322895
6916221
11041467
10367601
7228032
6466385
4961813
4906298
11388356
2103295
11576007
4415708
2599566
11422375
970773
8526686
958767
3124170
7931313
1442145
3004182
3746251
8791279
6824954
10409800
11921978
10336445
14849581
2854515
10072323
9391766
1454791
2797597
15565638
3634345
9098595
277952
2554176
18158523
2835414
14424701
1691603
7860608
650753
9628339
1894294
17958315
10197648
3126551
11077943
4447515
3041269
18399579
8039821
6781102
2513401
1830514
12490325
1213521
20356384
12270289
6628021
10939558
3929726
15607893
9317392
2556990
10902540
13824087
8083334
8411064
3361096
9235250
2901926
1565964
12804123
6969508
3627959
2109883
5413374
6386962
1138820
19565402
7902940
10108296
4887669
985797
11969136
3995957
6443118
8732009
4543269
21256029
5668205
10708988
361211
9483217
5264744
5574971
4352488
13846594
1847257
6727371
1075078
3837163
11839013
15115875
9209966
4433943
4930232
9608098
2082605
11517036
7732335
6841637
424636
8925087
575129
5324778
2122165
4280165
13811479
5717325
6017370
2781521
4160723
1604292
18187815
1534140
15742341
11681045
14293906
9112191
13744525
4220328
4448453
423514
10634426
16202042
922421
21857525
4741435
12100365
2788602
6291432
2621503
9042888
13045135
5247042
16851516
9832960
2945796
13436193
9378186
12921858
11892439
33517
2145440
11071529
155296
8152716
7102771
5528429
14041133
3356997
6532510
7713938
5097602
5535585
14408633
12141059
978986
740011
24306116
2450706
2938222
984841
4238422
12215175
4730112
5521217
10474446
6071542
14217090
8358733
809039
5213082
1079715
16694516
8639111
8853003
4292980
11560077
3024304
5522232
10009931
10286020
8192353
3616336
5745073
8770226
8457110
14076449
7289019
6539425
10232762
1306959
1184288
9253268
2654156
6743572
15650822
5740076
4350054
13033526
4734244
7331730
8653243
17813522
10484642
15827786
6630082
3289104
12004497
8078287
8277665
3804961
4807101
9302777
11362606
2926938
15872894
3506143
8280472
8974467
1599436
12556314
7237772
4427139
11089939
12176712
5909383
7699256
10762517
1585400
7848820
7926444
2374695
6263370
13700076
4362190
6770361
10686549
16284616
3182921
11294565
11577587
5553118
2076433
4950957
2395177
9179291
9067622
17520979
1052376
386967
6136404
2687938
9673247
6845158
7156755
15822361
4769180
1971218
4231243
18546922
2930633
3345977
6195036
4876190
476816
931197
4202548
3302883
521230
6859172
4636125
7451214
18366414
13704805
16912816
2399387
2278999
649770
7207660
11390800
11443230
8657935
719753
4268000
1706046
14264466
2876718
12679772
5889153
9887191
9197081
6255297
5300730
15308635
8557066
3270142
3218193
3241857
91165
4204555
4099146
15941346
9838225
7443804
2447044
244313
197977
2676227
4313154
12592487
6216548
1528936
12026595
11539608
2314701
9296674
11585086
11126169
5294094
12504501
24520584
627037
9046197
9610419
13350403
6673334
9946711
3909076
7314148
7252268
7417614
5605965
1739979
10921314
2281669
9485376
11020455
10748650
14110260
3279132
10030243
7646398
11427126
3005322
6717837
3860186
10724943
11315343
4754819
968845
3963501
2697489
10467860
14442750
13198745
20304236
12232058
1362930
2211005
8765888
8865958
11417825
5381497
12620574
1149415
9149827
1179700
12354708
8213850
122990
7660880
1618739
3897084
6603688
11224938
3343513
1470691
9561747
8726305
269525
2853833
1746458
9981361
11439707
3514635
2557684
3120541
1830192
9217147
8767907
7733730
15544287
5660702
335871
4274731
12233275
5519997
3710102
8417788
6769557
6647142
7258887
1704818
7616007
15863466
513985
12445217
3842677
21972299
5828892
5351653
3691752
11376378
5602109
1411086
10419261
9448229
4612138
11749733
16979619
4949783
10523163
19025355
2801155
725268
14623343
17767892
9308855
3365365
3867575
10054929
23240145
3003513
13340247
9280573
8077291
7714993
19937889
11856918
6993128
1143766
7419825
13786070
5176368
10178590
10038449
2435239
7532004
10593287
3740469
7164904
5391957
11509907
3780646
14011449
4570139
8467872
14563735
11252496
9555749
9046081
5268331
601750
4598139
955356
20032399
12177007
12403733
10082818
14027665
656985
350917
2715815
4620974
13187802
10848803
22120810
13425973
11669310
5373905
3922687
7141385
7297571
8195835
10308065
1872999
580687
6302
4390870
4139103
12235044
10298129
3533760
4592888
11031769
278985
2306564
12061619
16574171
5999604
9767561
3706862
6793152
6049899
15496969
4162681
16648204
9171530
3625433
540163
1376893
16224397
7080514
16301155
6304027
17145597
4948352
5029250
19285696
23445722
12315304
9940886
10830278
14644531
1363440
3715218
3631742
4180501
1786320
132569
6655267
2675219
4040600
7673323
8391365
6454726
12042582
5424058
10701369
7257129
14340386
6960834
6603931
9978372
5615827
13326550
12872128
2220479
13856239
2918983
6268142
5049947
8986820
14122751
9548127
4914585
13850183
12919982
8358866
3657002
10858635
2402603
7755888
4014299
5665606
2274654
15586076
1755910
2030881
8618711
8256556
170972
11419285
3727330
15122454
8780505
9755603
637753
31810
17764180
14410670
377165
62875
12369530
2787479
3133907
12744800
8171500
12591019
12468755
5559863
8920835
10231462
2735332
550676
14365209
2547164
2435461
33972786
13432624
2042117
6598537
8069264
6185571
5382373
5177636
3683261
3886453
13912948
2915853
5652651
10379259
6036611
8860420
217461
4742843
4652493
3953089
2502823
11779242
11286082
4005175
21148246
5512723
613036
10958895
14631267
405041
5621592
15735868
11901887
59184
10433035
8356326
11823911
1674120
5171418
4794660
19287468
8522075
7178936
3699689
10690572
8633709
4914667
6570014
1156718
11873803
8832595
9200438
4654353
8814947
8451840
1672278
2210947
8861305
13424889
12767868
10838085
12896762
5823417
6581517
11102942
2957528
9633210
3503691
9694158
6790039
21536906
13312997
12660808
19020287
10764937
3307647
9911811
200153
4725527
4950659
8096161
4936644
12209902
5224088
2426391
3854506
9863786
10592290
11647190
1435688
114603
1225138
12778911
1187300
15286020
1570350
307825
4034010
1805094
6962155
546845
7964087
12932200
1650092
15145530
6028296
8010555
13089909
2311894
3708983
20035509
1207398
2868516
12994349
2650724
10121873
9769826
2775004
8138264
2127388
13857663
11377340
9047697
6561066
5325577
11885954
10912329
4641399
10195405
12982720
12063065
7283678
3433095
7164642
9059767
666000
1001361
12987516
11246250
598289
15838680
406540
7363303
223650
8140420
1211470
6682903
1800657
3675549
8900297
10856442
4045965
865218
16064117
8805347
1663026
3498282
22599955
1158684
6401699
1568835
2176212
6024621
7533622
20462899
13960139
26162861
10811923
6864474
4755131
8813213
13393898
2898610
10930095
1712924
10127677
202565
902164
4877568
14332760
10826718
13459761
7631710
466563
15876763
15114838
1795104
10870776
10434633
46351
16100166
3106715
13213678
5969160
14670231
6021787
13095231
12129245
3937188
11406392
14124034
7843814
1026686
143020
9006290
11748495
5867397
4812316
4769388
2201153
16245725
13326386
6256959
5100814
9713567
13722651
7751880
630804
2738802
2929046
15803546
5959143
6577526
7495550
7807590
9905220
7571753
1988891
3700592
10011979
7445013
2479996
9604545
4793835
7592226
5039776
7773546
10133105
16837700
16936218
9454182
5945691
9469609
11074315
658385
8127229
3509357
679795
4849612
13700895
9822446
10455295
15332333
4501334
7612316
4799976
2890044
14720730
274361
3717839
8879374
7714788
4905349
469821
7483249
3308860
11675239
14453290
9539652
8303612
12334390
13376611
3027147
10748916
3561660
2411789
5038924
10145077
14457016
2750090
1571251
735157
12897049
3507334
9777267
15257245
8434977
5146259
8731294
7513254
8405332
4944594
2907556
1784304
31490
2125116
10862268
3683808
10515391
6262593
11765493
10439780
1972108
1970803
9959062
9906230
126569
2080179
8680304
903802
6750523
1769470
8493065
13918594
589530
14300660
8795640
5662166
6281258
16107208
8780233
13926441
10316471
12036788
1836627
4943181
5894024
5047976
12321590
10089069
9328060
11167026
14447634
1918239
9967066
13020757
1733670
12698067
17924037
10150065
5185941
7337038
8397110
12683695
7393140
13163468
993112
2516523
5980166
586795
10245101
1223109
11928651
11707978
559114
9489020
9748450
2761599
620412
6285650
5593741
13086542
17659391
6045085
8001344
2565701
11925657
2028205
16578237
6137118
6572693
16222708
9821299
7704316
7116470
7878975
9633442
4329954
1319857
10239294
12189130
8690628
14360482
15499468
11750320
10804111
5031458
873729
3130939
4809610
4545
10597662
11855639
14221401
5650400
7707123
7168550
12077870
12213624
8783771
14703235
2940989
8963987
17226471
11314340
9652208
4820889
9237228
12382001
9731971
5969448
10228261
2704590
725385
7518388
15331394
1433596
9084793
5320372
4318245
752183
4631063
5490561
12169110
2354627
1434876
10163343
760412
15691263
4572581
11719867
1517872
2823235
8560519
8057889
8268177
12774479
3569944
208832
6656168
10936232
8204796
1058933
3754496
8802442
16746877
6343397
11328249
7481109
7695663
12362889
3805722
82603
7456874
7804367
10776670
4364163
11537416
11377919
7055869
6583841
12756921
9949310
6999993
12374202
5446093
8201719
2626759
8940623
15183380
2156853
6950874
8522741
954766
8682141
10902680
12185823
12228072
2427189
6004926
1871904
5529215
3009643
10247747
152208
3351722
13674533
9838890
4526167
11187400
6626537
3611299
2213459
7158573
13863919
13616533
4784152
11913484
11495517
10196840
8010621
11290086
1620437
3138938
4387835
9832180
5851937
17179898
18243787
12061347
627781
5783658
16580342
1457901
13463921
4976477
5808562
1970321
10365110
6649292
9495337
12160032
1224527
202871
8765976
3490529
4583868
14966169
4739397
4487755
7607695
7480554
13265183
5394667
7211129
936152
7361410
5640332
11246054
2023614
1246693
9632614
977062
4473387
10496488
7806158
5309031
10719170
743559
7986900
9990557
8101916
5821648
3814576
5611806
245416
12365586
2038775
7122981
2280157
1576045
2429334
7535520
8923202
12640495
6461344
12061694
10350967
4915687
12651556
2805537
2420142
7503603
9411492
2299508
16338635
6818713
3128233
3355713
15816577
4780009
10782882
13590025
4513027
11601983
10299199
10073966
4360363
9727900
5163954
973530
574359
1306290
18387808
4630654
12034816
1045943
7003229
6767293
2093727
11480545
10654504
5390854
4947383
3246088
3657085
1861495
10200307
206266
8921153
520944
45931
8201256
9347979
3984260
10865939
13681164
24498
14312250
5432520
8270918
8085759
4376961
8290057
6944505
13657780
1865611
3324396
8467271
6691662
5040159
10505057
4570139
9901427
6939750
6604950
9651708
2565852
4834569
5877079
14014788
4180921
10877325
12109672
4100612
4182151
6614194
11213097
1913412
75855
10245174
12744308
12166471
9881627
1134208
5180592
11175224
17445880
768304
738734
6694298
5207467
5781311
13048108
6148166
5875147
5573914
12450785
663606
10637024
9032326
742879
1916879
11671730
1870465
957471
8984625
11729708
295049
7218782
2933675
11766588
6853132
5948415
4193298
10779185
7433049
5644283
4228505
3006977
16653672
3963519
787507
2762436
8621055
4692698
6855822
1614909
3969603
4184420
13249809
1567868
4808714
213860
2792080
22141720
9862389
2154655
7278996
1231732
344948
4067979
7110466
3480218
15087701
15393907
11424524
8177954
10452446
1240002
4391898
8102354
11516539
4243156
15943545
4962396
3452158
8014593
11644167
4552791
2887350
11376986
4857948
440018
2636065
7310044
9892320
8988010
5157733
15468352
5629525
6496669
3679358
7274326
3547176
474327
10838692
25758056
888019
13344631
6739822
3408976
1217369
5648932
11863086
18426635
11012805
10735309
14992328
2760941
4284530
14356718
10519540
7762812
207450
11897437
11188477
3282724
5174340
12194649
4363539
3433598
5968263
5336695
10220188
5925224
10286105
7878720
5667858
8243662
13632301
6882957
11894187
12459314
14820754
10281302
665011
7899798
1199746
12169798
3216226
3987473
1527332
8905112
4027964
10443340
5321099
36
11701603
13023631
9866239
2783792
3617173
5035553
11148956
7198417
5271989
9977917
11458015
9502443
7390956
977143
15691345
1291933
14247059
10490084
2922054
3493907
13806793
7965593
3765999
2434162
13135342
9646593
4313373
11535031
7666880
8768722
13857901
7242835
2911742
16066844
8042688
4374591
13978819
4282008
10390628
4058584
8537299
407053
8115139
3451846
4959558
5482886
10073028
8768563
10570993
1206548
11603764
16525034
6847564
5125699
4659648
10082041
13115244
5136522
11331973
2838511
1435632
377847
6416064
9372108
3209927
7440558
7903866
3666788
13024164
3456581
11936353
6766153
2048595
6599523
1487314
23283406
5502050
12729269
1570679
3288794
4432654
3728576
5906595
6335194
8473175
13655634
13961042
3190857
7565384
9804332
11118773
41479
11838483
8242637
6580255
1747124
19595978
7165109
7502676
1406574
18153639
10979639
941548
12217726
7232142
5015774
346034
8801314
2222769
387566
1104261
6215161
7831921
14658536
4010998
2265082
11472926
2905870
1884329
15036452
1994385
1099152
6750160
18290604
12834395
1315750
15025503
4217435
4942380
12404475
9942852
8378269
6910965
9064663
10317457
737358
6222685
7185020
7157041
8124112
1287108
1473111
6779737
14924734
1955085
8615686
7571347
1038062
2978333
6246057
4075992
2363376
6727883
7995740
9649727
8724200
13763175
13035242
6877397
11909133
3803822
8539536
2064665
355681
8942871
27234970
2033537
2750408
4353213
9794618
1455048
8056777
2196295
6233829
14824495
23806373
5960308
13601799
15703314
6321479
11939891
5005706
7364398
8403972
3075477
17393409
5316831
5315565
2226407
11029217
2681302
11332433
2462767
7215355
2225240
5720135
11766974
10438540
6670739
8443204
4851864
17830989
7693739
9253411
10339193
9912136
12366340
9452966
8585877
7037088
10609848
4829548
85466
6288508
7106514
8525202
4597636
14620848
7585983
6778369
5956810
19427986
9053122
12849665
8346445
10800913
1431089
2680767
2028258
12393135
6981285
7202354
9012004
9156049
8283334
1012051
13577720
7712388
242840
1579688
15548633
7924146
2000983
13186040
4554831
7519307
1639769
6833999
2302066
10868731
5104165
1323298
13217435
5292980
4473313
3482688
3585374
2714332
2248702
3398189
10851937
3272980
9044002
1945552
8466354
745592
3431751
10318503
13669526
15283648
6817452
203498
8446040
7919359
3565126
7884059
1468284
8192352
7197544
11015171
7119004
15794385
10431152
3118700
6751014
9367244
5620117
2207523
1295067
6446716
6685059
5841487
10392751
13444893
761240
1087876
9845995
694481
4474097
16149445
11162608
12032225
2861291
3813395
13329327
4370256
4447024
11572649
8115984
17759397
9624387
3849176
8190212
14242635
9278801
9598357
9262871
3433123
2520950
13941243
1419765
6997220
3079090
8870535
5752875
5733048
6620767
10587229
10151528
9277219
1624205
10079950
4626826
13467717
1801777
16392169
3583929
9906701
3858132
9867935
10278303
8739973
7928625
7879004
16539312
3524568
12009651
8072987
7593342
6828700
9885069
8816851
9936416
3073319
3019485
8987638
11124250
947506
7086266
9930886
8328300
12320514
8557636
8508380
14296963
3191022
3509274
1659240
2071926
957516
11343682
7820446
6611568
1440973
368806
4657636
1535931
3119619
8753021
451299
12188733
1339694
705819
12250149
4156554
10338256
7131880
4690691
8662438
6640034
5431347
11276794
5767486
11472341
7665753
17368797
8599699
6341598
3444267
13581378
7764249
13040692
2821145
7084716
11644966
1208112
6415594
12504511
14484248
11241398
14770014
10823904
3242618
8087336
8541765
14265149
4189122
2734861
1040874
9462470
4551465
8241561
12132724
4002457
13202299
9828938
7383098
1627267
6090932
11693406
4976444
12643605
10816757
1346329
14793408
2888749
3879009
4615286
4981727
6625636
70685
4886430
3503405
12093951
6175184
12872539
9770948
14957326
7695171
3597615
7830844
11002087
2982780
1335286
2389874
8683374
15710903
5148575
1184678
10229591
10969856
4154249
6783
8189797
11621517
15482943
6802876
16498177
8847611
2939897
7633316
1126691
4253558
8341041
10033788
6722586
3806106
2319195
12741675
14668758
6744663
151691
6172045
12155405
5442460
11497108
1114749
12936477
333125
14077850
13009502
2962059
1335288
9003697
4885582
10629103
10828128
3040343
22705078
6696751
8145557
654325
10202915
8325098
5596233
10488404
8159423
6186212
6698558
14574572
6817430
12593384
10487470
6173750
2814271
3711429
11142708
14409585
9303927
9174130
229870
4947042
10763395
13205518
12618057
1561926
4292474
4551081
3729073
22059193
15601300
8665933
3201212
385559
7434194
4264745
8355880
3521593
3543821
1860615
14165751
152381
7257246
6498043
1695667
10129036
8603018
5952568
11896785
6751298
1302533
4996710
5045353
10440115
3967446
5225258
109648
2998216
14686823
5761321
1678058
8074998
17897808
12746546
14646022
7729543
3525163
687204
1082905
1743455
10123817
6128723
433138
3578595
1935723
5292186
2337855
14534261
8052166
2701305
5088254
6488928
10334142
2699264
1261033
3655321
6377251
3432123
11071559
12995090
1773697
12238762
7046034
10642162
2253000
10405271
8435653
8763377
8431340
13323699
1016200
6714662
5064218
1992913
15930061
762492
10037626
2318906
10815361
11631377
17292186
474688
8098913
8964034
16619734
11464562
4136580
1648875
9377016
21402429
8203524
4389341
11165121
1588904
10611986
783112
15660116
6204637
15926295
5570356
8369761
14858551
5779421
3886024
7538628
10402112
10319074
2346579
2745322
5097746
11075597
8247703
14028453
185765
14198816
2112614
1982124
10515546
2823407
11085050
7891082
1525511
4960729
12724004
3490730
19826204
4000356
5058921
5076134
5059053
16119651
7832909
7116044
1485662
2713684
12304989
8559600
3541019
18514553
9816608
11694939
3330282
19325785
15891999
632268
2117949
11585502
8083959
8438387
164249
2198859
633402
4885435
14752357
8777664
11185282
9694300
6213528
1312583
8456294
13182082
5345655
8714004
3928394
890270
13849616
4623360
5482499
6086387
8284713
10898981
7076437
12298351
4313906
10666107
3844165
621470
5057882
6265752
836445
6772184
10623701
7564008
2174299
11252687
2985922
1618123
10006842
1492728
4183875
12789331
351979
10828595
10225290
6041247
13836811
22998474
2920579
7563210
15813066
874129
8857612
2727125
1332557
2098743
2699139
1708217
2212570
5052483
9576029
1859471
2562638
189832
7076409
48236
11268210
15115189
9448692
8572852
2722478
3420327
11711657
14901510
16266633
3422460
10969316
2253171
7452167
3878349
4696377
10946534
1831228
3269335
2902909
12599286
12636941
9044857
9740299
11567982
11534204
6915415
5104245
7089657
7162580
8366046
905915
5532223
11584757
6870473
17047747
5074174
4022429
1147672
21698
7491120
11055428
2165820
9445645
9368405
9582718
9113222
6531105
23540326
6666190
12050843
10989323
1408100
9969403
3519031
4495728
4586480
7817647
8886432
9360030
4314418
7633576
17867496
10188502
9977111
13009187
11203611
9034253
3056722
1187028
9070397
17277625
6290408
5593075
13051025
4456934
2149803
8886346
3359767
6222707
13944507
2830
14421961
8351728
9026736
2299650
4402782
2693549
5218983
4241784
12062198
7724744
5887596
4332147
1011188
10268415
6576815
11242691
6003302
11494408
4266146
4048851
2509265
1498481
5084196
427053
13000745
9801885
2779452
7312560
17873571
5498741
6004971
4602937
4674898
4322887
5004771
6622537
3336968
8113954
6370184
672113
676775
9200626
10080283
65324
1336746
5952711
8877145
7628944
3703605
1241495
8942467
3994072
3038147
1089747
9336127
9257025
6658002
9713038
4536055
7314125
8075197
12903484
9751337
161544
7984136
10903802
13371778
3310595
7174869
5161901
9403782
6063101
13317246
7019784
8616664
5428175
4787155
4955108
13494917
12245249
12074051
4719288
2420978
12531355
11439135
6497806
5949555
9787949
9563286
9400194
5686492
15046279
12101393
1819843
4564466
4049144
4411764
7931616
6331074
8821107
11131098
6430121
11899580
4863234
11984002
2600871
8792005
3747456
9350515
8823875
14211521
11355430
7677593
1043586
923594
6721009
17014944
1877142
6015708
10153540
4829587
9617768
15251387
13873849
11428052
10867848
12811555
104859
13755035
10830747
10159816
14147196
7265689
5643740
5129866
1361776
10630432
14798155
12796698
12986732
7352931
1186076
13580051
7377253
11612381
13226616
14957620
6336189
8888210
1483587
2277930
6881021
5364072
9741273
14551088
8712551
11156213
16696733
3432534
11071402
8231501
4286038
12550865
6087618
12761816
8446609
8594763
7012323
8377531
7087929
11087232
12922493
14902458
8009197
10127181
4708933
8755679
7946319
5827026
11969992
7242529
6994037
2215073
4218905
5478374
1204273
5884353
1014990
5628163
5580451
8985738
821422
5889169
8737044
4005156
3651068
8599668
8586984
6687838
3156755
16572785
9569941
2149621
12249774
14097991
1877698
8880453
9692120
9351164
3468037
9201864
13154411
1567641
7797054
13270709
1812006
12378026
10749833
11510501
3849983
16799487
15359891
4574716
793349
994153
9829886
11070718
4106044
2638596
8685098
4664084
16190725
2951492
1291028
12682468
5832112
5874150
15184736
2037151
10434940
7040492
7706545
14104713
4446819
1115233
8793782
6700129
4490421
1886878
1249109
10620901
9217321
6358753
4798331
11826703
12280077
5947864
15030454
14370766
1052455
1890411
4325597
5355986
6864131
18132079
3977323
5716951
11867575
7068788
4490020
9528475
9992237
5254761
10481220
4090913
8315483
7883683
9059531
11372658
2805919
11120979
7074161
361252
9513957
3032641
2377896
7133527
6814936
873680
248634
14563711
6792860
12514249
15810723
2529488
1259043
5737357
4292453
9525637
2206532
5018533
2914369
8572824
6957165
4672027
14490565
8267113
7298657
519475
6083127
8810582
10100877
8688391
2119696
2882043
3900400
1093451
3923903
377593
9386139
9955268
5558204
9507427
2560507
6938277
4357781
6390158
9069275
7819174
14139218
5526510
10346863
4382960
13843545
9371616
3906032
2670223
8295621
4701184
11155940
9501569
6825672
2913216
9547107
10880947
9139918
9086967
1662162
5787580
1627651
1303183
3830984
10966896
162693
9109708
2051179
16391163
704062
8813861
2187510
309325
5869801
6463696
11001085
647214
14066045
3322340
4810939
997576
15044403
621855
6042591
14288947
12637495
19815202
1484264
8027070
4086853
14904772
11566215
22011451
10669357
7015205
11166915
10622701
4357102
11171619
5373408
9948076
4596956
2381074
7449217
3636505
156760
13152262
8127955
15375401
5417680
1441414
10009133
11752276
9604127
944444
10133563
1941470
14654960
376559
3108036
11059607
213408
12456546
14601162
4134710
15343881
3407721
1156337
8958460
13673227
4636591
7653781
5597560
3705981
4200292
4823147
4487089
2678866
6595049
4283832
24805329
10444316
7475888
11217141
7033815
11738933
10614789
14830896
10321411
274070
3843414
10949662
13518781
1851159
8450715
15745390
13232940
12370199
2301054
7050120
12060429
4009678
14868739
4952606
12459401
6787187
12544500
6814678
5165083
9144337
12692447
6434251
13431171
7499930
8165272
2221036
9142404
516089
2547616
7045121
9019119
8755185
2265123
3708931
6589503
3728923
5241227
2854684
11171188
1652497
20447265
3144319
8655011
11322689
10697740
1069826
5595839
4399371
3033753
12149234
2605748
5042771
11944549
6926411
1898332
3059285
22947549
4852288
2456720
2059250
9460999
9170345
11610912
10606152
7964600
11321366
3316505
9115734
8496072
8252073
10264922
13675570
9542398
5301669
401229
12847852
8162313
2309485
10741102
18779222
23581527
6433424
7438480
6265541
9889442
6840063
362488
2903613
12027093
12505416
10357273
14563386
7631709
5911272
8929291
5412076
12761916
15116334
4739745
8612517
95933
13916766
4524398
8059491
2065083
12962428
1093460
6634833
11946422
343376
13010050
6416147
8692665
1716415
6848383
10036579
5431625
11139776
9586428
4065901
6897830
4555982
3121438
4674006
11940767
2747619
3364192
10571534
2357089
5548841
9901517
2594139
7611748
6603629
11921695
5800365
6242024
5684439
7542395
9579395
10045696
740487
10896901
10310956
12487424
10303345
5498783
3562707
6420998
2570039
3486172
12647344
728068
13785522
17516104
7288285
5246201
5025777
12203120
3837979
4582956
6578451
9862198
9090205
2653429
624447
10669415
4275385
6013978
925069
656176
7405992
8798489
6969932
16183792
2972483
8839730
1872427
11351794
15597226
12997654
3744605
4151490
9409113
2297107
8120351
7554168
5337104
818855
16238986
3377063
12447186
3899285
12671661
6394717
28577015
14060371
3685011
16655196
8239505
6048148
4300508
7243548
3257070
11102976
2258717
6214682
13454197
471431
5238260
9768034
6267383
10765772
2569022
5961917
8095540
9708587
3652116
7407182
9946331
6964808
9151572
9131281
4377886
11522532
8533719
7341872
4775172
7259049
12699956
4789597
7120616
10488481
1825780
13864685
11025358
4361099
7359954
345947
11078570
1409755
10729658
2151101
4635606
4509289
5248950
6243067
9669756
1059581
3695169
10661684
10462872
2082369
2467234
15669561
6195750
8004677
9937053
6246100
9357851
9448750
19206663
223029
9049757
16729790
19316212
15988080
16557102
12633688
6410040
2665491
12200630
10246196
8583638
14154144
12074871
13212876
4957422
5529054
11977709
11216804
5162746
7415272
8451961
3058854
531863
17414505
15260398
17006412
289692
8455025
12051135
4835154
4057043
2466674
7377002
8953633
12518490
5419701
9389701
7087
4101581
11619149
5870181
3727241
977611
2454593
15035178
11328375
9507417
819470
14814149
14043686
3252644
5267390
9976023
9074733
858270
389119
2588702
2787312
3111025
20387456
10762048
3202325
11768714
2100587
9558430
6189652
1296051
5497041
12177491
3066310
12946292
18725850
10695918
17481385
5928246
4330262
3531503
23198239
2071858
5199147
13752853
11682750
8444443
3290507
5067429
1685906
16193104
6353530
22986010
288126
3505181
3741086
3221190
6184735
14003738
5933297
5621069
11476489
10680601
9087494
1326640
7494906
794684
14832440
12423897
6167615
18067141
5882724
10775830
8442582
5228023
4258774
5496746
6527160
5700393
8847358
4807227
3582694
13021451
13215203
9961377
8227632
7539176
9094871
8125954
2997629
7398155
3454566
3429962
15683411
8026086
1798983
9166589
10782994
7240048
5270962
430940
5823904
4794618
11416015
4037334
1759079
1797539
14367448
3195861
12905617
8378254
9773206
9164560
4292166
3408532
26147188
7882729
19986154
1444054
13043235
12232759
12107319
20584655
1476796
8629973
6836139
632921
3000731
3866285
1211752
6867830
4417488
288571
2022872
12365850
10791278
9263411
10384750
4946882
2488424
2178357
7415005
13144536
10034095
3412098
11405143
2418713
7677028
10926137
1441168
12086238
10277384
13196099
8572356
7916459
10416353
780215
13365679
586095
10364177
1624718
5172588
14713095
6099026
6943552
6416098
1702964
3184563
2038538
299299
1286065
19030324
15436159
10070296
12318986
9150136
15289242
10983908
3434497
434461
4914729
2420846
3288584
5610896
2926211
1459403
9850292
1866119
10333022
7068213
19152495
13260040
11133723
10853748
11932560
15725792
1733529
7026496
11188021
885766
2472077
11140482
601752
6041779
4091441
13270091
4326709
8382476
1289802
3748465
15694448
10175701
5653526
7620397
11146843
8160169
13052882
5627086
9072868
9577825
9321733
1937701
1453670
2620751
6373353
10504889
11025939
5884053
9806896
2686065
987271
12411132
7216320
7878992
8639757
12421521
12564231
1925871
13826062
2808230
800340
13269570
7208899
6300488
12917747
9144168
19522694
6557810
4730165
6275389
10658507
9799909
163251
16769718
1926708
13522629
7247083
1936979
3424546
7962454
8632645
9447383
9643499
117025
12461542
4148824
3834421
9902702
12230631
13061434
13594265
7621726
16077914
5950680
4945438
4824980
7404248
5222353
4683646
8976867
12717933
9921403
10945405
2283795
10997753
6698266
1032384
1843733
9668507
3847257
8539782
4750271
10650544
10118470
4428530
2225809
6550384
6388115
7068761
5192688
978539
11072549
14352833
4517878
8135746
11915846
10967093
5686986
5645897
9002818
2821489
13803204
3159638
3007175
16221785
7665184
2710817
4365143
14010188
10309269
10728892
10923000
1801767
1177195
4924419
7368628
17986728
7490399
7557043
1247721
4616835
6346756
8225781
15950121
5934435
5265050
3057834
10741726
16175762
2065540
5233834
2169561
2930445
21841955
4034677
278239
12889498
7365357
11018081
17789161
16242499
7061702
5902911
2895274
20131060
140931
4668639
13047580
2283535
1940335
10066378
13562641
7180872
2335753
252541
6312475
13696535
670388
8633893
6605289
9090082
6859468
4366828
10780653
6280481
3160149
10281330
5784739
5413639
10317074
2768698
11031767
10129080
4778017
12453985
6140230
15603866
1080926
278749
8036590
14089930
13615510
14305717
1336757
14899789
943611
14950988
9302440
5702082
9018379
221088
3825229
290114
8905668
11488255
10867386
9523778
7447982
6988388
2753331
6686844
1720604
9321839
9036576
4849734
3805325
15714546
3854961
7631250
12116646
17712221
2747344
11464446
10158195
7925406
9181421
16400675
12704755
7851569
6701232
676559
14741787
3582541
8546217
4912922
11409328
11536479
17940894
10648639
13721915
6126226
3268822
2764204
4906284
6799984
7812658
2151194
6251905
1690412
14131454
6026622
13170434
13349654
4530008
4666397
5734332
3218676
11989888
6521400
13062801
3119178
5561384
10914056
8305929
7570082
11393140
6997016
10207783
6783401
1661289
10280328
4411972
21819991
10078494
6827083
2897368
14241846
6147689
5784704
719495
11756882
8119818
10212977
10625757
7247260
278777
460715
4760392
22853524
7632599
6475730
3415232
15002324
11277589
7865242
9378992
6597329
9926651
24713525
8312281
170477
649417
12845097
342561
12281955
6061604
16985824
10487290
7674062
1217727
3578157
4649233
10175326
10908611
3885371
1514515
11491310
12034273
10371012
5648858
9781468
5469311
736609
646320
9885794
7627907
8815756
27582414
18583672
5380983
4084734
7879037
12702569
1328018
1515901
9515341
1391213
11681000
1994989
10750858
14588757
2153527
8214312
5678345
5015434
10570200
4193643
5519808
206659
2919880
3673770
285113
5595267
16288023
5630569
8905915
1642747
17214388
12680475
13490050
2741670
2645580
5690666
5420144
12991671
3447103
3105296
5994807
9044993
8093662
12685165
7813936
12895340
6767970
5627518
6854500
10435734
5308027
4946077
9926605
5608549
6379265
441868
3952008
2277158
4049176
5800133
9813816
4323799
245458
974348
11084996
10593239
4540038
5549072
6526839
8204771
8890777
3253939
1233429
3267233
7344033
1614610
9361129
9212673
7912155
4530083
5815986
657248
791556
15056855
8061389
7160331
11629421
7451034
17283732
7857646
3662274
27482777
10589994
5562198
13470337
5483085
5233972
15047057
7109860
178854
9209596
3462529
6333424
11841240
11127589
224405
334699
18267471
12551072
11600991
8695942
795736
10245641
2670660
7128294
11757882
4091943
610441
3442834
11195412
8012732
6943339
6047985
324095
11472493
10204249
169819
567369
3349450
6791034
5744612
11722010
11414761
15144542
6884993
15459019
7313893
11534222
7658048
7747665
727608
799165
7571113
139340
8255231
15630455
1166577
3245595
4062480
3519497
2477094
3058394
7446696
1100263
15930523
2063413
9926309
6074599
2101556
9358453
14104227
8098417
7334506
11625496
10723550
14101597
2972211
96721
4883085
10251642
7009263
6045247
2779618
11010377
7104571
7829317
7794008
7409661
3954612
17725701
2529089
1884990
10096163
568323
8898560
7209856
12510329
11933980
10646759
3635347
8540029
13584240
7104960
33649640
210521
12430112
9822452
8082633
20723969
1335480
696111
8867879
6141241
4756744
14858888
5611296
15233286
449316
4531069
6553701
4220660
12348938
3978606
9741638
12965573
483309
18544301
6561665
17409994
4356384
10038711
4308733
657449
4561429
13902317
3045160
8301476
12610940
7658341
12407731
773986
9998694
20115686
7648064
4891679
5715746
10379386
3115377
16156988
9258598
9073409
13480952
5461214
59775
14675546
21916685
5550747
10916383
1146937
2709093
12087186
6461561
7753212
4715218
5546167
5105884
4752626
503202
14904976
2277427
2106021
3743360
14954056
8908487
16946744
1154184
7580602
3423901
3474753
6409878
1795151
1642924
9482300
1602032
2129804
9839410
1100702
10452570
11938926
6514438
11725355
5280540
2166104
11209306
3822518
1019712
147029
14629243
9903812
5470686
1658737
14825622
9216674
7832905
6138720
4230172
13054116
9353454
3242231
11183596
9754788
3515910
2472724
9215314
8447355
9249039
14019219
2594800
12786994
15194341
2131333
492280
15857708
2054623
5423020
10419157
5942639
11830472
9266342
994336
7783754
9043369
7076716
11621644
7131459
12953984
1479027
1675081
3101595
14884484
5536462
9210132
2255916
6694779
17712841
13002298
9181549
1404351
13775408
7518562
12578210
10852247
10434024
15161562
1137549
5267934
9605453
19194533
9836172
10660435
2841274
22271001
3618296
898150
6331264
4254319
15692988
9037248
7678071
5847438
9634828
7675095
2279241
7205221
14011481
243433
1315569
6662513
12361306
2752447
2786378
9252382
9164449
18052792
9100302
10775091
4914775
7641369
11922867
11902566
6537897
744314
1267300
10413783
1016577
10650536
15228776
2734992
22533524
11007145
10528559
649090
1565569
3992650
7087495
3596098
15464971
11281171
7800557
17631420
18401512
1347950
3013532
2861190
4650544
9110747
14019678
6331998
832026
7381741
11157171
11222889
7474393
14803984
7931462
3173327
2320734
554313
8889241
12686290
10887183
991366
671202
10721538
7409380
7952416
5534084
13726675
9070550
6618144
6082230
3471699
11166528
73349
9279559
11295730
18252821
2186141
10403760
4040009
2814101
5974527
10624304
7650449
21677099
4477077
9463410
22942188
9764904
2794077
9616822
11227259
1875141
5919797
11611326
11107257
11315599
7993466
6498228
9557176
12783438
6572293
11254918
9062272
3980955
248843
597023
10281241
3235508
9107305
3399647
11087368
13947620
14879049
5420157
12758767
13461570
7560645
15024401
1144586
6191093
6018720
6793341
5620248
652161
3571359
9280813
8575322
15603685
658789
2937203
9558762
11276291
11930059
1235582
7674072
5935936
7377068
7110930
3401471
3226859
7868315
10533440
12553454
4336690
693933
12848778
3573033
3073809
8127385
10656306
14379255
5617837
8612508
9424993
1177392
8072920
18167427
2294370
5477273
7034637
8701174
10872667
6952793
5276979
6383714
2461367
4996552
7235946
11407276
7861815
6156913
1564128
515663
8722841
5626020
15174856
737124
11482742
1510205
8695641
12360419
12006374
9407142
14744983
4646568
4376266
1211667
6797749
2923053
2057462
12669157
6218247
4868765
2731119
7716862
818880
11209475
6279120
155184
11208734
3643358
3662989
5786222
11180719
9891771
11843247
6482753
565010
6879390
8646161
7232182
6421848
9575402
4958162
6612397
5607907
6929710
5087045
5025778
4293622
8322192
15416416
6531855
5310242
12482153
10832960
12255543
3752947
10185678
4411150
2482212
6938952
12700484
14827507
6236169
3943367
5799611
1321350
1178021
1073758
1366608
9481109
1137287
10228968
9514471
12260464
2634253
8745743
486924
12769946
3458594
10643885
7627901
16821271
9046250
11629754
20434570
2500910
12977479
9302328
7085823
11000687
11641380
10503681
18696467
712845
1998277
12224681
9624720
8156053
11878199
10507668
9612954
5331804
12035615
6095403
16448574
7568159
4348507
14337071
956714
11064690
22798396
12285885
3233212
7226882
12144490
8142641
12951539
1982223
7841858
11057811
11360316
11590271
2217963
191066
4936204
4841370
3493120
4178753
2933041
8121749
13292174
4490773
447723
11542985
4518624
833843
12273075
1249166
421851
7868089
961882
1893121
7694138
8361086
10804686
2147142
1391540
9281724
6004337
11193735
7450945
10709936
16922788
15268004
9705162
4660243
5390059
2474728
2967456
2729463
1932433
599095
11009760
4318922
8329054
10392338
420588
8932919
1622734
6326818
591561
4292455
11109394
12136257
2738027
6053315
9821258
3110091
7657647
4719387
5393957
7381607
7785913
3902701
2836644
6117914
10390995
10314334
16630055
11100407
1861100
2475550
7082960
14091821
1955791
4585204
15997561
2722683
6894547
17491539
14964747
11714496
4714876
11430177
2055015
8299205
5193133
3957446
8761731
9853055
17678478
1486130
690516
14661496
9531213
16258735
1128776
7133926
3262473
8136003
7071411
3048656
46427
14069669
7558866
4721614
12564537
21296224
12647581
3674288
2754023
8640379
18050170
19777110
11566626
7190622
6245706
10124357
2351089
1478318
3749848
8466654
8230407
5648872
6756206
2749717
9610674
27404120
11456383
13048656
1308573
3173901
7586437
1165808
11006511
7578830
15903067
3793958
6261399
2459193
11727691
12325672
4116000
13400914
8090004
11470017
769008
3618633
9899786
3783217
3573326
3707933
8342161
7508732
1140053
3409069
9443733
1594347
9146144
586894
4669805
11416174
2589593
7279041
18513122
8202842
16901615
7806281
6013525
6492897
2769882
5357666
496422
2624934
2579040
10876295
10213304
8665940
18561781
7046334
1776475
10644015
7482828
6171802
191242
13193204
2219315
120908
1765238
9728624
2630987
12136128
7587640
3584795
13251974
14097024
4110215
6135647
7575129
17604683
12955478
6822608
229257
1567893
14590045
10630600
2785710
1568370
3763247
10364278
7875205
9373518
1047692
8890624
18786509
6946811
20399158
16038133
9059103
9212021
1182163
5329627
11228979
14180671
2662428
9847755
16571931
7748828
5544017
10434453
11411399
8464476
313143
7764187
11762551
11133205
9772699
11415483
2519332
9192333
569697
8395880
5187636
10794590
480170
9494828
11361939
8800600
17374409
871545
2065870
5764386
16474744
11191277
13495438
13002331
2731293
16022628
2335274
9250076
6635658
6462190
16323054
2632513
7401040
10985905
12585034
14585612
3772974
5421760
12177473
9736638
8462785
2792106
8118769
14104976
1284077
15204949
10338548
1714853
3261958
10656403
2378342
4983586
5085233
24184009
12631812
5243334
5066640
4204601
7629867
910029
7474599
13840207
5071868
11005591
14428714
2435167
23206974
9211463
10970492
1584060
2990083
11283746
11175385
10319947
7672281
2756849
4958975
6134799
8288530
1921983
13667892
10164490
9675894
10755931
12371866
11730124
13491737
16770386
2643526
3941735
7733221
10721647
4028641
2546408
21251868
4478784
8192058
609051
4099492
11384281
11566816
146733
9692712
6662233
3790587
9142833
8221015
5337396
7713989
18159681
6582897
23353072
13373359
13318104
9962101
8820116
203519
11054289
1252879
4680037
2539956
12708071
1520707
3267512
23443051
10677773
1147259
11501744
2680476
1742384
13067165
12971707
6351733
9634914
8013039
15388993
11218337
6888643
15255044
11391241
7705879
7868209
2989274
6333444
830601
11790637
13751665
2881762
15959958
7404847
475652
7232030
7748177
2180310
2464886
2942446
6302781
2195267
14561724
7843074
13390512
1098550
884222
535792
7031642
2432920
10766378
186455
9618257
14066173
2557200
3745062
3712947
11962781
10176079
9115244
7757210
12955783
170659
3492468
899221
10776965
4947410
2260038
14596950
3428308
15178306
2253231
20619993
14241974
8887720
9059689
7400200
2634627
7523710
14444500
9897101
7899517
8201719
6518131
10125376
3755147
4374143
1029382
29851
7827495
303633
3307887
4154055
11933187
13480742
11770391
3174378
8376959
2582997
9725647
10661564
6531892
1680597
2342198
7787283
1615787
1477042
11700578
10902381
2785720
6763197
11359419
7365729
35024001
13586609
6582362
2904532
3490865
74788
2676415
7582371
9065499
11349148
4586718
2220707
18552317
8701040
10202177
4885812
1106099
629854
2830435
4004010
14638434
6898161
8364582
11323757
3293499
8432659
6047869
11575019
7344494
3556014
11240892
2426209
3982626
8487996
2783005
2118117
4292462
17491586
10648774
7320949
7721658
7570182
12977268
1653827
4808845
4974583
4204511
210679
13401156
3221962
4606533
798251
11724689
11665343
5800848
1358198
968377
13768430
8230889
14803383
3988383
17517192
14023222
5642357
3040153
9050926
13930891
10239162
5421526
4754889
3986282
1351388
2861955
16877353
13295458
3291520
9411173
7648141
2255510
1555424
7415431
7419995
15067151
2216226
3164222
11684022
1912387
6019496
11322311
14742383
7360416
2820314
7140920
3629907
11965481
7954792
12151508
6357295
4756960
8881160
6424937
11982462
544498
10571066
2422058
87332
1727630
4379493
8634641
7821965
2956095
5590383
7716089
2634704
8696086
7231581
3294355
702850
2143739
1101376
5321023
1290311
3369635
3457283
2177664
6605511
8779131
5614846
5358365
6279703
17330291
13946042
18359512
244034
1204811
11232899
6844981
11206380
12405571
10885349
1447969
1427783
3466008
3167875
7653812
8971865
9149232
13992476
7853394
13040136
3312799
8373868
2392729
2612830
1602411
11279714
8844399
5726015
11566123
4602789
7906623
2020473
4317321
6522631
12587576
3493726
11081794
7576128
12946434
1808879
6401078
8851391
524924
3101937
4687929
10224476
480393
9187941
5226161
9208345
7561114
12930289
5494145
723498
10420852
3771497
10878337
5072830
7236104
886464
15544537
10413357
10089196
12813481
64266
9787245
2206702
3274128
10835322
2279887
2249431
11323106
8517913
4967891
8803661
9043257
9460683
11718716
11001514
12337536
19951425
3001477
1679205
11276773
13459260
15702885
12036933
5902165
2531831
14080822
13804619
5306569
3906265
8429432
2059168
7549240
1217631
408333
13183708
3764127
2336715
10194621
109717
10194743
3287662
8294014
3173206
18971161
1707244
505564
11756738
8177888
9509290
9204114
4477538
8927513
11405999
3798794
2344330
11124036
6308273
4897368
10341921
14552970
4605927
4416361
7751803
10731781
2031894
10433239
7657020
3505914
2978092
4481530
12043706
14031772
4205220
9239884
7685191
8157515
7109742
6256144
10163558
9440640
5424191
2129006
3007592
3755591
1899927
13605553
380394
4089730
2058016
10551915
4522895
5887791
10968335
6157751
3531906
3969030
4491349
3926831
9419341
2361621
4150698
20396
14447897
11123626
17472571
19820732
1536762
5263193
18918075
9263146
4862649
3709735
2660494
861547
3084242
19949145
13492896
122588
5503180
10401295
10807509
1906050
6215149
2936098
1118057
2756101
7643698
2761079
10587834
1597438
3883731
7949888
6122469
3491458
8212815
5658992
9796123
16307815
10310670
10986212
2622417
11555559
15174521
630967
12145
12631974
730721
7898061
3559147
11529589
11127196
10123750
5064576
7622289
2119647
676641
6239049
986157
6861187
4601495
5764667
9227364
4549688
7007385
12439418
26395822
2728220
9054471
9922735
7437057
6505850
7792041
10527822
12736751
7867758
5782920
10634024
5865887
8591927
4758683
8196628
4427914
7631703
10068493
6899766
10781356
1900644
4818407
2210448
17453270
7296633
13375849
28278687
13151732
16422801
13312286
2791640
11093576
12272189
8142273
55624
3825432
9996879
1126578
4896402
569491
9894319
4101757
9300007
7343096
13498487
2703182
1252014
3294026
1624635
10382433
3635819
8612502
4382092
11943791
12786814
14187080
12953752
1007183
2308232
19386131
1879744
8042885
6474682
7157805
4238976
11361377
4557505
11085886
6399383
13234164
9321501
7361821
15495255
7625623
10296686
10115270
5020557
24822641
14156501
11670878
15540908
9236974
3635933
5354474
5348031
3218825
17126236
2944201
10571079
6881621
1309319
1923763
9440130
11710120
6249628
5907494
11552767
6400251
6095838
14999775
10316088
12082046
10126795
5627558
7495863
4122134
2084313
1045436
8798387
10296341
1899897
1752897
2167529
7600776
7402092
16219160
6604501
8199749
324799
13019269
6964645
517447
971644
9772253
5539346
1147677
6795213
1842512
7616432
5169450
10127294
5748599
12397792
13535206
1016127
3561122
543893
10470121
4124146
3492197
5496794
53781
8719208
7060830
1032157
2307369
8087035
20548488
3485100
810734
6148013
4556674
16653044
9800816
908143
9393585
3135084
991954
7685226
8104180
10283005
1108359
1950280
6675523
1114223
14451768
4505134
7012944
2819757
220981
11788009
7641218
713052
15913745
4506133
8892998
4908645
9704946
10226861
2227920
3806804
1479704
3381435
17056707
4708930
564788
7553792
1998380
11123755
8168229
11256839
10243364
10644326
8715391
12165822
5611956
8570905
7188472
10661931
7752644
2519058
12763187
3905347
10301688
14489570
3287949
3209188
5429169
1672909
7794034
8176429
4041469
1509365
11262532
9992133
3278361
9990035
1344642
8712835
6622178
4495588
2384445
12261750
3927049
335095
9430185
6882849
12145097
193380
17541919
2357974
15810980
13888508
3702224
1079657
2354870
13198596
15774966
5245010
15554401
1032729
6651329
758673
7712730
2883719
11601855
5783496
3425678
18249024
4443228
15291985
6134407
6266525
700642
1234171
3631150
867745
15054242
12719920
4465147
12474215
8264217
14556070
8837629
5146400
7721557
13228175
2310578
16753095
7888535
14976769
1846868
14636728
5545919
4180865
4783121
1445846
1608166
9794784
5381123
2566147
11669
13918876
1562335
620160
3427868
8320688
3949884
5563947
7213971
9448013
14690558
7709720
7556282
13690118
16059524
7461018
6699518
3243188
7855615
9326280
10119526
10013791
15851494
9909205
16244731
7999974
3050608
8906594
1982384
6715648
12509325
4703952
3749048
7946838
2485045
10465115
8446077
18204593
1463072
16344246
11778294
6289778
1796091
13211776
2640616
2648424
9560289
7177417
8104605
7531546
8262541
13891397
10288598
981135
14779689
8946201
6806327
10124632
13672392
858793
6371236
7295883
14407658
10284687
8520834
5274116
11693518
12565953
13835210
584724
1828550
14389283
3328778
2922
9620674
12725632
6880752
570017
11509191
6092669
8742261
8026356
2115598
7924873
2583666
4799066
17974854
4856017
886568
13942422
10208132
4465419
7362976
12734051
9978241
7321727
3891103
589260
10195290
22196
2994619
14136209
11760006
3699180
5802438
8310647
10703847
4731305
3906511
8633151
5363188
819832
8194630
2747398
12276294
4684399
6311190
14533494
4279023
2186108
10888829
12374025
8878321
13187005
8470023
2764314
16704278
10695533
4002203
7470603
14523706
5781830
13716585
6354833
11313245
13446804
15033655
1897086
12252785
12640829
10501608
12494720
7533211
12417957
7580113
7214610
778242
12395164
3808587
41664
6864045
2815867
8117141
6470786
4481179
7847033
2214571
10399998
11800300
6377136
8364083
9678978
13016685
2041073
16998120
7661110
3335580
1165511
10520628
8573582
12515528
8735286
4742491
5168281
12998832
1032620
50552
2994874
13603481
6202650
15251367
9800719
4098028
9052741
8116426
11579528
15436485
6928619
9964415
13377993
12166093
9555565
25996241
5652275
14175950
9863139
2121365
11439324
1578490
1805054
2290375
9417836
6567101
8592629
13516129
9410009
7479671
3111177
3697985
7361869
4471928
6076847
7308434
84746
2142184
11616144
10003545
6456966
5510535
10086274
6391577
3723743
13891037
13894264
7013730
16970979
12545375
4993041
3189091
9963155
6812384
12570470
1806005
4133398
7137230
15460687
8866273
5414782
45495
5390727
16232419
7082694
6813610
7196098
6481433
16455441
382862
2329730
8217576
3898377
19242883
3647841
6046311
7766954
17445214
3642891
3896782
1782067
12854481
11290642
8398468
9995753
4310411
2019735
8670697
805592
4130037
13644682
2840891
7687049
2839186
1156250
14832615
3523613
11946962
9204048
9660151
2610045
21286285
6288135
4507418
2205836
8250756
9010055
3656853
5204485
12349656
6496504
15475775
6790024
16201909
3220304
3543813
7888453
2449117
9359539
1947632
5917459
4022325
357029
7556071
16802400
18770946
5486523
4644960
7552069
7771926
9114892
6356827
1990809
12373172
12896411
8339667
12851829
7787016
2771584
8903251
11513670
2170672
6806047
9780574
3310162
932734
15271486
11921681
5156232
2788972
4123175
6575602
10061791
1545241
8759575
477479
12780825
6003896
2540671
1798270
1887099
18214542
2725175
4604154
1774994
10981909
14417500
10543247
12568125
10384805
2759521
3563323
6647209
16351278
10286911
14732155
8354204
803237
161276
1238299
6331529
13817841
2251530
4595852
1929682
1357240
14248474
10132298
9955422
9191177
6434600
13516545
3956135
11224036
10899322
2062989
5076332
13930487
7480067
11640685
4470192
9349089
10453595
7691023
9249094
8303120
8725244
18280487
1986322
6452539
14761097
2015505
3089688
10723402
3308874
17328239
2244066
5663610
7505966
9357832
12353580
9978283
10295284
680907
11947036
10558833
1755892
11237919
7893959
13136823
14023870
6203328
5290042
5392891
16860458
19947206
7219877
448888
549179
12591367
9009573
1680036
20833874
10270761
11310304
8364283
6022296
3577925
3436839
6566377
4158219
19187623
2252958
3451446
7051798
10217849
9945349
2269547
10804404
6106821
13220319
3538646
11309862
14510547
15877243
11772541
6251618
17700325
9578676
3041691
6815865
5233367
3998957
3546617
5559406
2910943
24577445
13017507
1878328
6004033
1441615
8029334
221553
21685
15240279
6559907
12795801
6445186
8047564
3929027
5619923
5766105
11859808
13811855
9238374
6016232
8306891
5167145
8062129
729963
2551216
1994789
303710
6186763
8542253
12454941
15159763
4990582
8071972
4986859
14914619
26562498
24841070
7242440
2779582
6816631
646699
9453864
643526
184510
1067852
1618646
2409083
7276519
8238833
855744
9284351
4840261
4291764
7936355
6599170
7951531
10030358
12826912
2744286
12314443
11259648
1982679
3934181
466109
5126501
708033
9346249
1257326
6898184
13872155
111022
10651365
4600448
3909506
8817123
10542415
25123406
13726852
14683039
2434446
3792178
7363937
8464128
4162953
11374130
15121144
8970839
6588251
9590469
13292789
5453022
6146334
13044320
11572648
23275856
2351609
15878900
19151565
14890256
5979857
6591155
3775161
8141327
9134638
920188
9232079
13825464
1832574
14024172
14893508
14264350
10729612
10814548
2627088
10614934
12190238
12924310
15660149
7784306
8770912
6455922
11850272
2436699
2617607
17394937
6182045
1794737
5621503
9196662
616160
5351985
685430
5103341
6289924
10309003
6961490
3009184
6625200
15081581
22537944
10764969
4703799
18827714
4985018
6279687
1278145
6618077
20597003
15704865
13433450
3786025
7396420
534978
6626729
11328223
8373819
2091470
4866944
14849058
17723775
252999
3166978
8788062
17062029
15678259
10015431
4445181
3427752
8922194
1533629
2335221
946822
1783898
7546425
12086831
2658720
5573716
1559472
8430717
9531529
2629245
2070084
8918418
2771189
7427532
2372213
2805588
11927441
13707781
14998498
2307106
6534249
8517458
1565120
10399729
12092802
6033127
6338499
1293652
4103161
1310702
8726543
10512292
7045262
3255981
10800561
22030712
14149703
1545370
4517966
6283027
3069613
1848224
3639629
4109581
5668893
11193774
10381972
1067062
1584339
6587763
3331677
10118202
11730387
781261
6487659
5608491
1586245
8007483
6136172
17315686
7722973
6863170
5818958
10471810
13631207
4350880
14704863
10858283
333924
1220078
393558
436837
16095593
16298122
16434613
13152233
4726718
2882559
10731963
2189200
16272036
157317
16048176
10874237
10175856
6281810
272392
20837090
8951999
6787767
894564
13801748
8986068
3436970
3579754
11140066
13587269
8000209
6318175
9896326
2211158
7372400
7872744
9867651
8966259
12939297
3047725
299226
12410384
5393190
1368923
12676735
3456904
12382440
11836583
4361588
20066859
14020785
16150746
1861003
3651145
1461750
8232948
11174938
13157022
3247489
6529056
12812695
5653502
10708740
11683172
5210997
2517120
15745241
752624
11830281
6537478
5388208
10087794
2634074
4729404
9408249
7303031
6401590
3622928
277061
6652850
7098984
9987114
1168024
2800907
46396
223506
8537805
12812414
11186346
1071795
6469844
6598040
5303788
14502944
2023633
4578292
10737522
3406394
5434088
4622052
19043961
15615339
5033476
3040493
7360455
13351979
13976058
2120293
14658568
6417058
9413542
14607714
4080256
4045823
9362625
8901879
4766788
6061323
6219929
4837267
3363535
869952
3481131
830416
9578487
2353736
2469678
703446
9981435
9762726
7433981
10183442
10021300
3367029
11189849
6268368
690203
546735
9404208
10611001
9984589
7238568
6276156
9795345
5257866
743422
9301738
5679983
6190593
3087697
8821857
11205217
3072499
22907452
426662
6705281
9922957
1067378
15009014
26551755
308072
9974727
4861729
629537
9863614
6158112
5049848
9356372
4263378
9444208
11712551
6860445
14333221
562782
6386599
11484182
6993055
4939109
7516536
6177652
9735952
12381410
8651241
831994
6163362
1843983
1276406
7167807
6337674
3678907
6704671
6240961
880306
1269758
12368783
502699
1684776
13939296
6679252
8616781
7260715
1634739
9972058
12872165
123742
4597391
13571698
3415330
487562
15132178
3785881
10683635
4552894
5865511
2152588
14249300
8341136
9951634
8915748
16557488
4399234
7433942
624607
8062421
11586719
4014089
2872414
2163072
7232057
15064788
11877398
2453380
6014782
5751991
2533581
8160486
13083558
1934490
5074734
12027239
4241671
7201020
4735570
995894
6790288
6523426
10789617
1502945
8781061
7488301
13389581
10566207
8401681
384430
188418
4553099
21302557
3081845
1257557
9180310
1396829
4808905
4093760
14812225
11651593
12180834
2682877
8676098
6616147
2115485
3630421
16530985
745959
475929
7738947
13351663
2916475
10686962
11743119
1111862
457663
8977640
8829508
10231999
11430233
7798180
10500053
9469271
5389911
11555152
6676347
1409662
5253213
10053539
2957188
9931397
2808380
2260694
17601481
7956261
6083126
2549488
12866969
5833047
8051565
14230068
12713842
536053
3760338
10101141
11397965
7658101
4509718
7170921
13532315
13258960
14606730
12209783
10303420
1976874
16212910
6793135
10310682
13953827
12335511
8118523
913801
9574762
851720
4225129
14175446
12474364
7879736
11005745
1004408
5568028
17153791
2013427
4456623
11949804
9952670
10265040
5092337
11846682
7673135
14292337
12330013
10126824
1772032
7044270
11717590
9047087
3863124
1322303
3962595
12006206
4029615
2428725
254570
9668221
560184
5414710
5280413
5982980
13422813
11937018
3558884
2832742
3801100
9216554
10542890
9685115
8703337
9456654
1615050
3176412
7478767
12063066
1142365
5062599
10802643
2611963
4931025
12987368
9381529
3635863
14703742
10946956
8178517
16995923
8355679
9143379
4088939
9636924
8906067
5006408
5633834
5167274
1525984
8787819
12209549
6966932
13958410
3836595
5494454
3979063
5772514
12595925
12873036
5937673
12929965
5008512
11886354
2030550
12837047
7393536
9323604
1346752
6202961
3422448
3588084
9249438
6400159
7742151
6558217
8240954
4439646
2239352
4457682
1354373
5148273
3210565
11257234
5128937
2225365
14191023
6592091
3581374
4972955
2500349
8569803
24054046
9961824
9283986
9534042
3846858
5798780
8756135
556558
9674579
17113033
8261346
6515883
13446451
2138666
8779680
4905560
18461921
10650993
11229835
4543322
2201320
7767521
6621937
7067176
2786424
1020866
9463715
4637395
6947044
4286225
1508731
3118042
2196656
6548466
3928761
12365328
10849911
5887782
23728914
8206806
3631231
3785928
8320164
6057899
11442874
14964784
7896928
3735887
4185690
6912765
9402669
10936225
12633139
103579
11119798
82769
1017051
9070894
5347187
8421045
13743838
7634898
13833453
5255256
5495000
3388992
4802465
9839449
5488999
10546877
8437063
13571704
4808579
15424194
7380285
3839354
12009074
7665286
6696054
1444118
15424841
893152
5587498
1138868
11123235
9608786
10551230
7057702
12493266
3899592
268532
6948730
9559899
3388972
12537643
2401509
4601337
7259267
12853402
2526530
692706
5496070
13490648
6591125
9387178
3369662
551521
11077698
5142129
282014
7319861
2018757
6961002
11462056
2865404
2861915
1402051
10104834
10844023
227040
3853831
5513497
10265453
10021843
6977091
6731689
5673606
4967332
5223382
1031797
5835735
5108132
1559168
