131486
98401
336155
13412
176081
48057
8303
136844
329447
67409
61641
4651
233206
127656
90213
271423
54102
181827
234835
115654
61206
34089
140407
149900
36903
214051
269733
91402
150771
49240
150515
19269
69908
265876
9641
9788
88393
152167
30742
100035
360582
135006
99605
83241
285212
123320
266889
121961
133801
129617
233969
219621
104436
231708
162302
175015
132905
184963
6888
76664
201759
293209
131103
169146
152657
123502
48683
137813
368690
67154
106705
131830
120312
226778
184513
91833
114954
90212
242870
190166
211643
44524
117927
156048
147355
161843
176002
263194
142827
250666
230177
81671
155756
278468
132173
14099
150865
117015
196023
182163
299701
272010
60347
127473
79150
5812
184122
112572
318384
181048
386865
354488
125420
6742
221422
146863
276794
302496
250435
353950
135221
11124
101138
242731
1717
179812
329931
122137
