7388123
26139423
17478028
4038418
6716812
4293042
6614279
16807275
6919490
8276654
43148792
40558646
27321413
25126822
43495513
19675948
11248881
17147991
1978207
1014677
44877048
19387798
39886425
8579250
759722
35695975
19001348
37905183
8170028
57383878
7952494
24940971
29341229
1842936
9382300
25437834
22407143
47468663
4642745
31715783
17710293
20195349
33798894
18022397
47954005
39913177
6009544
22886001
20655447
39457074
14136229
6950424
18571384
34190792
77210755
98141230
22175244
9848849
11682391
25696582
8984762
17071515
58714533
7702478
2930072
43782868
25931678
28708558
11382648
38567128
11525448
30687872
3628078
22882847
32237719
553538
13890047
21141291
33676715
38833248
10496896
26545307
17674570
14427784
6984319
41218404
38601676
6057628
51574914
11047961
12005210
45060251
21240423
45652612
8534692
15475619
7252083
35813409
117035576
13573429
28644704
6538902
14111416
38236516
9556000
12137555
12809459
56435845
31760294
30202480
32094272
8090995
59944914
20295949
26897365
43335619
28253284
39084042
35934196
22684587
26782283
2645648
15330705
21589293
13452409
24680328
107098072
34208524
13133475
19886823
29326423
42134279
43685936
1216927
14796365
21787923
3792458
42761072
12537384
9182050
38362367
22126550
15923623
11119276
9117109
9412054
47413613
32061761
15681930
41570444
37104739
28598059
28850190
38258395
36121161
22299351
52372035
25619647
9048624
15669465
36552328
35429464
3774096
14626303
702364
3304383
15710447
27926590
17381930
733840
7756145
42060949
60198283
12890388
31683904
39114364
36370901
48820125
13984926
15653259
8995978
24792855
39425796
62345839
9305755
24692448
36133242
17867812
35247898
61802219
42252330
17637628
19222322
5932812
8789472
14086109
24460393
1790840
36575473
64371728
4395223
33727344
22116187
15826011
3791762
18385248
20514479
18719434
20203816
28188147
8823926
34943345
30471464
8409020
73453773
26593611
3866471
51340158
30104017
14420102
30180056
25650147
38594757
23115245
24019357
39277478
33442071
2213494
46494435
7962531
17923567
20906225
4620885
31791618
34331656
206541
4312604
19337302
15054385
14078001
95658076
46261855
34631084
27110170
26073907
25381699
22096394
15546082
8432398
19383910
10949756
29154344
16348954
4450753
26611143
18473711
28626783
41163109
43977557
52871342
32040688
57866178
3692185
7772986
24035195
20370492
51095441
32373929
136536
14289148
50906456
38189089
20245310
15808100
29401682
22406054
5747237
12128612
26982016
24798237
29861664
23695601
378296
9474882
41241960
48409489
22927005
42685494
3015590
43723324
25414448
15221252
10241829
13182536
9976572
55716946
21214655
24522938
25458235
40719557
29153842
31137397
31925283
31217774
31072499
1561282
40413429
4525364
34316883
8113308
1040818
24485813
1867614
13575848
32611824
24818215
27464873
34485015
24564115
4790568
15570886
33239275
33834999
27074318
23705693
24127037
27658293
30879090
29482726
32997845
21478118
193664
9688893
21470842
32476590
23008994
34351222
37319584
12408133
30404066
26269678
21806039
20867541
22338141
2551228
15127709
13430186
1884950
20557407
28229189
5427759
11721092
11080069
74589
29948912
40576979
16134674
2568594
28028970
34847101
2971799
8111338
20385928
17976253
19427766
4751134
1958441
12227822
24708638
27216873
17594692
36309504
43545925
8303808
19832475
22689983
2943640
23248943
35090164
31701960
39100040
9618522
15087329
30513841
48503375
44238113
20078110
24784242
8555003
42342496
3764463
30760984
55113980
6197707
18320516
20921753
39661327
17727409
16951581
39087481
38794489
19148370
13157080
36814607
59831404
8291664
63460523
24227077
26503285
19021652
9339049
42292396
32578794
13320617
3776040
12968939
20841200
35413051
10389684
26987739
10377457
5205902
25117435
27225788
34329613
911698
14885660
4680739
7105481
60309998
9718644
7055584
14110359
53496416
103362683
58024480
61651771
8099280
27895862
43815395
13914829
39842124
43980774
8322887
40122870
14829459
2198613
27182065
33149054
9099442
14115263
11572561
61855450
17289366
36503869
5016298
15026044
79482439
23595172
1411078
19733023
37037637
11508967
27015757
1438961
26028826
1967452
36753002
14657903
8386995
42981251
26524954
27504624
15138541
6486922
59729672
4237940
4645788
4789317
5268860
65807816
13297415
45142394
7349947
26488635
30237287
39842792
29430630
36273018
41003914
15190919
56607594
7126905
37250171
17554442
5095159
51940895
99206895
13051128
30508767
38988308
25630173
16279807
7702522
81504852
9624022
40726920
28406340
21551183
9736093
34465207
3338047
7850269
10361247
24627165
49305606
69153348
37899127
4631550
40391510
37225803
168126
9108954
15766088
11772560
14325066
4465643
12679929
9942999
23417875
35525876
1128765
13922801
8990360
30093275
12205268
8115917
10584073
66701475
3612941
18573519
14700595
12809924
34549018
6462058
29908209
28594469
7999223
48796425
47437402
14350453
34428035
15015609
16249935
62843
7109449
54639701
29979275
29976411
3081028
36961161
42213283
24605647
19470106
8254402
7190127
1320044
15390715
21283880
4776734
8781879
21541889
35094602
67675359
19682085
68817209
32759487
3181667
29959828
40267940
4474871
18950905
51185119
42065672
55774857
11165567
21289614
33147554
16651496
61701058
15807252
37823521
28381074
44960173
52539223
5213949
12223871
26251325
26252641
22823644
16465370
6052657
59931845
40638431
13979424
28539011
47018565
26196707
51142923
33579953
23794623
33791982
4628072
34176386
40437214
1431974
17519179
13248786
21758506
40642113
1724591
21828246
12513013
23570406
28935383
1679093
25857413
31382322
23226066
30980340
31331675
3866978
31109091
31964767
37983034
47171950
12704368
27414137
40788775
14999838
15232478
37175439
39262187
21397948
50533714
33482299
110519590
4437040
30625223
40254868
24780598
30065980
1322024
15016101
98459
11178362
117285020
6975077
17321942
38887537
3220745
9945278
46981370
23105664
35428434
8266979
7040919
48949553
48128799
35724587
43125394
40986101
17859612
22923202
36689194
17575353
8442880
518259
43705
7038626
4363561
7913851
36738664
21158646
30401775
20979627
35257050
13594203
30208678
14434408
34415673
51712792
6344927
1337116
9450513
12937641
14235232
1011404
10768328
91280594
33620622
6462867
568303
54136515
14930966
19045366
67587187
16812680
31651141
14368808
36177164
40928525
7378128
31820460
68629146
10763054
36674927
37454647
3372025
61908644
9650660
47472773
30080051
8035645
10583523
3737757
21857564
14498846
18308
26369455
31331705
36214366
33532104
7480109
26345160
34260959
42329105
14826441
3226196
34162160
10857513
9225022
28558275
30316039
13195890
60203584
16967398
4719342
21796489
74992239
16601522
2209342
7326776
4533218
34262180
69471107
1901826
9033929
37363095
65222708
11176140
28207720
1376700
29308745
7163431
15249457
37903075
23913077
12530635
32304198
35389311
46145467
2088084
23585935
1909386
14416848
26700063
9231082
28904009
17415157
23425275
12290900
31963937
12855107
8346683
1625404
3145378
25629602
30586529
8162754
16393019
30666285
24627989
4871358
38015735
19352659
34784571
28651046
25296280
2543222
45730475
71904
37992668
71853421
20179216
11125481
41221270
13637023
14583830
6796172
43525196
16016366
38933861
21913971
47992975
9424839
28116552
72513894
14155434
23751533
9254179
18583316
7674928
10890147
29254924
10892965
21484001
48645543
9715591
50176264
21094116
15577407
26333862
34522552
27530476
5719903
1823045
31744838
45557903
29038012
11262700
1282042
6022358
14923822
5766123
21351078
25051605
40257601
13886717
34545003
28258628
8319028
16601377
18094950
47396305
21174310
26474765
12127410
32701828
47263863
5033644
47133813
6080836
19490017
36662204
31616306
23322359
37917203
1021297
6410648
8272027
15614953
48581728
14987720
30244372
20202006
466918
8707668
34426203
35975736
34348835
10201537
59081333
42651762
19130924
22119834
11384158
14162699
28467185
3511928
2911802
33404595
33894756
15511747
25955458
23899689
24066089
6227592
17446080
9410984
13606248
9241036
35053452
52319950
34016137
28059408
21145603
39670320
9214766
13504477
16463712
31195602
28260281
14123075
29314763
5254045
11789960
44612305
25188936
2893273
72161166
38130509
33516356
9617606
8238167
21401400
34698041
31873210
19092598
136026
35628857
10330293
36535383
34936489
50290878
18535342
30104346
33462277
19690522
25002140
36111085
3408804
18728513
19127178
19191414
33369106
1168449
12266344
17821377
1302174
19428370
2883198
22139804
31855770
9678116
11110155
13355582
28361765
11488328
46968534
43610683
33724538
23968148
17263298
63658629
10631721
11524153
32860926
8901348
40090892
28061149
18015170
29454071
21255929
22408312
22915514
7447858
8679461
5330066
34757920
54779864
28959652
34073595
21944327
24451319
37214166
27328675
26484012
34240410
31285818
27418389
34967153
16252371
14517560
43687490
32406938
26044725
6400775
24998451
1041454
14769589
15364669
15376176
11396574
25480471
16103950
35131016
26182643
55246794
22404337
8048338
7661482
7303975
33673590
22080406
19910873
16166402
9372322
28844365
38028308
8106535
15057085
32672330
31608363
1718146
9147725
32339469
12859743
7520681
16339013
41385508
58338628
7479229
60868335
5304921
17535600
14252833
57681038
7442514
3897670
80475737
36083177
17943664
34464249
13105186
54754410
48182507
32233141
66424
4280653
26158365
26123927
15845219
86727877
11043832
26073821
44537826
29421200
6688902
40443182
11555281
29795807
43646044
13095696
12975794
42743284
27719116
31687936
14404491
27207122
31615883
30885303
65755
27757656
33226711
22063866
23776443
29192886
14126362
24066679
8472016
33514258
19814617
66685939
36907747
5830061
31690614
61222248
48829724
16802798
8807950
57873149
26932266
4724052
4958892
19353603
19030036
26643250
14452895
26838165
24416664
18450378
41494488
41731713
48636206
216264
23134374
5423343
27749706
28142210
39923624
26469853
24518054
6332640
12759946
29942054
23399221
1253026
34243386
30322820
26801908
15979087
9804391
24891858
3208694
24513510
7567093
32840399
49651965
1806630
26199903
14421162
5771194
11684880
20872961
25737414
15662909
32904577
3455443
10824507
14521140
10576604
43626653
32156585
39694073
16066303
15551180
9552954
31429729
26905724
20041926
60038337
5806040
6136158
4937483
37839256
3176791
19152983
17087930
46915485
9746946
22293946
31732957
53571446
48661555
3548234
18389240
23819053
2281532
13979974
18588952
38078994
8468465
11938431
15979068
25559237
30107785
14602646
50647338
15075373
12134701
11377628
30781998
2501313
8523559
17832848
30149925
1099454
5318853
31466500
54584094
41522078
38934392
2778790
33243706
2566680
32642782
17752875
19917998
12448992
31561128
28014926
47301497
29127006
4712354
22107142
14574816
27331106
36124599
38688905
24300016
4349255
3261990
27042339
40120876
25826032
44598919
8721253
14953880
26158647
9760589
26223975
2636916
7128215
24593651
38443108
12918011
32356709
24268235
62624042
22950652
24592023
2626542
19411156
38340882
7233297
14729912
17751282
53435241
38558877
25653873
30583918
21800014
31741181
48859755
20609882
7706597
34736602
26193921
9306216
21109614
22282568
57671033
30689012
29230142
6382946
12812750
2915624
11354690
16226167
34040027
29309863
11188432
14597838
33141179
3170594
29510791
8471435
23459054
13180864
19349972
2269387
26621746
23623458
10248695
32633572
7053400
53259739
14829665
69066025
34203322
47436997
13681127
44659741
25733872
8233769
1313298
4318037
32807744
15717212
50340416
16197803
26377677
19976770
26941814
9910728
2441113
12273808
41201183
41200539
38185176
32079805
1986420
40655427
12525472
26526945
29571034
7840191
5669927
22360450
25132084
3350974
5321915
4700981
6098801
7382895
36459234
47568067
3451623
41424947
97295
18781782
28566862
13735054
57323609
4216880
9990858
31444959
1328155
21943537
14497105
16929464
27050739
5887913
33624688
20188310
9864190
18859767
3385027
11628828
39541232
20537376
20393873
30761085
278769
30750197
29697575
42999739
18572471
33012998
16015287
13586158
49836181
45011313
7758268
5997989
26995410
26464732
22388344
19817287
853012
62107204
1309384
34258462
31107780
60886756
10785672
33334546
39455839
8994181
7717496
22460683
5807175
18244775
33969071
11484255
26916582
12638204
52182745
2341983
3303548
37179165
28502761
13407526
25024060
26892837
8694140
6406594
2689966
58715994
39903680
20311034
18111274
1920111
32827802
20400819
10763825
18222480
20558277
43750599
35876551
345017
1882879
10171348
25204011
40448389
54749159
19458201
38046025
26412492
25590781
34321754
13351948
7449420
9789777
22032463
4294640
48776477
12109780
39164063
12105385
7737199
51208941
132996
25984801
10917401
4670386
26295124
42136376
10858574
13939684
16475465
29806321
14380189
31737898
31662406
25562842
2928184
14839881
16623012
38384819
18781214
20594247
22171190
5949526
76671858
16637990
11568516
45055853
9615025
18892220
29053618
24331205
6186930
30007782
17722735
15435294
2776158
36498194
1761442
15000771
10227494
18441850
22989802
19588544
28162537
44721358
17666705
31912558
10801703
12258614
30047180
52948956
32181922
34476709
2340811
7521860
30153250
6537694
24764544
24309755
19206864
28389447
35533031
20843354
31947275
32414951
24321753
45840724
20118578
18375911
81653011
22265126
44478662
11085895
5261024
27169077
3968480
16673440
27035798
48188824
25097144
19378779
27412670
38021878
19991464
69108677
10245633
43298215
22975044
10029909
11999472
27367484
51320877
35125157
30406997
16514012
15268293
62600569
22151587
11895481
53969720
38538826
20905985
20358489
21237453
177492
23028258
7670938
7744254
13937965
34424922
27284285
7448867
38084762
36704595
31418548
15756951
39302558
19080672
7802267
65734017
3289238
14905253
8440032
33520752
46305945
12113658
34826961
29524457
52268229
42694193
525910
22503749
1104640
12640874
424314
31910299
21826462
46842677
25811148
14636129
33746925
21695200
9432344
11089712
58804214
8856382
28114175
40408342
17266361
21196289
55332322
30799689
1360326
20605664
21184123
9385351
28051872
369014
30058429
28176601
10563800
31507595
41904209
11773466
6698347
17848064
38484382
9462402
11185330
22734879
14207207
8443655
34838218
34224890
45975065
5684743
8405535
4033080
10808238
14311365
37295031
23396481
45413664
3880814
46138674
40896086
19544450
47548
1163015
13628848
11011349
30294980
75845174
50640386
37309165
59326919
1739318
26191288
36577404
11945466
1111461
39156636
6032745
47126072
26481216
3600231
18092531
26639430
9202078
23943782
1271915
32436045
34712743
33585901
18698989
35223381
35882200
7151453
18208713
24695819
7797289
5614072
8454654
39864397
40658243
4679721
2181308
13582119
5989154
24789798
46289381
20002297
7604234
3562450
19474427
31854575
13569474
30948314
36573985
33367298
36104550
10807503
30961606
19178832
23105638
7405018
6938093
27884345
30429210
31831663
13349686
32231596
37506009
38882114
17614674
38817227
29538955
8133392
43904815
33109595
23971575
348121
19342845
27033305
44169440
29132291
36375865
13221371
5716938
23872058
40349096
13263708
8887328
10207939
16283372
26127855
33654484
12245350
37736632
38286378
15809440
25552485
34012879
74188774
30469819
71223902
20848581
55118334
38507039
28575186
4993759
26145961
1784423
13879098
15606572
15944641
11887543
54240826
4148834
32299184
26094609
21931468
8739461
20747671
76663376
4755765
24577011
29379358
53184848
49911610
12024845
35872877
5111161
57209278
20981021
8552773
2498435
12171757
12361582
59293519
29113371
22487553
26456672
458312
16466170
25114143
11190262
1326410
45671581
45070941
20938124
10051714
34386321
32482713
34407835
23221040
34985288
1842430
2500180
3114872
51206922
25952720
41051278
29488937
38957679
37150094
19880590
25269048
25001816
30818919
47013366
19475355
1785088
30679131
35949800
21048088
24789317
4764062
41787216
30248494
5847492
50496697
8237386
14287018
1997012
18043002
43625568
27991723
44201933
12733840
13054879
100139341
6621166
19713874
5742127
35325686
81306115
53818415
40658014
35494138
3655878
35485270
23923997
33816269
8473588
14198194
7050132
21829425
36688077
55592596
12176260
26477132
3695506
59545
29434782
31640315
10456107
16279274
3993656
41207070
3067083
10877190
33709562
10596414
10965056
15464334
27939912
30210391
42104055
4036930
12524482
22958294
1501044
6905515
37210800
16064824
1835740
5239292
40378931
28797868
58297046
2248037
10746800
33840987
16282847
14818111
19090309
29181617
14512352
17540959
12816184
32727083
9694046
62901554
7809852
66349438
33417625
8891165
4695405
5583628
37932263
16795882
1660829
44857383
29879140
6052529
20495954
10151334
12609799
13439559
4597226
14694823
33259227
9159423
1272447
17638072
344676
15548494
30419559
13671095
3506291
41388181
6561780
1544326
19657360
2331089
7002936
1581481
646122
16135111
2565041
12328611
28229887
2823051
11081653
28080861
13025108
688753
24136375
16486321
7897220
21357004
11876887
7715326
39072884
19491556
9159419
38953515
16574556
26298127
38366381
19766716
6380678
25904994
43012131
37118444
422462
8045945
13327230
4621958
2442893
36914396
15389031
54246823
15194117
27680907
46219465
43595127
2045290
32190674
20912369
18937582
11303286
18437815
35450946
14559711
6029590
49930747
41086167
52931208
38300632
3584846
43550410
6363719
48393475
34771331
7642489
11714612
47608585
9707060
24288901
2999179
29017059
34231983
30592562
70435980
4203673
65625625
15147470
34658788
45517115
19245688
37374881
44502004
49252764
5220624
4400357
23711840
48613364
7528839
380014
53670616
17262625
36027907
9769138
22204212
41899657
55628314
1384971
32884703
6361366
29847210
46400747
57510076
23457386
42121288
22280285
43566461
3277338
6260833
26513450
2967487
35731729
37711695
32476950
32265743
33355803
14398715
16180831
13287525
4167285
45185663
42468634
55459463
15818851
12462687
7497778
9441154
15228149
9859317
22432952
33327166
30837852
33699703
19473418
8361277
46996061
32056262
38149480
10560573
78816606
28423322
39376374
34857149
7548026
1805473
5962077
47321759
26929866
10267096
15902894
25796221
33156598
59071086
23359398
46892111
4319012
58888309
19400598
30387167
28615678
2381001
14145249
3376377
25300123
26801439
43123564
20470238
26606244
15259727
33996093
52774424
44322228
26579116
313912
71731605
30982764
4890904
27958077
43794133
3896074
45630586
2480406
30021511
3547298
27109720
24557128
994476
4192597
26895850
40222492
24272753
3727961
7179092
23866516
9693773
40639793
14776786
11172699
25266100
21022689
4537217
31485848
45089208
52520731
34020824
6752644
44173420
43382592
36214247
3167956
33788194
33828640
34860927
4507147
13337300
17323600
46904456
62216446
14980979
17461354
26194376
24948808
20347722
31013458
34321376
16055414
19545483
28795884
17464381
13802491
9080875
15055863
5255183
27105205
39899010
182934
3400315
10385221
23520767
24518865
28185716
15800132
26515367
9482327
13259554
20141434
10579253
21639482
45213095
58858791
737106
53409575
14870607
1744264
31474043
22004805
4666635
32867967
30274977
37627149
38701321
35048492
14228097
2601104
38925448
25131571
32043022
22297911
36945747
35835622
2077121
50442882
16578019
9659659
16053308
47196104
22163549
7859527
6531552
46527406
16863944
34437527
36655127
4236737
17137415
10022184
11775608
28085045
32974045
19544605
13730550
53039027
33481673
32681496
10498401
10138057
86965667
30686980
28496071
7245441
12795193
2229621
23897143
5875898
1168787
3252622
50304647
7384785
2679807
35680893
24293527
16378823
18356338
35988098
16458521
56958114
25242597
42659311
18688507
24387776
33962890
22762535
42015617
9829340
20112452
25826800
22245838
34791713
49280006
29686163
8480200
15184936
10658260
7325029
17261393
18861419
14212564
49785006
27580105
12557394
42568360
34176036
27960896
60004710
14195529
21981728
54257823
3991036
35214941
39987773
6344399
38822666
20129668
20440083
33396537
4659396
16294925
33682884
17592479
47500726
11895133
7051510
30380517
30964141
6370038
26331641
38738915
50479032
40593637
46013793
3216486
11058210
16291878
3774940
9329681
30610142
33332590
7250722
17342018
33271301
38765586
8466502
18477115
17041240
10797755
6348790
6763538
3191578
19046128
32723371
45782350
20506743
3625949
51358163
48427466
12119901
40852073
6270968
14891597
2285949
14809349
24976501
5351340
9909075
86643151
3815094
11219729
13809247
1778529
6031317
29308400
4843310
9475840
19481013
16752151
31022930
29347121
7203487
19982316
21204784
45763974
5926025
29491933
18425134
4280901
19626728
24006974
12151377
24025184
3997815
51599
7072806
31662893
34558056
19935367
20356035
35917091
15279794
12972104
41582564
35150098
33671203
9236550
859522
42090251
23276498
6681386
14492814
47787084
6422060
33722831
19490183
5230048
31178580
31254940
27528180
6451917
9254792
24105866
52865151
128705
42198104
35962166
15674505
15073244
32924298
18465541
13651936
18910593
45748461
3556229
5430728
20195250
13446432
41627899
18943907
12907627
28941758
4978733
57957595
17757203
32454525
12895241
24565315
25405132
31728875
29296695
38766838
31574900
2544998
25970867
8027382
14775141
24941409
30151017
15150188
8717010
13326728
33705986
10790177
32679254
19878499
40703744
16222784
15794404
28949439
56310765
43222614
13643789
35061316
36207073
52473878
50841070
25417449
21508467
40892940
29824764
15835463
14543119
6262438
107133794
63769377
7015924
1982232
48880527
39607051
61353517
2421232
45354025
8485337
5802336
8288845
8684971
44826559
28266644
10413683
17594718
1551837
32672753
37618338
22898620
10556727
9071210
20322049
11760271
31027057
40823564
17681826
28346407
13184255
21783178
18950503
12433096
9156750
11373100
10754233
28522386
3023744
54000276
62427581
12592088
5088359
230373
33417177
5723378
16264938
37081274
19255657
24412689
5747624
4112746
34438740
29905344
66732685
25733604
20864203
28693378
10477702
103900
43413147
18793525
353170
8682443
1262265
36446385
93740107
37716226
21850022
8497836
14296669
43355595
19374328
23522009
26212716
12211107
24286260
17084449
35462209
12515397
7968255
55941154
17808152
7102550
1655328
13147548
905974
10359728
28916214
55147797
32607610
54399089
1451274
39500236
28414002
48367408
9265789
17183742
30154187
9600100
5236634
21789062
17868576
27205639
33240800
8778905
23066550
39085142
622785
9656617
45051658
15466017
45069892
1023189
39818435
25383998
2202409
45845299
23037208
21812208
12596193
35529907
28257974
33045576
21631852
48522521
29021479
21196754
59603685
33464703
17495953
81992193
1564859
41574088
91447532
18824711
3326310
41180029
21134947
24831448
40815115
59054038
28834642
27338467
4430733
1414055
13799604
19550381
37835381
42689426
38134434
3042872
9304656
1102085
6092096
47539384
9437681
24323756
38629117
7655
2273487
7585075
15071813
3582740
36521143
43439837
2693565
11637934
17722326
3926724
49418900
4298370
21944588
31666310
41019961
32140091
26413232
29372973
4237852
17257867
2230169
37109831
17151152
26920454
51909737
17338163
1187363
12692937
4174333
80748847
14875536
36025902
17338833
10104578
59989040
184594
17413555
19582419
26404393
32710264
13946110
42032920
6104607
22849592
43137568
6658018
11657724
9161207
40983881
7185066
42493409
40685392
12214246
61959611
22829096
35532284
23013089
25536181
5099878
13691615
56494629
38047175
1599517
22788912
13137249
48023154
8308684
34660425
3278898
30197618
48207022
16841832
27011454
35422465
17104275
8591237
44784137
55278284
32067649
57273317
11371576
53551311
5037582
29792494
24528386
22828495
52605423
34478620
7419379
18952420
54371220
17278332
10155011
50528493
46016693
55555878
36696362
5647649
3411592
43963616
5905602
35307184
20627450
1618254
8063570
24897175
25143188
10995251
18205894
35207569
522496
33539119
2424087
34999729
6523613
53375311
7460565
29841888
606101
27570544
12089568
27804303
46831010
17397730
25024744
6673287
38101452
13096937
18861622
7087659
44262386
10383064
47023758
27625669
9036659
70594336
18683873
34577539
51355867
21058791
13052278
12424452
14001948
36117041
12208960
17389493
2045688
28924152
59912357
22621300
27507393
13376857
38959865
25804141
28666301
31849546
17292377
33737255
44981254
4250559
11914282
72245348
10794419
3919478
41497253
10003418
17148445
5377737
9373344
13843285
3552033
25849768
86367008
12162435
29790386
6296116
22155491
9860694
26623651
50813764
32226216
49508824
22670935
16419063
45471558
39500420
7105795
27996820
23019823
24020808
30267620
7634810
29035509
2420300
20575019
7850134
2464906
3159527
34397782
55326959
33783550
3866195
26938557
24728477
9668819
24570594
16305028
34616484
1075426
13944920
45229752
42795463
15416496
11986894
11872883
8246352
20120354
31082137
8457349
34304258
13879281
14092732
35319386
45331882
23038123
27259507
19436422
27094161
54689746
6502274
1798282
47483555
39427178
24228869
14095369
68070993
39940043
37768853
4883491
35664303
26962156
4425690
7871323
53866669
50644657
36262139
16391931
21298223
29933950
21257775
38899960
42530484
1953994
13344003
27532918
21955386
19546727
27492541
31192677
13582720
21359180
31212527
31030043
27016871
36316344
35023322
42725187
24771477
30275262
4120821
44921680
22807530
23034709
33918634
11109545
75884885
8878301
5650045
17870968
29422506
39127649
29426906
24576295
32807926
16835608
25188737
7926444
34337379
32340760
39874604
12036114
31094585
38807996
13041996
6495732
1174748
20871598
29838933
65457433
35678509
35151900
8073421
37964391
17535638
10648905
5265932
11502950
13352073
28982567
9360103
13142498
36270501
30773347
34413337
38761668
31717750
18882726
34235866
24329651
30699660
3905902
3703191
1032126
3348073
43204837
24100823
6319366
47866745
9728736
34539299
16284729
9559785
19079576
1250171
11158247
20780666
50662668
20670504
27309338
7866623
17776116
1980335
30022403
18252133
35936280
25374959
37884111
54479531
1194423
42919254
24264176
23310564
5677657
12745931
2206811
14312768
9367816
29392538
21787958
36250959
2590230
14553148
15120500
24690174
17143568
15231465
25238
16739642
8202568
14569258
36972592
74196691
23035860
13214799
43774219
37816943
19240761
18851845
2611254
30047729
28413644
26386130
39409708
10665681
8157733
8429005
2336917
55903
22283441
20127142
32631645
29419952
19922267
28248077
13897204
16207462
11924310
23736955
6514744
4413902
17700608
42624779
5576365
23623720
40348300
15358943
3698496
15469876
24733458
42743367
7724753
8951980
4088265
19070730
12874344
23729336
35780657
22935910
44869413
48933088
13442668
15964264
46377402
46951191
26018663
20672480
15815895
2657405
2491939
24675487
32257092
36278029
19310166
12132632
34225243
47231076
49266908
16296783
7250697
39122561
33226829
3379763
34147591
3155727
2007060
13701925
30597586
29418056
7789341
12877765
31808914
53023636
14123518
39659153
6792291
6982660
8808934
139064067
41862513
34268955
5065418
3013128
25095261
2686420
8981216
13653877
19617206
24086626
3625777
26755928
16651795
7150837
34940092
32098775
21352744
7673669
6555771
48908581
68039423
39680541
10827084
5754123
29240759
21107640
25125674
42561326
10127529
9694335
17585857
11760010
26873935
47491476
20819720
4082813
14255033
27508805
2509109
27869607
10695708
903870
5019722
40910610
32090900
87109899
44021293
25381697
17260888
31240305
48387777
12999706
21094998
34880588
32422861
8955025
36325033
39836127
19446241
34506991
38792591
9845214
41516547
34824178
12417862
15135590
26378031
22398671
12543952
43736581
29483177
27755308
4731644
36668523
13841943
8909513
25224244
26043583
26751725
13514896
26705815
3539859
12555277
6757398
38962423
8311954
30048244
44689603
12605138
23987982
3554391
40372466
17956245
18891963
26159633
5259984
7080760
37741767
29103572
27574559
621491
31221134
11913927
14935817
16684727
11464513
8300649
31370344
24164630
23416476
21878855
4559911
23150617
3549713
8198923
13721932
32043086
10145096
56167003
6955024
20093453
36446781
17813839
4718644
10447467
44590899
28116821
66296731
24981481
12980113
30728757
16762969
16453888
39728560
9761094
5209927
30005956
62958168
39909398
74586947
33057160
89736459
18111179
39957747
37074218
723271
22524224
37402966
37400353
14189426
20486355
4315326
24579627
16427408
4134701
59256347
24781936
22549902
26711973
13635964
16547008
23497759
36570106
36143568
12775388
47284475
22825710
1106211
180416
11756060
40165771
498285
25784101
2811933
32028411
8259586
21210752
16970203
31179870
23449191
27756773
28853575
23985774
10622737
20775901
18475296
18769886
30068769
49333057
24074947
31688454
32557342
22038458
12864075
27640467
12029609
30185494
2281207
55292847
52782490
45011567
23511695
16655630
64157386
30063239
28391428
11989733
1638767
40530142
9232184
20640934
3711393
48946501
20511274
8322072
14298745
18215066
12564472
14281168
26612730
684770
4092963
34135935
12468726
23452818
38548332
38964284
2414467
25374849
27779126
7699188
12848799
29482473
12580206
7328960
6761147
9693590
34763911
23976606
49377795
24372178
16262619
23865742
27663641
48698802
7270486
42762097
22865498
62580417
11433178
3779216
46591195
33578742
28529545
2972126
25727418
26687493
28978940
37801810
27446573
5641785
34165802
38118964
13795503
13471370
41342891
29065675
25879769
23786770
12020534
47328928
22332076
4310239
44455855
12423329
42369763
7498147
4493127
17160542
31439689
35661133
19572377
40608953
4982718
2063990
25652524
51494697
9208472
22282982
22347887
49977272
19962513
4664148
19963401
54878773
44767907
60647706
13613937
6011538
5430887
24261778
22800038
15022691
22316089
8331863
16378725
25364388
28775954
3898431
3135622
21132431
881055
31795391
33347896
27594537
44306741
4078136
1623233
30480427
17587127
6176939
3066604
6098698
33957516
21875637
23104125
4200657
27202994
26417461
34851331
11150362
21109447
2117052
15918718
15878788
8744319
35222670
40404153
20319716
6457744
11540388
30687955
49618665
14995410
38001213
3729843
5996983
3246444
34404691
16810333
3858562
31162261
4222892
11706359
38566060
77520348
25197729
22781708
12743291
5921346
6613254
19880221
91107749
219273
8831622
30113046
36396336
36111301
10113342
53923137
908180
3578523
29919673
2920423
19872317
7780912
7874030
33739428
60717107
47871049
9505542
34854435
19997476
27449983
41288354
9172849
42120796
44940939
36352720
34866449
7015212
14252894
31721895
23602710
12221207
37299915
11314988
29263476
23710643
44311410
35745920
18586530
15346905
10440316
37633501
24322098
12719294
18628349
54623073
1461024
22937132
20335417
43529363
19964271
348190
53355603
41593736
54916331
19457251
13691253
14888479
10176882
51571904
36695933
12302369
18893769
12811839
11052527
9968316
45374519
1930688
18011697
53463703
884533
44834360
406358
24509942
49561353
21849996
40364213
30271314
32948899
38790482
27555306
12218153
45854326
10897489
50011977
3367214
20041568
40472986
14617886
34711353
25685835
46331345
12931880
9524208
3790231
29619806
37931960
22001084
29960579
37539916
1593217
19937581
20422423
15758666
32391686
32547499
13778548
6252504
6736802
15284631
6244504
14696426
10750817
28837180
16812808
85455539
9988939
33977174
16341642
518254
23330067
52645166
28272163
10476272
22504639
745826
53143547
41284877
5334188
9866834
32548072
4444581
40633378
4397622
770435
39383815
24396845
40864866
2090885
26244855
23836785
23784162
9625999
537898
38559981
8899775
3950725
23401406
19016377
42238409
15102490
27949517
6660959
34069503
30599353
31783590
35009009
25362903
36182646
46385500
14257631
19276041
39316299
30421273
3465828
1515217
34284785
34516129
17536535
40164660
100675744
10678723
13679524
21119592
53670422
13999132
43095447
60692135
20377657
21975605
25356555
21941266
15780020
44596207
40857841
17791325
21567018
5995928
250307
15440605
13877443
119133957
21268916
27495038
25375066
43000756
10619236
16734195
6718561
34009984
4862150
19324094
28082219
23236966
50863504
25350741
5972357
4346370
19596045
21772575
39789704
47349066
26046059
5963233
394284
8722104
38804345
40974774
9131919
34474423
62039179
18485646
31987221
33471969
30484809
30387998
32849092
22820766
17677344
24583320
33210548
11660679
51308295
16356100
27117030
9258111
22814666
32988730
30854792
38123197
16909311
25857774
5807879
35259906
921525
16175218
650469
5867640
19489451
9836880
15213997
36401855
37912346
6123504
1215311
33691052
10894567
8775131
35222537
22533980
5294774
10899225
1662470
25378212
29161141
47489070
22455363
6392496
11549348
5089893
621203
16079283
36916343
7272692
2543132
19875006
5944027
3128402
76709826
8611560
17438508
16980794
6174223
8655946
31051515
35528959
23394704
32269881
7015807
8784515
501724
479235
53777943
17101899
13089819
11785823
23173512
20913350
38229237
30215642
37389748
38467586
51377141
22385334
61884026
7463541
15914338
13500024
43519208
603030
23149206
26940304
24561627
21845544
11221250
15432618
686082
11592754
9134144
11510393
11611516
23456625
12076683
13141090
35951581
1320479
22491219
70777733
43015319
5041846
18469768
5815945
3449145
20076742
48545058
27495194
30738390
21252628
28367605
15930657
47506208
28724339
38672484
5683529
30768423
28524367
16828
35030535
12989637
12846091
53875038
3852875
269931
22688404
2484891
25063500
1156169
95669
13631997
16922595
193298
16748405
48342888
12658568
5182707
29689330
6903968
31614908
27392326
14656098
7061414
26530919
37072327
6826108
2378281
1764637
5345676
2571269
31249720
14626031
31427261
9504064
20146973
9580696
76755711
29236255
16210793
15772376
59991207
17736835
12374045
1463032
13634851
3451291
2709204
1330800
55023042
53074637
53005640
39888391
3252582
50732505
49084443
66392851
2662122
7493278
12376096
35294060
26461764
29580938
41582907
32658293
24156120
34113055
51665869
39843708
22197050
9070968
2418609
24209220
27264817
7516492
21735051
12946795
51952935
22101985
17502915
57172221
20555826
25371570
27073253
36991286
3608757
20387690
26677521
25232621
33318069
96502488
7346247
11409222
35777279
49166022
6122686
22312436
8939437
29697986
60533944
7453946
40901283
24735356
50270899
27851719
21314686
42031253
957504
37340605
29681553
53283989
16302316
27670346
24719346
576640
29945564
941281
10253759
6196193
32511141
31061972
25099722
23933373
212820
33266045
9802549
11026684
3708499
21939433
15926053
31052889
19254398
4188437
20495990
10209225
20773546
23554751
30324174
24424567
3900146
84731636
18971853
24159191
13678674
1237745
15567904
7627463
33791715
23052976
19591111
37754021
2747512
24641987
63175375
32675567
9279284
49875848
31280057
3225386
12030359
290690
20249609
6995992
30184590
26846695
4706197
25558742
12879167
14523792
23154429
40865995
14784512
4103950
20403824
31774977
15551152
18288666
2647604
2040828
32579891
21971081
14543335
6572165
25439606
7840757
4164741
36309147
17206286
38503402
34036944
33970301
10595126
26462364
12677073
14930788
10880630
4250975
34941661
30270482
14569060
5086129
32406152
51671089
2215706
139797396
11950330
830806
9381424
12060720
8580352
15486039
8079291
18569739
13962818
15751960
20671080
3661276
1962767
29693768
6422387
16121391
12064012
49397304
14259118
2911931
38235663
13063461
25551649
10815976
37496869
16666968
8139637
3460312
15748830
15348746
17857356
56829888
13259424
31335274
12255978
40770394
10147557
24344131
27673902
24737702
5248930
14777821
20921578
25258123
10141514
35770474
26350143
25730400
21114381
17880720
17708987
31634770
7075878
24629017
20065270
24578606
45719965
6986930
17289521
20813698
15077087
9071177
20858244
1665000
23266073
34334005
46030702
22105291
44105840
9196918
19481145
23824861
37612512
44394021
7440849
550507
9426809
32035330
40686332
43729418
27260462
1814867
2093770
4698138
3286972
6225321
21512832
20373583
18620875
11786570
35424623
6421430
12943882
8777425
23756128
33497322
14389891
9348683
15771052
19447751
11805671
22106411
27519626
23292208
46666963
6119040
54527589
21435084
8065994
18015447
26818304
31754840
26063200
30079502
51054743
5888392
17348437
22205855
20001958
18411792
36771991
6912495
33070915
7963695
36285224
29660036
27197573
15016563
1519775
2015586
38476727
23473741
32243908
9740708
22188426
42880769
40054957
15153456
6417843
39000794
20627735
7836782
32659742
40854492
279787
21250871
25921254
21806591
39226709
8894368
62420965
35663540
21449661
1549634
26740466
19723690
27397247
29416509
31913314
4262673
2322616
