344063
1526287
2085556
470445
4979645
6162082
1146274
2097298
5493273
1330854
7965228
349066
1990253
5098466
5727890
5322115
2995846
5254847
3010220
1325171
1095371
2378073
3689461
1766405
799371
895143
1431955
4654481
1907920
2718962
3808740
5139274
1654129
3787265
1888670
6536587
2403461
5264892
3977352
3454121
1916654
5397181
5334896
5822435
4723131
1819250
4232822
4453020
6877616
1173022
2806730
2163287
3411414
21977
99930
480977
163571
8105405
891459
4713077
2628290
5643330
4662289
688792
5109642
4950103
5237779
3432249
3749214
120686
5024366
4976135
5660943
381538
8199225
2335794
5327032
5374678
2181430
385900
2584566
3236398
4024295
3676398
2889507
992152
2514686
605419
5946718
3270860
6499883
4362844
1221854
4134426
1403175
5636677
6848942
2007298
5939091
4793117
4332069
942652
7022642
6378882
3029824
2228597
7886928
3088298
438262
2484502
1616554
2881038
6533800
591928
5498
1662093
910513
4979463
2121481
3854370
1448963
4695164
7574139
20078
2066538
4023902
1627157
3676715
5343551
2558479
5667312
297906
5789679
245431
4907365
3461107
4192469
4242766
2210049
2161667
6312549
585856
6403874
640793
1831698
1957921
6265105
3427759
308610
6442056
7704820
350898
1796855
5871481
2864035
5143773
2732004
985356
1646573
5996555
44153
265992
5934714
5715213
7293353
1107803
8444593
6405521
2083987
4770494
4912846
4294470
3752568
7569599
4815192
5554103
5930974
3727304
1910906
6447903
492701
3592541
2765711
2540771
2329433
6315622
284427
4394727
8390911
5986230
4706388
4017157
7488760
7454627
1296471
2829248
1163038
1180595
2463708
579773
4640826
6796044
577533
2358219
4280174
1419031
1806376
9379272
920243
2923984
3903042
4391911
1964608
6909481
4815738
7291442
3701499
1679152
617068
7398059
3061427
7792659
5810671
6540310
4826064
3210311
1674205
3152215
5181772
6500084
2567798
1326439
1968772
5314611
6754464
3902869
250282
5007477
2008946
2037685
2160235
7863479
5242368
5041873
1237922
6590548
1378125
1847067
4114304
4744426
1125254
5091883
1630647
4539828
781456
4917888
3277071
5143698
407305
61925
2214275
4305780
1803446
4462773
2658786
5287887
4388959
1295993
8445314
647863
5094931
1219479
5248106
6024118
7611815
919478
1924791
565514
5328980
4698566
3656215
983043
762981
1876476
2557102
1847242
3076586
1153988
6387904
6219511
5508119
2313585
7744595
2798579
7906017
4445091
1192117
4435567
481614
2164282
3708142
6232874
3779735
782600
6482209
2266364
4705404
841260
2280129
2609218
4485771
118115
3553720
1693005
5005014
113056
2852886
2118203
7484505
2323678
1741015
586929
5738204
4599856
3808865
983887
5723241
790803
1475729
2375064
5214148
2563770
1748138
5326373
5996602
49025
1971416
1259731
6057864
4319036
524296
3012743
1006227
5040148
3003724
1795140
4758226
3033421
3016433
7830152
914127
1717525
2460940
5542053
5370739
3647705
12961212
3511268
3046405
6236844
5234384
2565161
6221013
408211
6778708
3594168
6855165
9067804
5567479
2504601
5637040
6680930
3043055
3493729
2364291
3721457
3036396
557351
11139405
5044223
5369536
481708
5821732
350530
2370434
5428697
311701
336290
4121215
8527143
1643074
598516
37945
5123617
1693332
4681606
7808298
5813600
2810588
635239
2090840
2764858
4905807
2170706
552013
547815
3439666
3907787
4357529
6605394
4478042
2535380
4934963
5390076
1321181
5257176
38676
502873
3881957
2971461
2970200
757250
4211018
4343045
3493691
557497
705634
1716733
4297475
5084259
4504781
7364035
4216781
2232979
1610628
10146225
1589513
3979268
6834260
8487479
4882922
5397634
4401662
6399116
5266384
710161
583417
1893771
5399830
4652699
6028498
4109109
462368
1321482
806150
4384406
4086910
166450
2601117
1324641
4363243
2348148
2898454
224760
1123807
1839680
775969
1572461
126966
3568899
1419963
2911573
4580701
3225916
4129089
3810881
4092135
44326
5281922
4564647
40827
4533389
4831436
3218462
4019037
1799973
571458
3331526
2622154
2722788
153139
2306968
1011106
4183775
2701575
4471163
7478226
3541213
1570811
6291141
1749607
4217322
3009672
1453943
3765597
530873
317025
5310548
5239434
3540703
6007152
4241012
7205123
3813375
6971117
5083342
1422789
712095
5635662
3874076
2285310
2708531
4903239
4575624
5774973
4787063
2738560
5381371
400689
4604520
963670
7078066
5052946
3521606
5459233
4408088
3786839
581524
1332657
1400677
3162773
4830900
2366707
3282891
5986268
3600566
2264060
7382522
154440
6427434
88603
1320989
330394
2568617
2415226
3964758
2971252
1292979
2113140
5069470
4789210
3730032
3561024
1189619
5602507
3105194
1714578
676300
1304726
2470876
1844496
6761990
2396142
6225270
5060226
4424788
6016882
4904484
6324427
3544481
3775865
642175
869050
4457116
4692230
1722948
3931243
2491649
2891009
3952912
4181069
511010
4073366
4573688
363528
4568575
213525
909493
3757866
4674539
603269
3986614
4856059
1870951
6256113
6459953
4473237
8949880
1960297
3506527
5105680
189625
4052636
1182079
7202113
1863739
3063985
6467019
8244928
1884537
7628679
3833437
4042439
3401685
3322251
2482278
2006949
1649131
11637876
5763881
3323322
3237016
3905473
387263
1155430
2329970
1364696
3748236
803059
5523600
5019599
2959516
4086003
286648
3685060
629269
2382403
5562193
2347667
5151988
1813950
5159360
1634358
1054508
7093330
5110219
1538839
3865212
4166562
6751828
1872760
5017730
2936470
4824684
6340959
4476283
5871383
2874207
1256834
2942515
1664441
7136799
2080394
3474161
2828036
12437642
4998383
2858748
5421481
7795449
497182
2830921
3337442
5698885
4454260
4229621
4430043
426858
1467812
2077768
389660
7048340
1992519
3982468
4048493
5761152
6316436
4898931
5627913
5226113
2686861
143032
2140187
4306684
351581
2378869
2387
2584582
848173
4392785
1339290
1540832
6463979
7511550
5213701
4767931
1056112
4568927
4950431
842248
4481642
807547
1717321
1651204
5494777
4705668
4550245
2327785
2429058
7022684
4956200
5397477
6736531
5037878
4879227
5157980
1155330
6253245
555177
75889
5929141
5866434
3955286
3384931
2853654
6284409
1373969
6370883
6194970
3100463
4874029
4192045
3570151
1156948
256703
4284375
4146122
6391443
981588
3231839
5619330
2231270
2814917
5417623
1491886
1573922
3915274
5301039
4835284
2099934
360854
3587970
6595329
444222
5680669
3933241
3304792
7700967
997962
2978285
3656977
4804153
3201113
3032276
1227255
1929330
3210688
7087632
2216035
6300071
1568839
1564297
1131477
244224
1250826
6404773
514282
1728065
422234
2463797
4985875
943616
1815889
559213
1113811
5074428
1645405
6035357
2034701
1309205
427945
3298316
6527417
144630
5112792
4894627
259145
3327641
2830319
4446627
2135201
632859
2099756
6020848
7041490
4780147
2401128
1803920
3656609
3257933
5609670
3070615
5094619
2154223
501347
3618438
6770463
364276
2944005
3602316
5824551
3467678
6088374
10133165
3848329
3724256
2074731
7824334
4176669
4251897
4538656
842937
3711121
4452877
1526156
6483465
154638
1901868
7098361
263423
4079944
5390735
3287242
1100413
1590218
3670617
2770953
2956827
2882081
3469063
753337
4140260
3865286
3539821
5682446
4012153
3963584
4322683
438670
3651953
11011265
3019089
4598969
1603328
274143
3294628
5833862
6119860
3353606
4713296
5777062
5968846
6874678
2917179
5379948
3050767
667769
2985413
990692
4043543
5702485
210912
6251647
785178
1009812
2862074
927326
9724681
3890677
2282857
269863
7657027
3093225
2176399
2782551
5839930
5670692
770750
5876524
2341569
7338357
580066
8834694
5435141
6532478
589225
1188248
3328355
2084877
4341981
2781605
5384988
7555577
1837786
5057805
7092139
961471
3598751
6839181
2329120
4602260
78540
370833
4436782
4371178
3905563
5407780
2149141
7058189
3358306
4117022
1979424
4766583
4926733
4809278
3463549
3569108
1461022
2749021
1767505
2184835
4301219
5196631
6195525
6562124
4490926
8045538
4886756
753690
4192206
796148
3950552
2348367
610859
1676242
3354820
1872621
981787
5653089
3868684
8417765
1709504
4110164
4976901
5238482
157620
7327049
2326577
1448638
123949
2376426
5202535
1109020
4371024
6162384
975180
3519975
25263
2623274
1542584
4503819
4284577
3973717
6184180
2097503
1947117
78418
3026036
428194
7009914
5253762
7249539
3119110
1887475
245157
3994420
690302
1959541
2888011
3489960
1402834
670281
2505482
5742822
2554461
6034167
4374604
6698249
1663745
3248122
6271772
1678976
1155775
2159870
728231
1685569
4877707
1843782
298910
7224812
4133086
1941530
4079578
4688931
4498080
5918140
743608
5179587
2885481
2036024
6428035
3489143
552894
1199975
7015554
1147729
3492032
1592897
6932972
2780654
4041386
7625782
1955651
2539017
1786167
1930114
4861629
3264703
521958
2361920
6504469
6738318
1014311
7834790
3399173
1535625
5235571
2093954
7826957
1022590
962023
8059444
2867446
3337008
5128945
7284252
2799850
1668820
3933421
1172034
4397662
6446904
4319075
4458851
1145730
3926200
2946186
2425302
1731976
1936185
3224829
4340127
3312737
1602659
5608531
3416374
6424545
2169338
1290409
3357447
2166254
2788230
4201302
2092907
3190323
6768060
5050808
707946
3225095
5745910
332742
5044875
5757718
555677
1506699
5111410
3740113
2807284
4097623
2604491
4302182
3653095
2306786
3126768
2934905
3372379
1482353
4529083
6092655
2570286
4797403
7758451
2526839
1078889
2281386
2507954
2669970
4981095
520155
181580
6337552
4579938
8256321
3989272
167584
3232878
6465878
1862346
6991473
589408
1763642
2082158
2087933
4993342
948238
1087550
4404941
8177994
5813358
1091203
4268505
2444623
372941
559324
1272279
6611418
5085605
149513
568653
4250886
3857559
4954701
3362583
4237073
1807557
4240356
944399
1309436
6447071
2017259
6499341
2316450
3745179
4224774
1237492
7425723
452078
20049
6205910
594657
5997385
1263346
4095652
583506
5604526
4556669
3645655
1679484
1977367
5813088
5024228
233023
1293096
436484
1680334
2068372
3968624
756273
1191369
682427
3149830
295881
2533623
5465290
4756861
8103739
4106518
7199424
2041536
188285
3625621
8818303
1595398
7116240
3883560
2214260
5281536
623013
4208933
4676597
721216
2927769
3753806
4009063
1528004
5502072
2132064
3905769
5858839
5135742
4423508
6232875
5297372
1774457
5403493
215241
6319201
1781032
2785624
7474262
1656324
6354344
982072
2157985
346795
5757371
5070613
2915755
2263929
84938
4262218
6268045
579031
3245005
1010877
914134
2793147
6369522
5582413
3094296
1560025
6812805
5418604
3780078
2724117
2804483
6506004
4916061
89079
5499524
7249837
4171706
4305160
2027638
1147510
465723
1908907
2471064
5972229
2003876
5320958
1022961
2759261
3354135
1503020
1882970
158087
1243457
4022353
2490791
2405395
3596759
3030665
5255223
936341
4303122
4336675
3533046
1725253
6799702
3201333
5680224
1830376
4843441
6538916
3975021
3437044
4115105
7662240
1655572
2765192
6147065
5429543
4458615
913542
518847
6854437
8036754
5311218
3086133
4531056
1890116
405044
3827278
5367085
1524488
6037312
3294147
1792685
2249162
3324308
203266
4616701
5064240
4204550
2010723
5590293
2624342
1357660
2365198
5643017
4858165
5413038
463170
9020243
4297463
1076756
6329709
2019500
164044
596968
1393520
2310405
4113763
4499551
4361743
723960
456719
1709214
831844
4942895
5005774
6210655
1034405
6190753
2344123
1850824
4162599
2315321
9533519
6691493
7563652
6973150
5489437
1889581
3703992
5592262
919467
1212150
2291979
5228650
4632688
1400085
1104367
6515567
6597554
3053934
6803736
5595765
4826927
5962852
4748778
1026321
3535092
4029235
8528909
3767206
3446249
3291512
2505592
2474085
2139937
2071855
5925524
4295661
3764932
2601649
4203507
342236
2454513
7017760
6591577
4899926
4238092
3053915
4271084
4958869
201878
2616355
2320668
3325565
3753281
1448757
1129157
5412038
2109616
267876
1332180
1922725
2045257
3796825
6649430
5040720
6046682
6427035
6141064
2740015
2158310
818728
3333750
1830933
4339271
6471150
7605119
4761481
950346
657340
5674316
2685673
4645798
3232838
5029181
4873523
451693
7005889
485963
7272169
5131278
6677266
1407983
9430462
1322967
6859641
91441
7899532
1289149
4568834
296957
381887
2031243
5947
2174837
3512535
1210297
468291
1709823
1073259
1709504
1148860
4379736
3704637
5255344
3541870
4970194
600557
6681143
1265639
3324825
2779770
6009806
516520
2564543
6332749
2530876
3307757
1364164
4714058
3200803
1863570
1362222
1613475
2451221
1730394
5895945
4424822
6601448
6693149
1296358
3858400
693697
3496296
1696306
436022
1401402
4739843
3882976
30649
2566609
25097
1068611
1927012
6169658
2939222
4911287
5619864
5688021
4655998
259425
2088808
570011
3564209
6109207
1689208
416440
236898
1415683
327062
1443698
651851
6540404
6706507
2457690
2951550
1656210
1144389
985665
2962731
2770431
4003056
4149465
2577818
5692835
3469838
5825765
3481825
4880963
1848008
1979244
6776844
5139687
7672290
4516721
2093374
3156783
5266032
3587402
130220
1426861
6704385
189240
6580864
2176524
4905488
1886146
4561265
2362484
1407338
1588226
6884426
4248568
4188822
3222293
3770540
6648359
6435825
3994380
2992472
2067029
4149803
4066063
2963607
5320291
4437422
2399370
1300721
4080094
1178444
60043
3269045
1358137
2283667
5226540
1655676
7979880
3840340
1413567
2659122
2999002
7376521
3523105
1067076
4101391
2067262
1147907
3115604
3301991
635299
6275435
457853
1398969
7521688
3759741
1155566
1001707
2965660
8125224
5444377
5171568
2415273
966449
8578247
2060621
3594661
370867
5002308
3251790
3192904
2443080
4681611
4301046
2272828
1120207
8608607
3334447
1614258
1819508
562516
1482838
1075983
2951349
6758678
1404238
5877801
6393622
4026122
5452684
2014180
4864343
5354666
5126479
3813088
378186
5669739
655940
4277664
3309405
4648441
5450260
3941645
6304887
3764420
6430899
931016
630629
3709833
3468440
7306434
5603406
6021055
3600902
1458811
1532064
8182982
6192314
5061059
3816538
3959931
3512377
4125545
7024268
13768486
6475745
1512681
172247
4179517
2892763
2484210
1794098
4124933
229744
1743358
1562090
70208
1570985
967091
4374555
6150867
2002812
6143073
7236232
5066232
5291524
7292725
5814455
7021445
5457823
7305207
5184792
182036
2944127
2044722
934000
3036136
4493231
4871644
2579828
4087676
9108176
695119
5364654
100821
912671
3828050
5065737
3357540
1000606
3098653
4139278
4495074
4528240
2022572
5278620
5470516
2723182
6021580
3330832
4270568
2084268
4903584
6376080
4263190
183860
4229732
2287778
1967617
6449778
4137314
1999849
2782135
2589387
24572
968474
4800397
1213186
142687
3476906
3858647
3839714
2325985
5582
3520504
4883125
3962008
2036561
5086743
5208261
5620891
2819339
4798030
4051649
4256813
1334927
2831818
5606401
454224
283372
303556
679798
645628
5775481
3819937
3120044
5865075
3666958
3995366
3225865
2937591
4836386
5735952
963808
5171102
3988244
3513300
3878824
283108
2454530
2825825
1579478
2710404
1417310
574436
520221
5881166
1638807
2121244
875678
6431123
2345420
4409949
1749287
2257737
328586
2827796
560092
374946
165158
2648966
667631
6204657
7253833
5583916
3280839
2198634
4721505
3642557
9042806
2771940
5688699
1379832
1848983
1816618
2520054
6493147
7534046
1171335
619686
432063
1655088
3243454
762197
5460626
5183670
1926069
167087
4616603
3617963
2775993
6907136
4613904
4602025
912132
3795420
4290024
644857
6163977
3152090
3829588
1439952
2167092
769803
3892993
2956645
4120693
6926884
678372
4231414
5908972
6071460
13160684
6497404
5625319
3580754
2510895
1092579
4180905
190297
9191249
715692
2362059
2062203
3112103
1927187
5210392
5455854
1627625
1823712
549843
3747455
2443695
1295552
4070610
6210164
6489251
6407182
5428021
9041193
1659257
2106620
4027391
249297
7149294
5822871
3588703
1257708
501870
1529096
3053513
81114
2399793
2971387
3727736
540959
3884305
5093333
3167977
2926421
4767386
6354614
366747
2248262
5393456
3734595
5705499
2979826
3439816
3517346
5816881
3098083
1092626
1825059
2890020
473038
4932859
2929835
814323
4840165
4575607
7252522
6574284
3004454
1903264
5410384
96449
3112382
7518134
2472031
5786168
5055598
5120479
7187057
4191131
5140786
2911986
1837667
5740551
1506287
6952209
952706
3631109
4778134
3862087
5544015
3106885
8654787
5072375
1201973
5819108
1084894
41095
1767677
4508573
4756780
6717876
4802649
3931006
4389467
580975
4999210
4509344
4097115
5821559
500828
1811581
2865983
4789860
1877924
7548799
5859104
3060380
6230423
5399450
3455607
971259
1770864
2744519
4511863
4055528
6681989
3829363
1396678
3632229
319864
3659224
6071847
4248874
1281047
4744993
8586007
3824554
49734
3986985
3302022
332747
3079476
5353347
2710695
5422490
6070032
10597464
2523478
4688301
3849767
5014477
322946
5202982
1934088
3849671
2081283
2057723
4651397
1945189
91627
4590976
3416695
5912002
2584200
834195
5187081
1643799
315493
793985
4224814
4830500
5870045
357333
2611636
4979216
364543
793791
1934530
5092564
1689196
2981871
4944441
6862054
6570336
4591088
734392
3108531
3818507
3391411
6270382
2532648
163860
3807873
3739604
162054
4989162
4062545
4632024
949016
4395984
11821701
1612332
5590188
4947378
1395228
4075698
6413005
2662040
1515847
3036948
1540679
353149
8074187
5853384
8264603
9332098
4610304
2458084
3098463
6733128
1306088
5304519
1533489
4013655
4458562
4002506
4482553
5647378
1728452
4799025
870154
4437578
3763825
3775843
39505
5500612
6770625
3797759
5757498
5284324
6033199
4943888
1939427
7198846
4769839
5636794
6246
676437
2093201
183927
1796101
788792
9265190
3649676
3162313
4770229
4188940
5394896
1344251
4494472
1340002
3517974
562470
7246350
4664519
4970027
4058232
3978857
7547843
2681184
4275315
152832
229861
1862063
7997340
5171839
3386565
5712478
1541778
5724023
2049928
6672253
1934441
5450997
8953946
5908086
4550341
7079459
5011420
366192
14333
2347782
4201829
4408913
1112933
2248864
1766010
886086
6230985
698062
3872746
4447446
4814893
1384219
337410
3159434
3897350
3162560
1507315
1824701
6155626
3441287
364322
593761
6582868
3630432
1053413
4369860
5967159
6261942
1940496
11687354
185254
1238442
1787967
1033899
4976241
3532071
959731
259883
3660738
7410452
6963097
5059296
3290693
1155151
4607678
4676370
5495960
3682576
1462652
5524264
1208864
2786713
1851714
1345162
1032547
4351352
2301523
7002174
9670576
6381356
4370238
5740822
5510240
5254697
3415592
3148966
1408341
8220403
5791081
115300
1840484
3319192
2386415
2377088
6763382
6050391
5639625
821534
4145289
869974
7291011
5273604
3643812
5294496
5176303
6034910
4453946
986604
2182185
8279191
199958
1273982
4792613
5696311
5595657
2950442
2003072
9686749
689355
2237375
5838292
4613727
90234
2624243
7081036
2713080
89612
3991943
4706007
1149191
4577037
994525
2000948
1915701
4522344
1012859
4993587
1027596
903257
2810254
5865705
1458711
4937247
7264678
6257205
6890590
5266373
6225800
1667841
2305548
3807188
3819094
1118575
4574518
6625809
2281991
4992117
2944338
2519946
6874230
1093399
2518116
3290669
7950937
5234198
4230916
3270561
3963532
5078202
1297683
3646887
4264273
2059371
5961501
3517438
3236452
1359249
7064545
4007922
1883462
3421037
4613916
3078163
6413560
86806
5113143
3602464
1670920
70923
5201833
3698888
5982496
1095771
2203249
2786435
3172564
781171
3647018
707282
264569
2380657
4544847
5712042
4819273
1497683
5431615
5265801
4710261
1137221
1304768
2198857
2245691
2842348
4827351
4411000
732830
3136278
7145823
1116786
3934682
8926472
6308073
6656283
6742011
1932086
864042
2005175
4463842
6788425
6926599
5112093
2824476
6526104
4775556
2116774
8882377
5198941
189957
1841626
1717400
3939744
4136891
5660828
4233857
3296644
597324
3819732
3962167
604022
2978955
5197153
267833
6020231
3028822
6288923
906513
1716224
4215429
7472844
4679938
3717834
1245354
7757133
4304076
6220529
3296274
296317
2259568
2802719
249751
1637814
7092989
3187246
4072751
5544904
8636202
3666792
1281070
334641
5208395
4691902
5375147
3135781
5468859
6167599
713714
2888797
2050034
5002003
6178471
5296447
1948425
2224449
2300892
3861430
5447973
1090271
5119064
5567651
6316657
2261215
2627098
6179774
1626119
2082861
340509
4525597
2309470
5577702
522020
6212609
1980516
4420566
3510374
2936890
4948726
6164422
1185015
1116295
4308422
799384
1629787
4001298
2072395
3743271
4785811
738552
8235171
3158086
2835160
5669794
1841904
6650109
1908106
1317897
711843
6313145
2663442
8016119
5846829
386228
3706292
2294518
3961977
1371307
3941051
1438001
4134416
2296637
1483692
429506
6243856
2520227
6421292
5240466
569408
3499242
5179988
455302
471612
4058124
3666492
5481811
4933832
4804574
259087
1928481
2846600
9098883
1483659
1748366
2758179
7384648
1327352
2279848
562562
6124213
5019159
1867167
3347117
5436379
7753502
1868140
4636159
693131
829106
4872240
5584122
3416558
4597102
6131961
5117397
4706631
5359580
547382
131866
4825716
3237327
4972662
123162
2420319
3457866
5056967
1754642
5667629
6984935
3479415
4954905
6721331
5130321
2359863
1424312
5256329
6154974
8228304
696034
5445978
1161142
5302133
2611568
4815729
1567428
4932083
4804830
2957440
5707947
4218888
1365764
5814251
5577819
488562
1252027
210992
2944586
1204146
4698045
2233980
1583965
3951071
1420902
5626023
6644880
2160461
3323230
4022525
4486350
193281
4865587
5487926
3965658
3406463
463960
6875929
2854308
1361426
1194754
4273939
1934420
1932407
6216862
6616160
2004258
1487407
6156885
5359150
2131226
1835920
6240963
4603486
2339686
4279810
5059931
2866834
3642301
8253376
1401327
5382462
2296784
3135636
4080972
101162
2269790
1242597
2997392
2673075
2105469
3092805
2160854
348398
7993652
6437808
5835594
6069943
1948167
4021893
4257158
3594902
390328
2766169
2594700
5720147
6959604
5045998
1289005
3195713
2519370
5109427
232220
2124230
3549085
2673280
3064060
5078147
2188022
1718054
1431701
4963478
2749656
2743992
1686094
4098586
2736950
3512076
1768422
2747130
429421
1068769
438348
78979
3362058
2451469
6487531
418839
2182337
4247757
3785505
8673867
4059329
1925795
5620013
3163681
2037858
1555136
4501858
6656565
5958922
4316308
998744
2022666
5141702
6721062
651950
1672824
5113303
1153868
6016393
1921504
3322840
6027423
3047496
3528705
747762
314257
4935371
5150785
5956690
394186
3571635
7602748
1551208
5192647
2597280
5660160
570159
3578979
3909783
1533183
949913
141072
2339938
1818199
1158425
447911
1793437
5197705
199947
7847695
709151
3763614
5801848
1320676
1540423
5523891
3024917
286570
354728
5161201
4516784
2373755
5550183
2735380
4022798
7196284
764236
608098
1824491
1534798
4962572
3184117
4165975
219276
7082473
6026943
1863810
901235
4533852
4373521
2240473
4925909
5673781
4256989
288308
5156716
1074339
499420
5467598
7216150
11139543
5951028
3476395
411100
1738978
5269075
550193
2692024
7061473
2149618
4500771
3306161
113094
4858036
5065421
6343413
5878520
7218584
6777697
5159465
3786673
5251998
7177798
2677294
810686
6945835
1350889
2802151
4615403
2120189
2477181
1941552
3722165
1460792
439213
3290398
4305309
216670
1460183
57451
3075800
1167708
4361306
5848781
948073
7008130
966854
3798814
2537408
6161060
346927
4204637
774707
2113954
4006053
3074552
5208574
6530843
5225219
1700057
5137566
4482869
1521603
6609174
4219602
2882094
3468767
4017765
6545646
2276321
1940746
1626558
7412196
1867763
6742914
2361465
4102660
4038198
8347783
1625520
4105334
8454091
4765006
7031928
2800541
1785045
4634836
4236724
6919396
6676281
3793448
164120
1233673
4739739
2304260
1379957
3191991
1097413
500226
4336487
4954353
6083764
5753737
3547287
4883959
1191850
475504
7108093
5730808
711529
2718201
5464740
3938099
6348368
2187564
1590395
610690
4235404
1701035
4324679
500070
2420698
4690988
3856982
1563777
804564
4418584
4207171
2702333
2275070
1166660
8647851
5310233
6050661
6888492
4550699
1059649
5288206
8071392
3368550
10536635
1934715
4457006
466749
116395
2718934
6223339
1121300
3949521
5654547
2083812
8295957
6451951
4237141
4271981
5015685
4421214
262286
387323
5134851
1163026
5283075
4986145
5529778
373091
4242036
742488
51119
4370882
4832479
5159896
2242771
4821836
3505148
4747605
6549235
1351575
3550255
492534
2274731
2815125
2957672
478705
5050223
5787009
772087
774020
6332485
4501261
2193092
315946
3703959
6814457
3773063
120015
255492
5125647
2992311
3646758
1133145
7418433
5288044
2831688
2754921
4142485
934482
2314839
2316771
601542
4293200
705611
5274589
4182457
5438847
5645268
3492845
1624530
5173225
1558612
968612
4657381
5413001
2064234
539346
1564036
1604730
5926747
4175889
4852059
4673542
512380
1528985
73470
4282101
1591803
6231467
3474305
330965
3213784
2908381
3776137
5828465
4377429
6163852
3871428
5928929
4819326
581125
2099323
6370397
5302849
260205
5054001
7110334
2091465
3602104
30016
5837826
6097863
3904388
4410288
6388075
33027
1887898
5383389
4159340
3850229
4377316
5588831
5898940
1546479
5546871
3265384
6749604
5447783
5317628
1394424
6060765
5346432
56913
4171224
6107445
4758108
6173574
4922139
2442922
4260696
6310886
2239124
1947593
948213
5387006
712807
370988
2444529
5891959
1314018
732288
1291980
925570
1018894
2071692
4707726
5323051
5523743
2567755
1236669
7790916
751353
4511650
6641660
6664697
2344477
7055612
3496286
4754769
3955837
1828707
8007802
2850221
170539
4258168
1753935
807705
4259200
3900305
3013658
10031261
671349
4402023
5289377
2128422
2320840
4085329
4783826
1356066
4679426
5729847
3592035
7627478
1985769
2138697
6291592
2004411
344958
4124218
3532081
1915520
5708269
5426582
6395785
3796159
2833783
1102748
6039689
6662988
4463850
2431128
2642651
2725895
2428019
3713556
6493695
5025277
734190
5839390
1346210
433448
5933962
280888
929858
3355619
1725792
6335669
1599532
3593407
364536
89475
2171593
1745086
2086407
1745523
744391
4428522
4156775
2128436
6152701
20939
5428704
4898174
741820
1535795
999768
7605846
1325972
5790626
4699914
3436442
6538463
2372226
5607189
252978
5483964
111038
2668155
1517916
162166
3558537
5382993
3221362
2831027
711132
383874
2525629
4809037
3556545
6158631
5163445
5181481
2623939
1578642
2491921
4617123
3527056
4396518
1174074
5022169
6793810
3066215
4112440
4350050
2767832
6629196
4846041
1039538
5372903
5748770
2921933
2246603
1714873
6907025
3070745
1940847
631592
116279
6892120
1352792
3250966
2256535
3121996
398466
1819845
4684552
811926
2819678
3435706
5568384
4434569
3899001
3501741
3850676
4848089
2791246
5414599
3884073
5618843
2042816
2188422
4858523
4204615
3258422
2928843
2024236
9731810
4055557
2565058
5249175
3077559
81153
2562666
7331104
1700734
7392315
433589
2941454
3524283
1491904
179076
6085569
4164490
6091448
2658227
37017
1447522
4303031
6793387
1041601
1155057
1337952
4392778
4562255
5702011
753572
659430
6378445
2947357
1894291
5765136
6401158
5472643
1891045
2104083
4184491
5909104
2177156
1126030
3373592
2429680
4197056
5899383
6812755
4213606
259082
5443689
4148413
4440684
4686410
5342947
5164592
3579776
1337274
4129631
3681978
6247215
5478830
3648621
1296144
3290434
1550374
3591809
1996438
1184348
953883
5381266
5705914
2618735
4450979
4310911
165123
1893915
5990261
4303381
3714106
3367255
5190084
6652595
1843344
3293432
918417
1690366
3285590
4559167
7550895
1183742
3495773
2151060
6070225
5013686
2617151
880558
4299143
2100337
1538521
2960965
6667352
1404678
7086366
3104946
3192815
4547377
1605278
2317795
2220954
2827082
4329709
4278911
3088363
3619188
3811068
1402336
519707
2152260
4043240
4991767
3079208
6019416
1135043
5452427
6823801
2643403
12780
2866434
6189679
3391701
3692662
1217260
1915070
1983428
1097729
2264084
5289869
4921090
3193153
2832439
2538250
1885024
1542717
5094320
1625306
1779932
3481674
4884848
851024
451711
1178344
4412191
4995643
459883
5867494
8949592
1408937
9529062
4368810
1739155
4379756
1505490
6436538
9457239
912640
2730196
2770516
4892368
4885115
1497784
321726
4214957
3452216
1895535
3107769
3964442
2035350
5844966
1808841
2893711
1886770
5422045
1757786
1896263
2414036
582988
3450917
3872617
5760945
7343667
4924303
2827128
1176445
1676679
5786296
552740
4652693
4706154
6850694
134799
1609193
3230663
2842348
2522949
2161339
2266358
5561036
2879604
4330649
1880904
4198677
753603
4123190
1573724
1692737
1521699
6252224
2626647
3598009
6209625
3599492
4386415
3879197
5222628
1563257
4241625
1748338
3872940
5543663
3709012
2203561
2621594
5868410
5313022
3023736
2069046
1655317
2015544
627564
798783
8871342
4014010
2512066
25309
2356625
7846664
231956
1666420
1642547
3794139
4520265
2803544
2153327
2855811
2536507
4662634
10312541
741475
5659564
1039827
4197513
5199582
2526948
4322834
4144705
2990936
6288257
315828
2118729
2429725
3570640
2896446
2273984
4213973
1181529
11801168
2017832
6037094
7013685
3059947
3633411
5213834
6853639
2968586
6993041
809307
5034540
2111164
4493384
321614
4431505
434613
5955559
7866677
4859982
3351282
3462402
265704
398565
3553377
915169
4391844
4120726
3238495
5616405
7822560
5922315
5147264
4661516
715067
2808111
5587691
3360214
5404080
7772322
5757930
5483687
5868412
1433593
2123473
3236873
6148888
1389021
6012160
1058212
2625821
5361006
2810332
1435429
2132063
2166879
1608579
5294503
1126436
2984656
2835069
646405
1846857
3208564
563456
4665680
167206
3966421
3337379
6380132
1327065
1760696
1473357
9806211
5589343
2671179
4646942
4911774
2264894
3744909
1234419
6429752
1096403
7792314
6211856
1031473
1340483
654156
317444
3322977
3916581
3261755
6237266
7774328
1118350
3263151
4743383
3468444
4873406
6164821
750868
4916624
4089730
2265448
892049
2523754
4724675
5759817
1533781
5057098
6233678
4940749
4248145
3181428
2329055
3949523
4590349
9439697
3737988
1041192
4473889
4236205
1500395
1917579
4665787
63574
7327086
3179832
659893
5859192
1770589
3586647
397973
3608914
5873310
2529502
6900290
4857938
3462445
4730156
6067889
1782018
4763887
289584
191794
6394356
5055136
3625661
1454828
7699426
5489594
5503813
3699812
4231098
206772
4135442
2331704
10050892
2627281
6206754
3789810
2017527
4509917
2852717
2672818
3575612
6042817
5720974
3986830
1059535
841543
4277576
1038516
3336683
4099174
286403
4003732
4704210
2738499
3937614
3500507
5121523
3945534
2079547
7515948
3819239
4724826
3566110
5651992
6496198
116097
1337832
1656870
6783220
1155696
844198
581159
2678830
6794540
3681194
5694054
2605981
3178394
2171055
1101438
4920484
6496744
599081
5406135
5342068
16159
7219038
5544286
1658182
1149009
4707401
614384
4860031
6284014
4384771
5579870
2370969
5535570
1604401
6580317
3158483
5139770
2177545
5263540
2826593
4606804
1747357
6561293
1040182
4570047
3374726
2263599
4844245
5757393
3487358
5092659
6057544
504529
6959918
1850205
4495052
3692266
3812100
1013068
917022
5038381
4434000
1115493
4794404
2049485
1490033
4374082
987247
3951796
6551448
1806515
1366427
2348815
4718602
2480819
1330285
87566
7643635
3028257
9470309
4401996
7683875
2238606
3670135
3833381
5515195
195872
3657014
5245578
452772
3506408
6897119
6433105
322565
2697059
7324856
1975992
1312872
4295369
627919
45294
3596369
1376323
4491159
1071396
1138860
1379609
5954493
5525068
2249633
734016
3340445
644761
2433890
3056985
536120
3705583
4325546
2171952
5535614
1951320
6232691
1546969
2058085
3938464
5133007
3050452
2254100
134695
5482292
4533693
771048
4748985
1250918
2039355
4728493
2600675
5143393
3387917
3767222
5752073
1671650
2023327
2449664
4778849
738195
4341352
1982505
2645238
1569447
3450876
7071251
3612663
7401340
4375759
1112582
1537553
4405402
4038875
490760
1548901
3592289
2817857
2556121
1108476
5647897
2056509
1215568
1205106
6768892
4631536
841568
2978082
3797671
3685381
2743072
5310557
856321
5488593
6892600
4663726
1330552
7026839
673710
40746
1058191
1255148
3395828
4323382
3102723
4563105
3355947
839298
4159278
3149941
2240197
1921087
4033964
2041152
5786608
3305187
6327993
5542158
4794341
656995
285900
4866774
6095135
5956589
5541586
3455785
207388
290210
324197
2141505
4928476
2590734
8382921
3488146
1253741
2348413
568882
3528115
928320
5629560
2081497
8062853
6455197
4245210
7136197
2107434
6186070
4125628
3565936
3379617
3050843
687630
2775125
2770634
4546143
7031859
650805
6997677
4533120
405609
4211711
2163629
7535714
1114189
4250947
1476998
1256732
4630348
976279
7162126
1197569
2120508
1452713
6889110
5397420
514079
6593931
11145116
4496826
1116810
3716675
5010557
3425899
2253041
4167937
4630193
7901182
708826
6004339
5421385
2734722
1651807
2945348
7122116
5348825
526561
3743406
2612107
4371263
8543602
4081939
1200459
3395943
5296359
2108083
6135503
4711165
4792964
1511808
3811791
2229114
4691981
4627928
307267
6422857
3791915
2850914
2955962
5855468
120524
2918860
3511309
3172942
3107609
1443420
301374
5823296
4823002
497394
5335231
3349507
1190230
746102
1696145
1871213
1843647
4935908
1687727
935303
857397
3396637
4235843
487512
6163754
2305387
9309621
1785165
10981712
1204075
5189483
3461229
5667279
4306163
9380122
27353
4683337
5269044
2868884
1215975
4475884
4526332
1350222
4143408
3906337
1463864
4791380
4228979
2757755
305418
5945829
927738
