9550894
898925
21361948
3559375
4770097
10927040
10337137
13191479
12382657
12190892
8612681
9453308
553972
3601996
12782325
2700222
16262315
8620725
7470831
5769584
4547494
6997230
3195487
14863662
13459804
10332931
5404234
7246421
4765118
3926997
9541549
224141
4417795
3712795
3700768
8942342
2358485
18322161
4013438
1376873
9857879
5024089
573492
8491267
14989315
6705911
3275487
5299682
2507748
4388235
12519250
7202918
7455384
13313769
10415097
14666883
3206618
336283
11022113
14617325
7948841
15449800
8374461
1549566
9100318
9636862
2669014
1931683
7032820
5136435
5376583
2016853
11375589
12179652
6270009
10715527
11077727
7705426
9277998
8421351
6168119
8251845
246145
9783838
8557457
14658268
5934142
7088449
13955494
15724481
3000827
6344770
2753149
4498782
5280187
8395843
12163242
11010664
5131397
17135245
15401583
11742718
20126234
9971800
5859804
10344638
11008377
8951353
17693766
6099110
10577412
2198295
4567206
11159685
7229567
4837090
13879292
8693349
549274
3465491
5874940
6642660
21039855
9520102
8463915
6120892
9522889
6151025
7329493
7509239
2753517
8386535
11982030
2735655
8634964
3220377
3633057
10066077
12047706
10790536
14771509
6598273
20976426
16302350
7494104
12935344
1718441
5208686
4423562
14473111
19208225
8579129
10501818
1906194
745617
9748961
6349548
11258839
10952408
3597796
11081230
13618649
12602495
4890234
6867244
9384758
5223630
10873938
267182
6604743
12228410
11353267
201849
2181224
8848208
18116193
7595023
4819846
1139956
6916487
7056090
9567337
6319482
5706630
5699212
10325444
7301755
13540417
2149219
10191069
6866272
1187001
17957812
12503997
1670048
3694558
2365312
5877534
13251945
1862476
140757
17357647
9852571
683655
474149
1639273
7713900
2244422
3591169
9925292
11248097
10958981
13018251
1156200
8657150
6698914
4624182
5825320
7222764
9075009
13061471
3364924
7603856
13689061
4878066
3260258
3883065
8624012
10248669
79368
13782101
3434153
393896
10125017
7952098
16690141
13340430
14565478
10031994
9027223
14012988
11806458
4763390
13369841
6086851
4480379
1792144
9496531
251807
9976355
15587985
17599087
5182730
12630809
4628389
16803468
7897456
11723230
1993602
3796336
10547378
342847
13583604
3697129
6124784
2324926
10181444
11664855
12754351
15424476
6107860
237693
8663506
9784468
2080291
4221396
4133127
9008334
4769450
3141082
7840731
188162
10111767
8620330
7342569
22229106
16862978
12097418
21284204
3674448
3900737
191732
1362614
2222014
8854225
11099676
3761877
729235
777811
20049066
2215398
7931367
5743973
10688812
3854279
5199864
12418985
1479472
1314147
3245896
16813186
6942904
9510686
2682401
4007102
931015
3715221
19601835
15900181
12217105
12886284
8999000
2213554
8261778
11312540
4317436
3230850
565606
2975396
4692288
19246862
1896181
14266156
5956609
8105944
8248449
8902260
23940736
7727872
17096896
7547543
13774908
4866722
11669796
12693353
1774546
6622854
15514557
9652420
11873576
14156538
15340476
19358729
33754
943339
967597
3512602
165465
260584
12683608
11064935
4845839
16565749
2854494
10313716
4270616
1438492
13075438
15176098
1987688
8866985
2354305
1078643
14164718
9555986
6430042
7565738
7958879
1609855
7071465
13422452
1125766
17806458
12213752
3322532
6361354
11006054
3343868
2464499
5596006
14635031
8776737
5236373
15415703
12522468
10346151
6041639
5721993
10752637
3445549
5875600
2639780
7092131
12251807
9799740
2602671
6423467
16310922
10569283
7290105
3766979
920041
12460741
8375689
14558508
8642101
5940872
6500231
17575433
856750
5136661
15284263
14358859
9945485
8833056
21257289
4236862
12150659
10284683
1546980
12081877
391555
5282310
5122574
4712676
5313849
12415605
6933822
9878276
1342192
4287653
5236119
4930378
4868633
8474523
10793463
696028
13065823
13789887
4341528
16826103
12784826
15391665
1243777
6407996
8224486
8311857
6592604
11360031
14943654
6172848
6223851
7079125
1068474
16055487
11853293
449603
6431444
197808
7133628
10326005
8597474
8079424
1724478
4635149
1717625
9198874
4819256
9398505
6432316
9829678
7677676
1729918
8642947
27938999
14614337
12398025
19445450
6235509
5355008
9809016
4733333
1565664
3142540
18500399
516042
2238392
6059105
8678201
1987869
335287
6602757
1105054
6226671
9423025
181730
10088889
7548771
8237467
10505966
11252509
9752051
7731245
9017862
15518230
12964891
4653418
4688456
583722
267847
3334965
2192758
8322886
4203351
1561293
12769866
3078077
3384675
8645444
851487
3303415
4493367
7445294
9734257
12660566
12757622
16859524
9996730
13376351
1175918
8160137
9307585
11287451
7889666
16693375
6371267
8355099
11087905
9144604
6314951
10039150
4445348
7418846
8186082
10505139
9987889
5138321
15621680
118603
987058
6498692
6161
11826892
11627545
11596160
11078455
13846329
14433653
17073947
16554346
10457661
16002057
3852630
13417655
5144607
11572936
588500
5703771
7839035
6496207
8284423
2905265
14995123
424691
1859090
2906438
2440085
2437753
1776100
11019761
7256680
5561045
8068162
12311129
6150563
1395485
7056118
1879491
549280
4068519
12153088
20581085
139591
10798485
14485485
13921325
9569332
1420997
4871875
123323
7270828
10402867
2386686
7108329
15322235
3050285
10362652
7092940
15654562
9349502
8643533
3629024
9530081
10822241
8763385
11356075
13720906
7916890
8172232
4028619
23071981
5546307
1548091
14204001
8398144
15341057
7949787
11606092
4565490
3194397
12399316
6058386
8445632
10936629
2280569
2248736
19913480
11601238
4567259
2896964
6561817
13060669
13797471
7161477
6318042
4204039
6993886
7428372
2738648
2854791
10511739
13307176
2359824
8633202
11917926
16568830
13101941
9006657
10576007
12505802
9352490
10039638
12078534
2841960
12224820
10441876
18869007
178087
18075196
9444537
6439670
22978210
7617048
2172630
1982641
22389664
12697351
12371604
9640297
12964410
2513104
9021589
12465259
15736753
2938809
6153414
10182366
13823496
8683019
13256385
3197326
9861223
17721338
9245533
953310
9730979
11877860
1551178
2784641
14155687
3088292
21908138
15647062
4434952
660300
4452747
13185316
21268000
8380137
1827869
10182946
13594810
13422082
8391879
10609090
1885251
12896812
9053824
11642881
3633419
8299617
1866707
1872128
15317506
5793588
14825921
18438376
6076172
2149639
3021200
1924045
9133875
13651651
9514379
2644471
12588205
9614125
8636265
2990144
2989875
10754047
7792202
5410276
6941030
14190995
14148401
10393939
3741092
3808933
10341094
5001716
4655065
18930964
5874996
1999693
9457842
680472
13119674
10923169
9907939
7007775
9785902
6125095
14398481
11465031
7380910
1440018
353121
4681071
9182948
10842335
3782148
4439037
9989153
4021872
13035988
8063478
12130635
10110677
4295507
14509266
1179731
13587414
6472142
7468103
13768904
11187017
5399044
135088
4143802
9792574
17036195
2006628
17517000
240436
11341416
10953573
3218137
8575129
2378816
10784930
4387733
11749410
1741641
1163813
2215011
18535012
8157412
12438776
4066643
3418776
1115090
12203228
9607955
9450434
4061403
2429462
1565341
9405268
4742767
5035313
3455832
1795205
1621584
6057133
956849
10499152
13570899
10206506
3662870
12488966
1955927
3798903
3824342
13947089
11083874
3747072
3414109
2669820
2053787
3453943
7719855
8090546
2318652
7511573
1223348
314279
12603040
13210235
10287374
13698919
5132231
9164536
8528537
2109225
3453878
9439141
2374386
12447184
2416009
1945693
14260846
13217584
11367411
9454731
9944216
14752556
7033710
6448089
98265
3790950
5937667
1967150
6971549
7657499
4881326
5722091
540270
1102313
14099143
8289165
10544851
13524083
7945473
8373650
3472659
697772
2684095
1891053
534519
5574635
2141280
865813
15551845
10787492
6118917
10291043
2557330
10021116
14010156
4119973
5350810
1920550
9959197
3344515
5286540
2654827
4060629
11709257
2359517
1219336
14007558
1406949
4028079
5763409
6833671
12520190
8791585
1091163
6795982
6104787
3817239
6339973
1657009
11859581
12414877
1166972
11300261
480990
12848767
10024360
7324035
8415419
9097703
4556086
14266524
12479504
18527289
14436386
3510846
14025835
1352033
2178683
15774377
304166
1173955
17166941
8994666
7940091
7248764
7604716
8764761
940733
1896766
8278088
8982208
3004758
5426824
9106762
8499366
10841038
9593645
2579534
9500631
7740253
5920314
1347221
8042273
132458
1666529
8780573
8030671
6201844
13189169
1091357
7695680
10634003
12176303
6460102
1781001
572411
4594317
9509190
11995451
2681253
16898633
12412462
6930640
5449024
6639337
12105302
13842908
5996414
11247718
6654967
7997315
6783739
2921645
4765599
7136257
25029
4430045
9883611
4203247
12697878
14131468
4376214
11079478
571887
4883030
12569165
12610353
4529808
13902812
