387763
577387
2574473
1822470
216520
1375113
392047
534017
734024
374442
1519333
327917
312777
1916616
2122301
536063
124956
223689
1041156
2115559
761753
1898568
1888656
720241
1123450
1849873
1514245
1353538
1184748
821392
2065239
3232835
1122896
2006705
4136
1783327
1862174
1017211
1511790
761917
1918835
711404
1106022
130803
1730003
1862759
2917552
740471
589550
240054
2041485
1330734
1044796
290149
479356
1959892
872964
1757482
691275
1552643
2076407
1652390
1920754
1731685
1351585
944520
1738847
2083826
703276
811471
598224
1982192
697166
975399
1174369
2169431
851697
1393037
610001
1935983
444670
2209933
281147
856355
173252
1047436
581803
486231
753109
1898575
299617
924966
779736
437646
1944132
521039
866121
1981456
784021
3036875
17402
1952729
692027
530907
1280639
532101
579345
1693027
1953619
1782767
1390053
63973
79155
1920600
2268549
1000147
6345
560911
268349
834443
1625062
1429215
2238272
874117
1798134
659202
1458996
2725123
