306
55
208
297
235
390
61
116
78
12
151
452
156
275
284
478
163
3
417
108
246
70
28
181
342
259
35
339
295
326
234
408
228
101
188
44
580
98
628
195
152
121
74
335
314
247
243
347
745
285
84
141
7
356
483
359
142
358
590
178
572
215
342
98
147
93
116
157
450
413
95
283
62
567
205
78
316
243
576
363
139
120
167
250
503
371
36
219
420
273
151
55
179
90
227
76
147
3
49
176
34
114
217
34
355
141
166
399
94
298
232
47
88
105
215
224
799
256
448
82
47
233
218
37
545
99
21
377
329
250
338
286
811
357
573
12
704
301
634
316
3
386
248
199
327
56
89
254
242
52
687
208
211
233
175
290
339
364
255
337
385
124
404
344
313
310
576
74
92
15
220
220
106
124
173
262
663
147
135
159
324
298
31
296
234
55
342
124
374
439
286
508
464
174
3
237
552
265
88
49
488
723
327
275
343
327
186
473
118
147
149
531
84
930
258
96
434
365
88
97
40
62
325
651
67
38
75
270
528
26
149
335
165
62
209
317
300
91
174
363
227
217
132
145
217
160
191
769
447
358
9
110
448
3
237
459
