3671112
285682
3022200
11312347
8315639
12194219
4377887
6864792
17878018
4568036
9052038
5802115
1402601
1167067
5738692
8005059
12925747
1459988
1427102
5410443
4901857
4262069
10017474
19977946
4523224
718609
1655133
11335573
1780822
8294477
6831848
13782161
12872100
5751010
2024493
5758716
10139431
2925054
17583230
12729820
4631538
15377710
38360549
5971423
7215808
3970935
10611021
2453128
10212497
182836
7541549
12673844
5595317
13462056
2474716
8184098
11336822
11589488
3331619
5854241
7914354
12445144
12373376
9836565
9769745
1292990
13172347
2125407
7910736
3663545
1213223
13542213
5269549
7807566
1353942
9845004
3026883
300725
3372961
13064739
2576667
3269070
3123497
13490732
628935
7615370
14604451
10830885
8337132
4177275
1568025
7529813
10863503
16293474
19278746
13488271
396976
1913215
3185071
1080115
1594734
3420889
16856464
666144
8230474
3078819
206284
4919044
2054731
9959596
12906584
7237244
1401181
18103072
3492937
1046007
15089224
3539737
2955140
5173049
7151044
13530466
1610249
12997070
11162523
13311707
4692289
89762
7130865
9872993
8460072
8929728
9755204
6745681
9999012
10690978
10376813
7082630
3703768
10413103
11947598
11241814
9991259
13335691
6572982
13329335
113369
15127913
1507572
5022141
954072
8241423
11448
4780252
4996436
9146151
10054196
4145669
10905165
1844516
6777765
10671888
3868220
4661630
10563505
2062460
1130846
10002581
738942
15262116
9275422
7760236
9944734
10067428
5999720
5265313
3894028
8830265
14357196
6311633
18218376
12330269
12165746
8910543
9390037
3317607
7446941
407697
314801
4605170
75883
12194363
1311417
7347287
15980800
5868004
11339847
3299532
1151173
2604747
10341183
5043207
3861648
1065553
668755
2818191
9502363
192160
10293291
7844018
9202831
10686972
11411406
6253215
2955226
7305588
666847
8278414
6564188
12330012
4354051
11887175
6502466
11474725
3792547
8408569
10723044
8832558
4669079
13434436
968964
12368081
2543637
11110800
3368114
4068004
10798379
2712794
9713670
1757870
8725419
10359912
4539046
3571201
14972680
12868255
10675521
14384597
1675061
11321376
6123884
12116391
12067645
4428194
451887
7064409
