5912617
14280517
7569252
6080103
3205504
3772633
1651488
7201
2368004
1194351
2418881
1290588
7440977
3637092
7315352
1111594
3774806
5277586
4091033
6025645
1013928
2236493
1678444
3481127
4626413
10775185
3722024
2473545
4173681
7872655
8048596
5365820
5917482
466241
3928399
1478220
6248749
1065697
5979223
485091
2511751
2669594
3668788
1768189
10722221
7047880
4439221
6073034
5988087
85372
6802587
7802051
3158600
3470544
2404640
8003299
3715882
4710453
2310682
5028119
947610
11433635
3555190
7742762
28371
5038436
1926346
6039467
6612470
4026896
2212060
2193807
2831733
1862148
1004181
2528590
5910916
980682
4042710
6569927
5530161
6273392
3477553
3809910
3956628
8526858
1108536
7338338
8141828
1680263
671964
1315114
4609637
1494050
144341
2914853
3354633
6630714
3545406
2496617
1166878
1938460
3715568
9731944
8247503
4857409
10219809
7421209
2594148
3247974
3343250
4449802
5813473
39309
3240127
7880348
1914730
1511171
6090303
6027204
1738181
2514148
7285306
4851269
6041716
1064013
5689892
5866472
2782127
2678568
8453203
4713637
9428599
3318513
1102118
5602954
8108058
496818
5176502
946014
4805155
7401700
5995803
10850179
1603925
682820
7500513
528015
5397843
5118768
1665087
930105
3005768
1371682
5100269
4716373
4157287
5041379
2061549
6767864
2598123
4631661
473224
4881924
7225315
5897438
5341142
671720
7280703
2183988
2430859
5628635
12683486
4904079
3973696
7700894
3429167
12597115
7349540
2330093
9508783
740858
4766054
1989797
97294
6730306
3662747
5920261
1735401
6958957
5089861
1205336
5914197
6869946
6604699
80093
555515
2376188
58016
4287337
6415909
4219374
859647
2558192
1865148
7579679
1875458
6232017
2987766
4037875
4314959
1383363
4300841
7682749
497866
4920437
5212588
6405584
3148069
8792179
1043012
4997733
6737796
2829623
3142821
7492064
6446837
5174731
9066419
5270681
4760964
3634802
5126808
5148711
368356
5460819
1237083
5155415
5177287
730833
2195916
4833776
5195970
807305
8331245
5386889
7358559
5617840
7004429
2659
5350778
3467169
4603965
1596685
8761290
5178057
810465
5978839
4798252
3689622
1617118
4339922
4688692
9277245
3527544
6904105
5096523
2286404
853118
8355385
5637264
1939719
4820641
12969
4006906
1612999
709937
850392
7013899
3207910
1203498
1176652
4374514
6866423
627103
2202199
930145
5438792
34943
6011078
4454171
5158375
5157436
5664965
9750958
8082064
80992
10545206
2516377
4267031
45871
10296133
6325984
7428154
7858210
2308925
6529395
954810
5790677
5225414
5408314
581784
4183004
6058789
1231083
5915820
7320068
3896600
2251901
6991104
5091945
4937943
8690403
7231438
2867375
3349368
1405733
9475060
6748134
5913585
6081382
6055762
4497239
5409422
1914682
6173105
4874993
7101122
3677798
607044
5786194
518987
2224590
4159225
8800510
3542647
9709271
2245976
7160412
4281936
869336
1435753
8771649
4906269
5777392
3378646
5317458
1814419
326771
2426603
7086089
5678927
137703
2975867
6939336
6556425
227522
1614620
6663310
15847682
7607444
9708749
1477281
6431363
1948080
566687
3509980
4199680
3917125
8770258
5853949
5577790
642941
7211572
4894499
7648046
4660637
2869932
1951266
134912
4479057
1167992
2388095
373652
5035092
6552931
4846705
2837594
4425614
3001236
4729639
10337381
3778152
5734896
9987312
248835
2444137
5681247
7821104
4940974
6301480
5067207
8251135
1811247
2183830
2898268
3126282
1729613
1643783
6686362
4296231
4471663
1115149
688227
6674068
2953396
3948858
2451885
6163709
7333755
2035079
8672524
4913405
3974154
2470070
3786218
1022610
823956
2250207
4677223
4011322
3729647
8073018
9021650
1984112
5148234
2227715
6115307
4704394
1717943
4971414
5178781
7063343
3192921
6265750
3422445
7498640
3104205
7878612
5351343
7307625
4321695
9571885
5471324
805696
96535
1973456
4300705
5919319
3693811
84173
3288826
2520315
7850585
10178292
285498
5846217
6065323
6527364
357066
3795846
3330312
3770373
5740281
2516564
8551618
1443729
6675712
396937
3109355
7977968
3707892
6477006
10037284
2258681
4499796
4681103
6272670
237445
3954012
1330887
600494
1434069
4573384
5667114
4347520
4136323
6706243
7646892
6080307
3861225
3595477
