58845765
226182144
236130340
131294499
78076771
52593506
1
1
451634523
1
39118142
85482969
121043688
11633793
141269534
9896364
12585776
127025838
62025670
1
118629138
89190852
28289055
1
35437286
238327874
38327086
245713731
130970521
1
28570458
16524040
34969619
137713231
27206033
1
112892435
14515473
79121436
213719418
9038722
294652230
49384273
540909266
15183428
1
275417031
1
61987667
89050487
1
81076910
100762985
11608611
49291245
130775799
11536443
7955537
0
0
12463304
329544843
34856737
86129705
120281930
257722819
1
26559043
1
481942
18508148
92407314
314491234
32227772
150950808
23803524
57692229
246622986
36559875
308118337
20285930
24314247
65617825
80683332
48211793
0
73855355
228635874
107895502
227044249
127852658
29067910
53422897
18837319
45247404
42743877
53632749
183969947
211623253
1
1662245
210959048
23345785
34064617
11896677
62163886
53465212
175580732
290955473
30250797
11960899
68589527
63137823
79017810
17449916
137420218
95300916
193201748
57788484
12062158
46603351
44337037
131972491
31164471
116620484
58836411
247093832
1
121444315
27368381
44097287
19883973
72015073
111042458
39386860
102334502
36631396
170586222
121482773
1
46896898
85327449
145180615
19591414
201721471
142186682
129250213
22371919
747331
11001383
109397049
33700377
3779669
23937069
84550972
203571276
97178141
185425167
200639248
160286960
47135984
117662053
103295981
18190136
231111891
18645662
1
70910745
329567000
12861234
114554794
68542683
32226388
17018922
231877025
193235278
15555392
25153889
52796821
363196855
10490282
284534725
162290156
14511032
270594370
3040459
80964521
14532667
67868860
2144280
24821239
8354080
58442090
91354721
37146237
1
74877992
23620393
89005965
64194051
100042434
16023272
10490092
124482344
271868972
0
94673204
181975846
11509636
2795773
240228420
1
19014463
47839882
62819301
74262736
5856164
39905714
13208154
118387580
9217390
76226250
4272783
361227409
223060141
29736624
1150395
16921338
233251433
89642074
76959824
0
266443790
173362198
92586370
1
27036838
92287926
329241204
114751602
76706804
138070530
193722921
7455508
94818853
62774191
62890586
1850258
329410441
9974423
84125258
164742633
49785357
234433096
13077951
323409551
153437399
43875364
59959165
124790651
16136010
210996091
102151669
1
64898152
91101110
623788074
24430356
52711934
4024713
47601578
46162794
108573524
277894666
3236780
0
66827097
71094091
5293
102048502
21728934
26065123
614423130
110475659
272905024
29866196
55540406
33866554
61737819
257234926
49079595
143416773
339483953
78655981
68444981
173716724
38275203
22065831
3068003
52499837
146132393
172020327
48204506
0
67519704
462265494
81341892
26689828
69233717
551204177
187018331
16211189
0
9590310
5946801
55790961
15262098
112022183
93204511
176395500
132426333
1079554
114856374
20028192
111280345
94251075
56002720
37049444
118080511
30872445
20176706
0
52917732
149214900
11565026
144405658
80879685
0
9579268
1
34395551
20065895
41620270
59342463
14179682
90330658
316032904
1
185218415
115159473
11928437
1
487263781
56670021
79002693
51464718
52645412
178521100
50757032
170284721
127153508
104822345
149960799
299656693
45343925
38582709
63284053
108985055
22322425
4522201
143668458
15910030
0
71285124
18426784
34809581
2526761
101732565
105805817
203434226
60288604
125974503
1
192587527
13057232
238337558
170388404
0
63828092
38291021
267527256
99021656
9180819
32918899
31396939
10617213
166647124
196806389
116977933
1
4690665
48011334
69229992
2500069
334636354
7266124
74666106
0
9433632
4039623
4167481
94888058
13751023
1
110669579
504066271
1
12554301
205215713
58224821
61733817
192866017
123961911
38388503
87103247
36699871
14970773
293836754
49795377
26761556
71732831
69854811
197361590
105327275
144791391
89006571
154223107
222337674
102909851
191882269
164809429
57536359
35579502
30994688
181611978
82570432
60918268
138370534
124839789
54069236
187288511
26224070
248473588
104258516
35515224
63960806
260185879
3929075
45331598
357001442
341223200
90467889
95288559
40212756
73136269
54810325
54341656
60159782
73268663
179155113
104826358
1
65097617
202931173
117458469
17657948
166056959
118122986
78829369
376236283
1
121187811
181119131
24535442
268904574
70230646
1
13556382
161860856
31776974
121961708
37168380
24251141
179314172
1
18197923
178864251
86095334
40078945
1
14932543
127735489
77281638
9425689
6300557
128663363
39079685
156802085
0
53839124
648067
54008169
190076416
273160213
17400008
134037036
75087346
197691718
54737115
21100449
39268562
11613360
1
53468205
238725474
38699793
185479746
77272264
285873860
1204375
12017091
1
163793973
57031393
153203160
131898098
288935590
16457570
102479771
231164
195651268
56584531
1568286
3088106
108804527
78548430
0
544762247
81008827
46331000
60061382
47760052
272669302
227562439
46086673
80926658
297344082
29082425
54311347
124920514
1654059
309185129
130839017
1688102
115094302
82248893
56896129
40413021
1
123325886
63266861
131719059
0
16731122
45593329
105065405
11023318
23750915
279955032
60652334
76078483
7764199
32016685
80795772
0
98976804
54886054
104002747
27545205
6132554
151992972
16928703
77833672
185231864
761503
38513131
71739204
49540174
6966713
157791125
0
131157300
195965831
10609806
23903529
90639960
1
37946469
3580189
290330786
17378437
0
66719845
130605374
60578106
9489665
28439475
12715833
166361592
25067760
107316013
48334431
20208164
857539
327779631
19259756
104047813
159729524
42633621
176809103
156155160
180660843
207295375
221552629
6925223
20587827
103396873
106244473
195097393
0
34782304
120514213
539236502
278910629
29416424
72479233
89860561
99700463
191595862
52748381
67855668
154165832
91609569
150840446
88947177
42582131
62663279
31525014
15298276
4394672
4045364
3325480
123284247
3453630
56630556
177826972
6300653
23611278
96669781
205359644
112857592
4216123
12130512
442081987
71451725
12796122
29805358
294282612
13576424
24899510
1469818
8764057
33480725
24772742
127471550
102762855
30909581
380312134
92044085
3658124
373675927
219438229
272189598
5596098
1
26058042
169914072
59558091
223991426
0
137114804
0
111044021
1
105067310
9081023
18696997
1
23786591
116683939
27715222
24875684
83591238
34775762
55014167
0
625202
53519930
77041266
143418739
19993793
141022474
38727836
84113444
0
6300397
68856457
109002221
146638523
23867481
0
284585192
103295483
216093955
227931531
357750046
1729578
32727533
99420041
178394842
14642537
120842543
1
27131625
1
12514531
2801203
1
162106572
228946500
9885427
14568175
27417759
55071417
311864626
51180346
96851398
103042458
20497727
6587600
62282284
52804791
44293960
119375069
152659228
51446683
86696775
32913485
94834716
117099603
0
16069622
14742606
51499275
124724518
1
478440955
118443387
16974127
274857775
43723136
29626746
3100790
5597560
253799038
0
22857888
100377279
0
54478689
0
134565783
0
75726908
172856
214901270
4447028
53984486
96873036
1
202435975
10054197
416629
52893740
179138205
122680368
151810618
143480682
73537815
156137934
1
122927003
16374125
29991261
190972327
5757782
123912148
31861229
42842192
151359292
95374226
288462813
104274521
85505291
80196153
29009049
104029690
1
14287589
176752923
25162941
492597469
12446727
23589610
457532666
50345038
194917936
140677542
104203861
87126658
42317647
34054286
202715230
11931632
129389998
224212283
0
1
110991686
354728392
29645798
17116653
51192760
20909624
18695116
101121862
85949209
96389776
16156698
49217271
220134869
246244126
324572753
11183073
15676174
5789484
71177517
86591800
93710040
113921915
0
30408642
104780921
187026904
29324465
348152163
145544386
168885304
37177220
56532526
29275908
183864173
1
0
21939669
63346913
91955121
94676415
354787
42996285
15404169
213290956
32886759
80401633
86904647
238498479
74439174
99505756
133682562
47735328
46961899
115819339
120675970
140234596
177795047
41739710
1
65495678
70173328
246639
5148402
3930222
319741291
64277834
1
145152164
1
46237525
138628944
146530970
68537073
127931281
12972503
284550269
138107151
170588573
105770644
72917287
141046453
141249311
415423145
23693425
22491855
112324532
12802379
16307044
0
8124126
13718861
28759374
1
246309389
18791420
120201135
4244686
89314334
5370874
40333740
2582009
67760736
198036815
149363765
59324255
79096385
1
83161217
72126197
49835166
111205959
80992968
43054322
82102200
8319449
223014468
111723724
463868
95466826
24241822
1
140673293
8554852
117387720
44779853
152002302
381192513
2350591
58288011
185008952
36004867
60939192
676170692
24255949
6636487
94629945
20459547
64935297
31181792
46819337
165107909
146415360
125912494
361628813
8327048
105415141
20692200
184167054
239698506
6347814
21204629
287574721
2375873
22834531
0
65139613
193381617
7968338
85300653
336724628
18533283
177905955
95128327
64718733
105932118
109800428
244480232
77445929
68121
127158006
139965906
306717216
104617348
360260396
126245516
67924866
276878631
24526006
85376700
60268805
128961671
61147925
8607745
202465792
59471753
37642079
43919571
0
17856374
20166574
9281462
86357144
37105677
41140221
177717809
22119455
0
9467480
44302141
13405043
213621594
3848179
8346381
252180
1
1
191382786
22082338
2495546
161483253
79347086
209807258
34740093
1
31423904
15018854
179334147
100765365
113434909
66170551
15894993
88845258
11094274
272688552
26560761
98840165
173986168
393452486
114660005
1
58459331
135918869
1
184445941
20883325
47067995
0
100170425
200009365
1
24472335
69936410
64701048
1
128578131
96518911
7836128
45834191
16961265
4676309
132597452
335551742
381737215
55115495
1
102447778
1
1
15980420
51717214
229427333
2023724
0
12943585
65663099
172735701
31555040
0
16231775
1
54480694
2880356
2383202
9408467
28089516
63715175
796772
43211293
2054062
26556895
15828291
292406698
97627045
81730357
40302665
64999362
7456510
167177886
21979859
5890234
2338364
262399888
1
156795802
473201788
369334896
370050833
27781571
104776725
26249799
84744087
59313736
151303382
361082986
138488061
20753823
14541705
138168334
29180412
44757923
35720381
84828307
340280114
107708627
152519558
82312128
8056866
330217641
0
276411353
176055767
73911828
56915166
1
61018409
15109320
168264036
155696786
318109524
102934009
100750372
143789459
81875740
49686564
37246306
1
551508
1
63672410
321960675
5085187
23392314
0
134691584
86795619
30957564
91113276
118555972
1
130553214
9828765
355646882
130852815
32569496
34728646
365988730
421804135
37529732
43634168
31436815
149916110
51264859
167188793
5777199
1
0
175272457
146453147
161145492
29611089
95268534
1
109811475
131868371
138333896
5037333
91011446
93565012
73392897
1
80851427
17312081
138756681
37298026
170417519
96039409
9711609
101670453
43382014
0
92154885
45232819
109276230
105762004
49613899
308064492
68709151
45485119
50785857
124199009
174810952
47185315
15166040
115248753
136768039
127182302
1
0
38307234
30165337
36704789
7206038
8726471
154205927
80556140
26547078
352798709
122642256
9543045
48772968
119660546
75639576
73291231
753506
36952173
28028514
110694305
0
91585320
64918743
340804939
19270911
7410354
9718377
135618607
7738324
288317969
288121117
289754684
96667599
83351119
88163438
94504989
137267964
7175065
31910444
0
9232988
73775443
37005481
1
98925514
15941708
1
109346836
147176839
344458117
188462317
148437873
180715752
203234902
67800494
302069389
91795958
332039532
81393798
20176758
31874480
210149842
109442983
54884068
50734664
83300332
135537208
206015198
36843952
37365387
59912843
28735244
1
96633795
273758802
227083299
24375100
296494802
17386921
45825220
87873351
124604137
135212861
9026335
56602812
39096857
1970213
10933371
0
38701217
158512325
37410906
1
31088190
16840446
102896456
0
30287936
166844169
1
31867095
3546097
12301538
8260133
74531573
45975151
35266733
362584519
4491287
16410635
150941580
46013489
500580
63771105
1
0
1
147203602
24217112
29648427
80680876
21233037
8971211
38320309
175289429
16990401
37380610
0
95218233
153087778
14046616
22332838
12301529
12295545
5878895
46937438
79148479
155902523
22436909
51782662
49601244
0
17385358
147650924
73492186
98401290
1
44448929
1
55011387
177796
24620927
59544739
23185201
126871868
109575770
28279702
92424940
23257535
410518936
137135276
64043339
72936484
54219605
132114232
100825435
119574392
20838712
1
1
43069468
18876353
121361752
21005903
32402089
124324031
0
96601204
131318652
20330134
309292464
88967087
96085933
97923296
77591050
303953489
96469711
1
1
22027480
66587854
1
78365924
815444
20457057
36997069
22081566
31124091
338624252
244960495
35730888
75413868
10478256
109521294
34463284
46650
978958
107606134
141767289
0
90577454
129308175
0
16985603
180580830
108559882
144259724
1
60434032
10320047
31690974
76876552
152682384
10075455
127986609
56596369
218920859
16668580
62659691
268848087
18575503
148833312
345561099
406385372
241852977
54882232
0
1
24273738
211906517
169753038
295750550
31435842
6915272
110784592
320968601
34289573
18313586
1
38672605
106320819
8715082
4414496
165004481
362697137
133219960
381350302
110440871
145558553
15674939
43616911
164495849
249787426
536606351
159666073
14331176
123788591
1
204616544
49335742
66997904
27738883
16604886
108787529
184610305
2969308
1
38203372
152449798
419921102
166515784
282166567
3687410
3170665
170486356
99478071
56879500
175294756
34729387
111228629
1
293087872
35184126
68605445
354786506
9412429
100398526
27398780
267689178
80833948
44059572
184186359
79587974
8442489
0
86967601
255872507
283480107
679374462
90953145
212942160
10263110
85991508
27885657
179105501
36591169
23770796
31219437
24142224
339817597
361650983
27605812
47631083
18043816
62333937
76298273
60230514
61988511
29717190
47049841
18994435
76991963
31822734
100228610
135377727
969110
203978760
91574824
40611194
133933577
134050403
1
55516276
89079189
14369612
48894861
24665792
1
128866766
90106186
90921682
48568581
1
48536989
69760447
35416699
27411938
262521075
9808364
1
391837667
66326560
264462378
8412122
72130617
34456698
29669341
13164407
142193848
1
11770669
62361767
14132990
86136643
1
47673670
221052610
73704343
175617984
1
69992304
16835381
719897333
40862986
264410021
444944059
23556730
14488230
759499522
1
16807138
17514151
37399017
5054027
1410779
80611555
17011681
28134370
152544782
59621935
1
52348233
71535802
9146884
38943122
154015748
11955138
1
29634980
59765635
264103221
5322237
62356770
54880520
70184772
155216716
253424951
9102412
42459720
171294294
23660084
22783115
11569789
104217900
25834068
99303995
54331448
90865194
75156592
1
202789335
812544
36537197
1
34445852
152162443
2983435
305354
68552133
183261607
1
1
35578681
25562145
190732353
176943924
8116552
83837375
144253236
169226831
65760471
1
9241211
187635612
114157557
259435458
24828237
110100241
162309125
1
4964634
260093102
54170
79236338
39632300
247388292
69356538
1
88680575
34876737
105342472
34054401
24096345
109623949
11126741
11123757
8316755
104289412
71631445
32210181
351697064
151518643
300909677
4794879
120268021
1
0
108895169
73763535
224780949
1
6930985
72311461
135103604
186138052
167123968
141015482
192448565
0
43421776
1
164531115
12050448
76597996
104963573
26807524
1
75673839
20225385
17665628
26612838
1
194678304
175707077
30028668
101798611
21421070
1
172805149
1
297800562
86718990
50123690
413793361
152748157
15673442
23371993
26742944
0
15905664
291052110
68667570
119403219
105644467
63513018
9151998
0
4469242
185875796
36105969
125475096
178470945
106249939
1
183243577
1
86782198
88221779
49599132
1
61657474
1
342223080
32191966
11575547
7905797
103352246
5942811
16136524
172181474
45188253
57933163
147011660
629780
178582091
157757332
24802071
6896141
193262890
28501103
86202781
4403761
53193313
32897087
10621447
1
123944697
14817561
79596607
0
79751603
135643640
0
59782060
27927625
77255239
1
1
56025591
105054563
114221134
171877229
143000582
266668162
46134421
15925373
41015917
1
106905467
57885877
109969371
78080712
25287899
0
77352564
228730204
20319703
32951912
135483027
86707945
48015735
9478284
14284232
518403505
213764346
15826679
201781429
191718258
294262316
212295408
193340150
452891
1963802
58253435
63088656
99596413
90852097
51069827
21225221
163410635
446223224
76967175
116050100
160589190
200268150
1
93388969
58091828
44427721
56460452
170817889
0
1
190931217
34070239
40113260
88749181
118883944
61164167
79168104
12763822
263803042
106507540
90234981
369820564
194825454
52177029
40355150
229451784
169034158
37261335
5336322
1884895
34685010
265690792
0
194320312
59215464
318298061
139879386
27881977
52129941
55188
14337841
27894492
67882952
8696980
55713407
38875832
27980205
1
72430190
83511046
185227977
241560663
501534122
1
117720746
0
15579685
70114486
108005686
346426522
63310997
98640527
1
55970903
19257012
311574029
1392642
124984105
312442962
9603783
125530254
19334734
18009455
347146968
86014348
365897857
362781157
13920270
37360971
15259740
8449874
80083206
54473936
1
4466863
35157380
62250952
285332745
70890011
162029525
142209023
1
188589867
103985234
1
108934321
131841874
121635062
11014372
64775614
155098448
47523086
251624963
50258523
82130195
47730502
125594213
73798369
175128975
1
33409256
39459049
426025184
0
58172686
9344349
331405946
522704548
74646441
48825510
174638817
46672082
39664034
87738257
46764468
221625814
390941178
19038687
404698567
117050084
6049178
15657638
140879852
73141814
166407093
5036136
13370825
561909547
96185442
107977992
245740925
41239521
190439331
47209648
63573721
0
254869739
126128749
33180875
48173895
150143557
111319072
60731193
34228067
81582214
98817191
27244355
0
87889151
76819549
62762194
124321
60830496
100589099
98247490
3394675
116358918
165365291
489732753
7574761
207366682
19220631
53231702
143736147
21093921
12698360
0
190732853
28904815
240348694
63118525
54589010
336586981
5397649
79220124
22494843
15599842
1
138237232
64320020
143520351
106252088
26523731
5492657
357378148
22902430
154389285
267088657
121518455
1450493
90915140
110192631
1
4067431
27790960
5750323
40534749
99488553
1
10936513
2330553
24266160
147996418
485252274
513428544
159390441
1
184096678
1342746
80180016
39137208
91514641
148289252
126507891
97862979
181376178
7955499
151039441
1
197337669
12540468
34602466
77813130
277531120
54605905
85896193
73955494
80548384
111780924
412763701
143255011
42049739
160125866
21702444
103779015
1
1
0
2059320
1
190111187
162875888
128812250
111921566
3012172
1
6021549
56170090
19598632
0
43973453
48114819
45269220
78458995
941684
366699165
16917146
2717978
2910661
12438555
56548208
141825728
89483692
1
22756671
509828161
122276889
569158723
8784703
87602383
261481
234581930
225510697
46116053
93690757
160787077
105986969
75228445
18946013
159100841
96724099
150504875
86370758
19562880
112050471
78535945
144401180
495904248
0
148198535
1
28017969
46250956
77980454
56627133
152503742
66013311
175681258
1
4568732
67628417
1
103640739
50255483
101151525
5823641
38678143
126111633
12462359
80075401
291302818
534575435
1
23834319
207703847
87528560
63687778
45057132
107143224
25215321
219113589
230551525
29230752
50157863
154290098
15353140
87545261
130742080
11889849
5872331
49535490
14207402
74153062
1
1
383524168
220748123
9777068
1
12227591
302058
20648487
81734761
279137153
114650985
79448418
2176207
1371208
5963254
89098112
6567646
359825362
5403469
211048127
45209181
158627431
16381095
60633689
76792786
85847666
1571859
159967591
102589279
94767922
3653153
166180973
73586757
14641712
297761243
200543881
199067666
29064451
185753689
22601632
23029467
41439431
0
227651485
1
42950187
333019262
134828469
188072599
56993853
0
37394932
133763321
187361985
364117034
276764922
595718
60240785
62716263
19075086
353052132
34022670
1177824
42793117
0
34538824
23117835
247318804
7776149
1387532
59383133
21937183
158611549
41313451
21121195
30802701
13703511
346978319
172810392
66875420
210351562
165791806
193594594
2760048
170479348
142467820
153153188
204917122
601110959
68610274
112704117
1
194898681
237804953
106600699
125287959
112131408
94835645
26964882
56502725
1
14975302
9713151
122341876
132204837
111300228
13749498
4216330
997540
188022376
24308760
133621882
203134078
191207837
8559144
407543528
61088030
301787697
26942979
160713273
146443546
21321090
15962227
84996088
37539418
55800957
44847
14752825
1
77952869
30496344
10351030
0
104519048
130045101
149740665
1
53370187
8594891
1152830
0
70837187
85107398
4964901
2209388
95442956
21103350
25753480
367849861
40494938
43037323
198149368
38183725
28950798
199894776
63277720
134467761
29352366
36086648
0
1
189570491
48172993
36557325
80860279
40455336
115911530
27485086
364036189
12863160
37379088
3446004
95696813
9639626
25367723
431767
340576872
349215159
220590759
413816287
54869911
127145966
61627191
132305417
85560901
60918153
10567155
46780200
192930392
104922702
181409032
96489646
146927176
137108249
172716803
1
159343107
65438361
86906840
115190860
171182774
1
162866779
106314569
88490905
110654194
3267499
5863649
151566867
29695792
24891269
4162014
158191254
0
167177058
1
156934713
163197769
96368878
10155106
479358328
0
41066511
105024495
82782931
6962031
169586658
218147050
242112810
5355028
110017128
4157588
15881010
69672180
76375045
10805895
96009110
305817442
22325125
180704447
4034399
49414135
148579630
18286354
250331837
5764084
34849090
119780242
10584852
251135136
14910584
105615585
42379584
1
98827877
205254568
3647361
244312538
152316706
21536135
76926795
28733832
1
5735089
264004994
56559513
1
62010098
30490377
231445111
113762519
17572575
190636344
161843115
176652302
1
166569172
65910283
52425407
39253390
2857479
468279383
3892233
81998484
17489558
182210689
23693944
100611308
66944257
33576524
38153141
10030258
45835875
177154403
12368830
81102466
74896978
993401
23740822
12826254
46315368
87128666
1
125822874
16744201
125994101
49378160
2014526
11958714
11532784
295927623
69664339
623535794
116849646
102134715
83055099
141271931
2896981
14875973
0
135170385
1
255915182
142303958
21669180
332743027
0
0
192248087
1
17135065
23942416
70084767
123236876
41657741
0
382156
38177936
87743140
0
7454254
107727675
111766080
128205140
60866871
221294188
31197367
22573991
16904917
128627369
94152494
149431980
146361775
27326573
17786498
205512383
25444419
14488025
82380954
61724113
9878659
87355683
67698649
38635571
18346419
99944120
16896574
355768096
2426013
27899983
2353290
61283087
34179913
41602113
25458133
202633335
13245274
15591732
40061225
82886590
139978771
60261025
15774182
20207168
0
54493067
87197347
15641676
22164834
16654512
125164747
33044286
428194159
56449641
24994683
127767088
259928762
81543860
3487694
192889298
23845315
189291339
1
18030180
82024534
14379053
16487754
4359246
215247049
34174912
118581449
99570128
27898515
29545393
167374098
1
88064883
248636672
1
358018926
92623123
104429143
46216129
27343340
139779894
151327247
85036251
1
91129633
57576118
73459465
140764353
67922941
9228778
22261228
424967842
58678735
13987274
33475027
1
95860942
230426858
60918764
40818457
443843120
11229588
266659823
55305343
0
567529412
178653387
142231691
130816292
54661941
1002592
1
85515852
112980969
72889842
566239951
1
24496391
143268670
71981131
487018900
28413092
21514328
1
21789667
109861668
85167351
7716761
99660297
17824680
63686151
224251471
1
125495774
238027141
54912848
10113494
139283736
180693431
82328885
53499760
1
110259215
1
263057531
58194986
44895772
86947799
1
187644241
10892995
196923
248447806
267079159
296129683
1
86615098
172969217
513957429
36271524
48932539
40133204
74425004
14044380
264349451
144075327
37620398
173349448
11174310
18659378
57859193
32226067
36558894
45393383
127771102
45329554
30823095
0
84690700
78492061
35413737
202159134
33923035
24076455
240064751
189168191
64837118
118773147
106227266
26622901
64352299
9583137
0
236399285
30839724
1333287
117276118
2428295
429264553
264040411
260208531
152977685
88169109
297230269
58061574
133717359
182600192
192984986
98078278
39916763
16120741
0
55732084
113565156
537776563
50573978
57432042
128136198
325117881
9201065
506920607
50111310
11517942
92637927
109686741
4386584
529923
18862511
62662449
35411471
218194363
292441722
18474319
147369759
28654805
70901454
75044168
43631298
52649239
84363119
58571369
37022816
14864573
53915912
59047311
66508762
21329196
19476682
198994959
29398331
3133283
15442979
83989930
112781779
37115996
52783983
9071682
253650760
31904491
105997290
121643881
19403021
286389816
10483506
101192817
209422598
5945150
13378391
7398351
199996838
154359936
0
70958363
51199880
354835620
123919808
108083097
62146491
145241497
243616920
112427939
16610014
133906266
144491114
81644062
102165006
72868843
101034522
51849784
388040115
13423418
15202961
19926631
3671280
2272633
54453103
27747265
155065305
122878774
82401421
9701540
254988693
182101408
15913317
63060519
72195615
336579977
0
210458629
113722869
175216121
812548116
1839215
95417575
59724562
227093440
194186832
40953267
256270542
156300454
1620060
47487061
83107837
0
191399018
1
300418784
260440477
144625233
0
6168081
21622229
111031199
13374174
27470529
68184805
8489717
93366736
26563670
30380310
11687544
71215092
69823552
106480309
90203593
36673672
79581533
111062659
30474855
53117422
4767300
170664712
27982366
357318942
10398357
16606139
78618003
0
172193364
103715219
112435146
419876546
9585625
273945092
10713580
42764522
265670697
82517492
100833139
117443178
590028702
162530915
57910989
25155318
54504547
11824229
186654342
11607709
171283138
35041325
46660067
4849159
185576637
62987086
46830145
140367296
1
225710945
449861098
134941216
58305142
13359747
0
32244901
736358401
86979903
16172586
189158498
42367503
204161209
2956322
3104777
76127017
205787819
3183214
90672976
102961149
241524525
257798257
17646867
30287462
67943048
208353449
1
8781048
14461305
4064723
1
145646204
3888073
724892
74833899
45738502
1
14860644
20512408
276509528
79751295
32364332
29131826
58693044
28959995
0
110437175
94470276
39552984
55578518
44629905
32343374
58394992
142651178
2378358
2272290
22303145
0
65138943
106622580
88577398
44538494
54701520
0
18957439
83958100
126981171
1
17297687
261414403
194634691
3126628
178706320
157350119
106914800
0
17501872
91802816
24267064
78884170
21150455
12530641
122413151
18980990
81905176
54348158
296530345
4750838
69624134
32030678
49169241
41391413
49565784
461691810
89813049
118112567
118627093
29147307
171326376
117447212
36446838
173298923
163448787
12494564
269405344
502281620
21160552
136336739
157073892
139695909
11149015
14522596
0
37858486
258173359
67975051
473616993
18015292
93650445
297638506
472728618
14346610
155131048
217675349
1389480
715818923
24004001
115378291
0
404126155
374577819
120543595
19822573
1292034
2571902
1
1
44405894
8364432
19489595
122106496
190445102
7240672
118008977
25592476
138518693
82170035
190572249
39016051
7390501
247183389
55252598
186052566
62361455
357496694
218963115
256531466
1
53938532
159646273
5608775
65079880
67434151
251017937
24261455
164716777
121569995
46908419
57017511
215234258
38613698
67354338
49785608
275456927
122191998
109181184
199379899
1
33356810
128709976
144406093
1492963
44784754
52008418
166206276
66888867
113574844
15542781
26468999
98828999
91993449
115034616
213426961
1
8714195
18378049
92737792
49804126
10260819
9065595
559164911
51446249
43527823
18503213
1
107144520
29340356
6114
41327703
130998531
136106823
33748731
38109933
0
9909279
84752164
112112048
490588842
127936294
49467115
163358
17328257
539717888
275353090
106659474
96525118
224174735
148231886
128970067
230074954
11830363
13578974
237187003
305247381
1
534341415
13631587
22793356
56193771
190721922
1
45813983
286806205
242979128
454749325
264732629
198194295
60911524
0
109364923
167781199
210675996
1
50122391
1
74539558
206567067
22043301
231518499
134854268
104763335
121530421
51617682
188538986
32881809
319217268
13304905
64329805
213198215
67309498
141030368
65826152
70444694
60559860
20709381
169858018
26644900
129626640
18079024
75984108
341547369
171531470
40535671
20333382
44056100
262468023
0
48063009
126614902
4258675
189956070
29186237
33044016
172466865
186775205
4322915
150746038
214624933
109348184
19934517
15733564
20052478
174391404
168694771
11685763
33168411
5774677
470281967
24397799
141906285
1
17288709
198433121
225455831
38781668
65971762
54292746
1
51856243
132046744
44666675
31554443
72661653
16269403
73609235
125981602
30863625
17636139
21389084
366000502
11606145
308933915
24716959
63844367
128361201
30568936
126693263
0
74367667
109076246
61911679
25274066
346764836
178654082
1
170080508
1
58787245
65044655
61717963
401816645
51554375
95188147
7433492
11190574
10005332
1
40255347
44143206
35177935
132231140
48557631
91829891
101515538
166872581
75148550
52001336
88472365
16233331
18858826
173480048
99458914
115933382
156237884
149844585
134158708
132369632
82195455
52755628
45354014
20778898
2045343
101450002
50015404
36999443
145564970
134505939
189731045
39092784
230923908
12058727
73139275
41689736
90455023
47049111
182738617
174015608
16057507
1
189253057
101733257
65492132
105705541
0
38331474
256489640
24667136
3075137
68595836
73121044
186550158
38266961
150512587
287545
495365802
13198486
60710980
29209040
8987480
106592235
178571342
19383789
0
85792498
69232613
153290147
326228311
1
219041859
360667083
26193157
15192972
412654931
169782446
131563840
21957657
89542450
495655349
1
23345709
6987562
108922513
229080196
96754633
40399310
69977112
66764427
1
114647309
102238806
187383252
1
4168330
117397587
59137168
6737569
1
260093714
31379325
15472783
67330102
31171
54883969
253685946
147835143
50785733
200212470
6510001
80191691
94891738
143793408
323921518
128408996
22283842
128593123
99575077
1
9127146
35570073
33179016
214669285
49963615
176350918
161088344
1
78328493
79529432
44690375
58005082
84870226
68048937
0
59558945
3023552
56595791
152200925
74198883
174521231
0
898523
0
11121619
88893783
235894179
57565015
39562315
144804583
82966188
34539457
146548202
473083313
47040291
1486500
367399864
131431624
82116135
8277561
3250039
119761474
61142223
34309173
84208432
40620205
215020283
104936222
35994789
71032007
146844050
84637991
33163230
193631592
74705201
1
281517332
1
104489049
92149047
50914154
45129059
58348892
135510814
478098439
1
226535352
3054168
158603235
39612563
101485504
174473054
1
0
84640607
127333127
1
114240368
137641675
58285287
115706747
104782768
116017127
309558101
61355407
2375997
150554999
143737188
234163379
54857095
283495238
59077268
25349269
3492839
131343151
12805160
187927218
120722117
178488376
130471008
627849
11324825
28110923
27136798
1
103613644
109541013
46196465
86823005
1
5583192
70628978
63867721
162537115
3053370
2818449
175939994
47696725
86982227
117431417
36788388
158894426
131152439
270070505
219326636
57851352
205451515
8075434
102813506
28018982
36840829
66278865
147237577
3006628
4135638
279374625
94776888
100791397
97050856
155757524
133028633
185045921
16249281
21808955
145750959
104595815
534139294
102342945
366957715
333756424
68270138
7449954
82722239
5516695
87535313
73030917
9880591
1
1
0
0
1
374263008
28829465
132596608
1
0
118536899
119487357
56506608
111253697
213108674
26380273
56461309
81268449
24695755
320719225
174610656
22842366
1
301265366
27974099
38322673
145257038
29134862
57081400
61538666
144757265
11231546
81883512
60767573
35215947
74373629
283150768
120454004
366304042
41444317
176456616
1
12914860
140204814
1
218956508
150770924
67430078
21824476
10040868
16685068
8441604
2382787
612129382
49318937
183133764
20280062
56811098
49970205
38047679
52350682
1
167148889
71965883
205672098
104881384
328893881
63603237
1081746
35669033
60516129
1
172494406
13065407
9782837
25585238
1
1
0
52204386
69052101
85131386
242156852
21222012
1
76858057
151433654
995486
205531573
23014874
69295290
176806687
526999124
14911728
27077319
108338471
142458048
240041940
58357505
3533579
320066637
98994503
30978871
70734601
29968481
46982649
95977760
147333517
62430715
36753121
99371385
133756526
8465852
9205675
51815794
89154013
201932393
148883759
155140688
63692562
205132483
78439258
190294709
116407853
1
14858054
29582461
123298215
74447918
86510958
251472489
65655360
31557180
56039655
6526522
10916507
77627107
134427222
22780107
39115721
123203424
153606718
15812470
219927763
249735496
60789365
67351743
12442075
808200
66984631
13296543
304363552
83059050
148931674
16448347
52476660
499039630
50808159
90670174
727286621
5084367
71228236
73459273
2638288
315445432
28172290
6660610
144320442
221012
32374508
30521965
158706688
42181636
66178440
161952129
29592888
58314923
5451865
159769344
222267315
30540840
15474409
3971760
18454523
42350128
75500348
112917103
0
229128270
108084561
255597317
162101805
21537271
66562139
132187593
128761065
0
72454189
6200699
125071501
186011194
42446624
17064725
0
329668682
111747923
67048403
57992701
141370202
13732777
3406677
1
5407655
78328096
1
52862504
31272786
82366309
48347374
109986324
58182682
0
83349637
58251080
109564450
245072966
94874703
42350089
533571
66463563
322277412
90951776
169984097
54435320
19938474
14714190
106753064
108083524
43262241
122150068
56259074
60589214
59264329
71635825
3534726
10105850
64389402
1
167109336
64511792
289551809
89429027
149970248
1849270
39827141
89864325
32834765
160414388
162983325
1
103806764
83815328
101907486
369106760
24659956
32193908
51162440
13702653
55732164
138800607
42242393
28007754
1
270486562
60492024
88900089
80356423
1
224245504
114747026
148418905
123596868
7829378
57967214
1
112433064
94529093
91695674
837257
0
110536439
5020897
36194219
70097170
84642322
34153216
31478128
26437008
67136315
65787289
260225765
42645582
8136487
77753096
79877462
107060075
10588072
54861030
43620857
925500
68381853
75209337
134094173
11239113
66666019
7108872
1
0
19609751
171350626
105174277
153615794
6076854
6760501
204124685
419728691
115428945
57011938
226685532
637891008
464327079
210215468
336580307
18573283
213930708
11229624
66036447
8519209
181056833
77338192
163494993
51805334
20259892
351334714
96702035
1
222286497
162526212
20305833
356463559
364404960
7494885
6568768
307867217
54142175
0
4350316
128389564
237278661
1
15345101
132879657
36506462
29002667
289422153
83254708
35046825
135208342
308106095
184514001
3442982
155367483
76229778
1882538
69768399
1
302133196
89721142
23077296
60845977
17181653
18641351
16492415
205437970
97396466
52867577
16022720
1974647
155269108
572745
22864175
346065100
14067764
282385420
177263238
1
194315093
222119476
123588884
182084180
79045846
17875722
88155941
243247294
7168393
193171159
66096905
195966509
0
118370427
260131332
257014801
21513356
156569517
18392129
268478378
16035532
34574506
0
15304941
59956225
14512638
27357157
203216706
111868912
1
1
1460252
95898698
189571179
1
120103982
316045915
234535971
1769617
132556519
1
156897732
101942916
64452450
86012858
238804201
123306041
9919371
424879865
89328155
39723821
85799199
34562878
58004233
14751366
161034058
2849799
180859348
108449305
122735835
13676844
192044632
13792875
140728046
83487251
1
19421836
153217361
172524697
35338119
117825284
152387160
29884953
123664931
70875748
21618754
100409507
12076169
42651836
190207042
17162897
35261933
243144230
20266847
27029448
14758278
137895151
5067577
88385543
83698891
160686420
127743865
124346557
207209168
19715993
154280073
16780447
59909199
47572605
51164818
276940812
296550278
185462312
5808531
118195247
156250234
32714844
56555034
1
72960167
15351597
415987714
146115900
91448544
311838415
270040664
198481096
4331053
36911328
193513667
1328391
28885841
64840385
38642679
0
127147699
69536365
27054797
11020849
1
8313628
286945306
42083115
190791409
14670943
192499331
4224530
211702745
137517
26818062
1
14527220
86180969
73336667
270042236
33224685
17784748
119487100
176979250
70349480
83248445
50558964
45387696
9827948
517258968
160766164
33941651
13002766
129566927
16147594
0
222096800
1
282482573
79966341
259566218
28647687
77501374
183938694
9039486
21524560
72571494
125217451
1672441
41886806
157664504
684687614
0
61481378
1
39085421
56993761
50285269
211743732
60909552
32511637
188848226
135844063
20526200
53504763
13973664
62980990
196608359
147175180
440566462
1766887
99087174
12860847
1
223923495
0
1
251895769
45293432
60331068
107505893
15914050
0
50145422
67471713
7896091
67525964
52019937
52927165
186085907
40854013
206407884
1
2367698
56073391
7078601
138049531
51885679
62772193
15465601
46283387
241962911
38772456
52644
322543755
167586545
41596343
155483675
3080800
419135283
94112694
29402202
6886324
7980039
113766416
11817399
39633243
100891926
420674999
66779148
95232691
43644926
17295418
340676172
172962763
28933335
99944075
10276169
1
92976858
4662329
49735643
1
37077818
1
22711283
48150092
32617510
79534383
264971482
110199855
81591638
37819697
260858542
111392089
5423385
9829151
17437540
4430840
35709301
165243516
61792250
239604120
244938574
8304865
54914523
12008960
335413734
185026663
0
81649200
71525129
281168671
71553894
134950375
86513416
118433215
6190130
120788832
175220155
108461663
7176562
77906462
44437013
7883746
173445079
107963368
225526323
281548741
1
39661961
139841869
101302797
75547285
79184621
67316746
300548654
28383996
249656357
563105254
206460908
173929696
55653492
207528467
47160598
1
1
240480469
1451090
97313350
55259512
2739594
20252045
95242080
100431045
1
10380810
32374329
27943018
57454858
39810353
29711414
546486301
83000275
46648188
136997411
54647188
110638488
9355718
193477478
5187196
1
14322840
184694135
63672077
181191359
130011906
80267225
0
120996622
2447763
131703639
387826706
83169313
153359766
12857906
168528258
234876962
99411721
40019290
20184430
7588297
248526812
167328313
101910414
142692865
106591796
158790711
10167482
75621719
120758706
159222366
0
133162687
159708789
68305066
50745352
133081849
167864531
106776865
110342240
16255308
29676068
309519850
264753351
1212936
88511677
95636390
23221158
99655175
50260920
1927577
2139301
1533519
59186412
35220454
67536217
97358115
197395407
846820
51012865
39559638
79284859
98052911
19459141
7710233
23352105
27679005
205364543
0
32254690
236606687
186327186
57348586
41944354
94828543
57846185
115337117
153259363
100787038
48063647
87626738
137903908
89607825
155163890
35061726
0
60362525
86201100
118345104
173361768
244534046
81600508
78664306
28975423
104610609
23544161
143912473
52274966
61739248
246236439
307591669
156005089
57354012
41999294
142131440
1
261000730
47703930
0
93481104
12987304
11046211
12449536
0
58623400
65400792
42086728
1
38615649
1
10374814
316360602
14401048
95223830
167754363
52026690
75341524
239380430
63593471
63277832
188908505
448051577
46730263
44155914
496878677
9966405
162058129
181977897
30822831
9050072
105108775
433010053
38187159
95667749
4976418
56987957
143784010
50462140
28039841
98245479
0
98995996
37934648
124205721
14844580
418883250
129842587
67123946
253037528
1
17481153
24916699
1
113758632
16175364
34198388
76014326
12419400
160631002
23602663
4407795
308030998
78536779
83921513
4148943
3616696
0
21809398
189990384
25552764
159058122
1
56558159
13496532
1
41626375
83631103
13157849
0
143392479
30749471
32145167
24297785
192037707
62223482
9929979
3473699
1
37460054
45802591
87282032
113291636
161286071
2613798
140081842
203484895
222983736
16519840
239169352
73396500
115419172
93964850
67088024
219376070
139291457
7474120
5741001
9458414
36841481
257899848
26521935
33384206
180965398
217610557
144413988
81830418
39376770
150190747
58602791
17943382
313348365
1
6517097
17277371
370371224
44575389
235381127
1
16089690
57172645
41802059
133935595
267337835
42406329
210603415
13415914
26622518
1
104490491
114598395
3397507
157049222
26522436
0
1148924
10492054
59647089
2267724
339457285
41922358
132980507
48018257
362033533
29843803
75483200
85428229
148822580
34498991
510001692
181506830
1
80423805
35227559
5546051
183594760
62425799
22330495
27536934
7632958
219328611
186616520
557224855
9890185
31158327
172461034
1
201152570
6103971
250962763
25601424
1
120775779
139122599
6511909
171997196
68748665
35408005
34473801
39681384
155380970
75029474
116462964
45177078
169691478
210231683
217216409
124680236
138389814
1
288594672
56419139
96211262
57758083
1
105245987
147860731
1
59749535
15250320
10941963
349967462
34129714
202478617
19502045
1
49411736
203173692
71675296
87240446
23020154
185479375
62444144
408717040
239303238
96229595
13343450
1
147695825
94698158
535157748
31544165
81998844
126649192
19946601
59310472
66638624
290579620
194564017
24556534
76103978
51876262
174550598
8838137
1
1
145032788
1
54033115
77567988
52041981
107524348
21172399
165932644
14862795
138191225
170063538
22282789
50588010
121265697
423027221
28561236
32044056
249268973
36741711
23556020
3506419
77661038
153441254
164183088
128390406
4868481
483050783
46138516
0
4328891
103541679
12615622
7221744
0
172765128
3987077
109711399
21188228
40013855
95300326
10144051
1164122
32511105
144590209
2020762
154449553
13287337
143445135
262414366
8715366
257489713
13772130
238773908
37445028
51042824
83599955
10502168
61920440
9295580
17589841
101364941
5818816
73615167
116410041
25942699
1
10716152
98508024
290230589
544751
44765554
180962213
84324645
11925201
14724244
117817002
3381887
2195371
228699805
29599454
24609556
56492959
22115541
7799614
187141528
225737176
176153284
1713804
34646001
1
24373736
1
321789741
125183317
89385087
11538126
77246918
1
132066898
78413349
0
54193026
9578225
121965497
38864751
3793518
83979334
189609654
78380381
62770525
63515621
0
185029461
133667663
339104674
102418747
89260701
189044841
28550413
0
0
119817796
114843621
209922197
1
97462406
94248092
73856395
664132039
183254988
0
98527342
104209586
56440436
72995717
145549830
17487574
384459942
44004741
69447457
8909769
93443684
14856680
100900304
87818745
7772053
604794267
57386076
24963586
1
20387850
73113208
3341441
96076478
25248502
17834538
115876721
51522860
32944956
92550520
105522400
206077621
0
325127979
57335004
54315138
73280653
53753359
55860748
36841551
171076193
197596262
340511288
193823592
0
204871458
273463426
111479668
55796605
34724273
265586805
97093305
165978707
97365618
35493304
133496910
35590817
149003402
130084607
3672645
456113622
85255369
102959088
340122875
60238491
54830874
4537817
41645065
7124049
78815477
52597111
295649021
295245553
120935526
96154923
41430961
10722815
117664925
225664802
99058627
50778550
209648178
6144861
278736301
39629169
1600101
268474752
43871378
115079949
150642325
11677834
144011783
1
1176389
132581285
80537959
283402382
59496687
0
102178341
0
7528831
69694515
1
198629411
0
49899470
181415489
70670282
57428557
42867238
1816922
149814689
6381421
46210060
16823953
97228609
46787740
0
36574194
58346607
14279485
1
14017093
220703513
77533002
222965901
0
350205598
40275112
5105442
19644010
294001907
1
36322448
130222939
129253969
50235135
113237138
96046869
129176846
78287679
175846851
124532287
92278743
22951563
103849123
93769521
58571409
46063950
62419876
8525935
269805064
213354827
377569
6666906
12066448
117789649
89894216
1
550477
119866410
16229658
3777301
0
42436
48539547
71043321
248771549
27446972
47153975
92463567
51546858
340064063
104211819
108421362
175075249
0
212138171
0
0
376956456
13368336
8130959
194191232
33537167
286209041
29553076
2633494
192973173
106919563
126588291
381425238
197582336
32873914
63317681
65049746
151803864
160680680
2490406
219036426
96237129
107102463
51403231
32206647
66791224
33751319
63457523
136178309
175218646
211228457
271469155
79022882
4138096
43585293
130712723
88866723
6756498
148079048
43831455
105750695
146448065
140252330
99218939
212603817
76563497
1
28580907
111669846
175056658
99094566
288437175
0
134575046
75594429
485051947
33461634
2790325
32479485
0
217360535
142852231
60269695
129215436
156050871
71682552
181679028
54382917
43379190
123890338
154985189
103888580
206345939
22920521
73549728
85586217
67051694
61236042
426293
236899940
137781400
11293086
307713138
349055594
35618054
111050146
83556726
18282737
44862979
41574462
20443287
21666252
426931617
282269437
104774137
88685699
35447615
46503532
171605995
21545823
35635223
89501580
70257403
8033964
227054845
66658689
238898770
44335611
64439481
51995122
0
78657605
0
154392834
3489596
58724700
53472708
16916555
143266121
31049804
5164284
159224683
100561156
24306361
110130119
56648868
129012698
142363730
163663292
374869780
721389
177584524
60409664
2721471
121652631
120241019
65473532
96389437
99057487
46186819
11024097
12020862
110624872
13431958
25010789
51109633
375765207
19481900
229509214
11557908
290384084
6929794
260212859
13582654
74491165
155331586
25409644
5954779
291185848
12515700
190563572
30619707
398628906
16169777
18810425
0
1
1
80601933
13346914
216661728
82020230
39863638
219405433
23405250
16842375
1
47371334
124211684
86317378
11441046
0
33593360
314841319
98321849
86283586
18714304
162832379
26491271
419778561
210552213
108856657
9354541
1
100554066
114298531
107422054
0
67215431
1
80944792
110131568
7577362
112719836
1500372
116359142
297033937
0
0
12022910
1
58157112
13915716
39472032
140348314
1
111675102
117516038
113788836
70916
26759422
47193523
41323884
3679340
80124222
18890792
30590870
69069433
47457627
157069093
1336441
235122057
149754502
263390536
1
35193502
134069374
124179026
11169905
30020809
1285037
66527165
25053196
237427177
94543900
181283839
28127690
212319433
15299441
124649674
81038821
398698816
136981250
254250057
83149753
271971327
8117396
82053950
33234462
12152277
181573310
88313120
18790069
169085307
84332918
1
46041497
62008145
319412640
94825404
117587400
29772735
90774868
339683461
22161398
45384417
228938430
78458850
198863043
219059672
120348178
0
259237282
7071514
301509588
173591362
40730704
74207957
0
46066736
197786679
110581676
21619103
143048366
213651464
18747380
25094216
1
5081170
87899283
92644202
48112676
61970131
1
46373064
69305023
88661025
480968
103763416
45311394
308178895
247800147
21396444
29943549
153634578
116594894
58024571
8293608
134104593
84548670
72727237
182473131
94296445
255840297
7141520
323897592
42131356
38512751
85208669
25495014
27221024
1
73665113
206600873
59589970
231663933
31359362
69797740
130046891
148610094
361133275
9509094
1
66725124
33776575
296549711
105890555
38739427
75434537
20233024
43092199
59764188
104246618
20513891
197110916
221190584
196354119
16307152
15053440
0
14906991
183042019
11138364
3293748
11405720
360724284
3999661
46856591
154142347
6363175
1
54398973
65111268
25847427
75023665
24488337
89534076
2261587
72795665
69093176
230871704
130949451
472760583
138578180
73867265
76413853
52094478
2693387
7379909
120262758
207758132
303676274
112295170
172479111
19462259
1149406
64706796
59290366
42724045
119666530
24377281
61262806
0
174638921
29336400
65004598
22387929
34019247
55293572
542393939
25728141
171160667
86122694
220946044
70242879
159403623
3272504
1486010
37379123
470470441
100531147
332160398
28238639
472192801
327374444
106354358
73321096
1
33142867
134622444
121105751
8268661
67737568
59611996
13207717
139611997
52841347
138847783
19250367
109399783
106170810
35660187
266909046
1
7309875
1
9405541
21857583
87298617
3262844
12924178
797991
43895413
111016412
30755641
109547128
21563316
314845924
96760883
10748316
151410968
119193238
67277078
313822082
93903537
60445620
21284780
71939083
43636337
134678217
86188647
36895739
3549614
42078760
448929417
22572726
33978958
134134890
15979170
35745634
130372291
282229688
232578160
9787546
307304437
139869551
14401472
8593567
105425267
1
275735323
145555989
1
35204372
23337600
0
70959371
149912762
6883423
81740218
82435701
113746540
259800399
33401943
37096439
15683528
47924157
104030271
0
6876682
5092103
16798104
981615
144936604
105660885
107084428
167285884
78445960
5406746
122359449
6499735
28676083
31037979
899864
153961174
125884159
407537950
8120654
64283458
107645219
87674654
72186385
123992540
33808979
66807138
115161951
1
412243799
25424844
78477409
168837593
129137708
1
46845931
131223943
34033291
216260985
1
12192547
54819551
306952462
132975769
78954751
165587428
71583954
114086371
117066874
0
13602396
45462077
79296918
50865004
69874913
0
416955525
189638120
9779770
173810375
194292452
37911960
1
28344426
115645228
132513014
128842683
225230859
3806507
30103995
27431662
0
206832259
25153756
240735929
23830719
155441317
69296854
5250804
84656505
216851154
134323067
129890039
353565290
28284750
3986326
616343
24089415
16592537
83130296
87249073
249431770
115898842
21774144
29429759
55264607
222866576
26933479
213568471
85670048
61473704
96859173
76147987
70388518
37059120
16819629
80501210
73029957
382429714
54213373
62780403
508615
178312067
95749240
92195065
1
0
174040142
148292477
69022193
73033046
13402716
1
33863105
198937727
2925698
1263523
27376228
1
21642692
149767449
14854922
18337211
51168083
208274017
1
28750473
146838052
18248847
57251711
133217566
232656886
67363855
16160420
232769240
18604854
25571445
0
304873792
43609207
92152171
11953529
62230772
20496197
87303086
172288743
107703035
50515847
1
240510913
17365146
104618292
54671661
26499674
1572869
118928302
25785982
72496585
48571945
116807695
306371201
140208091
117456240
31444534
40800486
19709214
11338194
49265166
0
273729955
130068589
41968228
4500907
257804463
57888008
15316498
187543867
0
18477027
3420110
26737586
85686892
1
222711527
22872895
21203470
188404369
254810772
4765020
0
166124482
44865359
31816580
15647685
2522955
1
126562649
14483924
31695439
11402577
1
75815400
62769647
34193303
1
375130254
265854091
24655089
75849784
8447837
176035059
55287075
176561151
139087794
49336710
136620910
361502875
16221784
407449318
2814790
56340789
4783054
15582729
56444733
169588432
205951661
1
54314934
123002469
90498114
23131560
14117984
108883475
0
0
900068821
50290295
283942255
226239644
30279324
54159361
95216354
164999242
3139250
90837395
7950548
62010683
205658505
115236979
35292644
28070881
31499561
149873227
1
121056697
68091781
59316929
72580105
61080799
1
32271827
56516647
13643921
1
197279875
9842204
83999654
209299234
160868449
104704216
192500785
77348561
92492655
221777158
90981121
34318419
121736164
0
113032936
21604738
431041318
346621239
74921229
17238811
23453149
214271555
1
129663880
26093846
0
110461190
144969583
52062834
101378866
66277444
0
129986250
34366392
97169931
151728224
59289445
303537606
141834784
182252609
1
43168606
20050624
9592333
0
130731020
24796368
39927327
145550815
120230317
377032503
106730171
38762685
3986659
43362212
222023678
298217099
26379163
75544305
1
3084181
1
120861980
4710333
54250022
163652110
101392150
312221711
80030367
148715297
33707446
365602
116504847
51026073
75417651
1
94456683
1
61926445
0
8183698
305198318
145782974
140075185
95900470
68950037
158466023
144641989
2594912
355283255
104271688
72772428
64928322
43712916
606738558
241248105
103180192
3453167
194568195
10732129
74515943
13397783
3387970
10218039
58544462
68839961
146170975
210495980
31483546
137413419
195218996
29196310
44327333
0
102266402
0
17461271
759014
93509574
167672096
585811084
58791845
1
88191896
75499592
98749162
1143409
85977122
52288201
102465429
34651682
122370434
122359347
34880155
0
17036269
96980017
1
82776516
14931884
90258652
50941951
104513130
9558984
37300844
50248802
1567983
132615136
71160784
1229267
17700027
54427648
213441511
0
348269953
161144438
48606426
45047154
86469638
154977243
8528577
43677178
83535519
301786321
98160894
0
28029085
213531080
39292338
215528906
481714150
205472601
749294
54952365
7834122
186751612
250088597
165169925
6721144
190229193
466277438
23260381
0
68650482
254448205
16080839
242096015
19754386
22738314
25586463
78125371
32223252
102695575
172846138
16964572
206206346
41920082
51927435
116124389
73718106
78898979
0
219716836
26916504
225393358
1
95134492
1
940740
7545270
124496021
99383848
144761805
126511883
4887125
119721491
33738901
67422789
91485476
25769350
451280883
7008366
114170794
51877040
119863335
16931563
2583558
125019265
265236764
32706793
30616395
56593376
57002128
1
95320979
31875156
254721569
79281279
497809422
36105457
328581297
74340370
39240663
19707811
0
53456071
125203663
77345915
50919509
137826494
103040252
2421227
114590770
169950621
1
947067
95162907
1
95758280
1
65774525
117748423
218848086
87147769
70655377
164637635
1
0
23564498
19483516
1
118858469
182860526
23075970
136511799
299191570
211840641
177757531
124286874
185533165
179864107
0
267979955
419578
2351905
0
7205978
163328245
42596310
15843680
86883908
235119010
87504467
67506426
62124162
760078936
177759364
105032971
95557369
5098409
46563412
25623269
369891708
34617560
76560733
77271695
136195471
71661849
1
19504850
68847963
99061972
146592192
15345637
60031858
133880355
130975414
34369143
1942391
1
65872704
151525238
37133187
406989314
41551644
1
15631255
0
127880508
208627207
105270897
3485403
333645608
1
112748772
274486890
71734390
205602722
111391297
63279445
14358425
61609102
65339847
77117838
239219224
200377908
170448997
87578687
155976598
295331959
55298729
85726679
232252876
4945811
173672434
6090039
1695088
168922922
93474283
5809089
12297977
140962193
594026
52304229
148435410
99448740
35029081
50407596
199179502
60691084
94309430
99485053
18500756
1641612
35290295
222309226
38203211
51690278
41596565
145291609
3183550
98189907
93405150
14135659
13928149
63050972
220830384
14833209
46029006
3972171
338906446
15492573
174446568
12426508
273956615
128494680
58333778
168107623
3494423
2249140
10235907
68101783
72242945
2591012
23945502
220802919
219596365
36023878
109360135
1
77551865
16424731
47550307
51021476
28871778
124443740
42520103
7888194
4461206
104058643
249855971
62516378
121360743
48411877
56012500
1
0
176567038
150834484
7609619
178634035
42328430
27292895
120171477
108618149
87524501
6118822
10622238
189495525
69351340
275999882
179067619
225179115
225774886
279653368
52553446
160712582
62831961
51698833
14416987
1
70685833
22877478
44485271
31330166
4438998
242495400
223210753
123308321
13509362
35199994
291415818
67782029
75396758
1
438159118
284694014
7401174
22248982
59356065
160401544
14951988
74144167
21552771
60695589
185743509
66166023
0
30897552
3760260
51527517
110172059
266183088
131643481
43798642
28861983
0
210806132
5594118
18452377
78657338
199291619
2277938
43681048
197308822
16071039
1
30701821
265021397
636215528
55785595
47410243
229262121
78662552
176015098
1
137005082
48238214
15458418
25137112
29640093
1
1
94699094
1
0
9908956
42919826
56117060
1565561
39050812
171359855
127458617
138440747
17335329
45061645
31221940
110856837
114904140
42850540
39026211
133834620
260968273
0
13375142
776556898
93619022
19510381
1
50602443
0
207466890
264969091
138708626
25348149
1
261899968
34204176
20685064
295009178
165189376
116338023
131389528
236274158
173653866
94462663
44657443
24478921
56548218
17970
47474628
222050671
97359377
71503563
95328427
148197540
13868377
87254138
131147588
13994926
446852160
340024992
113492513
198171389
168658015
98179980
173956096
13607547
158543544
600775
61950733
72587177
103560078
112291705
328826
172986342
31525656
0
23055951
0
181863188
102215576
8892923
36033011
16098634
1
291788139
21689539
1
58913164
1376275
52746293
7744850
81454311
37971264
397714859
131882546
10154370
23374472
142123459
0
103415034
17220124
315806214
138762260
118232093
8689239
1
112470124
0
1
1325816
94235633
141996003
89772137
21367688
7134040
10526675
10573355
293227287
122986988
1
51822896
91602996
1322958
180260890
12269435
72677794
172249124
209373054
1
131697538
63518832
4328766
186215659
1181696
42541261
744905
43554024
239224375
12412768
13295257
30622658
8190880
62199823
23828314
130986581
36715415
127178874
74377813
1
13443779
1
46099211
77894070
186653379
62269524
19524289
327619665
1
106391465
88419474
46138738
80419733
1480478
108194070
11821241
157065231
93310375
69806458
187630209
22796966
155722179
43694584
397603664
582227
131402035
151262601
95529585
31401687
14942432
131066454
24442213
299216344
157436798
117745710
290987204
0
71423919
68793933
50655505
217151293
163463704
10191744
135678775
91612222
277172101
102986967
52900107
157019691
83403317
117216832
70058607
38428758
91313211
17664750
104201711
92780368
5321600
171519863
12547130
170378943
1
332849777
22506469
47496273
177564352
236064
166395432
188749142
24694406
168121057
1702531
3679758
141685778
22725063
34462589
16824629
30200440
34597312
130854002
18438472
163697864
50170354
57621104
126567621
107627377
57641745
77674540
21559579
92877355
112364185
55666724
75182714
163030133
1
36268053
48649401
167914289
0
52923757
16352731
158036856
21402222
19881223
50895805
2314251
128479632
41195789
1
1
18598960
189791505
40427981
79951989
81671235
60477334
15969077
1
89852409
80508020
191554310
139239874
2141464
105027402
63509061
57931801
61433245
64352090
26646415
1833700
197179276
18535929
4024099
1677833
17510425
10271833
5547931
33068754
2060838
76285635
33452878
73580364
107053906
163641603
170849464
23812377
46882318
0
7985767
118189527
24392896
66730125
70189088
16369248
223239748
15517523
246477
81781426
144532521
87455116
70737085
2264307
178510427
26850312
20725616
0
38104320
27941470
116841370
1
1688075
89046987
154188262
57264997
1
0
33805533
97026014
201524154
140310905
29057130
85188467
41662304
165863799
113061954
1
8288841
94441872
68725456
37680529
101856879
0
8297710
224974972
174842178
328121763
51178214
0
334399422
105860338
137809574
42089474
38586036
24898843
56268298
335627058
18520027
37481245
211692372
136256451
48431072
119173923
65405228
206589514
39172418
122401291
282173809
9241050
187450508
30380938
1
53222351
69654006
59437652
418967247
28574239
50307596
200022809
233950431
90413738
0
146624334
257542535
29630266
1903256
7824090
0
199270962
122563813
57768193
255860436
112102368
0
71999491
101053566
19644126
3008626
21890827
86166329
15564902
97869830
35361521
42376150
212912347
65691086
17041104
304370017
0
87610859
5526224
104566170
1
12243709
1
20617014
4309206
204726998
1
158090304
95827716
147397041
3837788
24316120
8070597
2689928
134700144
70379252
287196402
164402038
98921934
73792232
23096276
9869831
47893708
127837454
181840687
105164833
129607699
143396827
94639317
22860746
80530779
188373974
63448385
209634260
184243433
5374511
103166023
70138483
1
124063468
82968923
36197392
93361981
115793674
4506216
8312952
68747050
77375952
108538695
269506090
292479402
62085883
57779266
83377415
2598323
232716308
161583788
0
22403418
1
127738365
169560315
206020728
214498616
34695427
55640974
379114700
141579265
59991028
216967782
15447305
0
133476034
269004122
122551020
144543375
74776243
76097075
973873
141738447
164449243
80945218
139779436
94565720
90680761
90767854
54079144
220980132
216392942
6997850
81628888
274481819
292097519
132787935
67975613
85186250
8033685
47041183
34717132
97567834
27090048
57548435
331758096
165695400
1
103810638
173123108
158699808
182772071
83277610
1
0
8497245
120109763
208499554
108690104
8472256
143659742
49939352
48621348
63122907
1
26049677
106850219
92934586
26209761
8494890
40748427
1
32932823
0
130500423
200384724
84801817
0
62204834
107620297
27532481
40681857
260679939
0
53300474
34412983
109679541
75402274
50938041
48157219
1
127508412
21232854
96559020
130584312
353186927
44890559
30430723
115952512
165168692
1
1
65394607
74947618
35734138
66018339
24802872
65109786
1
58429438
1
43997740
179371421
59777254
88802353
1
115669846
173384070
39730861
24247776
131786407
117706028
19493778
102381505
64440494
425291239
62451938
25655112
60052342
3420209
137550277
146953329
81715681
98327622
85605929
287209114
0
0
9540562
21585605
47274931
227329757
7414412
24781204
33930369
1
7967070
10848271
58156729
190505866
0
203282751
531559503
198196837
28680017
166983955
122265423
65451347
173996863
23167207
232201425
68171642
1
90009662
113839895
4919354
121564016
241853990
253158342
78615768
15121137
0
92377573
181490103
332737
102992520
543887723
105754650
167635361
474568090
325341020
77870361
61520319
98695797
159917091
28845452
49168534
53244625
56102927
62041725
1468538
78706687
31809205
1
66187294
98928262
168698789
210570328
65564585
253550488
122245106
12932206
33381643
99220701
112636063
1
352856608
120169701
217856833
109747865
330511135
75670016
98353316
271813383
100308315
63505034
54530949
53446725
23151990
276026935
1
215095458
107606193
41383967
64412530
9147801
9309801
13236917
114871098
67003569
177064742
33174501
1595051
12635270
13226201
292722002
35391728
33930386
93319956
129257465
0
245873008
1
60808041
425753209
1
44191614
174840565
878709
1
300158023
114969998
71352185
7089576
146070717
1
30089679
135516163
10272334
15695550
92733811
13453302
5556068
437012129
1
12520214
0
62776716
43482168
329161969
34773326
374485983
1
143772478
184669498
137317592
260436342
112625670
67152934
108374410
15062577
93507495
81832244
27885240
35535077
155625710
24308166
22339895
65484312
261748891
1
44492538
131340883
119838223
79067399
6421401
127394665
154073088
53894301
463555838
1
30862501
236208495
45548507
51992432
40311027
17701619
21054047
161104511
212858308
23984534
855849
1
144372917
371758233
28513783
279343698
16112886
1
243938946
68230704
59511399
99497489
40091963
88831984
7008324
99360011
265069779
4606934
10138880
12699084
0
49514359
95162414
23269021
26558154
22045146
0
130495537
176874328
0
14517476
0
3754674
38199557
198887291
17157902
3456702
341652900
166965082
285680846
43752978
36048179
93831659
69310839
380845435
2178793
1847459
27283706
1
1
57262831
1
440492147
6884711
23707994
89174375
361455034
59778423
53908063
54698650
26477400
92861703
82190895
1
190686952
123078474
382212707
22987274
1970102
23774509
77893535
70856118
20535861
180235511
1
16183720
71495687
166596030
47362903
13745995
394774304
112474536
178193613
21050499
91278676
329701949
2287119
44728580
113207626
15513399
316462972
169913493
99557345
319577247
102084907
170475928
177576439
421572592
44700832
151579421
26662678
22453456
1
431353
26748267
3676887
92233097
107301420
180892203
22299915
20955238
171763351
287366880
78679695
13354473
1
18026295
43373983
49095060
79698867
50027442
104123755
50834793
9297436
90345551
87826904
224286246
66227924
11643560
60375586
175228411
0
42565693
94138771
15476389
161715586
101439421
56340698
11011141
51689885
169261754
422525985
168433340
7330612
23645394
97509822
40977073
11680790
65484126
179401911
134319596
56707094
47944187
89547385
50071646
70173814
13808018
72095389
27155978
12051322
1
246675075
1
135783248
72373823
12355630
114107210
44537033
167262496
240970112
202559849
17736444
108296890
82915915
177233136
47137119
160124750
157183335
82330808
212980827
15640571
705592
137030960
40761126
70394863
130526563
1
48372484
125015820
126176198
65412459
159322891
25534681
14491426
21286869
19888406
240391814
20525870
168740178
360176314
48971977
124580701
205314250
39780981
48798757
138637880
247700110
37739273
33863291
26600708
159125874
97237201
39052669
73218176
460022
7666942
18781118
71413141
60333536
70358363
144873491
125449924
77930625
13214726
28716447
8201351
53898989
64497640
59946707
15916204
61416536
92335928
0
38799396
12810263
57237376
0
35542982
1326344
16882317
30265237
54464901
221349304
262954444
0
141846728
89394406
74369717
7145513
9130599
277416017
248625926
1
47583256
45074792
0
235358303
45386900
0
117306768
6504064
126199588
2785220
0
450363117
175912632
213999843
93061960
7202532
84206880
43873289
174511717
4859905
26175676
53423640
23415623
83598884
216159466
262891402
133593791
90814710
1
105641226
84037115
6913187
253160864
114737025
137166795
23522769
172783866
259211560
85700570
6568617
11649075
13667418
1
115261767
71722434
154406425
13202187
5608934
59343023
1
112630166
152148118
178399150
362363453
1
108479111
72396002
200449182
35940784
115506884
128917010
184076027
210938466
117759083
37290445
85799214
99523940
68875516
120251497
13209026
112293413
53688095
58059148
439169476
11117221
50814444
110100557
39083002
61393223
34947687
1
265210601
141125041
1632314
151829233
8743951
262725677
107776617
71113874
1
128444255
387011
251006095
1
140523895
176577878
48651958
104596157
116356379
146620554
110102478
44538988
1
61917729
89780791
60458995
42171145
54116844
122157049
10366257
26514127
195238303
39359851
160628554
861394
54895181
49989305
91703590
1
65897916
0
182510768
10612154
60292632
13104780
136231511
43214389
90146325
81834477
95405949
90272522
1
58278504
66204582
346328373
54691752
198535361
114696861
5923434
32183593
23255079
96962076
188561966
77772403
31371551
81689671
27801862
295769529
32044604
28016642
50335947
102203838
76195126
415516
74513826
8530144
78286590
69344979
14147876
85933126
11930265
160057269
202025605
13526782
137401870
96111366
0
77801643
128851948
170073138
21554946
26137803
7689294
0
1
1
68750767
110727735
3082940
1
80262225
53195656
140871178
164402714
51178356
163248446
32361127
83717046
2172151
210392936
114580789
255426042
1
0
210219647
103904651
153356846
110810666
92195310
34989484
7651553
33591610
204455738
69628223
191441881
454501221
118727411
91167454
117360510
53693559
4990167
19750119
89878346
15608016
31685956
88058335
40328912
308710769
55005534
188318023
314123068
608694
0
98962216
41439654
1
105598390
112747091
370060893
8359883
6308468
28827038
5719405
84231937
153562482
20331428
19543175
33427848
71307342
3098511
98568679
71543650
80268061
2489510
230452585
70628377
39403226
148757148
1305283
0
31980198
151668159
322515206
1
100960500
348732595
177722910
5370667
81920256
61402289
11210559
29621473
6117593
83037239
88137992
61244685
59600312
166653714
169765321
8361531
113902290
92135907
8683455
1
129765086
47964081
28741243
14299864
362496471
58766691
1
15910154
54937410
66319282
211356387
140095591
61359401
241151362
22726596
115776904
91070431
73185281
76633707
367644269
20812865
30448699
0
1
208568479
177464202
47521953
11204584
35072127
22296500
1
5270187
5036670
111622790
18258177
219311792
49181808
16106735
297446783
181623246
211415196
98297257
0
218696341
1
155588663
95068107
14817940
57067387
250868658
186429055
1844709
171122496
1
116747207
182509848
152440171
85886692
375953444
107718615
360216180
54646585
5996009
160596657
67682481
66414695
34344411
201088238
6806332
39352834
1
83059346
84873188
14971767
19164955
82473765
77687580
42076140
142107595
51559393
196750906
115889692
61459895
104958831
120789192
10135410
58443015
50114824
12359632
1
157944268
189484777
219587214
46606320
254127589
49619804
71997309
69680215
194059067
26962154
78230317
12500872
58289662
8648470
1
2070058
144643367
185905024
81543270
116210045
81272142
210488675
17062227
169210391
0
99432463
119192148
65939606
1
8496680
53865052
13927612
2417541
68795108
378695819
36514019
11813702
65336942
1404051
48983737
20357423
316946717
73375145
61305639
43002242
42940964
628262316
58316245
38541108
44677325
29186445
140405934
87626344
120325504
462692876
284286729
9265248
3697475
180556153
56105278
16773031
76373474
25074504
9930979
21936429
227703759
36978128
315092265
113046086
211121689
10747492
111660048
99138512
56788242
89326035
4846441
17451945
334504470
149809258
34920289
52092847
85771540
94111643
22956768
21388536
96191539
213837890
55431995
262488991
10211815
0
492355741
103462215
88743339
9733752
1
24245108
13038648
179780487
14971922
5684912
264074637
86942830
1
356922963
85463394
144241946
1
46685549
108206380
0
108150530
30933671
703931
44809130
178175097
143484680
284171634
80197221
182789386
93965875
112791498
44242702
145870389
188124790
120881434
44778288
12754135
77675585
12836032
31130013
101253701
6504883
46237436
70386822
86539608
85009553
1461708
116889756
60681877
0
42344649
168790750
12249485
298235025
11735075
0
132368204
153290048
93583244
34817751
24981533
65599921
21719178
11566132
442618153
152464737
251397068
129466397
97192649
43466027
113226369
60545708
7362019
20353609
78486294
102250210
243902616
19603176
833988
28715912
160961048
94305659
71928681
199245495
11786969
11022614
28421428
60448653
196255592
1
64194204
180591289
7774626
27841284
23646938
7213679
53973802
1
91831853
82884566
301164697
2636196
1484118
265070533
66274545
24234580
10256298
75830025
78402581
9909897
80120320
0
1
55849557
139526806
58513637
7827846
36586230
257992198
1
20805175
322098808
361130559
39261211
108290198
62135934
431717441
126644394
9812533
100541414
99573940
113661430
345537978
20689461
132408169
127782001
105756246
143747979
52899486
50501271
211978195
50722616
205548220
86318659
163228480
18607975
175811170
157137641
26036990
1587764
157497785
33488369
12599755
99620270
8218487
96732991
66953713
314783017
10371124
54056738
2733195
146872674
1
96465756
124808
113509652
30609540
69344935
86853699
23937086
2506338
1
106723741
244515540
385957497
1752013
89610574
226009376
32981125
53179128
118995865
2516522
152432571
93157843
5959132
7410918
34487866
369041344
133775603
12780643
156139066
90524978
244535112
103248303
135027977
5762679
26395646
157544213
174098085
350972831
262247265
12453485
94346929
0
34589176
39998267
259504119
71131238
192953855
1
275856950
0
19800038
154043505
98511421
7885569
58803217
263380697
6601016
65930400
97972307
85890835
0
27240401
157958870
110066271
55750586
315764437
78520732
1
218248494
50102437
1
460231766
92047547
20849726
25986969
8616945
15821057
165889963
313846386
29901780
110182761
1
160721623
90189620
241110281
1
12282576
87662437
82743886
79471737
251946375
8643100
69849839
43290535
151893357
19052487
226984141
135753638
198751332
114787664
54261079
119926181
0
74711019
95949145
34080705
27984665
74570974
1
0
25586290
0
10093111
1
96774299
85843661
82540600
179959256
57193985
54940378
61271870
30348798
184182687
492716
151998883
1
345665952
22423460
684103753
237754159
57222042
135630264
25343220
350609226
62570595
103190714
173786485
1
232139874
22309831
7290944
93149671
132816474
15989562
26223058
101765864
52671405
118114098
35907003
45961283
252755336
108127007
2508295
6420430
1
68406861
18140879
67548294
0
1
82307900
15407234
97109346
162167593
114869588
482892197
216132768
2280673
97205473
18794829
0
103751818
13961548
115805844
1
271601694
91378122
48610903
1
396797045
3004978
32846814
36001023
0
57592352
5459545
230885272
0
24447008
83635719
53191625
213896074
393954862
15392121
64089075
57968009
51187767
88917395
74215221
1
44282501
1
61113128
59515890
15419563
1576778
190200516
34934395
140380809
46207625
109203045
50905692
132501817
1
49341522
109090544
88195086
0
90905858
148057215
258196
73491646
56466658
51092925
189107799
131990669
148837445
130194529
136987495
65623852
680562
194077060
137527463
75595128
1
131302797
122023418
1
33539305
181343176
56968777
114040527
364728464
1
832876
586699270
95373204
87961887
24694654
223160866
59822625
73520139
21898016
15044504
102177570
91731670
76845099
326900984
105086389
94737764
65801093
1236146
35031059
277756391
3925151
25234639
193112431
318554916
9268331
189830379
170359823
26307732
21562856
53663590
126668950
170527449
150694467
2603087
0
152729726
213914861
503187491
11082665
33169773
75171240
86898611
0
77316833
308042173
89058605
380884796
66906898
4106529
254721535
234547828
131294529
168813540
104911772
192269113
113344496
217121988
145107335
68980153
2839413
0
136971204
54026030
15083166
46129948
172532368
149998220
39529597
72585611
8515925
45183576
39578842
85430868
71458491
171990391
224454215
165890654
21059268
2161240
0
18999903
18130659
11590363
222245283
38192499
24493067
58753489
56784843
26259789
14877677
19237115
1
127831582
45407129
498248
297082127
228184621
143759499
123930885
8212153
1
82386653
128471018
16981858
311665425
159366572
98946170
29595650
199031057
8479494
28810583
28090549
2157589
24447194
61410161
126303359
26693277
168820700
101687712
1
15117942
43722990
100604942
210063741
79637639
89341648
5696177
30997577
24691780
51261578
23576731
8850402
17630695
5768357
58944408
185014444
40444884
137649302
5386779
99751659
1607348
0
237382495
27886039
123138877
29527421
1
3641401
5299691
101091711
109050562
1315086
51688085
28023117
115988687
8548708
211638509
85280414
67626118
94329575
92188383
133913927
265037256
215768665
4500115
203772250
1
97593492
75886129
255972235
76992087
57706094
138386895
71554476
34351708
49739164
1
316821400
0
312175520
208182697
17510611
63080896
85753464
38677533
11042740
95533329
184854021
239150316
19959476
114477096
271751839
2554268
4831991
11991849
28438823
97921404
1
0
57838411
57155370
72887772
6791437
1
113576782
1
43088230
48246001
1
171264237
7448539
67239755
114818962
21003153
56741887
16988412
47420856
54521629
1
73387238
33672280
43092365
31887909
248812442
13668128
1
100399386
20198499
144413191
114041704
35070092
103336035
162740156
71797387
19062501
55330457
2240268
36266021
1
160906611
150853930
94311848
17264427
88938533
39636042
1
3879784
39861879
21940837
146003688
11040606
44349947
20443110
188261874
29292973
15062004
0
107982641
8961216
57290710
229952689
198717891
60002083
108355582
1
41911158
169419580
266591003
345925399
320946872
235806175
135455190
8031499
7508304
177793571
427949308
57580446
1
128297628
22866925
69954471
43442987
47003245
5505516
276788217
1969584
217121493
110473579
46875585
87661418
0
176549403
233666533
62593225
62661268
156709144
156530259
93062611
40900963
73995819
1
173330617
55241803
115336774
22018974
550713401
156483673
868534
98281076
122697259
84297318
180413432
40381049
184285476
105681077
118118141
44151885
1
260430057
154288216
89822522
18247432
84925
1881983
203669404
817690
7636776
327817908
418116457
38081070
77388900
217886524
143537235
224594310
5866186
3007297
13019262
54788806
58388750
46671469
24557212
175631182
29697307
1
208329981
45402608
10920471
35495477
250309922
7715532
331665055
143632590
192285031
135918571
78005453
154841544
63110555
61237470
0
85450448
37154587
186149729
46042885
70227700
58727325
1
17162811
143898205
151274123
136893081
86316364
118038080
253133654
366696146
60628183
251278022
11461427
4609136
252053624
74340499
77639342
30921518
189136475
117229873
95174154
1
88610895
72966771
9030258
17951057
1
5901959
79992631
160514968
128802325
162424786
1
50824620
144678888
51926608
266770455
136051040
229941769
1
51362011
10370959
47996874
17172791
20108253
72264466
10634400
43905027
181773350
46335336
43938399
42808086
87101618
113747269
135029019
50721918
189065402
55592032
14856958
5514255
233966776
10434770
0
49729119
25649534
86784620
209140173
57095484
39381920
34645325
59413388
95576213
180617110
126559289
33216939
0
1
87113986
239117648
44730508
221167938
3022808
148363988
0
21022494
52659124
125288399
47651134
3492106
0
16095324
71315627
52638367
264665392
42918693
1
33654935
0
143042894
106524176
1
254318082
477076507
34650984
13415596
929060
1
31854713
66293799
37377570
1
124001392
2776826
1
280927236
200874428
169783207
13816414
98814691
519818725
1
32902197
61003468
49212804
131498719
549326979
49921694
45661495
0
17192238
138868314
256787872
59197319
92364731
379054602
535273649
43359569
458139942
1
26371165
5232228
104563362
134815815
49171051
199747232
7673870
225295037
64449567
40154280
142160468
52963942
14068536
84254502
55132133
92593884
115669627
270102878
639067103
38032682
61645449
171597194
97802436
176554946
8689398
27281077
7957088
56972678
175905360
106554940
17485932
27507942
152487146
0
31741893
24936941
94733147
1
34232217
1
8827868
1
6431990
37353576
48677991
156892742
13380928
134482492
83091195
98244987
381003738
16341407
253469400
73572287
1
0
274183939
100003859
357306651
103187966
90557698
216755182
3545261
0
190611850
121502166
84155005
0
52543730
430721347
1
36717467
44836608
111329332
129672044
1
142668676
366486578
36677970
98479777
70269142
160112281
1
104374045
436635433
88760134
11089831
21612507
276023684
941367
71591210
1
90846269
1
32706668
14975285
69037590
75496247
42366737
722347949
272681447
140324038
32468711
78392415
37226521
79171837
212891662
1
225703885
1
155941228
33294761
31851883
202473732
168441450
87530760
97819193
119546038
14506302
49830976
331468282
40085429
73171562
4575408
68912527
37330470
231697447
63503212
333270049
115672271
130312606
164936937
107491170
23196464
313180600
8073965
203594039
106209909
1
25234036
83852167
584659
50960828
12727008
152035424
161685668
2352548
51532126
6991990
35854607
10399471
83519224
86480507
361142778
23982389
84355602
249849082
36049764
110177212
129538202
306165497
27133676
209577067
120332714
1309728
719394
185871955
107405355
40309142
21567269
227747328
55023477
20063391
1
71456699
153014783
12378951
12197563
183302036
19099717
142922278
34421392
112468644
12523757
162626761
86114198
95824973
143255481
17273791
110414261
29581041
46496173
116387629
45901135
0
2699536
108046055
140474618
13044970
401465513
55175055
48632639
61607630
1
1935826
590967907
53049385
210961810
24541787
228411162
1
59185354
65753246
138772876
90999497
49338886
110739392
66801304
78317136
4582044
28962172
100244082
152026502
71488138
306978742
15151521
210263603
62595404
217291322
91608953
114212232
25242417
26435894
91781078
76504295
124819467
93736164
15329438
77311430
156625295
33399307
4665778
39277414
7603547
114307362
221423765
1
1
26401423
17159629
165203470
4562528
113142438
1
109146374
708568698
31856018
47668718
233132442
5903804
27746219
115238689
139133775
1622216
12477476
29241760
189651321
84715143
19907778
36110469
28769733
125381647
195366615
10198094
64328746
4899628
98049434
227600687
314923529
150342162
212218371
70635956
6454748
122571598
119224756
1767217
66054365
51183813
65679150
1
146760640
13751277
44940019
58751129
3287441
53619706
88540571
30409839
47701934
163880994
91991636
83934202
98741934
85335619
18948494
183907943
120447357
97288902
18383647
61070960
6886054
31310137
116895286
48658542
74326977
117471457
85922117
2666882
56075143
95910292
1
1
158495966
243524808
184213217
103419458
53495830
1
8290286
402883525
10137658
183149749
9129952
21459774
338215943
45469999
14900012
177842748
158012889
457246914
110298684
123735792
105984861
141507179
39169853
24371091
136763844
40869696
24932001
129235929
30323966
102259684
173566216
57173223
14393453
195053382
207653909
50589963
24005101
134170965
92983135
91768609
152589505
242711659
16481931
197116757
80469271
7080170
102091138
0
139126812
22927356
160315989
200447790
1
272312194
41201282
57812208
159284643
8689414
93729748
93594882
40328102
109778648
21557349
8624897
43368216
46260838
518127692
39019206
35207155
62235189
63936256
12279958
162599817
139696579
121498848
120336690
81417088
53339241
17939746
240842647
50442966
38956183
157427675
25184403
1
185906924
10798338
11982373
15773686
31628872
16541068
265348921
20072647
12308763
31521755
78519962
50212700
80736779
20332152
137030487
26746273
117180644
25269268
211621648
69510847
24756849
175908753
2609609
61502236
80176851
1
392160403
59461100
29585877
140392316
146369649
20485966
83171586
102499294
86995326
184195969
39400249
22463114
51703629
58665962
0
172119938
545054
1
20048481
87615250
191741601
64453746
20046447
9198030
1
13384631
210912720
73908187
0
4065810
10112727
133937209
75927978
9503152
222411935
64730140
91745045
63077272
86301925
629841666
137903107
237414750
60009986
56793555
132197982
223582552
80198751
29379256
1
31580407
85579961
128137655
87567158
519341379
143614448
36650531
0
86458521
21948916
1
1
6634921
45066556
17017042
0
23307922
67891895
52621782
51131490
185430538
78546832
144197893
102468272
45437983
163946245
11466190
266891985
74670489
285472065
170431616
153926425
70788928
31559992
407288386
288094500
10688321
336454637
76316954
163437008
7532504
49847724
32324068
4650936
22124216
3687118
29774447
26192678
10229950
176690276
137016822
1
19405747
45142511
55193220
1888848
245634081
110581078
122858902
422924
22674497
60901061
8199678
90765958
10823976
30244323
113225725
1
43797840
2223784
194612732
312660731
124909670
177516410
139323018
4542531
236227828
0
89161736
49064587
173347858
1
105788463
57950559
53784148
10901921
82696624
141609681
44436950
97869828
133708347
10995052
156010027
171223308
1
1816961
12601025
79133426
37364244
189534495
403102623
126897253
313690426
3044037
62871193
2462107
35353178
52582926
447252692
29417133
24413854
539701510
7249202
47286494
199348897
179458218
3329385
57105729
95172980
5885989
1
2893890
34344670
123799301
50645934
13296240
74310729
62090865
8912041
49958580
1121568
0
1
0
1
138815341
93424263
1
48998677
246905293
18014020
16367384
34691224
49750134
181488515
311602989
45699975
31430627
41997043
57960683
77088122
298166123
139161448
53102509
16941929
18775283
40922500
23424887
31031017
96645495
60935343
107154983
23473340
73885476
61499908
243534427
152208
83620727
120978270
195056414
164359988
188588190
42396668
232052532
47252093
26508005
99833201
107982765
105032392
170893608
288917304
270841648
30347899
22615502
181112366
52186446
1
13118863
102208593
14496341
101366754
57105320
2582528
65389032
2382366
8229895
212838368
115228959
42595940
162022834
68981168
21059860
94787399
173919175
13268270
187786635
165941918
161225835
438496
22644322
7256425
142928282
35635812
48490830
57106653
126774603
306150572
28209935
110617028
20174551
58956879
16085892
22992517
144774867
274272382
147448369
208356930
123149448
128597273
51227592
205257556
21907469
406573374
71193596
8269486
449993165
52274780
85857152
233073958
294200945
66680908
29048015
378986887
187825993
101550297
246424196
105895600
127302045
1
50756982
9109233
0
321444545
21230935
18455131
356041172
222182322
42021893
25705074
1
23437230
113463740
687267
28003208
8384857
43624414
49118382
98222761
244862
120665067
23827624
26432262
232045429
141185980
22570209
428185750
139925923
55297637
1
64874336
37271247
12848568
67842853
51960155
26398407
251109743
128874374
91911321
41939614
66142754
69040886
104010383
166046782
17833971
156630230
26698492
82474546
71606081
67886969
71723839
153209340
163712788
143590514
66556954
280820364
104517278
74894322
645497
33408147
19295412
11748221
83526626
39400659
64436325
220184586
87183576
50807616
93845471
233027159
22756600
45456297
26513985
42826663
47635971
8936874
150164608
40099614
268542722
40938639
1
68451089
213362112
598997141
146119045
154768334
224591545
40558034
2805766
44046953
28778089
195685625
212187982
30901820
60127063
1
236679254
161598341
150468002
241542105
241926680
61327323
141863755
34044802
7357095
79975363
61369958
104633458
14193732
1
21991501
96558479
165724201
376534
144360885
29548375
86259319
142211639
54322988
121864031
205095781
62978848
25951554
26927336
234638475
65029880
26764326
1341673
213403952
169796988
42826791
100734647
117181649
296809277
46237593
13873796
71946506
53961393
284404955
28568718
1
161530058
58320402
62829923
41521959
3656440
1
1
202837018
1440132
10924768
99678797
161043643
199692477
275536085
31159521
9820663
95869983
1
65576654
1
57569071
173214501
121733283
271233113
8449410
31088737
4268862
290408647
75233155
347437596
48523858
747039
174673560
15861463
10116239
103640326
388633962
67602520
0
187312294
87730968
168153347
80855172
178826483
39418471
68950882
313103521
273004993
60375278
6207166
38790791
50056050
311548407
56945774
73584820
255196803
3375836
116813883
0
186388191
51535006
1
13255296
14214401
80742005
9821948
182599564
54472946
36799143
56885000
151931187
1
69998111
13230408
15355923
44849662
94960763
55280173
78922832
126912537
88062414
74895626
103052250
147840489
134706372
97340624
67576231
8068391
229300020
34885140
150861666
34690708
64310462
232110734
15463646
121051023
223033238
73469149
112228336
209494114
1
384120554
27387106
248471116
112599093
177161374
46239186
37791036
411688243
9901095
100025343
2570580
0
126813053
56727313
168726083
59435925
129406179
299562530
74517797
10845229
143812602
18863787
106055645
192424968
7658547
188573965
36869212
241223836
165248604
267492816
40889532
45505378
19734789
97055019
79571865
132237964
41634743
8479106
62270980
351824360
111855163
196802632
31286978
13611467
97644083
83240616
1
37899282
61324261
3224883
12788916
30464763
64568916
1
0
199439020
46711724
37428328
155742603
35453368
178055114
25532997
1
92334053
374703094
21282553
225695203
165201235
47316228
67777859
498646625
75599919
148541276
202366587
40919632
71133857
27816411
198411427
132310500
181598659
196884978
12345491
20960385
51110323
31026085
0
37061978
60401842
258193176
4313051
116863577
27633798
1
35214799
134807354
200202854
34753717
20462469
0
39934578
9249859
49671870
208833135
105548434
25968383
103342820
257197675
26492624
79951366
43975290
313638687
149964883
3933134
1
96587346
946896
23875272
471890937
108359941
1
1
1
171325250
184865993
205412766
105725954
4614859
80630468
32834799
262519765
176557930
59161978
17855640
1
0
29215022
63786520
393683487
178964020
4242660
40218746
0
21905593
54189187
137006581
86198991
6370126
66522398
206971704
195113519
111816287
63066756
86977388
218343472
33578105
1
15275847
37044336
25120117
147039596
588379
99452918
188889656
21218240
30855314
141922716
33231194
211692011
140026761
58109629
69935373
1
28565091
57851531
2663907
190505586
1275571
8907459
209702459
10442270
203997200
174660952
53373246
6667449
81703765
77829359
852182
84523265
44217456
9046970
1
2479702
105704773
11540856
4028198
65744033
14345484
92884204
66661040
243735855
70765691
84729736
138432778
365237618
68297691
164094918
69026179
18208992
139086688
213639629
74614423
110987220
1
181976439
302544445
26769036
131109826
29122694
79707769
209950361
84391985
14324390
190031415
158850736
132221319
52987812
136005660
122908898
5952737
24742484
62280109
120107050
123719453
8159711
114263551
138434385
141786435
1
68066155
286100262
292944246
137877798
157232601
161187549
1492501
99719016
163202903
30285699
191698132
687590
83153632
138265220
100237329
111428123
159149757
93032559
38656299
3601321
6941382
20225634
82879473
183478615
63975175
80020859
3027151
56133588
66063559
41307811
16738227
25701515
333450321
1
1
198277572
1
5472500
42443631
314191413
5487726
14989767
71520657
163411577
88333640
408961356
0
79475099
130515948
529220
69449351
224026084
26097461
256024706
72930429
74706763
308207116
294537442
84016991
23973021
112735075
71427136
18469889
108145480
124144885
127524120
42692707
190062987
41366951
45224703
257595420
168010153
134717846
60596399
325165438
191527760
45692800
91702483
14259133
3549710
133615792
4089820
1
19275279
45208940
0
47411694
83679835
218818240
119855401
41702803
1
167772855
56307439
194548616
0
