2016
2047
1972
1925
2043
2047
2047
2047
2047
1976
1936
2047
2047
2047
2047
2047
2047
1935
2047
2047
1918
1929
2047
2047
2047
2033
2023
1956
2047
2047
1984
2047
2015
1999
2047
2047
2047
2047
2047
2047
2047
2047
2025
2047
2047
2047
1900
2047
2047
2044
2047
2013
2047
2047
2047
2047
2047
2019
2047
1996
2047
2047
2027
2047
2047
2047
1932
2047
2047
2047
2047
2047
2047
2047
2047
2047
2047
2047
1978
2047
2037
2047
2047
2007
2047
2047
2047
2047
2047
2018
2007
2047
2047
2042
2047
2047
1986
2038
2047
2020
2033
2026
2047
2047
2047
2024
2047
1993
2047
2006
2039
2047
2047
2047
2047
2047
2047
2036
2017
2047
2047
2047
1911
2047
2047
2047
2047
2047
2021
2047
2047
2047
2035
2047
1995
2047
2036
2047
2047
2021
2017
1988
1989
2031
2047
2047
2047
2047
2047
2047
1992
2047
2047
2047
2047
2047
2047
2021
2022
2047
2024
2018
1999
2047
2047
2047
2047
2047
2047
2047
2047
2047
2047
2047
2047
2047
2047
2047
2047
2034
2047
2047
2047
1999
1982
2047
2047
2047
2047
2047
2047
2047
2047
2047
1987
2029
2047
2047
2038
2047
2047
2047
2047
2047
2014
2047
2031
2047
2047
2047
2047
2047
2047
2047
1918
2047
2047
2047
2047
2041
2047
1989
2047
2047
2047
2047
2047
2047
2047
2001
2047
2047
2047
2047
2047
1943
2022
2044
2047
2047
2047
2047
1994
2047
2047
