17818
8
2
9
15
1
12
24
17
7
5
9
20
13424
5746
17
8
19
2135
18
7
14
3906
10649
4
3
20234
4163
4
2
4
3
23
21006
22
7
18
18
3
3
10
6
14
19
19563
7
15
26
20
19
10
7
13
5
10398
5666
7
12
18993
16
22
10
5
20579
12333
9
15
10
26
11
9
4
2
13
2
7
7
18
3
2
8
14
6802
15
25
20
15
21
13
7
14
23
23
10
12
16
1
17
9376
1
16
3369
456
2
20
16
26
10
8
5
14
23
8
111
2
6
25
13
463
2
17
21
2
4
29
1
8
1
13
7
2
14
9
15
25
18
0
6
2
2
2
3
0
1
