3554445671666
3516538211910
1097375636795
140338002
5981953381
4050044631
2143843758
9454585606
2085906977
1594435128
2874290388
6048723079
3820456072
1182098733
9530206900
0
5415269653
6986878911939
-1
6653007856
159365090
6123770023
673905904
8707175637372
-1
1602888986609
793698589
865250307
4641411442060
13698590894
1882151149
1241289532
353405455
3513855377
1192784773
498945154
6164242383
1076325968
353052496
0
10061378065
4224436672071
1697968514
10766342055
0
8540734055
6563349875
1013913159679
5056085923
4568455931
779698015
2294846131
3017613483
2387537723
497979362719
4808946277
2493963151
1203744065
1459850105
8819346839
0
541082211
1359255884
1319663775
533686131
2333197680957
0
1810790125
400497564
7217359932
1478743010
2385813586358
8397619372
2509539788
433307088
1471803060
1444534906481
6964064125
889115839
2250307585
4209535799
0
1316852303
3107032107
1940405078
2948754725
3813249594
9153815599
-1
307288095
32553571
1701313929762
68338404
3599625208
828697307
2121985291
4241197225
5736027509
1764925861217
3254061712
3009239788524
1826168627
197805584
44949751799
0
1801175598
0
