0
0
915797106
0
873160374
161985841
611534739
682537613
-1
957578509
917663336
528377903
272496452
0
0
0
0
0
498737146
0
0
576225758
991428577
0
874986290
0
0
943690857
53103267
407979288
212626232
0
239671137
0
0
0
233859109
0
1419567726
395043776
0
786788380
0
113090751
0
351306782
0
792733224
0
0
0
291615971
131499154
395880002
89360433
0
1375097486
486567181
319502225
594193693
120458769
574817270
-1
277277766
0
0
278977307
0
0
177631410
0
0
0
401981143
0
967522004
910537805
127578009
0
25268287
417464264
616377035
50049366
0
0
0
561455918
0
-1
0
519786548
0
0
0
298559827
1151905651
410388157
-1
0
0
