784351361
0
0
932846245
809915172
357087232
1320704331
801552542
958526716
813918939
446112319
0
0
0
839719169
1327758318
-1
0
1359846830
805689591
804824759
388940577
544271161
1293213562
432214216
0
311466130
-1
1714513780
0
589504067
829439534
97843066
-1
1368404122
371158557
695273511
0
0
0
0
0
0
135125224
1989483318
0
877403476
0
751307185
505928125
-1
0
1330028627
436990479
946041170
1531904855
0
301227028
1080536929
0
393825464
0
-1
0
1512517231
0
0
91213318
1213960852
777639115
296699951
0
0
0
0
250648867
451166052
371944469
692950948
193616484
58241930
1699140458
1667873096
0
0
2451005807
785815903
0
561505964
807690679
0
326562605
971135839
300358774
0
303807001
-1
1543036122
961068387
658394696
