306114986
719868503
953437672
794757404
463261900
422590156
1059902239
453820947
1324371087
611414133
815299517
175600890
936875029
468268214
386266499
757492084
452102348
1035706075
837712745
598997719
312526291
534068007
983677601
725656229
1232287601
595466758
855471693
321870945
364695948
757187200
644268880
465844676
371716282
1074705040
999281509
1196966257
1244762090
632633257
833031826
303011953
30558373
1019287691
132339086
455618714
252068504
894479301
221548682
654132716
345311764
631371503
51058854
358033645
462573034
841406617
1075708785
500650389
325388445
467578853
335728879
1035921180
338908037
852688748
229794279
154613204
870461621
906341521
229714721
990315917
772183668
407178074
403397648
333006708
400200266
304823738
365842825
483329592
1044445097
797331777
228640139
1034336288
850208461
718419644
495684397
307674587
370049230
486893893
419236297
1069511914
448038965
1058773159
905385687
145814864
966169723
931126218
450876806
1108539045
390357438
636680633
604463623
1094848175
193263246
831349500
917384526
885642417
850099308
91970875
632006158
1177541609
750103205
252896981
786521720
1040468075
1588857696
