0
467098177
0
0
658453124
0
272912313
1011835614
573815247
0
0
0
61062429
909317228
0
0
0
0
579384229
0
0
0
0
830813025
0
0
0
0
111512427
0
0
915295480
660261352
0
98172883
0
201413071
896320241
0
0
495119996
-1
0
613476111
674651271
287941240
0
972746694
0
783484777
0
95775502
0
856528408
416956526
0
0
0
0
0
86022679
0
274404718
0
230266879
0
0
202955032
0
188643676
596054640
0
0
0
1237682502
0
0
34971870
0
410778424
936980407
0
-1
0
0
-1
340340994
0
207822221
0
0
76023261
130182161
43367001
0
471281569
0
473732104
1132582112
0
