454504869
792745082
847188625
673730707
772124773
199522227
941050542
1286414726
978800724
280037770
593407623
483138160
998461111
752124118
970026847
536584218
1156792826
725026832
1066411789
891566160
967555342
958207231
207127364
741695490
547278337
110885839
999436060
405203771
485410982
51841977
417092387
381392881
84287928
905312923
569145566
972590993
1057524243
396596451
957344737
226696495
896583474
914160621
603799966
802953371
417372618
761097126
200535091
967589593
313607370
1007464766
604495908
640287747
493078829
719975814
453868321
333269815
664420471
451115118
809915089
1022411274
1065077513
1051237448
331287232
412833085
391621610
969799759
259191113
979056792
446786165
342757424
929607741
916460977
551460593
724016708
635716119
501703534
538571441
716201558
697862936
166664315
747753996
693457790
800969089
234850551
767529141
885963795
436553810
788472475
1199911748
571778761
939443798
692953285
437893166
929521796
781517641
98550492
929944870
304757322
428067515
216787673
1328314878
487686942
1036457102
524855854
659279876
378758277
678869602
132831093
251458175
518383303
530101438
684011697
995462845
308592681
641678190
232819273
299112590
222007769
688119106
579707363
298749160
1069437234
890545118
644386432
891082036
434661124
1433727073
893219151
