561930701
0
0
64367251
200667773
955932735
0
1374348518
1269335862
142617312
0
1608858139
0
567870507
82531722
261340749
1135939928
698635956
820244883
814851142
0
1287621739
0
0
1106215579
0
622208784
1133747075
3400058462
166990174
431610925
-1
2653397726
1084526504
412163929
1162133278
242511810
2914054526
709136340
381974449
844109521
1681053637
289456293
0
540444280
0
694464178
0
-1
0
0
1630800607
100660724
1558177687
687859658
828939991
129514535
0
1413210543
564447083
0
661062092
171330495
21967451
0
0
0
787228584
0
438958363
84243304
610370675
1851354276
0
1001992166
1572203162
86594237
0
-1
561336268
348888623
66091254
300184440
0
421204856
0
0
95014878
0
0
259890039
947679504
0
3267485212
2363608460
2188824607
0
1624974462
0
925264356
