149772731
0
1257092555
0
370732957
0
0
324436645
534712835
0
821739272
794735353
420923123
390814105
628090356
0
0
392859854
0
0
181979925
976943024
0
0
0
388966850
220684011
0
0
0
0
0
-1
0
0
521415634
832860379
577128213
0
0
0
0
0
-1
0
0
0
0
767431312
1397475437
78673695
52196912
0
0
486737296
688491077
118768265
0
360884706
0
0
234058012
0
0
0
0
0
0
0
1175315940
0
0
0
775835835
1259291950
0
1195231228
252678525
0
633200306
0
746261456
-1
867497932
0
0
1263073388
201321273
229921313
0
765577070
-1
423702654
944944576
145385296
674467839
0
0
222849862
646440598
