0
20182189
0
1767643056
705381348
326919138
599019978
0
145419586
409970056
329673027
814857072
0
0
0
558400489
202464330
45582585
518137924
0
-1
827802423
147051447
257250075
0
763855613
0
362660144
0
0
0
0
-1
640129341
0
0
0
726770273
0
0
887010779
88528182
1079270114
0
758626243
0
0
0
592533342
0
184425160
721816284
0
0
0
388575746
0
0
0
0
381230633
0
0
0
0
21561136
301223584
0
92912458
557664405
36930189
297833572
0
0
0
0
1825911000
0
682044305
397138431
1147736720
0
834544207
0
0
356629160
0
0
-1
0
0
53203750
639144050
0
0
1126980370
0
441969761
0
0
