0
930868884
359991085
1028626076
1804216302
2150702299
152548983
1493152323
0
381593099
820585774
172456487
0
0
0
0
1383338522
195117497
0
0
1728240707
959084
325930777
1128083972
1000202427
157139320
1530115393
1132151507
147281513
585343110
808508407
0
232127954
343860353
761743830
383688173
657561350
159707691
665727491
760290030
675671280
2037531255
153523908
484374192
303171060
0
719609318
654332945
1173001049
0
0
281571295
0
2428688206
68514799
530555294
0
-1
533284541
1304907792
328065771
1518846504
481537277
2430943546
0
171325801
938039513
769959488
2221781704
352821286
1031768872
187733172
242144028
0
0
1009327164
0
0
186189063
36878992
0
-1
647831762
686025563
384314892
464384066
1119866127
289130839
0
573712129
-1
357117788
654968878
1700249892
614424249
40980463
1085052325
-1
1619358524
339286455
