77666701
843007244
810127041
96076685
964968996
782649470
237258188
925964389
458289971
183351834
702053681
84269552
195004659
511990359
1093920248
393294796
832117521
193865551
275101214
754346995
399249302
800879439
970384296
980975511
856680450
132094284
671827660
478410997
22378562
662093218
546908069
507841048
930639380
1010894847
908139932
702024885
457055223
232750880
895429731
992836130
1124020590
901020560
317477580
323362152
710708655
216452616
634702932
1062373136
603906949
840153887
158922420
647920103
575940307
645051500
745327113
17995328
329002780
651342375
866101495
201254832
937435822
762643426
1375499454
282435608
1117291852
336401457
1266588444
919293523
822763774
941081024
629326827
60509833
170416590
648203711
589700870
1184475383
11838982
604336015
919804076
808894040
290441058
611309903
258427243
106896558
963192174
78568952
777290984
915457409
651677189
817050056
189807457
120883213
723347210
1033352087
1207449391
604377806
511038193
738803672
813940021
377828105
601801501
556379694
799677860
540020533
