867958701
1311175136
1020345278
479813424
690118525
410995668
704835945
751165067
1192453255
197616791
436217825
1319267560
1008265453
735157345
1221842292
390990855
834883076
53489438
559925285
1076039950
335751824
222595596
824251425
594908703
590692724
189364839
858086813
884652692
791518981
1393688314
912780321
967556037
977377831
528232455
975164644
733088018
715653792
623784609
424126472
534979588
963275565
1142795280
596781850
30831413
617591983
825686150
740893269
1177045124
569980176
319834830
475038852
356447580
289716342
412730051
775222858
459694381
1019051427
881279121
485998718
958239691
184123062
1087005902
871254339
198921241
536497733
756802539
504896932
466264445
527486787
340666178
1160765547
1008562466
732818395
172857016
850792340
689753504
1315216332
175531920
947559472
576005369
137954228
733200302
614383625
137371084
938870644
926357026
1068744765
950524671
288541627
323406277
95114871
338365267
872471920
429113231
310026411
107890147
380894930
557168555
339586897
912054532
1092040249
101919477
508692008
480228285
85056844
881871561
1060860542
550203755
320730252
229796005
525947257
470555491
281932407
250897959
455585795
926910116
658566288
652678358
1134637583
1052884036
176287752
350526558
294831405
840821050
584764065
948531339
956734054
688280838
752712450
595941914
258096068
651937506
1001169156
584637163
1095632996
1229239584
1163318116
759559385
146577441
919087672
430525527
376720328
622716832
763427257
273635049
635394882
792489900
841029195
589761693
493454185
553881277
462557215
749505422
784773629
1580299394
1394725218
