6772086145331
1246168662
2465069889
6549899323
1951378595
-1
3500217011
73526182479
2234147554
106120280
85996943208
1502469627
0
4329244233540
9292642682
1863672555
3752084291
3859645985
1439140581
3446133420
0
309177388
6699620439
5653422258
197489026455
2576452354405
5548077204358
1188906032
80647566153
6021496107230
4999603611749
2350190001
33080254
11437567809
5818810676
3407456551
1726064463
3373787171
3752207246
767682039
521166564057
3023670115
1403509350242
6183148150
10603509227
187544923859
506705217
0
3149092953434
4254104148
5800289087
4740359826
0
7797163032
5872313002994
-1
1023586855
3837695460
2286061178
-1
-1
6511152229
1396689435
0
3427843679
1078443263
1044032173180
0
211172247
14446390036
3520320984
4939803188244
3362051569
982886015
692440206
2064510443126
5417583716
5609860721
6679223157
440101995974
3134958894
499510086614
11623740765
-1
0
2483129228
8609086016
0
7679716612
4353559694
126092933802
861010041
2163262954
1139777244
5281037420
7475060112
282507845228
-1
12493112619
7323850398
58293851633
11102023555
487011187
1566357014
4086235313
1681765645
3732898745
4941640681
4071133192
-1
403968342141
0
0
14635403301
0
6567290677
10082976333
-1
2147758276
3021257383
0
0
37462686552
10583268059
637340021
874515213
2927320143
4384887896
82009353480
0
0
504646444
2119233938
610725060
12516230100
1683427004
1675614907
4512414225
9615404067
2514808038
2171645080
830002182
0
0
