463333819
147350376
451831423
444383051
0
275189615
0
925808458
0
275198241
434882536
0
0
547703546
808566634
482540646
0
0
0
0
0
0
0
275340223
196833973
938741099
0
540608184
148644040
0
0
0
71133940
214839941
0
896929732
0
441054974
291416108
212682270
0
0
567869911
1000180279
0
0
0
0
186029536
0
0
0
0
0
476611957
0
445700435
350495794
53352869
405839757
0
0
905010391
0
0
0
83990410
344932963
379381962
0
0
248782225
-1
590794871
0
0
0
0
0
0
0
596358208
0
923062782
0
0
0
0
930550733
0
-1
370348349
-1
883764856
374887074
-1
857930762
877335544
0
0
