17275054
0
760272046
0
284395668
259198554
414514798
0
0
0
909693850
1616304208
0
1158489539
1332208199
11722604
134866048
0
1224670957
0
-1
265045437
889723750
89335934
1571038620
839499355
1319299416
878084546
378961539
0
863510127
193500095
0
1191810233
965633183
228222431
1618282114
907948085
964518840
2630694864
0
0
829119506
998849486
0
-1
962780732
632079994
0
694826597
355645394
938443241
0
0
377275430
762852077
546467741
622256239
268513137
863762292
480863562
436637129
112888282
1519636361
0
0
0
757648374
1298178842
710667910
0
705419920
553745350
208571759
1043057913
399706556
344910314
0
1772986100
0
714080029
808821636
0
2882844387
1599498971
6723056
878137300
1635615891
0
0
701283192
262455201
0
0
2626871018
0
44830658
183793286
-1
0
