363886402
397118532
222998034
565657508
785510492
742432758
192791728
872544982
858583072
930499755
810065434
634760124
144892451
1218552145
519429604
953548542
346384632
154445199
738932378
1006448154
1045841581
418570619
1106495740
511909106
1103855666
541333370
818283289
619272149
145780618
566937078
843858911
734398348
983300163
55594006
839322790
959012660
1243998609
411564512
538688916
490820612
462840901
990528075
30305476
467857914
591894720
457146113
45479171
731863445
251752715
1362501398
1207358392
1065487524
780494305
575584849
855578176
214332976
795583377
1245378635
230799265
707348994
542731252
133394269
971164664
984707799
811968087
380479188
827501678
376506494
1044100113
1040303034
955969499
925229836
461225897
753805296
398962012
1105649008
1149276315
750637900
376547368
725642573
24993514
248596382
910443357
897247026
67141149
515459001
940050362
547439827
822736634
368769184
111079262
470504490
420019276
1025350382
825160783
1085904201
326855373
1092324576
778971217
765780577
306243179
872344871
843893126
1006220793
833199942
486342420
145299712
727061233
873984010
681109920
511465291
858860559
646620662
663960793
670173377
246974167
198693335
193311826
615419904
1124189617
162555345
394422863
500746740
555050049
781607741
771528246
334874139
617354780
1239842287
389407001
873865068
221489830
1167729363
572894278
1649730774
