2968447809736
6649825837
2522797002
526562620378
2879480885253
2407888948
3591807743
838460338
2809119368
5402800232
1525273618478
5108022333
301372046147
7776454276
3574685651
351397469
1246497747
3704029886
4313192549
-1
5497351841
0
1665874989
4855565168305
3336594877
4821965358
10258876261
6913069477
802602207
1491240173
15293908
898392030
77992368
-1
513562032
8649456652
7837630479
4649685138944
238229601
1354605470544
-1
5696002893
0
1693994080
1891693075
3750607060040
5496530959198
6555496910
1514328083
9240668993
806752909
2643889143707
2921345467
5558329899488
4424245237
1339980241
794013145
-1
2291435860
753080455
1836650449
-1
0
13810941517
3949813207
870718293257
7526267944764
565883907
926980210
3583789525
2791206073
0
9514560348
697923151
7242627921
1727255264
4554685843
535481268
2778209295789
1643968397
-1
1220205322867
10850299514
1647222402286
8178995296
1073624371
3674858258
74919519119
5296394299
641014318788
39550983090
1180584673
3103745261
0
0
