0
1406407128
950273302
554641316
0
0
1053456301
1551752855
1844258565
777962940
1868071297
1297308117
911110140
645392474
0
0
44686087
702184456
817679810
415515530
879526808
1000946490
734496514
1043139914
644719529
258540531
2255021780
0
919112294
1683338938
1329002337
1312298643
2671847341
0
840913398
231434325
84604479
493752081
969564351
0
943850157
743369113
0
697739692
219897274
448995231
799007617
653146244
0
798003597
0
373013108
0
1208666348
808351993
291523428
324630521
0
551991382
1452262360
621959517
0
432950439
0
259323408
1002092429
695537113
208891963
244878620
525655330
28144824
0
83807958
651632354
793079290
0
0
-1
434540796
74785248
37127086
189036885
747171613
963613728
104504892
1529053895
237383957
0
496792830
518173130
846500063
0
0
0
3306114694
674389804
1715950082
0
2007334753
1282398314
