10535
6
8
17
13
2
12
9
9
13
2
9
2
2
10
2
15
2589
20
4
13
23291
13
13
25
4833
8495
14
6
20
22279
4
13989
7820
19
8
23
7
21
15
4
10
15
1292
2432
2
14
18
19181
14
24
4
10
22
17
19
4
10
6
20
18
22
2905
2
3
7676
17
4
8
17
10
15
12
14
11
10
9
4
5
16
4
13
7
18
5601
13
2
21477
10
17
16
9
9
18
18
24
24
4
15
11
5
5
8
1
4607
5569
9
2
15
10
16
4
22
1
12
15
5
1716
12
3
12
0
10
7
14293
6
13
1756
7
4
3
142
27
14
6
