200001
499
559
523
349
31
28
627
459
6
3
52248
10
88336
2
5
16379
16407
13124
23415
7
3
54013
20658
7
49252
8
24087
16188
7
7
5
6
4
16460
46454
7
29354
4
7
57152
7
2
7
7
7
35782
46580
42555
8
7
8
6
11
6
8
59466
9
27636
35911
5
5
32665
37763
10
29986
5
1
93277
6
2
4
16311
6
10
2
24782
5
44635
8
2
1
24885
71114
1
97249
7
6
16324
18639
1
6
1
43341
2
199992
4
18866
2
1
12296
15849
17723
2
34750
12568
4
6
4
16659
5
14638
5
41498
18572
39001
8
7062
7
28839
45893
9
38791
35913
26137
25486
46472
21961
2
19851
1
7
7
8168
5
159984
30723
48868
8
6
12684
4
8
36830
1
18175
8
8
19711
53777
6
10
5
7754
29284
4
10
3
14910
8300
17784
5
9
61666
64650
7
138649
31503
6
5
31793
2
1
3
6
4
25006
21957
7
22142
1
10450
10565
5
3
6
18504
1
91042
26388
23039
2
3
11441
1
5942
27032
64211
6
11519
9
61951
9849
12476
27112
8
37846
4
29760
37190
19029
12
14
4
4
7
3
10982
12913
29103
4
29158
4
29315
20315
26066
34355
22381
3
8
6
2
29884
7
6
8
5
37282
12
7
34857
22322
20434
13389
18383
3
85925
4
3
8
17
19729
1
94085
38298
33428
10
10
41494
21879
5
7
14912
3
5
43434
19207
2
4
37775
2
5
9
10
3
4
3
6
32574
16062
22273
4
49842
5
14920
61104
17091
5
61627
35752
45713
16838
5
8
1
22435
30392
10
11
3
6
26574
8162
21974
6
1
21838
1
32329
28403
3
7
96337
6
4
4
11
5
25447
29443
9
17330
6
24378
27819
4
2
15
20753
3
5
38272
10
121794
65214
15578
5
6
10
199998
3
1
12
7
19824
15236
17549
46327
1
9
62346
4
6
6
5
6
26533
3
11768
2
5
31548
7
7
51319
5
13477
4
33790
3
6
24728
5
3
25580
14489
5
11100
32481
29884
11460
17704
22180
7
4
46766
3
2
16775
47118
3
28463
4
101627
27574
10
4519
3
54014
4
6
130319
11071
8
87562
47389
19355
16888
9
23201
24471
68665
2
54446
15186
2
7580
1019
12
5
38280
2
10
16039
14
2
17045
9999
70970
43042
7
196708
4
6
8
23752
11
38057
32818
24427
25455
5
9
3
1
23409
10
199994
71557
4
7
2
24128
1
7
6
5
41112
40536
1
8
4
6
22252
27721
26139
18665
5
49818
21246
5
11
47273
22262
6
1
2
3
3
4
46786
12687
29898
61108
4
108584
105606
7
17911
5
47754
39861
6
8
11
11
6
12444
22439
23100
11
7415
4
6
29070
87446
11283
7
89075
16920
20688
2
3
6
36221
4
102766
14603
5998
4
15122
11
102810
17187
1
2
42146
10
4
6
5
41348
24984
4452
10
2
34112
4
138157
149323
4
6
34787
33291
43166
1
20824
1
50805
27
60240
4
7
6
5
88953
44580
1
38335
4
50791
6
23918
3
6
5
6
4
80010
4
12122
90955
6
16079
19428
26597
4
30662
7
11
10
1
17321
7
16672
6
77470
5
4
3
5
13965
3
70818
4
14457
56374
5
21672
22696
3
63723
3
32512
4
27642
2
33500
4
5
11499
5
126257
23936
10
27413
7
15802
20564
37845
13
16906
16378
2
6
3
6
27904
7092
94360
29341
22971
9
12
11
4
3
6373
16761
10739
32783
6
3
10060
8
12132
7
34135
6
48971
7
99900
8
25261
21477
27887
51742
11
10
199999
3
6
24900
6
12772
7
14085
23536
2
2
9
120669
8
80534
6
24444
89911
17182
191136
7
5
3
30128
1
3
6
76293
15226
6
5
4
3
1
7
8
27493
5
16624
8
38406
4
17640
5
7
3
40658
9647
9
20666
55796
2
9291
29188
3
35103
1
7
3
3
31451
3
4
6
24523
28460
6339
3
14677
77549
9253
7259
4
51372
48398
11
10
9
37430
3
7
8
76070
18885
11408
17870
6
13892
5
46581
3
13746
23659
2
22365
14
20009
1
6
15119
44311
23182
17717
26415
1
4
147476
1
17161
29757
6
78400
8
5
33098
10622
15860
34679
3
12
54241
1
5
31103
3
14992
6
12946
11
67882
5
24023
23735
7
4
24170
37907
6
5
10
6
3
29668
97938
7
34366
23697
5
146300
11977
2
1
2
46438
5
15
19656
4
10858
119654
5
124104
5
41398
7
17393
2
4
19738
25997
23957
6
2
9
29020
9
2
4
24729
28272
6784
1
16862
3
12215
12246
10
8
4
3
9
41132
16992
4
85386
26941
3
50893
35161
47198
78265
7
10335
21234
5
8
4
21453
199993
7
11715
43633
8
5
4
45155
21843
4
27650
4
5
3
3
34599
4
9
7
24300
14588
8
85034
1
5
40168
21911
21287
9
6
1
23554
24960
3
3
10
4460
1
18081
3
44810
4
3
1
24128
16242
6
31969
12670
30618
3
4
59158
53386
4
7
34106
4
24327
5
3
44469
22146
8
33982
4
7500
23651
85267
78410
7
26938
92581
30912
6
13
7
7
8
4
14187
11781
6
7
33237
9692
134722
13
2
72876
13
69869
8068
63032
13073
1
48862
7
8
10
25545
47306
23993
5
15005
3
10699
28792
22636
3
6
14
199999
6
23281
4
3
3
4
18566
7
15406
6
8
10
26561
35667
5
1
31194
200000
67038
13457
1
7
1
20557
11
42480
6
22087
25200
15359
39087
8
21277
8
3
33340
11
31290
41762
200000
5
47251
50860
30081
29976
200000
23245
39326
9
3
28707
54137
35560
4
5
10
2
12412
200001
53541
7744
56320
31761
38423
11022
3
5
30817
16256
8
9
40523
2
3
38842
2
4
6
4
36161
26759
74481
1
1
24936
1
25737
9743
36455
19952
3
18597
3
9
5
29502
4
21427
25492
32231
1
125659
46566
4
100821
53935
6
2
3
18534
21043
12589
26327
13449
15604
31598
66814
14
87968
5
3
4
24807
17263
10
10738
27919
24148
33663
9
71809
22882
20442
7
9
8843
7
8
5
9
7355
17355
200001
9
17109
24068
89779
27991
28526
8
5
23126
20619
14614
2
3
6
19268
60306
19149
23289
55360
5
8
9
14663
54838
34118
2
3
14906
4
8
3
5
21298
13531
28969
12067
21230
8
13199
8
8
46572
9
4
7
9
7
28726
1
37067
45370
23748
15
21115
5
70215
14047
7883
4
22402
21092
9
4
9
24786
20383
3870
28192
28456
3
48393
8
28967
4
45051
26673
22158
9
10
2
11
6
44110
11
32376
34571
22470
2
7
1
42185
10839
42384
7
7
7
4
45344
15
24528
29574
10
3
7
29350
53825
4659
4
7553
5
5
6
11
9
3
11
3
2
4
37738
25071
9
31761
31571
54088
8
6
28592
24104
21302
5
5
42835
3
40297
5
6
6
58111
4
22961
107404
1
12485
9
7
2
5
3
6
7
30072
5
3
4
1
5
2
29874
4
2
200001
22524
10
7
32595
30102
11288
3
7930
16151
12780
16
28275
22692
11930
43764
83437
8
30565
6
4
70235
2
16024
36654
40207
7
26708
6
4
10
19295
9
30399
4
26071
27244
7
20691
81718
22296
10
3
7
51808
37160
3
2
9315
2
31269
41444
6
20781
5
15313
32421
22650
16544
5
63373
2
15158
16
44582
5
159738
2
37491
3
6
4
87869
3
7
57679
1
47686
3
8
106437
35675
29423
9648
9
4
4
12
43372
7
9
26617
10
50405
5
34388
21028
8
32461
17736
4
5
5
17905
6
11
26763
4
5
13
4
8
11
3
14
8
6
7
5
4
1
1
17411
15353
22997
11635
148204
6
17111
25099
4
2
6
15166
4
23195
7
67486
12
7
12192
4
23147
27374
24751
5
1
20107
3
19799
12896
4
4
12707
5
15649
199998
2951
10
3
31528
14062
3
4
2
7
17124
64342
3
51438
1
1
19402
16988
5
21500
6
32973
12558
6
22491
5
66177
5
6
10818
4
44520
15
25598
6
2
25943
4
32024
7422
11
1
5
11
63253
15
6
17608
50039
4
7
3212
49069
8
7
6
26293
7
32812
1
6
9
33267
5
16978
5
5462
164605
7
9
14892
39856
7
30127
6
25041
9901
15
18615
5
45077
33536
25512
25047
19216
11
5
18183
6
20161
3
3
27419
4801
6
36887
9
17272
2
6
9
32107
23037
7
5
40301
9
33891
53034
11668
6
4
41844
1
4
7
79727
3
19258
56677
49362
1
13891
12
9
26638
6
40562
181327
6
17769
29723
26152
23019
6
6
73724
38428
5
12531
4
20321
32735
45413
13
7
56589
4
26238
29978
27979
5893
4
56817
7
47887
28605
18849
23774
39063
24625
5
64614
4
2
5
3
9028
22209
22412
6
6
60027
33100
24571
54302
32895
8
49760
16306
3
61640
4
5
4
6
7
15925
39137
2
43621
25874
14
15800
45432
4
42941
5
51262
36745
8
2
7
8
20091
19505
25934
1
4
7
20306
9
19977
1
199999
2
19489
46102
6
5
42654
29189
4
17161
4
39580
5
4
8
8
28104
37925
17267
8
4
18349
25254
17663
16678
5
5
8
46346
185329
52549
11272
8
54497
21267
3
5
19451
9
6
48921
30754
15
43904
3
8
7
6
12
9
19632
1
4
35115
4
32295
21539
37054
1
2
21971
8
4
6
9178
199998
9637
9
3
21885
4
12756
200000
5
21551
6
23642
18190
5
5
7
20998
22404
2
9
26407
1
7
40362
5
13719
6
2
84797
17903
1
61402
1
4
102143
34055
39601
4
20828
33639
1
55540
5
4
20423
37696
8
56666
8
4
2
37358
59065
1
6
3
20631
24126
3
28126
14658
5
5
22191
49735
8
13788
41639
3
3
29788
3
4
5
1
13923
47729
7
22009
15777
11
8
15
77403
23233
14622
1
16160
41778
4
12
6
7
10
1
16663
13993
31247
6
4
8
6
4
7
1
4
8
1
7
6
23427
5
1
2
20137
1
6
8
8
2
3
3
4
47821
35104
22659
30231
30501
46651
1
7
23587
10977
4
10659
8
199996
36294
8
5
25421
69694
10900
12
63317
1
6
53663
8
3
10
15
37201
26346
16
5
19070
8276
20066
6
7
24804
3
38973
4876
178468
23929
30223
6
13
2
20450
36057
33582
24267
7
6
4
31792
9327
11
32979
6
6
15728
17206
6
5
43353
37232
12
69397
14028
15940
183834
18683
47704
3
26020
5
28117
4
5
49705
32930
34142
3
5
4
12609
59334
2
88420
16734
8
7419
6
5
9604
11838
4
3
17901
64639
19782
6
32106
2
7342
9
12
3
6
7
7
7
3
6
6
1
19895
1
15074
3
3
20116
9342
6
163070
48913
27243
6
6
5
41591
27746
32218
7
6
9
25337
27915
7
1
4
6
10
4
7
6
1
6
46839
17558
11
7
12804
6
3
6
3
17815
3
16066
3
27027
32086
11445
6
32581
9648
3
6
16625
61331
7
7
21543
31221
30310
33149
5
21082
29299
4
12262
8
13548
5
38578
23511
10011
6
1
38949
23385
8509
3
26607
20616
5
31208
14927
5
5
1
2
9
8
28369
2
4
20009
9742
8822
15483
10
16424
16649
14844
33380
10198
2
8
6
15951
12
199993
28137
5
4
2
12805
42604
7272
3
16842
3
5
4
3
199992
5
39238
11039
4
2
23866
27077
25457
5
6
40500
18536
8
18490
12
25445
8
6
19188
4
49304
85982
9
86927
32898
31255
28424
3
15654
32654
6
57430
138797
10
19708
6
2
5
12
11393
6
15758
7
22297
35592
5
25799
3
6
28373
1
5
20483
35969
8
16963
41248
3
10382
19
11066
12631
8
9235
4
10
5
5
26102
1
21905
1
6
1
5
11953
32558
5
4
48314
5
3
38975
6
33637
11
4
4
9
56279
24
6
6
5
3
18908
23995
18611
19445
29666
65711
4
13
16000
7
6
11
33767
3
19440
93051
8
4
73831
20327
32797
8
28309
13
7
26318
7
14329
18
6
97336
7
2
4
34310
40497
3
12975
12784
58568
8
53605
30545
2
11689
10
82708
6
5
60785
22144
1
5
7
2
11089
9
5
38042
48276
5
34230
3
5
15037
20778
59272
25924
28156
25880
2
22835
20907
1
49842
22089
17
23951
14238
29141
11525
9
62261
13634
8
113139
26128
7
5
11
89283
10551
11
6
5
62886
42424
19091
26804
29514
20738
5
24039
23792
20432
7
12
6
4
26719
10
2
17278
6
9
39994
62758
27765
2
11
3
10
8
6
7
6
29106
10255
6
30430
25310
3
1
27568
8
119400
5
31808
6
5
16298
7
31289
4
6
1
26162
68194
47544
3
25907
54570
20229
25637
5
3
5
29198
24442
64111
30498
54858
7
4
33991
22472
6
3
9
4
12
43707
3
23853
29107
6
12
6
6
2
7
2
6
24489
54399
2
26321
47793
9
9
31409
14195
20334
14
44135
22395
1
6
5
9
6
2
18720
8
6
9
22780
3
4
113272
15061
13
5
8
2
8
19208
3
40824
8
18969
21838
32766
9
3
3
6
31470
17672
12
5125
4
5
7
11879
132904
41569
5
11
27666
10
8
23122
2
10
24194
68931
6
34517
24909
54763
5
1
9
7
30814
34078
59244
8
3
14438
48050
24301
40718
24628
7
39452
22671
19666
6
6
1
5
25077
1
6
5
1
5
19526
8
5
19352
27561
6
5
1
3
24208
61680
20749
18792
114174
13574
3
3
19255
26513
9
30928
199997
11
9
4
4
30993
3
49857
5
41694
10
52707
6
32560
5
6
11
4
3
21149
6
5603
5
15078
3
8643
10
4
19250
3
22966
16164
19377
11769
5
5
20
6
40295
17216
14
22461
9
21485
5
30389
40335
6
7
43583
31166
5
6
35052
10090
7
10
85547
60559
1
5
17418
5
35912
8
27899
1
24027
3
9
16
4
26652
6
33280
5
30776
10
33716
7
1
87763
28228
19257
6
3
10
9
17010
26450
14704
2
2
7
2
9128
8
21149
4
16569
13
6
4
5
5
27255
7
4
5
4
3
4
5087
14568
6
2
8
3
8
52171
96132
1
28737
7
7
4
17295
61366
35411
4
12
55285
41569
28527
4
13017
5
6
30773
10
26860
1
5
5
28214
28420
29192
2
6
10
10
10
32557
14816
27025
5
4
7
7
8
23166
28510
4
11
5
7881
16271
6
7
9
11718
9
29291
26802
6
2
29380
32329
8076
29492
3
3
5
39968
21879
14415
4
3
17193
2
3
7
32019
3
7
25288
7
4
31558
3
18076
27059
7
4
16304
5
14270
3
24492
6
42254
3
8
35216
70347
5
16500
18644
1
17892
42614
22264
3
9
10
22215
2
48630
6
97381
7
10
22238
27304
4
24012
2
7
3
6
45822
10896
4
5
28309
6
11
37992
16777
29266
8
53200
4
3
30157
3
8679
4
28212
63360
9521
4
29353
15677
4
7010
29225
40274
22820
12
14316
5
57658
34228
33150
7
11826
5
5
5
8
30111
18253
3
15926
18947
7
5
7
2
6
1
2
7
6
15
17123
6
19754
18020
5
6
36857
16412
5
50114
21823
36686
50342
12
19249
26355
92311
5
25455
50822
2
3
4
25448
3
55154
7
37133
5
6
29091
131185
25730
25788
1
5
26566
24829
26189
3
4
40858
35235
5
6
68570
3
8
74924
21798
37481
8
3
60353
6
37886
5
28194
10
5
17981
5
1
48192
4
30508
14806
16291
13081
6
15
20563
9713
20389
6
5
4
14
9096
38360
7
5
16825
8
16770
22321
1
16116
132926
17584
1
7
19616
16
9
5
17517
5
5
3
9
5
26738
10
9
5
56623
27993
23737
21939
87011
8
74484
1
80568
38545
21753
16932
3
8
88393
4
8
4
3
10
59409
27692
4
6
32018
3
40752
35972
45927
17712
26764
2
26932
33428
15463
27270
5
81184
155668
23793
8
3
7
15
6
7
12
4
12
22842
31384
2
30461
7
2
3
13923
9
88930
5
46979
8143
13
9
7
23259
6
8
6
37371
7
7
9
7581
1
27736
10
3
4
6
3
12139
53509
19704
51925
16372
31445
1
6
27767
33782
6
22251
6
67569
5
3
20752
17
11
50915
4
9
29714
7
11
5
9
2
21990
8
47520
2
29241
4
9869
36433
6
12905
4
9
30316
50522
3
7
19979
4
5938
8
22424
28717
6
6
19797
5
39531
40571
42551
32948
31377
14829
22779
2
21406
2
4
3
4
5
9
7
4
22236
4
120167
47437
34807
46359
11379
5
77879
3
22881
31128
35390
17563
55503
17520
2
3
51344
1
2
6
3
6
13032
2
20716
30036
23943
2
21752
6
4
2
2
5
8
14
6
15022
28438
45581
29536
3
46193
28739
8
5
85300
40561
13623
5
29880
11801
27595
13278
28453
24880
2
4
7
25042
19313
69719
60442
29663
6
24484
1
21417
6
8
21836
55584
25884
6054
1
28356
8
31309
8
6
18629
4
28332
14814
8
59917
11814
21066
4
3
5
23434
10
6
8
4
27737
7
5
3
8
34466
1
36117
62067
25821
1
5
17606
5269
5
21402
27399
5
29637
63273
1
7
18032
48241
140953
6
56768
6
13
4
18781
5
10
7
14103
23731
11
15883
7
4
26536
6
17267
10
7
5524
11811
22783
2
11292
4
26279
7
4
2
9
115616
34848
36403
54012
4
16442
36520
13
8
20082
24043
11387
24012
2
19043
29642
7
4
4
14564
8
46973
17010
35334
19391
4
5
6
25504
36994
456
1
2
40470
24146
22421
9
46977
2
18270
2
18203
19096
5
9
3
27584
5
21088
9
47643
5
4
6
3
10
6
25346
2
19189
20385
25073
7
68273
7
18796
4
5
27892
16
12966
6
3
26832
3
16
9
7
6
41081
4
3
15617
1
5197
21466
2
4
22634
36516
61465
28953
4
54016
7
25567
7725
22242
83499
29624
4
8
10
6
13035
5438
35806
3
6018
11
3
8
54117
11
36143
1
9
37696
1
23409
3
7
8
131020
23451
21203
4
2
7
12480
26943
10743
24758
8
3
5
3
6
6
52466
21457
34385
4
55235
4
5
4
1
9731
31211
5
20791
44306
2
8
24399
17207
9
5
34889
8
58054
24897
20236
36555
9
3
30798
7
26870
20651
5
4
8
71497
6
199997
6
5
3
8
8
6
4
18987
22724
34339
29768
4
10
24084
16788
4
49872
6
14306
5
4
36837
2
5
11899
26872
50309
1
10
44492
35999
6
18266
8
6
49546
5
8
4
199992
11
9
4192
1
1
6
118541
36866
31245
15086
7
20349
35974
1
5
69854
60663
3
49595
40669
4
2
1
7
9
27053
6
4
25034
29742
2
33077
44718
7
2
19325
6
17370
12
41946
2
8
8
37330
46177
16469
28718
4
29265
4
6
30535
10
8
8
30053
19405
6
11262
5
5
4
5
5
8819
57698
14
8
3
7
44260
4
1
6
16653
4
31049
5
2
8
21570
108222
10
19354
78237
12
12832
1
10
13
42241
4
5
14546
20028
16923
9
40667
2
6
20917
27193
69531
4
6
4
7
52173
13
23738
13329
3
20701
8
7
22604
5
3
21785
22655
6
18830
27585
8
10
5
98638
5
7
3
70484
3
3
1
114329
9485
12885
28675
11
4
80671
47645
10294
10
8
34501
47072
14
13353
2
29949
27102
8
17339
3
49841
7
2
10
24708
5
8
11
5
5
35800
62148
18514
11
5
67332
3
5
58657
10
9173
7
50445
8
30669
8
2
7
14021
2
6
8384
6234
8
7
32678
22019
20451
4
17618
9299
4
7
3
12904
4
4
1
7
199996
20068
5
2
6
9
7
5
6
9
1
4
2
72723
26388
10
38037
32299
3
6
36933
62112
38647
1
1
8
6
8
11531
4
7
8
49275
4
24071
4
4
37223
28411
33777
47508
6
1
27576
42772
5
82259
6
89819
2
3
46458
7
21999
6
7
26005
2
18117
6
1
7
6
27377
4
23383
4
97268
12
3
81645
19469
1
2
4
7
3
6
7
2
4
40594
4
84938
62647
6
5
1
35339
20820
6
12
26258
7
9
2
2
8
17303
26018
4
17076
7
67695
2
39864
103387
3
8
36520
5
31732
7
17640
3
9
13
3
17247
8
9
11
3
9
29808
6
31225
9
23922
16595
9
4
15411
5
2
17815
1
3
6
48194
7
3
14
8
1
7
18962
60752
4
23179
31386
11
4
1
2
3
4
9
2
33051
54194
43757
22228
7414
9
11231
11904
1
11
13004
3131
5
44558
22140
7
40424
78639
10
3
16528
22950
17478
17162
9
2
5
30633
5
14
9
32428
3
21960
19539
6
3
32497
8
54315
3
25387
21845
5623
16063
17959
12623
3
39530
6
17101
5
16870
9
6
3
32313
4
20214
1
49020
5
2
3
4
5
24116
33001
3
39229
6
8
10
8
14492
8
3
24957
33898
11
4
3
1
22397
2
199998
13973
21984
26417
24253
21908
3
5
4
29485
3
6
7
14476
7996
6
5
9
4
28004
15410
39386
10
60858
1
6
9
6
59800
37991
23358
55738
8
10979
39461
14118
4
3
17792
16771
24777
10
52229
9
2
24452
3
2
16676
9
3
8
1
6
27432
12096
6
31167
6
6
1
9
8
8
4
4
15
10
6
27655
4
14881
6
132875
34827
7
12009
3
6
2
104591
70802
45077
4
3
30042
1
5
19168
10430
11387
41367
45498
5
5
7
45857
14628
58085
194735
74955
1
12638
53902
26087
35982
9
3
21465
7
33250
4
26216
4
41698
6
5
6
6
28482
39178
42107
8
5
25717
12216
15784
11857
4
18674
4
7
3
8
10846
13362
74505
4
39052
5
29869
11222
14543
6
6
52380
10
6
20
7
6
6
199999
7
4
6
6
26469
5
5
1
13382
6
19013
17735
9
9053
5
60105
19264
62230
13
18
7
24528
13765
5
2
31425
52091
28903
30063
8
36656
47752
6
8
7
8
15454
4
6
8
36426
25595
24752
1558
5
4
2324
19501
134122
8
15428
7
5
200000
4
5
5
8
6
8047
3
7
2
11440
7
58750
35380
2
7
26179
18237
2
7
9
4
53267
12191
10
7
2
7
5
20677
5
6
4
17256
19616
26481
30343
1
6
1
44872
26279
5
6
34025
9
3
36585
2
15
6
5
29929
5
7
6
39419
11154
14651
6
4
18984
9
9
6
20277
33282
8
14323
3
25403
15938
5
6
8404
10581
6
3
1
199993
32636
1
32311
4
20688
21324
5
7
88323
43286
13
17499
9
22300
10357
11
9
7
69101
4
3
8
6
3
1
52354
44704
8
4
12454
6
43259
71893
49111
6
4
9
71853
69098
2
7
14831
18036
39160
25484
46396
3
13033
16924
3
5
15212
1
33622
56207
3
73664
1
13907
31142
7
1
16967
6
37939
3
5
2
6
7
24144
4
46700
6
35439
4
13
21208
8
10890
10
24933
75664
6
21835
14950
10610
19496
33155
7
1
16762
6
1
22905
7
10349
179170
10
5
15722
8
3
9
47011
4
10830
4
37177
4
2
7
27519
12710
6
3
1
47870
51052
70032
7
4
4
5
22796
6893
8
18796
16290
3
11658
35147
5
5
1
19731
4
3
19633
18875
193180
20252
1
6
51910
4
37643
5
7
9524
13025
36605
6
6
7
6
16446
10
8
2
38117
15830
3
90897
5
3
33186
17234
1
33698
29802
53356
18798
52419
4
21479
1
1
12351
9
2
2
100047
3
40647
6
14
4
3
1
3
4897
60762
10
10
3
11
19655
1
18779
9094
4
6
11
27525
1
5
11554
2
26800
4
3
20732
6
5
1
8
4
6
17517
15310
2
8
14
4
14115
19170
67958
15602
7
5
28013
5
18037
22746
7
7
8
6
13606
19194
50387
3
11
9
2
2
27241
199997
10
6
12759
13340
2
6
29253
63573
29282
35361
7
4
10
15535
1
6
23481
9
5
6
3
75334
16595
2
2
15
15
4
5
3
5
22234
13983
45393
5
11258
10
27393
5
8
2
6
5
4
29829
45802
1
6
9
5
8
18215
8
13413
15278
8
42944
29654
5
46966
21402
14743
1
11238
40644
4
12860
2
5
1
6
9
7
16163
4
27057
2
6
2
18539
20623
3
7
8
7
11015
5
9
18067
4
4
3
19898
20877
5
18582
20178
35021
9
25325
6
5
12144
20384
6
17001
4
30385
28068
3
16747
3
33155
8
11
2
9
37431
10
2
84513
55811
8999
34649
6
6
25484
3
3
29297
1
7
3
23448
48439
5
4
15158
21840
10
12545
22905
6
8
9
199993
15063
11
7
8
3
122750
8
24126
21649
19852
102386
17494
4
7
41693
17155
25691
28518
5
9
6093
2
60853
50884
9
4
27726
3
8
9540
10
7
7
28321
7
10792
1
19371
3
13317
29710
112268
1
22126
23649
11937
11179
5
7
148734
25061
1
41772
18854
7
13
11011
54357
7
13898
25192
26273
24295
43111
9
19126
8
12753
7
5
13283
7
10617
3
10
1
33811
6
6
5
6
1
21916
5
8
6
2
6
34202
21530
96995
182778
9
21775
1
4
2
40821
12
5
6
1
6
3
3
140236
4
6
4
29650
14579
20433
5
29462
37379
78619
85441
29671
4
3
5
2
24842
30621
32832
27645
28057
11092
3
1
19286
38655
119635
6
39298
1
31393
45170
12
1
69759
24585
199117
9764
34358
11585
22315
5
99946
19601
40834
3
32779
6
25332
28222
27316
11229
6
41766
3
8
2
1
14
5
6
7
5
21035
22561
6
34397
11
42066
16998
7
10
48540
7800
10
22545
3
31827
5
30597
6722
1
9
1
9
35462
12946
1
4
14
7
7
6
18077
7
32499
11
64132
4
10146
63408
66198
32691
32631
6
8
6
42435
21368
5
9
30888
9
1
9
118836
3
30159
2338
7
2
17945
34859
7
26388
30979
12652
53558
33110
8
26753
37898
26262
5801
5
18062
29301
3
5389
9
25675
15155
4
31374
1
143611
37786
6
4
35746
5
6
8
3
7
27156
26166
45358
32500
53210
29126
34962
31023
7
6
4
4
7
2
24563
4
15078
23722
25088
100240
4
21787
2
8
14998
37712
5
6
5
6
32412
29713
2
6
8
14430
107901
15532
3
9
4
6
8
199997
111447
98434
7
8
37608
7
14
15790
30562
24585
58358
5
37518
16150
7027
5
2
42086
15361
38557
36387
5
7
6
21478
7
14215
2
21713
200001
27826
21873
5
28915
65620
61178
21310
113359
7
18116
54611
32894
4
22113
24377
5
11538
7
6
2
3
34991
9
63037
24008
21813
1
2
31832
2
4
7
4
2
7924
3
33985
47010
41178
110106
21256
9
28326
10
1
28254
18149
22537
6
23655
4
7
8733
22509
3
17753
9
78934
5
6
7
11526
2
9033
18578
4
36601
33244
36008
5
5
18004
16
3
5
3
8
2
10
14533
2
11961
16441
6
4970
35278
4
8
33224
13169
14641
9
39890
42781
3
4
1
23578
1
9
24615
31619
7
8
8
21346
24687
5
5
2
18907
16
19594
6
6
8
9
43339
15774
5
41762
6
11
75034
9
19890
33268
18115
21198
5
22078
10200
1
24652
2
21110
2
40446
8
1
3
6
19008
6
40866
37314
3
68292
54470
90085
6
199996
1
26085
2
16953
27603
128466
11084
35464
40010
23916
11
16960
31921
5
25736
128285
24122
8
34398
20684
44808
9
81910
5
34305
9
38029
3
34977
4
145845
6
72887
13200
5
8
27303
5
26347
54623
5
1
7
34335
6
11
9385
9
2
17680
93702
5
63183
9644
24472
4
12
31842
1
4
7
14230
26864
5
1
6
24823
30025
9934
3
28988
37265
8
7
37884
13776
9
57642
33089
2
30648
6
1
16202
4
3
58741
1
49371
7
1
23869
54334
9999
12373
8
58681
8
35231
22890
15076
31423
1
21366
49720
8
3
13760
23504
4
4
15262
3
24548
10
5
52334
43352
6
5
1
15
40906
31134
23712
23555
32796
5
25762
9
28258
14680
3
7
18719
6
12509
4
7047
5
26188
82679
8
10
8
8
27457
23189
7
4
55411
7
52740
6
7
19448
37944
24913
6
8588
6
12
5
5
65384
9
19136
40749
5
5
9
7
2
19498
23417
7004
4
3
28801
8
7
15758
3
6
8
2
8
42316
7
17161
3
26907
4
4
15225
7
4
16238
14281
37524
21386
3
10
10
2
7
17851
18321
5
34288
3
46848
18081
22748
6
7
42101
7
2
17502
7
3
6
2
7
70675
6
2
4
31985
1
48564
3
4
30220
63529
5
45077
23472
26082
2
7
2
29208
5
34828
32926
72504
8
1
9
5
19535
7
21265
4
1
24082
6
15473
16891
12
1
3
27788
25099
10688
5
19776
4
31822
36569
6
6
9634
4
7
5
7421
7
73258
4
22076
10
11903
35639
37910
19326
5
36736
9
7
3
16061
19404
8
4
6
42095
50695
5
24094
6
21373
3
4
19927
33467
8
4
2
5
5
12422
4
4
6
5
3
9
5
41404
178634
27911
11
4
10
3
5
10488
8805
8
22092
3
24194
10
45186
18704
65132
7597
1
4
10
4
6
6
1
32210
13521
5
5
3
1
28899
23687
28292
1
1
14471
11
12
2
19001
12118
58702
30225
51872
2
23638
18399
1
9700
5
6
3
3
25567
50088
6
16033
4
12272
3
35621
21850
30440
7
4
8
17417
8
6
5
1
6
11980
8
23573
1
7
16469
45868
4
6
4
59206
11
16324
4
60252
7
20949
8
4
24777
7
5
1
17916
7
6
32873
12
25249
51473
10
5
4
13
26624
11
37242
3
81980
6
44968
11905
46273
35758
3
8421
6
136006
3
4
37751
6
8
23005
24121
2
2
14
3
22987
9
27482
19026
7
5
5
1
29217
6
18573
3
3
14
2
35202
40679
7
7
13027
6
6
10
35272
2
26877
4
5
19864
47687
24095
12357
76547
3
17821
52832
31768
12405
4
5
10
24347
6
11446
6
130972
29327
43241
94808
6
11
41735
20422
37218
7
6
3
16477
13
10826
10
7
7
6
14839
5
28229
3
16317
5
11
34152
20865
4
12
41190
9
15
19774
18688
6
91469
6
56604
40876
5
11359
14249
24010
113487
4
5
17002
19027
7
3
7
42651
9
2
22189
21557
9
5
2
5
4
5
4
19522
11
4
3
7
10947
6
9
7
4
34824
7
5
11818
4
1
9
4
7
48770
34724
4
29351
9
26009
34949
3
17098
29838
30151
115909
31761
11665
37389
15049
34585
1
29130
9
23959
5
6
1
10
11570
4
4
3
38071
38809
3
3
8
196378
60923
11927
7356
9
16091
6
29015
8
19787
47591
2
29217
26452
20959
4
1
27755
9
11
7
6
11122
47243
8
7
16810
3
70688
18456
19888
5
23890
1
2
3
6
3
5
3
11
25977
6
2
12
27221
9
7
4
28529
31105
4
26789
24486
3
10
18630
27027
22226
20181
35038
12
3
54254
11
118408
90711
24560
52567
6
59257
22031
79291
120938
7
29631
27861
7
5
3
18450
73258
5
4
13827
5
18108
6
24920
4
48445
7
10
4
35064
6
5
4
4
26807
4
7
23699
4
40886
5
19471
64876
4
29314
3
8
63691
31358
6
9
3
447
22754
7
42670
16328
112204
39549
5
6
16090
48958
37214
21953
4
18950
23063
134384
6
7567
3
8
6
4
26176
2
34332
10
45280
8
47260
4
8
155342
14049
24971
4
4
45816
5
14801
5
15606
31762
33697
6
30638
15619
5
36817
36635
6
6
18115
43512
5
5
12
38699
67955
19847
21549
6
7
28733
19803
17724
12
23716
3
4
13299
16356
7
23170
21076
12551
12
1
6
6
21955
54095
2
27408
19633
10
14005
11
199993
14460
24820
6
9
3
14
5
7
2858
40425
3
3
7
94868
7
8
7
24953
33192
12
65053
8
10
6
1
24481
25944
10
20345
18812
7
31682
38801
6
45938
2
11987
6
7
7
8
63036
3
26428
2
19777
43998
7
1
3
8
25447
7
7604
17149
32700
4
14245
10
5
11644
1
4
1
6
6
3
1
4
41667
23642
6
23374
4
7
5
19650
3
8
4
3
6
10
5
4
14523
7
21845
10673
6
1
34288
56500
5
1
3
60818
7
19238
21580
1
4
9531
7
8
14741
25743
4
11
25988
6
11603
8
1
18
11
33922
10
38553
35688
3
1
8
21637
6
3
166146
7
5
8
17176
20899
12208
11
30107
65196
11
3
6504
21120
6
25335
4
13506
18224
29823
8
1
4
54894
13
29828
44398
18767
18459
24718
5
13449
15305
3
3
20261
22403
17353
37397
26997
6
5
14680
24944
14819
2
22783
158044
4
7
45583
34322
10
29209
14507
3
12310
22837
11895
2
55032
2
10
25330
4
16632
5
4538
15632
44316
4
2
27519
26570
51571
1
23660
30971
4
10
8
54239
54220
20774
3
14281
22423
2
23816
17520
1
7
42311
19807
5
9
3
8
2
3
21656
20918
8110
5
7
9
7
35359
24477
15
35641
5
29226
2
16316
6
2
30635
44954
1
2
13
33773
8
20721
15
92106
4
43535
4
54685
13179
18854
6
5
5
13325
14761
25942
33094
64131
21339
6
11356
13496
25362
19538
4
31414
22
40717
34378
14856
6
13
40849
4
23505
4
29808
47629
11
83679
7
20199
66207
51732
6
10
4
21395
122846
21577
38751
8
72626
17899
25022
4
65401
5
5
3
33303
2
8
8
14881
5
13328
2
3
11485
21987
9610
5141
22397
26643
2
6
16218
27786
6
1
2
35641
13143
2
17347
10
26576
11
4
4
126443
19394
13
52190
61816
7850
3
24758
4
7
5
8
12
33242
8
30663
1
31614
13
86277
18929
7
28100
152235
4
11
7
2
18799
32840
1
47179
11556
5
15619
10
23596
1
4
36976
1
43501
2
8
42561
1
22010
81187
4
7
14
27793
24576
8
8
3
12634
9
3
60811
6
2
6
7
117889
6
5
8
4
13
8831
4
6
44758
10
17310
16215
26979
8
8
24228
62974
9
3
8
3
11939
9515
7
31721
9
10
9336
24849
28845
23307
5
61435
5
5
49236
22405
78373
9
80308
7
3
10334
4
3
4
6
5
8
7
35211
161459
18127
11
6
28833
3
21576
11
12654
4
4
10
1
7819
6
4
4
50619
49312
26059
9
24136
17012
10367
12
10
2
9984
22145
8
11848
8
11628
26930
5
15868
7
6
30229
7
6
29250
16
5
29631
39116
6
7
5
1
1988
2
1
4
3
19298
22660
5
29203
50474
5
3
102725
24800
19884
8445
7
24296
20049
44859
22187
5
41947
6
1
25798
8
50590
3
24956
22670
5
3
5
30815
18633
9
23968
7
6
13937
1
9
6
22796
6
5
1
7
4
8
9477
10
11357
50842
10
22400
7
8
4
42552
23940
21152
7
31789
1
21106
1
3
62803
9
3
2
13448
26977
9
6
2
30433
3
36364
116076
46547
4
22545
3877
71894
6
5
5
44252
8
8
13
3
25838
5
83384
2
49881
18053
9
7
8
12092
5
7
72409
4
13
9
8
4
8
50082
4
4
18746
19908
5
26914
10
12464
7
31080
29194
15
4
9
3
4
6
3
9
72255
25593
3
43486
4
2
6
21046
5
3
4
6881
26608
4
4
200000
42149
13203
3
21656
5
40508
6
5
6
4
7
9
33177
30755
22349
4
7
3
27683
5
134242
1
32893
5
26839
12543
27117
9
18930
17477
7
4
199992
50664
3
4
54878
12535
4
10526
7
6
30590
9
6
9
7
6
63916
4414
199995
22037
5
5
11725
3
7
32323
11290
4
7
8
5
2
26200
5
8
31223
4
17819
71439
25084
8
5
4
10
53571
2
4
13400
17
59238
199995
5
7
3
7
16
199995
3
10
7
5
12546
7
25596
7
6
70847
13149
1961
9
6
7
15644
3
8
13170
11
4
2
41595
199994
3
25329
25324
8
21042
7
10
2
23387
18867
25425
4
7
3
5
3
10
17167
3
6
3
3
19605
11339
3
20728
55606
6
4
41533
3
5
7
39691
3
5
1
2
6
31090
25871
36059
18669
5
7
25334
2
45358
5
5
34978
9625
27786
6930
39857
8
4
5
3
10
6
27769
47933
30533
9
3
39471
3
4
8
2619
24194
200001
7284
37668
2
8559
2
8
26247
104035
57506
5
4
40398
4
69609
7652
17276
5
10
9485
33905
36482
40533
20435
1
25923
5
30661
6
6
1
19053
6479
21567
44590
17959
25435
3
9
6
21179
4
9855
8
9
6
17495
45298
4
11
33310
20769
10751
1
31174
20386
3
17311
32403
8
30663
18314
10053
6
6
8039
31264
17081
26254
25955
4
9
73636
24458
26693
33155
5
7
26968
2
9
7
34556
8
11259
39908
40773
25888
14849
13708
9
146943
3
41168
4
95084
15252
135071
11
36479
8
3
19297
6
180019
29283
45774
27003
42026
19389
27685
13780
65155
13
71668
19400
3
19344
77576
4
5
34578
7
25855
8
6
32879
16427
44466
1
40452
6
4
19684
3
17591
7716
20788
4
48759
32206
32075
20990
2
17319
5
5
12979
8
34578
28603
24197
194608
34286
4
58738
1
78508
4
10
7
22593
5
12599
57320
27774
94994
165990
8
7
15950
11
200001
11845
8
23384
28984
43817
56756
21565
19105
38657
25472
2
22579
10520
4
4
1
30498
11880
2
4
6
69862
2
2
3
44374
1
5
27334
8
73118
53606
7
16979
24424
199996
21334
5
6
12572
70057
5
60068
2
6
1
16147
9184
7
50010
20145
7
6
1
5
4
10358
24002
79587
20150
19783
53367
42614
20724
52251
3
5
9
25344
7
11530
1437
11271
3
1
36892
40307
24739
3
7
18614
4
6
25286
40399
23468
5
7
24010
8
25886
3
7
5
7
6
55576
3
21272
15279
22179
14566
6
6
13959
31843
11
3
10935
5
10758
21545
6
5
1
10419
36449
4
8
18297
23299
11
6
6
3
30110
1
7
4
11416
7
23197
19409
8428
24928
17251
43605
6
4
19239
2
5
9
4
7
8
12653
7
1
18754
10167
26522
9
9
5
56375
54814
11
12530
14
1
12
122228
32026
4
12288
13
23212
22335
6
6
103953
8
4
5
17180
47122
3
78896
4
13461
4
20687
2
2
5
12915
199999
7
22786
6
20074
26137
7
5
156205
36822
17951
10878
44721
6
36188
3
39703
929
5
9419
54879
22031
8
2
2
2
25998
5
16542
5
4
1
39387
3
3
31150
5
37239
80344
84170
12
9
48554
3
35470
8
5
16077
12248
4
4
4
34697
51263
5
37194
3
6
17001
6
14375
5
14960
4
13951
5
3
52966
15701
7
8483
20958
4
4
1
19204
41931
18476
46373
24209
9
16481
17497
34667
28312
14447
3
12256
12
26281
25303
31163
7
35491
27536
8
9
20629
5
49433
5
19060
26743
6
157528
7
4
6758
41410
29636
11
6
30065
74522
8
11
84389
4
23889
9
20891
7169
115726
3
136607
5
91158
13386
4
68277
11533
3
1
1
3
10
28989
27014
199994
7
3
62708
15311
18181
76398
6
1
14257
12615
5
13984
42873
13146
6
44176
46744
3
1
20486
2
7185
4
8
22655
11
5
41409
78088
1
4
8
24904
105881
7
6
15
27967
4
6
4
22482
24224
9
32096
28139
4
71848
4
45800
127982
5
2
46647
7
5
26699
7
5
6
23440
4
5
8
4
5
21628
4
22509
8
35256
8
16137
4
68199
15
21504
3
31401
43010
6
2
8
6
7
6
28527
7
1
23653
5
88647
4
1
24683
8
4
1
4
27329
24226
4
3
136685
62882
5
55550
3
11364
30997
37987
31395
42963
24126
19359
48449
6
13607
14289
6
2
13
4
3
9
37003
69276
4
3
22702
9
71135
17676
6
5
17646
36675
199994
35720
2
9
1
103904
2
4
32563
16513
12563
3
30319
16730
41957
2
2
11692
44666
1
7
9
27577
34076
5
1
10232
17338
34736
12
6
38955
6
32879
20493
1
5
7
39189
10
4
4
10
31803
23534
14
2
10
44955
28013
11687
5
3
62987
6
11
7
9
45533
36821
7
19393
9
5
37263
199992
41581
4
21100
1
3
9
6
7
4
4
10
7
6
10
5
36745
7
12
8
12
2
18093
29128
25786
3
7
4
17972
9
30864
29712
6
3
10
2
13757
7
7
1
8
6
14
8
6
3
10
49868
46860
70924
6
22779
5
12816
136529
52030
8
5
7
20041
20213
18224
4
25003
4
5
27937
24454
3
8
4
9
39358
3
2
5
23665
2
1
25066
7
8
22076
8696
24297
29333
1
54390
24280
2
31133
54137
23135
5
1
7
31949
8
28428
4
24692
4
12
56832
42316
9
13
6
8
145998
1
11
14482
5
8
30005
4
18908
25620
15616
5
18589
12218
25081
3
61880
26462
1
10
51898
17931
11
94784
7
8
6
21427
1
4
25479
2
13632
56447
5
12893
7
8
9
6
33711
22202
14841
7409
14869
54951
16
50952
8
18419
8
5
3
36822
7
7
6
8
9
3
6
43232
25098
9
7
4
63656
1
10
40444
8718
26020
3
21774
10
199992
199998
8
2
23649
1
3
5
13
1
6
16289
16632
3
17270
32826
11006
49683
54208
3
1572
21529
70478
8
27568
26964
7
8
7
10
5
7
18555
12511
5
3
18350
57981
26283
5
68003
4
28754
7
12262
11749
34177
68490
34776
79539
4
31887
24314
45883
8
66968
22849
8
4
30862
50058
22348
52039
80560
1
9
3
14409
15
94476
21269
28566
5
31582
11607
15
21207
89163
9
37872
7
12334
88744
4
13974
80489
19132
6
34732
6
21256
5
6
19161
31891
21839
30309
5
8
27445
4
24289
4
6
2
44747
7
19622
17726
1
4
8
32302
7205
4
4
5
42104
2
16506
26880
1
102924
1
13947
25527
199996
6
26566
16832
64739
45627
3
26058
12
4
61223
12
27346
28158
8
8
30454
19255
22040
40404
4
10
28223
7
55405
6
200001
10
200001
10
62589
1
5
2440
6
10
29641
20224
6
29524
15274
4
5
6
4
53834
28781
36569
3
103177
19817
4
9
11
22186
3
3
18484
17630
12519
58748
5
4
19004
17064
8
1
1
2
2
