1000000000000000001
554
514
147923669750289
513
350240076042556
28
627
36
127934585294544150
7
9
7
259846921287854049
4
9
81218596065849881
128964429875661129
16
199929672392972085
11
4
3
9
1
358581695502748941
1
8
138602188784891441
14
11
12
151493984416723667
393965647219861287
14
258185766869276822
573452223992293118
5
10
25604269958519365
3
5
4
136701839747078643
10
109897781950760624
12
508882110267864042
6
5
11
234808648115242651
13
12
6
100897273282227734
408488042510756947
178361889868736575
6
12
1
70630091632499296
84929232651398564
10
6
193990369505573966
126406336027675290
770376292422456305
11
5
1
10
212994451293937768
999999999999999992
9
1
1
195236989961859331
166970206973409445
4
7
16
39
8
367825354538117810
4
8
3
590680304002349970
196199841283457695
130666851209849596
338233556714088231
7
71962103138257813
11
7
454824462751021355
11
129719133731974569
12
329174662700662555
562458886983401299
122482324855347643
1
143367218574059686
311956984639619485
10
4
5
2
7
98368036177448421
6
5
6
2
5
199906265995581132
162738625687673105
6
1317348075525344
3
2
318906329186642620
179676325274860062
8
1
14
553374378411310581
5
7
8
81193316377945102
2
87450784382136146
6
454753820838376246
5
116906994302649024
7
64730228163107649
3
2
5
7
163754768824747806
4
7
70723984349193383
160102331721199295
9
2
6
16
2
7
2
11
2
6
6
8
105737254170349710
190087385990005944
290850809693518868
10
51834136231779000
6
11939905203711467
93484675320355424
241760277385870256
114519435650925948
6
143873332788556770
12
195466856820393499
190137194791701925
249475996998655356
2
3
7
3
11
86063267199001871
10
60825787940032928
13
172269316190073480
90416068849576764
19
350674236397782047
173980931724181131
8
5
26
2
190164559105596345
18
155847738276980526
2
3
1
3
376460587882679495
151957578982856002
5
15
19
19
161427709502470426
133896795088947880
83527505368741745
7
3
103267263696912523
1
4
108529910114170697
17
4
140583677215268677
13
3
10
2
4
287058901233102130
1
7
4
19156120173654466
12
8
8
6
11
10
9
19
147379158456197833
114717483561437436
4
7
5
443742693938314718
11
3
8
97102748941393985
4
5
8
8
11
267170016559916001
447141723662344671
9
190455677749304152
2
3
152981524034506473
329283092922823166
14
14
157696127084478320
134958614188940539
2
785849642382540232
4
10
4
285798774920378103
10
277714730309817026
10
3
16
1
6
164248954687462854
243718649556535804
79308181257245670
4
3
18
3
117612834821055817
3
3
150474837795271019
170015371962934744
7
287026548228954338
190174597719716982
6
1000000000000000000
17425662377995448
731766522489058128
4
7
420625528617724539
3
153661310290429654
290520693377592726
19493009511395412
1
9
96349619834689508
267247150894047160
2
10
334841731066139292
104273879414736867
4
10
125350682461179395
348628527521206141
63598690835582472
7
11
90139776824680102
132136705236522249
326316501057350314
5
187505373220821866
397109520846891605
104893648611351188
20926651645445589
8
1
4
13
5
9
3
6
502611361955517513
4
11
6
8
324708339207712944
224411181168794357
206134965020989989
8
122046032600264025
12
3
194837978781350905
8
5
321576896160940460
5
4
7
216641644876685157
6
89148384063740309
6
9
10
148388040572108985
12
6
22687572197988709
31832618876377428
10
7
229376625063895063
134661249582625301
558533241353720636
1
381278346213507952
363108061383547202
5
131769300361162530
76350000039780994
1
1
2
7
4
16
10
8
1
3
1
4
117413043348182009
129099266411540735
1
2
1
2
9
127341312107320609
4
292296437466268436
3
1
5
16
7
69615131137840165
592896652720822104
10
15
133910847513506263
9
6
4
8
8
348671194632429114
11
8
16
4
7
10
2
161892080343065975
3
10
8
3
6
12
133503363069644761
1
261191930134461070
224325401175274627
306814518840821924
139125022542248809
178733919187501576
3
10
187889098123784716
834968876923739595
11
328922666161867848
19
4
2
72085218407553629
9
6
9
66449370928802399
1
1
1
99110162170693113
24
191243001479214019
165982315946778251
10
5
5
8
4
4
95521789469152167
9
142042944785422819
7
13
3
8
13
4
7
4
105058184297589995
14
11
4
1
10
16
6
10
3
8
9
13
10
6
999999999999999997
285828994138150347
5
4
75988091773042249
7
67589237844597198
689175074469591087
8
686432837468232665
5
116280518963368080
54092912471441642
16
10
999999999999999999
2
12
171539263317111265
88118120679514552
18323182746763962
492942982373135375
1
5
446982312155340720
4
138453415332282517
10
11
40566606107474518
5
9
407929060261469904
6
14
12
3
462255555075795296
1
9
11
12
11
119502111933893665
106316906858465000
8
9
24
10
443486517729363031
1359329551519674
8
4
7
116595326473643170
8
514928042156957767
10
9
560555381537034829
116124747119289652
7
13
104532010838860310
256588505030656141
5
171236514854301798
409975076905487172
4
132829902220410706
244912347073995036
279074943132748733
2
251938837543050441
288554210453904363
411748903845923119
355141247408386841
12
1
10
17
2
88459075335869668
207812727998002242
6
126422600307426929
49430993643004581
1
7
167305283007404927
128601360546344103
8
103226178733229616
4
17
3
10
3
8
529065053218201240
168407974891982508
56087295261875159
7
212034366304302536
15
9
4
3
3
38864070979528694
5
4
4
318421635043098549
4
1
3
17
193738032447750508
8
9693657151247701
3
117068174450692382
19
633490567402473694
75917352935875787
9
185345781005757133
150407257495277363
503785915236492327
6
181537161944449144
1
7
229835292244495219
9
3
19
4
170995719480218996
3
5
1
9
3
11
103878601267547440
10
8
138757260079983879
6
3
21
111935052036757838
3
6
64870697257297054
2
2
2
14
2
4
267221963331058015
8
1
6
5
5
16
6
3
205206241635001629
173215051110552469
965745031584267153
228122306420660442
86222105772962261
20
9
1
5
121458123745764544
42453193339156735
11
231803127877673792
159119348178140724
81896665987798201
8
410520970776405821
2
1
3
236902070822308649
5
10
30533879794221683
9
36169424929429467
99261425945432566
3
97334177693566523
9
3
12
83973082302785895
10
4
4
108204653354943116
11
3
11
257160807477411742
11
1
1
146690133201952154
6
145756814397451844
7
313048841519623762
9
4
9
6
113907836217897877
9
10
135915521847790195
1
159902959874668833
1
7
35299604034410367
20638810411091145
231437019655520360
71420028063737158
6
999999999999999996
80492509475536011
150043606908478879
2
13
35054590598279670
4
999999999999999997
5
3
363681087471849842
242602160794477792
148269425474314984
160545780191853408
1
19
12
525379278922512352
375281513187329673
6
164083468644061831
6
11
3
66461296891177649
275588811588094999
5
108886043475851270
72162241525079226
183286248250149864
242967226571021665
153701202503244436
3
1
1
6
364926577864831933
6
171285769622106505
220862934970013009
488480350984336730
8
373117582847165465
6
5
1
417146517203456215
11
16
3
5
153968025871288209
2
14
134379954708102312
153132540831124142
9
7
126831525270383208
195794509372582480
8
345938104041883658
999999999999999996
3
106843953753640541
3
248902383306441804
838887705213024362
15
103492872443013336
376587402703524355
120237196214628393
15
3
139844489557824343
1
152825781929558649
1
196851050745721345
6
6
5
15
4
12
4
7
5
4
53967750343069395
200749186781777947
5
5
14
165053821243452912
7
528272323184748696
110430704764273112
10
4
4
23457219437163656
4
99252218450888472
7
8
7
3
83384323397348787
7
7
2
4
8
1000000000000000001
17
232493280681804702
286466460403739028
6
7
239407710266515827
1
106176894320648817
8
3
4
6
6
150450971232650670
2
2
309191211900125575
11
3
161288434906318420
312043559496497526
374516311969710750
641742869754404054
67619013010108314
2
87901417439160085
6
290749490304775559
29
11
87796088137700140
203179460898390789
14
7
18
5
704369544592106972
3
154631852789254897
215157622817970090
85003122755432573
9
9
163378581087972605
211388657991104639
111809130022234670
10
8
12
9
6
234819011788210065
20
6
102556129720079771
2
5
3
6
61443396665710042
136527773266454471
193798849930788161
102163945912241275
56601596300263035
2
10
101545185242768862
1
5
6
3
107388555062491192
4
10
133502208999420875
404500401981450916
237926880981896062
3
8
9
171186592917201419
7
154776797667514266
4
5
1
174368840095570727
6
12
122876329720928563
217866995102017950
11
1
3
3
452195129600972757
96765998236573670
16
152253708009719393
9
16
1
2
5
162002037762494160
163957794341572044
8
6
103456903381434448
5
6
10
2
8
31
11
1
110172003402593174
82012840896141475
10
6
7
371982901850626694
5
134590267820716154
5
3
169451138756284792
1
9
5
6
170853400428255505
233691573085539278
2
264851882534197558
7
162162009152318678
4
7
1
32160600352368291
10
10
162893319501484332
15
1
194100629138998065
8
10
2
8
6
5
13
146599350466644520
14
10
2
705352426619724890
562176528933644436
999999999999999999
97095637171452903
3
70111479233324852
99655457138619726
214703099862520914
9
243411657067960817
10
6
159390382998656069
389234715545442851
1
146863706535611635
5
17
3
53335724321022666
3
51728644637163405
15
642187787230809982
366096531244047554
7
137861325194479553
240528580232817224
172458174966618280
4
180519968988112341
9
8
4
148447340586165560
8
7
161360730453883925
4
470272607725250190
3
1
999999999999999994
9
999999999999999995
4
8
12
1
407274188989552200
3
97640225497675834
2
349141927344808155
199347705278758353
12
14
2
9
223651361638697712
139823819166105693
165424937253660400
8
120291134728015548
7
112213820948331977
1
193483329002766044
559703700572177297
675770382401307776
2
5
10
8
1
12
5
3
7
15
51989308472224305
201592085777103975
10
506503255648646444
1
1
11
7
270239458178983077
221079587327556840
99041636330894381
64633610431190871
466645163820051303
264355440707962633
1
18
8
14
6023412184247182
376779252630798339
1
11
9
309984090806008719
45798225753657552
188739206733403342
9
91510808180258892
10
13
14
3
237532099630414222
308857015836245100
211174288168144188
13
11
4
74140576456650385
8
9
14
2
273422275634083246
210245376668951410
82973062819595075
9
10
216442102534039293
100341199432623744
3
2
1
96263753491542856
9
999999999999999995
210953000469374650
5
208337279366436884
1
206732985339333276
2
4
7
292470225075022658
34
450420778856619367
122604258451483422
4
7
245038088793733108
7
11
1
14
1
148806865075761836
3
3
267132796100602022
1
3
1
174503235159143105
101636055732213964
223261468649821518
12
3
3
313555835616443136
9
4
8
10
103255900622624084
6
129895939697044128
3
5
3
233952631315758973
127565733163716714
1
92474182167602203
5
2
13
1
155773127397770672
6
5
533999520890075814
13
6
74659409666659143
1
179866770887547655
2
6
3
14
1000000000000000001
15
5
358100910327633732
16
733966960729701723
239211304627472019
187076227233927948
327298202148837656
182662297259817949
5
140833315397881236
8
210872655121844803
3
115908476116246503
199644999951590010
16
6
7
12
8
12
5
202667572309177971
4
8
673907919449203378
229870676860322735
120340048947575693
3
11
8
1
129319366251740451
11
10
151263526181955839
131677112536347458
8
7
49999042604453952
3
10
113201123025757460
5
22
3
265624501857443144
3
5
8
354741971972506137
364615400650389425
153779984108338424
88792464732152396
9
2
330547510525490549
1
4
2
122210274595899102
1
4
2
7
777677042616336918
2
1
10
5
252888522375519704
3
610661422838403982
77619185844917241
2
8
287282082477601173
2
120686244111365017
110132867152075190
2
337609624320460511
177788608487698403
11
1
5
13
4
1
5
433242848304931918
272343455772933686
84285631246091614
30
3
635697455943347226
7
4
16
116876298256175164
9
119889228266812662
1
100449515770145296
8
11
551698690600021777
295918077955910295
20
365717286536391188
999999999999999995
2
4
86850869583718110
211144740528204116
2
18
1
8
232572499504276084
2
76551702158980716
15
129272406474059774
205266594461536700
2
4
1000000000000000001
9
1
9
177779428841634239
509546814224678764
10
8
6
1
11
14
2
8
2
3
7
106554435515482343
302844391176479096
4
173265379313189134
10
195487949532708958
4
1
3
398969838315680030
11
4
7
296562602049781509
203039854362791195
154546524130880271
7
11
999999999999999998
999999999999999994
361169630211678151
1000000000000000001
97530145237909398
3
7
8
175695604392277518
133230775988627582
8
5
2
108100580065013120
8
170963670823201365
239729205070067634
49954130235018231
354219490007591450
3
3
141108587282571566
356635533959534005
3
85161586121080238
30
62166729374309009
164904000457775590
8
65833300851137067
18
254366239394540281
169107625495636273
1
208221977462244029
9
12
80893991743144757
6
183880027971342086
553020181834138798
7
102321531745550695
13
245798348187898282
2
127727678871788387
41363751465629959
84631968457338150
678044805760541077
240326545001006761
70045234973470875
1
8
999999999999999999
2
154401081832388389
18
55365436461779185
8
9
110153349530610613
3
8
172094090351701801
11
107476005495491752
15
15
5
2
19
126434106691721736
1
357279814464688455
1
10
3
1
4
9
8
4
4
447782532838193527
7
274678934303822849
215194782231895485
3
6
209593544172137968
10
3
7
9
75730685161984577
13
69128889490967784
4
123474484007968327
201958872001918464
1
34
10
1
999999999999999993
2
2
50573701409317734
9
3
183663339173933149
9
24
17
94291305446857955
133777087326617644
244914040578417928
10
249992715183178128
3
217234762176342860
8
313395999747571367
1
7
108385782959223334
5
116157256423267030
255573362957158574
9
141663561275967879
5
13
171612686267875561
6
279268767247124590
9
12
3
1
195126956286194968
1
206887258460791052
9
7
181126596668384694
133521112069170610
584247519555802934
11
37356470007085135
174952332194224232
4
14
7
3
39388881387398117
14
6
999999999999999998
273382211290380846
8
2
6
190739196354771698
144480744670220576
142935629784048296
4
2
7
9
8
21
13
205176224272428085
8
499194764923938585
84199929537438319
1
9
1
4
5
482313738351286232
6
6
5
587058192171732403
138719737400846358
6
413301013059917339
6
11
8
129497390760490070
3
6
2
4
136765855270373243
5
9
159565327908463590
14
1
110020728493624397
1
103961269026445165
172614011992746758
13
14
308899070327160851
396601809900031482
46466160360078466
947304366518702341
5
2
251356449084334344
13
3
50835143050711728
102420451452061714
7
8
6
10
999999999999999995
3
2
186792143576786024
5
7
78886774743257782
3
2
5
439345103276389986
651049843679890080
304343533014474824
5
1
284016734233841015
108521902240008923
9
11
3
2
1
999999999999999995
5
190727914110122413
10
9
7
422568501518256374
2
15
999999999999999999
184136769008209075
373224716859819996
538810465633522983
7
721137899697840640
130237577058526100
184895496820600914
178984273061162207
176968133618770796
2
131637143972437836
169161715795793252
2
164909348501109232
12
58403060604443600
1000000000000000001
10
313230874522558009
189241981265794397
1
107554209285988014
12
6
39535797316503547
7
5
103755843918217731
9
6
255881790177334748
5
174475151721846752
158657847147039322
1
7
10
218448022222509976
8
7
633708750288626536
5
57033566737960989
1
551028297285249795
5
5
249949703739682071
999999999999999992
2
5
14
7
64357047432735645
16
5
13
4
1
596762207707107517
5
8
7
5
3
9
3
7
10
7
1
217668802880920366
87469634008114449
63342455219956317
20
5
5
5
125919598490856688
247009958596308353
4
144346057906763918
10
272634870610328189
3
4
1
7
13
5
1
222439233386683034
6
1
279417521660325450
8
147271588666214503
127956229266577129
10
378728035013534667
5
283728058376654249
1
44687755755292653
1
77982380641155080
47769303591518663
8
140250110629258390
999999999999999999
326241137855508952
336984818089664592
198654402455904240
242093503359694595
297840583257858156
10
334565292353220015
20
3
10
276206166529195805
6
7
6
71109723177422999
10
4
291919466566153377
2
10
2
140663446352090538
84592035009144432
3
2
4
143646594504420027
98563864478899535
156432593764065823
398845028641200121
15
170780123181657736
139386698228536257
4
8
146232838076771886
1
155041216818479975
13
627485129488583535
261719798790638553
969661885847973433
170572777412544824
2
1
5
388339238565778127
1
231351729561738227
7
9
1
4
657145581541431076
9
314238244498013635
248278052142539917
362765184660119207
1
9
12
23
3
8
170223256974061284
121854468807326571
5
6
1
2
103668121812713790
292143504258005915
13
177167000376783469
12
8
8
4
4
4
10
309508191136295046
338704561106774737
2
10
6
246343149470479756
10
245606177089909087
6
263554173310985070
423432096630266155
115838462770113078
7
253636201973895502
17
1
201345599838453420
101585669545707139
422560762393853291
7
2
1
8
141065946547554228
173201298048380529
10
7
11
210924903713605077
361769783463191397
156516465935504144
235793784569187544
12
145846463670470088
182397477289159017
279409632929854384
8
504765124231887002
178906740539260051
9
156345672922377375
408468341071468613
8
569027300867842894
4
387281126812714633
7
3
11
7
101868832009644022
9
6
10
278768593344137950
81124697173852506
3
295228100754246197
10
5
603236448792948149
9
2
176398638048129278
188745100980080124
230043501868709351
136645731680983151
13
222545109709827192
2
423447218170482961
184634044680405174
13
67301670683924145
6
84796144215158415
6
337051887946548058
124222381209485923
6
124764281172297407
326553070710111362
5999624391111029
109737090054875357
6
8
2
2
132676858564022343
2
999999999999999992
1
6
1
190939522497523395
7
13
1
279845386990461222
11
4
14
1
1
5
7
4
15
250073761665984530
2
28742440692831386
9
95527637241574006
1
116216538246557100
4
62632430309913442
26
21618280706588306
79275311954711202
2
1
1
174569152552476233
11
221276514066540198
110549611008698319
85829812729212435
139944497518434142
7
2
142619512033737326
82895507105987285
491129556304286410
124596520205046227
9
792829016001626105
10
470808709603858418
224087700642241670
70934303573993911
616560261586366834
121855547262559935
6
4
1
8
1
3
66550371841218677
105824045403543201
9
12
7
160492558249365938
72537846139452731
267437082174666533
12
5
999999999999999996
248086952449784908
285223937373766732
60306649342922222
143910682218208417
999999999999999994
17
8
6
6
11
9
18
14
10
61744771079481579
8
88845902419026673
44175275360557811
249663814014897802
6
79465149568677436
7
188527549347543091
16
5
167702354176182174
1
271473801366052635
13
4
1
24104899555382665
5
2
1
3
10
2
5
6
440480148404943545
134642286853863359
7
11
2
7
434469719621525709
267753750439486865
7
9
1
156480000463751398
9
8
14
147880877755864869
4
92398509755244269
102305886770276788
2
9
19
3
4
75572642518789540
263410534598040354
819297357618687174
191752428972708057
5
6
636867615672832554
6
1
13
1
8
6
561813558549729312
8
114460116145946228
9
7
2
5
1
176601565263566246
99405089383665762
91655163826104225
11
251700758074871291
312608100947788341
7
2
9
308265108181031898
155939752255802668
7
186053913370275219
7
812156104336657128
2
12
439809548033499478
2
1
299304636960378485
625610071790666201
73381304681667584
1
6
129218547826693175
231772321051365501
13
576688804010791760
10
67778603033291355
1
11
309008192067856978
1
155631785490582957
459747848518808974
938701120157247794
12
208798208362033700
1000000000000000001
5
3
88163425407910800
117072719334488709
1
217131274759983743
198045426228353525
9
1
5
1
46928321837389232
4
10
9
431090655542416868
6
115441968282846559
8
9
4
25185858580084252
144990384823619087
4
12
9
2017849733686801
10
5
636494354424298728
3
5
1
1
384872453557906038
72008364949435610
7
18
207757550172193529
6
31319398314458499
535823175260217027
6
14
10
14
6
4
362172485790829737
1
34259294420696886
96261880925552472
16
4
5
8
6
1
1
3
483218782953004280
390751985102365610
13
4
295713862829992757
3
3
5
885989595402760780
1
8
70278795050390796
10
11
3
7
1
199066950065063128
65586736282456237
9
454100609766794737
6
3
7
12
7
195046756997323241
4
231328988041149569
403646677815610895
4
8
6
3
607889913801447136
681927297294499257
2
471720307077035392
1
4
3
9
4
12
12
117523454830702095
1
247425524761622364
104036653573178551
7
592546274322113452
134990386679979759
4
999999999999999998
22
12
7
10
309629366130626933
1
8
9
184147225359107232
149958847569781598
165360392616160353
28
169758883060123960
2
3
8
12
113692279666461653
5
4
806350180783079213
555459536087721548
215900494296811953
10
158368735206446454
7
9
8
314776301798162173
117100562595991394
194471692535259253
29
10
491142846368412473
1
184237563683397915
182475190901954798
8
7
142047474330145696
33
5
6
8
4
6
333497654326230407
353504453429368571
2536103997162995
2
2
3
7
104927967035917055
1
289602455536444131
513519322158465150
194230531894673619
2
89913369901978309
4
128200324225341562
3
205716128875936451
171155360354506588
114636882483033253
227858665227909078
74811341626247431
7
13
2
108165223532963557
11
9
10
327945290649814078
85054933536479457
11
346031535026728096
176735823019081311
2
1000000000000000001
296577836609816724
436138546570877122
322872602471321375
117626353404674602
124015452466610802
155646477179426402
11
8
353388567623807808
10
141028934368464324
2
292953686412444125
2
2
419225303988650973
335356585104127237
1
2
8
999999999999999992
5
11
8
230859467957372175
227188533388909949
9
5
1
11
990644954382399816
4
417091613265752808
13
6
2
5
347166484812728108
135563325452639527
751317374608692629
165682800020388297
11
1
1
130349468133719942
11
221072815344655737
2
167275334072795327
12
123808810145057692
2
7
322737217537293686
4
80484619177606871
133931731539172773
5
234836265943193771
11
4
6
6
63602316942429461
6
4
216404096642402419
13
1
451999095790533921
2
200588140798647397
8
8
253799999592799021
83579207899779205
13
394153656877000765
163273958791256905
460262995539771681
7
217085544211848196
1
8
7
10
14
5
10
324460341562142256
18
182447272354610479
7
280785663965494388
114945215203564810
11
16
191287398499865048
9
18
10
741610212891565284
11
5
17
4
2
377257636593148045
3
6
1
108791705126742344
6
3
461442325710268793
3
2
15
102055958328676087
193792037185252757
1
1
8
9
7
8
90233422805394624
1
117791789659894491
9
12
2
1
8
215989376584617347
10
159636396058265185
5
111796752190964781
999999999999999994
9
147995758702181771
32312894705724157
111155907969233907
5
6
92583966780101100
2
100089003575768312
426223468473327050
7
151007304266261960
3
2
2
2
1
274326726448644139
132118483846311316
7
200000416852044394
113048327389605585
396066432321086556
357085019680914063
126061349409413678
3
2
1
98771197947218843
9
16
134069606203392618
74608347160770439
11
12
9
3
6
999999999999999993
8
3
214861224684618098
1
462774527341069065
3
309978287051427674
4
8
141189580390236241
166839797812451453
15
362895990916494462
15
11
3885545715667635
11
4
7
1
5
4
336230899309470558
27
107472430640804604
13
114635552086260434
7
126672774824739259
178242250717114903
6
2
1
6
105351832499329333
12
3
1
147971637198788837
5
12
5
114238330228533535
105999509550708742
340331497399693783
1
1
1
2
54108006940235477
1
312843585464950602
6
10
10
6
5
108228026194794932
5
2
1
116702904197344948
3
6
9
5
9
7
677459553016905855
293948563827674110
1000000000000000000
9
598713030933186790
7
18
6
178635172832322965
3
272129908185391569
103707971197835173
8
111026184323234098
211335719249178645
4
167760355783507231
7
97987791322642021
140714155184687961
10
1
999999999999999993
1
190397104066368624
235492719921810204
22
7
326097130398303103
6
10
6
999999999999999998
1
8
11
190968578470412770
88350129317398968
5
2
178921246498856678
408546610722989281
11
14
768102279959144725
6
157191755308162527
125129365308663788
6
188425950249894354
4
251576752060392563
13
176918956496734806
3
639781768717600933
14
7
4
10
9
4
4
823023916863730591
2
1
9
5
4
278795864593491966
5
12
94250569191479441
20359739185210884
16
8
278833452115740129
2
117027956371783454
111352629162539781
216766609215998039
4
9
6
9
448436952764740865
396449222058285381
622724780997868469
6
5
7
11
15
94251013947540229
11
505015463379322507
134226466690217440
97996257891755692
7
852253568443989973
268278630141277581
1
1
2
4
208229936107134315
551785836532353154
999999999999999999
5
379042944300634333
2
1
9
9
15111049083283333
3
463394632807889613
17
85643415110565095
4
199415538439740370
6
6
615071484630071771
257568304244866899
1
88324923816251324
186811623078709063
16
6
5
6
10
7
6
274302062298237955
6
137617319044891951
9
45570839724878524
9
1
8
170311866652683567
999999999999999997
8
4
217783142378652396
10
174843740243144533
2
9
75265143830625831
378865000799332695
270286611383893377
7
37755448900489671
4
7
15
311707119340229531
9
247496528954932794
128059948986977560
48886732794099848
3
301493052021055014
44280100229348523
6
1000000000000000001
189421964536139152
5
693755930297018525
2
10
9
4
110122006341932283
11
6
6
9
76734556403054445
344440953585944069
3
3
7
5
8
115245272778844000
92062480943568905
8
10
527374814158933409
10
584821276504499719
159775507920507856
76408625301084668
157840287273327039
238396344513011388
20
263863928722519289
261006319106633847
5
92538732269545783
217179826791782675
9
12
83618986348914842
5
16
78888181062455090
12
3
6
186595065425557556
223762841169062713
5
1
57722789009007580
11
6
243524626490905358
10
500533473607227643
146813657031540823
213780950696972351
2
123107678283427421
299230395052907404
122780253272370583
3
1
24
688837631147870603
320329152500494596
8
4
3
3
4
2
199415785567072566
8
3
219413416422396391
7
72012363879182822
7
1
515132758184257313
1
1
10
1
129102625182750547
6
141650822086349916
288231425285248831
1
3
1
11
174701832466150378
161369361517665935
217893517703907776
6
443133403060333217
2
21328913155903152
149658473256609625
6
197323894394538374
5
22816680056566141
13
5
146365537763437570
8
7
9
13
834537239779539336
2
184927345289784716
303024104676382012
7
7
7
273964033074496919
4
1
14
5
100384265529440844
204369051656845476
15
5
1
3
4
13
15
184267947002086417
17
106101885329534581
9
999999999999999994
1
6
10
160818338604307806
4
6
109952175227068449
10
164516244870040218
5
117688953432110717
9
6
8
5
166376640705485414
4
1
276692235682745832
1
447852594731670994
4
2
5
287448408973563186
1
172573949879938453
190230398776535263
1
1
146385703748645027
20
203774971225876980
171394687479890203
35176935288712522
71099194435306780
3
209039318454972010
173973463668325574
2
7
45674638177336528
6
1000000000000000001
10
6
231343082450029842
98776335806784637
5
159824095721240201
506923330433141439
11
1
176156147878595541
271341673026798242
2
3
13
619047353409809654
9
337827607539643235
10
13
7
5
11
93781125873060936
7
580101416996203613
7
64745635265272975
4
321238917702303071
6
97830837219397641
6
12
6
346013885471102799
460820370635828814
1
8
436404990933235663
4
4
1
164896949534832918
524954560227104430
1
2
6
17
412210777057345383
11
5
11
6
3
12
6
37413093713882868
7
76128292392774624
127942769720216837
7
649728536114479689
37
320294101498849743
3
2
1000000000000000000
262183739180765410
3
147722638690844642
264734220378984757
13
3
169323260324211684
2
6
11
132549731544619986
7
7
9
3
527275325136967917
154146416726115417
3
358437004675033215
9
1000000000000000000
6
263421033186830777
353368057060668689
11
4
150541702493074796
1
2
6
3
71952491433270985
8
1
467470435856490396
10
5
325085069347025982
125696630988247940
136387159386861005
12
12
135049290075588346
815534717427184727
69312569824549824
1000000000000000000
50279272976163607
166399610332196084
10
247129578363224642
261483293390523877
1
3
170877701307416771
12
587012673459290211
4
5
259252451039238613
116697281820825409
80408212416706909
1
74633391118097089
19
3
16
1
626636168422199557
197445523032258175
127774037591711920
6
86250027294101872
7
56931334073845958
335726475302294803
5
12
306716962589878133
9
2
63122890569967882
5
6
8
9
9
4
2
1
19
4
4
202434249360757430
10
8
12
6
1
1
9
139219742363650188
253194845971672756
5
999999999999999993
8
8
263946690100366909
999999999999999998
2
64075681121883513
2
190798218821693469
20
264850166256076000
390002797778585446
257669425500208926
4
3
228176455146085762
5
1
156977529818709234
234954248425562206
19
15
3
4
3
3
22
66391683213582298
253974607904729949
4
327162793779771017
3
14
6
8
306043202027591791
5
10
9
673285829511402774
6
6
2
9
4
184158070879311148
9
2
1
194858135142666985
380368788329386203
134288870215333819
39
12
253119689137128844
103558369958811621
6
251529811177261674
93211993241167233
11
1
129764774255709471
179771052115727990
8
6
10
12
6
862752302666800774
6
120019754559928080
1
87704258258747697
5
6
99085180659640849
13
298913541462244368
6
198984079404210281
3
151425427608084385
4
10
10
223704289603886713
169607514008456506
9
5
3
10
146580672591187707
323859567207874187
171142602779972692
12
124027605797924456
5
2
6
4
4
222443972672178270
12
502567317051436152
118737368496873022
1
10
146850090191380385
128171848831187878
338961752780360131
5
2
4
7
1
109023201333538541
21
1
66503058919148084
5
1
170599658699908878
22
11
8
7
5
611337470057099703
124726649383048061
28
88940623116069518
251071715021373965
11
3
7
5
8
429920615285610696
21
7
1000000000000000001
10
262714979444369466
391428162792459369
1
4
201405788033847190
3
5
2
4
91688331561799615
13
6
7
9
8
56189385668239903
116892518815018783
145405174953426134
11
117751847927235358
999999999999999998
71413408348181451
26
8
15
39
92416935375002119
2
856141166412978762
3
993029975489236699
11
251271179169062253
159547783787407594
541819009236743168
265066514032896765
6
6
95831033530365152
2
302063013886960877
281047362217178833
119570814631353460
187480149570013878
95324528508380096
11
18
1
116583913656763505
1
116395502234234254
2
1000000000000000000
200137467813334498
120935015289614062
7
9
5
28
2
4
199526665871402359
12
6
399765709495453502
4
11
182968867266891944
216232229633593429
2
199774142517700149
2
5
8
12
15
321242903755697556
13
216621059470276746
5
3
3
1
4
247854784507591464
9
5
278979305512234135
3
9
8
25
127945084055707502
12
116040271860305047
12
7
70597669681131777
375762198153130552
16
277776631010958445
168454662818164279
3
11
134632000001054991
251185556886163181
141783758745195534
11
108847730285434009
82045944974074491
215277053686740930
9
1
6
13
4
87617850749022869
13
8
195318767185980465
120958677079222860
21
7
380864524527647134
12
576772948361964849
8
155542451672121404
1
999999999999999997
115023841717163471
176119317439352880
141920761956933205
8
476636515253549031
15
2
4
9
238287022435071608
2
4
226788188911748670
7
170425614880034239
6
3
1
6
5
2
26
7
170304249528505511
768885587848343976
1
47685745975108548
5
4
89840044146145991
142337291312846536
9
28
413372115351105176
5
96032678896087946
4
308814508604026697
6
374799864125816328
1
329434954254379531
261345723743948761
229989547750919141
203905453854300973
171022000565797692
9
4
100208143522143215
3
8
4
132810695721689672
4
6
235744917782188025
1
216372706448900316
31
7
1
199023292263637369
11
4
480741766214429601
120918037779497145
5
6
150572628643806601
8
10
1
67155950385064839
8
727572202364253407
111469092128101721
11
143445798823261920
80045620034670501
11
254871333661609267
106364296693776697
105390498115342696
1
76746677964851984
89926663387755551
3
523684192183546922
3
210171441984198147
2
7
229817022016292278
179542992400006342
6
12
2
147757353389346838
1
1
2
11
536913718534902905
9
1
3
15
2
6
7
7
14
109893334259746664
10
213588707988228576
4
8
1
8
15
6
1
1
98107273198750618
9
7
8
242197029482614172
266952326819429981
1
233451775010052369
10
7
11
11
150870288873817793
2
112008390038815710
464638384639094096
2
68121417394180410
113222735065309845
6
151853729828951175
4
11
5
8
6
235701073732357478
357247727929791020
9
422783626218656748
15
525608514641510823
365868460499270966
65250937796819239
118341809367899651
412979595563509640
1
150528352786372488
6
112833846901708922
21
392493834754973709
6
208813507765686894
158809922511688630
1
250716344747422626
16
8
80032595337220621
216045450191246733
434534601010190847
13
98782850346258077
5
1
136037532975906391
5
1
11
11
1
124206858228546211
91678255779164479
183577756382619355
14
1000000000000000000
4
999999999999999998
6
17083221619729391
164093354279378517
3
11
12
7
106027676506384582
4
213315998835540295
117557870923497404
3
2
5
7
999999999999999993
1
8
5
13
8
5
5
200791245539323543
5
3
127597268559443910
213445601837406086
3
6
216208731672103781
4
4
13
157982794698119470
7
1
3
3
2
84264667753814438
2
92512337904545245
239297674498226892
6
486312161920957350
999999999999999992
15
3
383672678538243169
6
7
6
1
528993912896842547
8
5
7
7
3
3
100032015049099933
9
2
3
5
8
3
193059461006401341
5
141837539799616463
4
11
5
99059200744595648
178657192668763616
8
6
300415049452962899
1
9
83877842282447914
8
11
2
2
15
207488045957221504
156547492234808793
179612096287687872
3
113125445936709945
11
5
8
320728595849662615
7
108623786431991769
144080184893660364
8
14
5
160831902951565685
6
5
1000000000000000001
14
64192847010078060
24
3
12
21
7
5
7
347407423413265706
776684834671258451
3
225939643144257956
1
1
225245034536194892
1
188943210711159023
186984478601170407
175360232188402868
12
1
80031195093104587
366509516051153694
4
156574382756645464
1
12
1
5
231605072340554220
163365075034522298
14
74320385597473124
107263510716049581
5
6
8
1
123038526391878939
9
275025095549662460
10
1
5
194288981093447928
8
193795796054760442
4
8
11
4
97113467630484662
2
5
94322991382949578
3
8
9
702615548576409119
5
6
13
6
4
1
129216220977312535
128684775142408534
8
1
16537708069776739
2
1
4
7
562956602980945925
2
6
412498566768991564
1
735031304810629581
6
181829136583873809
1
291687982132762353
999999999999999992
312725577764635756
5
10
594428029933897294
134439828213468586
4
129379865379146099
14
10
999999999999999996
3
160925970573884268
583471888523716316
5
6
158218105382981484
10
256243815518698219
179414113851241868
490156364566368190
2
11
12
144566508268665633
99515853180395357
17
9
8
307811416387268931
94253477468541193
1
999999999999999996
2
34
5
3
2
999999999999999998
7
1
565879521136408247
2
9
15
394033486096904655
76173122646381989
5
10
1
1000000000000000000
185813632379787439
254467549591399716
2
120626717563556920
380138744857424287
276980225439373266
4
322420529566921554
1
9
82211215917025072
9
644333936185479512
417382323108715003
16
668978326094789604
13
91454588861218500
1
3
47396880315292341
259265892709387292
4
76290430707670913
416899485317177202
10
156349811801282147
22
6
11
135243526127425472
1
12
3
60416907766174674
9
78767455524334130
183333963261501968
8
6
134047862074930646
2
10
99141666760472037
10
53115265688225593
273282528546378644
142277157055264185
9
195635776211276239
1
119761121337429993
4
3
7
539719717047571990
4
14
2
12
99350100084661271
4
2
1
2
185629781988518954
68081118548720531
4
4
120870746066296833
213791208222152462
227746065689314966
11
6
121276778416742453
9
9
7
25
4
6
80231649885881134
4
23
167985669490507059
1
9
153945944194090178
3
55006537216224857
5
92690809530776572
13
10
4
234947909796889966
116261526710841496
372068028843711851
689312098433428704
8
124717032773338137
5
18
231498718260476310
1
11
24
8
287230916456082097
8
251035730200749847
6
6
4
6
3
84893990888208484
5
197116040001278273
999999999999999996
167554731621979480
294704975394245970
71641229143940672
215870719209512148
1
11
232927110312301641
2
21
9
145366844229118745
836667105798155573
205618405941471998
10
188382693266229922
15
1
15
4
1
6
3
463643639643191190
1
106707865071244108
5
9
6
9
13
19
1
928931662383474179
141622426281927378
1
70808093412500103
11
72848704603314612
17
4
3
11
13
1
10
1
13
1
14
7
204059695013575651
8
8
10
15
59931268745034733
610579439551941658
93473212970236271
9
163241274655546982
311461329563280444
3
168615121924573920
3
4
5
213576038356773027
97520839537848126
15
5
1
7
4
7
1
70713585224455437
7
11
131644100888320727
145237802711411779
7
10
4
1
1
3
1
4
735032127772082405
152601429520759518
1
416736506312315474
153193338945441951
9
500686003712594431
164602929442112871
7
1
103968023155610236
604395009768813346
94945071099212131
7
11
219592650387917785
527074465379353402
8
192941343569723512
11
300317773885090968
145335930210837017
160215629013109334
195051226301819146
267899807976500676
10
8
178057090162242095
1
1
284644817144643142
169011294485782125
125148476366545389
3
999999999999999999
7
100451476322696123
63095970051029880
1
23
486864190883257764
8
441655028356084577
14
85767668638792144
7
289528421267737611
197933596390675850
54356130878305144
17
10
6
386855704839736742
13
500429813303922519
11
285347970693552899
138678747471608903
7
5
6
9
14
58982470428239042
280419418273943283
2
8
68033730109172345
3
4
263741325333488913
41594120972880207
9
9
4
192141376320890455
188675691235338131
235422876138589707
9
3
4
240196883337408724
16
14
1
236016754723680227
11
142039486823770374
249422276669979593
1
216567744513781665
4
351301933950004624
179583828483170926
47972277207166073
3
109104872719724767
104128998813901785
6
1
1
30617832085138831
3
13
148131893734024415
123397726319879732
8
5
7
1
3
368558752224698247
115172000991099467
190831991035961802
6
2
149825577258689069
6
6
285785455786974439
4
12
10
339447589708045327
13
3
8
540193781255064913
106038442704440822
4
180544464706542878
506670703177290464
353784296783110158
16
436444306740985221
1
143870148975627320
7
91768857198865962
14
6
82470553003731944
93762311439634988
11
381425005281698252
3
6
6
56677225383081694
385793129191697364
530154400412238857
2
2
7
239574951686849323
72678883482471685
23112805912626407
90221011164765437
6
341046136275931231
256177011204206946
127816178839941165
4
91151820935593476
200967383724951717
11
11
12
13
1
118545801644706214
276966397809935673
8
1
175062907310674460
59910119483060363
6
10
5
2
3
140320904517368888
214143017668422005
112177646559802036
123461664122383188
9
78347594246839863
172381728316001691
48101571514642739
1
155170767632303142
9
199202122104482345
7
295631016754696724
9
13
3
72731167038732021
5
24
2
7
4
19
305864799809485936
151284316632817163
10
6
5
110009215451209454
9
173345876654221546
1
64210069776539483
1
338643799898491583
2
7
3
2
4
11
6
6
451705215461244078
931954511617462
6
90101264624442882
5
12
5
502346627809075146
344664093205160540
2
4
162902747203237593
122771562739310220
10
3
5
3
11
7
24
1
461866069853658855
126741520807379379
3
15
154269116766445116
1
10
9
245924441011320820
7
385603116016655651
1
7
5
119697494061277134
7
1
10
6
235773491588988851
5
362742544126428746
122187549573459951
71619949084046042
3
67871290936240042
105144694300572499
15
6
9
146620492724131751
13
7
2
1
12
1
222360113754724645
184940368692543200
446816086325406457
5
6
6
6
2
1
134079595797254964
5
77281673400849519
174090259826781337
1
25
76736293872473893
3
362066103037330452
9
206782213312299837
4
13
87232112578714616
999999999999999994
156058393673996185
999999999999999997
9
143948604776864298
2
9
6
70662410393916361
7
10
588796319582156338
124818946221468412
97215950559015779
408414704688003770
1
2
5
8
185465089954813801
5
80042739072987148
1
23
335570562784024297
322378160653902767
182653433395201027
16
3
4
91855123477462586
4
376706298259137945
79942557555467189
11
1
501818136848647198
159260056290126756
11
161306794812091518
18
124127915640752178
9
122155599230362948
3
283481166612326294
3
9
14
883988932086655733
150511579763794275
7
208288245700088687
5
10
7
3
196833686720765186
11
10
11
13
1
101200980813680007
18
149561133654033355
1
7
6
7
65712483687522230
420392475217587086
10
46533994464808969
7
2
164763308014847409
1
6
7
999999999999999992
88795572046470418
475929272597193137
10
10
27
8
3
4
39349125131395309
113063146133456432
2
75675625176662685
64598028995231052
1
263452336120123382
7
7
8
1
9
8
475585971615846772
8
2
3
296997287581045901
4
999999999999999993
267738917303080063
494251861672718252
157811953547493310
4
146409141951791773
285586384723211845
108144021116884581
114924626519226248
10
7
13
134957043887210073
16280776763325661
233937697526772471
1
8
174821342641242869
621895263915775462
10
4
6
2
2
20
1000000000000000000
1
249888468049978587
8
15
389205168698361210
13
7
171529981786944935
499963607713336677
9
118701957966406378
1
203836485361375319
294509440295742701
10
3
122959694887286293
234279201351720409
11
1
1
7
2
9
4
7
135561396208391938
8
531359767359125506
10
396507594585057933
6
3
69089440040741620
13
6
43249577222811616
82397046936772465
11
9
108082849754725337
2
128244518497979926
13234946666988541
130935906176297792
2
5
223381629537360581
8
231847081663798043
132723473892452506
402427833347913078
397125124813291769
108941772776828802
10
71746104749728297
2
181990728784800460
457959238390424084
83873612772020169
605465481749975841
12
256598577065024224
1
10
5
10
1
243672642419135133
9
5
5
338193737674400298
126897412919462343
102417564449596316
71399892400845862
4
18
13
10
8
2
3
69413839754583073
2
8
330397798824080867
4
426245488570559874
1
10
359831343022550246
9
1
8
195807125388711115
214077258325159044
1
8
1
7
89933081254813775
6
1
19
367843313948726692
1
1
7
3
7
1
9
8
9
5
511913380123907100
7
72972915679253297
127096824616883028
10
5
1
1
53316886391190834
2
6
10
587484723370179312
5
260673123162977101
828548152775079042
2
147949422113373777
121782340186315941
1
3
393612297852683597
336341307892648486
1
2
47
10
9
2
507678279367504639
284569701460029609
5
7
1
2
161263844672460418
3
9
5
219635642699086756
2
4
11
9
1
15
611029917429890077
73330625861264813
3
4
27
108394115539684219
16
5
5
486195801153595623
113153223385229218
81394750394737957
2
132163317204180069
1
97318025828901577
289414946601191769
5
1
62256123352510398
1
4
4
242614332785909495
314313291306467841
14
4
6
1
6
1
565598268220905547
13
14
8
45431702771791051
8
4
339022266751526728
324157631262659399
109779575562454047
3
1
119528215330939208
99202793873138362
3
111294475567801398
5
7
8
300494077677158351
9
7
1
51193183923862367
95304199055547868
58786096582203401
1
149725465833037583
14
111043070296734475
180560075834052775
11
11
1
3
3
111091335099333819
138529297246145830
6
483596470684942557
3
4
100792323722788315
72528940685129507
158236724294828529
7
132253467114986797
9
5
244304526651140426
4
12
2
1
1
6
1
529217302537729183
2
247416412935909730
1
999999999999999995
30
4
7
8
248108458567313641
9
476594665545745133
113508907724890396
181497762232059292
999999999999999995
999999999999999996
8
5
108086827280833843
12
630227653927882641
248230397049767447
7
5
2
5
8
8
192575044387209619
367108677942059534
16
610584881218827729
210353794333067661
582858146537409089
6
4
280673164385026724
106813779723535498
1
9
200951979810300569
6
6
9
125960297902738694
5
130247318257790638
15
8
508667716706695126
118864600808238250
4
4
8
157884888079415798
3
98866924570299194
11
9
999999999999999998
770575316546412351
5
12
50774427862685430
5
232405064823447893
5
9
239433281812633405
1
162056130443452804
6
10
189627434061781862
8
49472945298294306
2
349636578809721125
9
1
10
170189341397218871
2
9
9
14
12
4
6
224106633166576377
7
148668513211998509
88430115948524341
9
225989699818590903
1
193017984316266981
58910514400379705
82191618758628899
11
3613723624019535
11
181215028721133069
10
5
207444078220500555
7
114815598209709577
1
9
76373526185370790
8
2
1
101328749745630495
364637882241200259
3
13
7
99179961206527601
465265089346004863
8
288028099328449254
6
452412743485025546
13
11
12
25712087614024905
4
225687490039593884
1
415827933251853875
4
403859769032052508
10
3
8
6
5
106814527334987205
6
6
6
105104287217656558
115612420330211243
1
12
14
6
1
15
1
2
347320404202871800
5
17
6
144358439159370509
2
57294123384918337
307450313082323079
3
11
176865786289407354
11
435034304812655614
493918117359436357
161180102495164930
4
8
3
2
5
144842570350190404
6
8
7
1
78179328034469983
5
215089920760024246
8
6
290318489206090398
229425423542199127
9
4
999999999999999992
1
62575879180473195
14
720027245433029577
3
11
577198914075394051
97305568269304540
168848797033132676
123485278740027718
73769700092638525
10
803554834483421166
14
20
106033950400221225
164456091377520936
61827104460859113
6
247970192488933405
3
1
2
7
25
5
8
522818447972752308
140453372015644355
325701481721153039
4
5
30249764858836373
106935127586004870
5
279367036463259062
5
6
963942229284175906
912651667229708429
157541224925243998
4
13
13
7
6
1
4
217467552767819426
869418469840996028
154418447860595991
620268992912371362
13
16
156278072595836181
8
4
73062831469582848
999999999999999994
10
366574764997578899
9
317016213887499305
8
3
116070034851121243
1
163066500323186798
5
1
108867227928582652
7
8
1
25
13
10
16
284984316720521833
38
155921300714718147
315382023600980156
10
725673211040807421
7
4
9
87554482185004101
5
3
10
8
244089356597139636
7
4
12
139550574248290129
11
5
4
12
3
182908022597665973
98593182782812560
12
156146762198221832
2
172503187743095246
607812945004587831
321054995018045387
6
6
999999999999999996
7
584705766366891445
3
3
47459273237114838
19462445323600031
1
2
6
3
268830445750974254
135486737674259830
8
3
5
6
7
457545771491293193
5
85865541386035995
1
1000000000000000001
149090469712903165
4
12
8
11
7
1
53672479021582904
733777608244092375
6
163431205287121119
162711466288694065
291282494398582300
3
10
8
7
14
192465620770422465
14
2
7
3
6
6
224990332420743953
4
3
4
149040393426828632
1
47055092051049924
263441205408063757
7
65227485468853249
24621793991384344
161480839531166649
10
365754356990271858
3
7
3
13
391374341679070249
169692134102118572
6
274114927814324116
436767555997327501
18158599868402457
290472594650259418
464605914295758619
1
136725369338061230
169158504348014871
16
13
504647039251681717
15
5
4
2
9
331365683496459134
107127680816559824
1
650336740972363450
8
7
1
12
4
1
9
15
80143357263453947
6
4
279662348130033326
11
6
6
8
2
6
10
63122164329653133
11
302974890417096059
96844412319167508
36718675677782397
90019863443240478
7
6
167391267985984469
11
218579658839680334
3
7
1
11
530404492434358779
999999999999999998
162394134577586220
11
802012192836329487
9
194353591591472636
109405840801524474
607466212420961069
900365904366075729
20
4
2
10
1
197953297275272625
105366759069848276
5
3
242961169051969192
1
207527953547773550
3
3
227663257832867491
45737324658279748
156487255070174515
7
117838694398593453
5
172155857560094104
9
192448453207368485
5
57530321870509492
999999999999999998
226988444339670235
2
78195578890132731
10
14
482500701069292896
8
5
5
230303229629172033
1
7
14
255079423770266301
14
1
10
140798058699629133
14
158220428419111337
1
2
5
10
65282279292707905
89025500467161561
102395835090910080
1
13
2
9
342561701148407710
380539749986242749
3
94276748282350054
5
23
115015214473532769
23
3
2
198652997658071619
253555721372162905
72211203984720718
264513511859785738
95522507487266200
12
172524075893525997
1
9
7
238055444248438249
2
16
2
10
6
118751606234056691
506809400600533992
112625850569326951
265466513827855977
1
10
4
92945958705298623
5
6
47150103326689320
9
257368808903031155
246197173130613217
117304301121318552
407777742888347646
1
10
8
999999999999999998
276714041377206745
999999999999999999
167109521950729227
10
91444468208213861
89608320886501101
8
161874856135218228
7
248011439417220013
5
8
1
133974900140146985
2
13
2
121835255265830298
356085247431156716
5
16
5
5029556124336703
416004138826896746
6
3
1
87400661353097768
8
57376620137684764
474996486721234093
1
8
3
89110544735762051
13
35814220921459024
1
367258987810392391
1
6
210737267454835946
11
5
1
7
3
34
706891750701701897
6
19
6
318444962056247866
263476665707105753
10
5
23
1
86726083107585419
120072656448814978
293045482516467259
64183243716646265
198505774313230253
6
1
8
161566976111736662
5
3
117618186105676274
11
154736130405527356
110954745018808912
198659276893298516
79276012463203892
11
1
1
6
9
6
9
1000000000000000000
873683368688019811
52751443962769047
999999999999999995
3
4
6
467164321186302412
160236089941305614
2
285779649267536397
348323442223789075
168103803681694536
107654547031994740
9
7
313870686096472129
195755561943530320
1
112164415394282831
4
31
324913316600628301
3
8
8
297974128267673247
523308498841690312
208029624147502859
1
9
6
6
16
4
119453208069321023
5
2
165536445660941636
186403492744507768
8
7
86655665711017911
999999999999999992
15
10
43451718426630667
6
1
5
10
3
636241145750900864
3
437973012496129274
5
8
8
114361532846471620
101536370005926730
1
1
6
7
154267260893622322
266657781331609622
131891644513102660
148597751172119417
9
12
5
127829737873649422
357478681951004886
8
163073507255115849
10
8
82045820854169577
8
410412490197995520
1
846641431237352082
436565192712243080
289570274533522455
8
476550437083639726
75731214035716719
10
1
635136904395199081
2
8
431354204101875810
165091484008689712
16
7
38502500551763273
15
335725533133025173
517255924416769333
539374754003160034
4
15
13
6
2
1
3
126506710805736130
224417476467048077
2
120400105352933976
18
15
406734923109549644
102110301851311401
67232997657626782
5
6
131053314560442700
10
10
11
526112178535530625
11830361376612385
292612660254231205
5
2
8
11
4
518799252045839624
294010832393454985
241109544493972056
9
2
85442318675366780
5
109771427065804384
7
7
20
12
999999999999999997
10
999999999999999996
923878792069423715
372359380534739085
827921659685602636
2
9
147359608897388538
10
408674299000582263
12
15
6
11
209124616269345191
1
182292144088619471
5
13
223864237091349346
366973285261614667
1
17
10
64545355375161085
9
22
324816422396588117
16
8
9
119049688921593672
125258754366546001
182980147296175094
10
1
111586993002454619
22
362554015173526988
3
1
10
258364997092810613
1
510710427941801940
999999999999999997
7
202646872803995324
88175960368916893
8
7
87769974454622653
1000000000000000000
671493172391153381
4
6
106559762510297103
6
227806975788182698
100974205147009016
3
326863470960190950
2
10
12
23
118722604361631794
11
40688917521251104
575411081359800877
11
3
10
125616914634311223
18
13
7
166477092507385953
146924392797383328
7
6
3
152302568783551353
3
380284064727585405
14
3
816859606642000143
140203288092011016
1
3
1
12
348562603949011255
3
1
6
97471526361476793
18
18937666398919879
6
79787070415995884
4
2
10
6
11
5
11
6
17
5
5
4
1
153825064946895753
164200873273439524
9
14
3
85731959485795615
9
13
7
189136889226351900
5
1
362309170489161368
2
1
263445240712827175
1
220436061634811552
16
21348980913934976
252874891253626964
44176994683903850
483115800157954977
7
7
671014141530632571
4
394749834627233871
7
5
10
2
130997548873348797
9
11
171675128711793354
47107358516467231
236004196004847827
3
269629854141836987
4
76209586813576475
16
416545228281718264
3
9
9
9
174254010851372730
79824539697432812
119827288625301386
1
8
18
11
7
1
232183559707843957
985334499109403834
10
4
6
218485621390382758
388398986056694585
214556539248036936
18
10
187095898009963043
3
7
7
14
1
1
1
5
254622396472460459
9
23
11
24
152826700322325000
10
8
748053416873041401
3
2
1
5
5
19
271239308817385942
11
108806221980557756
252649792558771950
100132331764941221
55374122576820365
10
134222513313588574
179515252585147886
4
1
371176422751232852
1
122872342561518722
8
10
5
14
6
10
138469245856893300
717265371269538593
18
30
173344614763165013
167105604747621266
999999999999999995
10
1
10
6
333846534905763819
999999999999999999
205829459284616495
8
8
7
3
5
4
5
245353065776212357
6
8
3
8
585193719048648805
1
11
133124540724311700
297476465049454932
275082689709281014
88701927502939046
7
393305245582333740
6
170788366777248149
1
109744055093234625
3
211506802957975170
196277354438261812
1
1
65579785562580077
18
237235482472643235
325392410807198121
2
5
12
1
3
2
5
11
999999999999999993
2
167310543776058456
365474845290072600
2
107882195713311403
191487639689146217
4
14
2
2
428378301726816492
117082618267321831
138759745606539541
4
106185836000323857
4
6
4
8
305918016156736950
9
13
10
146385710840460265
78667267867444470
1
11
1
5
5
7
436934253391381780
142933619335487740
50829006894005797
159543119680171042
3
2
284804649717064953
95341178570696474
82075059049139797
501921980892064163
144741277284879072
17
31756809591748539
11
7
1
222195791805486888
6
9
178468951190029068
5
2
204279755861649317
1
1
5
2
3
186368671924259392
7
2
5
11
7
11
290439291849937828
4
14
103917087643008227
269759513469337063
13
1000000000000000000
4
182464514779073237
246013537024138245
692672677999531207
11
100045665768047930
18
7
16
104297382936022789
442331349105254009
150425207229971337
575493578230902451
3
12
585619517720570437
8
1
3
7
8
782497270481907946
248948140931216687
298841095473989271
14
2
7
155127982075718659
205262668211255696
188137174776089179
108029821037913359
2
2
9
294422417622104851
5
6
5
7
1
326559035046258172
3
8
5
6
386787074494670422
14
361085316877862509
16
4
11
3
5
1
21
137218925326062197
5
9
5
136122911248762958
8
117997038131585987
5
247760916384534376
110176480368159238
2
6
4
597762745830307388
7
8
230845250965146087
84201543932977096
230085758949711135
1
2
9
7
1
4
8
7
51080533791792348
123826395390111005
1
2
551482978937063485
68566287123787408
1
2
2
865284592522215427
7
1
4
10
86069289867061674
207288390552109424
72626684665787387
315056445616607607
1
12
1
327244746708424888
72274145309586696
84426289424721442
6
6
15
175301662982333284
13
9
10
9
93772664897918670
58180557151665847
6
7
15
712583062096340700
172781938642371559
184663534845531969
10
8
1000000000000000001
4
1
3
6
98946027450561101
12
11
506837598274988653
830473222235959811
9
9
360696263995896553
14
7
13
7
16
152049669689989136
9
176689461341269527
5
1
6
3
86723624577327073
163662734301562002
280079854968462370
3
180134164943819900
126061141733605964
5
7
2
11
8
6
764030401747182660
93609435405435957
6
72992074779629820
4
189488096160392856
58881911252276663
999999999999999994
114673573499163024
11
4
1
1
6
361719987750226457
219793303198456827
3
1
125728274889288530
5
7
14
100515630468030997
11
8
310507153064000661
315842404482125634
7
46297441686426334
9
137839993972767551
6
8
25
12
65137081887388898
228516116232947100
4
8
791624289331720228
68464017861548483
7
109576339916976659
162673570362124329
5
32076258124380932
299455953974808380
3
149527702671691965
135435445251190021
2
1
5
6
90743843036177458
9
5
15
8
141077188719923444
3
356500227646802659
4
140510096493440932
216832161615625214
138262929673339386
36
12
357092741756131291
883771743645987306
85126626468672300
7
9
109997058141974229
2
7
11
5
14
8
292060119432442236
1
3
6
15
1
352044572007619451
123107856017881613
432398340724176524
9
8
2
128337499114106278
2
216185327076442526
7
9
523758749946653808
1
100289031405299356
8
216057770320402243
198534224644147155
151977176974652355
4
149487262751672461
127019343035044324
8
1
531661599832238130
1
193887681427613642
235329178311988794
3
8
84039350686312460
3
3
481097096139338403
1
2
999999999999999994
2
3
122231365602644825
167197495112044629
10
195879512644967330
5
8
4
3
173717263874883976
7
399423646523860182
53919921231805120
154758599544823290
10
9
4
337936340355028568
53965827404223669
20
67959867827523971
999999999999999994
103170543040278486
248128367836451692
3
352876794045220323
13
9
156487397922299265
114479812765217726
684275148447770849
5
1
9
6
3
4
14
9
7
22
8
217587605810343219
154727580760338605
12
4
3
3
11
2
111512597670861710
132055602494718796
390850635279010294
3
5
7
146669048244089460
1
5
140191727194910780
4
368475426511094104
4
8
7
248365124958276267
14
999999999999999996
170745866776894127
999999999999999992
13
21
6
4
6
294752841846061622
3
3
433081571336010561
7
361498834569794474
92325466837624715
9
1
6
1
9
999999999999999999
3
6
6
3
597982432992599949
6
87235210776592397
1
102245580981530486
9
4
4
8
1
310047471663192429
353016173544495414
15
213308981519928763
8
145251299140133242
4
2
80919306412643570
28
12
114779329178006929
3
1
278477642576593132
2
1
14
225682324844213077
4
3
39
23
7
167725511307154057
3
15
1
509640158034777580
14
2
417243284306311675
5
19
297561717353490802
7
96540927543084287
8
291228858132971172
7
710538273515222435
3
4
138460669532007066
13
8
3
10
31
3
239764321123416172
11
205595852203605365
3
3
21
5
171671353843857021
8
889124331367005231
8
1
14
114037394613993779
25
11
3
385638190429652534
178150695810413762
1
247417989673981908
130477344357222745
999999999999999999
109176964143819595
152616850414238891
1
3
14
10
657370098689664642
208014257870461684
3
10
455134497148063176
8
192669736479110960
122222303341033636
79231657873306225
14
157309989928960877
11
9
7
6
9
2
210269884059351603
509809569568071127
5
95586462461655089
332876673539472654
3
1
2
9
780261900709300998
9
91801981254475544
142394627687986770
8
117250578646580121
9
3
2
1
476352903430281367
65848177054965648
3
24
11
114865414295015252
154763984178672356
103645001427232809
255149223338786359
6
5
8
12
582918952792123315
10
885535408604230572
8
988801670896567523
10
210563229864273718
161962164333716961
15
80337591674416400
330505522959094411
8
1
154117662334155853
9
11
3
4
7
13
294110000266409815
1
447689430116939834
98054058589332003
2
364035383595764713
29
297298270036871404
5
307686610149560062
4
4
158322834392672651
4
280982675365809371
5
75361773866544768
3
5
312927317316820949
179696453502316684
104928258376114254
434886239573965987
105929502076443740
170106139783759546
3
174869013347122667
2
6
142619727940933153
6
1
7
5
4
5
2
4
342329076563380695
363111905442646737
41452716463753981
92483900280889519
11
9
3
8
277925481939688027
10
3
135037139100145348
1
13
2
2
235202213336490688
1
632844176829546633
9
206070453311181454
9
1
5
4
1
11
253463672909569836
125541065551770229
7
6
4
7
1
318996446060317872
10
8
11
42467366052186640
162162882260805265
6
117119017983614459
1
14
8
7
5
7
3
390876360236975222
197204158596333206
5
999999999999999992
2
40380728114816100
3
3
999999999999999996
123896728931932757
5
1
2
2
471154579256733185
13
7678109775680561
14
4
6
16
6
11
175323956173580550
156280965319990631
14
7
7
1
116095698436388047
108675902794294746
198523433067199694
193400433154987186
1
3
5
1
171072305801267181
3
175472976050453842
112190943773479043
141139766500565566
165235374248895554
93187287092976623
780815890957420710
136808284370414644
6
48285533166519062
44455556487265778
4
102307163335649766
214505231407736511
186349854917416616
7
11
12
335272002631652641
6
288319862115654026
1
8
9
10
196389229915219156
217411709895797339
203837591816021207
1
14
9
407757329814860166
6
234214048797457314
3
83957685505691724
3
11
9
5
10
350108668059235812
1
5
1
99357435071350851
4
5
4
256447684236058192
14
8
173632733668572639
9
4
2
4
13
220680646895527894
4
1
75787246228234552
12
76785693283456575
170477972627488616
4
175704968685258469
353145530554861821
85520048603789863
133538791720966293
246848552766092619
67585100360345217
187137578926866516
170855532424215219
6
128264535573975304
151151503760388196
1
197726288634377246
119239382978883297
141694625181325866
209041973412616754
1
5
3
14
215319321557562349
11
4
12
615500403535477980
999999999999999997
6
135912535194450241
7
7
8
7
124007470546272060
5
2
188000720844879422
1
5
221002288095447305
165556067446441584
908463605994130551
116841666813476272
1
5
253736203850196150
4
10
1
6
1
1
12
291135261864780161
102263193961102150
8
8
19
6
5
5
5
999999999999999998
3
131447009380915449
1
580304078141357047
4
6
329395626711275220
65154859813892539
135664248701081193
24
6
419102466392612232
214410896969848938
350186282017587929
831366203766437
82656617394750056
1000000000000000001
8
3
6
7
7
73691461619461509
9
7
6
102013392768744943
13
5
429152523608502710
1
6
5
112797314890962358
11
97037247265484510
65319876255647805
5
7
107211592970151795
10
16
5
5
6
1
56502376447617380
5
151450518164077184
2
2
119318196512920333
162032134661119759
7
23
16
4
1
5
1000000000000000001
10
211724337486647570
7
10
105888103348965355
79959139209351816
6
14
9
124114135475482352
153440769085090107
18
297662193257647987
4
6
197757956651145055
4
165760491722262421
2
8
351808678372774059
295818930480032639
12396021911629929
5
1
7
2
377284719292795316
10
177598305254237418
14
6
95017169890302243
1
6
4
3
468365907179978646
86612055930647646
5
6
476556049158964708
2
3
60110848919950752
193550297446981056
203258763592134577
5
178181574553906945
149442001066644123
4
213496196559496831
125211198758202372
7
185823784504342424
6
212283070939833036
4
3
6
136430038508598797
637045816053870663
193634602102668945
1
1
211087298999115866
6
172482972338358171
999999999999999993
1
13
8
5
3
999999999999999998
777392922175670115
6
308424813743498939
6
999999999999999998
5
87405926101801792
624364013982581260
4
160914297227768918
1
12
10
107936583107722237
13
1000000000000000000
514691739191029197
119690376838123849
146939069537372739
6
8
1
9
9
9
999999999999999997
13
1
13
16
7
6
18
54396561144490269
9
268316063261778780
459526278098280341
8
9
118077679559093312
5
1
6
283970065084826135
7
239512731452849429
556281319934426663
8
3
10
128221000354356343
227094046993469793
779893310371070334
46814532420928008
319296613001843240
7
350898596172078900
8
307969692753831597
87644258533792649
134372990437489286
6
5
3
600295080367661061
12
7
87277312145333725
226577490810732394
9
116087053973881880
400868560498189420
179830742350824569
718872880887002935
178180797887538893
39
15
7
130988132048749394
106308037192768359
11
101342828850628669
6
12
999999999999999998
1
135377099624214769
139369159941796223
1
11
2
6
7
1
6
61370112847559652
999999999999999993
14
138397830836279000
2
393956159113871554
7
7
158322411285710433
8
261066199202463038
16
7
7
162582738590319019
11
6
140514193768173569
16
71529389386591993
628004769403792715
4
90613211794541079
109193735750164867
5
303113135348806584
143244950137596797
75840212038595448
1
232171954593561701
11
53574770948481400
80506781208544292
9
8
114460973564284582
8
7
5
1
258529938110802103
153382370677573162
309635978845510688
3
82231683102081714
208081780809981535
6
804296598680152999
7
4
4
315712533067834870
1
8
470042869715307872
100078191975281164
8
11
168664001971251090
3
9
8
6
1
1
107418348008940957
259356261138997960
9
6
87914906634854782
1
2
5
6
73505258146401835
269137924260204601
4
212670516550743785
107907436944287611
79383687891888894
64180346724465893
90957953019046082
8
6
170081906303035155
348185967613671686
140608934184997547
134611725175247243
201878674768490791
15
262057185122870818
1
124461122053719164
1
1
186828023438853502
1
104565989898489976
11
106192590152541244
1
3
199897546843569113
609163601866694202
4
366679720739988147
240670094311659620
7
6
7
5
10
5
12
3
1
161771289656641237
8
8
15
7
6
7
11
1
3
502525577061183236
176975803669388830
1
151483296593966974
1
137847508985847909
26
255835854136285485
186289828652203810
3
13
11
9
305979708241822928
3
2
14
226582676283905540
5
2
999999999999999999
8
129326063954310158
4
13
6
401658262957191096
88779411130424581
261232163258827058
5
123098671059460673
7
49209989550507349
126314652225868574
5
6
5
231986554872879681
95093819415885630
7
8
6
6
6
557371486432569962
13
4
5
10
70920838424757342
8
101907044385370908
11
204616738742747648
16211427872603485
999999999999999994
9
227909473745865184
1
2
68600349205120865
353761476959788729
5
2
1
465005370144398248
10
8
353477401094350953
93763179593418011
252030344023592607
1
9
342526092168374678
9
9
273472313403306244
628744243562795991
156687231545661347
5
7
1
28
1
363634334753788530
9
6
109940914076119543
121565807886397166
9
13
999999999999999995
1
4
4
3
78036784799012085
7
50832203263396854
146669115062182900
283297037145714765
151777462920568157
12
195619628323404575
5
9
69079624802666860
9
1
122103473658118546
122259709228536206
2
4
493852638368885504
8
7
5
72638526986741983
133607061073945674
8
5
7
214322636843244865
5
11
153662325741444253
5
48519076370639413
6
148337343854673872
4
1
71952364319111263
266173174460393401
716970579482605448
132657134737204890
9
164202792962209435
890782072826867347
510674592988641786
1
6
8
9
396831613053319776
7
86513409705190277
105737729589238314
7
5
5
12
14
181624259644274287
4
7
7
2
2
5
208318023984804733
400983447353940931
3
7
8
172230486422292484
12
7
267572956073829360
9
1
9
6
99195063515956954
12
92731812050246808
1
1000000000000000001
2
135733016871589939
107538584929703031
4
533113123398007306
1
9
4
3
155155261729382728
180775303866793421
11
144084559737304340
6
1
9
302200082254771211
12
5
7
15
10
6
95217633437084641
2
105668054383006410
134891814443369143
5
6
1
10
1
72925973836217869
78381817529422224
207445494157950758
5
96815786844284395
15
1
359707749793381318
762761981417880160
232259039921373425
66684045086103189
9
2
602790080445393841
6
2
11
799046806925832309
92613947198529015
999999999999999996
1
5
5
477706783698696163
106047950973949612
192520520946928613
324446408719847865
91241376532970525
2
151914705870890578
293000478942866547
11
3
13
256136032246796038
10
133441179966753483
1
3
95935261561737336
10
2
179227254456768407
3
7
999999999999999997
202785549768879141
9
12
16
4
3
196424008035945499
8
4
252763250540736804
11
87873870661213243
7
4
35558141208689553
327466503153020950
7
8
6
3
6
5
7
176089417069207241
104242599942829878
1
284479770053522488
3
6
18955789283303226
239448025024665649
9
382280720077956274
586327465976159589
9
995379264286007102
5
60322652725461697
12
91210538902285441
3
148042662303933111
7
5
94136423815114959
2
231199884521440543
178912676729473482
4
14
12
32120555721187311
3
6
120734388672277862
9
4
4
1
7
6
2
14
1
1
999999999999999996
20
1
5
25229276475868779
9
1
10
4
2
6
3
138396289680580279
60802262214525864
10
3
229375634606502953
8
11
1
257995010747292639
1
6
146154833475298522
7
440518651561238295
68953269817467138
999999999999999994
9
2
20
4
5
7
10
8
1
2
391512276999316161
7
999999999999999992
654109339236046668
8
513179798332959238
4
3
1
6
1
1
133633156194879158
484160562343148512
8
3
272490695632147516
5
100024856778276676
8
240661960939263032
6
110298000403742278
7
6
185067742315835385
6
67765406548639060
2
4
103044320736677101
4
10
7
82195783315845788
3
1
139704985051943196
218915336330505028
381818115396956324
4
89461702629382881
5
141068632345759269
106516999371385572
6
81915355174951875
349054185622225097
187571482567325449
1
2
220216874528215725
324771332179839655
9
8
86327945279590100
126211775969667765
203130379732477550
5
7
129737836511183103
1
8
8
182492742457109933
2
1
12
44
2
7
4
181295891069602843
5
8
569537741021250302
999999999999999994
241825850712399637
5
300993955683282876
7
164170977755848712
22326119176862105
4
8
157426000273085458
507138510983650796
14
1
13
211224539231113548
277951537675826386
14
554017082010583237
357498770579406455
46945098664706316
1
9
201953310699519019
258201306100364901
36754301041675501
9
1
873505846947043190
266172789015321963
1
6
124377411624548965
153611215243050315
12
13
15
9
9
999999999999999999
5
2
9
7
6
1
2
6
3
1
16
8
3
323479032010452560
7
6
6
172359569977714859
12
157071919096480512
2
7
139836671376523164
7
11
7
469400073672973775
152794189053365039
8
2
139009371433219572
19
658721316370106881
1
999999999999999999
66921511923193922
259107088857382836
6
6
9
574144984185581642
234211528204969544
1
114829040345921868
3
98132934577791676
473198094738656800
3
176736105069157906
6
999999999999999994
202189912470141841
38421698840661782
5
342643240546200184
10
534945505473546377
10
10
96968775508568280
1
6
290659456888494046
6
7
13
3
5
8
8
10
4
3
524624154356469142
5
6
130660214285226655
46031483706903333
89130799085227828
1
294757250931483376
7
3
8
3
286939795310307820
1
1
4
13
8
121622927108999557
237759217081106301
416837280125186055
6
132866215403427714
2
21
5
14
11
5
8
2
377189702059293294
10
411884915249784738
16
7
4
143584269511427500
1
3
5
8
6
7
63996722699888387
1
166777911362849606
311472585420958534
13
3
81612104368249528
215541960936592650
3
7
170208384176130774
6
1
14
9
5
187008689333963257
48724441212111994
248008266038364809
286595896601533483
142084578882934263
2
4
278840634502858484
7
1
207184735369435330
11
9
6
999999999999999994
10
7
695616377779245711
12
85177542796656392
125845835031758023
10
10
1
9
4
10
13
5
4
1
14
9
795203123384713163
9
4
167775742574425210
441632301539804756
86697914828796870
3
6
7
216975463333756402
121669639776930869
1
131303208727577511
24
4
9
136362557688433747
15
2
8
11
1
174603399790763994
7
4
252283929512735243
1
220137536847952754
83827144973229495
4
3
6
6
275140200853767162
361114960753749559
222039876996158563
122532780438917081
5
4
42079964250296822
10
11
119305547081902638
187623765051126736
2
3
234466397319143589
7
6
7
4
1
1
8
91605652881169130
137534322091146063
8
6
172453248959812355
6
1
6
166457729827333895
2
2
273074468422666920
99571740396783444
1
9
112964383743976630
8
277511551261117151
8
195727917801329370
7
3
187913462354102374
18
142238380534776709
142391451488884528
2
5
280608683995414509
4
45
7
2
166503756965609219
40182628513371813
406549682070220529
128638077016107519
60099996371930577
23
5
147009589444137939
223266286755486084
3
9
1
7
4
8
134627124081367242
2
9
3
2
145009258435607413
22
141417365824450547
51123048497775305
4
1
7
28855027727046039
6
3
51004223113656971
9
13
70830139152102249
4
20
1
4
180030960237802397
243104349057653856
9
3
51374159752841684
129481650732887496
528126001752033787
110368079390129442
2
14
114526941547071217
22
11
14
448965545862069663
8
131102252043004269
153497607124175739
7
311875692035773206
1
107338264974933551
7
18
3
395284026817650929
121681714301446017
193806177999644889
1
815324395365517178
197335650965916022
7
3
593216895170227917
65242791841081966
109082507897190821
314023630167613907
6
5
3
5
10
91947859574194707
7
999999999999999993
15
1
6
69638528815401023
9
291347728546043231
132711523615233649
130240176355353074
5
4
1
5
172997852379095513
4
999999999999999993
