1000000000000000001
17
99715677010067
31
103631579001691
1
13
98982012299302
9
2
1
1
60
3
1
999999999999999999
49093696737624332
1
160574784120046373
2
1
3
3
7
4
1
591529085346106077
166856006028645164
1
182536997326931375
2
142959686170949704
93290777647921589
1
1
6
1
9674415603774905
107361371622900439
6
152553342407258941
174734311970340777
139307278776378895
233189360748985466
1000000000000000000
119673671012307709
1
1
51003590285051824
1
5
1
2
3
1
6
5
142225237514789123
1
2
467583186199944927
112860100008989567
1
4
115374596154186344
147663681227578403
69137793280854878
317346208078972120
3
1
2
3
8
1
1
3
1
615697450785028715
151602454969940068
1
116741097796709578
123504585454626683
394814079283418038
7
347788690025128037
67133704399736216
3
8557052883190586
270071326031451643
5
120007967792319601
88501009811302978
1
4
2
71571545981786003
1
2
57999927835844591
304124155406995905
30570790294906713
8
108232403671826450
1
163350356517865253
238768276794367530
5
1
6
177267913672308374
7
1
10
1
8
1
1
1
1
1
1
122083593577865162
196384446170093552
1
205357523193601710
5
4
1
1
3
285947541918830516
1
7
30189584990697416
4
1
174836240113465989
1
4
1
5
1
53444741743983565
4
123207016832186441
1
2
169893312041841475
1
1
499440064964808777
5
517739298141969763
7
1
278896984131456589
1
7
6
1
238476902935276933
226094899820584424
88570161891050281
4
1
3
74579392206586439
1
266022744326373571
49764377435217291
6
4
356380664852536733
1
70279710540362825
417347024130476325
5
396428092864543223
1
5
93271335368770992
1
1
1
4
1
150865161938052511
1
4
349044086387870624
1
9
10
1
1
1
11
31
7
258800160175917703
13
149510203347381440
47006214331509062
120004161562892025
323989450834773527
86248445484012901
5
321034588148780840
1
232651095133422582
75069201620562207
5
14
2
6
1
1
93720940759457390
4
4
1
140139009783339598
2
135475738718196561
1
5
1
84544597811396981
125731193946693583
133710574495281607
6
10
101258804945808662
6
132711309623063830
7
64329744478357777
6
10
1
141051269839296109
1
19
1
3
9
153051596545625340
5
5
2
6
7
7
185753629899709708
6766232115065449
4
493813119367209586
1
385557009120898626
88624338379647635
162194726956323175
1
6
9
1
1
4
1
1
151117086424012734
109585076665011979
98880454301194551
1
5
2
9
10
1
2
4
1
142218362729263124
3
407700646986015738
1
1
1
1
6
9
8
1
73259367578899870
141427741145269254
5
137451470601330300
146595601670310740
225718905879093003
4
1
4
149168546755998335
7
1
10
1
120719785513622103
1
5
1
1
6
354829664486538293
1
1
83006018551054945
293509042884571758
91537882863097958
1
456269109274411315
3
7
5
1
3
1
3
121004218720475611
1
130475904917059242
1
4
18394234876313881
1
6
5
124272817697683231
2
4
7
2
7
3
1
1
1
99489956174052951
151100670501517692
160563001836635645
69490307426562018
1
1
126032435659531552
4
419961103662707603
126197914403557522
222939981481478229
4
3
43881679331811906
3
1
1
1
198511392684193167
7
7
1
1
134089178154533331
1
1
8
5
94257601006512530
3
6
239718620989089877
2
2514813102736137
14
20250734730963695
167818988484068472
3
1
205302450191605520
1
1
237350941929987406
1
4
106110798005252333
1
129277836848836224
127110294037933483
1
55244917071687683
1
77843443243220917
625366096165460913
1
3
7
4
1
3
4
3
96440562154221270
3
159673548516695427
31275768347800277
1
337481562449712805
6
3
3
195256153116935958
135391353730906589
185968124633139440
2
301158097504030662
6
5
325958074458661619
28228872145345580
8
5
30200150742072701
6
7
3
1
91586512227611672
1
1
5
337271220613460470
247280501501512802
7
7
139892748178132501
233563634541578530
195881197887229185
56345155919674205
99066927629112592
6
113202746268004736
276904499353658089
10
4
1
1
4
7
113497333032647095
1
53198125386717393
2
72278122094571461
7145396889966257
4
4
3
277046850595454962
3
8
336895341906491161
1000000000000000001
1
151645123262560804
1
2
669974895584718238
7
1
387304243414501230
1
1
1
10
1
204625911313182172
3
109513049240870011
5
1
1
2
163601619323865022
429230854624116594
279759427142547855
7
2
4
9
7
4
1
4
79867874697571247
11
84376544533861199
4
106661224148857273
3
1
4
383473864933549521
101930268015018656
184985050684636405
194021467261868867
1
1
1
89970465675532093
31
189745559814512417
3
3
9
5
1
1
1
7
1
1
1
12
1
7
1
6
2
1
2
415364734278531217
697612898152101464
1
4
3
502694054770640024
124329737996532810
1
225712829890405206
149882305722700647
97892605427008752
1
1
3
1
4
1
80056794698389582
49477329092837687
1
57525361358348825
339453193511540933
8
4
1
180161857988658569
5
1
6
617622989798189419
53442750952266586
1
5
1
1
1
16
4
4
3
188968459375557566
3
1
4
1
1
267619258785797684
1
1
3
1
426526312412459153
6
171053205196182230
3
140817877280438892
230469093489673379
1
1
1
47119993699975646
89962474394272646
3
7
5
162069226357521233
244923137622365338
20
1
17
10
3
1
1
122651306255986103
285668208063351563
243175814375757263
1
1
120233499648692957
8
2
96708035478324682
193634926673421049
176040638719445211
229754328022333119
1
7
2
1
1
3
1
1
1
150375143779034524
1
157852562958527655
4
108667269311699402
1
1
215614524551826854
5
74511701042006140
318309928494995348
1
173805485218581347
1
113525279986161614
1
6
5
4
217345461215701160
6
18636881058011455
5
14
1
4
4
337225956519007540
335422388872425811
6
999999999999999993
65888632704894957
1
5
1
190542881521770217
1
4
270697098035668964
72464529421516370
117880667581864994
1
1
1
1
1
7
102143821531249930
3
183239144195803025
5
138042333198219311
117149469577105697
69408538172623068
1
4
1
1
56951064346847964
8
3
1
1
2
1
1
14327184719635229
6
91833788488264237
1
322287013577111418
209044650573146966
162099939119558465
1
4
13
5
145577733175593528
9
591809413065492331
8
113608755644210341
1
152442788679757527
9
138203981538367035
247784384686038970
232693267428567151
480149992961753524
3
115937646546265966
154480496248142085
1
1
123970314792758632
99340548146061011
2
378980118641370467
35601049765162798
817249924981813186
1
174622133944891416
4
263799493129957757
6
92
212104998619196906
1
2
5
153080565327009612
376873303810861103
188785581207801100
5
1
4
1
68791713910802704
75125264049428833
113047288579131397
255958990986802965
332305860142153905
4
72702895979314912
20
408941283989351341
4
213504784117484741
307755861627993825
52325287742620821
1
1
29683434816218936
5
1
10
1
7
12
209367665152857548
176883456794913550
1
73442721645239529
1
1
143579035219099035
333111207787486470
4
10
4
6658508202863208
4
5
1
8
13
355233665403637314
1
433037510802106777
5
394035219881017193
4
6
4
95752133832393540
1
220470613871714675
6
2
13
4
68975955989063833
98183021771642377
4
323103885965726837
1
291124848656604354
855619054034487002
1
1
3
5
1
107671466019918299
1
170703025964414517
1
5
1
393617990147755563
1
1
2
1
57197507514687018
3
168791292817076537
1
17
278812339972093941
451687883746670841
232640918246475547
105297281212538328
136471460818039557
5
1
2553651813757387
72141577144455636
41
5
1
10
5
3
87794784037182315
1
1
1
2
6
1
14
476550687857730940
3
169286160936658006
2
133880106328366147
3
97003514955576219
8
1
4
1
336171305596846662
213852748164463863
1
1
187132236341623907
92398580672187315
9
1
1
19
6
1
96872823261966813
147768560345541522
1
1
310691930749478627
1
95815849344915210
2
132772074670035963
2
5
4
8
4
8
4
6
8
250808540194776352
4
371022252230352211
2
193366263670084451
2
1
8
1
77133352016115066
1
148843611350775020
1
12
1
8
1
199782021477785891
1
269190155363796769
4
1
7
1
7
1
5
2
1
545820399896258518
2
358309239793385817
3
435409052675256350
6
77860598026497044
35
1
5
1
728658000717001698
1
457985771386493511
124769774577288056
54808129050826079
6
109501050266420919
9
215337755839098043
1
7
1
2
13
5
5
999999999999999999
487731476047280762
195128603962447316
68373105336868477
5
7
15
3
1
6
224242602346306694
50924609533079859
4
5
36492957659545289
3
2
113086439220133574
3
242302123967254060
3
3
172474849717182852
91964096730187325
7
9
1
1
7
6
2
536163241273829076
1
6
2
55715688103472668
21
69942545416081395
3
10
229301045755110816
5
38
7
78874740570143422
1
9
5
246053295067055554
1
166681153698462835
1
195792411579052345
1
4
6
122318045634253463
7
51
3
4
93728504565661571
3
1
12
38899208377977474
37883127996171992
341993439539224673
1
75070794647638492
1
2
1
1
3
5
3
5
9
5
283961720270248783
86218913893850356
1
136790839771559619
1
1
115019704619853703
2
4
220265607914365919
5
40900421214118046
394907197206720224
89
5
1
3
12
3
999999999999999998
196192402997879545
1
1
3
67853326029166968
628237876546695340
2
1
157666584005714879
5
22
113299067182976274
140496486756054939
2
3
1
5
5
4
2
5
4
1
283593054076820265
999999999999999997
1
5
36665323913299433
1
1
1
32
125994676456831312
1
4
120505722191745804
67871004289357416
1
76590556094614809
1
1
1
60227751902850083
3
1
4
226051308562184390
61417594483488078
7
1
3
100525878173554224
7
4
281415610246611822
1
1
1
8
1
1
2
1356292566549427
118516756161379900
181632439658533476
94856804038550003
280018488854716354
1
7
140469705454139280
5
5
1
3
3
6
14
278165443169992381
665391341119494290
1
57674670063349554
9
308168463442803697
7
61095236259770329
52779152733151162
1
3
3
99021618031561598
9
76067401127878902
411954026264812530
34162860212743605
1
123047552153876335
144247128544932376
6
39206734763416585
222351573944440387
546032418641292203
89656275572421804
1
1
5
1
173539306640856214
1000000000000000001
46920063165011422
1
83450085046704690
5
111692245752624035
295741631932484928
6
1
2
6
143740583954159150
98321805198221339
263424340220205369
3
9
361497360100184932
1
730796412588259240
42473287859614254
2
116647773281450651
6
1
1
8
10
3
1
4
2
270914988787911100
4
6
4
4
1
1
2
4
238054128989679956
1
1
4
55
1
1
46537514353879233
1
1
23144245300391591
157085136926954609
1
167794786413256327
4
2
3
1
171416726835461120
6
162470400744713866
2
86563926342902110
125123619878580083
659653995902725166
7
1
1
1
1
6
119113255303394796
1
8
14993365250518570
5
19
4
1
1
29093986389306614
1
13
7
3
3
301508978799732778
1
1
6
3
3
405452924224337138
3
142274170675840401
724046063901635078
5
227441838047149710
413519972952380141
67615895987251089
5
1
373321907352117543
1
1
157628081044228377
3
3
124832357608911124
1
1
1
512240238465284504
523880158593426823
3
58452947707249497
1
999999999999999998
125884916142951288
6
501520365839112360
1
75621687611698892
3
1
1
8
2
161645560963982590
106116302104404291
3
2
4
90400755989802390
113632108383055977
355035477185885420
104912791142926650
3
5
5
1
1
166231869305743037
110835945641801898
5
6
4
181612019464027152
1
1
8
161594066631842079
341080916599352923
133698557498671412
258074830394802186
4
1
1
1
882454413571678668
1
173039104844717154
191668607823876392
1
13
284570961779466043
6401806486650413
4
1
8
425974111592875932
61583053154996918
2
239682904811957109
2
1
1
134644268758915631
2
167467606255380312
1
1000000000000000000
2
602142456290298824
11
4
322152331545302881
470459514008777609
129499819263220011
1
1
5
150158275248484749
7
7
8
84491749742248635
9
322182186714381715
17
370813067945232108
7
1
7
1
7
1
244190330982319747
1
4
409469525083793548
4
1
1
3
1
268631867509197419
1
3
174253773333884564
216527571491309960
251361870328596966
123231836191064267
1
1
2
61346929893370083
1
218456694968974321
71370741697363369
1
1
88847134826956561
1
1
90573694825464805
6
228033217900143853
1
87497732177674811
1
6749405942487775
3
122516025761512286
1
999999999999999992
1
5
1
143549996011890569
1
1
3
1
3
3
1
10
91079170883272780
4
1
9
299028000897425305
8
1
239936514292204411
8
1
1
3
1
1
1
1
119167454227694908
1
1
87451321754392963
6
5
290876135080838496
3
4
350375379868239041
53664465968762216
532698501977272654
38460833340089445
682361031824783815
4
1
3
160617885177651294
4
2
179522312763948728
1
138034277463199799
260886073421756051
7
1
5
67688443501705984
176581858774198116
1
1
599435762359920141
1
4
1
132112339737983834
6
4
9
84585474204249705
146153900341198251
274199387775838853
8
6
1
5
1
14321216286218280
1
123249582545849425
3
4
6
1
3
65404357321765545
999999999999999996
1
4
973999924975329396
128691672225057521
6
1
291867327490382185
67083882717284212
11
89635826799839865
1
1
7
4
1
2
87405474948919636
15
41501572843029048
3
448481103415480201
4
539538281354152884
1
1
1
8
7
1
1
1
1
7
449533970791229731
4
3
2
1
6
114433531216557384
1
158721828535677775
3
6
269588404354111098
3
13
4
41871902449637898
4
1000000000000000000
578998269322544196
2
197189431188458839
1
87129463405776439
17
1
6
30546865801133658
101707712917449355
161927957450023198
84642204795036282
1
173871020059109579
42948813187767187
4
9
15
5
200545015424645622
5
3
1
25918384913621685
44971674255027762
10
1
4
111886532002806974
3
150800923865300091
280714134613028662
8
1
123919401574347486
8
12
5
6
6
11
147247624438073280
9
353919050570126786
1000000000000000000
212053683238962710
1
10
1
3
509834916767204983
427976465350154301
5
1
8
141095271314135815
6
10
3
1
35608844373674271
236953442859920159
1
8
7
669886222132845578
1
6
553377361664282320
2
94821012199925468
1
1
202097135520827471
1
152178133311399045
175437993940838016
112351967297310215
4
1
148515370516294448
182925293424740825
1
211478545802109187
1
1
1
77943559043573598
5
99550360604097223
5
113710127031044600
1
7
3
830211525376530155
70760318661301515
100658211142398255
5
4
162901688390240683
4
1
3
1
3
140423470950118589
1
28737311774746186
1
1
1
7
1
40515029458468717
1
101066628460810342
6
407546420888648424
44056050336291008
1
10
1
1
999999999999999993
78476767473311691
444292317422626233
1000000000000000001
1
128872951489735422
4
2
1
3
13
5
96100681397445903
1
320445127977708490
79971334365168184
1
106151261369499845
1
1
414306898320092365
271269528655578745
1
6
90324609969540682
1
99941217524862359
2
327567944047459745
1
875705657263705398
1
255112511074735472
640946930680912570
57888073406258342
188237461103995123
1
118158024552088223
1
184912623465055242
17
1
1
4
353798361592463271
4
4
2
2
8
4
8
1
8
1
126732257113943000
3
5
1
57727833778071964
249887359190847503
1
8
5
1
293707615813730574
281862341037274597
4
8
3
92541460549315381
1
86615113424451224
217222546217094453
1
3
164334889006038263
5
1
97182114756998513
236655702502809984
1
181971577504761555
5
3
14895155801360205
3
121820264868829042
1
92273673939607210
7
1
2
3
30701883890425098
466052678667537260
1
141231793357531692
9
1
1
5
273960713943578388
177138734255123247
348993386133614846
14
5
73944401042170030
154065894041979071
3
168471991566877518
4
5
5
240365562966573796
1
201715039696411504
1
117610841153339643
250742282215241960
1
4
1
1
9
593421078732778977
7
1
199293814892623036
168293296763988384
3
1
1
90601808201478160
3
168582985693299922
1
2
3
3
147538340475957397
4
1
1
1
8
23
1
1
427950147225264378
121570057042571125
179839562764443808
5
1
3
172835602226213434
222283554322365779
702821060766670347
29186021607659064
3
1
1
6
232308777545780281
1
5
134162917238459647
3
23
239859372278613527
1
1
1
1
132923602751684580
306595034451248681
1
317907169655193839
2
8
3
19
3
122412266445946170
172484669298990523
2
395443019492825022
306437082356994493
3
1
8
3
536770272928767943
7
12
270465377719644891
7
932956904422260724
3
197478621294083822
12
441009191249494090
4
80121736590337474
3
120896838301648900
4
1
80494928110688591
149562185239317771
1
3
8
1
83850453409439592
1
271047089479670538
1
1
1
1
45769508943645541
20
1
5
4
2
65793331288233447
3
164300534700830404
1
14
4
27
145001694127769773
4
154262918789571857
3
1
62245600441457417
12
5
57904024547758622
182405361512533785
55460947243195277
3
4
3
10
1
4
93637160025136176
3
134740863451169272
65127855386248562
132064248669911795
332215838820812548
1
1
1
2
1
181576460637236796
1
92251091003431742
1
106064492710172563
1
1
1
3
1
255803685421668046
2
3
133718314207289083
122415194969431884
3
356559587674410727
394117505837917912
157167357129570483
1
1
403403069286142656
3
191298994118181481
74360832566829525
6
1
1
5
1
136687190630612675
17
1
3
6
1
135034748698106343
8
6
294170774179391416
1
124357707799521000
6
4
5
40328116100032463
5
5
55101039574860671
1
174551744513858526
127848396838625090
1
75340611109370446
13
3
3
1
692813232319251870
1
2
12
6
104338954220390607
999999999999999999
9
767627595482752851
1
344513809481991703
6
4
999999999999999997
1
1
98681517733888367
3
1
1
5
5
1
1
23
86893410733532321
7
7
143455945663845855
49568411295223930
3
249126960868983758
1
16189222679445586
276637689076220556
4
92972472852790175
197442565009125137
1
1
273017531851837851
1
1
37
1
752798621355598049
3
1
4
48034476472077186
1
1
1
7
3
10
1
129516735701725220
313718898045712053
269794794096674397
1
3
384679200113694180
21
215108030720928178
500245887175569344
4
169326892204766390
1
56816539046195076
78345837091900845
298423554893082887
4
1
5
4
7
5
17890621617114602
1
999999999999999998
12
9
5
11
102120523355928641
5
3
4
156868470011752231
350325690454187772
429422202508973313
2
208025264989549238
52460496002527983
999999999999999997
109967387775657088
546361837114295732
7
1
6
1
1
11
5
316436767129814086
269821313603283441
3
88035158929840235
1
96467821449195797
1
4
2
129438183775485783
3
1
236454528687487790
5
232209821867289383
1
304783826294053611
30352629604632019
8
999999999999999995
15
71781004998452022
2
1
13
258331389219144951
279609898718633581
6
3
8
1
1
1
84762406246257113
125501544294784434
1
2
1
204069195495110767
1
23
1
156299026995166022
206316121311871559
1
544784525986889424
1
1
106223375007568494
185720577977615567
5
4
143017435378255242
1
1
3
1
5
1
437494866892616217
1
1
6
231069600218579246
79609275039574350
10
6
5
112509521264631353
190729679881198429
1
1
135011048897979197
1
1
8916701657361648
1
15
1
57850240946246986
248102158186973861
1
1
4
4
1
1
8
1
9
231384535302432698
1
10
113774141488948805
145028943557079730
8
1
4
7
1
551830505694925213
422519828767158710
2
227423441416054799
107824884984195282
4
22764474422486503
3
1
1
14
2
1
1
6
5
4
249659507825219140
2
1
67767231251310278
1
1
1
2
43072168696703314
3
229481042886174978
10
1
5
36290320065052967
162664062841034189
54113509980614353
63213701189219915
51176487435741248
1
10
2
306091951127684020
7
149882663547944644
232040361990594478
10
1
1
81103614870506800
1
333763337058463449
1
198278725172285956
309810102720858069
1
1
5
1
118171048243128693
301074763098368681
1
1
13
16096579792902385
6
1
223890314035493847
5
108783178496673704
1
7
116727837363082316
1
111383802235621856
5
9
8
3
3
9
2
1
94443228374388458
1
2
118166541556918778
83252271590185444
115040028066852039
1
9
1
1
10
1
248935398956498793
1
1
1
47299028770468917
164612688257488258
1
1
3
2
1000000000000000001
154737916443121548
999999999999999999
1
77846649797504208
3
208341008508407092
6
7
820693833346394831
1
2
631398054667296545
1
1
1
91295097353735649
12
1
4
155572923178051149
1
78369870431000796
1
1
94245410079396695
1
4
6
1
1
9
25
2
1
1
26616602706582346
1
4445841662709298
115201893215329833
6
107737533933524328
327653535611605237
1
127637413691790673
1
370503897391622013
1
1000000000000000001
115024163125854393
1
1
42840558096993067
279185309882384732
189147662169234455
1
1
19
413634870189108945
52972540258598923
267002472906448715
59838070629039428
8
131811356380191477
5
112369375334550281
60726841964335107
287639740249056163
1
123917482748938067
4
1
3
243245506035628059
499419811616090693
367738492285911601
26995280152062585
1
69333141847013961
7
749321526773595763
132672590695292008
1
6
1
3
3
22
2
2
330739876504082053
4
105980477589011081
1
1
125223772881340497
1
36
5
12
3
5
1
271754114813154612
1
1
86410502943411795
9384953464996154
184172809670877855
158533547337191380
1
1
6
328800494988092780
1
1000000000000000001
49299545179873552
388582449056044211
253752546523446670
1
156379450360651122
96588308384126733
4
75920893610501143
11
1
8
287920972399070615
999999999999999998
331137440250607903
4
89927047753169464
5
60386367116282363
4
122727843968300412
6
3
5
2
1
1
3
6
1
3
3
64174508269244340
3
185003374676223466
4
49909375408379610
15486541712208659
231157921577510201
1
7
3
1
1
32
8
1
1
1
1
1
259495995202108070
1
5
284369805095522858
1000000000000000001
3
200959930018499851
446330603309661969
644765078099527886
14
1
117949797128745695
6
2
8
555903975067325040
3
52288009676440904
3
109999336252731147
1
8
1
1
74733859422336468
1
1
5
5
65058419332519536
2
1
1
3
38487046336998811
1
2
1
1
313502329124732140
1
1
1
161919390291785842
1
13481174634675599
176530448451866859
165441341301205878
1
1
1
1
1
17
1
1
987075888134724121
157765389959886533
1
2
5
2
16
116251935390031157
1
31598596749976399
7
6
1
7
1
1
109428247424203459
10787432167544949
1
1
8
1
4
1
283428337427905442
1
816954738876495936
77800787954756763
13
264572528059693798
156204794281467293
11
1000000000000000001
273922092623020385
6
19131573514118900
1
6
4
3
3
1
1
1
102414655119751778
125314158935311166
2
99490838357965720
140242173129203110
4
280500108988751607
149525870292635039
3
1000000000000000000
120097033334916780
2
2
137895851733414742
2
5
1
1
1
4
5
1
288602953392345008
5
27
121360069628190439
5
1
113981095698473230
468234691099844552
1
1
1
1
182274668166142128
43599378732706505
1
137452310661400356
5
190912167114923998
40504197237307598
1
8
255118121162518141
14
5
233293043760491503
1
2
1
7
68760687828705604
253286944082778756
1
1
9
77774583013685431
4
44058479538152833
1
151880001258006405
222919988410789089
5
1
7
258238962377268345
216057269704275087
3
1
695064382709340706
3
2
4
6
196452595387022945
172096639193439886
175122102883077799
8
3
79098843850861936
144928333035413568
125108012484833121
1
1
284088265356942545
77839964766836594
112588552017169604
38202590864387943
6
1
2
256930390868396217
1
313405140965807022
1
1
97122062804842833
183794625924229693
1
1
3
1
124469936097208846
1
7
1
97875129599188875
21855913030445825
201629865498855559
1
355212659115691431
440501383057385285
1
1
6
1
1
200520898294270371
153212807684463401
197556982671674733
3
7
7
129197248544933336
4
133210746562751355
1
1
559452432156311785
1
42281666368636858
152260578218742839
1
115149092067946523
7
125021411441163292
84977845103383484
462412416440032193
353822455043986159
172500112549853280
70101167361590329
8
6
10
1
3
4
6
20749706693782959
1
2
1
6
8
42730445395505271
107598550863375305
315476989736391545
9
628023275529554533
8
4
5409337145396739
261333838475109655
6
4
1
1
141478780008973075
1
17
1
1
191476067979060267
161989793398263843
124020358298794014
566480279659669262
1
1
1
1
1
215215485849680578
5
181064311603134708
1
6
80445231508964808
135860030174811000
90812830248751330
310644175052639476
1
1
5
1
4
3
1
130266697529628106
268896664481724497
1
3
7
413848187094175343
1
251717229804645396
9
5
1
893267477389551899
4
103319086658666258
1
76784903783836711
6
999999999999999999
1
4
1
114132700614382375
89653072553319412
555374454946541416
90562112415498442
5
188736894615151368
3
107445485127231912
4
3
7
1
546561528241762847
131728805993996924
1
84724255215085909
230621380856977025
1
11
9
3
6
18180165271716970
259436809753866344
220451424672850305
1
10
1
12
1
58464172773985622
1
1
4
1
188509215038349036
120809683105445480
3
10671020209115159
1
121452289676321629
174206260954573263
234935388724904368
1
160956086632480285
530383285129615912
179244028805829384
1
1
1
6
154296015251614229
2
1
1
24734683625121248
1
136219151038372199
137611814100627780
74607942903800806
3
331355312470202219
999999999999999994
1
57637079975950777
3
1
1
480742521040770008
133048872547570388
2
6
3
159552864670713401
3
1
8
30
4
5
1
1
2
7
1
8
1
144624256216890872
1
8
1
17
71882789493434829
10
23
1
8
3
3
6
423343849051278407
105085943428527934
115018288608585604
3
167198552700779408
1
5
1
2
1
2
4
1
41808724061558670
4
1
1
3
8
393121987962032719
3
52
2
1
72027495750255436
1
1
96988957805609770
113594930566638977
117619381204038922
1
1
262478168516241183
87364007933525155
134676458238230984
188827637730391749
372722440243461281
2
1
4
6
6
2
16
2
1
1
1
302624971137859544
1
899523785500975305
111434170455456601
115033574598697487
1
1
10
1
227154556757704461
1
1
3
5
4
96526971614125369
6
1
1000000000000000001
1
7
299481873907047103
1
149062948827810776
541488548373776352
297674342739131729
1
1
826563800892454604
273190190538743616
6
53475235128155447
1
7
175011046201435682
1
219049464615995264
4
121061029321373099
3
94589183127416354
2
134495496063357330
1
7
2
153931302742108868
1
1
9
2553700427053996
7
317196852139186611
3
140362910156150402
2
2
1
4
1
1
1
96057819876373315
221193978639903656
1
4
7
1
1
1
1
1
1
1
201031717851731187
200972312218700609
8
2
20
1
576141292180394681
6
563469523744548998
1
15
1
8
1
164232032305052268
3
1
1
8
164111724358822525
1
79997612714217963
2
1
1
196912705506645847
157954177423108651
138005001324052460
1
1
11
1
2
1
1
456925251678816588
3
1
1
139264106378221714
108010288884877573
74351933819519277
1
1
1
2
1
3
3
4
231006348924394353
498196096247370708
1
152263826485156867
6
7
84275903507970830
48467276965489053
279978395539060986
177597760228442103
117577538516288649
11
6
1
210985246276557037
107399798175029830
77340265332688944
158609746828747666
443598304713476608
5
1
2
1
6
1
7
104974596114721947
256672417506494766
5
2
26199516631085339
1
3
3
1
703296207505137309
6
157731170200755787
103378157171274267
999999999999999997
2
196821584263323459
1
4
1
106670805633726900
3
4
167647232812771900
1
1
1
4
3
4
2
246107831134412940
1
43865997985628707
125181910189467897
4
1
315909127879427538
1
2
1
169609776954956647
1
5
1
114785486332718739
1
1
1
259105938579372828
1
6
30
557626357108505237
266831998784473903
6
1
1
1
1
2
1
16
40158669643220546
188310039928754064
2
1000000000000000000
2
484240436708439797
95109941784372155
164377070594844877
119560574057663669
726947438657244191
374197747709216027
11
116353729982980354
8
2
46086660499693689
503929307066005897
9
411780126855224489
1
3
203809088901324378
3
207515160042348752
414179306767197225
1
1
69808881944967630
297592162984214067
2
8
1
6
188207777195527266
126178300015860188
575017166431970043
6
1
999999999999999995
1
44851819883849399
1
182390001195927931
246897246595171822
141603660827232125
1
2
1
396326023755986460
4
88022476073487534
4
277651368790213312
11
6
175932317409602179
1
130033377539391346
4
1
14
1
1
1
95030832230272421
6
1
6
2
55400663652394944
3
1
6
5
11
1
119380903283370271
7
1
1
128010217406511635
1
311331467459745060
5
1
202088657578678761
74292825790226726
2
6
1
1
1
129217460467730568
14
192004070200932354
1
1
1
5
18946794509448322
364993616681540727
5
1
4
3
4
141016896183668037
88509149390675362
2
345237703230332327
5
1
4
6
7
1
264826909673451977
1
356287269617825304
1
20
1
1
1
3
2
7
3
153940752541398438
2
1
122879264734994452
2
3
1
219398861519430118
6
4
169119407335998390
5
288451489875665820
7
3
4
1
9
1
5
10
1
3
1
82179002683841020
105754984911576102
2
3
5
7
8
193117975056267600
2
170233703118627419
238956526931153277
6
36857144754121201
1
3
11
2
1
110936357929814543
1
8
6
1
319394981504118299
1
4
999999999999999996
5
215754744239917975
6
5
7
87142858319135061
4
186549600578216257
9
111267021618060719
4
4
1
272034027209354296
7
8
4
1
4
41199580355210398
6
39502081806190113
7
1
7
1
3
183824915255729911
1
1
1
5
1
1
1
86687780174628646
160222256439341830
132217557199606455
2
10
1
206386630888206280
6
373114264269342773
1
321449450823779452
452328163755683737
269105918438413834
1
200614832448650024
1
2
1
1
25281615014010924
1
8
4
1
6
1
6
1
310962493699474283
999999999999999992
345116529485159510
1
5
646588671542383869
43221224082517143
1
5
35425641707969791
6
6
5
211151539435805899
1
1
395081926810954627
7
13
434692790785554749
2
1
719114164145832093
112083387858794308
142639672089642761
27802237866844765
1
100390754153974135
4
1
1
129785129160991169
1
127369286987092895
1
6
196787396000833062
1
1
1
5
6
4
1
1
2
1
4
134943334137544221
1
4
1
1
3
2
4
1
107002188025754583
557971401360374320
335981351931655366
1
200316308938294987
3
769084390144437496
255817885833648493
317084461233603133
1
2
141860633085135370
6
1
215392811338238936
44823678549885502
4
13
5
1
5
1
3
35
715493237286045667
1
212517919378411907
3
230442491519325332
1
1
114093570033715127
8
5765453908018072
1
5
1
6
2
1
4
77620054935149362
91047456044305556
3
53819097563004443
5
33917343532414985
6
79087557488923782
6
6
124839846285853348
2
1
1
182345354574701435
138094286651418777
6
10
999999999999999995
61319386948341364
5
21
1
6
1
1
2
1
6
10
6
1
473250843093518888
8
85440417732296585
1
1
86754586496158753
146531423413895176
92925992173248387
43381186313495248
9
2
999999999999999996
1
665553681405165398
14
6
6
1
4
356353069351856243
350355460300196664
105917110011753348
2
1
3
5
194903691337989167
5
81287310748500967
131921652875199582
1
148276038548539804
4
6
93593616333047312
3
2
1
1
1
1
8
1
1
1
52066833984030290
3
6
1
10
37864461723434186
1
108806360040253298
51098415574802233
105111943595709781
1
5
1
56394557845889202
657829124768942843
213994906461819593
1
2
1
1
1
6
100753978830347282
40715475192812683
3
214206278732943923
68282700050423097
13013740043380716
123736565756045893
1
88958084360236008
60168918833862710
1
716505509795612262
5
12
1
4
162897721912384871
4
1
417020322422479435
27482909468583527
2
98255709328319130
1
1
6
65765074843322143
1
1
4
269938541724737035
5
1
237674989774580952
1
4
122026739690215806
6
4
6
40364001433270594
383366754945414499
414660672723041673
1
9
100635478774836113
786893187576822063
3
5
113148950431722372
73435824102290219
353269993316972721
1
1
62681517877864450
165952762283688825
1
79375266224335559
148226354591897459
9
6
151331765571633108
1
58540427185619032
2
442032240576192751
213436736155031772
4
1
1
3
1
209140886208435855
7
1
7
5
119830284549844363
4
126632624874616109
1
1
1
1
1
842982641117182192
9
6
580465394734608207
151037530531880806
86607382524168448
5
7
3
3
4
40896053410151289
1
1
2
6
269121555931886012
2
135642902479016983
3
3
2
7
1
101450723936221819
8
89537624124866137
12
341996611341272226
16
3
1
297190860262284305
2
6
1
1
5
1
3
161851817115966541
69082446792786189
6
118262721864337439
1
5
1
55375421897242906
2
1
1
57
1
1
57613654082792832
47449853886599691
5
1
1
6
2
1
15
106401344196850872
1
1
1
1
387692000003407086
999999999999999995
1
35049077013522165
4
1
84991373269255540
2
481082618894915800
3
44091307323095620
1
5
35653145014384623
118743077501444463
228082040619105114
238379527442694703
172939196307461916
246404543574694262
8
4
35502668424158059
133998718916482596
1
1
1
4
5
10
1
464399965255870700
437758742323751454
1
1
58389258393597547
3
613570849068299107
159168116036491457
1
120016774299996852
361793805946373639
1
402864014338472405
1
4
13074447097439732
6
187381277981429312
106800997572125235
2220981570273065
156347662384710522
1
1
3
999999999999999995
43775323719461776
137741846203191021
78197350771004891
2
1
74925279289505217
15
5
4
15
112349786029187283
3
12
2
634544778910605089
4
999999999999999992
133990337389386512
256019111935995628
1
1
85180727447694265
1
1
99605311645825297
1
8
1
728308905935126626
38031506119097532
1
39453846846830553
6
4
1
1
6
39463876692846284
337828042649944715
1
15
1
1
2
2
5
3
254661245441705433
2
4
1
4
229320520438562998
2
80210438348701499
8
7
96002908737530445
92158255959848065
4
999999999999999995
3
1
1
6
1
11
117721997873458927
9
54431863196788679
235216228258927331
827674880790147504
18
1
3
7
2
1
304034116495095382
89854114292427754
2
143402210987328635
1
216702601359037133
1
255706433782414757
143719904584009725
999999999999999995
108276565169467241
164505348941867117
1
11557767569499991
3
2085250664632084
3
151784335998451578
194788069101184558
9
1
17
1
191608410350682285
150898146322770897
4
1
112756732893701371
1
1
1
6
699739659390284541
157910616480742726
93518352000653502
1
4
33
6
1
1
2
147551818143674119
17
17749546863857866
1
4
1
44
177946910250149723
16
1
398863628129940226
8
87869123537594650
1
162426291314163212
57379342504291567
7
6
1
61422734223685951
3
1
1
140219792108985991
2
210864259929315001
1
111481306721707850
479739970315489973
60882031019678170
8
1
176217745324298303
1
266112788280303154
7
5
41554060307221549
29067378887350789
65682919817462717
6
28
2
63099196204692272
97474542260668772
1
5
353063869478918827
15
999999999999999998
37123925510815664
1
999999999999999994
1
1
2
1
1
105125322945712308
149052885261327723
697037182287033220
980922024570087708
5
4
388916835933951696
1
171922667126543497
73
226781877812429324
176066189800098591
65466052868910277
670417005627174333
162961109642809524
58314005238817768
433987233369431916
202002286342313862
1
1
3
1
5
125262926411924318
5
6
399198746354761708
1
155313377787813672
117097819616983992
2
9
71460524884498601
1
81265255019714681
1
11
54055923005094684
1
10
97457197323467243
23961471330648319
95751195853072106
11658981152391086
4
1
10
201684714011024341
1
9
196172127996592263
2
1
1
160642529696368682
418630191618577680
449102602154359673
4
7
4
1
6
168538179001496757
13
174757545866504069
1
348127376341973894
1
8
6
1000000000000000001
1
447042321382650855
4
75802322584482152
232151307460073292
5
5
8
1
1
1
171689746931560590
1
1
1
851764973387313425
168754002754527036
5
3
1
2
1
2
534648163780386698
1
108647192821986894
143186047006035940
15
327223609292357319
513690746789569660
1
156605038520411722
6
10
41
108274125756975018
279319900706887386
49774493127224333
3
1
114958521511752388
1
1
559428810560694620
1
143993164662275330
136817727856562474
1
3
320341036050486374
750844077656354004
4
5
1
152620835947809887
1
1
6
1
14103687300057963
6
8
5
126456638546177679
5
16
5
360947538696029062
1
102628195982197054
4
5
1
20936740179438017
1
1
5
1
169394520847231469
226015289940783321
8
6
1
1
228354563409303726
172099982110224551
1
1
116157933437398192
999999999999999992
4
1
257603007447590998
6
1
3
127336483377374194
1
1
33566486051380906
99885405103392344
79393434961861126
1
1
5
458316785977925977
1
3
124202510886360044
1
196086245049490652
15
999999999999999999
1
2
92852817253668102
70086352235744204
241394915233245481
1
1
1
3
1
207267857589223339
6
138641004824853652
1
5
85077455635383121
135718560828935680
1
235633805478591390
1
818015620094676848
1
5
1
4
12
6
1
1
6
72685050379929275
1
51483943177225149
59191741869514768
6
120604979575964857
74263680448680446
126897686578851438
3
1
5
4
274526131544648917
16
1
5
1
1
1
2
2
12
6
4
1
62813611982208327
1
7
119776465260000960
94097928627228315
1
1
1
331273911856488979
3
307685738096783935
471456508965245816
985523868182749155
1
109593911981718601
338095546310488456
4
6
146997550583812519
2
1
4
4
153181470977142202
3
4
1
6129660303962683
222153220675882216
185258981972970872
589537794508417176
7
1
337692035063434399
77931408986492876
1
16
1
1
3
312978519891410004
17
402785227044808422
2
243005654727892760
1
999999999999999999
126613337746790554
19
119778015809622337
7
132581500296545137
1
2
170331373465816757
18441606634793446
212011631130207900
1
7
5
3
4
6
2
4
4
2
143387224209154920
5
1
3
504599044323149308
276500310142437698
2
17
1
2
1
1
57064078947299834
243247753058711342
221766817358072614
4
1
7
4
488954377457749550
1
5
78598919694450004
1
4
1
13
93258673376210073
3
2
1
102763074516956934
6
1
197707212129186387
301266509454866425
5
3
3
1
3
7
68251793940392735
6
9
50452187757654989
4
4
3
5
4
1
10
1
1
112202984326245437
6
1
4
1
482926596027716722
353423180310230900
5
8
10
330746415866906421
6
6
4
7
6
1
1
1
124623863514174789
3
222947372141163580
3
1
11
2
60852676891686806
176662265591294567
390264310203207604
1
140776074050177117
3
294085870781902199
1
1
2
1
5
1
261674970041312866
100191460598994184
229490822014978547
44
414026353031191168
1
1
140633752870211609
201120087206652230
5
55783751024685029
546097250060190269
435652862461987394
1
1
1
4
3
903552277274256215
79248788893226769
5
1
1
34
1
5
151656570223683872
98801318290663284
2
89739657736870429
114759856820176896
1
1
101155724087460460
2
1
3
203169733836820880
1
42212008490651609
1
235398392587395118
8
1
238340039895086133
11
3
5
190291079703130224
14
4
2
1
4
1
4
2
1
100207635502114858
20
3
12
150879089314779799
1
291671066599745108
5
312112142964459511
188556615919078007
1
29
156274797429095116
114694841501803943
12
65071912014203903
1
1
10
3
214624636343367174
1
193356577184968958
43900238016333268
257476190400553145
4
6
5
278119987448822699
1
11
133873571659026892
362735307351968186
279214781128924533
1
3
1
144527396703423811
1
1
4
5
3
1
1
317093832122482422
13297828283129621
1
1
1
4
170415468392528050
1
5
9
13
129041169836314514
37116093710733655
5
583329877047270320
5655139864393032
159239211307763444
261591467349631148
3
1
7
20
10
12
2
1
3
172401782174796179
1
34041659068473084
1
4
5
5
9
5
5
300596319049886982
8
5
5
240168648183933488
7
1
1
253397630926564918
5
1
1
524087442262981336
1
3
68231875795705835
132801743254417789
9
333988832281851323
3
1
1
125022557138759225
22893409775001077
250718841459952954
359088889664364673
228946637049719472
2
1
1
1
67663966977111223
10
1
331331588613855192
501741123028554256
3
279819768590744130
5
1
1
393720330521170797
416715062844163006
1
2
2
137480983743455373
1
80181552154349443
4
1
7
67633649647565459
1
2
5
105328024090704104
3
6
1
1
84599950576011343
1
5
1
1
4
46911382901903636
1
160991342360280111
3
145078260983704733
18
4
3
1
10
125702645131176814
1
150323104895882602
6
3
123840610076645984
1
148206179625577540
5
132933595585480435
8
15
4
157605086461428641
120482541096401402
12
3
69178116501433457
654856296983433728
1
1
4
2
4
1
2
131758037607553254
94318090152260403
1
1
1
1
182537400216097906
1
1
7
1
558065728913295202
173521570467351992
336513889560107128
1
999999999999999996
2
1
1
185715231539018408
4
6
42047110931767070
75578092563761951
1
1
3
999999999999999992
30897858022018742
209281612585820094
743775030859157726
13793509131470809
1
163241198019832937
1
1
76013127065954730
9
108259382473905795
167138704057459627
309636966674706291
3
2
5
5
1
9
5
81674256634293628
87770351137125469
2
5
211652841194455997
157298108319204410
1
113611292910145290
63696212070708875
1
160130742385528908
7
4
84364433483636238
4
2
1
1
9
1
1
1
308277969143221774
3
4
4
603094791378755086
56432577116632733
1
1
113186839164507887
241842974988490754
1
190034906454139978
11
5
1
27
6
1
392683603995390712
247475528074633044
2
2
7
5
3
6
1
284637075339415948
3
1
2
1
5
1
1
1
725575756726768168
106234707001522065
63481332315943144
1
412174867852822369
6
1
6
7
1
3
1
4
46854270344882145
183349700891541219
121722933240367034
137449380415097348
1
4
1
1
99009434379995028
5
999999999999999996
11
23
1
156083920004362539
514897170265664253
10
1
976290530531812845
1
1
202398332587724444
5
7
38249537141539772
48545146021381193
112805344053595109
213380657834318592
3
1
491225822342759054
204471771510587238
1
999999999999999998
8
7
546258891787586757
3
42251457840080989
1
251574049900568491
9
195939382746660198
1
10
60571932358898420
5
1
4
4
6
310110127024064840
1
1
3
20
6
6
1
98395336269389855
3
1
9506790807374889
8
4
2
75391884795387337
1
1
92672295873994923
82534671242625368
1
3
3
1
1
76383976960153567
160905234825725127
1
329211823661418977
218124156192261711
1
260555061570483774
2
38147841384667084
2
1
1
1
5
1
1
1
1
5
1
2
3
243362529178329325
43965136317714516
2
7
107554227926057221
8
1
3
1
1
1
5
44033264847993266
4
297068917747609694
1
1
22222700193591665
4
127906480127177239
79183331375207173
1
184721879055020177
1
1
1
6
21
2
755682697863712259
346426764577002160
6
1
5
7
11
607933147967341243
188676400803249944
1
1
1
1
1
1
127720083022937434
189327857309684153
5
8
1
8
1
7
3
3
4
4
1
4
1
9
999999999999999999
2
3
84991391495518991
2
3
52
1
235210659070529145
1
141079599947763957
3
1
1
7
120905172448421491
1
856010697384232499
1
95419979436217332
6205989863843649
7
12
1
1
1
1
146964142690378523
3
1
17
144490770889724960
1
1
4
410335887428622226
283708241680680467
3
69196050816332423
4
7
1
1
1
8
74072350918124682
1
1
2
425394981456558469
1
3
1
35570312343830100
217357335878258365
1
144077427421379274
56002132111058017
4
5
6288631879239843
1
1
5
3
3
7
72004605675918366
152598151385117702
1
3627613647567099
66084046197210195
742037706991663103
640926777630826882
6
3
16083368322417771
4
8
1
183803340432452467
2
83178053817249020
6
4
10
1
1
11
93709139665549739
5
4
3
1
24
6
999999999999999998
451460818237060555
88748728081465036
2
139027692981598681
1
1
999999999999999998
3
74714920126346628
6
4
229936838946810700
113841262347571772
1
12
1
916423520306030991
1
111451533368371253
4
384202401512771141
2
8
35371855954597920
1
191613271078055208
8
999999999999999995
10
7
165733895902661848
51373339021762915
210166867882331469
107994443531022708
3
1
4
3
1
434732962439143079
1
1
110411780610408132
257929121059264381
4
1
3
16142239048561796
3
4
113767110569518506
1
935301511911698291
4
1
9
4
21012737476526407
1
5
1
1
4
1
6
113799326635632850
440219302534415053
1
1
531498843796900667
1
19
3
9
109812003478816244
61168410963231928
1
269459749191415798
1
129683635907256627
4
1
1
1
132177842522137103
2
1
103542592336672740
1
18917866806869992
1
5
1
999999999999999997
385673178017802612
1
4
6
214169491423277196
25
1
6
1
310891196086883859
1
1
1
2
2
169196520738138913
111291266054043973
161860216421034827
6
1
3
2
3
627863265346177317
99680117635018047
1
135348402374892426
1
3
75420883191260678
2
382195291634545107
323668254175806199
89737621307726195
155305448293269151
132032951759209665
173876169342728841
3
5
26346157231576281
356301863207069724
63337615232674280
98862896721237664
1000000000000000001
96890296591762634
1
2
311947437280010529
75574128242824921
3
61368924282450262
89402773871170586
162655055441191221
3
1
286338783167246323
3
6
8
2
136069305438690577
156643412562907935
4
103223060466930659
370801388012641107
5
1
4
1
257422585091775231
2
4
6
246396813417364137
2
1
1
1
1
1
1
1
64105204240371066
27
234253214041004954
3
43106539175529379
6
3
5
1
3
4
4
11
6
5
1
1
7
2
1
80073692971888451
994162012829171789
79046955691921630
354529454777400508
2
58823518801822411
731776838112757369
1
440313149276632124
711579006076903123
1
1
1
4
355269615133116280
202130151736422136
1
106333360559880773
15
6
1
36721924339369170
1
3
1853376603101140
5
11627968065730910
144609020345757432
5212637185062393
5
30708995320336644
5
1
457819940748968407
1
14
1
54789658482045886
5
4
4
3
135206551553037644
2
1
2
1
2
162951170816929441
5
1
1
6
1
1
8
1
1
95267205107803459
6
8
8
1
70671967104006627
3
1
1
1
1
6
1
5
385518155141711281
72622884826199096
144839151879976306
2
282360100308196857
156703022919289703
10
47425163472564214
1
1
93818052449715277
137163255158454924
3
81164743396030362
33
15809681288640620
5
102841031900625499
62552526650600016
2
1
104724522449642266
119298652832818250
1
9
73632576201290786
106168579606133496
144460202275922481
6
55620979556998098
5
1
1
4
1
16963312505850336
113062234986273966
4
4
58283205403861075
404141757816140752
531567913961122455
121427298454841573
1
80946942850345565
506950236032114210
8
1
513460419233584606
5
4
9
1
237433066379489962
5
1
61163306704571929
7
3
7
381806835906080078
1
117471850160946124
1
254043211359512956
195528923024999526
144198456857406942
12
1
1
3
17
1
4
5
5
312169991285669848
2
81238554857650116
1
165669834543963795
139374937940096076
1
6
4
1
172787567366867890
4
5
1
1
5
118462724773978232
6
3
158709245940709604
1
659892093188373322
2
16
9
87286414494698277
80535878117991556
1
127138260722105593
1
4
3
138088130625492649
122098355635462341
236055215246060875
1
77864134128619202
3
3
188286332026454146
1
4
3
1
1
522335308937927851
1
5
1
8
4
1
4
1
157908979823711366
1
7
121241054276751917
10
1
246802445987501001
1
2
1
140922768927238812
8
1
4
166333041504475446
45919702074883121
245833087317325594
139540505133758925
1
74514551421320709
1
1
1
18
4
5
201471544525367700
2
61894788167344292
8
1
5
144047912275336810
1
79120893600713655
4
1
2
19692674654862413
154301566064316930
8
1
1
14
5
1
1
1
63951102147927849
1
697102784093881313
2
6
1
106988361100948180
7
416030056791901522
3
1
1
2
1
2
1
5
7
1
3
195757568991605263
2
39280458968382062
1
8
1
248919244170003082
1
169206875592068031
7
165961855258319311
5
11
3
4
5
3
1
287593091371031503
192446811308211957
3
1
2
528175016764263689
115882464115712995
967655878112513288
90714205998334175
1
4
1
253385765882910117
3
166861410528076143
6
4
92641068783471217
5
183633197934296796
4
1
1
1
1
1
1
5
1
1
2
5
1
160377440149598493
4
1
2
161023929312771589
3
50510928521073962
6
190995104248169655
91208368761516486
7
4
1
57425256983877757
5
455299017904425749
4
3
1
2
4
71351097517197571
274150657475846129
141235896850269359
117118547854783283
7
119276503265870721
6
1
5
3
4
544987798849629966
2
1
4
4
11
81444188456333181
1
88813086115528203
229856140968335993
331301818737727921
1
1
1
1
8
4
328963768650643209
7
1
22
8
55061551692251017
59231740042126367
111672402844521876
1
38200974215457141
2
164206660133362442
1
3
402108658571856756
1
231712392943005650
3
10
1
7
334633282656810885
1
1
1
1
360769533354131186
6
4
109387786853606136
275078486140026715
1
100510612126723859
1
372893704844478624
3
4
9
214329057201138641
196257711027331660
65275961456067684
190857946268650880
1
2
152015202699215208
3
1
60
1
1
3
95822465835573077
1
1
1
1
5
6
1
405589138890304287
403721163192168855
5
36373100559485604
4
64664125187343818
4
6
5
43522266340049915
1
5
5
1
1
149507760929315588
1
118930486948984436
4
6
1
4
95653409239063138
253902618332499478
1
3
228338780050624061
2
81804081708301532
6
1
11
1
38280591629156075
155013737535562015
7
69292577548246390
1
2
1
1
19760991983964105
4
169372992175861569
20
7
4
4
171632148411510615
1
1
4
8
118161175838510370
192646374068423848
1
467313610930327258
15
58087109895562845
20806259603724044
3
9
4
1
117922793078485217
3
156785789443524234
1
208112427423443493
42001347326192198
1
4
544819734992481096
2
2
115158252044004581
5
135194202347685643
109480052064724990
1
1
3
257486319783196650
159030619585053176
156336725206235302
11
5
454912175030814496
51603188244260440
1
1
143739317155551385
1
1
1
1
73
1
163355783164116763
4
5
1
3
2
28750259887878245
128420228030997951
1
40892847446020355
85910266521539356
2
7
5
1
3
232190214332765252
1
9
4
330738938492605566
216447680133087960
6
106739989700816303
4
34875631619165469
289454234481132847
5
115772519504530652
471808327991541683
300696795562109514
5
7
1
1
475260801499022715
1
59630421470700532
4
189231106988584095
7
134593883971705257
5
245696635522577572
105441958200430975
1
8
7
1
5
5
161440985588120708
107565318811266890
4
503041504674909348
1
3
2
364079691019753041
1
4
88700974861020187
1
1
4
1
5
4
90637773588432998
128362560680920665
3
5
1
4
1
59469472160294101
1
193731894098758198
5
1
529430947456137998
1
1
3
569663275156989610
2
6
107365032246970787
3
930772014478855343
188382757264769835
10
68039772198040876
4
1
4
79751409713540847
12
10
171722163416195099
5
1
1
2
1
4
3
8
3
21
8
3
2
72371131519176008
70459573873218631
162882697257843234
32058969947623398
1
4
329876519970840122
510876220245178391
81370643570361598
1
118621777701435671
5
10874571240051114
1
1
1
3
1
1
4
6
1
71772048338858925
51290824865883137
100799372939505578
334557993552683109
4
999999999999999999
5
1
5
132591740458494096
6
4
3
197332990603750143
1000000000000000000
173005635082912929
356999544399914994
1
151218434815145272
8
18
91420029938477136
7
3
25
60210713244185760
2
4
63228020703506713
8
1
1
13
3
6
322852863765127866
162807570524275775
1
1
4
1
121727670771070304
1
87545430915607558
26
220924946562194974
1
1
8
1
6
80454162203320241
30
426376375726953342
150750977960235012
198340337129264389
235831443916017811
17
999999999999999994
999999999999999995
3
94165366406251915
275355399313010377
1
3
8
46772934483661770
3
186038959331979613
1
5
146335345479708167
45906497491970157
1
6
4
950427813076744638
101038619205606541
1
1
47184061860160022
2
849435572101870959
10
1
3
3
5
60020745373519313
1
5
9
1
91010840206819175
135212953830618527
5
129874908958878898
1
7
7
312077400416889615
21
1
1
4
421506261967844023
17
1
2
1
1
4
1473800788946856
6
5
1
150952692596108326
47497668968915140
42199075620686639
1
1
6
1
2
5
5
155292888522962169
1
1
6
293878713977970239
173557451250654377
1
1
5
7
8738956075889129
5
5
327948783617164267
2
11
6
104949027086278607
1
48935514196806528
5
948222160397417533
1
13
9
4
2
126970321111005040
3
1
195600228117789988
2
7
123041412413668054
4
2
1
9
1
1
223304309242604958
2
1
1
116253712644607198
33429366556079693
4
4
1
4
4
165927483546792081
2
6
1
324365964842045923
5
6
451482408441377918
500133175636078132
3
3
333882426422450975
6
6
1
255496545927264318
120238321171359456
7
7
1
81264756201824551
275970983120441047
58244627505821841
4
23860831729298555
567158501569266056
4
101298102381023246
1
4
3
313136604932134767
1
141868281681273762
6
97748474802824942
50787347642023561
1
2
141268516138660050
1
1
240339393828050606
364402423269909535
286493817228303377
7
15
5
79520686087476114
115199486341785256
18944486906861687
1
3
4
5
124906278665314343
1
308295756133790388
1
11
190037237591345460
1
168881553671075686
1
1
1
2
82005947484703401
132440927758391619
200659018391318894
1
65699754616426422
145502220190971683
83239072109824150
5
1
156160117903408107
3
742107916915902631
3
2
18
94204001374966798
5
547969047239495058
161709287882238162
5
298927195637297862
5
1
9
259346660028746571
291282975393068025
3
50005654631684161
1
2
543169978841476083
3
1
141811176039865862
1
682933143862277454
1
4
246099137496808283
266712163847943319
4
2
1
464780743976704357
1
3
5
1
10
5
4
186541366160340969
118096528930303108
78011028630690865
1
1
120042892461546013
172877399602044342
1
1
1
14
6
6
2
1
1
1
999999999999999993
52679747659187444
632502707333003368
1
91208242932692137
111673888799611951
1
1
4
262360484938383759
1
1
3
142008149917856778
5
203680936882018467
1
1
261994149419690267
1
14086096421803369
42
1
3
3
1
56929921751536097
6
1
4
2
4
68311490504386509
5
8
270242329374926575
3
1
1
5
2
6
1
1
7
126935028738837517
3
1
1
6
1
5
1
95176552775212333
1
1
1
1
266710822966258488
11
368590502035411956
1
1
7
5
100234170649249596
15
5
6
108218359214538299
17
1
2
86824135444961704
4
52777375873531054
1
240598740941713755
9
3
5
60286338974751478
73710743919747246
3
154971176434407262
2
2
119753216084558088
10
433209421414147184
5
186936001546054168
260028453353002473
18
2
278911061447994394
2
1
218292847842321136
6
2
51654528375969673
301670549944983420
1
4
6
1
5
1
2
4
1
16
2
512458966867099034
1
6
6
9
9829028879921986
7
131703881170723962
1
1
4
960231829392736682
637519644999689777
1
42158397141817886
3
2
87698385759664307
1
531218168813599254
20
1
423916238236388964
12
36267542096792380
1
530648740633542045
55460776432116341
311672672177716818
1
3
9
85266147810378584
160193542417400720
1
388728533308009923
2
165672290853881302
104293166977642222
424227168961032636
110607166996495356
2
1
95225438573294370
222362399070442341
80412179628059738
97501850202365113
260302151456274485
237651268753901644
88083997263532583
2
232175126763922170
5
1
1
2
1
6
67631296728138497
141244756607678239
1
132709373775594254
222811569768975428
397808333343536096
6
3
5
207940149509654659
2
9
6
4
8
242049095531113739
1
6
1
495517035326218131
1
4
237405304910102296
138988319029371936
7
5
2
392959840000365322
2
6
2
6
70378783567853011
1
7
190258005677331293
2
6
1
4
1
12
3
5
1
68425620978010070
11
1
3
2
1
3
403722718479902661
4
1
2
1
6
6
1
141192772672280118
95758144405413363
1
5
6
68997602430455457
133160120198785539
3
77784447155590909
2
366249395210293092
2
621684646825886953
8
2
756145151344790646
2
1
1
173661738722032640
1
1
2
7
1
8
3
185570856374834643
1
114688539959823864
67665698068990730
24107965871294627
4
101774563286144622
1
1
3
999999999999999996
8
157680707581051688
168619597406562809
144908645011045952
234653833909166575
70226425961225730
4
1
2
5
1
12
1
1
70173184802139992
1
4
148192326621451243
9
1
162683575659955087
1
64260014077244191
1
1
2
6
10
131803066377904793
1
1
1
102557276827475014
1
1
1
241988375499587369
91749180749570778
76272708471672852
123166787733450887
1
4
413396225495134754
5
1
1
234115796715083300
141861418281846116
3
106600700192644099
30286161617296650
1
4
2
3
1
5
3
414213158833375030
1
1
65717176427703661
1
1
3
7
54763461961567401
1
4
4
1
305126962324180719
6
1
5
1
94172686589022201
1
291684034678706537
5
37044316318852004
3
1
3
1
2
39884392640702695
5
1
134866077517839449
102388031598440525
1
1
1
249871463250746993
1
1
13
1
73520208623113771
170491383255378405
45716975103047646
1
8
3
465591953429061892
3
202144903979471285
1
1
1
4
108603518860392186
162668563280557422
3
2
140472389142662611
108145320747555174
113911461429256770
999999999999999996
551354041604314816
1
5
5
1
6
292992054621436117
289445293422973811
2
212166210488917090
225905579198219422
2
5
3
298212809720200137
33313725312670697
1
17
21962729134241258
3
379495259130831679
478741973318110044
35
11
1
1
1
426077465766611669
3
1
3
1
1
111782536112622796
1
8
10
1
1
1
1
246627075786779675
5
1
1
411149087035899490
111031612335018015
1
6
184644230642615433
7
1
1
183891953818861195
2
1
172094802905392027
3
7
4
2
9
1
5
1
2
43602248442059927
1
5
4
50969237979776847
1
4
1
1
1
3
1
1
1
124392830702265917
41205894873026416
5
5
124493128555024108
84984478836057820
95731802781459688
2
4
108066121499407512
12
39560109478073979
7
10
5
99289099034052699
5
1
1
11263954096425796
85475546032846659
2
1
113290702608435473
123762943614399997
699268350151239565
103680783506958364
60313880724294478
40025517712034229
1
4
3
284334383047099722
149557551853355318
449632070129549591
419053904599760917
156130111894833749
3
74747398941105953
105286681947434728
53150376285398774
377293158281230319
4
90352582899205792
26953184944245745
1
53684590428211733
123841059011848101
350930370757496402
304780575671765179
26
451890491841373483
1
1
259666694743538087
311432643237797224
1
2
103716446046543234
1
5
89207792734823954
1
435926026612560047
80871047102557241
1
119665185825607811
493772234590044047
1
6
98810868023870039
1
1
4
1
1
78669967020281182
92434180504299055
360711647874850226
1
7
3
999999999999999992
1
6
3
481020349143025259
1
3
6
717039309372905762
1
1
1
14
1
55743402730108799
83761273528397079
1
10
5
1
9
6
489104278198958666
218617274418317772
105798328802554846
1
1
3
3
6
1
5
8
182490455457327314
1
1
1
80310128521413676
34530956179238853
999999999999999999
428944047158428114
358090634316787615
253294897135948678
1
1
2
9
1
141661836356212915
9
212819209692639062
252510705567770023
4
1
188850121357204537
4
236126700131728891
457988390006665116
9
88686110963344283
1
163446781256893137
4
5
106863134111166454
2
3
2
48472138114705407
4
1
113447594564257814
203941415387987459
45238535014748524
5
138433378773883591
1
161521764755398483
999999999999999999
2
124376048740466174
1
9
3
54343739991087246
1
1
141348747762191057
999999999999999997
100555815308225489
4
103642287585775686
4
51873691168260124
7
9
3
268227352515873536
1
5
299157794642772581
159077567235091855
1
3
370242076771299456
1
2
14
218495578071310814
115097997214632148
6
9
1
98872706348622843
172980920036802119
1
1
88408583420946884
1
1234019160592147
5
5
1
3
318672171868224807
1
4
1
1
616139189832940428
7
114622321654501326
42399635377929925
6
2
1
13
999999999999999995
168980770665512786
1
999999999999999992
5
1
261484833907974703
308244831883853702
1
446197601229377659
4
13
1
1
26
142217948763159691
6
1
1
1
4
6
4
566288801053160941
1
58809145183001916
124618739885874944
129455014564931620
8
232233214140800801
518909166769135065
190723805977615717
3
10
4
146860798061920650
1
691783900644132777
1
1
1
184964712264058198
1
1
21
7
1
1
61869030646590134
160362334053494035
1
5
67636879463154252
139873234591893341
4
7
124781604972394596
93190865600122028
3
5
1
10
2
1
1
1
11790710944288221
10
5
1
94565850961568653
1
339870848737491739
209108303739189812
893655543821089037
364643263946657188
1
1
1
7
1
200906933362751942
1
1
193323124637999941
4
5
6
1
10
6
1
3
1
5
3
1
8
1
3
1
4
3
1
1
1
1
1
159835137236071825
6
40475985190865152
4
102680138352146780
999999999999999997
6
110804822984418265
61945944794422114
9
89297437698323161
1
117040963127913180
8
6
280853005971759787
1
3
1
255154384925159536
1
1
5
4
6
11
93089130979624701
1
649164076649671542
7
6
3
7
1
2
135138153474497480
47
90224278407088493
10223191380968804
1
1
57046211269989846
3
8
6
1
3
1
1
2
10
267909564921765041
1
2
7
167567212117854700
6
951232772111419597
3
227636562564590636
146339178223544250
4
8
267613608388368557
5
9
47543132066748369
5
284699092023818293
2
5
214485686617054733
14986084262441354
1
325999684659215804
254827522365286262
1
6
201187404637998584
6
119410010319974406
999999999999999997
5
1
102400310620453878
4
8
460882872119529324
7
94773847692649486
1
297599080118211206
5
8
5
1
4
392093238493409376
39495665360661007
1
2
1
7
3
1
4
1
5
1
2
139705112901946163
4
1
7
401585758146182314
1
263573227916499781
26935682069090108
514176243795719346
9
1
1
275610515189481910
92300730353846037
57379300540263344
1
2
149425998531162332
48114655947551989
8
89581163305270597
2
1
1
8
1
489258492287952818
6
407016129350844874
9
198782894642849711
1
1
18
4
1
1
1
5
2
201395332404984603
1
3
1
430291434585230890
364130444760268344
111290410268729394
1
4
1
2
388032064734036810
262622936847762331
6
461825136351362709
2
363182898850466118
139377003148808937
7013130050453836
80218176509300458
229028611659338272
1
4
249339687710167345
5
128524766701607940
1
120932661353295069
1
2
1
1
10
2
8
462386886411456905
1
291447822427306373
98639676982404430
1
91175118098015799
1
1
60882084590733901
163980979804987419
9
162634731360577238
131700987404676684
85407559517062712
380337838548878382
1
1
1
1
158585157249971932
1
208263109389475359
1
80554370261882212
1
111798443224652619
1
30
1
1
1
7
2
3
617896532499380185
1
7
192268802565705118
5
1
7
704475946283378433
3
114467017185414179
8
120953442671808527
1
11
340187541807667990
1
1
228321023467528245
5
3
202580019838544060
1
1
1
3
74189291371036884
220955684563301952
6
1
5
68367957880339724
7
284223719598794606
1
1
1
73255531954606146
314995218523171041
2
1
1
8
1
3
16
61647278014842352
186510394847435405
545301357415754280
2
5
10
1
156549613671047688
1
1
1
122187397081515514
3
192285705996868487
1
111209039541322030
4
123669166676877454
15
1
1
78842366299160017
1
9
1
8
1
145659530727289995
1
6
1946331050026218
54589923459254960
458996505632368475
5
1
1
103408919542057144
3
309413911685648658
182942942060659577
173599506536299806
342381967945887686
3
1
711041997973560160
3
2
180189801112729589
373446345741349976
228920629391372300
202035034949671645
189902502127632496
6
1
2
1
7
130757852791304786
10
18
173739442017409302
234452255401390624
129291770980683629
7
149948678479274526
472222188811905277
8
5
5
7
55430344577241627
195996859295355603
1
590123946103503305
1
1862531452899318
4
2
293606539834926280
117392716932644828
107071071181683597
58754568255198210
1
73381872881622065
4
144211317061323227
403821091000556287
4
70209947392162560
1
82178599785777503
145074407776975789
2
343883544604286778
3
310348992794641800
1
101722021451437038
1
77095284064952142
210422993395072087
10
100220756028508694
75869461184756979
236407097843812566
514403174393210995
1
3
171513080214129602
9
138753839246531329
5
4
3
36941570871560482
56601869788016055
2
206813566777623864
3
86096716396321709
4
5
4
1
171410275703042500
1
5
8
7
245247639154238853
262668275000316817
5
1
1
274355692310626943
80983772726993408
1
4
7
205470785479182221
1
3
91011981611271481
76091622259055835
1
3
215266880687045704
2
7
5
9
55233395106635829
483008063741088202
2
1
163880748675578899
79369357101464435
4
93414248761648013
120424676895132150
999999999999999992
3
10
39963319486350658
14
111623006241555676
470974220552569555
11
1
75081587513054847
1
1
9
1
1
155214885769592309
3
4
267074850934696363
1
54006409171324602
90134178393900856
533258681195849152
5
3
4
232492780613460880
359750359901083692
7
8
86373438466003095
121726718063561780
1
651513934484502828
1
4
5
1
5
431420992838801759
1
11
7
139677251085244418
99333278928529430
4
5
5
88297428442452434
3
5
1
159366568069194858
7
59208725054391482
5
7
6
96093938605776738
5
1
120196977629056332
8
3
5
1
281495153641089603
1
4
180551813375679908
1
1
1
5
110907317965623976
1
5
140079840330909748
1
1
243534436935670115
66219125083618500
1
1
201843741070928567
126649769811681637
298342321997114470
4
1
24
94035632369745120
767325894761454858
307981306892280328
1
2
5
245673460497895143
231418084551493286
1
1
5
1
1000000000000000001
1
67
511290120454340011
1
3
41435893006124483
1
3
8
8
10
81725512984819117
4
1
435887563620109486
178176890689049848
95080224724338321
2
1
5
74762202918896305
162505642436263963
1
181908113900925125
1
1
4
1
15
84116065497638080
93970889641573653
1
1
1
3
91595417177985963
76893029426187816
1
1
27252552413499810
1
3
4
5
28514453765244400
309143593334120156
80294822306151866
1
17
1
9
205509214030277804
1
55894186639353488
147875712043892511
223998016975638579
103716472496380647
129936769204590528
5
3
352939489506168447
112344283049149971
1
1
1
57409599147967642
4
92083754237118756
135849321080345906
216892035542992531
106807444335896064
89878060934396976
1
2
499483037512927282
194868419341833702
8
222770013486756662
2
1
7
1
1
6
1
8
6
1
16
1
5
5
126973820550619310
111881876148878598
1
4
130906649189088903
408504281214237592
1
177791752420671539
1
1
5
1
270154544737332976
448046276195659425
3
928412338346587378
22657149148761876
11
5
7
1
4
3
138369384944512202
5
470901974388947291
1
273987815620248381
3
84978659732726745
4
3
162991110011231867
1
1
1
2
406268919552026200
2
8
2
274606106836546554
2
1
5
184260141106528202
97991370289757099
46874180508256892
4
182234769119003060
84703951097885516
87544696762426109
1
106670733744006147
523331501201006026
159389354644778398
78822313922842780
1
1
1
1
277139269252788902
5
87368190191313934
89432390051970614
11
166705711617053127
134918073090204817
1
1
118369173827212024
5
1
211895407202460362
2
4
457919732671684578
108447217914410402
6
7
4
3
131317061917402478
1
6
1
115555717471294363
43767296788910847
5
1
5
2
4
5
1
415816735835467278
198613458967571887
4
172592782285369953
2
4
298156049319925516
1
1
1
180965564933837240
1
56107465705256251
2
325846347866654751
342852223721619647
24
311176980941401585
4
487954016190537465
59201477747995879
1
1
293095893000937394
334789219636608620
8
2
1
5
4
1
168362625501785271
134016591573187181
1
292607473113571622
112937055333621104
15020565142328978
999932263149085374
365425850999908973
4
885638848417768757
197102312447796092
48437399237683523
4
1
5
9
287405320310072761
380014305353103046
1
177367556314648959
6
658400242712755117
102071616347207801
1
206970878052916784
7
4
1
2
3
187023179133372771
1
1
18812539194309697
1
1
8
130433059561298764
29162622837189520
1
1
3
251207821980851840
2
1
182942846239558424
9
999999999999999992
750923283570256726
1
5
1
90282687094890351
1
250670909109055022
25949407209013142
1
1
8
772505470970904284
999999999999999999
1
62090318159827944
1
1
8
143538767923590812
24
1
1
