1000000000000000001
27
13
10
13
10
109543362423201
13
12
80632160980336903
1
1
4
1
1
15
1
2
109098989202011386
128267603866563978
1
2
462156935061238166
2
62379404932624208
1
1
3
3
170744577382746267
1
1
118927202646834216
5
89099960374100403
609573778477881275
1
6
9
171889810978175497
999999999999999999
326931039971173890
1
125240413696166734
1
1
1
635820474085291708
5
1
1
55116207306523096
1
6
240889477299916877
11
1
108050979080451915
1
1
4
5
1
1
1
69394456214471287
20
10
4
77318922374806689
8
1
1
5
11
134727492220424609
10
8
1
241387710072364563
1
96792306755323464
1
1
88783379873342921
1
7
146125546602269872
127876922364089176
1
1
1
37842826024961526
2
192008974685181516
5
2
305671367353598640
190628125259197851
181654884207768814
1
1
68787857580848259
194196763326070131
148212531926704575
1
1
4
96920832408850304
1
3
7
1
1
1
1
1
85520916175073166
5
1
5
1
109383832639667561
4
13
6
176773884245197836
15
132316210434008224
51000941667993974
5
132744749043022160
127232711393342348
1
6
2
3
261597181700474817
49548245766574580
9
10
5
3
5
1
1
106024975703125821
5
111542532102739750
2
224182523118252981
76343503146011803
1
161351602031539584
1
5
1
5
10
5
9
6
15732806044742981
449595868056421168
4
1
1
1
1
317457969379860824
1
1
5
387031662558959085
1
10
183725912631162013
4
1
195313932125456588
11
48185259551077714
4
1
5
1
1
2
1
5
3
832438196599091858
4
25257421323537750
4
7
130002332938019748
5
1
37715569550471960
180716356872067347
4
98903517235042582
7
5
1
1
1
58321310123099130
6
1
4
254433137901338409
1000000000000000000
1
999999999999999992
6
7
370786979862665136
1
176439222333654092
1
4
3
1
1
1
1
112016873688498556
2
5
1
1
1
108701371973788400
210683227135090238
1
6
4
7
7
295970769558138217
1
517375388310147402
6
1
1
49960292782888815
172851975850753864
7
357001272280007852
3
4
2
1
223060357784467064
6
1
1
103209430707983321
4
249700639219923082
66032428973984177
3
1
1
3
1
11
5
83138935673984497
146016518502332391
5
114785024709297128
536111441755737240
331617681133214496
4
208978800958950537
1
222201072726721545
1
1
1
1
5
142627043570522212
224118558071831864
94272790998387319
3
10
221038853635734292
176334583004654618
132653064323240787
523697918885175447
152734045802717058
1
1
3
3
999999999999999996
306663693398103386
6
178046301571503066
1
33331668716335424
313275413880677648
108325132199770833
1
1
1
834390416664230371
2
1
4
9
127972324115858276
6
36
20
9
8
3
1
6
5
7
1
7
3
56437573430571801
7
1
4
7
1
314675400864190381
157838423416166433
124738712324855545
5
87817088330654445
502567568339371050
1
14
36785969416334856
1
1
121973581897298596
1
208809917514323772
5
1
376853724884044597
6
67391042759715260
9
90078184852395586
1
6
1
75147923167815531
5
1
315677009451789327
1
1
4
5
8
1
42
1
1
375069204829857319
225344480773750884
299321981855018010
1
1
20
96967086131900017
6
2
10
10
93148655009277181
7
1
220582022785258458
1
1
1
1
65851451867937643
1
10
5
120489626741594853
1
245125759296132433
1
7
9
1
1
3
144936370844468301
1
1
1
122946832573234830
292558603149191644
6
1
1
999999999999999997
136743657525427615
123253576335736801
427395423886872996
1
1
298138193227230090
7
1
1
1
272420458543465503
1
5
3
244741350434948962
1
4
2
447895236299326644
1
8
1
48976591825833049
8831099160256299
6
200304577523222317
141139935641128125
13818217376980001
1
239395633060150440
9
1
1
1
3
227665788061432728
1
4
227777539841242171
621187412887348893
69547634314898314
3
1
1
2
5
5
1
189984197030654997
1
1
5
1
587225808480849311
1
6
4
1
3
423247290330977572
4
230148608850341360
1
1
5
1
142664672553548090
13
3
186062170394018629
123387222400630560
13
335640158009100824
1
1
1
6
1
1
1
11
408094915501512511
11
5
71388447094055749
140142356647402588
9
2
1
1
6
106979811058983268
1
8
54444679654965699
75098074558040581
498424459071679723
112590918183192902
1
386273151520723670
9
1
6
1
103197690400666143
1
12
302878757500227936
2
438456156434204570
9
1
4
14
7
999999999999999999
8
58046125183918569
1
1
1
278007893018711600
473480203384849402
694561789934622172
4
3
1
1
1
3
231283226881208192
3
4
82209976037974552
1
128268085449731089
1000000000000000000
686243006021369443
52460687267040287
361194196979448626
1
1
1
1
63592879261369493
1
44329978536837806
10
340604453192380733
6
999999999999999999
1
9
3
1
3
1
1
1
127269599574416102
3
237627569073863192
5
195259887897301081
164989804272488767
5
38851538475871296
9
167945688361932607
323962290448565931
1
7
101214189275215803
70310000019406707
1
1
3
346906094932360266
111196313412842293
1
265060647943723784
5
2
1
189476657529246499
2
190367632879227154
266258829554616920
460567638603693147
317067431171467197
1
4
7
2
421140207950187079
4
7
2
3
1
3
181455582167425209
9
1
41879452574540050
2
1
1
1
1
8346282554371572
1
15
226145253807670822
1
387580744553533142
111573366364343509
213566688065526800
3
213604126203018650
6
1
3
5
245056813044695346
1
3
4
1
11
1
8
1
1
271816343905838170
32181927262641806
9
1
1
5
8
1
1
1
179596329952282227
7
2
1
72694165196316790
5
1
1
639735715780489417
1
82975002074101415
1000000000000000000
1
424765185851459000
48077015799992666
6
3
3
3
3
8
42183716673952704
750133683634398074
54479726291417963
253455602566946725
1
725633097057468797
3
5
80
3
1
2
4
123289315995401220
49
3
177169911061683171
15
84535875121822191
1
8
2
7
355770238341489540
111415294608682594
45720893778472691
253276118163523577
3
84583709557723739
168592382998366598
1
3
4
1
1
4
186374689373657245
2
999999999999999993
4
10
7
14149448757774474
3
214900561585126330
1
1
2
1
12
119967412178004860
1
1
12
1
4
4
65774092708670192
1
264427162241085473
4
38015588458653393
174669907083621769
1
9
372028491785278391
1
1
1
1
355831466033308040
66257792463956031
7
28294140047838912
209472849347944663
1
1
268115068801877105
1
113492728234867208
232731438236560589
117661086835225474
5
1
3
4
1
92606882084845184
75988289771481674
92802404081059233
1
5
59687125614950811
1
1
245638551415069910
4
999999999999999993
6
19167326842543312
3
76311155046688039
1
1
275801652628252308
144620802700944203
1
467108656442250850
67879812644800643
3
12
73911367559391105
191827662899335541
1
4
185063444648240164
702603549414626049
7
3
1
13
986617959727947851
4
1
113167208724541396
1
3
36726928542434143
57995988054083958
4
1
1
378239071877061235
5
1
1
1
14
7
3
4
95165290896786926
245392960845929056
116828114530418968
1
1
86113423288040145
1
149241783979711382
720941910206514298
171203214116229816
334526240355936973
3
6
70952185645097003
1
1
94257327263114990
234098013957300324
999999999999999993
3
5
1
4
150368400245281023
1
12
132476173593670110
3
3
4
1
1
1
180099621004854548
4
3
90071212449369367
1
206626337695117358
332188502579317565
1
5
204405561806376914
129303905028433242
1
13
96754699520045618
42918567675116454
81997047646342386
383220590368220180
1
4
326986063512368617
1
5
1
1
3
196399255690451270
187720103146671510
1
451734087710227277
113655787819646018
1
1
24
81112375022328975
3
3
5
5
1
1
3
1
1
9
37646189975863156
7
7
1
4
6
1
8
1
113004772083586669
134337173683527465
5
1
1
9
2
471565798152908328
1
257298951988274277
35666570218767618
162508145932267230
301577924710867964
1
313743106332289430
58106301015160469
2
1
144833531831129731
1
1
4
106117800756472944
3
213812862414113212
191273212246781324
133221544253052369
51848803491227709
1
10
296325719416474029
107341268544109959
181270442907753717
154673551884790320
78960922412764169
94883327182350168
170090858045203025
119017008657859475
119355466014204072
185466563240534570
81
3
50969218280560461
88679663775256013
4
3
154430236369962916
1
93675207967033917
999999999999999996
1
560270502505736990
2
1
1
4
1
4
1
6
5
3
2
395879424207606526
1
1
1
214717913520992626
629073543814540948
1
2
212696339977279801
237687110825606423
1
380720114984129566
5
1
206730458157982948
97894617625776032
46
343318329926850087
1
1
10
6
22554488244321851
1
1
462053894280652442
2
49676490911636161
3
226481115283200192
999999999999999998
4
10
4
85206448986535412
1
4
1
999999999999999999
286480769036751245
4
1
1
1
296022418605684395
112483501025043967
5
4
294252082554689567
81597140080547920
1
1
1
9
9
238401023700327344
4
65770652669406937
5
328826728395734440
1
328311142141104576
383288293396841525
2
1
250945651205122129
1
173109886729664037
1
4
1
68493622361756314
5
63814240310401732
1
1
104017210452568539
5
1
1
6
7
8
264054182706779184
1
102553022121298178
238569936349079469
119048892216814514
183205023248487893
69808565432929983
1
3
19
12
1
185811235649282407
2
1
222064072854305230
4
1
1
1
1
94035015301783010
181012416568309999
71853813990609163
5
178015985482939073
283971557650911636
146777979162325630
999999999999999994
24034628550966785
64515300038867971
1
63399492811579773
7
5
1
1
107195690958720837
121684142827400666
1
4
1
179129319921147339
1
98613293810942064
1
7
1
407866715168075884
4
3
2
1
7
1
224537018912621645
1
412311948928950043
1
90829124393975429
1
2041804711059744
1
251463307165536047
81767768857952670
1
1
90967567512575955
3
3
2
1
1
1
75752769551656759
1
37774820436369386
3
3
6
1
3
1
22519871421321275
1
2
201224742763868168
6
8
147283475781626391
2
1
191908245401380216
6811073558460116
93550299069993332
1
479213804060481429
1
1
2
37902966113499835
9
1
12
1
193698597880143190
1
207254446950250465
5
118311254312206733
6
2
1
1
79976735320562541
140521202328720209
2
29062858411838694
211350754777541989
249215045884906483
10
401932315757841138
104598105072008198
1
422577341203001714
5
1
100125201391843941
3
131943966073090951
82488329448023447
4
2
3
214663465499431689
6
18457941564623995
5
3
3
116134925866466946
2
1
3
1
7
76448324900830581
1
441339149786046475
1
1
122148846647344308
4
342776147243905191
3
431057177732174292
2
6
1
4
404689549558313490
1
2
1
113341812069445361
2
16
4
1
4
93210768740609421
5
131298556193965424
178965174807502264
1
5
1
86636054588457138
133007632179878912
3
5
1
1
128422994474348178
132743596143181178
40884454292016453
1
12
362101494430614300
195504661064493541
197988520434374837
4
5
6
37908458475685761
57412034719418478
1
155218943740532981
999999999999999992
51220569378719976
210480643618583003
5
4
1
548767924291505906
4
514979925639070907
6
179477281954761387
1
1
1
7
144232762185348435
6
1
5
27318587148753471
6
54889122606156110
1
134939064794265072
4
97361569830933985
1
2
3
1
7
2
904025704584299932
5
1
1
95245233275962445
13
3
188558070209566660
78136495877042058
4
1
114520403429218717
429909784978862941
1
3
1
4
83572776922639421
6
1
101260328705656491
213120177998888012
1
11
1
180947078778946177
1
5
623695160260043391
61398707601721287
1
186051964598152498
69912010828168383
110747966903042308
7
255295213776232334
1
113649202028832089
2
164900292641688771
150812255414032708
7
999999999999999997
27
61500597653950779
3
554991265080055687
1
93006771256050901
1
1
2
1
132392097321094410
2
30898573779331137
738155983195235302
10
1
1
320965215969280137
2
90739722086364210
157128517879756509
1
194003918751530020
5
1
3
1
12
190225050746472385
1
3
4
9
1
368120754952780416
8
503010812807705162
1
354136302658995687
5
5
77975372704312166
1000000000000000001
88361203785721905
5
1
75930975801652802
5
95059012754263001
1
2
415627708789327067
1
3
2
1
6
83131383635007047
1
83854829966495942
111226688062188062
4
53600381724317004
8
198699860445034316
3
4
1
84971023128658255
1
88487595383024911
4
172460296961467551
2
4
6
10
11
2
3
338721506836784231
1
123555041008760488
1
133657557867263525
14416768879253531
1
1
1
136226058223653025
1
5
9
1
120744182601904471
6
4
117749212217994916
1
8
751753387447428511
1
1
3
1
66658277675961577
3
5
1
1
1
7
1
80629404440691635
5
404915048405718674
1
114223000248999339
4
58404501540087299
108516893679883332
1
133468882043654628
3
1
240532237261102958
77918560220789825
138424769597636514
6
2
274380921286871621
1
538746377639904350
271479383148192330
359759676070728297
1
1
225024476688670770
4
342737842088507130
1
1
13806583459923167
263182230700717802
71548375925406441
5
176379302564120167
1
2
2
1
359583884667013104
1
207714267715531993
4
999999999999999997
1
18
1
10
1
1
3
281634732725523935
87336295373926890
1
95870697031629036
4
274231828247785480
1
1
105244797620266020
4
4
1
5
1
1
341168743506800922
4
341026669856345452
2
1
209533762437673607
398936072646704589
374902125530976234
66611237674470245
190849399040392740
4
15
3
7
482801146837107486
104627021464603776
53457025290076039
155712338544422754
133767374439809707
349307748656112205
56496088614407732
1
1
7
4
1
1
1
5
1
2
7
1
47288449504265066
102856744268845559
4
1
1
1
12
11
72409308076296286
1
1
1
816417163428839419
4
78569556836538558
62496557362828715
6
1
1
239509926997160734
678070268840937207
1
3
95479191694495383
243427933312153129
1
328235587384458075
6
127697158940689685
1
8
244362690574503463
4
2
208913407196897188
1
1
219655669134810740
87257936942054708
3
4
368620723679904441
333315139510023441
566882484778494192
10
4
87392156599393736
6
121546749656485050
6
46000222776200360
7
5
2
77938516664060040
2
345590193397416800
325500832120927035
1
249650573481184339
5
137641596434626834
1
1
6
318777775350242709
7
11
1
21
1
11
238359571301155054
15323729938775462
5
3
471559789589996190
1
6
4
7
48925922656988247
100629152728651020
1
113815306125031765
1
10
3
171943453978544729
534874482101990701
256127989755588401
4
193829329530678694
1
2
235339400415030370
4
4
94553953223702583
1
140478809421808875
4
67976670702329168
2
113933784174557604
1
190005870996924919
3
7
96541194647727401
168770165280737105
4
1
165444940389669973
6
1
138975083859173401
7
231635616762072539
1
3
45927542446610862
312693096987131623
1
7
1
481844687542230599
7
1
178410882754659375
2
3
44925010412667172
76649784528889436
356382294252526319
6
8
125295473760154098
1
2
142990152881014106
2
5
1
3
91272928600643935
1
3
20
1
7
4
3
1
30002182061499181
29964921828125938
167740561642428529
1
46771646263370892
1
1
3
148659435885539062
8
1
3
1
1
1
1
5
1
6
234886094290347195
1
451182492340802415
1
60782820673828279
5
1
6
176662299381928237
1
362600700129082085
77355739043325374
176234824663145984
9
12
4
190830531409779158
1
1
4
43841499930379180
44
474179515002273274
1
1
4
15
2
208509837834617490
172352137337133613
366791394366049407
162227718360357231
3
115987624711612984
123607647654601297
51444806065804976
349878347336874778
4
36
2
2
1
1
3
212577935880818878
1
217009281169551083
5
3
1
1
4
1
2545251007690642
144079356926238882
2
3
8
132571188279665856
57877870586899871
1
1
28054204519245426
159136878599229997
378860585838825169
1
157189101394396358
7
1
4
4
62754324970925491
3
1
3
2
1
431670448368485244
1
2
1
2
2
144019609308517545
1
1
10
3
1
219641852920060980
1
141261742032619679
56244506814150710
7
5
1
86699498163161837
1
1
58921781166085436
133868068957227042
3
27021769589769918
11
185812291137581193
1
1
1
81199806981750045
999999999999999996
352407653307679425
405289045773536872
3
1
1
88433852385866809
1
129355281175666589
467611725313034738
1
3
2
1
361100772152439111
8
1000000000000000001
1
3
1
351044144820044159
376934073328283946
6
1
1
370588957331322169
2
1
5
1
141890233157886150
999999999999999999
378509891819152620
1
105624348690701569
1
3
1
292987749717348501
5
1
263971920285285111
1
9
1
325142005677915093
3
1
3
1
184915122615985235
1
1
286479809174680607
13
2
55857445574527041
1
17
1
1
9
1
51280598693802311
93411032769203950
268171692173531146
9
4
12
5
1
110998887637744042
7
2
24
56599161869220114
142348771385942238
1
1
2
154426844398456587
1
3
68214311335397038
128822837361694482
1
18
5
7
1
4
262595443021509016
273713710854880062
192795600821223805
1
1
3
1
1
114488055421715441
1
3
5
4
6
86286532452247040
1
115739705040883371
172996044560808883
88189833478085101
4
101479245600964002
9
1
735672812436109613
713425104486949466
44366768624384395
174844301610828184
3
245054005298028631
124552847578620349
5
2
4
200050633021439109
1
69667975385459394
1
262643697631097610
1
2
1
1
4
1
5
3
202281266969531464
10
1
1
1
7
3
1
97763574145155306
65588840454414813
50077033865608724
1
6
8
1
3
3
164999441297258104
1
5
1
1
344355753872809438
137967937366932263
1
4
1
6
1
141399999821982555
1
35888889347728421
1
126440355264373758
298452802065576506
1
3
295358213125371202
3
1
6
1
65961911106132329
3
1
1
144775312359959476
279543646028814384
3
3
3
118744641362643987
102679241201046301
99820014878871618
4
8
6
6
999999999999999997
438283583498123915
58447869784988402
1
1
1
1
3
1
185859763492694114
47901771213955314
5
6
324746020191505385
6
138089878975451977
204432369838088601
5
12
1
75988274782993111
3
448642508967833510
261551163377601998
434213087253977989
8
999999999999999999
61793616205595914
1
139117558974499262
87384090743638232
1
8395801473940127
140937380937177140
130883515792009260
1
339841669691610925
1
1
121308335380346317
8
1
1
117912875193875029
4
6
1
77389899708924501
2
5
6
155919838717967510
1
1
4
1
1
244204670918315582
4
1
2
1
1
2
797630538715601115
3
172961260279834787
3
29
1
338251539421281278
139981683641336696
314809973964146407
1
1
3
181706432517420220
999999999999999993
165351719617650369
141767088301597847
2
2
1
25
81759663043402407
1
92081042385803812
7
1
6
2
2
1
6
3
1
97122629563120001
7
1
125310987536082162
8
1
591492749678401337
3
1
1
5
2
1
999999999999999999
236902247530855906
1
193097454809952381
85593635103635728
1
5
673660945963625082
8
3
7
4
105094719288288701
1
1
1000000000000000001
79657557943115398
114997378715686856
116289671922658184
133977833403450523
1
52649266748560165
10
4
3
122152241432329158
4
199594765309692739
3
9
2
1
1
1
1
167446419479489496
3
69147126751111001
445980499379626926
1
2
6
5
13
1
7
16
1
3
1
3
60564273153726620
4
1
999999999999999992
49086288546312682
64455537136020947
6
6
1
1
1
512868282274909172
3
1
4
3
80329868884870865
126958698573677270
2
1
1000000000000000000
6
92248339946108577
228253965869029281
123627209019261802
55069976246198023
9
1
252465305048724613
108850011310089765
1
128589809906842961
66089840331878558
1
391969324626866510
159700796933308762
155389362550688866
3
4
232772506731651982
1
2
8
1
47090988047039060
70107078680491962
78146764548136201
162180551449677249
1
36114983400138952
1
1
1
77870443370372624
148785755836948056
78037391602985591
275629596417323968
1
319799955019949028
3
2
1
4
6
3
4
206962143468538230
105736371348560903
216301242260123800
3
268976333847036618
13
165010094011715990
1
130966127406465449
172195997555782895
115160609701323965
1
360860719623868554
27
6
1
1
1
4
295936871324979555
6
2
118260118574436920
91946564923098260
235816717187795861
1
78112617244216195
195786641017759408
4
172331641425026892
86920986981621608
2
311888548332607703
47284387887292335
108056300661448827
24714228349853954
1
1
4
175685754929599332
15937609070859658
15
158459236573349601
93293117731338051
6324430752888757
172878815388514326
3
3
2
1
1
1
1
1
14
93661506186776992
4
1
50111115279136064
6
56060138448363474
360211148592990033
3
4
7
1
28
74350644328394639
10
4
4
127986047835651246
1
5
6
116446660408692635
1
160045990152890508
6
1
590942385465522578
5
9
35015610851217885
262620080570043546
2
78855978698640839
272894111068900269
9
6
1
5
9
7
492650112669522025
7
3
1
1
1
9
1
8
602979866114526158
8
9
7
3
8
1
25
3
142140174694289180
1
1
71462312230100409
3
5
1
1
1
1
532207250411356600
123432553022949833
1
2
87378993036480690
47781673116699646
1
275167160766604060
8
240453153917825919
1
74178795682661065
1
273515854144052099
3
65472373814002496
1
87225966737164735
1
999999999999999995
265606087109112067
259450101206181767
169277300055850838
189097217285548541
1
140311938275212588
74993465890850038
1
20095684111110834
5
1
46015827578137386
2
108631523979454415
197237264340798532
100565401481230734
72119734123605182
11
1
3
4
169770985394730691
36651677001407550
244594878948578846
1
1
2
189871151562776434
17
5
364367673508341400
6
49698305129317812
11
163505824336366628
30876942076993642
9
6
1
344784847496390878
7
175078183985402971
88678644160380616
5
290702056825876504
5
173977458896444170
1
9
3
11
2
5
197530230305245675
184317090140459744
4
6
1
1
4
6
3
187091796564390236
23915325840760423
1
1
1
225190371938728506
242797689421104680
90444186087090603
4
1
13106440153301590
1
2
1
4
161721664764670364
5
3
883583034263642820
2
4
5
5
3
5
122045394084302618
1
1
131478270874609529
5
6
3
7
1
155583631376894524
23
102592500675786998
1
175161473365320199
1
97102864291721171
4
83703402607680096
47126555945550348
3
156478892663409811
3
1
160487501236403017
6
7
121543462969879096
65625094355157232
1
5
1
91026494204989743
234134645486046026
212170658875252553
181647037944382968
1
465121898795131293
2
89714829411661942
245516321313054224
6
187144512192314161
421857075341022553
4
1
1
43999392374919112
26064790152970145
134215008201798489
6
7
6
558834274456438144
9
5
28124951767563576
65932716802087112
1
6760330339881988
58822248356233201
116184763202300729
265299539570558925
1
3
163835193794561916
1
5
1
1
2
78234547546611288
5
8
7
5
224846439965036729
1
1
158634626859513005
289702757810465343
6
128569642937950465
3
160467292437772090
16
23569897403487796
7
183991638856913027
149249759617129590
2
4
118460017142970900
174278320958118103
6
5
272189484059492369
1
174841947507521586
4
181433574522886781
432571354236041012
171485928009493612
301373397278182077
1
68205494236582970
1
4
274356776156239283
7
1
1
60610111126883253
478000746782842682
1
475283010290776715
113237648278101994
6
1
366196487350245904
13
1
15
275743765533561955
398170069149104541
138510487559077858
1
187710231797212788
147960058476956931
2
74489265349158381
1
130695272844034236
247882216535803417
1
1
198170929592401649
1
224546612565235468
1
677145429070220095
6
4
9
3
1
615698039308721962
1
1
8
55324064852636365
2
15
3
9
369127095523315249
10
6
87340658198110942
1
6
1
1
6
1
7
27
372670306017450176
6
186835052629688346
394257179961392757
1
1
5
97651804879650312
1
251731570942656103
1
2
3
1
8
153727710559501381
1
2
163222198340104751
1
1
65029123971210160
1
268328966168202678
1
1
169169092464789597
82481455126751461
1
1
6
69220354082598466
1
1
90970226312228557
7
22
9
94945176612363096
116632706949656123
1
20
295948469471616964
5
286871641048720728
1
6
92810154634895891
1
5
67755358518135400
1
11
5
213231837234631636
1
1
10
138994851310655868
6
6
158716896404309167
107977347223261812
110003712774449893
1
126035325706408632
12
2
114357097499396845
217226174594446414
1
1
1
1
1
1
188949485390726514
1
133829372137972176
215653621572581567
1
1
56503883178446113
79458678417097921
4
3
1
3
2
1
16
1
1
1
3
1
272127892513269891
8
2
1
1
115267241727493901
64340633875294801
84981248966009176
154233801535588685
107909522636727077
1
1
4
1
1
529956321564384302
1
1
1
51062642085245269
14
1
114609695379657897
5
135030853156582678
170806560663480895
1
2
1
298903539142612241
1
24583990696505839
205512945671973163
10
50919464295004254
316493297994431920
5
5
5
6
249119571071426235
1
1
3
1
6
1
4
5
134960830878214507
1
1
1
1
7
1
1
849810528968363892
2
348566552829938240
1
1
292205719930450059
1
215906264527876710
5
5
414860386636957532
4
12
5
128910274299061888
3
233964130912253442
109617683768500729
243738622875266560
68284889100281013
1
1
4
4
1
256028974086142559
106021727471507955
1
15
177603766845954904
75877176546619505
18
180820435071933651
5
30948911182743756
129194634660546530
1
52480983531260661
1
1
3
98745278853437195
3
16
1
100517477613528601
544125545249422016
7
1
2
3
14
125806974563094803
153456382037282623
250092452934929752
1
1
386743674443301958
1
210901130124361823
1
94376012074061014
53869058831827135
1
249153973621326996
1
3
2
1
438392053972279484
1
1
616992217845155310
1
372145772109629217
1
4
1
105964040607627192
1
8
2
78437340088735138
12
1
1
5
1
5
1
10
6
1
108926007576763053
42873453898180310
127969708641195729
1
7
1
3
4
47928970140406353
246983308077976425
303153633837915907
4
4
1
276298009646380953
4
4
4
81895928313683134
5
1
101122597086871192
2
4
1
6
446593681486370771
2
1
3
7
17303028364549741
118967962880619739
2
28175785969865217
1
3
160904127648154048
60915307136718875
4
49817094821207452
208455790988980195
4
129039030468954424
125629972702019455
10
4
419295613143469775
3
161753054792306919
3
1
159094534282931505
1
7
1
255927742290468002
1
5
1
5
2
1
163210305448589916
12
4
117158897884051892
967352829238153920
1
131843870945676582
729387579848088532
3
2
2
455394036344748081
11
215994943413468832
1
1
63136505856123381
3
125541913245401610
1
113204382026111228
4
2
1
260522485105907301
1
166633729043975228
143597414508884711
2
408840985364073217
125816494884207712
1
1
2
120507672524114349
3
1
180035626427276
75797766469211487
3
1
692559371660061817
4
1
1
63300528372132101
1
562892599916840419
4
1
5
6
559098013315509179
1
3
6
5
4
1
88477227566451312
279552923986457530
1
1
1
1
5
2
1
1
133536879147560444
195925789186949272
1
412349594897700693
1
175063163375770544
1
4
946695378707148133
23637727140183124
1
2
17
133417887935846909
3
167189956730162477
1
352646724364480755
1
10
1
5
1
33084163848608730
11
1
1
101349554610087968
242949079058985917
3
1
7
1
292503872840662172
46017690338934907
4
130632131431486202
253904315458102196
1
7
1
81193040333901425
253351325166151536
420121001736690535
150935435434390593
1
1
1
1
237949718424328089
1
8
319228603032646171
13
202029674361736395
440224732853744221
5
281457218096681812
133745934724458178
1
148810612087101411
3
1
11
207504611057723009
2
1
1
13
46693579970822108
515889901449041439
10
1
131063944589359663
95051204405419040
1
176916349080781903
1
164141587885584347
72443781611247141
5
5
626537470472740581
2
1
1
76450231315725693
324136720704181145
359750568264185665
7
1
526703613566769113
121425369753239550
6
1
1
239050501888331613
3
1
3
12
102593828818873828
130172724977957570
3
1
5
138184739594885775
4
173144388884807339
133678328085566215
173588928582199317
7
98211124695626749
369243215045755882
8
1
3
76649729664380228
96695650483513442
102822745624199611
1
269383410491118482
1
1
1
38516596427232420
216975990666664594
1
4
1
1
1
8
2
1
167105850475065873
1
130465272474005011
196764544332557653
3
499636751986992956
6
1
5
47133820947185583
65861949135794230
1
100314531235674797
124019073095301951
6
7
4
1
437290669230836375
201031034498920679
1
156357684592539986
443030731837821776
46225198159580027
160238807951949464
4
1
7
158765522583091364
1
1
146270662853449726
2
76296504147733638
1
999999999999999993
2
115155995229483888
8
6
186982006276587413
2
1
2
1
1
1
2
13
8
1
1
138362618224960610
1
158989739541112561
4
59285676434238654
5
7
367025738778972633
227852574091894155
3
103608055573588306
174883344850145546
5
1
30
350261950965933364
1
1
62253354693339868
1
11
126260280501217062
1
155246944673856904
3
197268466296374443
1
1
130169401718344397
1
346495223307687776
3
1
9
4
1
5
4
1
73850188590616626
1
345033545714255138
91143816358286233
2
161559351973440290
5
461579356255347249
1
3
9
253066022864759018
12
76663687878385402
197814075908080311
82098088449352001
11
3
8
94775609899120707
29467076302944416
5
91772334480928390
6
4
1
303711602589293828
1
7410400831826507
1
1
62329913354018780
1
1
2
55965802832172956
2
1
177705784677483720
142056674954472943
3
1
474206207409510396
244874135123753569
12
6
55668959487220186
170069403680694192
1
8
47165154458284036
189180267439433230
427485329894564734
168014313540342112
1
223155548893154058
4
74567175189451642
3
4
212663289874865877
25936867691990686
5
6
5
6
461835438961244122
197626170207256374
1
1
1
84556538559414521
181525794391347457
1
1
1
126853926001326752
112467307082717167
2
383958527626382384
124598762473062856
236676942427870303
171076047672557941
1
1
6
3
1
1
297745764660174999
203526289012022414
4
400437633039051353
526254050403514814
1
448538537072914301
1
363178255205206663
539230292732073828
1
1
6
1
5
1
19
234305226745245603
2
2
337932087554112226
6
442532265070957181
798462126169133427
1
1
1
5
7
326243083749444821
5
946742005164071590
1
4
23
387011159188816753
5
3
4
3
319511867774298832
168379648916020773
1
1
1
106976181310627632
2
180571223722859260
51352857621559194
117902112861770316
3
1
1
1
150122056131443241
1
1
51231259923249700
643517680301015961
4
441240062395506090
12
7
10
93307233849003990
83119539293926247
1
1
2
11
1
3
1
1
1
401401608577241020
692552334903132989
1
4
1
1
1
1
455406687328900599
6
6
1
10
1
4
132982599425804279
201406092762393866
1
3
63090747532390452
66158120726225638
4
7
4
46095398582898386
79219678796588405
16
5
319613852185057320
115570284168712072
10
4
1
1
1
4
15
5
107286674164783957
1
1
13
69408072659463271
5
5
1
4
1
15799796760480009
58986962449506081
1
365104010183038577
105559790001443814
8
127438646681122700
1
4
1
191617463817510518
1
279805738206961543
1
107745609156671738
1
1
316283334557486588
64596834400752394
139975654552594466
52505299716470231
129623905969640175
1
4
10
1
285264874718484644
3
1
289176438820040919
1
1
6
148470222592107437
3
13344253023462397
8
2
278381096678232947
142330347704230271
192183131968519548
1
5
1
4
1
300206426962159207
106977856028571196
8
125292263626343741
1
1
1
1
5
105504779478855703
1
1
4
1
9
1
11369200019113477
5
1
220036478453374236
136889267438162396
1
3
1
3
836317929848261348
42787997252111106
3
1
7
1
95913037419520799
1
5
2
1
167073145760804659
1
4
2
7
96450103667045462
16
3
195164070281791969
332235704634083172
38929268137419443
2
64208735421174468
586823232874689009
56120463129972837
6
1
48501478631476040
6
1
9
1
59
1
1
70265753344522073
148182459898402614
1
46206492673299856
160946161255947498
105917291041526924
167164010850874737
516104875225213166
4
1
17632781433346583
1
86507027943826048
3
2
1
1
6
1
1
3
123193541136991729
1
1
288991940075684696
1
1
1
1
4
1
6
36210515014291321
1
1
5
1
5
169801621520992909
6
1
138435087287994277
6
49778337345281770
1
23
1
4
1
1
1
146521422923192737
1
1
4
1
1
9
17
6
11
11
1
3
235332918694596827
1
8
278045679126637301
85381170775766497
1
6
119261089679385422
374680265598816767
345332089043505540
1
10
1
3
285186125331902328
3
5
4
1
5
3
7
208210768596130602
4
6
73899165247881629
1
1
663057755195437791
119867392072283616
244879118326971645
7
184990157648665162
7
2
1
5
3
5
162927660980528291
1
120040689160199808
6
4
51935263348506575
5
324517470026553501
101225806408784192
174502611638253553
1
1
1
199836265873099582
9
6
1
7
1
1
1
1
5
218377074420689035
689147070467404456
6
1
2
33060111603344627
19031858360394203
3
4
3
196380742264627156
6
87075766714588798
3
3
124098661922445516
1
9
5
232220114003196710
6
209917059210224846
7
8525845682992413
1
1
122120233599490312
88860744348919218
1
1
1
3
3
1
1
4
8
3
1
2
790157028303855974
82977782468854471
3
1
999999999999999998
3
1
124750811365795275
1
1
1
55549325388161807
1
200676570351634422
147509858802218821
155603378401706846
45233644748328688
440948121873886735
177145087510511887
1
174299911605977028
1
18
188230174361467885
127321246640829775
89864416092784137
1
123509320357831765
86237342237846738
2
215201740773688414
210227175152732205
52257181169684053
81417671268786387
345506781044586996
1
86434982834453469
1
46866773442404984
2
1
136967785707602881
5
221366875657295033
1
1
74661982157468367
1
9
240100110463188097
99191185781909624
4
1
1
4
1000000000000000001
1
6
1
999999999999999996
1
4
1
2
1
88647887770004864
95168181948601089
1
61057722284413431
1
1
178112927259176818
2
1
92255367810815781
619095119170026572
1
5
8
449270665916807995
109983034498431648
1
347631131561899640
30605379581655103
8
1
127055420487306708
2
3
3
124996697955440586
2
266092933551386905
1
3
170993317393841017
4
14
1
228412433593004516
3
1
7
3
5
4
1
1
4
6
1
2
4
205981715657497212
10
9
2
1
999999999999999992
1
153362815316125543
9
2
148757448442602529
1
71560265529376432
409548072930173685
6
1
1
8
4
200012756166480793
1
5
5
11
2
587524724079167302
423807099520970671
1
6088071496196685
304453363659911976
1
1
1
7
5
70888682491051247
39996884822052704
1
129855627262660489
246247501261964039
149167680453625863
1
192927311017922911
334118598229786449
144815090150948392
3
322270078067065790
154292247095762220
323059135659278787
324985872377770351
1
1
1
1
16
1
4
1
1
12
1
1
1
654970075829078150
1
1
5
314227317216609999
7
258522095376197972
3
1
3
10
2
177532255202733085
1
5
1
1
11
5
15
1
4
1
81515917542764004
1
1
1
254255118706387419
1
1
11
1
77808584614792414
96266500908281770
393824146095298708
83946894556594973
3
1
4
129914721178455376
1
588991206210435130
1
24
4
10
1000000000000000000
3
552465039753869465
1
5
3
4
5
6
1
125219735385059735
94774339432516859
2
101677189932416682
48
108354491664337803
1
327386159558280746
1
164695989256933882
5
430249003651224718
1
11
1
1
2
5
1
4
8
1
1
240670650468145875
5
6
1
58332927689537958
5
1
672003343321003486
1
1
38
180877253630633060
74652010072032660
5
6
2
187224051232967064
1
49066981317604563
352546594979786417
92942208947372774
1
6
162182314317567901
4
237534717365114535
3
1
1
67836446716371040
149622098532561824
299588770097554582
3
1
1
127834514442337769
2
93059501503247067
966375835744211321
1
8
133984492158922510
1
5
6
1
1
24574077277676829
172696968898866056
7
1
152506855857883497
4
2
141023067477105206
5
360483835241265079
291066352882919783
149528592606826051
1
6
618071452877669155
136986852150972322
1
1
4
1
5
136337091035327829
129493450043502000
16409861677095728
3
375760354966954823
139308675399072453
58601494189533376
31289887110681067
297055066096629956
1
304808032440243245
150123612908774381
11
1
1
7
1
6
4
1
6
135861304307169855
254814827933956696
5
126080171783911801
147154564028691875
3
1
6
84592101709879378
254940642730685909
12
81792189359152868
6
301853435127762684
117322762126293582
91988668469575092
1
8
6
6
1
243327536525041092
116675322752747070
53688325652173373
18
1
4
1
138418484565189886
101765454797492612
3
8
1
186464058419933876
1
3
1
3
1
5
40
33
7
1
1
1
360437929995427359
4
87622155296056079
149226894396543803
86761856514184225
1
7
4
5
797158661434043742
1
206779825684237311
2
3
3
142189024639020199
3
1
249645242587350735
9
105662669607099260
1
1
1
1
163493883344129796
1
46522415440679804
121120742073120930
110231896176569669
3
53003865077350179
1
83614679931309548
3
274499350050979530
106734920693558083
6
6
11
6
72690509287027595
1
1
145073154570038919
91159275396313424
1
5
1
4
67697352890310370
122976993159851176
1
1
3
1
6
1
1
4
4
1
19
128410597630761128
12
1
4
83264680361952161
6
144534608369628518
1
108414326909005359
137317612744703926
1
4
1
3
40
18
1
7
204838174097681434
330447467790459458
295740049875151160
2516444664735046
182481145434519300
149549941819394719
234275001288830533
79839491437646851
7
173364210638064102
1
311552396679044386
1
1
1
1
1
1
2
7
1
1
1
1
1
1
7
68402972669025705
1
1
115346192511662978
1
1
1
27
75120435582450553
4
16
5
198864497073454266
1
4
185869801709562941
8
6
1
1
6
16
662129753950407242
460041971070954110
1
6
1
1
1
1
1
3
91681804873249130
230378485845296978
1
3
219792733603297301
1
152246065815023091
1
1
5
5
64387023571825982
144904952171460445
212625661430244118
4
1
4
3
1
35290787241448242
3
3
1
97036324788901532
92874705699812791
1
81537126024711215
1
206259454609361599
2
4
247467462575964324
6
4
10
4
5
657993370597741775
264836733539637668
184782348921381053
144114229780515162
119796753185869627
4
1
142818782186701780
375799891560776390
97825346713910760
4
545752894416176426
3
425991022337834618
1
1
1
3
177443033134084078
6
275802010139525109
180397922093863256
68498311856836560
3
4
5
310137361362823825
96955999948149018
271887891791150711
1
253290412619397894
795214761811276418
314762453359368781
6
183959285517483929
16
1
131603249113283454
142015949005980386
1
132359608512540263
1
1
23569777260994412
3
15
83160781244442381
1
8
7
221030302527737450
5
1
121583661373090926
282434069986481749
1
65754573380715223
6
207545086395800184
448764574948722877
1
1
7
1
7
3
166317802666499060
3
1
376586430340160906
89854317157016257
74542032898194320
2
4
3
7
415306242510201488
107221310637824352
45199737387482630
1
91268193871948809
1
87427679971497645
10
303096946221229331
4
3
3
524437509715453281
2
7
3
1
11
2
3
47612390818024098
1
6
1
3
4
76975976721853751
1
1
202488174488130481
80060688530366613
150871005632478361
402694621385595721
3
282131894228895792
18
1000000000000000001
148820979632388256
16
114155463850195056
5
1
31
1
492648997561241042
153187410993378032
9
1
4
5
3
4
1
1
1
260200688400179481
1
1
1
3
2
2
107455272716892391
499128470883259679
1
14
447798709775235315
6
1
102351784802445844
479732176162753789
78061842184438498
50428198799026153
202144200371473911
4
1
4875518384345062
155252822204181796
145456732572315552
1
5
1
4
2
139730768760608230
1
5
124820294303500847
43909043153540358
1
1
9
1
387165177769865286
1
1
266181728643907096
90588332720901200
1
7
509197979186848507
40684006451782163
265241104874613133
1
3
1
308963620032980373
154169156835892232
1
1
4
189578390306755109
1
60152615217560677
999999999999999996
103199995710764874
1
2
62405941427857079
343852811027655169
1
358791672034392149
65817815767205304
2
69727732348661210
250795191163608577
101004811330427271
1
1
2
9
290770522418529014
2
1
4
3
1
178850001527837849
3
74699365084645576
113292654229581418
184668194217751984
6
1
4
115954730719872820
4
1
116076995889066823
2
196098371428547976
30
1
1
1
61467583712961024
1
269290652700719959
45624218841738805
3
1
1
268816274449301365
1
192684153209169502
1
18569595437208444
1
19
72877664812106988
3
3
5
1
47024769595265088
1
2
6
24677293410721201
1
6
1
1
1
1
168710129133321827
139469679186860202
4
132920945490813046
1
4
165306679837208321
7
1
3
1
1
46042853952845960
6
6
7
96798538308253912
1
3
1
49082562332387964
54022343393004840
100583804650697816
5
1
1
5
104233970543686363
4
182051665494301976
5
12124594336003154
2
1
5
1
1
4
3
1
8
4
196954177332751483
1
1
4
18
142846050390092663
1
148016649687942190
2
7
2
4
3
164636836325983871
2
2
109787531824260318
2
6
3
1
4
6
2
301619272591957409
9
1
312062382636477226
54209073722937529
1
7
135906947315149075
4
3
223717844974194422
216173009239119783
24
127966752188967935
50083978004509030
96776214882396270
1
3
8
1
1
5
69279469652888337
220531189719036497
6
5
1
2
2
1
48234682992387772
2
1
5
426026599461844309
2
1
4
1
144387279098332923
209634747584257782
140206328853343069
1
99403964748590550
3
6
17935940207499910
974127080022734324
9
7
4
6441162277608352
455226836907046384
220314377979695861
1
1
637126898570977955
98410462647963636
83611082290024037
6
4
138789056367720601
164738688014359553
37
367282857058629500
1
1
183793835334429780
147433142989285385
1
1
5
1
358152558626794442
89672863103289103
262518228847016126
999999999999999996
3
1
7
7
52819095440174628
6
355194070926746921
1
3
3
7
3
3
4
5
5
584289858782688236
964283870548693200
3
1
250024739791287032
58422868123578558
4
3
1
1
1
1
1
1
1
999999999999999996
401320894512029506
3
4
14
3
1
1
6
1
117273157394843140
7
2
3
1
113382381037558073
2
1
319244079668271758
1
102393348499948961
7
114979217821587296
1
4
1
551760553982019841
81832422818846660
127357284432810373
3
1
1
1
107207617020672837
85067292415482756
144817651322957691
3
230634211379652471
39499529929496599
5
70500995350870346
1
4
171763743708310258
92261950538120129
10
3
8
1
4
9
1000000000000000001
1
1
400422123051068116
95032912441166155
355033542879661674
7
1
4
49606311741607565
6
90706057116434555
203848359953118895
1
273108872750456525
820106369911122877
3
239840753780852439
2
1
12
249801536570727470
118417404234711012
218033326829878245
105582285482815179
94155192148020267
3
1
3
5
5
5
1
21089013713582452
154618404785476152
22
32
157889964092723505
168690062346318493
1
1
6
195478776138046556
4
5
12
2
1
8
4
1
644709051009981408
1
20
720739504975574080
16
150545271118204508
557024267557136093
1
5
665884246544154045
276455398254612029
618640428117477336
3
1
4
312583943725683304
9
54631193411583046
5
9
125777379146505781
2
1
212720840321716389
70074028739482496
6
3
1
1
165915620715740823
211309264723954143
1
1
8
11
1
440885620200774577
498736506271692987
1
420935251053317713
4
12
469889902743742748
1
7
107550093992713265
162739403076542045
112566837513500370
310656692599944904
1
4
2
105074851993574305
1
6
57485516715180654
3
491819486153758933
4
16
202011799770013248
2
6
43429682170499502
5
10
1
519162136855414182
141516294821678250
1
8
1
117141082292869763
1
181173560421833259
1
6
4
505176137840393806
8
453446038500345017
1
331495991981118217
6
204515503966148381
4
390818166996515957
60326067112155389
8
999999999999999996
138227131295706653
1
1
4
2
127692707398300638
6
79861513503507966
7
181610468492232368
1
8
196756730435064989
3
7
120717832489894449
1
6
5
271968963802564150
106668141564710391
16
1
1
6
6541815785397202
10
215443421685728604
229232140616080627
1
345905765032566026
223864292349994891
1
237453327062293210
1
194263965205864732
5
9
110206681671480678
622966705961921978
216294562793127243
1
195048599532664188
211988973897809856
1
2
4
1
1
3
4
620045145972684717
1
3
1
1
5
3
1
1
5
1
1
1
443303978721024672
1
169683553689821194
17
61051961420153006
1
1
1
1000000000000000001
8
6
140466814904675583
1
108630477227515358
11
5
177779285878799890
56342466530594146
41453329673003719
1
191093046769845904
1
4
5
15
109293462343670643
9
1
147066395115886542
1
1
218612759917264116
3
105771668572351853
1
202474020127625097
1
166083776872614198
6
207115111546358500
3
1
1
6
3
147044682130456285
6
1
1
4
121693045869545037
1
3
156246198387823482
9
103031820755611352
120016707624775811
3
4
102293453877003382
1
1
3
3
137570488589656375
5
4
90588792063279990
235765011461221529
3
1
4
7
2
167393384291576031
1
6
160754429297138198
1
50156869377536011
539292753320416798
4
3
142634319838358137
4
4
7
86107971988292647
1
4
5
111370597458520648
9
3
1
3
430900915255523922
5
1
7
163761935275195650
1
3
1
1
4
12
2
10
1
1
1
189525508279935485
1
3
4
5
1
92833101673855019
2
110825673460296733
298835545419090454
9
3
7
218659710002062339
5
270898242409959801
6
198794180235216284
1
236139862816785609
1
3
128038430295069393
6
6
52
25013026158955875
1
1
6
165614512167115307
1
999999999999999996
122230524577990152
153765188646189893
8
1
201939207432856203
1
1
1
386257602979162611
5
1
6
8
154101832342403533
6
1
12
151460430136071968
1
4
8
1
1
3
1
74411625271739189
138536975655899440
1
477611449531392173
3
3
1
312728959927214956
7
1
1
1
8
108810294671788571
1
1
1
152354821074965100
1
1
1
296713470150654267
91795394765649733
1
1
1
5
1
1
72874422467643417
191338188121427645
4
1
1
1
85388679593794228
52124791261546516
7
3
1
251850008738844742
68052661999982307
12
1
5
200898609941376186
1
278701475462479510
4
176757747358827255
1
22
2
7
6
12
1
1
1
3
1
7
1
3
75063969507981236
1
45343848806526458
63851190087722722
1
2
1
1
159828309270307136
2
415132059876618382
4
1
1
1
999999999999999993
107584567217943960
70655884949468918
12246036561584334
5
3
4
167449149195197178
5
1
138555812712075447
266197618147234215
1
1
1
3
1
2
4
1
4
1
202922318180969127
8
6
8
1
5
6
423875570348132686
1000000000000000000
1
1
119299201732764566
3
95311091817864954
161480820764389806
173002025209647413
278704594787873004
1
8
5
305670348079248775
5
6
3
1
4
1
2
1
114180552040585872
1
201305392142702477
9
7
11
18
4
1
1
118933529442556852
4
176767116064925707
6
228230275184371282
1
6
70433955628086035
4
109222517635732786
8
210394146732928201
21
84879836298068431
12
79310539671483356
5
4
1
1
1
3
1
227989669548470288
218834508318026897
842261172013053026
2
132067685722541514
157681882085770355
3
8
132249246925024169
142185873528355254
1
35941521764558468
45663380733768347
1
1
9
1
8
2
3
89952481849508702
1
1
8
4
28240074808896063
279232099987090831
20
155092271190771890
117830628631683541
1
685395749744676234
9
107762702533447974
466041309097217097
6
256968474065210009
3
57114002259843948
1
107415631339384487
1
4
1
6
1
1
1
179542642731506499
3
3
5
1
9
12
1
1
2
6
267152420337522750
6
1
85489967428556073
3
1
1
2772760163199812
1
103887676854604141
1
236214631034494
6
5
1
7
4
5
9
1
1
15119991803487981
1
6
6
399556369452168654
2
689318579681785952
61633939884844962
110174846260457972
1
1
37536412261717562
6
1
4
1
34580260139974901
1
3
999999999999999994
2
196724241406175211
4
181332193293410001
4
3
2
2
1
200481216218888576
2
1
1
1
1
4
4
8
258742929246647823
1
5
6
1
112568455736487638
141696273937352699
1
317899383748795081
103678116621359938
1
1
1
6
1
1
1
1
6
6799965593447156
236238535413357624
4
25
8
6
329057817159243090
1
15
1
5
1
8
487168738831923034
130713047135029484
1
1
31469537710079570
5
1
140439291805039728
105887298786420983
103137835831897980
1
4
1
1
1
7
6
149038270986661031
1
38
346527783811117623
18
230119413791525869
16986932304505523
11
167341960801388004
1
54398552443515517
19
112307746375802985
369981553556071774
4
1
5
3
9
8
246358750331402228
1
7
92359448788484611
1
1
5
1
49392056767718246
102190163872240004
84412005854114173
233620052693846630
4
1
1
140137111550593574
201253106214421151
117146141492893846
161410541602576535
15
30
3
135610301441513685
8
889135440365169267
278884451246249291
1
4
7
281463624042973936
3
14
14
5
1
2
1
1
1
6
1
6
135157351162803997
1
251305407918480663
149535294610742638
3
2
134497744969997217
835381278844082320
81373799025481312
1
2
1
1
779574881818287342
40621702383418661
1
6
9
6
5
56871450310448897
3
5
185619334445726743
3
264228111930757359
7
389732937285586112
6
262201147764523628
351585989195174264
10
7
244968090367884419
1
999999999999999996
1
1
497688388254679303
68575163065345801
3
327450948599980389
1
2
1
4
5
82650701264706087
5
261405972686874842
3
59607605996788033
1
1
6
1
13
1
68576324521551770
1
112130221777669991
37412234973543645
1
5
219374539176448703
2
96944634927715897
1
72106581790668969
7
1
1
9
9771414541422324
116955167640135484
146698434724613694
17330307145534632
1
2
8
4
1
1
3
5
2
3
64412879652527321
7
1
5
1
3
1
901270816059752124
9
5
52289568744830075
94959782381696067
91857962365884872
159927394047421160
1
4
3
1
1
3
260326762695354985
1
1
11
62843845340826261
98534867850129930
257173510771961022
96126839743627397
1
1
128799321354126468
1
428610377541617263
1
999999999999999997
106467941603290560
8
64648155524846351
728052173192011367
6
20
114169605930558880
4
1
2
1
1
5
121347794615773383
324585949218409561
195943485069226816
538198123877170888
282364238123066028
1
5
1
97403566722320662
1
6
5
2
12
4
2
66563858216852727
1
80476466449077908
1
5
11
117515597514468186
254018741776462844
1
1
1
1
1
19
6
103804863419991332
2
2
130751431919671365
2
3
237659321891959853
1
95791137215379406
7
1
3
32624731662198291
6
61845158658403928
1
5
6
3
199595635476647040
1
3
1
1
14
1
269342230454573340
123980740340734244
116099057593010984
442419712190205259
2
1
1
6
4
1
4
4
1
4
1
1
114903999453390441
1
3
1
5
1
108409644601714604
3
46742166877136578
5
7122264141504732
172937162314556588
5
6
177264887860127127
1
650242532005633836
5
2
1
429990224155483872
218335541154696871
1
1
4
1
1
194132834723348885
1
1525581404640912
564323733682135098
197738526455304655
4
168585819920284690
1
158708469796846606
2
4
96474210772930028
160863414495115968
3
14960134650459525
871223346509683466
39922716529807252
1
490506363708626393
1
187815972262946661
1
3
1
6
1
1
6
3
1
8
1
3
1
1
1
74877645932656575
1
1
9
9
4
329649427107953291
668812453372511127
1
3
1000000000000000000
4
363816419718136030
214817961849059866
14
5
1
58525286671493375
4
1
1
75254168758524857
80522106223514870
73254819133815419
134620282704812845
1
1
4
8
7
9
5
43640187476569700
339693533989763656
4
1
1
4
37166816686574297
1
4
4
1
134874879942961436
7
6
211857957734901277
6
131575966536072092
39352452749206966
1
5
1
1
8
637263125818217736
6
2
14
182763360581495247
121828236836227330
1
1
1
307392703507251721
144732902425859679
1
1
1
266014656071345127
4
1
4
1
283210622642952567
3
309852954009200343
1
1
3
32320757601310779
66307256560033604
150598864516416347
1
331386395228365086
4
4
1
5
243644387585237572
2
1000000000000000000
4
90473943976804885
401107880296670801
104653374583902819
14
138060028734343387
70550270854592511
1
1
1
1
1
47273624130429101
2
1
3
3
1
3
15
378033746245593612
1
12
1
2
1
415074094250227712
5
5
157515313724134465
1
1
194787462841947009
46844998604113438
249876631496618996
210043345221587925
1
15
1
8
102309846988148955
10
1
7
1
52660272590845733
8
1
12
213061138113440771
781087349417800696
191502110585672187
1
1
1
209301485185749289
6
1
6
91017985876935081
8
6
273450392873219691
3
1
10
1000000000000000000
1
1
1
178036359234404883
234964229078141280
87381543548594788
20
3
3
1
405250971820038482
1
4
114839769423810197
151178356675718278
4
999999999999999992
1
1
153147019383436958
6
1
7
43871298995451572
55402914607079497
1
1
1
5
233946216377919476
1
1
7
1
132254266909449997
1
4
962790379317337162
5
7
7
999999999999999998
7
1
4
1
1
64639358193943844
113659215477154719
2
1
1
2
368531831577240241
4
3
86304004051613593
198447727460968749
4
18
1
2
1
1
1
577688822312067334
4
1
7
122380808258954795
1
5
1
5
8
4
1
1
1
4
2
1
1
3
4
14
228282850268374473
1
289058699168479675
3
173105212919083104
1
205444974959550017
379575873690402705
4
1
5
3
1
4
156223229814347954
485266824950290492
11
375532927828311684
1
1
130678247831118373
6
112906849413518518
1
6
1
7
9
9640462916715943
8
179161314575981667
3
70
1
346177200950493021
315740231417286702
783601046579909873
1
24174260223180378
1
8
199286452951429734
2
63253253849057984
6
139335549211678133
4
1
1
1
4
1
1
1
173895490371278564
1
1
880879260696975303
999999999999999994
1
1
1
1
516235238739596589
450932490673531028
73196518224305877
1
36293840174080428
4
42199931805357761
2
136893362255280949
545591558747613848
275669387117026305
199235983136364261
999999999999999999
9
8
6
4
4
12
5
1
93387081223370367
176206011046169304
61922345566277305
366556535459691246
3
1
312315786373572731
185140784216721342
5
190325173993949076
763217197961478969
1
105267572830248046
5
1
1
37489932817204909
8
125032699462830649
1
2
4
216150614385268704
5
727195356861053786
5
4
4
1
2
1
4
1
1
5
4
1
1
8
1
82756453546290852
117234949623741504
88335512405712234
1
8
4
1
111612475776917697
999999999999999995
3
1
4
1
157744724973754723
1
14
5
2
101413443916461819
5
1
2
2
1
999999999999999996
8
1
206839806352235294
61654876251900568
7
1
18721585011448741
1
3
6
94339919560464326
226884582121992417
140402557146230144
78716699214254892
1
779183643304448594
31208460747843606
7
82456890358956116
123909023567307646
10
7
1
143560991934927766
1
119249507569559467
3
148037441639743896
1
56
1
9
4
345134875002293548
108174511674498128
4
1
5
201784673095439537
109423251478816147
159874437683137987
6
482475180963829523
1
8
146434221616381309
7
75845191865408209
1
49014760956400602
4
1
3
1
3
257727803970189470
261271130054413130
167821186783419343
4
4
493317352350434255
145146146530452659
541114554894360431
8
3
459843314182319
4
164355810814358063
191347019693154330
1
50668501908911739
310459319939220794
1
161014201671603969
4
1
322926600998201007
1
2
78629596400304111
139626824297612062
6
1
4
1
212606746838311415
5
228859468868241863
1
157931497940224259
4
3
4
70684848305395533
35655024109594509
1
285388456988817294
1
164497099486078706
189333600908511621
178501258212141052
1
1
1
124312807955828061
3
1
1
9
14
3
1
247811205114502418
4
5
5
14595717937435773
2
5
429152371552604073
3
1
300869116875502285
1
4
81571319550759524
1
1
999999999999999996
83
483568583643387798
223604917919994522
3
5
1
1
5
237323702850112803
99728717888442769
10
1
9
445463031525857750
1
4
5
5
1
62439074012797377
1
1
139761643542756457
108260653109180886
262214014350091463
3
34494945867251529
1
7
11
262295949139160393
5
4
2
176116885671406843
1
1
80856589579663800
66862939994103275
106471019225880553
3
1
1
99774618582088554
11
232902207131130736
1
1
1
5
4
62299182835875931
1
219095561801014531
155596717619722080
7
7
4
12544519289958689
1
1
4
1
4
1
79434333790922180
2
75455184088489915
1
45665764164483589
11
1
165979373192242026
1
8
125141577296443898
2
1
384019569188802358
1
1
224269396520784929
3
2
10
165428233603225996
17591530899772743
6
6
1
246727898987957181
2
3
1
1
7
7
7
1
2
3
73056224675681950
2
2
142706706752562689
2
1
17
1
1
34408712434123581
1
1
1
1
1
1
1
125674253558838942
1
1
1
284479865525945736
7
4
1
101796687713712872
99619371949190399
20913282393123245
671742331618075291
3
1
2
1
1
161570419814487751
1
1
1
6
1
2
5
2
5
76378046561487656
4
71922919704851321
5
3
2
245384614075862199
4
13
1
1
8
40093613596565790
1
105458360784231338
4
434492272248911391
367694033554244907
1
96334115504876658
3
1
149941787168019326
1
12
4
68027680362330560
126891896398223009
128785674782346477
1
1
83672027240513485
361189860783188675
9
68394543967159397
695720466892349439
1
1
161119432144882730
213518693388925783
1
84
5
5
4
949525129382143239
3
161822464200108930
113584692462963214
21
81531625962236724
1
2
108448736693450419
149361958783373722
1
69713745883486284
134602934304725743
5
228738140945297351
593680672334385651
1
1
77471577018816388
9
369242666125208013
8
1
136964565864280029
2
6
1
3
5
140607737897978764
200561060130009322
75579938869501466
63360486525298735
102882192873551991
3
11057307346283446
4
9
3
3
19
837286472403132164
195227436940168414
11
215645830027947318
7
6
1
6
1
1
1
2
1
3
5
1
72353751860025035
92858091322539235
1
1
46298647026388258
6
17
5
1
1
1
3
4
1
66269004568960342
322413031534987594
16
1
10
1
5
1
85156030980730879
3
1
103581442141367179
4
72454600206380749
161076016881306275
2
61548452489814351
324550471892519908
1
4
3
3
46589070955418951
102163153273679624
2
23
1
6
5
12
181007395429433173
14
668334887116397743
1
52219706829873035
355061984569323806
162545909065578282
5
1
236200582175918725
1
404833531077507574
1
1
5
7
371207855472019512
51182753271009487
1
2
7
1
1
181676478193442550
1000000000000000001
3
1
70645904892593818
3
8
94583657677977045
7
1
7
1
1
10
4
1
121449082998136587
1
387279383355847434
237152808261448724
89631438652521473
5
145071598311984624
2
207072060655023152
140434837406666596
1
3
2
7
118710396970656833
5
295347804143763806
69265600971311310
6
155374194852935491
1
1
5
323210951934371561
1
1
59686098462660934
276361875667809377
5
1
5
1
64015144589834817
3
1
4
255611893184723300
332125261015786297
557059326008880177
6
107458573776278907
2
1
180988723136238511
1
38265843555768291
351544778607956212
1
4
256463579616770924
31536602729151973
213944304499178899
189945777562113092
222117537456498402
999999999999999998
1
4
79757081172822947
8
1
7
98457584906649413
8
2
1
1
3
60861215885021984
485327738510722230
1
6
4
271741415295543709
1
505305366400453386
3
1
137568787400104281
8
1
107921287119824736
1
1
1
1
257622504787119794
2
8
514707749792363537
106978876870737719
79557989832254730
217246373476945006
332213522765070972
3
3
64
1
3
1
74933104789290663
414895209865374720
80558242969834774
4
1
5
8
1
242630337781586413
2
824924261638987157
1
161992455335148016
1
286317593354326168
495983767960772972
251447858278462443
7
117287738143215495
4
118310033972510874
594428485358097865
1
180370381000210203
1
1
1
1
200851648627794147
137180889697801340
26113014660185549
3
113944877951157790
1
1
5
4
4
379966498023635056
66371805586439229
237438035418490017
1
37
9
6
7
9
1
595867935477530783
66491916252420494
187742108114970272
390947784696519586
1
4
9
96828495753878801
1
1
6
125992496394217376
230876582884063612
8
10128567774597355
1
396406487996026493
467012289911717213
1
53411413839264438
156137701655153256
105845364334584308
224790000246434513
5
150575769873350421
2
145872366194982016
124654655599558058
95879733102566665
1
189816029148347583
1
328212588591349466
4
3
1
191796602604869421
1
5
1
374675167285693234
4
1
1
4
1
1
720854052898001041
3
26839654252139104
27962293353053428
2
3
10
4
12283880463088333
1
105225908866013607
83133822787354887
226753292483840731
4
1
81881470395869815
94000766020007950
1
2
8
400486085877618830
8
2
6
1
1
325434281625535978
367778464136618790
125612822051564190
1
1
5
11
1
156212445172959964
3
1
3
5
2
6
1
179842025575098403
159575994628916621
235978534380020186
5
5
5
3
2
8
729273180291397484
6
4
1
543954528154033263
1
5
310255024398028788
6
5
4
5
8
230631648737604096
6
52343286831119116
11
4
2
7
1
75828908220904215
1
3
9103800947729831
166838885794181441
3
1
1
1
1
1
9
129335812638396900
840148581696594890
97535519840327677
121281396030822433
259976876190923308
3
1
81082311163874982
1
8
1
1
76470035065049460
1
129845921603031635
9
93373648725370258
1
8
1
137405872419378527
10
1
2493556937032919
5
4
158181879950546365
159505598848222900
221770784643073895
7
1
7
6
48969768520478432
12
1
1
7
1
999999999999999997
1
4
9
151181381365612949
7
1
6
179604450326868721
9
4
1
310579019973699142
5
6
1
7
1
1
221321273618762939
100643643144522036
4
1
29736388618813616
295502972609584571
1
71685573582193647
269802403684144176
2
2
1
4
1
219748126767529616
1
6
14
1
1
5
1
650947184732011631
1
138106538822901451
1
1
41129686576944827
471101561367910234
13220480897812650
1
1
3
3
1
23824074453903382
1
54309580574421386
116676654876901814
65811823377705732
1
2
1
141004071532610203
160120961539101706
4
218614323179796354
1
1
128231504357749434
155111391033121209
27914488008324074
5
133591902161507105
1
338449139190253741
3
3
4
14
454029979857928609
7
5
1
8
85911371962431404
3
139827551886698244
1
6
1
130925542563960889
1
1
5
4
191623658563763373
6
190112163443955233
80881518513646117
9
298182353111911541
7
1
114341261650218403
144817166951917367
123235825050546813
263681070471174853
1
103847084131290911
1
169998496639177563
362831302258445834
14606235814520887
472243790689626736
216055018970525834
6
10
26
121820032314970262
1
1
3
112392207982286540
7
7
1
2
1
93436415792865076
9
4
323217849368214055
4
1
1
4
5
7
108914275512178155
3
320097146448826294
1
1
103450652022186554
1
9
98644216589826244
90357396252272559
149644855136457137
112373478306078508
1
114366937762671090
1
136844998343622714
159468208438499783
6
394326580422802384
4
1
999999999999999992
85984242765081984
1
8
1
1
1
4
158079017269929948
109269052184265548
9
1
3
1
3
1
6
79
1
1
91276297485733322
7
260208475144607114
2
1
999999999999999998
4
1
170242563436555090
1
4
304764713866040337
103190268692332812
1
18
1
4
3
1
1
5
124426524409528359
8
146918699567062473
314195520440377360
7
220420225550595752
3
146449485221191497
3
374873301977774435
1
70325746639250931
1
3
3
7
1
3
13
1
595995938457598241
1
274196060918375786
3
6
1
1
1
16
102323599447877804
172507516708099151
3
3
9
1
12817311032862467
4
1000000000000000001
256974409854369279
13
1
1
10
142055846621471505
9
976943677682765903
999999999999999994
1
192413404570300405
5
152314691813117969
5
1
2
98137221919759134
3
1
3
149450982799557772
48
3
3
1
4
3
1
1
6
1
1
800455647358902266
53249199357089188
1
526830663782510932
1
83167546337519974
1
83407771854658076
166412194456437466
1
9
119349525046314011
1
4
1
1
1
2
65904103139152156
2
1
174711388541415610
172126068665008977
1
5
4
1
214207646794800719
528277305714432333
289850637771303124
89399618327724291
3
1
1
3
1
2
8
6
999999999999999995
1
6
5
1
130347588102145727
137395190087500367
328796017872976260
168126600995798207
2
1
4
281236906695565430
2
9
73195262792260634
1
23
1
1
87136435487062658
1
1
4
83967107156501766
113540932656744902
2
15
1
1
2
1
6
147937643276323752
9
129003178259442229
97766784578293301
4
6
1
5
1
1
52513468443418524
63323948086312681
77274797669983574
1
306718196887943201
1
13
1
61555044597136459
418658819993706848
99639524946752086
4
38622357596498643
1
3
1
2
147107797615147846
7
15697223110808738
42150106990979349
1
398810542267823944
87587567424447505
1
3
345831507844708687
17
5
5
1
1
4
1
1
7
17
1
105301428270557215
6
1
4
3
1
1
3
118764087284748642
8
1
1
2
845346478135832113
343348818619356163
102611770209665734
1
76920114254655105
139116046912597021
2
6
112876480910405516
190065976816153069
1
567199220365899048
202540998453669555
1
83970496746991017
6
3
1
1
1
1
185020261810679494
1
5
4
1
40389359963283711
1
649677129971809164
4
70664845041362648
1
104611631413890269
1000000000000000000
51458419492929355
84023001402565797
257322544688653108
9
1
150597164508277588
77907946591131450
1
1
481669432150722464
1
1
10
745672710628208961
6
52461143005988672
1
105052982225635089
4
18
2
4
1
209746959066335727
3
61706694059468082
1
2
1
5
136825568732813151
6
3
3
3
1
4
4
22
3
9
12
1
5
117705649200628801
1
1
3
57236339459349304
4
3
1
1
147136719410001260
1
7
1
7
7
3
1
39015052710436838
1
1
1
3
106421771954792575
102523026933138669
71148365664967597
4
3
92984490422955499
4
3
339077981474814593
95522302389160593
8
7
6
228053930120198065
5
1
1
10
4
1
766435130401690136
1
125992932294311169
1
1000000000000000001
1
19122675582691181
4
1
12
266259788512711691
77572205772231802
290371521153188556
26686724793974735
3
1
1
146286515901909328
1
190708225655809075
6
176091629918720535
322481901406027433
1
5
1
2
2671985763204403
1
67903314449684967
1
73768170486265371
1
124421421004497079
86422618016066805
6
419187565203013901
1
15922824715139361
1
4
31671303122379727
1
26
419379190412137970
1
143051248306013877
125173023058152813
5
1
4
7
3
5
1
8
1
49567109080574132
4
7
8
152918550710285713
5
12
40118483913619821
6
12
1
9
1
281958626204337981
68022251120817231
1
1
1
1
138065891091644069
1
1
2
1
7
1
8
1
11
1
250275275835706165
5
15
1
7
7
124148011143218768
191335761805364330
7
1
648831697236041872
312541436347276161
3
2
3
52366701410749320
51389231556280707
6
238573623361643946
1
1
125237187424137813
8
74890684851178933
2
4
334124229060394523
9
5
101379446825833861
293378866574569054
1
1
2
52258578504150210
1
9
8
242193985896587439
2
3
4
267363004260835633
605954651564490169
1
6
133319720233430477
8411116922037313
181202532346124974
1
3
9
2
1
2
1
1
1
3
2
205334491632355907
7
1
4
148149367889193382
366864559201076469
2
1
1
112979352432129779
60031576313961316
1
1
162987704451520798
1
3
3
199767128618289403
4
8
1
88592939085852170
4
222735668151324841
70009817670084515
122557841913235071
189941448197653438
247072681613527407
6
1
5
106941224210664674
1
1
74828251717103273
233308197781031490
284364967907148451
4
5
5
1
1
198303374208838354
1
1
5
270401920635202963
1
8
381141111562685024
3
112354682530575578
687239724729570083
1
8
5
1
123414427061498949
596078844630293993
18895573688578490
9
1
1
1
3
6
1
1
22
72592026096823765
4
6
191888884908975962
1
6
66844848213632422
6
58385465958302574
1
