1000000000000000001
200292245581124
114011328179339
109430580143649
124616033252112
88519066837413
23
9
1
106684621666020237
3
567327036621923991
92150848121322999
1
158733750469636834
6
5
4
5
1
51
5
3
1
1
1
1
910201822514624774
1
1
2
88733576641724925
967273923668553876
1
1
6
17806619781227971
1
6
6
1
85240097688539224
106829181014098385
2
2
9
3
2
1
880812282403959263
88976860304933891
126928102038553656
28148627309838645
216726341173724604
4
1
1
339189140108289263
68708905054348636
679067820540266981
219721377741456095
310109399557020788
5
293611566937952481
4
184228107483033918
118488912957368117
1
1
9
85740792619509089
1
3
4
1
99494358824947781
2
124163488051495667
735739855108895887
9
1
80043494301067630
138146565449263388
3
48262557573587576
9
3
1
5
47719995384490207
13
1
73453282290169909
4
1
1
231067621266638089
2
1
1
1
94598640592610490
8
1
3
111622017620526799
2
1
12
7
2
265780406371345419
1
1
5
1
8
5
91339642037548285
10
341537826205577364
12
61093754019246261
791923688555876326
1
10
1
4
87117597011853396
2
103872971400089194
8
87094450996242680
999999999999999992
1
5
999999999999999994
9
6
120636209457669832
1
97067385300443559
2
3
1
684198300138842718
1
246253060908644711
1
3
1
3
79751833825604027
2
1
2
1
5
3
159659991549858480
1
3
569454126813518568
189825204559784558
88532205279567459
3
3
3
3
8
71928698480111493
1
999999999999999993
7
239538061420460694
1113877205556170
63022697840277712
6
128548123975696381
146016702340351271
125466313750380277
1
1
95284926659854707
5
2
1
171931696906880090
1
1
9
1
4
2
6
9525466440737777
4
1
158172936142242095
1
56042146760509400
173212876129808413
3
1
2
1
188507046764864786
1
5
5
6
5
4
1
287058792769310786
41242563058425452
11
5
6
5
1
7
3
1
1
999999999999999993
3
1
80046397086921146
3
1
8
47988968515983045
8
1
6
1
8
1
119681275269044691
1
121752656645151643
10
9
16
230601127018157588
228318857673421768
5
79320223292094386
10
1
202914516766564253
3
9
192312282706748418
62739135982361178
91277602982123743
105142140792131352
332704744816167912
190573293417729526
1
1
223548989587688617
29813788455773112
1
1
1
297503666774160421
270650960217604573
10
7
1
100703120150955893
5
325442489638026044
9
168598334659676611
160040078995984448
57431586103956658
1000000000000000001
267408160831344264
7
3
1
6
14
269726697178166346
5
3
4
233140261042154672
152713357894898643
95878060195885712
1
2
4
17
238054483176233865
52262022213191943
4
339632909421972520
389161240058402651
1
8
428396747643728583
307938480740068945
7
5
7
7
1
1
2
2
1
5
93675861288473263
88523827423264195
1
147426524939697861
48125784554273038
1
5
549592595035000273
156993925032126230
151636226845368348
1
4
752551332434670561
227098515050322135
6
1
123926665978616422
2
1
1
474997212456897261
6
11
4
2
426704778353526422
3
5
156121109339344148
1
62608096979046308
68775027458052009
103955910579577178
37081204749628812
8
72458496068181578
1
92909859657338623
307179888566296867
1
547552414476019947
5
35407037573482298
796526985024871837
110633802009804471
4
5
6
79318592098206470
5
1
1
71448931751939310
5
47923036424924756
10
6
182800983387353386
45100671912541134
4
6
4
173669377719507864
1
143369716896164175
178844148666534332
2
3
75530744089825025
3
89728587464574637
1000000000000000000
130207811288624598
4
1
41268975176927526
1
4162308269208107
17
1
7
19
279631437806216752
220323471932170545
1000000000000000001
5
4
109552498238855076
5
3
1
1
886208951936390324
2
1
312990053728354739
212856026843719389
1
278407073251190794
2
5
3
330557272319294645
115858032657058700
63
1
224926532893286366
27297096110236069
6
1
253682610216964948
1
1
184052599124625310
1
381684001872097830
1
1
1
9
1
59269130344604635
1
1
34067395206026199
436724615206890629
4
1
1
1
2
24
5
385335359513075359
3
4
2
10
15
1
216436356008109762
177657181803356810
1
1
167627549638979509
1
1
2
93576418083809056
208026348726398448
3
4
5
4
7
224055875268344555
74919006107845253
4
5
1
337701778697796210
4
1
39914041127454833
17
273919192125959648
7
1
1
134175653493622069
137503329266245766
151223018965055011
1
4
7
136947249946102729
1
1
1
152358250911907781
5
1
354884921298134902
4
160560005842560350
1
1
97555747686335521
166821530677286654
17919712609356374
67489083950503366
1
10356106084894565
1
1
4
1
172840506608709701
27460332158703922
7
6
101217618496321519
1
123618530780153058
116625242427511163
54501561950622664
31792090663583357
29901723971596903
66372623203809153
73190829594461913
3
1
7
214692173788315276
4
5
435787207126386629
1
3
125239196521206191
999999999999999996
8
201189241511063618
60503889589186087
3
5
1
27
11
3
14
240273209999726764
2
1
376234095502426640
3
1
1
1
40734391589164546
1
5
1
8
239329032163073266
1
129165768841884171
1
123196471726474284
98822932412392693
2
124857931295517549
406521474451608381
1
1
3
1
1
1
10
1
1
6
1
231267196872620775
6
1
108646325485883576
1
6
4
5
364341337487279347
1
29639273259857632
1
216965328677725741
1
18
128418811282282515
1
4
215569070533770032
130339518179642273
147173847988466090
3
4
1
9
7
11759702011582758
1
18
44090124492223231
127547954753740597
5
1
154310096903305945
2
1
1
1
1
609511974824859162
1
1
1
2
3
237180776826381679
272217076069178075
4
1
1
73736795004195026
1
1
288564911940392648
1
186729560396819
3
4
144816911632834114
436407690577940653
4
3
5
752708200267616821
58410423659221038
1
140828999217583871
1
117488321491548945
6
1
139085329065824095
13
6
646254640950693370
127356451560185646
690734166649894961
1
107409187617248403
1
5
1
6
4
2
184851797098314274
159840033503606360
2
1
3
1
43050295096441721
320364107444221959
64715859230324837
4
1
1
21
999999999999999996
1
1
2
90448856263989305
5
248467694780418582
42
1
1
3
6
8
1
3
3
123486560080249733
4
6
133739051664187332
9
4
7
53403725828265179
5
1
129825490326140416
3
1
202263244427735204
77302030911300066
9
1
148213903624153781
4
328848832774396467
82434821432344579
3
1
105153251344801575
255892596965263844
177854810913118350
1
131243638710165381
1
120289740838051746
371908336204433956
110551194761839565
178357986966823243
2
1
105476731391332646
118332403000881795
165681126732029242
6
291430304081574332
4
4
1
1
119390424366860780
26883024551959681
4
2
3
1
5
1
66228926067535814
797704911159219052
3
1
1
182472719373510153
640342998854412029
69917284911944659
106196001197971460
385166962968897589
4
236871398842775877
1
6
1
21
1
1
152379530139861464
1
534881663157424409
130957081601977216
4
98733876872364910
129701092015627316
1
1
247962426264334748
10
403549668827677066
1
17
11
2
1
1
1
7
2
1
6
475104988552838153
7
334039949767422118
125216333383140909
164124019161889902
1
33917414686239106
98613043230930016
161811332883265312
1
5
1
2
1
1
31845377113110158
1
6
6
189767341297653460
1
5
6
454072183028053749
4
3
6
275792810151230014
3
2
999999999999999994
3
3
1
1
90609160793905859
1
1
210516843513685022
3
222167929994005911
6
1
122493959744243387
64032125613994159
519481185337452145
1
127009887068166805
7
1
302033371932420593
79629894427314413
4
4
3
6
2
499969935806471138
6
6
516391783729503319
7
1
3
9
103798422181843613
1
53480992995791312
1
1
827546735603513101
5
3
1
476592162009421732
6
999999999999999993
69996623872913191
31299641829286394
6
150019123645586370
342505568540312897
80863094030535546
3
180201190587519421
1
5
4
3
3
1
1
241957792554344459
1
4
4
287430201584266327
1
126813767800834986
48781533940676258
14
250129843590232657
1
57502638407808459
4
1
184863647477066720
1
1
1
55092893760928947
1
1
1
634619734894373737
3
7
1
2
3
160926913243489308
6
1
60470603179360974
1
1
3
184575780965882092
1
3
64770176438846064
1
308246310183778088
1
48354231557685394
3
286294048206259186
552915715112024392
3
405003630991683560
1
1
1
1
1
1
7928735165615726
3
192445606803521655
100386469175220101
1
4
32792003464866765
11
1
81295150706122780
8
8
3
8
72889180814316733
1
1
7
1
1
1
1
3
1
1
1
95164114997092068
6
1
35410117474940880
14490983978643771
1
209189018978680468
248242602795841120
7
1
4
2
118436848993194368
230388259402777939
6
59371107244917854
1
1
3
1
1
188188825919449878
1
119002503280549348
6
10
1
4
283722018615284845
8
26274103965086386
129940802229515850
336370938220144054
1
27
1
148311195983598190
138137234514707867
1
1
4
3
1
890365604392014796
1
1
563683528781976643
5
392760403186419704
1
1
1
1
1
8
429128917294860198
113609799229623599
184785431092966366
93074732689146187
1
163171513072328337
28
4
999999999999999999
9
1
1
999999999999999994
1
1
1
4
20
315953640240577748
88777481283964063
1
255897954621014208
145126462239545719
208142172566142389
452655571111818388
1
891238169500850507
1
3
1
79643518865934984
381616131188922481
3
27786181457683117
5
48057461770831861
1
100395725014799022
12
1
1
7
1
1
8
892842434056901560
4
53714443578131976
5
17216340143606034
88977812337609930
85695572105439249
6
376695951947418164
88432460925447355
1
125094764236767346
168674345543333322
1
1
1
1
4
47733098133825373
3
1
2
1
188092373347551804
78421946356296705
1
1
465354900021565345
64080382336832509
1
5
5
1
1
1
271554052327953311
1
5
1
5
118539871114473254
1
45959207138755512
1
1
7
4
1
123124786788726436
979660967556184657
123965162952896353
1
1
3
1
3
5
4
546595602651034882
379107040605823928
6
999999999999999997
1
1
1
1
26840451998344286
1
647164799887756068
2
1
2
2
1
642814103491151731
946826646150378710
2
1
209321986168276969
11
7
4
1
180932888709797228
3
6
12
401327264885415643
1
4
1
4
2
1
1000000000000000001
29
69915472732314640
1
341697378062771370
1
7
46326605335552024
156520146074644187
1
1
1
9
283178462242178288
294393769454016926
8
1
1
2
4
3
1
549781829563031511
1
2
218396051153697815
39055120137387945
1
3
273669170253599226
6
3
155735939192349376
5
1
3
1
136867594868188427
1
4
1
9091368495620321
4
1
1
2
1
25562870838112261
320384062300031050
4
1
99964010837696281
5
3
1
9
6
2
7
10
1
257091069036920504
298197730662813486
2
1
4
3
3
6
3
166327714706984
4
1
184564396083426473
19
1
204707370991325479
69159886876915785
25506257402088410
1
1
1
153794032653451115
1
4
85056293295864259
66479492010157419
106755626006016228
2
69385145052682296
4
1
10
1
4
1
1
1
78111405888955615
126284645460398853
132177165883764813
5
1
3
1
1
1
212470309656195806
144080631404812953
520031465876674891
6
188204245788960257
2
3
188836338864296135
1
233143404779729484
5
4
39749394899917633
306939112166724885
110725148707217936
1
1
2
1
3
196338619444963415
1
7
1
2
1
1
74821169024011744
1
487901072840424251
19738777916771533
999999999999999993
4
1
2
5
566736440202202097
1
2
5
176847298764929902
112583803865452533
8
1
1
5
1
5
1
7
1
2
1
171346549432914866
1
82291421510772489
318405834268482597
1
4
1
254466820622146485
5
5
3
1
1
248667876820871050
1
8
292451104584846338
868842269059803594
1
94138515323863783
158317313509378877
2
5
8
1
267033956049577309
159672964828269531
4
3
1
7
1
1
109046914538190887
665317272950956585
7
1
1
67598437487521936
1
192952583119710754
1
2
1
18
28124780727383193
5
841773582934771441
4
1
1
232028686429936565
1
1
1
4
1
3
60460260919635431
37620635115315810
1
5
1
1
5
102930416445023797
179988401372081167
2
1
1
2
254395651308889181
100877124049710567
1
6
1
17
9
11
3
111969815127717993
298359270204581634
8
6
4
1
1
1
550592426868810309
2
162828883691210788
1
163687765267723563
1
124655510477874356
4
1
1
1
6
1
1
4
3
137781573003339380
83381274514003829
497588122114595640
4
145847014798802714
1
11
64269771544070359
142990439647294926
11
1
3
5
1
1
51805186531852211
12
1
1
1
999999999999999996
1
151365312695248595
211225573079409074
3
10
93031349277275247
7
2
1
2
355761291827645573
1
10
328557396926384117
103167275595463745
586796402743583080
1
6
263861109897511920
175611566395858987
1
1
5
3
74804310012933672
999999999999999993
3
1
1
5
5
128006296247170413
2
1
1
1
1
90812164558167591
4
119571500008230763
275544526429397135
42259017390165956
4
171792835216005575
4
90398332380794754
167105407237717361
2
66207935402950258
1
1
80064537057925283
5
1
165065246273457323
1
1
1
1
6
1
3
1
1
2
1
61998554450872408
5
4
13
11
4
3
150554735435837853
1
120095204117537240
1
143140959394786953
1
115614282066291738
286494209475731813
1
1
1
279155078103077419
1
1
51149029381739074
98429075464412730
1
123098915355738557
1
1
305902300507677731
60131184423031205
101184353839945770
145878012261662417
401483337315016282
4
999999999999999999
1
63475708648422467
6
224417374081027843
5
138606179024265804
100562420705569189
67905133702307978
315521691971335
1
250532873300794817
3
3
188336849683663150
1
11
117239820612938799
42404225699271351
203742381471943108
5
10
1
90779387989407391
1
217869348976220604
1
110995575253916391
1
1
7
118281098941775279
50301993344325210
1
3
6
12
1
1
1
1
28494216213161102
1
5
3
3
3
81815063144908676
2
8
1
1
284528395219494075
13
1
9
1
64671946430925511
188987960079337937
5
1
1
526959154428796500
6
6
21
4
2
1
1
284037972929297052
4
3
3
5
7
732078008398853743
821902929351837638
156566419817337422
2
28567515332953316
233104452873694221
6
91168727442376248
38268165664154204
1
6
278933276801470203
47175124670064716
6
1
6
3
101236923908199300
131144270356010774
121607750858036031
1
4
6
82662910469274058
999999999999999994
317062342626984666
1
1
1
3
1
4
5
544771933908798066
3
324086870956454164
1
1
1
100312339545477234
3
178293118058259841
5
1
33747607224410024
3
1
1
2
19
3
6
1
1
43169230945800564
6
4
725816475734755059
82018003475322762
1
5
7
682558731326075876
1
1
3
9
1
74698107592935033
200520284253389829
109667896996496372
61070340406011368
8
445384181156576302
1
1
1
239696198261620423
9
159167518034010229
51990137872528047
7
203362559891060139
999999999999999994
76523264408909196
1
6
2
1
1
282908955652323294
57153212450240314
1
1
117863640723598044
3
1
411381710179259024
6
4
3
7
3
1
2
10
119303222096705015
1
5
196566689689854862
10
3
141661551470100062
197005410790814913
2
2
701782722662418936
150188722112172340
197296257301093037
3
1
83300615147580239
1
1
1
4
266993004117465573
244950183215269423
145495137704162180
25501343725057119
5
6
6
1
1
100201766932545038
5
2
114896920165288655
1
4
263716197266637882
1
275136292694698242
1
152934701404531896
2
1
2
1
125659749902972721
1
80308044558066409
17873008161618320
1
6
5
3
1
1
19
155009997620173977
467022114089903789
7
7
1
330338305704278709
7
1
96394295534877034
113056221125260550
1
4
4
1
334235382058613364
146154261349452768
37562221464089413
4
118702379919010161
999999999999999992
1
1
1
1
112212736669921122
1
7
3
142131081074583529
268180836648216762
9
5
1
999999999999999992
246475013505747895
1
42247549904078057
1
1
1
1
1
1
4
3
1
1
121116194607086519
1
4
355774118930755747
1
225053449523418991
1
107236021123437952
4
300849247980430061
1
3
1
242166535257716337
284373687368869997
7
200466733933572649
6
1
26
15
6
636491150504384461
47102505209754254
70640101035052919
548355119752631044
6
179508057293758889
7
1
4
15
1
1
1
1
1
3
3235118979689839
1
11
12
2
1
42181264089590169
167919597227380485
63239317875472422
66435437957712724
1
1
93152066349338177
219581884221640608
112617215210714858
1
1
2
132774041070224658
251288459961232633
10
1
1
1
172527176778630581
3
1
1
1
4
1
1
154283473620846398
1
7
780434884316090938
2
4
63465858947216219
1
75228488926114281
4
23723541755723296
8
1
8
1
1
130491321106941123
172317397041801030
14
187781654615998558
1
4
345064885487540711
1
2
1
102519616850516230
7
426326671416684567
562612928957328666
1
2
6
7
4
1
1
11
3
6
5
61085208466801613
1
11
3
999999999999999999
1
1
248378149547402891
216868206559121831
1
107234341590673091
1
2
7
116115987126501461
4
142855377635414291
2
1
1
1
4
13
171563865979207217
5
1
1
3
2
79533087864641011
5
1
3
140728361575647230
242516786933283759
1
74537290116962504
5
11
7
98901300772698337
193156850408740825
148966070379591182
1
6
33434141451048102
108950205774011793
48816595334513146
1
1
1
11
4
6
1
116886199672834661
726086075338649001
8
2
7
1
3
280505235353192934
1
165405898676047831
1
7
2
155651435030600950
7
1
6
156515379454138428
4
11
8
1
1
54074400094807984
1
17
4
79025044547687720
3
155840792663834215
96107865154452259
3
81171314930731952
1
31237712160026686
1
13
39830786531713781
700081991026907266
4
11
14
131627051968318813
3
1
251424399767900552
108601410532782529
5
6
1
1
244129861887956098
1
3
304687336375609160
9
1
5
391364388190781118
113666013000830033
292899158744655032
5
8
333293963582149383
1
1
84444359451409569
3
4
4
4
11
6
15
248181418403399308
568747396041817031
5
2
1
106448677327414002
367080622564879316
1
1
22
1
6
109609764452656576
7
1
100735895765476833
1
1
2
1
217964510486674051
9
1
7
170906861346475437
1
1
7
412156154867983709
3
1
151592578198893721
1
4
287742205421713071
1
1000000000000000001
1
1
1
144577218228280466
5
431762692846152719
1
6
3
7
2
1
1
6
82317511824223762
187088929241213628
1
1
3
2
266003569859916374
530351888937707392
999999999999999993
3
69813277990481586
5
1
126564469986814425
1
472263007673955338
1
18
72534916005058699
6
4
4
1
1
69539574118552264
4
48387914339911934
4
3
1
9
6
93299857710671231
6
3
3
8
274953563949062220
1
999999999999999993
427470426263719486
2
1
1
1
164737345603458320
5
4
3
6
1
329469075161633696
167674328156610403
5
1
102480461810367002
1
296730648832262940
433565384453906881
140819929465537042
2
1
2
1
88611811779193736
1
2
68269771247258693
1
79866763636651315
1
56693225473558168
5
82165335214101211
4
5
4
9
1
3
101346396031090256
650500697661920866
75
1
6
3
5
438232995743685227
1
888007137441862618
83656021286918135
1
5
69766040907638727
1
1
1
5
363778021329881426
121155797983165616
5
10
1
689108318483490242
1
2
1
3
1
129076491680732991
40353583395350331
93083586172785419
3
1
1
2
4
71414070592924624
1
4
5
5
121544878353220739
1
3
7
182916059867189337
83828738480037226
2
2
3
7
16
15
126831954967052179
4
191594483528811583
826910065080983505
296779496602847367
137526436176011185
33
1
172266654153808581
7
3
1
1
143893882035554418
1
14
1
99878074601152072
284427673118414993
4
1
1
1000000000000000000
134034551290484389
150607652492707155
1
697497112064410073
97507874126328076
1
1
1
3
804340403872656443
7
6
1
13806402285539029
1
1
2
278238404634171527
1
4
1
106110444940447704
5
11
169885339668600527
1
145604809292115894
3
137631850205776272
1
5
1
2
2
203702609252557088
187573055219741159
98534540134022570
2
1
90071072621143817
1
1
110460878193326234
3
13
261865015838344519
3
1
2
1
16
1
2
1
1
5
71997098828304388
69492855836283690
111928188543748802
158994459066375003
3
70829465037740442
16
312940635520817328
4
12
1
5
6
3
4
111825286503197903
1
100697559179107119
93006620656564779
59983761758200114
1
261579477294627193
1
211801105377589928
1
475779136489663915
1
1
282682975472442481
218328676934632996
1
4
1
1
2
4
1
2
61518058765617425
1
1
1
97892050388110336
3
3
1
6
453990564421004584
1
1
281346021166268260
1
1
208051835000178136
93088506230205754
2
140040865150638008
1
1
9
10
799381670896522323
6
6
5
334186158590447274
101587587607243228
1
1
3
205108938857329359
13
82196174571191409
1
2
1
102620560972685597
3
6
1
1
1
2
1
1
1
407892425903856643
82095821692641339
375327143379266411
75289064351904318
1
8
3
279460644027969582
398348047564136391
3
466651242322999474
1
1
1
2
1
5
3
8
1
94483549634936756
1
659448881662205149
9
12
182881809789627955
3
2
1
1
4
69547682791862139
5
2
98026617328559242
6
207305448908781808
31308845221113404
1
1
30
279688510622335668
1
1
7
4
1
1
1
133111885340392254
6
5
21
184381823371689652
1
273490433107019986
254647799724218074
6852132832957024
1
1
1
84292510256921188
98932098877835871
3
5
10
1
1
302940168145198262
96025979139292465
1
3
5
5
26
215138785644938609
6
5
1
1
1
495699934442321904
1
4
252653092728640626
1
1
189602837578524323
20
1
1
4
4
1
1
1
4
1
1
392388009404174924
310827737952588230
329181331493451946
113437861621848006
3
3
1
197167151414022894
3
3
364279356203235559
3
1
1
1
2
1
10
114179194946872177
1
201213050154592321
6
391891267232252293
6
117202027052553300
287401327488998443
1
6
277189524801323950
25199392212287513
4
96242398201062829
37956362447674570
4
999999999999999998
5
114588129766800344
10
126757495342364025
2
4
5
5
1
1
19
1
3
1
1
5
1
5
6
2
13
3
309267575159657589
146895885315054820
8
10
3
3
1
1
68191785873690630
7
1
12
1
1
4
140227590573029061
3
1
3
9
1
70581849757612911
126945840483644279
80939243274259270
3
4
131457427973297856
1
1
1
946646017556075055
6
174361688079211015
3
149947454824376784
119131936888792520
10
8
134792083015123275
3
1
61686763291333981
1
1
244580551457427345
1
132634132828019413
149856083296444569
332985702380562298
1
1
8
1
1
1
73326994196034299
120023670375313712
221710979197116232
4
1
3
1
1
1
54579315547185037
7
75018492133844947
1
1
6
3
1
3
1
4
1
335314119087175984
1
158087826844594694
2
90695962727359117
1
4
188899088863621737
319493839715565925
8
8
5
1
8
4
6
1
982656831605119602
4
1
51319128215178854
81295751591669091
112910186482060385
6
5
72
1
1
1
6
259187048496851248
88934403454359491
1
110650513811699171
949620786244281394
5
126594556820743949
1
128828554195626577
6
62371323218024024
8
1
1
299897546930350271
1
280128849973655316
4
90468121798013053
1
523323096132435088
169819520635273360
194529650916193815
8
1
1
1
108888414446338331
1
43761076324295305
4
29257949534920642
4
1
127543731097048111
145230285309622017
1
2
1
1
1
77436198523731918
8
107268058806273130
91646964784082171
1
213647287704950300
1
3
152267433146054282
1
3
118923412746140620
17126280867207098
1
1
1
90062579811343817
1
7
2
3
239692944923828613
1
1
1
1
2
1
1
999999999999999999
3
3
1
36430431624911621
7
247060108752728624
4
84162728772571576
205164769703712782
5
5
68984780567556806
174463932729933574
89979116700760457
566372681614889573
210752169674277213
23306596628542175
6
1
1
168600009571549480
8
2
196263473573710341
1
115405219173115948
3
4
422580360774644357
1
6
4
224240868370118832
14
1
1
278826376299697354
6
6
3
151954841549538275
235658479359864650
272491909872113650
1
1
1
2
5
479823502525847634
127375156902000878
4
186955951015391256
1
42996600094862605
99637625455443005
3
147411695355020653
4
174025940160247299
1
66741628524097426
1
11
11
8
70962914751431326
1
10
1
10
1
1
6
1
206903066622184762
1
2
11
112242712940354155
851344537344068718
1
6
1
23
436440546532246654
169105630700833192
3
1
19840966329146403
5
1
1
1
1
965002620086427745
10
274030636652834203
9
218972404661641163
8
94392569469907136
1
949039974396799108
1
185276478147716252
1
7
1
1
1
276004062853597961
336540596900723603
1
1000000000000000000
28172802904744859
241277496949369099
1
1
7
3
1
102792124241779969
179955411815953686
1
1
6
9
1
113858086612097789
79729797975962444
1
3
104086328024809305
132298294144315601
1
2
1
102218372646694855
538189622234546309
5
11
1
1
462218568517364961
1
1
1
298341393242314337
1
119427171984772007
2
489610710041187873
9
3
1
4
1
1
112248811056131395
369202522397043799
1
316230017467987128
21739564120565137
1
6
113290522322989654
6
6
4
5
4
3
1
208235773553275110
122301122034274003
6
4
78179211874239318
149010034767005328
178325591696000200
97278144894122277
1
6
1
40006380128055579
291084138719329196
1
5
2
106455534239126306
6
6
11126022351571882
74395674844688001
9
10
223301928628475223
1
125754374125414424
11
1
3
565670783187009108
144210493920988325
4
160315110452039052
4
6
1
72659013423032976
1
115289294782318641
30825896541412547
1
1
18
108032769444443218
4
4
1
1
1
1
4
335423519665047643
2
294264550551648406
1
3
782848886154045897
1
3
11
1
785859280037943647
6
3
124732539619650202
6
2
1
25
9
240845803359702239
1
8
2
5
1
2
5
49563150898591896
2
75687159939769229
7
95813578146496678
1
1671415337080335
322015032454050139
1
3
155277721211016582
2
131397271766410200
1
7
306155977575555901
1
3
1
208549189570017840
999999999999999992
1
1
7
1
101194000404797190
2
32513629611519800
1000000000000000001
339785147882610505
1
103147788960002602
3
189692593483710118
33358747917687043
2
4
9
4
362614302071940392
2
16
14
3
36628563187210576
38
5
1
4
134737955590207878
1
325999578347549505
41400132728870050
8
111597270228232270
125106943739456024
1
139147424116957655
176443424232376647
6
1
2
230401062000408287
8
10813221870624718
291327665284348228
1
12
5
5
34933840790622074
173173617275595246
11
4
47883490851256690
55349108680985107
8
3
23
7
1
5
1
67729054183300235
446423447042265239
165076007231078661
5
67012398683150743
122064506255157320
51886234121837942
1
1
1
3
5
1
337270133817587922
1
1
98419776447699316
1
1
1
121939773433488644
9
3
1
1
198517580348065958
1
3
2
1
164844640473456832
352267330707733297
131005850196162574
10
1
1
1
71892954849966432
6
1
1
75683179922530771
6
99399424340910503
1
78992841252097431
999999999999999998
155323553456713105
16
2
1
1
247547443610612382
270154648634204274
4
165323837777059333
2
1
5
5
148151665132157508
1
114055954749247273
5
5
1
224397836467430270
1
22830910733302770
1
31
44642186841607580
2
3
5
4
219028042202778185
10
2
1
5
2
63931636800180566
67756526540502872
303061901017435058
109161811053566173
22
1
6
144860662024321087
66639541629909349
1
260172363039354405
2
1
608744731836686681
132912501507941050
5
211674850190545167
120845393398562968
1
3
4
6
542276350213584402
25
176498341035574645
4
11366572305677664
146223923100219632
1
5
8
4
1
1000000000000000001
3
1
188365435605267700
4
6
2
1
1
1
150601926052918170
51631879658526194
1
1
1
3
161298673288346815
66409525719424703
119527232966639297
1
1
1
3
2
154351940602107079
90773289565450790
300958506112043083
7
1
2
45674620705555738
6
1
3
1
999999999999999999
1
10
168418854417848986
3
6
118549478694968471
1
1
5
1
1
73405704644406277
188148880271155225
6
15
1
60108517326756563
3
319313021340202055
137216805387001145
1
1
4
6
4
1
2
251826084115835677
4
2
1
161460174008566891
16
1
83951621517734266
1
1
277004066343526097
5
3
156700152403895664
36
176955827543802308
3
115323775532230340
3
1
1
117186460146873934
12
1
14
287483303005873027
1
12
1
1
146207517687067840
218511081457029431
8
4
1
5
1
1
1
2
1
1
1
1
999999999999999994
241141604890156055
1
6
358758054772205323
3
1
143305800705650498
240624528264407020
5
5
168488652685652539
57306765444953759
4
1
3
999999999999999993
96233831813236806
182795713909497039
2
1
5
1
1
386967205855975547
1
10133226769460860
202407248816873044
46458724926578814
8
1
1
1
1
163465520153877095
366256324300078229
74015130195309411
1
1
1
56697673214922997
8
4
3
2
1
707628784125758144
2
37343623481730008
1
7991063622561173
7
1
159221037568751021
91944265780495379
1
1
1
54395485477759937
81538666929133954
59695420274324713
8
1
5
1000000000000000001
3
1
114485921113883633
93840700516769409
466126470688180882
1
4
1
182661959214824357
1
12
8
1
78437920484013426
32090596830591615
1
1
1
7
1
130782788018124737
101265290940236321
6
1
172249888968624948
1
278223427245883626
77694413680259768
1
999999999999999993
116118819562717161
1
121744247702246014
5
999999999999999995
1
1
1
12
5
131195241296034871
13
452800240962220855
88765347924357097
1
6
4
4
45306157549220244
403249590440291164
5
268990558614814269
67248594618406597
1
1
233066055663433737
1
1
6
136182033217199908
116309815948032224
161631104416927749
528892152641963609
1
160960871110452532
3
1
1
1
1
56291481261295662
1
1
56298775170016460
777568846887131916
813331575302953081
80349149005581290
395502553036982442
7
1
163844982204456580
3
113728116932501622
3
138657010721962112
1
44613029600388928
113846897834241552
6
29
42911275420702423
7
231797040167544890
1
170102808098189789
1
135650061714379737
481071347751793135
1
272265762872589435
4
3
1
265306613765590059
52231306758222223
2
5
1
3
84541380028572259
4
9
8
2
76926560406085794
551610226303570790
17
3
1
68237240696591515
1
3
1
23962784140381746
27970868822575206
84793903896083210
1
1
1
37999032893047690
62262704925485287
71720044802173507
117814009566733963
1
5
1
5
229946019827051132
6
5
45238124694709572
230782818044803305
192959541476122354
5
997430713869045661
1
1
1
4
9
12
372665764048583439
4
5
2
400070262487938672
3
5
1
96486849729050160
222032053022081887
130227210612997650
4
53099462630991516
3
52912412574313643
5
1
3
178643306127981850
2
1
8
4
1
126031588145460515
1
1
1
1
182108942272740557
1
286228752269535905
5
207356625834871222
6
366262112460958608
3
278060832227684955
177017735863450454
4
1
8
153581616940117504
3
1
223989845543689340
999999999999999997
6
49795741795878343
1
1
1
105185009508952694
137223958998980198
208581648004484874
107037946076877312
94487620463313281
999999999999999996
10658945750535213
1
455482306644924537
1
3
2
6
163968900314670759
404332254015476167
4
150384189842724569
206755777258287720
78301400181270247
24697640803582452
117185978290327288
1
98831058982813828
226631003894439880
314009306307816388
6
137145612474671809
1
2
1
5
272187162096786730
2
1
1
3
116186870383553382
1
108527751939828043
131775301614188135
5
426760338754199807
3
1
2
1
1
216072903453831284
113571560269566479
1
6
2
201719561069989765
1
7
1
3
1
1
1
146097695785799307
104322118343987676
1
511582401976131571
170001999551720916
241942974467999776
48268861617922294
231717676081399465
1
359469327936609985
6
15
131021140706599846
5
1
139562585219022498
1
1
3
2
169645720977056017
948263747505514141
1
1
1
9
151426296313443402
54705074236600961
1
96541021699644890
5
76477346014262831
4
1
5
1
101912453705161312
3
6
47722890650575177
4588606103483258
14
2
3
215677846895463226
10
137328220906677994
2
132166739092534745
1
2
54351209231545902
19
6
7
1
3
51511211736990892
4
62371643009940749
69348814224157413
7
244591829088476327
1
165836074112303387
139481880882555483
108680668546681866
1
164493316185699149
50928969866260900
70687113153470533
89337913603211951
3
7
281385458361490849
1
1
4
153070006244059455
184846830542804365
12
4
3
128220353622661598
1
5
197064606839968844
4
1
1
1
1
1
5
3
88641188452282727
1
1
51064734532999582
122960609357516866
2
135705170780420783
189462383816125699
88389564561372548
1
1
86758547891688707
1
5
51248992956377531
253054113102902763
1
4
1
1
63714565280213109
1
5
5
145194492172285335
212480463957927628
1
6
78914675499694280
405713110309216741
1
3
6
2
1
40
794525269438216462
1
1
154343002635283832
72196635040344196
5
1
167951473418805122
2
1
63564985266218036
7
244931847521489387
1
3
476639137315865182
153916589482116716
1
1
1
1
319924950312193248
5
59719405914401261
6
2
1
1
5
50919883268370152
1
175071147551310599
1
183336270501390267
4
12
5
1
233598678342132020
3
5
5
1
1
100223014553212983
451679725258736823
3
4
123572092588110721
6
47818782298082429
5
1
1
139652519973727973
13
1
1
5
2
3
81587691925821055
228518766088070988
1
119691847789655458
45248403607592066
6
53882373969701943
1
1169354812694246
2
169318878920980979
1
1
2
9
4
118240060736456135
5
1
3
8
374610138399349575
77405038139302563
4
1
403646496207375081
1
1
3
1
806074743755391775
2
108393902927040782
393954535914588840
267367961409181198
9
96029877872212710
300306796647577434
59962793176146461
999999999999999995
312678351937712818
279699442893256639
1
155571334028510341
94047998671317699
182907152838902550
1
155368544540521261
1
10
1
123244676002028561
1
84278296330878806
202063002297379656
150257278282690348
5
141899184646487426
4
39961030864099252
160391176880700699
3
5
3
72926620230897828
90681632456995282
5
2
1
1
1
72984650613625079
1
11
1
6
170969732063424571
235492307096427752
1
1
1
259352634418324239
1
36455043495049049
1
5
1
1
96082797189404284
7
1
29263595048679871
1
10
1
190650954251217910
1
2
8
60171222690953945
389943098235220520
1
1
4
123323978266988331
5
5
1
2
150214690455495365
2
239729714292395044
6
1
2
5
1
4
2
3
90149450399749235
2
1
4
1
5
1
259570471247942092
139215563249912038
1
162377418041922937
3
68608481968310706
1
3
1
5
98764616279977732
159793221434333218
155948803306746754
45067816620838676
7
1
1
1
3
91519261680380702
1
7
7
2
3
193922787375036994
218051330306034772
1
186154469355995241
5
1
75350634702305030
6
1
43724535067523902
4
124258681800499098
44876819044382333
1
2
313326311878162811
1
1
205455519090563229
151153061372397275
1
10
3
5
95099111847316711
1
4
8
415205717728804409
2
46894817243900973
1
120992309677715794
263443389340658259
896909584131711251
999999999999999993
323889496325630152
65704640991448851
3
1
227529119666129913
61467286856517095
1
1
1
5
2
76974557907218648
1
10773106949792691
259955403559639168
6
1
45219899573502037
475801795424598206
2
8
3
22
3
6
5
5
145074158132789168
176089666178545826
98355620064238537
6
1
1
387127516499444667
5
6
27
1
90915813025338132
1
76157210510841498
318872188178953385
1000000000000000000
1
5
10
13
5
320277927340480524
1
11
1
1
3
4
157321979949868924
3
6
5
68187105449123215
4
1
64369807337741266
4
124918698173058473
14
9
255614649277793176
1
169497818258422066
157194338419093404
4
7
116603184566112849
124962867384932376
8
99400980288357021
1
7
1
63981355632058302
103380030079480412
4
1
76946494537235187
3
8
5
2
4
1
353343959761809122
5
43653828591599602
138046197066698541
1
3
381983710535602577
9
143980854256109857
1
7
3
1
2
1
165669534886463146
229931797342584206
1
1
1
3
3
7
547901047812671913
12
1
28942057501954472
2
1
4
5
3
1
323200306861217783
1
213189871748016652
1
1
398775603454357828
1
178526430584340858
159835192918378945
1
1
1
122701875592486254
68
151209602077827756
20
1
6
115342716704463189
7
1
5
735051728594140367
1
4
97731605248334978
125833307938304425
1
3
13
119247297259061700
1
4
23
206476725632666778
1
1
1
8
1
1
3
7
1
113948599175849860
3
1
4
1
1
5
6
1
4
6
4
178921995128764122
6
288787170181511610
8
112179497573570539
1
4
1
32147209190729562
1
16
9
115249251714349931
5
4
10
155642944939334854
5
4
454868955308379148
5
1
5
369272409092871768
4
1
338519295112138701
1
433391691628336462
1000000000000000001
106813587445367461
163568800220697345
146419673203512384
146591909660306798
1
151216778946603343
223605656167853864
1
2
1
64951516701287657
733934586910342158
1
159229740781796777
1
5
5
1
285822513221406123
1
5
1
2
1
1
4
1
2
1
1
689670192315558232
381940055553213034
1
148251599884147835
50691110239746883
1
13
556105398730501791
123523693107421019
210127681478677624
1
1
303532523679082683
1
1
1
1
6
443655891149480954
38
3
175289554129788441
9
4
175836532443437101
181577757934576961
259205144590358219
5
3
1
4
1
4
3
322846806186488702
5
1
80941086157034926
185629960536656681
155444535793788373
33144542536841715
7
125633178935022084
1000000000000000000
6
149763580759525010
1
1
5
281097637738112137
5
169000685801942686
3
498213836080737917
861593946307459849
59865588276186933
49792444717285709
6
1
11
4
10
99622255029722721
1
5
77746677239891040
32
5
35440717041601713
4
3
3
5
1
3
87149603070623192
4
1
176450545811977584
440754537529368285
182138402887407769
33281459581911911
137618486641437768
1
1
1000000000000000001
152281987990936811
1
121232093556474673
1
151563342532221382
1
12
205934042359345191
468213087679448589
5
652109300326410506
4
1
166685787792453436
317285338498414288
46434448308891601
70609277753652936
10
92292574373237595
52523503086343127
1
1
2
185241836652506320
1
1
4
4
231489878198248081
335084120728674357
2
11
119459754374098430
123183481310439241
5
104857255733374371
6
241914983218819714
4
3
4
223682545889162306
1
200267388541503773
275950064166462626
1
17
1
1
129740112865956866
57342183793477282
999999999999999992
1
2
6
131362789200752342
1
207614364690048726
60739688973673686
8
381437280937698176
351601651248220866
75772299704575075
463015382570303836
1
1
143492802787927559
149800958087010758
1
138017530632958665
219202693070856394
4
1
4
1
159781137127963070
1
6
1
8
4
1
999999999999999996
1
8
29558363778467066
4
1
75640520197215253
4
4
2
1
1
1
1
1
1
1
186941145567735849
1
102945839766043352
3
1
3
1
127779860876530831
1
250360677958047281
54273425885698191
33795046570040216
1
1
144066004212957222
2
3
608054012575078531
11
244909450490947025
240496675672412101
114986425531727881
172209977986542744
1
1
1
1
19
3
1
3
4
1
2
2
1
65654634134937057
4
1
119134470259871266
6
98665596358578915
5
126128591427651965
54721064495780757
1
1
46491178975076087
1
4
1
5
1
312025366596762967
7
2
34448781813654657
147790815346693603
176444008379898899
1
122743902843745993
1
1
251242532038810325
319634390896540925
8
1
62867900282538644
6
107381925012887573
1
1
8
1
449475614143522632
4
5
470109346594448711
6
1
217060425389729340
1
425094992140086997
67410285052600850
54239646353065976
1
342681883528268445
9
1
1
7
397455970014502742
4
5
7
5
1
6
5
6
4
604481538004100133
228307970810343633
76470383844499366
1
1
444454915384965679
1
1
2
139344971977379795
284088311346174349
2
9
5
15
5
3
1
1
35704522798298486
16268572285481731
5
34995941397866773
386946459782958125
3
88121589021214543
81790331669776796
5
207490598879502104
113468570593190429
1
90708684840315623
3
1
1
130723854282982543
3
8
1
165905188346290895
3
3
4
71835378690060739
6
1
81338773088688182
1
7
247797474812919098
5
45397803532339810
260035276434953899
266389114492533815
1
13737234274286104
237327559432397815
15
4
67623512887098004
7
4
3
1
286083767811078422
1
124025944653246377
2
68790356783118428
5
104367976467642499
4
1
1
1
1
1
14
10
112020906744627540
179809485083976932
1
1
198799627683654504
468353076158396360
159619692551547788
5
197651218690510558
258421791494826346
1
7
4
75734167249317384
152423941721108160
4
654849072975776894
1
110337293359581654
2
1
7
1
327897480942534829
4
7
219978073716774077
2
1
3
32574385915767340
215542136930150953
6
15
535801179571589188
147413914113831041
11
1
1
707952874256875263
1
1
5
398546788537129322
2218054503225307
4
3
1
1
3
695330318329864851
63327722711588571
4
1
122209553600583560
1
1
84637806592518777
1
1
1
12
170810373320501785
3
11
361381451715728113
2
245743830875977095
5
153269307851527417
152849751556344983
182284041605356859
72527197114645057
242566148273431081
1
171052790892132431
4
26388611967125011
1
9
1
1
81656750839083377
2
1
405538732944838440
169581519159308252
81696842297318699
214730289677073006
611512344501215669
5
367696797329414684
170105453590821687
109389148827400267
118920427253450177
554075984798760736
230334372821749398
1
292176913394615398
5
5
5
331413009599619636
2
354136642359782685
4
2
5
6
1
1
2
66822656873025346
152999940822112929
4
4
58156112333165813
2
150232021970743215
4
3
197894499459337599
1
5
4
198496426520012803
1
14
140286098570553840
3
75877143564322516
4
1
1
1
1
1
4
2
133826460056736685
33470687381067811
1
7
23750447895072393
276194267799827332
119346522308143813
188808173561287022
10
1
105301609984509929
477053216710451135
4
73525916633321140
260297667363640340
1
8
181911882738743174
279447842204696881
193842146312473532
1
1
4
31562475412435125
165014936486585211
1
142433337396742341
226537676182283617
112062827015751628
504038292195478339
7
4
51748018398168383
181053436362100789
3
7
1
448769593820924892
3
224304665785020306
1
6
4
152232990821493832
2
144518837180799579
141728518265227187
65991206657330254
164425976996184907
6
1
157323758858787903
56507052337422857
150892473264225543
137213105555958570
1
1
102153091468997836
90678452165897526
179784158646777394
5
2
4
1
3
146527852621338799
1
222247289304033378
1
200443957752433569
3
66026909294284482
1
1
168782453971689197
305154337049302660
1
109222453923952330
1
1
1
7
443677183963036258
40331691190264536
1
1
5
1
2
231602123655714759
93476639941378189
1
1
48352131387749658
1
5
2
3
1
248149584796376989
8
1
1
4
6
22092743386644552
122684993069157256
237633634304388135
1
432547423725015979
5
1
30912021177927824
154239133176934562
84855939016849512
999999999999999997
6
16
162475082012802339
1
262620378072436687
1
182107717868955376
5
1
999999999999999998
6724312957584061
4
999999999999999992
133564112186057660
1
57032843580690215
546311180049009530
218595662533752671
1
258738691954896236
1
44897987806550422
6
1
1
206719547596840007
1
1801721620485463
1
208970127818982944
1
8
3
149482260665207531
1
2
10
1
1
1
222384960512381937
1
4
85076840856022660
18
237645085351338198
9
1
1
220280617394531885
1
5
133390757465005684
3
37518304683821925
154529710252462136
3
100495964209340875
1
4
26
1
5
404696648069095100
1
1
92521960136593543
872522079612881144
1
2
422480729749709364
13
217830249840622535
1
9
1
1
943439024324642797
6
84901588931949911
168783899137954339
6
1
1
102225658706174185
125767794788794387
4231657473872767
2
259638203038028148
2
3
1
11
5
999999999999999995
1
70374883054968388
4
999999999999999996
37529978317109401
289641696345769018
7
62864346305936364
6
137241827761447721
109968754114776164
1
1
219271857178391248
492822274782194258
3
186293386636554952
1
4
1
1
2
1
4
999999999999999996
1
1
422090556616655531
3
190406267100761452
4
1
100550620014407154
1
331463876117583650
3
32608434903327292
2
27536955689798594
11
65375453622897456
1
1
132069410542720248
4
2
108254945124494956
1
1
55932661895407520
86342646682409026
3
143088560119870891
1
3
7
160409650254548956
1
6
1
1
1
6
3
140085651757885790
3
1000000000000000001
2
39
2
1520980232638008
1
1
166240430943447589
215550335075920812
1
88513965617156885
3
10
1
130068920921029310
1
171958510654336650
1
201821731517898994
343870090357590537
999999999999999998
123995974058690018
1
29368811303124548
3
7
117662859061324710
4
9
1
131876638392757778
119770700694762785
122612668389484081
4
5
16
1
1
1
7
1
5
1
1
126257649101929812
1
723540613942867250
1
1
4
1
185267885946987700
76260188606009380
954741297114925657
1
165879887944738092
1
5
108280893265753036
146498486256380684
286824758209773557
3
1
75516143018716735
6
4
6
155024917975880839
186483718481314074
273867572181150621
6
7
34
1
2
1
2
2
4
5
1
3
1
12
223508156403393789
375203406275445375
1
1
69077766112707632
1
5
288253860913676497
142561079508753849
29
58604821966565272
32201667466800524
119593709913801352
1
99132951610212251
13613018911857321
246488729873031729
2
299497211439639994
1
1
2
3
725068654988372315
1
1
4
2
1
558900659358018228
1
5
46649567189344321
5
4
129785694877436811
53361689205783242
144242391368812707
1
1
8
8
67
89894250279153814
9
8
180115360122962082
226188030653603259
1
7
3
1
1
1
16
1
32996099614213670
180004968912830539
138950717510480748
190331700423151820
2
1
47287645858816016
83429133745349537
1
7
180413874756213939
2
4
1
306944449827311375
1
257618366631723330
107510241721160582
1
7
1
1
1
1
1
4
7
1
643240452474082693
1
224880788854140817
1
6
5
3
21513226608592658
4
150466863021449514
1
968144987564567912
1
83836961850815626
150293990708472405
1
315528437212958525
113361509113581311
1
345342120630896809
7
274167724775234129
1
1
36805916004590997
1
2
374162887363500770
178277525128506874
3
342841888220250883
344975330830109921
177555405318278207
1
2
74251850656130333
1
1
1
262694830217600068
23
368169237301744707
78863933859113641
3
1
1
3
306640900002810594
4
1
212738169133762791
4
4
3
306991311226449652
1
2
3
194540831780814291
1
1
1
60854613398027142
78649384736780022
265283283532462132
1
61752981889132203
2
1
10
1
1
129649897706790541
9
113068012149487916
1
45154828548596558
117364693096583422
83278029401844752
151440232495843786
79823825015639608
1
442654822066415350
60905043990680333
104404276727861595
56644778934829519
10
5
3
13
1
80628586699769538
2
10
7
248123598968301448
1
152323566316789681
424250787183619283
2
2
2
7450649075933845
3
3
153552932039083778
1
1
1
6
63980871857780878
1
1
9
1
834415382771628572
1
1
121641379978979072
307216199286161518
6
58239298981239556
1
1
10
1
7
1
5
1
249262504380566958
829704616026693382
56964222244141813
467660602029917774
1
11
1
5
425384769127697710
32
107360134429919911
185394985954804609
150501653570655218
82977415915605959
3
2
3
354264713944353247
1
1
1
1
177810795868915086
4
4
3
6
1
1
241177807823080357
1
4
272136019563771146
142943637867972135
5
1
8
7
2
183803696745417277
1
4
27891146064608597
1
163320997063440041
176373549359493128
92335607744724740
5
1
1
2
168474624010699221
2
1
292925647052857927
1
269100241095813124
92975217239628777
121332213025429080
10
3
84624291051914354
8
234828335536203193
4
3
3
1
105453102310241884
134199275747181492
20291208930978195
193889847290511925
1
3
999999999999999999
331477103824360086
113950478503089275
1
10
103750198941773292
3
1
1
2
161419368733127721
1
152180846274571105
1
1
3
1
1
3
1
111467227517404837
7
1
310118007062398043
3
6
235746171813724762
270019234057403413
999999999999999996
82278735668730446
138451617473685963
100095644567136859
77259303855318513
1
245174524561632392
5
2
10
4
7
229722815021646083
571041877648221836
1
172701240092359221
77046436658812377
1
7
6
296483389626449350
47400465099482649
2
147068713636107944
18
3
1
165830705352865652
243647179490212679
5
822921156071565581
174151299398121038
1
283354455556937384
1
202364294989327328
488440381212889443
110098423365034963
143551906743486269
1
2
3
9
5
176692675085356435
1000000000000000000
314579614956556670
4
4
7
1
2
2
1
1
1
6
1
7
1
296850364268847068
1
460324780441768202
1
291652955573135389
146326165163652608
5
1
1
5
350421533391672281
260916937635051922
1
49979203153927917
1
5
1
1
4
110044672429105057
1
131644743121008803
75857753022719537
3
1
1
1
4
91302762129206618
1
1
6
79
5
1
1
3
257146905866072694
1
4
94613817155772160
5
8
473278049439630960
63096406355093428
74596558818822400
1
99965929124853867
38300586591983341
1
371657144229278579
13963727092737315
3
1
182272733228818432
1
1
109491203671525783
140008099730353684
23649382227444092
2
97055388149329196
188781621768327539
1
8
2
1
1
5
5
3
2
6
1
1
45055715320957693
1
6
7
2
1
67
6
4
3
251517145411984484
4
1
1
119336611262087449
5
130203470718597504
28
93936357280982335
8
151437110997450479
4
1
1
7
9
1
3
293142186832360048
266783123772800969
3
225907320450714303
4
1
8
474360107753972724
123372227656640650
1
16
19
5
3
122500325545288032
4
4
179915050434338457
1
296662250044528842
9
534552640305876707
1
75765926373949556
7
1
1
1
8
4
92795053346759611
1
1
1
4
1
625858025470461811
104256766792006590
138514407397595091
82269321401399300
3
140397058127713366
8
8
10
5
484290645238771484
4
4
1
125271260750745195
2
1
1
95443504062458014
1
999999999999999993
1
2
2
5
3
5
9
5
1
1
3
264090709951697007
9
11
4
1
1
3
5
109351240586079595
1
123899193287250681
1
1000000000000000001
163935817311229298
99536625200090417
18
5
26
1
3
57388449326826149
83511742981806748
1
1
58739121824446371
115104121114249394
48
103616651493966264
283050679223741704
1
123195524695025888
3
1
363203872338076148
3
169589912939327515
1
8
1
17422442616165455
113200143285755886
1
3
1
1
603855949217007799
150386416540897894
3
11
405590073360773627
7
9
1
1
189305187891167908
228567862558453689
219539656238493435
9
3
1
3
61058229009306872
4
1
1
4
1
139364846834566766
5
6
1
1
8
108879046673590191
445860024301562880
600178511562260290
1
2
223417567438026453
1
1
4
4
1
680740563248667323
34050508211086904
1
1
155357712317633826
1
255488823308060794
1
198670865613824186
5
246389344785304366
117634318646858642
3
6
5
571884956648401756
121392013287480009
1
42787806330429042
10
495397661861209982
1
4
7
1
1
1
4
77269108339585768
1
1
212198406230981420
3
1
288063686383818095
3
7
4
14784752490243212
6
1
1
2
2
106057835705834385
6
1
7
5
10
333294651372512567
5
4
2
119120849985218540
1
511927381472601767
92254042671861935
215433698487549155
135422520893369889
2
8
3
1
1
5
118820421557818577
1
3
22732249219854484
826162892060456899
102988710753741003
219667993621914263
1
16
325439905369180146
71391382077093237
1
1
4
260984287372727504
1
116758940237757289
1000000000000000001
44127052305377778
302424087769227939
219520526899562758
46086136948898568
1
3
45424021214550005
341091798406754952
1
5
6
5
1
269717575096415184
1
1
1
1
380253158552086397
1
4
1
42300282562822654
78746974910957225
54719118860005142
138228961351054901
1
1
254802130215788699
10
140779050628058994
1
529807451408487186
35
1
4
3
7
233839280452860113
63175308877008362
119871172476247109
110672091741592473
3
1
134526676493850942
82353252793259536
1
1
5
1
1
4
1
67851406741548632
207539049226961767
1
45890977308650415
1
43941268692806926
1
293197728980858369
6
1
1
3
1
8
7
93090986432413226
141069499244537565
1
1
75413751921696671
3
1
108167193954944388
164143679447664499
5
3
1
2
44205984950656739
280152551563668280
1
139772184404585269
1
2
396129816652608834
11
7
627381422860973491
1
2
1
6
18
81642199310344010
3
197279282270218507
1
1
97767855838996290
1
1
1
6
9
10
88627056741150388
1
134262664567323023
1
6
1
403719284279258736
1
5
292651898744263759
89906571542983214
1
358993899115148290
7
8
2
124732827546347965
431033155178375695
576574767407278940
540729046789792023
71324081886930568
1
136663428365710484
3
1
999999999999999998
198963595851346403
4
4
1
52691237039594196
186365460584586473
3
7
1
156408849261646188
1
7
2
301306694064334905
1
542184735198360086
726604880578978382
1
4
245297294112992944
1
1
1
11
1
1
1
7
200478553929591620
3
1
1
133742982534143704
163845572988710032
9
158014966186197224
167264803354098738
1
146762025137106167
1
1
5
88923757585379110
5
67645012380301209
3
115669511683501357
3
8
104548068012891971
234807824502812717
4
1
1
89234877132125651
111906936691152646
1
4
5
1
5
12
384101487846275240
80718232766215839
1
6
159269768766680952
191760730192587490
1
1
4
63196106937293286
126951882984992478
282665371789503199
212866184386780238
1
44469666904562685
19
1
1
99367714713488457
13
1
5
280904704198914197
667229552123363568
5
6
3
1
1
151772297718109569
3
1
619806373947498704
6
375530454600222880
59280493809037081
353700080930022455
690190006436061682
1
1
3
476558517051316790
1
153626255619241079
6
1
1
134887664515112639
3
93021823793667566
7
1
1
94257747368345400
2
4
1
59942760288250980
79883367791474847
1
7
6
30
6
1
1255077099448556
999999999999999993
1
160431404960875200
163018120922787603
7
1
263566724952676095
160770502443081503
1
387154741952792037
1
5
7
9818336103347799
5
147163582715128388
267363498321788554
1
5
1
1
114242938297376292
277330210408917854
3
1
1
307992584197521588
1
1
2
258961194806132087
223500711858631238
6679059828237009
5
162989257026732623
258206521790096824
4
1
69402677354186420
7
3
178288653333180627
210994739902535436
11
6
1
5
5
10
115281912514744047
1
2
1
2
3
5
1
10
219258005354851065
1
1
5
7
101172677953752433
9
1
6
1
33543847586298890
3
11
5
9
264687254085409448
1
378684031357484291
1
1
1
1
4
1
113027661124075496
3
1
152302900876776739
1
1
1
101620503653158591
1
269759836042537597
7
784118445898401866
1
9
3
23
2
7
5
101495742924128282
5
1
10
8
220646093248640834
2
6
2
174454715617245520
5
3
1
1
521188660514197939
174006117652018130
6
1
1
1
1
3
102333877949509890
222630368226511396
22849732040032553
120131112621872935
181079596605907299
186222575390353915
1
1
1
6
3
1
1
73281820247638219
458397542650730942
72215297484873704
351476688101171665
1
230595423483546831
999999999999999997
73524288002512087
1
1
200757240305961938
178143522124573868
126916205436804640
95613465640780945
224723713854514215
395473587894710889
2
1
4
122047098263517745
140186942466307432
493291697076472644
23254559614217510
275128905788468319
6
63513889566590430
139380728143306798
1
1
3
1000000000000000001
1
5
1
94135550483625494
11
4
298521670314126587
165550053969563156
3
3
415591759548875897
1
115147495982936640
1
1
42538780271746318
1
283555948211432528
1
3
51742367463486265
1
293876816392835002
6
1
205920662597439610
7
420981277022450366
684773068036817045
3
8
1
1
43885661152473036
10
4
5
32197813832266841
4
68699298386238391
1
8
52194052745874680
3
3
2
1
2
1
104226653025539854
12
1
3
15
39846380672186797
1
1
4
1
3
38
1
525878429111597650
4
1
2
5
999999999999999996
88183209377313768
76041793596698201
1
279843534951867723
1
65585989067145335
1
69343752952389235
164842981500934782
1
3
1
1
5
1
1
1
9
4
1
3
305710530121801320
121888744652399172
213550719349476516
18
1
6
360324330238675919
3
26
220771420793062417
4
5
1
1
1
4
4
17
5
254377691054752882
5
3
3
10014317657282871
447082486110852898
159395253963059925
6
6
565381163948097311
2
1
127219440514966871
85929722006457883
162176437647598344
2
4
130663176121142699
1
174141887140734387
198666749283457690
999999999999999993
7
1
188369780266889351
3
9
7
1
60481062583195694
5
18
3
4
143300328009272546
1
1
206215315682381340
142488523711923577
4
1
4
3
259012187432510274
1
98201522063757498
194132040962675503
5
159604969590916740
210586629702728640
98909549742041750
2
362856018071131322
1
6
6919283981986190
689375886878562233
5
42638991560746448
4
1
1
1
61528729722154030
313846819376271295
99715809676676115
134085155272357430
143173805806402134
7
4
4
1
4
1
1
1
3
1
1
719496218889638520
1
1
1
1
1
284229672243744935
1
3
183836683294360840
152818645927478747
4
3
6
240054027092869812
1
3
893427486778723366
2
48058515538401227
10
4
196474260205625610
1
6
1
1
2
1
5
1
4
4
1
3
108035354848811143
4
9
1
1
1
140798947542002802
31289774072477696
119160889035751177
4
5
7
27
1
7
4
13
7
25
1
145247325721068705
74145326168500069
3
3
21599788591990809
1
2
6
81465788110824715
1
145295864025585983
1
9
1
147859964744240219
1
13
173313239445945656
1
101377544866851847
4
184955468953444819
1
1
1
999999999999999999
6
1
1
96728366725757222
7
6
1
1
1
3
1
4
2
1
99932133294521819
1
64771468751051478
1
1
2
9
6
99906204050417310
2
96633468166917457
1
3
1
262827127894056148
171678063452083929
12
6
5
207885351178046151
116525056300427308
211817539045376988
175962911488976808
4
214550053689619037
4
3
149348023454160703
7
255992155382016808
2
260476060118417352
1
1
15
3
6
1
1
25672949568532498
240039588051594983
1
6
1
147429726066156587
62337609804455104
71474891146453697
1
2
10
9
5
164072500988149252
85754719945118182
1
3
7
117636228170717828
3
4
10
1
1
3
7
203503751723509994
1
56
3
19
123945419835401317
1
2
5
20
3
1
47827751805881201
2
5
122648618973021517
363364412678021841
68779302111906518
1
28586117052406284
12
5
1
18
1
1
191267141547093100
15
1
10
123456047952414582
141348283008464079
4
2
1
912000436939280458
1
100881986263382033
1
8
656413136169312342
14631327952936276
8
1
19
166662287997958527
6
4
939157814374951078
117951941809791762
3
149412525667144024
7
1
1
185832227660039657
147077740713959464
3
193485608538710431
4
1
6
175888192944164770
107790850312527127
195866939774688465
4
1
1
103995911552787569
1
1
73019585802520712
451327355462529704
140823688905284052
650734334329970467
10
1
18972679196531018
2
4
5
3
1
85611434580300694
126079362819431847
7
7
5
126227291334219322
1
506362039090717184
11
47837111895880498
73986764264573408
5
7
1
2
244281032171937374
253378313228361819
116426557569943481
1
41496823935965880
114585326595427149
1
242700672518939327
164449242476556039
77378387377011909
8
5
509233966949171711
113013533953626933
1
3
6
1
98073300324046822
3
4
133184487404614007
6
206409464384879788
8
8
4
1
3
8
1
3
247893981170717453
1
1
105536821838781094
306447839631345161
243038842713182110
3
7
1
51
36
160833084979203158
4
6
1
5
1
173513547667908256
3
5
4
76669280663193749
1
5
1
5
1
1
22
4
1
169950961532073323
346526684408902677
2
105256649329614305
262576938458641579
4
1
7
3
7
80402835032998448
39664107799123154
2
245317273839290460
1
6
53939426052774289
1
2
3
125870855236633483
1
15
1
7
314486713837601780
1
1
3
78844997811613737
4
103476536066606445
4
3
1
4
1
38822305420303307
53745675556116461
5
1
115722210759339520
1
136518063928738116
1
4
15
2
1
1
1
436125378699958556
4
1
1
126561695463490677
4
1
798529972212839887
203395192380198064
13
796782070894140847
5
79005383484536950
413003466699844684
4
349444743001254675
1
1
1
3
560810704199537856
1
1
3
1
4
1
1
99223343287141192
192620843675948235
1
15
1
1
105302607747513212
166013611129658550
44293364179129951
1
116501980419059663
1
999999999999999998
1
58910060182057969
1
19
156367813292803727
3
1
1
186498110043257284
1
2
5
8
122306080392837448
1
117417790236660457
223245390942442365
1
136485751914621838
43463601742420329
1
1
1
1
3
82473744985938375
6
1
4
4
11
339877175295525972
191597808079033590
71450450924477585
11
64396987617260561
2
237339850990705884
71705750692014448
40746062286913682
1
1
4
1
1
5
3
94305097320020114
1
5
3
10
134415366789476457
1
1
915359356046327962
3
7
33495077891684761
29777672488747247
23201202341481999
2
1
3
4
130951518128678433
78952778519277365
1
1
1
255036207446319222
124875522182759175
12
2
1
1
7
8
1
1
1
1
8
7
4
18980172591912940
7
3
3
39843963900011829
14
20
129335459819793740
1
1
5
5
1
2
2
9
495463136718367330
1
1
28697652268298437
1
1
2
93770107165269716
5
216804863514721320
113235054476476996
111919816470652197
1
1
12
1
5
1
7
62316524044716369
3
8
1
230376786025746278
1
1
1
1
8
3
1
1
1
1
1
3
49235515921103929
5
8
4
2
2
1000000000000000001
6
455401549260540401
151742467750306713
1
1
1
179517154554636401
9387471280992701
3
1
2
1
1
3
6
407710121706616808
5
7
2
182845611767057370
1
4
139119974468862584
101491109383055955
108997884924690005
1
1
1
525148935127231492
100501449184234646
5
6
1
4
1
14
1
1
174986319681763065
43585347923699769
1
1
3
1
4
217892108896260904
335922459295061911
247030584441932323
17
1
8
916162373437181007
1
1
1
81805901763161003
1
1
8
1
117249095735583495
51851993979455957
233202912889529004
148271347083733365
14
3
3
5
1
1
1
4
7
6
1
186314894782613814
907487884865652739
2
1
1
1
2
3
1
3
102144202036323954
4
9
5
12
2
2
152781827796279110
5
177147982190961485
1
5
1
4
3
57897423877605647
1
1
1
3
5
1
114240172545288399
3
2
10
105198847504696832
4
1
1
281124341963437457
88025864099677687
87144879731345969
4
18981972947194516
1
5
1
60923535660563739
403591024621041629
1
142689713043528001
1
5
1
1
1
608555941971018566
3
207057552542184417
243819654428372375
2
1
323847932722007440
4
2
6
3
199937333938945542
258277035472958457
174076050475614144
9
1
8
114416352941705128
66062662824583972
202565433981395528
8
1
2
1
229981732148114071
230846843857880989
1
2
6
828645175770346219
772765854384143267
10
48425048644521501
12
4
105789308785435273
4
6
1
1
471639684996048668
1
1
337997030993734385
7
7
5
1
125021762477211273
1
139721498654220566
7
1
183430356734644421
1
526568949665069441
3
209234866167521021
1
2
5
251011286353961472
27017194675922355
1
3
1
6
103765947805033220
5
3
999999999999999995
4
265943091059310261
4
7
7
1
3
1
1
38799614895895338
84693924265075097
197582995258324675
1
109872180910229000
7
4
3
40625248112462571
8
1
1
11
3
226998765143305938
179014264642024164
11
1
77711518885579373
234411933506096609
24209255273503674
11
436780178890788274
1
180340688965952622
1
9
6
3
95586590147996632
289734479808540987
1
201624751086856150
3
101593676679417289
2
3
1
368473872203540954
1
3
8
1
4
5
6
132468389412872020
1
555669480433201194
1
9
1
1
1
4
264864148489050861
320646244486563218
4
6
10
423616689922876054
1
466523628030378876
7
999999999999999993
8
1
49984922209781132
1
1
5
175742097739797513
7
2
428680100411738061
282809443722506869
9
103872028706608040
6
112197761065613981
1
1
3
90985901376963510
95913474849069539
5
5
1
1
7
4
730416830163697496
3
1
1
107988229160521646
4
74391146749592626
144066043463725763
4
154978325007597656
4
1
502144859132107711
591032994952050594
103910919524229600
1
42622982076969033
1
315975849282106625
334857152508315644
5
5
1
141274170109398275
11350856064415063
1
31
480960011571939676
1
5
86235140462288637
235722051771517297
32913611720967169
2
180365711575555620
138667117614369293
1
85675243517445921
2
1
187518675006923303
6
1
1
4
625845302159716208
1
204065888036802467
9830942023696058
1
100812960474276575
1
95033384556723485
14770417096832520
293609395647452989
1
1
3
1
54
1
3
83764415558312349
5
1
4
1
6
4
16082518988345814
83586452490500029
999999999999999992
3
1
5
4
102961308789805650
155665784900342834
8
81432793460176868
3
254806774106469966
96659835954067913
4
1
7
2
1
2
4
71415250919057894
1
1
1
3
1
4
5
156148919532808393
56589725302221656
1
5
1
14
211748893638138637
1
320968958901452363
2
404627335435503776
5
7
7
2
561362603374121030
1
74155665585885543
7
239856964323897335
5
1
1
153886410597888126
4
1
1
151904079224035258
1
2
929953341336350874
1
1
3
1
130875787681064046
1
19
62290079018209011
3
9
13
49139692408133015
136301865777501228
7
2
2
203058410812407915
6
208992114566008305
54665413806422485
1
27113662050139249
1
26905191073919750
6
999999999999999997
10717032286504204
11
5
2
1
450297833425320012
4
4
8
1
48737961957293378
1
44034504079614163
2
1
1
5
76578179050613278
3
1
76313261774837005
1
3203886533958909
618049218588866524
2
48
8
23500760347002519
148292601710334850
1
1
4
8
467703010521406381
141788255682097478
3
152832844734460757
6
119548835178865989
1
1
450341804371034138
2
1
1
1
95900290057755944
17
8
1
98642798003923459
5
144724879135386391
1
1
125019155770180144
4
6
3
2
185973355457016963
1
131604604260864365
158783864455377525
6
82881290796716818
1
3
202757019993251891
1
24792886170969585
141713431836579677
227303068653950466
1
145784640343433185
9
8
2
280620765328993778
117968213396611573
246380642035202350
229925346209434654
4
6
3
72749655448098389
4
2
8
5
1
1
1
5
1
5
1
143848087681499535
4
1
87559488794158857
107910703030803512
5
11
277863207339991300
1
84232823360645146
1
277862080549883022
1
165795543433824010
1
1
1
784120151389004251
7
1
19
1
329576612339297013
6
1
35834378170216453
116247512235468786
158325525543931362
92105750568319447
95192344514730403
1
206462648709496708
5
1
118081618311094835
66513790649666589
5
2
87230164648438912
191990586114810284
243873271970692671
1
4
1
110232895372451662
1
1
1
1
398116823301867137
1
182737482657115907
265440529704975163
1
112721213378441238
76605995587317969
4
5
288427487935272464
5080094355324467
1
62681662180292603
97155819200201061
498858971231286163
316070744818920638
1
142883142943464333
467605144629702343
4
8
2
1
1
166781115703500469
429567906193344738
1
59806415475045249
7
4
999999999999999992
1
5
1
4
289252629351057087
15826083700855566
1
6
999999999999999997
2
4
168414338243618479
4
217437960568630143
6
77644468405639485
1
1
13844816034176979
1000000000000000001
1
287764805983156194
32108136833038413
5
1
134249822766762655
387577738587454721
3
5
333635971466771071
48119206945884051
43961582125301430
1
1
2
7
1
1
1
