1000000000000000001
19
644
112933201034948
121446004678712
714
789
174940764704758
735
3
158573654491221016
673267227270106837
7
188704237165838867
463549582008479894
20
53673929378296211
5
227031679514923853
242316726552439218
282265601244373926
5
1000000000000000000
2
165992697029758463
271342232877716232
103406117529079054
109914133671194949
12
6
2
276513774210315310
71258328803758298
999999999999999995
4
999999999999999992
163554738357154913
414134380754223472
6
189979970404198674
66654315032507982
10
194268147708729712
216561089456581074
10
4
1
7
187860572487027155
152890480503420639
193114924483735422
6
999999999999999993
166877767545210633
531159716805539021
2
6
9
1000000000000000001
7
10
8
283484123294783400
999999999999999992
150404913835863287
999999999999999999
1
10
528671104140358538
9
9
3
5
10
134395581606921443
4
197156786250694150
9
482532443740148416
8
3
550046579905718137
9
177428700973066635
9
198063086421625322
3
1
1
797398563245434502
3
287603102351218764
9
7
167139981756857089
121105318568405587
5
206821245100396996
11
12
454098779397129129
10
120894863912908910
910717202871426626
11
12
7
8
173632737162132341
8
148945336533145950
153052120342933592
318867331947992106
197819550040459023
6
218808404730203456
621631972147982640
14
860364179085973469
5
34
161607132444701517
9
11
198955513907762871
5
104964680955595400
7
498027809987886167
4
165948981659370174
302463445040452987
9
3
26
469380159827766597
7
999999999999999999
10
188708010863718835
5
118513716616782522
381123469969289315
333420480914264337
312843269139435053
340342282412372602
344896182055011363
4
6
271244897442348471
12
1
2
262012331720428135
10
12
185522700842590036
181185527693072733
657401121553889644
8
140530827677420344
172620814253026152
338448899225169784
264035109500634367
179728437287670412
5
347423255292070764
20
10
2
844768039874159982
9
6
11
285354064633742274
8
148495912716455380
7
3
498847419937708351
12
5
19
164899505623178604
539143321196956832
187856654992424627
215981244765388737
8
6
342091958264935557
170686792313603414
12
348377095620249955
5
999999999999999998
136817223447998066
212921738385799622
121297360057394706
119021251460352451
299153890064592826
6
96954743733161554
6
10
203704281201474731
2
3
8
16
193071843149754668
185133076550968213
4
5
4
9
157888994627781482
999999999999999995
6
6
106271476742887452
10
195586484258933301
206927778401404557
12
14
10
2
7
6
313785888638553040
715539033543187462
143705724844866635
8
4
14
12
6
110085948245894720
347637522098139216
5
485043417081375248
210308455829798866
133536599224081004
23
124011489167795437
106199445258972449
9
7
1
810591361055026894
1
7
11
134607484042681659
176780415416478501
489870097709461948
96263844793915047
928654679979406090
3
3
155218594776427020
150436744942539722
93729046785941825
5
99309906528527423
172969121269435028
47
412379890952852971
130165013379622234
10
5
6
20
10
323803362502747596
4
139242445717517990
8
198086367252740375
221240948906594247
2
28
8
10
114448392848864224
376523107679186524
3
71612827424821029
10
21019836157232145
108786680890646054
22
782021653283661974
13
498883113365876947
113087580582078215
12
77488137898625279
111251676951149164
123481564571255587
9
8
6
161485094894819003
6
10
162076205328297610
18
307553179316624402
7
147312814312029453
601476074417702620
7
198819517595415494
449429491315176750
188443114243963662
7
147431922888972765
74435631982546919
153562155279201510
8
6
7
566587213690696519
208502036465515102
202703909116851149
195634129734284411
999999999999999996
3
3
4
173616016073102120
5
601225487850917658
4
74347362532237307
999999999999999995
2
9
4
5
26550011769398829
114554652594292760
5
121318079137463726
311771265165430012
209304093431522011
9
805305845786141876
6
9
5
134817556091446254
12
1
9
238159747086148479
11
7
162670123936653154
5
1000000000000000001
245850882843213203
524366811142593735
252216232919104902
230471152371566260
537753787673665155
4
12
4
5
7
6
11
7
2
3
159303705310858571
16
6
5
7
97382373040026996
349269233004395913
5
15
9
10
198686805434581412
11
6
226870900552474283
424262972104461695
8
7
70203706888199257
2
9
8
5
7
152150705758643119
535459910629293189
18
274345903312985414
199864974204275097
9
145520130212089469
6
375568622065512478
1
179902572283559193
237867921130145770
7
182543089970406041
459226974488007610
152155128592753882
13
288267880242077326
109637855464321553
524589056387963791
3
4
237770705718406968
8
426665680383689923
8
10
29
9
8
2
8
149442998634278629
10
95271058781033375
8
8
3
218358267912501045
2
207694057932882697
1
4
11
153456539120077820
204808399908200010
7
67
85048984297274145
385955938404698559
6
386773603032769532
9
1
1
170890068538061659
106790373839922240
5
4
21
159360405809170563
6
8
2
1
4
227243914180063793
175376930091677862
277024030249844501
9
89017339643191349
6
8
122854621000555974
70
634599947938843682
362954302430803726
7
12
8
663643155140440570
5
450562364632808076
7
5
4
152130639157472481
271308542231490070
9
10
17
555020296581424979
9
5
5
620168663459444012
182540198238338040
248724266792383877
12
186840827171225728
182384416765535392
92652060294370325
455777272597781546
6
136606116253003240
140780744994229243
114086396304520140
9
3
10
27
6
255542836041514196
6
5
7
9
999999999999999998
1
4
14
300133763254797716
128420035171107562
250674120091126012
13
511402702570172629
362825790384693570
107086625027816053
10
184575553962164115
7
12
312673126230619581
1000000000000000001
344414672249339626
1
115097409658002080
7
12
293954483144550132
251950101959708535
115218456080851963
7
9
505277703180826994
3
4
330057954405380641
8
591462876332974703
10
1
295320304823337085
356032512319428243
11
93419549631038812
17
11
7
242792027023835808
10
6
5
7
14
292880895170147507
2
230269760124035180
284707202271069236
186922639943623479
9
136153177901058563
9
4
94484676080869449
5
4
421329331049303283
164152944271383412
11
136299591894704009
159418686936757519
108124140709183770
8
27
999999999999999998
351075847119375808
370407479042656749
196151191010544750
4
426132233109014384
288235182867293796
238843336664982019
107765800976391705
231402067286053940
252752044564411992
172676110955206170
162291381742988881
296012121036612571
6
8
7
280870088529081616
608055520352426773
259063688489784130
6
6
222749647192054333
123577671711514710
293417456200783686
8
151816048015155323
664299359062907247
5
266274984705666337
6
1
9
104972197837075793
1
4
656806824594893450
10
518059872199360505
16
4
15
185419001808341492
13
192898214247725878
162318795221284399
122187750672453075
5
5
2
7
661210984039975915
12
476472006764050570
100034332909378746
11
315854435226981393
725730240606869684
165724652460406863
18
239815690571345916
193254845108409749
4
333483247440358213
17
7
621557213657469138
11
4
179465069807208641
148607565329820932
167448706121799952
5
98705473276019564
2
574962043239758327
2
5
17
204724269140993783
260058436907382521
10
9
209491541393179699
4
999999999999999995
140639416883693238
24
219835728750148623
6
173168938772901608
114257358599770685
119072994799904647
21
400650237332039163
14
335762747049995091
6
199929375533961144
12
6
150980785125825445
8
581850839083879730
7
8
399679741632957449
7
9
108723444984138797
15
254268811770483056
4
1
5
4
8
999999999999999994
22
1
238799745331463070
8
152257823311527809
101101768934831834
200119065193811357
191669628839358246
14
7
149870846955474872
98615461061475289
210608736124421921
16
1
5
181713658908829844
28
7
105613786410827951
225873783640498303
185793457486261690
101116210996598087
1
999999999999999996
3
9
139366100129180440
5
264196675754919265
278100992025329112
141790922294023130
1
205328361845821258
89901223656009087
248768896180833502
377014185165617066
8
12
120094278920866062
1000000000000000000
4
238385729832628832
4
826812019164143620
159304456546510606
5
126261460970055379
11
8
71545860777758242
197748786044539067
312511032677153938
571219926168818447
7
75219198404827532
13
207258871494357301
160608772734011161
7
23564466429009675
5
9
72469076822653495
4
752218293643111570
8
205524567171725948
101048108430431649
10
119814685856368230
254444413823050581
10
206628345016329973
459529881608970617
12
186910761135850145
3
189329592267003368
7
12
124325706451836532
95539836930444006
2
1
282744421987518094
3
1000000000000000001
10
3
133770575639020949
19
346484632929564574
3
126840893582733255
1
11
171972701618300654
6
9
6
123688146039905315
1
5
197853646415077912
57
12
4
5
190398185847279730
156239862437509883
1
8
122861231527288918
564066072573629779
314674137381263889
11
137789494222207259
151757101731630516
276744795622831805
217780353022478121
158359514470858217
6
12
483408092531365516
16
100674146152527072
14
19
8
9
90629150739835876
138665458235174856
164397758174282224
122155122084236479
12
173724866401250994
7
94232585001287423
5
13
12
118633666015811640
1
196639626722825188
342414608264389899
168320418895462986
380384130964116969
450327213930592944
108184054385410581
13
5
1000000000000000001
311916545471856937
200651631872978049
95838803558563490
11
679387354178792841
156250863998791108
9
11
8
139359375013010460
216868781218570491
131043048405480206
18
5
1
7
14
93813232723336136
353401644336104179
105491408868082833
4
320302876881456930
3
17
283066165202403682
3
16
127327535493369816
15
7
309060255655176766
10
6
230458099416915962
712379500027092164
1
315280653829515459
9
137510855169066821
13
7
6
5
75777557927949637
397455810123691289
113873408858993840
4
4
203566395195686452
15
115596326746535592
7
6
8
999999999999999994
505556841146164041
4
1
3
275274704395520611
2
163409638180124224
212923329267674522
63143188480975047
4
10
134639233142300085
185500346772769524
18
6
12
119669845452394545
999999999999999998
1
8
4
338488988708776589
3
418016402130462960
298090464934998439
3
1
1000000000000000001
101006411267006205
8
3
8
231593518506751575
204808253676315629
118281847402749123
184271254179027868
9
11
225710900963104186
7
51644704024691343
6
29
6
1
4
10
6
74870145642630595
254199116597026804
137027659947952958
5
9
999999999999999996
286618954240442106
10
13
28
37
10
4
274629032753477937
95648002220089027
2
232825076921354756
6
12
7
385005630910154466
119612431819001606
3
193919072367278141
8
250408130731371546
10
3
564960853608003833
392765372308161490
10
7
5
563514952138348856
237295749770097486
232144581970017573
116716436848578199
5
6
7
183726202320042145
224696509450347966
6
145554634907107941
81393153153783933
11
5
704383932634129240
108004350062067880
117462949653678750
12
126674774407631687
16
9
296449174247631871
251838222061524001
20
125426232482400431
392859382998511291
308891944364831844
8
8
707299562503974900
11
108362224233789349
343598648129772637
131286289257384377
167548891120072225
313780561775934304
5
46
12
4
253905620351459505
999999999999999992
1
132897195736598172
4
1
231751419615982645
3
33
294776084395976991
243540884423759729
318670186132462254
97006588702335712
4
19
6
490876889295393977
136866296580071356
189039592508258244
162522393164076576
5
272097483768508665
250523714359913969
134332619751941017
5
5
9
8
4
27
17
9
5
7
3
8
311758079608159965
236971849836999377
5
5
5
123957779035023043
8
6
159071006960439013
156886927605601423
109740925938751248
38
291022407210228732
11
162350198567887944
6
2
835900874749117737
7
233418208307248590
3
7
2
3
143209542053615889
210993033895725198
172734716134698867
360191396349930432
6
142957579999429423
1
8
9
6
56099534168960227
6
8
1
286421299666703780
5
116443599609125564
3
5
227685806300506725
8
1
330717653591838581
225913320291190791
35
21
15
206665895735884302
7
126263775946463618
10
1
9
400237461635178380
476978096491871099
3
302083285320396811
4
924537110012169052
9
73418697646159488
11
5
1
455577571507394938
12
197338418044282027
1
9
11
4
8
6
13
2
4
28556813177388551
162718876376881995
11
222662133984798241
147695629004825545
662869720424198023
379391964482603214
217899938975907219
196733872707803730
7
179202411115222646
15
273044377204694968
6
204549270814768429
873777671139604671
183170203076931561
15
4
247127280326100722
1
12
4
11
12
271148930844014210
5
191059553450962665
7
1
5
7
9
176878100504888368
822625650268723471
148021784392108492
113980208760950802
120187846537199888
34
147226641733275382
765087923122399308
197596112254851231
557898816283661484
16
114993977911913750
1
4
7
181527955391009689
391258512537949819
2
8
16
77331821421247697
111696521204819692
4
13
158278335668839833
1
7
147349283929102044
13
119335834525745421
8
265344589036144631
5
291944052720784521
7
1
177769030426885800
262079975659794610
211849838150779257
10
6
330168219663685624
140399831283873952
193461159151993851
183598965136528981
43
10
187064674809048598
3
4
17
10
13
347439805480709557
10
310458751816244948
249545005236297760
201239316077669398
7
3
16
4
252791503605191959
999999999999999993
442983855287313445
10
4
15
4
999999999999999994
4
484436337370678683
383549347629214006
103934810332449631
128456283180525666
482998067476303609
5
1000000000000000001
366088805025364170
255496787991082816
5
471010423946881715
127536164106223911
166078173473587528
110822119455733062
6
680364593361165205
7
5
999999999999999993
9
14
14
185667083913444447
72713843753655672
10
121073568934800747
158685446750181426
139873317671216842
8
12
999999999999999999
44
999999999999999996
1000000000000000001
386000773757662574
3
5
6
5
5
7
193777393299865201
6
14
116930782339101385
2
2
3
1000000000000000000
180686730453992941
1
17
167501115795631843
715649887286708041
8
384846782816646814
915464766266961034
66163649417530505
6
229302364654378315
5
1
342095752703771982
8
7
11
6
5
2
6
220987095317168669
17
6
686868357203813233
8
329221923636949288
21
226521004315246186
335280968145711860
9
6
13
153724849283350039
5
6
785377051524406921
313608803107840154
17
40
145809986589924230
2
201267314672828300
219441776233383473
7
135910602217659310
138608280822099377
4
9
7
400739763770404067
6
162002795535444490
221762405988760179
17
50655253693797593
2
7
8
220062028667953316
7
116164655819574917
209860799847500035
199512548586073806
761872392548413236
4
8
7
221037162213940077
9
253685976625889901
24
65290050791564205
370082883067485205
11
180224185958104643
7
4
15
111890963188971140
5
7
9
7
7
167394259141455946
10
15
283949356992235712
431955965106849952
318439310306961391
5
7
176753327353533650
13
103265863968922489
297679863438254110
165310812061882596
6
999999999999999999
132977417566418876
9
123816450601749613
1
3
7
8
10
34
66162268472832570
7
6
10
1
6
490223749740232336
9
10
3
4
8
4
355923251506504637
3
143121954673311159
8
107868241477353844
151952079996270633
97376762805438105
6
5
308954393042642282
4
8
857494047544468127
10
6
130242065582790721
227600319498750086
3
64204274954637445
7
80208355327460963
609614255526716199
2
5
46848999722530363
8
663505217908641285
14
218311682436046639
7
5
214438882361705240
657360866774494446
377738939723477134
167526428821481727
457565127307479358
8
419215748722762208
292277317576648871
199056219749040442
278477538471906040
8
9
16
8
5
217981033364654418
138033571698900279
113147485844785712
9
150849348473442859
8
999999999999999998
3
95195017856744258
324854527987445475
80759882168730268
7
6
1
130399143982347991
564484013945858610
110685246178762621
3
7
427195933734800698
8
9
105606723047706532
5
95360516252699431
13
471082896654036326
233157032824197877
4
7
9
8
12
440335283288625115
999999999999999999
14
8
6
5
127685143320962645
274523902153474791
332870611050193115
987451898914344264
3
999999999999999995
16
161734332960217771
220827943535258113
6
448965770835061493
263803237971380254
5
5
115194890781084604
482279885825209257
175732948528460934
363167076939320893
5
11
130792766377708553
633582065018444223
332872189615590042
2
289648248071260181
229161018944600896
14
5
93576840939332825
2
158369720280528383
9
94845282144247062
123454812995623512
999999999999999992
174959499202599486
3
5
812927847211247053
1
133491358939443108
7
15
177589322942851641
229442330881602205
11
9
110367231537409060
4
3
21
8
209065270527089739
327663618832269053
368978215483599296
193798214351059936
13
102631988221225161
313502401485346064
402550036211539180
1
6
418580142745995227
85579342005348241
219652231203381375
773154016980726132
999999999999999999
143198304337968836
23
359299915598618766
10
145152293789342871
143730524468373610
89084638150556116
195116118887564522
141943562126307868
5
7
6
3
188814660020965333
8
14
12
86394988468015802
6
125659016248699899
441664514616939404
2
8
3
66529207062502682
151029831784066472
421874819720118662
12
11
275199726196518233
143679636758116642
306468450538507664
6
9
126473529675632053
782984110975405133
9
7
4
169558131161930384
334929310913729257
9
11
56750807122360225
487454478214525186
178016996188322117
10
17
15
1
21
161230142484972003
145168043283670098
999999999999999996
4
8
124436301817603008
5
361104549563548384
5
11
143731310269022737
87922181736979128
15
15
10
755787592856418237
1
8
254553427121335744
287640884036071099
1
12
7
10
22
81735203075320150
22
115944046840957356
1
1
4
1
6
310975860216364900
135453888634011490
277533657104385029
8
126331099812795543
192906258570738327
13
160564381775395333
476538672488111544
4
407419424036611700
999999999999999999
182355143132407939
811217531720692462
396037306935593333
4
15
261782592897664849
4
88804125253442728
11
195261778261849155
7
545508356096904844
7
182689444194903913
8
1
12
281247843551792343
241503260839583031
7
284025463362136011
599019631115909412
360558409608049773
7
398537729067180235
7
7
434581207673288261
13
217718829344803543
389859035816654019
3
6
10
339643509084735026
183529098648610609
10
1
9
5
3
4
10
74594460134034620
999999999999999993
983712472118469390
259907142861690111
187933588795645696
123807745445312594
249987599449238098
259146793261503365
1
56350532116549465
177355213251388574
5
249003837436540070
10
8
11
1
157787229547652287
13
3
351458985795101412
429292608699922782
4
213420176669095287
171547098212394347
307415259240809808
16
323444181555703455
6
9
3
153847005420565457
589251983847752135
168924192610002396
999999999999999992
76595281816759865
8
75195323964243685
152420971485892111
6
232527050232950437
181450029931461457
134746143104426803
5
3
18
208999652623872374
1
179732271983899145
8
9
378060426355081248
4
3
142837072718843536
10
241160406499769737
245633483012220648
471490855541931697
1
9
17
184112461486283066
5
153745872808508245
5
357677060225883088
11
175486655740515943
4
15
209171374946191042
45587697695069462
9
5
7
217581095409554178
249472449475249130
17
97662855711283488
999999999999999994
4
18
5
9
6
3
4
3
17
84499679148562355
279403608851611347
114333065387897950
5
91084466377820569
11
8
8
9
13
179119302438950604
1
999999999999999995
4
6
241924434755175012
2
9
232756277842570407
338112739115281963
10
111851824679137254
285332771405363647
8
999999999999999994
1
151626147227745308
74101676697745633
280867105818677241
9
119731559905186388
26
6
9
3
83976411030049306
4
9
4
16
124878888032263942
9
1
325405355665724162
18
149359377940154458
3
11
103474788480936344
10
4
116704411051274340
404091260504590135
180267679308305549
233215631621371408
152362516639356419
4
459479504444689956
7
187146790415325796
1
11
345459553058560511
1
11
211866315678425469
9
8
999999999999999996
7
3
478641131102446607
13
252430484018905996
4
151593999731358676
127583585861600611
10
260490900988842983
8
4
10
238482095521247864
5
14
145844671994425988
223528175166593123
178438221871023381
167295549083039320
13
1
146024596849192105
3
106735187026165732
9
236310415066364642
168660056755387066
409336130320503749
302253294056157493
476646948965413141
227199395651385308
6
6
3
163051363615016720
8
132410686219067120
169355488933093349
53
11
138978203026215682
436673995394413732
439370456831419509
488019226131880646
63759278756674326
238033884786778476
13
4
3
4
7
140810568554002191
999999999999999993
115485927035214049
181269654396343967
15
4
7
10
102175744619751426
244539532943101598
72395051163831562
25
16
4
6
1000000000000000000
7
662003225409697285
13
653368437171523078
3
11
7
302969703226870596
387042018836363777
210632593251685637
183597572193622604
8
375036483714894745
3
11
4
1
251787605686326010
128630527480926286
573520903967832119
10
75461853779940760
10
2
7
5
5
150689277260779947
293107486021997906
279156173322845722
259476931078193962
2
195070861873159944
360310552923137002
80983621247565981
3
376939470568343135
9
999999999999999997
4
413770050866777082
529783855105052478
16
8
5
269308331908629160
6
143290503485588852
1
165486649244761888
7
8
9
5
460444066116376758
8
199573700324475100
280180966692486048
7
10
38
7
15
211993092923703907
194598795476881156
3
8
7
115409122819695815
269650714567094649
1
4
17
9
179263313836638229
150033448519630684
325746820819663529
170910721916750960
9
265994791905394349
14
7
4
110880545298680893
6
277681053730185047
999999999999999999
398592238381455132
126677536399034166
546125439444339776
1
1
439244213455027610
446862462705457600
5
399671881970829251
704666255527210759
6
5
1
5
6
6
7
4
211361912976428794
11
80279467466901275
164389228123370590
7
10
25
139788440526110808
4
12
11
4
189317861880676928
7
3
12
18
266993847261335244
72305175472137756
5
237672727024452255
73294638123277099
224317264762443218
1
14
334556758241593138
6
1000000000000000001
267882564107205676
7
144507826419073110
108752530193049643
210850900555444456
555151508410888725
484408848517163317
231540565522650499
6
8
87997677777176990
310344872457201125
12
198534209693417848
720299161354540273
3
714952894967502856
28
4
10
1
15
195165243111765369
53844298150733006
38
4
345606156853426247
212764748037207119
147795946674971929
11
12
155017818843663974
14
8
7
1
26
160361462759584553
198735393933038920
659115191794533777
8
7
394571795935372072
29
104120896872807205
9
105621167275928039
1
3
82834858591576366
6
480756910431065115
684131658160863687
3
6
388154049373366382
10
15
510604501269146050
827899999295497519
207558172172468581
6
252699354811415276
136003548055852016
185896586187224677
7
113151380746494338
63550242305809784
10
7
5
10
205152532390469345
1
179641066193610219
8
7
999999999999999996
3
18
109484088262522181
5
7
207859691375046558
6
180225975123472144
13
672200314332162476
220252985744347934
94311217302735002
192925862043537977
8
296829331200580967
6
289830467900100214
7
999999999999999997
4
4
5
586731710283858316
5
6
2
550669851699550973
4
490054126907036909
142394856266358496
6
135810387607796075
5
9
11
8
262561651807641087
8
166624226912081894
2
352716041441770412
123483091123216375
665477263703350170
4
102292417809935778
310625443873830325
11
172955742225407967
228482508307822441
78428226967420087
1
6
453506893009222825
344381986117267702
20489175223247089
1
5
168030791067746679
150693107230036343
7
134867826516415497
11
277048499047984375
69754146941022989
13
7519285923715846
118032570850289279
161596060238005413
9
308515878073374706
227462112235821205
95111224955961091
231060676409526071
113637223837867535
147572935633695431
226813900214843987
21
10
8
9
7
5
11
651923713993224391
241047156200246100
100317166127080638
7
256093518861436819
2
90334746947592240
352695789246999057
9
1
5
7
25179826392273663
2
9
7
238185584974051794
6
6
4
152161456934493193
3
269287005535255945
5
1
1
1
120905773450200013
15
8
613062254506309161
275719243290436182
69484386866036171
208744250478776340
8
160763760691759677
1
293839626862785457
159266671924431281
8
9
17
8
3
8
6
8
17
4
1
8
213768565868069937
193214509172206888
9
172168314763532615
131538693985575047
26
293665701001339122
141380798423110748
48077937087115719
352580777647288030
361625932482499450
104773194126669549
25
999999999999999996
127578033383149488
10
9
187708337060994614
15
5
13
1
210608236559615052
11
379487685373171832
244628215336888821
198638897001828019
5
8
17157636078674528
8
213613464697889038
999999999999999994
7
265143216985883024
10
91166640784249686
14
59269362394171940
877847156858351151
15
12
6
8
191998387138226268
1
3
1
93615112460281600
425522198131202445
25
1
128673869765336043
999999999999999996
999999999999999996
4
139281538311074576
109437615727418791
72701502391490049
151080802452428077
830332055670841272
115928348408264948
130076880681813996
7
213269154427812297
88184903031844589
456444077939548792
139146958221175350
6
1
3
2
147246835617283901
4
5
7
8
496026335788160817
14
6
193821010715983575
5
14
10
415767192306790399
14
4
11
266313759991475862
999999999999999993
5
136766799155816418
83335001144969206
1000000000000000000
11
10
143761519296332210
175001026544096758
4
36
249982954262957782
533536243956053647
155422819852917193
5
363785341516376645
15
291904084950606284
5
1
9
177551132101857365
241491592734946124
138412577635027062
339503239847854137
10
3
204921585818570710
808600202506053317
999999999999999996
84538849312945294
11
830806934621508094
8
73259055367042726
169453756439508096
9
279255370580261165
668927482054371118
4
64700530990517188
168446044694337406
9
134599071647494637
5
182487255791970043
110151187078711511
5
9
12
16
163363333305781287
169840817921627269
320090081763812253
279863324684695469
1
294344719013063590
98523938627737519
179085023395557739
3
277464834768062741
171399157619767673
6
4
57766763152738349
245058986552317932
87991464105226651
4
84475029735200890
4
999999999999999997
6
999999999999999998
13
10
370285115062822082
76489041283348355
6
5
353516621388737889
11
3
194296123234499934
10
89099770280259349
4
9
188490524978072114
218660289102677555
218847312701051505
5
6
157855110005864292
22
9
8
12
155471908903108288
277650338784014007
2
2
4
5
1
227987994903933712
6
806781259250663564
10
7
10
16
151188352293726441
417173058354728939
7
10
6
2
13
9
7
6
121167770290950039
6
64179929852863385
138453914007659725
7
10
999999999999999995
3
395666077847473292
19
163672995298708747
9
346017593538146716
158031514806774430
5
178696460370221669
3
230731970622571078
11
5
126243933909200574
8
212742855717913332
141979966375969528
10
311733064566035962
15
5
665807175901616960
144562898705421722
136520560529182986
7
1
8
513005571379955696
6
7
115143169067763266
13
136468215376857624
260107469036391302
4
6
182692490320684270
12
1
637615316660099286
3
11
1
175622658623496199
10
34
179184544771502021
188321447262464581
255438853020929063
9
171809295058402928
131956481288983897
378756181386910658
8
16
697904960888053665
4
3
294726329005330568
122083167422502391
116087860412816959
276332686187104178
1
7
5
1
280899231865288492
4
15
568255074134867456
7
112574891572393178
1
6
19
8
12
8
525678964181581430
228482256028588825
3
221870108718421056
229046767540361591
6
6
5
577890143013975675
2
529457832741100781
97471456150617399
280904684940320764
83292427163643296
340507394278741161
321991350196912245
12
281940290407568321
27
7
6
162608886053545560
1
243641285062329280
4
67725115498294456
7
154670011562567522
6
4
6
11
7
9
181833267750361666
13
3
801317475788435256
120477369012703457
5
7
5
198367432619963339
3
254802290538050440
1
122423322768223586
5
307894482651242994
120248597411516640
4
139893934771534535
204748176214566784
65275579757765585
147957087252975870
687573712812663725
10
15
14
6
228116421071464991
91816430377332843
108483379863649956
2
1
171082947539386840
5
15
3
4
15
7
136975591334790973
204515123544756847
10
132504345972288860
229656323046381667
269161830959106067
5
735662897656882403
8
320499107825972138
3
5
105844840390368491
6
272599877052823235
262447780810464871
322606378965696509
1
131279415422252902
153295545170667026
550477947847999054
19
184791505953438919
7
10
2
4
192727910319447764
8
249624685266608529
12
132017525205025219
7
854695257482356227
29
7
17067990923636371
168393717340872652
12
5
4
20
6
13
22
9
44
3
1
8
516552652968754249
134803485016862960
6
2
143269044816490311
546484044516584439
170015398768605585
5
1
373902586484426055
231515071531266778
14
9
1
2
1
402222270001968760
165265278627844574
11
248229459853511531
8
14
269479683834566142
314528164152293034
115024302089925052
6
119897455812335759
6
6
17
5
151125260089106568
356361467752315852
209951330026095998
9
11
12
3
6
3
9
175607195930132837
444346738719390239
133258380115492224
734652175052377278
4
999999999999999997
16
5
7
278777666796575318
1
12
180831469780121297
9
86112006305431797
3
4
1
201803662903347503
235206379410519181
13
7
148883499188652404
597502105323244820
19
6
228408030423240056
193641350503899737
9
154455600324686792
7
22
6
175374470434159509
108785469296277912
108384885919667428
332733585972091810
425776179108186258
7
7
108150037131378907
5
11
9
4
9
244370018051743462
261077492188560784
2
3
247462771988753728
13
515955423744771557
422162707826082847
1
9
46
5
9
7
389786384238695249
3
11
9
166169475647464240
684083525759667405
3
7
209029300425852609
10
170845997059751285
8
5
7
139928896092264142
1
9
96691863811050435
10
5
102107947248673797
119048777895849448
271081774364381041
197392859489556243
223528229467373994
252250405629423107
91230027291318452
203260889382236952
85680142220216141
145033574076342255
8
392176966302630602
5
7
11
6
14
269943786242342269
142262281192283511
10
28
226140535894585614
7
93360976732279059
109432131593586121
2
103556779877129715
138691326508668049
198363436595939066
3
9
9
4
4
81209472880474998
154760126067220508
2
2
176229131832306250
112002402764172399
330645270516566586
4
10
321880170548170960
137853295443479226
5
92816199127743902
5
11
12
5
13
156543555033030014
346768672516950610
1
84293781461756108
5
5
350397363365350281
5
176391568676642845
175499127825338844
135483073373750561
223682250969514404
298985648315284175
11
3
3
145647336123355018
8
8
58
271259909948555900
999999999999999999
163504213311969759
2
1
706265762546257891
275968538469121420
116209441500122162
108463165312619225
1000000000000000001
109418687547920176
999999999999999998
999999999999999993
3
7
226301058328046853
12
133910997044087797
17
6
318865093172855851
239124702263459131
8
123001264451869550
14
7
7
151484959977952337
8
4
13
5
148700398353510502
453710126771811240
9
8
1
5
11
99352169819071616
174576054951282606
232029660379743968
823948809816188048
1
258219290394377822
30320827125166345
174489098624528126
113311469388854364
1
565171118614531520
172476109237971442
16
215270490601568796
345919797579147486
56875858285905209
127625053547030239
6
3
312594570591394980
150560319129727055
120040480120546423
340896509154734985
278389942889811803
9
8
123424883910247041
187586193863367730
2
622417810165954548
5
182564853811784849
297630935323145051
260146282298210595
157793733831901845
155537514313204682
5
210553155969043760
1
237996868570897692
287945947074077713
212327924599673668
355900625618888100
239660820743295508
4
7
94829643353880784
142157069703848778
20
27
999999999999999996
597661927199753739
3
320102588306197348
257361334580130765
10
119826439358377437
155680886567226887
109568420417442695
168413786862979100
1
160733223526982216
84182325623772294
111504641756742426
8
9
15
10
7
4
136549652559380853
120353760447571751
213865596198329493
9
5
7
4
3
9
78787475084133200
139199598451747174
8
392463967627073960
189999157827264054
92994144384617879
8
10
999999999999999994
9
40282245514638588
3
15
220480170556081624
295000180237138817
12
352322729826421369
5
7
1
197402984597834210
109080841881569998
3
6
314157644470601164
313443826379793922
152457739948836968
245516421639608935
2
12
441436182069230127
2
222643801714999244
5
6
63614095204495161
17
2
13
340333942910641600
1
140700973438816068
166271492733216483
184392918847925868
166445311258777154
168430718877431460
4
1
6
141311739607877362
98664362791003454
93601985881740918
13
512553489370304942
999999999999999999
119565206491867329
13
13
250932127130671536
26
79735699737628312
363219435370729020
298748244415992340
139162700357491990
5
138024686805808176
117659182775371895
207940010249342103
650670928547388447
7
284236441396249588
150853402385000911
7
173929100535036378
2
121589909702417065
2
118257656413462029
139474780196996389
12
9
110982898866109708
160255259682820229
4
4
8
412436210700436270
11
1
106156436710217138
258915390348796377
124336678767934227
12
6
1000000000000000001
111015187893197001
65518509881713425
288938743420770575
17
1
105064289561525806
186745903048967278
248905082049671259
4
7
235471200324706667
124073337856042404
5
136290565114291580
12
182233483002803843
6
532027156741480253
339581949076372193
65309227218555052
8
14
81138552261301284
3
66368744509727851
2
25
465559888517749624
267302766010265234
108394683856023148
205411564545260142
7
351514944457108524
58455671433250991
2
1
6
532748418157264552
150612405821203552
12
89129903500122838
307235105667697077
298366020222229842
2
5
425683990024440373
281173112570323648
101106422796665630
3
6
6
149542561879062386
14
212081168697687058
6
168595625667510564
5
7
9
13
8
8
163559952909543957
68714909769214121
999999999999999994
8
8
274928666526826019
170492289721832841
3
10
107249882368739709
7
254310278454065523
136835065672588101
3
12
233627180509727832
10
150530238174311976
8
8
277544143241626281
11
2
129400863611896512
4
243674557946830332
426477654759051557
99740341227410917
9
6
299167146944708252
3
3
272499659918144844
435627042431867925
7
111210450427187742
2
6
4
123139754896919685
8
195951959280359958
9
13
210713476517083844
4
192203491218876988
15
4
56063084768909346
57
440700204549179017
3
833282537786250334
1000000000000000001
6
999999999999999992
16
177146424463073552
104062805182078971
292462687016936161
148346325963737855
48
196464312800668811
103453750162594353
7
16
406542680937782097
7
91948876290470926
12
11
126976787079980945
157888445369482491
3
81996409068386800
12
12
999999999999999995
4
516241234412183728
3
1
167713374295920728
10
6
1
185792637549638188
8
116745998188822833
445816773132202031
3
1
2
999999999999999997
120683479760580011
11
10
79307119769252588
286216183314482594
159467279213601413
9
193991150250222860
5
8
216196466177684214
999999999999999993
955407621002848882
88983027796060317
4
3
11
184489049513979582
187144826659758433
1
115273939519584788
155017997226759782
8
162486367954437083
6
151012162755724706
625367154447986506
4
360249200190443874
15
13
70124035766422033
131310731364316556
175370382695391433
8
1
157563138646592423
249488318596636110
170047956645730431
377149655983590265
716172508944957368
4
189777602555097808
257444081642774912
10
893558858409474521
5
16
4
6
199947996770711601
16
247145047628689995
5
9
1
8
6
6
294540417303841211
149590840362155703
667928523885477636
129931347388757835
1
1
1
296136696150232826
226288287371031509
35
8
2
1
6
130053283804666000
6
4
134342036901349361
252433186539984720
7
165342192508867832
539078657854687970
104064834171988898
172937864083101182
516289584942249399
4
208345876107382615
9
5
9
678158169241813489
10
108624683836740384
303409315130873653
237637631051143991
922895062758721983
8
207520731601285952
240094359006741948
8
168672973092098998
5
7
999999999999999994
6
4
125740202994910613
204436475306285753
7
362139332733902548
180805961403612592
15
163365985615700334
201623530141898929
98792248419663053
88390679045934272
14
7
252848821481810073
38
5
557391931225362452
236150829869824839
260101626949282525
999999999999999994
353163755947587397
91821990902710568
380609800755459415
206729592688443494
286821769883865605
5
158511195494620122
130394594489110205
5
182225541174851516
145168529080521335
999999999999999996
19
365749470345052757
7
166955813703395673
17
5
7
9
425782434302255101
8
3
451121407268924234
487748258381485879
395785401005446989
193126238504611077
12
114346918943947101
7
1
5
404976382876923609
78563526042232373
10
5
249786006434366386
112617505903249166
199362887850100975
9
512302029609986804
2
3
102099764753589769
7
107109355176977310
169859681048084841
74497723648613700
170541516094710762
15
98809329378586654
10
8
6
10
4
231943904646622583
187141410132909225
3
5
5
122435125209704920
1
7
999999999999999997
25
274006668667003702
93113641659559271
10
9
11
266780629934133791
234438124901972807
433564059609031695
91135863467357951
6
701096728145857740
5
3
157322662581349549
138476320076414027
9
3
54165178625036251
31
21
6
11
12
7
9
7
288349943894138023
539728802338180401
450625675341978824
2
6
6
161058018519394232
24
1
8
99312240331632772
5
584720218309329111
8
75729791921511266
96933206380319231
108710019452393060
3
235983487026536766
21
998353613186710791
374706629823308834
290600153627682161
6
8
450968629224515534
17
3
4
1
206133038770435026
95985118337685769
358332348053486446
85774546593410997
3
143633526308561141
155187651797750129
4
341023570947766316
7
9
129471247463431539
399855852959215966
780686753271852944
662437292286400847
172334293624936611
343862362954440931
5
6
570380541341115940
10
1
195978003459589569
95700943092368996
118523272777246023
14
10
9
3
5
136676493374306792
15
9
347785952690991496
37
212452991192470151
318006581258955244
7
337639961451563365
15
1
238423626056159982
5
94140261490877219
8
7
250849605237464497
977500819859977985
78241681853984980
4
2
9
275264917763143339
11
4
4
325784761189293483
7
1
421456060975476592
19
225798946995521156
14
415068479365771878
111584156798514599
985619521451606461
3
6
146070779177569408
9
7
159924822673429087
5
15
97028158112385422
104932198111371863
567101538769856088
5
5
416936691037113281
999999999999999999
10
311514899930007134
5
1
1
7
135624305042115736
169367856615752411
218854281288830339
8
150618160661849630
5
64303763440458385
157888113614032527
4
53669777864533450
14
405131684268028516
846469721322413970
13
2
4
3
3
1
202554463647832296
138566444040432780
12
1
8
219954053975913680
98806810240866012
5
18
338880080623172465
123115710363387472
9
8
363138805772096734
130396048050902474
619036227413266622
9
336801346818283922
6
132689390589969203
102496740977006661
1000000000000000000
2
999999999999999995
8
4
240040096131952290
10
606533570881039259
355020769890564226
4
166465329109516192
5
4
328183045343410754
1
7
7
20
2
9
6
244806845507051034
4
5
89114670720375811
6
271258343990284634
7
180269514396100925
517769212089136980
8
4
563728016915864629
252871531459359936
153022028664609920
277853075665251841
4
9
23
14
719358611840527578
278705526224083791
14
263799122648902428
8
10
10
326705217709340988
6
268903263988422057
161709244414915526
10
7
6
288319927069830869
3
11
18
6
238629195359819137
2
7
10
23
194150839069090229
227994028463409352
157349125651250171
2
264758418121714306
161904835346720549
11
1
3
128074678264940180
350761317563727387
133934521372403035
11
9
311598741591658472
3
214177669500886918
214308075053716402
437696601952994160
6
455070523031201146
1
3
999999999999999993
12
4
6
238475196810050683
202348558756044696
257784018366460499
43
276691996170155652
171862552050374199
539360616851730358
61830142862840583
8
116107155509387958
16
9
18
186548634876848363
205417007990066385
149936450566168228
9
7
474905228450863531
9
14
121054987333297940
999999999999999996
41
422307318983515359
107737150768092848
12
449580529854244582
3
11
109469838485606906
7
8
110677905103583282
128176887467589140
84509007455989102
83442009708965402
4
148311842597187461
99184084709105828
294361585357089722
196522296165423483
353234699587517491
96673187435466374
7
209749803053837918
313822195381685494
10
6
208891839471481509
12
117524046492510861
3
9
152777337968081511
1
27
8
127633390958419955
3
161969225654591199
81951593520732753
9
156236134912197044
7
282525475090310731
3
163793514549296108
1
6
7
1
62372486375676362
167710085061922038
2
7
197630444081972666
14
329419492830872192
16
10
891445222055168569
16
5
103651586384071584
3
66254235775698654
2
999999999999999994
304762200181890428
170751106331423389
340028013463388003
5
9
243268621907226911
170999669633027794
289154893226315627
608736455249737988
248926714929905275
6
935414873048499288
13
999999999999999998
4
472522036202861892
60
10
10
119952046276872357
18
198939496556552671
143071648348649081
8
11
226918709385856072
181121498829592364
176237254724477683
186112737560175461
6
558091927365126434
133579237579256185
205546665719611416
12
17
224481327366190683
18
7
87974543231349071
6
4
9
319854753727896049
5
56463356884208889
96776464298485244
6
144305595975472744
5
1
5
5
262315975877685197
98261780771554782
17
7
13
197151387517508099
7
9
6
224364120256512343
159064643049333092
9
999999999999999995
7
646724427103333642
11
5
7
157554027396439960
179044853657764715
205213318622481503
163979859143598746
209510096848674827
239659870832305044
266508285213334627
127397407825507527
19
116660109406962150
7
203576086067045624
651327507452169516
480973212130745687
11
119618299788972351
7
1
101707180869095448
257939220941686305
1
36
5
7
6
257362759701467453
4
122910749974919134
8
6
266173290620607679
23
200391841016002464
523386208538203650
271670942707254805
7
132923731647271892
12
2
5
1
103637024836698945
195774674023342647
132841512248221795
999999999999999998
113534214649453270
5
216951327619139645
14
10
206563458535616971
9
283991698020569466
179034330973131642
210009376992077321
3
324401376909417871
7
43336482660013887
25
285257228295436733
137614794256924730
7
355098409246302718
12
319628358355704617
1
511653303926239098
3
4
3
264015158212789368
4
1000000000000000000
14
208311518520116954
525256101209608794
3
16
12
11
5
12
7
80745133405355351
8
3
6
73282913800757060
271042228620515314
297705039288533734
614602145907077316
140320817891059902
3
9
10
2
106713660389400298
320804333152728195
827530256646373505
4
642744331760674863
110456712732697240
13
219425722154888956
257601898687139510
10
169722698184725120
16
99393936527791684
11
6
136307416737444871
157120323694590038
4
110812212689423314
140623594742235813
221379121941935832
6
113688498738939436
204953490398093168
10
5
6
5
206740464635576426
12
4
10
727009645661005471
6
7
484734678293197898
313812489293722889
8
10
7
210759416952223226
8
2
9
147060108773853794
69664839029501924
211859148686642405
12
244670683153428567
3
454757821216011078
17
141281116479759104
370501728111322892
395111712726060694
136577337859663174
52798430006833132
124580160289984775
1
35
4
4
9
296637656068885943
215729918618650863
199529113208735889
425874292503912670
429304799103262154
107058804093967430
9
915023053756106
157874075338323798
129740747262364036
112870578798068256
9
286599604434296688
247888259773749233
3
12
492364719870536396
3
71423786177566620
16
11
97921493356117218
5
4
1000000000000000000
96299594363051199
1
283905147836841519
8
15
152237851539306615
160493687709333916
67968523241322539
5
1
3
485736477411491427
77261065616801842
7
10
12
1
196844009737748811
5
30
11
4
10
4
6
9
10
6
336030841018810833
15
999999999999999998
11
7
15
1
13
111816462091280459
736448915793010799
6
9
9
8
7
1
4
18
1
199925607491309840
3
349908953158001824
180679484159575098
5
37290902660111343
3
12
76697707920986065
14
999999999999999995
2
8
999999999999999999
214277396593670539
75461287679329486
167037302453451826
21
24
8
457049349982174934
1
5
11
187873201656192392
7
1
311942719220277389
8
3
999999999999999994
350031656965680071
6
2
4
9
11
8
150521772857054061
277171180383707640
140676633247557100
205194130338789448
5
6
377147791361766101
7
164867445589619180
156934454179393171
7
570962401222422150
726662380984649784
9
94661535755697064
17
142731913558928999
12
4
190968462575867772
133452914994194987
4
80670855605324593
9
183870400250513954
8
380893215322903286
6
6
6
386900991636605064
11
138562784171169274
12
1
14
278841493976613663
8
6
11
17
6
1000000000000000001
13
10
16
11
10
63
8
2
216336934344594486
1
5
5
4
137163483762483254
999999999999999994
8
1
6
465440267855569782
103763158228813443
162086099950103130
8
10
2
314655851799611430
583763345414242109
130977322297898960
161220922711896046
36
127612728468138937
999999999999999999
12
262454355157761838
4
36
167216030965880311
505552903879724936
433451106048746164
209210115115925483
9
187809882889012068
6
14
150214677909360176
341716292478308090
429130264053235578
353332879258435732
4
5
6
7
7
447800592460065900
113629282009920804
927479857166387852
17
3
4
4
5
83570528692862163
11
452152295992944808
2
81627494610363130
174329166008868096
415874231543759399
7
5
153334026030443474
7
563406824202429264
8
5
55912428604141163
281686374715120949
3
217747853327611772
6
110630031516095656
194580966496104953
3
13
7
4
308031367755385437
114053763183237070
188995890778339247
11
421434158122820550
6
134667457478324848
3
298161345832109654
12
912695732349578409
8
111895789077710055
426789280850149589
303420772490546854
83
7
208097806837668690
1
279228784618408247
6
145567225158026998
358603180935468743
272862055195072641
5
322764925317367991
5
220307437932200746
3
10
246574786365480290
163086765877763164
98770587506044484
133283111904528771
76887435827750017
150164492244702196
17
3
7
452996311124182973
91813664313703593
528074479677887991
74077169013550528
373283307681363370
292909184365760420
6
230626549041573887
7
254317526934944443
8
168541131361897266
10
15
167307897624822999
283265968059427918
9
277432897836114562
1
1
7
178548142372348007
4
11
101985442398300644
6
341215847029842704
4
9
256300803824583830
166846483689736125
94703533437549142
777179523389574283
417834538204976717
6
100743197837332746
6
7
324465775593052110
1
394989785237535857
213705296403528243
999999999999999992
9
305657264364814478
7
265023371243281645
117135055476567199
311564022929038767
4
7
77528194530962289
215492553664516333
282896426011378027
311527011573845928
8
292609128880442672
230512098532418368
3
6
8
5
4
4
4
14
7
7
263991213571984649
8
98286477893773481
145578417407938428
786061413034799684
525418376218510314
5
308173734414773398
1
1
633251616536361894
7
163065155245268375
93757734607245673
6
10
119980474000776760
159161649162467108
16
4
3
9
31
234569428773149463
96881974018552161
9
201901887265079763
1
99074529199199362
999999999999999992
5
404966651321401815
4
9
88278212319200859
132345680839260823
1
5
3
194571236764851326
919542931129712820
9
94599726085735648
9
1
133892046169244928
232969206893539930
4
157305934486337369
222003204456058044
999999999999999993
249219482380195474
285082110560196149
586225291803136539
154002065385653762
12
2
110580828735280972
7
1
15
4
999999999999999994
262740768860151071
12
4
5
12
18
11
281829114633616115
8
548226398843734644
12
11
7
138047466455015035
1
7
9
7
170271406719324035
4
425841703871973319
18
8
26
109375085933506193
4
327956857492378718
188247946304332489
5
120079000107515844
620028887954648638
2
187875921835812693
1
6
9
489939819183218549
62618549646039532
5
166035322725959735
8
536804304849702302
136792760941303584
7
999999999999999997
197119923848470145
235617224451288931
362963700227677879
10
12
160879327513118746
269911490387969744
11
617618068650229307
1
181814123850498314
9
467247749351429649
6
357730712300648484
6
168015456047271298
4
199577018892998145
1
60451889744312940
182882372162979378
823134285870727383
999999999999999998
14
8
6
3
245386332484362065
452502195624956738
116229710064101863
300116503914120951
195786737765382619
8
999999999999999998
8
302684448624589641
160358289030341213
1
6
229549066215583668
5
6
158136710198557155
108050716813135404
254922192683171883
243467912209550644
472438319231816920
152870051495490369
999999999999999999
118367617243178107
168599886142021247
169186087697734294
1
25
232284744613347315
217812704414794872
14
2
165653829139933923
7
137663873048122690
15
310203563567144072
499716741179509434
11
2
999999999999999998
6
8
48
3
425855090313058137
8
180973949185101582
6
999999999999999998
108872305689914368
659249626777087615
318159464474916008
101972150810166159
167392721677749742
4
363985585812548648
13
218014814384021136
1
1
8
88498064468521948
9
3
214490137493272305
380025311701392683
9
7
6
3
112535821570709577
210822636367031859
4
1000000000000000000
5
14
3
384700677475390638
137086926591085484
9
151781022864948286
407945031703680393
78890339933643178
5
7
1000000000000000000
7
4
334230985674619325
581427735398721067
117591329907513674
5
225834574151419128
386509257573730957
4
1
8
416330917603509497
190944183830207586
3
1
134430144916652737
14
10
687650177027984414
35431711944260755
173539925163596331
2
1
146640103588937790
1
4
8
14
4
7
148318615705842364
82909730802887179
5
389895503591874102
249439729387310097
104644616288451878
9
575591936600395475
1
6
12
182612333923329255
1
1
261996364270439487
153940123490086820
7
186871349861579493
4
328885433753282523
9
267516678121636119
165430521811525408
199974404556074407
7
7
7
6
24
3
163993775113770169
3
90922261995141749
10
7
170036043948605734
345785102114024174
9
159978476214858242
154448797519645151
155554703176955732
5
6
10
11
9
7
166399182228396391
5
219670715829087545
9
135178734792871404
5
8
147032784436422941
279990591967186980
32
851964763426892298
437071952626618507
215452226906008834
4
381321136211013480
396299656234749636
3
498752215764304287
102914063807884123
102109392707135350
10
94317677366290938
9
114346156273433684
149687585257064654
133627138908582444
88117959166848527
226260237425502964
468845568459076227
15
12
3
900797869275050049
115910251843007165
76991925113669793
1
2
7
176983782865847572
120284286959281002
9
1
163025211624329994
251326478190760901
349861084281596117
486342654688606255
7
4
85917590737133828
227722535813922667
7
141447442767440553
6
196918666917721460
731696528786200340
261037531188259252
4
344297538671915824
140135444345276692
5
265580921492991152
687179647124763850
6
7
6
6
7
167387539660265883
9
111768165095983356
503650111301096670
6
17
5
11
603258074804091858
4
9
17
13
7
6
209328959311089516
3
4
176003454802779383
3
435708860242448904
173635416774512414
200096732397851268
5
8
652394936472498452
129729754484357002
87239743014743261
7
1
274936574414240963
260744101112990645
10
7
342938294157614858
5
402952750949952990
176425093858677973
11
270680094837304555
334842165411834716
8
8
317612963415547023
384179946210292192
220691519416636935
8
8
399555934027851849
304903339735049634
11
284952134883941231
428727764882865775
7
44
7
281938369550536694
10
6
25
10
147055289288796268
4
10
167917135617681359
7
5
605362824686468423
238073032848231304
18
6
91734846822770422
188504145959772528
158573507161211882
6
6
289602719295499564
115509931948090887
6
337209324878355688
1
163000666934980891
151418712620435567
3
1
5
15
999999999999999998
5
1
161996556087682581
127514424985772423
175558161437554530
349471630951404440
130673116794341622
6
5
354246452661921149
5
267363311991177181
11
13
3
10
212269026614039041
6
202874852932444853
1
5
1
999999999999999995
368204409745286905
106024793353226465
258429977221247828
119930641198082345
348798562844944432
1
8
8
435704500933200806
530898991056796904
84936925504474273
324485388335535551
4
314445423570309583
6
4
10
158604545939193742
7
5
999999999999999994
12
5
179494798988632908
7
1
9
4
151250248701438812
185812579490759219
127037032153717197
49575369438423346
632232856280172257
99727306566577250
7
6
96432634707395150
812206405530362627
243265995406302518
10
5
10
155632817125293624
5
6
1
5
3
999999999999999993
11
6
27933925889029031
146512191272617120
185853534278766456
333958727388163598
7
716029061386772289
6
5
505568588024867146
332733261080140389
9
5
262350884806279276
8
273767799305127338
16
5
10
8
999999999999999996
383601817875796024
10
366319667245073578
5
6
999999999999999996
192929665017670881
7
286595322826297116
61111774772291311
10
9
10
5
159151391618534647
120461176052668552
216662573700830877
12
304852960918947413
390554623801771489
999999999999999997
235017902536813213
9
531156563431516396
254211938371206169
4
2
5
5
185891439514381669
316224444933082600
407429633139952087
9
145233102542260950
107736920385956785
7
18
113690964067086144
267023289105739156
9
13
104896027357765677
198960842219112456
6
139229341676886198
16
827919986950006455
177195671264528267
7
338700876949068565
8
5
1
317197148507588783
127819531281373097
9
89560615257237976
112512603038133666
3
16
179115219218371615
104599193576097359
1
10
162146442779930186
4
415245166905872760
5
210008863333572968
121485930297840028
195814355969103609
999999999999999998
431505000269825721
151664333737789784
3
3
411570424221903078
8
196873684672116221
138021951844755303
136634931596943754
8
300916764145180201
7
1
2
24
10
8
201621958178215267
324813739470213605
23
120192678318921371
9
13
161731775308472491
1
1
376452737910701004
6
1000000000000000000
15
161947709868315761
3
8
440326928193639357
6
232424773749081213
692110540293111673
143668459442066821
9
82648112512182864
5
6
704431157109690713
4
999999999999999996
71823921242691534
4
636596665385204543
153468259334897792
20
761304414398090656
346957717967959955
540334250456936926
6
14
4
9
10
1
3
8
11
2
575663979885154757
15
111829284383827527
9
5
5
437246320629684995
8
189129618676264430
5
12
183897515536596703
356763072667239518
2
342645759932132323
12
861138752092059505
6
390591966048898360
7
452127254090090567
16
211668034782491518
108290053837617833
8
10
28
94690050216561489
8
226883427425966915
9
544161347675402373
140880875071723194
6
131964361882120535
4
1
11
292841120858134983
278596903223119488
4
8
8
141428635964721450
344033837384653483
732440992636855807
1
322013277988504143
11
12
195862753155896196
6
9
362333557062959228
77722992141472475
21553423472972970
4
6
605948527663899247
249330221553411021
402065474898039315
5
128492344565744608
3
11
18
413280891539859443
128792215876423533
68062113459572412
16
226458566603152437
298318421385114221
118028184015833529
4
10
128083961362604179
1
268083957443500602
308031221830190939
1
185521694983646415
143228500822604936
14
6
191624007818333995
9
193407266391088944
7
632964829393122455
10
7
156152375577933890
1
3
467129105456649608
336759464281009270
12
6
241470615429276387
126750175846021848
116036042294186970
8
129138297451733783
34
11
8
381553923975767804
14
6
147615837668175927
566272200054314514
194911856921356086
16
2
1
11
8
8
7
15
178442482857579889
7
348523727771298648
82998550523036517
95323553590102053
8
246356962643134272
360246270750709842
925747812558307056
16
109902454708825459
190599628782781843
1
1
105107538135039000
5
5
87480362978062118
403089975935411489
146444786494443541
473189273892564228
25
11
1
4
6
8
16
126187396187646566
111294247548447112
394352299785947080
121015485121390701
10
999999999999999998
292016875564913674
9
644055486979748146
681834117104883767
270892130663291478
81880821190931783
4
8
176620319878670485
10
4
5
6
255709681775600999
160688050794659534
675312250394840049
114102893077431086
163091966683233955
6
540849057491964427
243588844374465609
11
8
2
14
408006863967896444
10
505197896099813896
67431523255122687
187870354398052611
10
84113062089067828
168265612368445265
6
390353965406668990
789157180135855364
207797026788955466
9
2
216911730659088675
5
7
8
8
105296889096245274
3
7
796884848760872123
325097651340306354
4
9
169574889902449445
10
10
435987337803688950
5
9
5
417344419752072485
615716295165585907
2
168492975661105531
176398411851497346
9
1
7
282727383505356340
275056161330585866
609437375936381989
999999999999999999
441900477547928007
415061148191762742
39
6
2
1
152855712782464371
4
10
29
1
224241026769574145
15
4
10
158085020728005595
456985043231336914
1
6
1000000000000000000
1
140555795549220678
518990230079188297
2
5
175467401021051997
202729002841343768
166166188790247941
400897886021794634
10
138283480162630642
386324383038934058
558186488178103145
334251855420200244
3
260659418615127038
60766474822859764
595318504524114164
183515349553569302
198194738342213493
117428889246794345
2
695546037130079909
15
10
7
6
105836114947279581
180421904280459050
10
2
13
46031091446860216
271632570123431844
11
846135639264145500
138377070322072735
185214448922622320
5
9
10
3
11
109913810431728135
130903014608543109
140478138355789369
6
449466641335542298
141604479550792071
999999999999999995
156216843810684846
972245036509333506
1
123919072448262324
16
212028861203757135
192631033732663171
62
230299036709736299
146335944254298402
7
1
7
6
389131313483025404
11
6
15
10
5
172862465065524087
4
999999999999999995
5
6
270050189434032596
10
11
573007625365004545
207356539027576292
999999999999999998
93829516538317283
345612481548031709
8
205591409008280284
1
1
3
277779779132516153
7
4
5
214532853452083223
3
192912832274859386
1000000000000000001
2
3
5
151426473999487816
37
3
100787338563714194
5
8
121146010794931656
578547152562010787
6
7
151078280761434415
100423406573349785
1
19
12
11
237132379771929381
1
5
24
10
3
7
284422186306401094
30
7
299891613853852913
155665338372911976
174592654068641979
434888353857402104
11
299426661858318916
58918400728846322
7
338665712926311727
237694662782260440
7
4
821700392515269340
23
7
130241010414794711
174290595395614096
11
862487250552498400
4
254342105550924066
178554997631013562
253813763776273439
122631397914782152
154060466628324786
407897587548803611
4
727822041722211422
6
21
6
146978866745294741
621788822806329136
4
9
999999999999999996
1
500473705704334669
24
89321728134110787
178990578620126385
184687932901811745
158896903438575673
8
9
409557005407807839
5
10
5
119800030552011886
1245328726575174
7
885756993658461717
202471534987130507
619487901967632174
327495578436630444
4
978598208556980730
238761932636870231
188436952734668280
20
208305668737390447
192155149243612794
7
6
5
7
4
145864522033430726
109545887713623266
4
1
436627061305998537
205666145828133070
118973256503136066
260062066053197941
8
6
1
4
6
302089530546325458
9
811029088183257884
100902073650511480
292670882434655380
200102631495079832
183352238378224118
6
4
280447447563675210
370292095521426704
289285506178481531
13
111153318084678687
8
12
2
8
10
473978090553396025
2
8
12
265967294667886183
262754201179123075
2
171718862728100452
14
390380876394132672
13
340012459568205134
675168012543249469
3
4
9
1
3
3
4
153422843009180276
6
6
15
108472374682182628
8
6
4
2
120856655277672071
15
132419815959198996
4
182800273479782204
2
12
6
1000000000000000001
279123198830392638
382650836804209613
128881258167172736
377005050652408400
999999999999999997
11
558428731716237635
175921211245599279
1
17
4
448661654238359993
6
285115941517320153
276989976101946845
264403342353590323
6
197731234558162778
143154401143886016
1
70300065743453698
7
118866355657972454
8
125068910545165386
139022808820428481
7
8
8
13
6
8
5
9
3
7
81131390952702479
3
95947805343303933
129970665107985887
197581062657940543
9
3
2
9
356578713231861711
1
288326726478945279
78135720113402749
108344412591921070
5
219388038943939973
10
2
5
5
205316457064855792
313515699243197676
203972535134187998
187598874970123689
3
11
9
152632505086361734
7
480906215279009051
1
2
2
6
247608443867463974
253055899631226546
303924992881602792
370930198220876237
11
13
209032595959299060
210418008418132935
100094063978547391
8
212453568168661418
3
2
1
98796796467465047
8
7
7
12
180595065197266776
3
212172770755218144
103561917719410676
7
259241593269912085
1
379572485377830464
170543584228239710
5
108729283663095137
13
5
219933922254427807
4
3
1000000000000000000
2
6
12
3
138696482796119066
6
128075657052282944
244105352947995395
125762878487442273
125205373352316881
4
2
267375037371916089
188925447909686573
319095189365149331
11
18
4
6
118085601824489979
152367891866889609
15
8
13
108242479087932030
7
2
500354520758651750
76162695173642618
202098520679346439
6
117309269129360124
6
7
397265334947955351
8
489694013872022806
7
5
134919583347289608
8
96965235232463273
140271574695464680
80417570538570585
400797455909825260
3
132632362483118936
5
8
158153773492494915
112195713513536073
999999999999999997
172717161751390709
999999999999999993
345280125082190325
4
8
209541846722007008
15
203845480617966379
999999999999999996
3
6
680492551800603242
128955036165039893
94046752120326923
6
9
12
22
7
5
106954779365413823
221929391139705573
143422268213574181
184553251048857538
284216241370439372
999999999999999999
171424848112312412
17
8
11
167598683423109536
10
9
82904570515393841
52
5
10
5
440493517331942544
16
115312949571932359
1
4
5
11
767715715384557078
5
145126469173571403
141353224744853682
280209987357835488
822359973390913203
127337694893786670
8
5
145171221994586302
5
11
4
129984581742391737
183701616807988632
1
266611636284375674
4
405766097682867827
434211195772908419
7
161921486571375737
205939676722072382
3
3
15
594991319569892493
4
3
999999999999999999
420718169648610195
292187203661683684
2
376205465737097862
6
6
999999999999999996
12
13
101584204268365120
126610642024711300
8
636195821013707132
6
8
154028360741876944
4
1
9
12
5
59
265504339551749559
226422529757771196
8
12
1
6
2
3
101545627080601004
3
9
10
186514617501076678
999999999999999993
110893687248828549
103140869997541811
12
8
62393745145428518
24
103948923912008325
131894038906557407
243256070339053065
8
91633941892210920
231496802388274883
71151715716694180
7
99779121230560712
92654277200334537
1
460862500078487857
10
39810688721080875
181607707507001938
15
168361446167013462
395509834570073097
9
616267388218398772
5
999999999999999997
211633869712109172
7
151350854806879745
185731917902228136
218028505320261875
125049307528560998
119583548302060357
10
14
11
322649498058143250
12
402674274876847800
167874963470747886
7
86431473051179431
287497066408763364
4
999999999999999992
5
293462802528101474
1
230332103343283754
234711802308613463
3
72233804619662423
5
12
308077191427036656
9
7
8
131729926276309857
303794668975881978
381166837466955530
5
3
14
103391927220596481
5
9
7
1
8
115326410276882740
8
19
6
6
345933980293452836
198511300819491129
4
8
11
97834839779983098
88388146717168091
16
278075544367733638
213348995014866590
100922651789873923
7
69
107118744643053878
999999999999999996
451836567599492476
9
148499177386358281
4
184130735982579240
166080674234355831
5
701867809172333694
8
9
144554504354606369
16
344217765828397599
664848962290551545
4
169727099596107540
6
133429943326586865
8
4
25
264693339354267808
742609531930319245
6
2
526109432588703757
9
10
325458119095099190
11
2
156865515757547514
224614951823600995
218414437306029665
351157578743731851
137309891295989554
461825185376791939
7
8
28
12
120941784150039474
310882085176355432
10
12
9
2
137158174629656800
13
187831062134179303
4
127070036077181043
317873932925903969
218837574975243267
10
732358939302447485
73976166770671825
5
9
15
13
6
23
269314329512145728
752806511482835900
6
157117983842435608
349454963575462674
227498136033578073
5
9
14
6
127194430209172001
98990456077176473
328362680170607693
14
210715679693820816
1
10
5
6
999999999999999995
4
232421260834286473
12
3
531382994809568998
135681411807326520
63429684187036903
1
233760082369843559
179484277713997058
4
7
128105930761158054
9
6
135979573487523847
4
8
8
6
6
154957561863917336
107247794090893264
302151265659859804
13
323612212525140440
115503956882688781
11
6
4
731095248090405469
21
8
347958387936032286
12
1
191629768633654516
4
132186502527018987
999999999999999993
147190849337770663
999999999999999999
1
6
288038251776478909
5
297111840788062630
117779841586112914
186273628768712328
386566847025496190
6
1
10
1
215629053066942511
13
25
223352407072286617
90012299658603705
496072940195762087
548732100445882305
6
254634913469108178
21
7
301637991118201766
199234338981274496
512153324274407042
356647450884194722
5
12
468536279215143628
523942596798014269
468350936448278351
479468281998381492
11
315589053613836177
8
8
340300060636542465
198886502047591899
577798388014357250
735597874643234174
12
196098013398414752
5
8
301474268702041532
12
7
120560719004083729
4
443567216281011493
403452409227678017
319544736485471530
144235972143127684
999999999999999993
8
4
199562898119835223
18
5
14
523124961473875298
462865956156821168
782214868551957786
71213271025820667
108272663487599874
202673595600480329
244030395311016589
186090211964605308
1
193193708346187992
17
3
7
232185504340776888
9
1
238338796581486748
6
236760037849959023
8
93589570983888597
6
2
180881981286767702
484412189692325848
260817328740888006
18
169125202976768452
357813382570588663
13
10
81806852661941267
154679804278418866
144006177913782561
5
13
4
160372910738622430
21
66111838572118580
4
6
408431233360068036
7
161979301262175690
502219084807216835
251429204933406500
9
579469918357188958
370664054653476725
302330212139305274
117697383770114895
9
999999999999999997
200557988405470580
204016119765038702
5
1
13
16
10
4
116720930362055664
12
4
11
254029011998657312
178588159594594550
566369194019791648
265967890414696628
851930882893571162
2
248853359662367950
317059990807366357
7
10
152059540464850248
5
6
3
17
853392401321067204
13
1
23
4
175887963556329840
390834167773193350
11
296131299216571687
73339959661647990
8
5
114341489278080246
999999999999999999
279106030255713177
504816054538920224
129542828064262607
322243276116837516
8
81949841152825140
10
97764953203795046
5
208960204443028898
12
8
6
274966165544814814
4
3
272771839519151799
4
5
402027768174351219
211232475862382380
203583764227117755
95800433353659348
3
11
9
171788356586559924
12287569816281009
5
13
162557948108144874
341658945987062301
473283924815512296
133418902466480842
8
14
187799610982273489
6
8
247499098560854888
219080319169805427
11
1000000000000000001
999999999999999999
4
138770368633859126
4
10
296334818719118158
11
7
11
7
7
188098600575962689
160013021169322500
253246585910159391
290477576626141105
310327025906832310
150916011729791881
226617497846380497
151865753553183074
214729615699927002
166204833705656907
2
6
999999999999999994
141303060586366050
1
8
1
104923375216645355
190671673475593217
15
147119943455313152
1
5
16
38
321066184242329513
359899995564120931
135620975090841880
4
7
307639049082829544
6
298445944839750167
11
3
2
5
67983221691144059
5
231218069902979787
12
13
18
96453049729820437
8
135426465791901629
71119829671122345
4
999999999999999998
8
19
13
5
2
999999999999999992
1
3
4
7
157516536033555614
3
284170405305553256
109023877573240676
126569569137829297
8
652761707252482247
14
3
5
8
103521862457187784
4
4
3
816897554681895840
5
203589809836190821
197179025756371837
13
99046040200299828
211611391071124856
102344533352228882
5
13
11
2
650315278106389070
274631111979012987
294678498770921304
495248428724496888
4
218470848790309049
7
274053085734229703
255625203315145329
3
17
4
251278333286727729
1
158294225623572030
251570244081640059
145933557981355131
18
1
1
122461117590196266
209421441245055586
111455713356051568
1000000000000000000
147578283416523427
83
8
285130895868714978
10
8
3
411774323554258851
288276353012404261
145357386155598529
334275073442919657
23
248137399275707423
12
5
95158987436201773
218837736781126887
6
751399670080359819
110448202707677267
752098025258927337
415549960868573275
156036200041539810
10
1
168562838886715468
339901950855807886
9
18
165801070902071290
7
18
8
1
119073783545249193
9
11
739889862731971328
342644926903343761
10
165572331456981486
7
89055135247035066
10
3
21
999999999999999996
6
7
4
502544850044010618
208159041698177842
330836061202701929
202779513586919148
510522482919946489
152163960053310647
435377751707483795
416519724218218592
3
7
1
3
2
7
237402586992727069
61
92675690039627630
1
232703912243912091
6
8
82129591089920883
6
751966986719387052
14
14
7
9
238181305870758361
9
1
102583924611281286
204356001873115147
4
735800270426534773
4
426110028785073676
269861318604441825
298624914838156537
10
227673965882951100
2
9
356148249893447554
1
5
159301603707899090
19
242432560326866193
89052894689297630
999999999999999997
7
95179923167548004
6
11
1
119218571654337071
14
507987548619709149
4
8
125334586245214051
42
401156377216358702
73579166940061204
6
9
7
5
7
170180209608120584
1
365463004955902752
6
2
245593332205703255
12
227420752341870612
256196712185110648
397826468959790081
302141545311399564
128124534548348715
3
10
114616054796857176
106555179074913882
3
8
4
612433769724033787
302360646394099549
6
3
999999999999999994
380683420872420135
3
2
10
9
119475605000301579
519868381044481742
113086047505556452
2
7
813461308953672840
11
21
10
261384673755757199
211262064866905014
5
5
7
9
474150487565301198
151519413759619313
6
999999999999999997
2
114402687424873196
10
7
5
13
4
9
75980949715191115
3
16
264193583370589915
7
5
5
6
580558150157573699
10
137756168219318908
272115436796901332
1000000000000000000
5
142426628610533585
111680142524960080
109770978847260552
239549995734541623
170613195571394020
8
1
8
90177633040640884
3
13
7
3
263871167881806632
89334582450026665
10
8
146533627798992127
5
99056114889848024
999999999999999996
314044659061109383
178053539197762296
2
999999999999999994
25
11
4
161147128336084507
1
11
552519315501802917
5
374695573979274282
119070501556600233
8
154898538952317801
7
96590930042294428
1
4
11
4
381427955789104829
8
162979292578230670
320654733637267263
8
143309344516626456
234685377428132118
372391157368481353
158669946940236237
7
8
9
144789194351076438
10
121850546469013719
32696076802693713
228783140798631141
5
9
11
208350252383233277
117436320131704111
7
357984987591670098
23
27
3
12
3
9
219099913362423834
177636798120705878
133202147649452259
209440163095332749
249882476412866701
6
5
217362409263162545
9
4
2
103889365590499623
108050240819822128
1
16
222061820061541034
166897351394215475
344690903474040976
1000000000000000001
1
4
26
7
10
294678348217051732
211064343780193560
5
12
7
126922913798287504
9
12
318793017115938077
267805434603808977
14
362783038456032316
8
150535879891015212
343004338318173960
127990830220614895
161773128461197381
314847117997684355
3
7
272121334974630481
13
353669867664578585
102748103636079332
1
15
10
11
100966393862282109
9
3
296670230465444286
4
100668947856169924
195666832275953560
10
2
892602114908181748
95626073171188001
2
2
13
485746455247562487
115974983607729128
226478434344638395
9
8
4
1
10
4
224056031597804126
8
8
296890192412145767
2
9
20
4
6
11
221508021791644432
159194656523715547
239089317064650452
2
130531780429209442
74743149908756931
577366008961524066
1000000000000000001
10
390525883753553491
7
79245426270168782
104448258823665397
12
433232908423056935
239159654551801039
12
5
584348020489545320
4
5
8
590794747600015244
4
5
15
131817481401950833
5
101445576236818413
11
114815158195927957
36
430095004577312731
1000000000000000000
161581160182235948
3
9
23
254802452905990731
5
1
341697683333185150
166693410752291909
196609819837193420
3
147302724245392319
196140781673160867
3
44
169474554348900257
200665503313844240
230746828560259492
418366100057936368
242608298277551103
271115338813115833
63848945967052879
71164635277187566
339073972681965683
131227437079146512
25
116319331592490651
3
168970282343448382
12
283752888690132137
141758675616975579
49
14
151911818802227642
98574198770395127
7
5
776310167897935491
999999999999999998
10
203788408628344011
123861531417375810
80717287906953179
215096428120754632
5
116102112599909435
8
602462440839704281
470321764652207058
5
100505604182762485
3
11
7
3
151842813390528059
599861013638478420
5
999999999999999994
186791286055153049
122595986724823240
8
1
9
6
16
239819655767940987
33
70746430860121320
22
177678293100467259
130654570411662597
10
13
5
308206390611416118
99460382643808344
2
8
200444541858574212
119190929447531783
396130604063842065
10
3
6
7
7
198309942175892062
3
7
5
9
396729148007054161
1
499995537689973229
10
2
398340120230662443
5
6
238470471191296749
280045135293689106
11
5
4
11
2
8
5
4
148742458876094738
7
69027418133389548
13
12
1
80725554387110791
999999999999999997
18
999999999999999992
126296705155753447
8
6
7
127052654716266964
4
388557732518212323
126697484041641349
460074143917695617
331703851634275814
284040822995217265
1000000000000000001
258120169226749087
4
4
6
5
105447864933532022
284429490125343214
504588287840703804
141625146422319536
11
156560905971092374
11
31
126017935202779458
19
122343688862914053
11
327296141074331751
168831608681185630
213358220813171823
136418418633962075
271611643128005061
8
249591228225015262
5
6
234417548996119254
648039320354190092
7
372218056411146804
999999999999999998
4
574466832051628639
6
14
195201213942609950
5
274573756828079652
8
466902650029489046
9
227026913624882508
254128823745431721
11
6
5
1000000000000000000
110243188647835767
188750559197297511
173037033405685100
9
312283770743553063
287975192913708964
4
168223307286281646
2
21665640806938557
728568999008681903
223522492599846648
118355876871538431
346783045168010784
9
5
413289412330542587
156454755499846000
3
13
3
172261502827197195
77311033447818146
23
123447717574519627
469629000549254205
10
323338388112442024
7
999999999999999994
164723129929404670
117481517040389673
4
122243052761515768
207210870526451349
9
19
7
180562687150750350
1
4
82503884390354893
9
8
16
41
147837589963757971
554419442215544633
843313935154144997
8
999999999999999998
17
4
144026723555851581
834396124109998488
7
4
999999999999999997
175082926056278140
276937046048906734
282693109916492754
7
7
9
12
488351449535760459
7
136718456164139374
294366222286202090
316600330376928316
4
185553124187498533
12
7
172049694615562580
11
8
546973839063287117
14
5
5
173403778944021277
8
9
12
238910691533231751
7
88070288164924821
8
17
248074713441824380
7
242773891586743359
6
7
8
159866420085718996
436275957702314396
339509561045289349
10
11
82753637408921327
198399438386873493
304439040326838173
999999999999999999
154055546382927008
276418012088572097
126956167895438836
140016865087727344
491618880464388988
2
306692613536624881
232585990083913315
12
5
635409929235774058
327916652078128339
83004533377525807
20
449472881235046339
6
5
999999999999999996
4
9
121365540530997041
174031161950006435
2
7
11
136004586275643568
8
10
131954046166276064
999999999999999994
3
10
380551431642436911
293517810689700824
3
10
783921271069224347
91527199560928984
505482903280880975
13
205822686832422525
10
636484593486770638
10
11
6
999999999999999995
3
4
642874663354105844
6
5
9
6
276323684892357626
152956814638641320
11
16
177888278192863202
13
5
106875689065833417
679539765283023047
457181240106211280
7
13
8
129126722449329935
9
356672553864087745
153354942194904189
2
160510186109707655
396489957594506001
7
117507428727614470
54327727617360775
11
177111747797732009
999999999999999995
406920964485622444
759675339117154812
7
26
173915424803345801
132684319013046304
4
12
6
4
12
4
185162025950145705
208493435800613742
59438732077933552
100911871284693272
604558857375214079
10
264689873318599481
8
6
5
5
180525344962073023
1
204966221423985802
101981337859192943
5
6
62793649716420647
797953083573386892
214986267769512388
13
443968896398456876
310693433546141637
27
179148879929338092
1
558929503174647501
1
9
239602466370814026
167767900527860092
5
216714409993578549
125758877515657222
145153031580217855
113040688575181379
174400173669034563
5
39630810731495324
2
5
466666484537220111
2
119347922958363616
7
7
188795023074404712
642922733714598863
179633762682328602
6
9
7
4
161452151398333272
4
12
11
8
11
176620294348009732
203880607452393826
272326498555105947
17
2
11
25
112656730597925461
15
164816653585793943
142401522508990876
5
6
3
317647430573803883
6
157702863011168581
4
17
165285683615469013
131497279429145013
8
736320045951867191
1
222504473565115289
4
158424967797442165
1
9
216562461525798518
155137778948081562
11
1
9
5
3
152824980970611971
128435846368334419
161112406327463179
1
166443763924744484
9
563639654059182165
163014812354561521
143257946501176095
13
400990552372385995
93346827086153558
9
7
162927490591411775
3
6
6
2
1
9
13469640269586744
5
999999999999999999
5
6
122758431088679709
2
5
166670134085751257
7
4
119368920195961552
135260099044125036
4
9
118894468098622660
69679052992716392
8
149647071180909980
156531658008749854
79042354198856260
2
337424351146860686
13
7
6
11
67
914455180904159469
208493763626580829
8
9
6
2
11
171609864533616770
183147979979549737
6
277861490693209580
182531095707089098
9
451104706618459161
110272576767427937
141936736453844796
1
3
5
172521179756194624
703150543515219344
14
2
410881688349106096
2
74547772329940626
999999999999999996
15
16
11
10
5
8
1
6
737422785709910544
7
378749140881308390
9
1
17
105226655574279300
10
200945261592431160
6
999999999999999995
15
5
8
8
238641030076463136
106324051830040049
14
447990341089805405
11
705193561134734898
98031063598092778
6
7
6
116589465612101948
6
1
2
12
4
6
9
6
8
122384230027539928
9
1
255360034822976877
303065291067069298
6
5
6
207320427696387910
197824977698855940
7
176306692572817600
109665681577922719
388119565153433372
198549557389401412
4
8
6
3
16
6
1
10
4
235993853494031969
7
4
206622806503469037
999999999999999994
134985841718543270
144740315107933693
127659763987086717
167562091362683844
3
337534355785812302
97072511095742952
250479193674389017
605197801221134230
5
208162334678792854
10
288740567813980650
238941927340961515
191089432427155040
519163790828220579
14
6
78059472214953628
363899431374850246
324846094588116212
999999999999999996
213184206518985045
5
236997434753104776
173798505897052848
4
12
88630945912392631
126487951564454380
8
697811272790369967
5
227630895792835108
101342298999908370
6
1
209867452166423741
8
175234316103914282
211546356174843974
272765138418231325
15
589767503742525402
165882633375997805
194051417713611898
6
376746138126561128
76568246241629240
6
180527604331172428
8
2
183664655077229441
7
1000000000000000001
2
141609678779002204
1
9
10
97778436006734600
1
197254341124353140
8
183391359179763685
5
4
249587077347359139
4
7
239508396316291382
9
11
9
206071828605403815
3
99693847197783217
8
61182058686440063
581617572661337639
8
344279439694033824
11
192109796272985349
14
5
30
214033474094232205
8
1
565608154924059119
103101244294384111
7
899198943964398498
224750262494453011
316420334374161230
10
9
211072550402819331
1
90747121849721808
159933285983690700
12
7
148513880010624243
6
198864950752749126
13
173059202016209145
8
204681441307310911
475270900079594280
9
4
189979502523694017
4
135056447457971749
131956743134747033
11
208432523935161206
135751436108450371
12
169587695554147341
9
1
108922219512920240
20
4
280176185684756882
515872060261797706
262460136598517363
94298997538817256
14
233575071274357537
102662259754935346
102076805827263127
11
162325287472945647
12
300149012648090487
3
4
15
264356867336173446
1000000000000000001
130069897150878493
125199153528781524
32972916593840019
11
10
7
169928562665589590
361185916484836083
8
164343785549595364
175061101651644418
7
241758965257006444
16
2
117002083143612873
450354921002083507
692113932054110776
1
10
252032625341225111
200059869553029979
3
1000000000000000001
8
104506851854215195
151094797133410051
21
4
886107126591772428
720602566582255499
326503211061839449
181266534387464208
12
6
170914267760571549
70704305351183367
1
396238200519251965
9
75216822183510165
131860012008230731
334707982559540549
6
159127953469534882
1
167966923119609155
220063842469345003
2
2
342575831523882064
181065976331036412
684302745410299009
278529727572164252
309336744951168192
6
7
322795433922326082
7
293018340465102365
259651272736849653
145936693066570656
11
539991745277862377
5
7
1
368040403490425650
17
140752419689975606
186630389384407226
4
187803250336048209
8
8
14
8
165230329052189618
10
33
1
295374850761661727
116390955597243546
9
1000000000000000000
11
136819283329825417
158867011289923772
200569357175008163
356091519173964010
9
184823543972711983
4
226701119220048090
9
108674640282814191
119796871333345318
1000000000000000001
142511451141019072
286601668719601337
3
16
163654646275495924
137970227500866773
9
9
244811052680383709
209440735201682326
8
5
11
134059449916754783
8
197811640213194029
6
700878111037521740
9
166540965139297932
5
7
371176029157996246
856889156296307169
1000000000000000001
254361463816065601
16
14
200064589705553705
5
4
143902601321748431
340726843614461926
9
7
9
14
36
4
20
1
352695694530102021
4
4
6
337987788006517454
614920823012659031
