1000000000000000001
714
120021546932962
632
134457803019403
124456032467267
918
115399915382409
105400458194990
4
4
13
206262629890889109
6
7
193090140269995883
335666743377869952
6
160836480731032077
191522339306560210
5
11
3
9
11
309859477838640251
13
10
279173362931224027
273132089700064345
13
303616454601736563
446425586559782686
8
8
154052034351530349
15
146908246256684348
200676946522401389
28
5
11
6
332827761317794151
152893366729647584
332029595052215627
122120567270625784
24
12
8
93946109782774254
10
1
301217178513316777
164555397074456832
355177907391479152
1
173280012775578633
224729904906423581
412094140568844388
2
4
147429706558216280
199692237038788642
278318882079580809
168540943210243414
1
254188835004844924
3
197834549804035070
4
235669006910018164
284806885844433412
7
4
999999999999999997
200413776035793762
20
12
1
162715750342329103
76784793000633062
110401223887215183
101772916677173291
9
128917457825510638
280522847636158227
3
3
222359406946921175
3
3
274350864269097845
1
176547417803817111
94761488927527172
237206413542744699
7
5
211316802530468267
193853969648203824
8
1
3
201775685034012971
134750167183745477
5
8
127885723087346902
12
592561872667010688
10
620526709542073146
165388685331329975
116176938706592557
160234714154058688
423225910387657087
7
21
115865576717463199
126024168212281825
14
175509518141466335
253841319325452577
45
5
216416683573076183
12
111211750240616735
7
143498956769346919
9
5
10
240944813319809764
99156257584471081
2
285265104462856290
9
214904138200095766
4
10
232403797343134501
471490975753095229
222745300674737377
525761641198024158
12
10
371624894408619035
15
6
8
404384312079818496
188083957085548207
111449018924739423
306106203369279256
13
3
118604868954678991
460838053661486876
10
7
421165571330858337
348487035309275938
802235008090298631
6
1000000000000000001
7
187028881890914224
2
4
9
116206983019083734
6
5
281185735230579173
8
947198628817480774
11
240231641616768682
123184958248289225
230529731270309131
163446613399179237
739718703635494876
12
4
832508200862557120
66263219797476130
117807915632903424
153433271929482700
243816780606408348
5
13
296996087736323214
8
182052500783509286
181110705207170293
12
567860404104718350
5
3
115893151975189384
7
153107152015678420
381101036020426309
7
542061668703450919
148945601487375709
337132885668616982
118928824829276739
133274781594701000
232584681146896674
260044669299118352
999999999999999999
645041082062447176
104701595393246953
8
5
15
189874025775874131
7
5
110996904642438109
135942448937412401
137425620399148266
15
209990523148386208
5
158768254008145175
484415854045277976
184439965088391654
535075546027001457
91946061110686369
46584142328341388
81662564072225429
4
4
7
88078971204146271
504457859845688357
29
369051363653699359
3
329171874395663996
8
149800394631303696
5
9
9
105129485816905405
335471341742198393
199616392037639651
271538628350288898
3
1
145665604707213908
946194915117790705
8
487685349261641189
4
14
6
6
71971968822477348
442079549160452063
11
317753427276699214
630239254270076878
4
13
7
536140838377842905
289772285028915806
202496763647010595
3
311483961785406455
1
211851594032752758
114209505260166962
3
4
2
6
12
108246119155952169
1
197190765689650149
332626955626784549
12
134630085010297034
7
8
117649127489124742
1
170532880803102698
8
7
98459969112675171
149925029072472856
73080289143349821
10
138050525855478461
6
11751213161244313
329690770024804880
3
4
3
621990064952601571
9
8
1
9
9
4
121445345414918991
16
6
8
150363842329163906
15
28
8
91858968500083332
5
4
82868758902094388
1
152152149104694375
9
13
223209961476146948
247541738183149757
1
10
7
166483329512454467
81757297814434689
14
3
134231098341043457
9
201034369744005879
256062805473565540
6
441925381841049555
7
14
3
12
328051788648740792
424169194214272022
223586617608177491
1
191450511845720078
325787896573455274
8
11
236115826460854221
4
9
412861944472526957
12
106172119448394866
12
171735573921428614
2
178199981099328363
5
10
8
21
16
148742736225057927
7
99753922518844348
203869024429226917
231010563118138019
142688486487533383
212176640913468058
7
228452396681749917
89883301807560576
206084035527765764
177247889795718596
2
89729028539854480
302784417840129795
8
105046033688968668
1
4
6
318600328458482366
1
259456131759777409
447367189450421073
7
7
193342816997710769
5
276541976607727696
452178731790172743
134515623201614203
7
1
13
8
108801194445535165
1
13
469612324686085258
7
5
3
11
999999999999999993
156167597666559736
95390976827929288
202063298655387504
383074609921015977
314515179915921763
11
653449605378210996
9
711087818835246838
130852019070428294
299267777910224201
7
468765149899319303
216669179488908197
7
11
6
126854885102759989
5
3
173197542338636420
9
83134273755257569
999999999999999998
176945321912813190
333659281662352232
145419518935529575
157204408691940786
20
9
9
103722397545122310
116300745967348931
137186935133810455
261457150304477055
151821902294127576
1
1
549550209308697863
174080879241909031
10
149041286662322774
1
102245577745869795
3
987593282632398192
139688236637747285
5
533768583978877033
323290631820578207
4
11
7
6
1
724693479738086087
8
10
501608579884150317
222018334477456111
354482662499973612
100000930073098537
4
93594463055926773
472335971574323952
243239143117703354
1
201804346008629288
8
7
5
350775475356292481
5
15
227663919798404484
255327909370755793
7
11
671080065130819703
5
3
132243966745203591
160979883685662717
197631063386634296
999999999999999998
1000000000000000001
124227365035589730
695599643994785296
9
5
101880449194780459
230759882074814104
1000000000000000000
19
999999999999999999
12
211066023111690786
230922801691362050
143845656090986531
1
5
3
10
1
5
7
2
4
472378018325804639
9
5
239050829886877322
8
860694066855016504
64609655676890222
170740654250758433
8
69519683058221354
162531513894640066
7
151562961090588108
8
113874008552615080
3
201238049779150471
18
264769799091473903
15
6
21
4
177434022573618129
4
8
39
11
364547606970326806
95726005256540524
14
6
228577866068907849
12
11
1
136058931458510109
1
6
1
1
801684956065337158
35
93126727534736199
429646061627822283
105607882038079572
43
110644004311377456
3
227107811016688747
287643125395887391
5
126297413328196329
129068766705923696
224830022013961935
8
158978735048171080
6
186769145086408086
151275527814706370
11
185267095734277086
2
7
19
327773798736023177
133079891320384770
1
13
554235421536985518
345737616019198571
236610704252884873
136991432630152106
5
113367619293389686
139990261685214314
6
1
9
8
3
269252518700748801
727015432176531048
4
3
9
689176569394553022
999999999999999992
333872796989699346
480645814009524347
6
209666573771770063
7
11
485372967279675262
1
266321839365564691
481282054737351508
289978616332360293
11
6
81961790879743829
16
5
9
2
310157165574496990
2
6
7
8
5
20
7
4
144509464423777821
217523126728631875
4
181703445635835126
498100342719265175
7
393238436867999651
6
999999999999999995
22
6
220977029233306910
145959840839917702
2
1
111031457942920448
163997411159461435
11
140148853824318197
6
5
295841916181579965
2
117813378968264859
4
5
8
401646657856421068
112339133745698510
213853537231548420
361035088450045438
5
8
141210753420820211
130390397895101760
7
434438465540782394
8
437200425596747218
17
10
191545468223513016
248075551563963091
66962841772202482
5
8
116477774261008817
78722396276842295
12
6
5
207456864589603811
7
1000000000000000001
282051571538787079
7
73175234603988410
4
239703846858011045
7
817639873214389024
6
504665600048092285
10
148562253847140724
8
1
5
6
5
589706339871400410
229958545733622658
2
175252409749570247
141577109441805351
151472406536593490
111145622589554971
244211366943620040
137749278317560093
13
10
90064938287607184
15
361376608528408520
10
3
10
192620186810252332
161728201144259731
8
129243147602320125
190544729287883126
282571011599246438
23
118313288504538033
5
521889530808554583
3
6
2
7
10
5
999999999999999993
6
211111999801667853
267155661907314559
8
127091483595604140
8
5
257396428481337393
12
2
2
7
477902830152094383
5
205998529268287756
372341338025958543
241677096495359398
3
124992103040763439
7
4
6
6
91830648754559406
281023706818644844
1
8
173027473254694722
221291019219393445
143224350795696009
3
6
3
6
36
2
5
218060312066166474
188439693406525668
13
402634283751006969
8
292303753464913531
1
6
818913579810818121
223884223299714219
6
7
3
91908756100461934
7
5
176500522615919146
11
150647298958055927
1
264503135115133203
5
192713993672862668
5
264673404189328038
172062999546067998
477250751349867753
11
6
194574506258790009
6
301283654690575506
482012595594491351
189518518803786207
582878281993283108
102663080437159112
10
366198972607532159
115973079586249649
8
91174432494819590
4
1000000000000000000
106877737998808689
12
101332845023393528
999999999999999995
142484931912311922
456181289049750670
10
14
10
222416180593689368
284419642829573744
114265109749200644
130016287079491187
150271388660855355
5
414748854981589439
6
8
91467913153542393
3
10
132816147117719966
137433561235284673
11
335583301567213280
207590025036070463
4
8
1
86260949317334078
8
16
7
1
488626894758435580
7
134149243283123877
116278316144299018
8
9
1
475008326354237278
3
22
8
7
8
5
1
1
172473657552500619
5
28
2
8
139485101835286598
165381496826861100
482714928760425446
999999999999999996
6
6
1
14
123926831915590287
322734993794404340
6
6
276944191785948216
41
5
284858507465794231
346527299521756563
340198935210242881
232620407785954354
221689480915479191
11
21
218090066163903930
158888111996376815
3
245623421916063502
8
15
3
5
76595845814625744
4
76997094468416982
3
10
999999999999999993
260268668733252297
999999999999999998
9
157778838884880179
137088282033173276
11
9
5
12
8
3
3
125265297999084745
200860288261678513
7
195206615456220153
7
9
5
54607001569305699
5
927709171738178244
4
131184194159319173
193253069268835596
18
999999999999999993
850166080474222806
6
170555443912927870
23
140280189203858264
616632702873013613
396343747612815514
11
95870234262712730
274445637910392655
7
7
1
11
146418200962599271
11
159840085696772600
7
6
134594835819515913
231750181449382094
1
11
15
219003459874391780
96774137618082319
131486669938942359
164271823726428142
2
27
7
1
4
165973173267765157
170187935914580117
4
5
152611736716345857
4
7
5
999999999999999999
247861523059418056
6
1
9
350057750028135016
6
170836636347027914
353435599510915259
1
13
1
173240565628255451
9
196106147855015957
103249825929729108
5
6
24
7
5
74549779219933695
457074983026330325
185589353194467829
2
2
468712479061637962
8
1
248032765673537400
5
4
11
3
11
277907972648688907
9
543246786005470096
5
445117319154984158
6
165197282814887424
11
83038934703534209
999999999999999994
14
139269187921020489
992813540216330308
13
997058612430115122
506641387791870037
140569488068368895
183510049085027547
104160097646051758
8
186224810408219941
21
34
8
102197564177491571
93776285319561041
413033362821055126
7
8
130782346091643659
12
476657481472146799
4
15
944396134167217800
106302733090791211
307954720826181005
4
11
9
114591176471050342
8
2
20
7
161824765377913388
11
3
6
185180109421153070
14
4
14
10
126835916330263273
224066666904491939
384594336670291071
11
836159165071807792
147278212971764021
335075782475275035
152515762710068914
184303337775352300
7
7
364579769265431594
192062357396933617
264348274461231566
10
10
137535445978018978
137984202142617119
1
145862632755996457
7
131485643200842238
5
4
319772593404506696
6
179208039609358686
291030126278172996
7
8
107717928990384122
11
278885585475987222
3
7
6
110913145490344005
6
193590153082958226
150860114173779018
10
326034522684200573
5
1
125648356544803545
102678842305198157
8
4
206627104447090584
1
418623213055400830
202332868355088860
735102000033026235
4
178118003750737305
9
133334326986075112
7
237351114749684565
11
456102925614910258
13
1
528444471813262996
4
15
2
11
596748358522265499
9
187014245117546063
7
112933731568562340
9
1
204373526318046826
6
62968856444166775
1
125988847774804591
8
2
207758906378686178
297382093267878304
8
264410127193129087
624306706063156590
999999999999999997
342063549959268146
1
508732022297935006
138539527820720113
302652561552431122
6
134123728022698852
141146550213875080
9
10
17
11
6
3
464702639756246584
96683555171576070
75675881266616667
932448115751557985
11
9
421180727158613549
5
17
3
4
380661679347691844
242502867118394977
7
121118185661077894
8
11
187838477710850690
214419217212639792
3
10
11
4
74738058702757292
5
3
4
6
97224211948345221
1
166250319241049028
301769039885157917
8
5
208140740295375294
7
415032771282045718
418556420492482179
231030211823520430
2
147538621907602051
4
4
3
10
785171187967731823
160870352296113429
267299091611928386
208872577238588014
1
91221236222363880
7
189001229304340335
8
195198947669816046
986364900106649414
7
181019891780509359
8
193301285824610227
479293479199101176
12
29
7
11
999999999999999993
182761472349582200
5
6
383545795278521978
7
56959812687354894
156435898762537747
1
93818248780963322
118657193977731546
4
380903485781839896
12
4
283428012264062556
746906817759682231
49336408401964058
136978041151485922
146660310497328249
114477852952678632
72081840348908110
706716721031250854
4
24
373592418756539367
4
174072189983219065
138727720694945789
391699492157758320
372725424593416883
730708956245935521
139632509185943320
333494044402498783
905822708967131041
1
9
1
10
1
2
7
999999999999999994
922314351881658761
208901128204683461
193271827338451465
596935917113098324
6
7
36
161483654108418340
8
172576166885441760
141656111010739746
10
4
124519586544503878
546103738427095938
5
999999999999999995
5
323208736504046460
4
5
306798981898407120
3
6
1
8
195515447415015721
7
6
11
12
5
410380429974149947
10
5
1
7
208279637887684504
6
121201651426218600
4
138319664401214528
163459656145133141
577800260318024795
23
372847016673318355
51
999999999999999998
147128544286808932
452201016028717463
126057098764792032
250120146051825732
42
625866361725072747
90623592737559224
182395284772666862
1
19
241546782428462351
6
1
202021471771156479
2
287886897672450168
7
9
13
14
438340868582593527
142471248535261698
242524360967640303
7
9
116461332855778407
13
170051878067828869
785535040184080480
193140010801214580
11
212669998987389447
220046810614633240
4
12
150674328136796484
440898267307083717
999999999999999998
7
4
246229957073215540
999999999999999992
119948567543308262
246862352964984828
6
6
4
1
13
2
10
7
447445123321055023
5
4
13
6
9
134759112378678497
10
241498805209435059
11
17
257487873322087102
3
224593865849572398
16
8
11
5
6
380760392866028039
154304533305035204
1
69
13
111974551236104645
1
264856623641984426
138372031036609771
479150671707452601
286717424734590244
362607497347515593
169778774769824471
558168513222875594
1
111831943369075157
4
118207292682268083
239462985202331077
745225395178710489
189876597489731962
436321207365236292
7
158630260480906632
466092476737519130
999999999999999995
150771505799731334
2
15
999999999999999992
10
3
11
234940749212444458
15
82412567853036162
7
163026192041818626
292428292672146067
107190796087114466
107965373027564945
126864602508536397
2
206145740234086520
8
10
106435174204614759
115208125404419001
9
1
175155083522444843
3
202915959819066684
12
12
5
1
1000000000000000000
342650432806490453
143119663462464492
177300389218950116
5
9
345932712030354865
625778432038362479
67152723274944639
8
203877580072054423
15
7
39
999999999999999998
7
1
7
101154681571768876
6
188172352380541367
202537581674127578
7
13
16
283475581361250097
2
236747554883143625
15
6
155740028296352846
118413064719353691
113661044040471990
407657895857953863
203552519940578167
113678940567028707
456160544933035719
663494674035385329
1000000000000000001
24
113338387790451940
4
1
8
155229588758353203
12
94592295669520176
156336701272713215
6
630588151240938242
118746083934820439
5
822194246171326545
1000000000000000001
128009701693613885
88551336328021171
17
1
6
9
200115445650960949
293362298443758570
4
5
137167273827454734
5
222206565827683028
270671803736122893
5
235217944333203194
141529113044301835
5
1
12
179074090463313650
11
127982246309646265
6
6
156913879126973011
1
4
93389568997922648
246571603320625776
142804287914441327
3
7
41521985193889420
7
2
12
14
31733013526352516
164685969897932281
6
346130724749573552
8
6
13
128597097403368288
812219800386658321
371654953443493170
278977655746454165
185702494899655721
7
11
18
12
999999999999999997
183573254485162417
10
168120787220814090
85723217941623115
309585205888547099
5
1
6
9
7
161236743106396224
3
999999999999999996
144240381773225848
1
181308869271787109
999999999999999993
129400802796048161
28
167750997887054062
154077672389000331
259632710160320181
12
124399655175051474
161236876067025166
1000000000000000000
11
233527538634237775
9
9
310208976185373278
187407372346099900
1
174795702858600592
6
6
1
386879713899676664
8
7
9
605426304629260446
196045592352938229
4
8
381096780970991459
102552926507705419
3
235249690971770424
1
7
218649196365758810
3
7
13
9
3
274640187936090848
9
312408858200704633
284385608011178160
204907877388258261
9
41
7
380052806516408159
424668938837436820
1
13
170522985800615519
314264600681267387
6
449059007341981001
172644059386517023
131375937081361657
7
7
478397441727561095
7
239018497520555624
188587212012772736
297413406291410785
6
3
120830114489443416
2
8
13
242589645717127095
123032252634924900
6
188854016383179272
7
137090441564436292
316034192014890486
260602884297182499
11
4
8
10
9
4
348163949964134053
5
3
312433666423598870
91437514688652694
223632168699066680
399895733975873971
4
181806593147771701
3
9
254419039189986102
315945767451112662
311824449851318017
161791227917643709
4
225736488340669219
6
106204637691733252
4
4
1
430174795412659730
109297708162151660
118616824685705964
146828718611497143
12
4
42463713673445298
999999999999999997
98754295185196178
7
205286429377885120
955906954387850952
334448767511059724
4
196394650180711925
130770357301440087
10
5
4
188124456664723053
158887649362679234
227499748670593702
13
12
5
163152233917750549
170131194156937423
184197971439214188
196608007941322767
64
11
1
1
5
7
153317695537694816
3
114525933149237405
31
60775255075838366
8
253022756200725863
12
109590763629323225
16
4
10
21
79258285323592138
123782066812981423
2
113772768139005061
696777518265208533
190439429270708275
1
1
9
16
12
104328091346238172
5
9
5
2
5
6
9
9
2
4
226865519018552297
13
23597148785615462
201400992423723144
8
148218640945571697
157787432049039817
6
1
6
14
4
7
377771170953186076
540132120393694304
115796455672311411
8
222075696695070294
398471317967968768
1000000000000000001
101517033682469435
525384813725223352
324074691869979259
8
7
8
241742247899893641
10
7
198161959473963968
113529854602541428
6
152252354730199908
2
6
106899783334866033
263910921045753093
301593491137581810
6
2
234368191955580815
109639055231358993
127567172015461227
304564525758417034
32297174481912156
152721513604083477
233672482359832900
46
1
999999999999999996
111645340928863985
1
6
120654760989967145
163516127256437623
6
6
6
26
208599505930394362
1
145989564313355333
117215998857844556
4
1
999999999999999995
183305542588296771
10
13
1
208614762256103235
17
552978349538688544
13
278601325760656374
10
4
4
74448232403632270
1
7
14
6
54
3
268896288296564225
1
4
3
9
7
17
12
221264876884465664
378118958267137526
152159160679715477
1000000000000000001
17
1
192067669517598178
10
6
5
10
170094996143039579
176302669064117290
9
7
124373445515560291
274898070485131715
295693810810604576
16
5
302327121625007266
134184473248707375
5
3
250743210048455772
999999999999999996
5
18
147953225242231843
3
11
135796551550188538
22
269588530933958085
255609708325402833
2
179969441888361899
13
999999999999999997
1
5
306979007563067259
394918374409179169
5
8
314201574630602134
6
12
155271249779199466
5
10
248257486144541551
256821965513034387
8
410080057392778043
7
1
5
157496419562258258
139162548827218950
280435355652853409
3
8
1
112059773366416561
999999999999999999
124775212451975545
200411394445904566
999999999999999995
469741735492380696
267341848098661195
6
7
298544114180014536
12
133790781692436904
155403134384819465
226311939958926448
8
191183480736562259
613408021853199753
1
128670129520341035
5
360295691143024594
244337533112317832
4
10
10
8
141318307487976046
8
430721270142614076
3
332297954830410419
759897647410799181
404136363278427113
14
137045137753225534
90982265379211885
99992936358788205
156672714388658335
709225327784535374
11
1
35132642348898139
2
5
3
209469548798096183
138130320162782248
7
6
163894807689559586
216678373875915425
8
229986960024400696
237250967113125269
259205308028031863
999999999999999998
21777093474375239
5
8
209578983475275837
4
18
8
79582883005132225
264478397766458152
6
146482577766081152
750078638803353880
1
9
259069286732577108
11
9
3
5
192206573025696503
115030053018869623
77943536907693735
7
2
65670366014578885
122673527815072425
7
3
6
2
89879396674224457
9
554558067080871063
2
10
215825930342009702
57
206593200523133284
270165303357530859
1
98982288605915186
2
66382443235424457
343641236637596564
554892286996471420
9
232070381469589690
7
12
6
6
7
4
194303727606295793
339478885980759650
830550224754762876
6
252019345629000410
7
8
616724986434102026
3
4
10
150946849029695677
4
6
4
319972913911963851
8
2
999999999999999993
7
99029862317804478
138980592978188444
320965872308979030
4
680935267855502841
450552867437230314
121011534088179421
1
75423269913819016
366070558604338952
3
183988958326868063
188158118282149808
1
106533917403664794
9
4
2
181295945034916041
11
55
8
723773352900320111
184966383603974921
7
8
653671288891225968
9
695018879456558650
708133581662602544
286481589141204045
22
7
5
1
488811789465322259
11
7
11
8
10
7
9
81748698301534715
209151920536572686
9
93771278332673014
207029527537079148
247571704349080181
11
5
402285332096699656
7
1
1
11
49
21
324890993233009088
353481606519970945
145410311198768383
183733974096269293
2
62637875600676388
124269598784807711
166542546794118750
196348485184341797
152381908450010721
167022945931448376
8
24
319171039243981710
88867357793715833
675027857890125094
7
999999999999999995
2
5
17
156877012519093251
8
213198304354445986
10
177027834049943433
300422151095079701
26
270171292266024049
14
1
4
13
84124310484331312
3
1
9
434788912607622760
8
113639762680365729
192697635587787808
9
325133468074212544
9
104566357829676435
5
217194840233957612
6
139382409159308411
999999999999999999
4
398439797398911528
10
45
139382411407058373
280284421751520070
5
11
3
128015610912021543
4
337524971641942781
1
212261743880722080
7
7
12
125929691852110207
141523769553098880
223247652726508546
9
91749209542803075
9
66639822044027667
13
8
5
117253838743672895
659666831158010231
1
657633745440629100
128861087557844732
9
10
285720536027635471
653274083325507062
6
28
999999999999999996
9
8
1
1
8
8
970401942770887084
85302453908593625
120578808069772619
465941082115898083
196365001701218830
591524177761358059
4
5
134491004896615791
7
125876245342134446
52
112025899980226003
7
100492715966206480
131257855648757223
195158302543454744
248799372523316342
5
3
9
501875008543342348
435479400477500600
225518968249519538
217101957914799685
1
470939276127589604
253029172519291475
4
523600169427194272
142352785437308569
90111731028244047
11
10
224079299309597105
2
129784529204334188
167311676119993294
279044242777335280
7
159241276930484160
8
8
256740014278866272
188157242817220458
236545098639844147
623333586333095077
432182108151696144
7
15
371085798248729645
288647524868888403
89941581200949027
242687420647451035
10
202616793724006472
10
16
4
11
656504683211806534
5
3
131114822216029058
11
380287304197588997
1
135310786186363803
250576132057580324
232071117052077249
36
5
5
10
238097178869447178
2
7
483627291129433529
3
3
3
1
12
244789136799325227
3
3
6
54244099348201248
1
6
1
309748330351200846
145932341342483958
11
16
306312428633448871
221627079930258710
5
3
13
999999999999999995
85689501174215146
649566576806552116
3
7
7
7
6
341091584236083084
408800612085063548
2
716602924501354132
246159724206398754
158929956125172003
89168770712907843
146439075587262831
24
5
128399857158337278
9
4
4
226055700577721545
6
179462629588926217
83354567421673756
939178116353340473
10
209662071756174689
203236469931280412
271009434050030833
4
158910397124855826
333918437883794177
13
21
10
27
149598514590639420
4
109020808588825708
1
7
453871497886834469
292853819649768669
132044019909599951
180043978464528287
388562947438931246
2
10
9
362484688996009494
88574766374508342
174402407027595056
7
273853013772315385
4
1
6
6
191627839229055169
5
126444788529158581
281459606697976924
105635787353600999
312759259932404749
83745178453678102
131109127637782493
261380977883182553
19563847840244114
546118101797962894
4
139820546292278962
133776229193945692
188322019133581342
4
7
16
140924207438074318
124455626395588531
115480506047305111
16
504033248554629163
29205397824083764
278290093155240169
7
132772982930200353
209822422876859337
138232291512911007
5
131583270074542345
380538204025279028
5
129968346467953384
111049628164946116
5
213054347540825346
152159869908113976
219207776912006266
194357418924993282
5
1
60912670972887132
103947398764962928
305872094877144295
342889627877874719
106869783181319148
177982865983010733
8
264573942269308101
5
581824186721360702
1
751191187573602253
277937483344198804
338615175794820396
295054148037761220
8
61
7
434884238289954816
5
13
88491580072741273
138553723741220521
4
8
4
223262682759184109
7
5
192297450982263511
2
373227346813770427
48
20
6
5
1000000000000000001
115122206074382815
230794052789848309
199335286098336510
5
8
6
7
4
286322521683500109
8
190086865488034902
710421166422979818
4
4
5
94667980204495981
5
6
57800075354789254
8
391568285406296388
3
6
7
12
238572989270925554
8
211923789293461153
465976192316861208
605911678132854976
8
4
150692301084883621
1
4
108807676650498054
1
5
132342436535879477
227337390627094196
7
101812687763532167
7
5
253685157196563644
210437858364814165
16
1
3
199152883923242891
5
9
8
1
2
412993231614783691
6
16
1
104232750303008739
6
147198569191281996
1
6
9
6
3
222721457353293012
146799144578637262
999999999999999998
8
9
7
8
182682388992180320
5
88109726350040471
1
4
277274442498277990
3
3
136711004326721950
47
172024001824245047
849657064560024686
6
7
18
6
183234700728973207
7
5
12
7
174457370680036703
102479456989852748
7
7
474577888431706097
8
209143472988114505
4
11
383795084582720436
114667250881806254
2
6
999999999999999996
14
351570186574899768
176141614640205085
272966995579306017
12
175408838681081499
10
8
6
208096239778259410
584734266484457651
160158453768426207
409833682341703337
5
208762029988112759
4
138259881068294107
1
7
236812309239543973
170840800015227151
292595546030498699
7
255902778296138914
3
685502582438090440
8
776130710942142492
753060536609401236
218626284068215561
9
326594585924588532
10
85892840350211679
277317600691587052
114565053251536254
3
255742096244759742
92480948651326193
154411415908617519
234944861658193540
6
517463908048037328
491133959053722919
8
6
9
634574301635194331
112417976887985886
247113674108794105
455934181380878859
14
239809226071622545
66186271969353331
17
191864481671135809
7
143102888018799127
7
12
1
218912958506210155
242189229451709518
7
413060642368299672
9
119511040406917001
129232657877495670
107874798976940145
116665532613257530
710415905118667629
223337527575859230
15
178962781614730714
8
5
139724411969176137
182178792089608267
15
155096443897361559
187678880456674103
287901816306577926
12
72797048287279826
408427584709593155
123395411829466177
439980707987919503
290344580469574159
172142349887968341
3
10
1000000000000000001
5
200889842250164380
5
1
2
100733903746992782
6
999999999999999996
235745303276696824
9
3
1
78679818556233064
5
428747263726634563
7
15
200103991495564047
13
999999999999999999
4
9
363393084319074113
5
9
10
4
67040634791118604
13
8
239368776476506646
176137669402811384
5
161888994813295513
7
101617930133626523
195911212819068463
166227054964624843
10
221041046873476456
91724586198143562
135595799405253025
13
8
382254885572228221
293597339357511825
155385555246826882
8
40
5
478162066266699927
2
243044085348127185
235429445438162309
1
312830211378850905
9
9
44
3
6
7
758634994075524398
289137042186434497
146078678766118388
10
224739834715447262
5
3
5
12
147792855517501801
115250958296522615
470072943985356375
11
999999999999999998
11
7
726099676309346688
263920412645920332
389649786060941497
143322236963425406
10
9
1
129645912230539255
13
3
9
5
7
9
191201604571489718
249935369051227640
15
5
379506441181538353
10
6
11
2
254609273567516443
167709109656574418
222203790482486177
5
6
1
7
10
230462686887803308
479013961357739010
88868353906166024
1
79142169998797184
131892186997716967
432202417323420413
135474508150277509
17
6
6
193428413793100634
9
245116523150519349
106154985367986114
76208157895253723
1
11
196468276171814229
6
7
4
5
3
8
34
18
495943282360515692
173316566187396451
4
7
7
999999999999999993
11
334724621203824263
176728861648207135
4
164582999182867256
204075326812811846
4
3
11
657541127349941007
331259455088252206
4
1
179548679268550468
16
170141478462597358
6
35
11
9679916729279249
214166376342520802
11
7
563985067445979103
6
5
7
3
139432281934797280
6
1
11
294549837756040339
6
999999999999999992
566554999754504812
3
10
6
119787779592345827
173789658515059718
9
15
396135830520830508
406226715905374580
3
3
268236411120876211
498459307319947989
6
618675620339660255
4
5
7
65313556681813145
2
221571983073498753
130696547849449406
1
27218205073374936
267484431708925667
13
147259115476446855
174609881694341404
12
8
6
376915424915166405
151586149962386029
5
999999999999999998
360317271094284740
565850372512598107
5
6
6
263832122064244626
226301401929072918
109060538743276097
931905188191669913
218756992348746545
235632805342132495
5
306502743939169600
19
5
5
9
4
8
6
7
22
28
164258687971046842
356918411027564645
464402987217461749
181506870887275133
1
89207795632903912
320097839490982964
4
170350806139277986
14
19323048582544670
455387384521160070
88868111435037766
11
606148089837492611
70300364492215300
16
197335617788002503
203192961653339538
257106260580215530
6
4
4
3
174134571196710292
28
600801939441878620
4
307181897043361857
6
12
7
2
5
138202283077590998
3
125230708140710181
160328814411848562
9
18
13
10
4
8
3
7
247808685177041047
9
1000000000000000001
11
302297931470816805
1
115853210623053043
1
16
216844672393108953
131113425789907079
217278331181463239
157993441202338088
526155759836838959
7
3
142345740294571902
8
1
32
275960218808433831
6
207804722981947864
3
80753457625368666
6
399835263269317586
8
999999999999999997
280155139978104268
14
4
85255645734294602
1
137047227037743681
123802107328609312
150568417575825744
16
387339506329156315
8
6
19
6
138972972919363905
7
73716677619153095
7
17
196353993227539252
6
731239368506677916
586292056163760391
264280997041083431
1
229806802828259717
92589803620478594
259679899797891098
404469989571381642
138563194342605206
215571122687426745
314760724423098703
7
6
4
164156506886982273
173154912385910419
11
11
415304768042943724
190974691995167831
5
5
15
211913287484661212
6
5
4
152702923813801631
575130166315565626
11
203381806339618606
155949913320174877
242283061613653682
999999999999999996
2
7
999999999999999999
1
19
66081189562296594
10
6
119013997841151962
6
155818800343444257
164602627197978716
4
9
9
218122354101461336
5
6
8
146259499845354227
1000000000000000001
598392759561124529
5
152170380227642936
137607618373102562
76499569826701697
5
9
714027489605800698
147394238444191795
44
910359310931928925
4
4
5
11
520544883661643832
230221489091136478
5
22
93898137182047362
569629307795096758
11
376516647877650735
171557055127898653
134540216715581884
1000000000000000000
8
9
115465423092199552
252266853512338094
8
247053784663783891
15
476049343384892825
2
9
19123522906140446
8
8
274555133116687122
75492966185246038
284962948261534130
7
9
209130455385210633
999999999999999997
155227069361179353
8
310820269098322826
95661163041528402
9
4
1
6
9
11
9
999999999999999996
10
17
11
512805757198174757
9
7
230485592688865869
5
8
239653436821648108
437986398018109559
21
77033178854714020
10
6
212246851066251106
11
10
1
287917566902173065
338698478598549781
361616802707956306
112205786340009247
78167623657087808
10
9
65
423277375333888880
436182431793611337
3
2
8
7
11
8
161370598876780435
6
2
194291019140582588
466690249955866310
1
2
10601560313972303
6
176557920042620168
4
550967741401394762
6
8
4
131702057826335313
8
12
181541436923675906
61004195973010996
110508848389720215
321939170550228871
10
8
470051903626057376
3
4
9
4
4
999999999999999999
4
166341133194986396
4
7
5
9
1
1
5
172820427163183223
136901430860052045
4
16
109019626184964563
12
6
48
12
143473031413347965
242481813329853139
78044584309312726
245117250612444494
4
11
203291890186146103
157912184106695135
135412133344386191
12
212171229842332229
3
219700652234642372
265844484969997869
213114500595523866
12
103520809699409594
10
193202417484490172
26896656679375997
384379249544576484
214797505857476882
5
4
5
1
5
686063903054328991
180454589662681693
1
87665941153013078
278923342743121942
243911615743913776
382106860953175035
5
4
138996560700203791
6
7
2
269264629209382704
9
489218671841443647
6
14
7
161254894742684135
4
307526731999019174
5
9
5
10
10
13
200264335849782805
392536166067833020
845280422633973747
10
213235895662222568
4
168468248302541449
5
10
5
4
6
198526504001022857
127421518985037297
213087342394411704
179347165012846645
4
264801410636774035
8
296791927855870397
221207200019497763
20
89472129540562609
271412773109194782
7
11
5
8
1
6
109366976757965757
137671210847703334
3
6
165915543853156722
2
6
13
246905439143832407
132495356946923134
7
7
8
3
8
116395832694347674
201531670809223859
7
3
10
12
999999999999999995
191034675071352266
8
8
6
523411529866660618
10
1
9
179526458001851506
382403101897656520
174856572208760035
9
454267403827217534
10
161391297100745680
4
6
4
11
358828155404329982
202923258094750207
92486977726031812
4
1
261625606994260276
243733921286015437
6
238877188019676016
549150278694049734
82112366342011708
14
108935108586900497
302666357887119208
123941689973833653
255968077663730166
9
214691700357107649
4
8
332494314865610388
5
2
253065625895281397
4
290260932058368306
552424257676320436
371806123864078352
12
999999999999999992
4
9
344803406026211589
129769421753210840
13
120714997449265861
1
189615151538878961
12
90304202974934544
247568148256926852
999999999999999994
1
135065277133172792
649098127263678294
118666386820408994
138176301481032794
1
1
784370690213623405
8
128079567884608861
192554670120883066
349064037479897147
6
2
206081318971492248
228383752293269511
10
358121320717658836
2
268162885683337217
12
208689615412148563
1
251233625904807906
8
3
245787173159909443
320736421551995445
110084871595912032
113487407071026615
166867716588833158
80946858187883095
8
15
28
133379523039055653
3
7
110485732843345836
142210508576744408
112611517565509648
5
11
117990859645563777
95091995822365220
7
1000000000000000001
594944972970050959
407392484083402192
1
1
355159714687055642
5
999999999999999994
30
4
5
117647689934728258
79765343564736257
129690527592855408
91956549683639332
5
244947501256529548
266886568820813743
999999999999999996
95642454072802256
999999999999999998
109443579256293703
3
8
11
6
3703704734760397
188538820559642394
117245902117664527
5
13
2
8
10
298921754129535544
191855045542662730
15
5
8
10
162620405435809612
4
7
179211549859832811
445434822500710475
511521309969759198
4
5
262289882737401946
248738808103639651
123681670207526577
276071749132539349
123369205799944927
5
9
67346350806446878
6
101866797227888182
751713153682204233
80290609839355664
5
4
17
124667954986796034
8
7
233788504109493385
67384086854929053
411300901545219266
123641855654479372
999999999999999996
357629847680933410
12
99306310479212207
10
175802230821406918
203096509943356599
7
176682370041952653
290925917210266407
999999999999999996
2
289093161517964865
5
48
4
3
9
999999999999999996
345564217862822330
4
10
2
5
262877099937035646
7
11
154181270183412498
183966077871695757
184153601515384762
180265721357353836
207848882270082042
1
552742348090226958
3
9
139280420118324767
280405513325146444
195597687079299024
224533733227590754
187760931629962246
89948413304661106
7
179735764670539547
104380196661826536
4
53772229766941021
999999999999999996
4
17
1000000000000000000
116195564966980794
7
364712828676691904
7
102165987507006771
106182357865126360
348196442652014718
480065198545414880
100447843713527081
219352816102332185
8
3
5
8
648375162998870485
137757309222271870
239208751099428088
10
89101163639045691
129491927468926535
243543990811215174
2
1
161441263438817925
14
247651219040819029
1
644726412705709152
13
249741426844544472
147996318879079211
5
200988701544901046
1000000000000000001
3
103730002020850837
234084786941770896
5
9
272085022694316959
999999999999999993
702037811033539676
11
9
4
112567976521006691
119803516825695608
223162525733441376
13
10
825428222041398936
148030023884428767
4
25652738915088420
208650347827079213
8
5
12
246698339881215281
23
424874792542724650
1
120350376860585173
250487913708532192
10
279612664915505825
3
237219522990179794
9
5
14
555553938104093555
4
248292768280360987
310013020687718259
5
4
5
361813756299822908
4
3
290727415231232990
1
240422749991277748
82038821697053557
8
124102672524558655
1
302063331357900046
238644375764631138
7
101972713715556074
160431458784515332
137283831822861514
5
3
8
76171672888953479
208579388656954862
145531774599087208
381387685380829378
126187705485532699
4
194323927381045957
405701241446254455
159114662427211889
80143481019408091
8
10
114812222309085480
3
176358326442500200
181574632227947132
133034713329905038
207876166688233801
465711872776481223
147383035930628852
137373717443199778
5
263196712855738025
524413324101104352
190402284471628557
7
169023209262994442
3
6
8
8
68466927443786725
68865887649854523
283773177702354994
11
8
7
139066600667952726
405829027076910521
11
338119403663983559
276328648067501572
6
106212322870888676
87684894826746265
195040421375713459
8
9
19
10
8
6
246472670139655836
301979877818109494
3
2
9
12
13
54347718901532928
283286761341545289
6
13
4
594703376025993562
291772205453400900
149937086248013332
1000000000000000001
7
330982364546462539
8
8
935000306254910846
676637051260818446
6
7
146628597605298936
253866008011367953
220823469709703201
219028308135385802
4
13
204272637207022940
1
326541321823320996
42
2
8
10
4
171182819467431442
999999999999999995
134107784488010448
220861597666339897
9
6
999999999999999995
2
362471601777703961
1
8
124166977289971510
3
227171156968757154
6
6
7
9
274680716319863959
7
618207907930509599
4
1
216890179297330254
330421623260935870
143172942815247483
19
175387707040938304
116788355712673494
181033866294652869
8
265600487047338045
421411958404566311
171988993490613081
226485114918594690
72042773761686172
183248200331880249
116223825008659847
319552890752720269
12
3
6
4
12
2
139776103629919305
14
115499678760320236
6
284829308187316056
9
6
8
192292332764857632
7
8
5
2
533487598118721518
363268803472351446
267968643311736310
6
7
544287319240933632
330292184267650060
152853155335317378
8
4
154925174865047611
304728100444533869
1
12
139416132623785398
149924515024908729
19
185158565912298048
13
367202462023305572
162385964599329752
292171776540114495
999999999999999997
135250230303869478
10
1000000000000000000
233408899410025819
6
1
1
419049573017433907
276083746366990105
75282431638430966
65278871792763147
739943926164480216
5
136430338546818755
7
20
144477948757316386
5
670197128649482807
154717018784126503
3
197122489597251599
326300265511875304
13
14
167457872167304397
11
169245318039601399
11
169001689985633506
86478979576919547
5
1
7
8
169547755302926366
2
629540994859324862
139825785635358432
305392681717105646
132945292566412104
2
4
7
196147249508736726
198325701765389049
140845593861223673
7
172031004457251301
4
147945133804911850
6
112430455576794640
192842278938664878
159224347978611410
8
8
507142967680084775
122454355379706121
8
258185577931454017
9
13
118256065527467416
3
9
10
40
7
147059774850515804
74930645703493848
25
12
8
225028874657017314
21
11
14
5
4
24
24
8
36
302970702833008304
179200077396600728
9
7
160646270427056385
6
96241331996811584
19
231925089628607075
208559430421517927
467320940529341182
351156844840247962
4
10
7
6
157685564931634285
531714423923090181
38
481773763551340181
163080751110108268
1
136050272579421511
277401661670481751
4
870045921878793280
113134663613735403
13
166681563086324620
7
273531209475179291
11
86185813326320978
48353133096154620
11
2
1
7
11
3
22
12
999999999999999994
507071056743413790
706190851613148752
206155278482721993
15
212801750803135108
4
98078498539706024
2
6
6
1
203135843381696037
7
4
80723235086088860
4
1
273854994304015710
9
5
4
12
162772582697830196
10
14
2
183395762934097843
3
10
5
6
114597302535033889
249319533599124298
20
209568149211017075
7
94578549481764366
4
6
999999999999999994
96234709114058816
5
857015586614805125
1
999999999999999992
16
84120089233238637
202661987018330216
10
999999999999999998
3
250106978225615600
87943680684776961
105892333320439659
297333373721262867
6
52525522061237335
89603064979675382
218225836337361460
226940855983167503
6
1
10
5
12
242935386409741385
140346346304382681
8
142822866062405563
577706181975561523
504951480527591300
9
2
7
179194218601796322
7
101532804595223558
102656802737211795
7
53836789435005384
5
67862574628160117
96987808883997433
4
4
172991981970143975
356158979292266937
4
5
225387562816389374
9
1000000000000000000
186728633374318867
134525632133959778
12
3
999999999999999994
7
377435359399355639
11
800417791767433962
2
1
181605427060803188
9
235267777921281772
94591371656812433
6
1
455574686536373803
336032352483428581
140653963818172304
6
366849633970181289
569419687246946254
8
8
7
326427182736658288
134207757354141564
6
282043898322590319
3
406458975213590597
417889425192779261
156803865352622949
3
999999999999999999
9
1
10
250085568678183430
82790054846854180
187925373741123549
99215440314191411
15
10
325069802377912844
3
8
210069468997019987
38
8
1
6
23
999999999999999998
267669945536712741
9
14
7
176345503529350446
163717927603107351
7
14
1
4
7
1
119566080023730920
5
8
127887212715653701
105002473754599616
6
760020967502657333
11
7
7
7
165353757717028343
12
6
15
9
122605404294660490
7
204545668839319873
8
114261021955069985
3
11
16
10
9
99824323000396094
9
8
17
498085388324194731
999999999999999995
693320040569045062
92647933387824056
160503214478437012
222063140113578434
14
4
4
1000000000000000001
999999999999999992
1
3
10
9
7
7
10
1000000000000000001
5
229463832876844462
1
5
171358566149589733
85305112637356835
7
7
7
370752766349531648
768309334238258511
243903423999212284
145144681169355949
4
1
6
9
8
563642464589673739
4
2
331438431249110504
13
515907259896441745
14
119374509381945867
12
7
112295858142600686
4
210340925225120462
2
211652963656536741
209679085513949995
117565679676228707
3
17
12
5
204924257511951553
9
134960744568366317
10
157467343541234618
236560657881247150
34
2
3
3
5
8
9
294049404314388685
12
107337072105742747
490921638178193729
166918241463646456
158733920443721085
8
156397933695848203
15
794468635988720858
176359182230043744
378919688600499040
12
14
4
226917192053518814
7
2
226335129907081221
218720986155895209
5
2
3
3
12
496644412996024214
698175648788520759
10
202711632860815350
6
11
1
6
1
8
101402536180029975
169312923167569448
170228271210101406
159021365811888472
281813168561224069
9
217008199062273758
7
106203640461262261
213639183983031528
1
9
9
58379547633196934
17
7
268691477941608233
199914157917320961
10
184017205176287992
7
385065430861202251
189927367146773644
19
10
879320131156743493
139590332347925138
10
132003640762657658
325983696602244983
5
11
25
14
4
39642487973605799
464646288551495404
196038601026905400
671157958151839263
17
1
4
175306349352664369
111912232531877086
195269880837101888
6
10
3
4
301943747794536517
569421896382522934
1
10
12
10
1
4
51
10
6
5
4
665338602536153046
118994049770097895
198139484144636783
16
194894042437979458
498192722358011753
258498407523104320
2
254273805490011097
42512006831870650
407711680910231175
194592325504797522
50
5
168701354328070579
264546414777221928
8
257634619486262033
4
185671704827783340
13
169297491751249127
10
11
526652145726447962
9
198684717162132763
10
167637658661126026
5
6
11
1
100834595095886590
673228159579313289
28
46624728365618731
11
8
103842290027107615
4
292116148117071171
5
308366043423370803
4
251287208448234267
9
193138037147206111
4
186832355879569004
260310196676215624
239812330784096500
294114862651861427
9
1
6
279093901485003517
190658532555965208
1
8
3
10
5
999999999999999996
3
111645186333496415
577223054088701965
5
256921229974072340
1000000000000000000
12
2
199426266115418156
15
6
143643216131905587
717692031694719068
139313178462128999
7
8
8
984393990502588453
6
143004853226750410
416447694047492841
5
8
109570390427787124
9
14
14
7
1
130230048937880932
247069877283354495
678424681933201083
180902475300537749
7
315821055973262010
8
215990739731516982
3
7
6
6
5
227896343782748561
10
324073789437698024
58207665574973612
55774672181803824
383526118418715578
280095739404011460
5
170438484087643292
199701788738016532
6
9
10
129913071940627331
78792522884288380
140769143463929704
129764452366961699
324962133929824141
14
8
240714519217327489
10
9
217383823050444506
7
270825827905107415
267973510980053176
7
15
10
1
279506800507426634
10
5
8
12
1
11
7
207264435032167663
1
158511340448409217
197279795396829900
8
5
8
7
168580996189920175
317555075759948873
2
162850425928259022
482656089217160106
12
211558415506592145
3
6
3
3
7
174842016629320203
9
302676023534405637
17
6
24
106658981504962622
297113233121775487
9
237964684600132245
314391370880923178
17
2
95760826639481286
989664306404831270
118358951633023770
1
191382916684111058
536948878463497322
76707580308437819
128362640502467015
295856373696286408
148983781082128403
5
825817440623862249
7
177642951075328484
9
9
126800655326181980
17
172843988681917699
7
5
6
682375394777254141
1
123062975132840808
254713297895749274
6
1
4
1
266102856882046573
9
59279332013150984
999999999999999993
6
468881632355854880
117294039135869970
9
6
1
224477296476517196
9
82759851327445771
4
312963128601512456
12
3
4
107796761734944032
123354369503026561
127279926754539512
279344531003369958
12
319961598752013285
7
308890312417519160
256266715720202990
4
117310444807983757
873881307658405866
161951135670507546
7
355083710093131341
559869611826106840
10
14
10
347987148069269764
14
8
3
4
237353551241460429
6
153321180188341106
100282901580471945
137193950545999780
21
8
8
127727658860825518
17
165614353073135031
8
6
9
112899005998708959
155504990873060130
999999999999999999
1
8
225084670780929737
164352309386986716
134283210961245527
5
11
227831522049792310
5
3
7
222392042698673696
9
293233746171353879
8
128600745714237672
333907968448086011
340720262596120918
3
321420657676216687
123929583869441135
9
161937340924201787
9
172789927764094016
96131423397638171
723374801873668662
16
1
284942111337562419
3
369812033263801328
6
253780455039363780
129675183357567372
311954661326932516
252339024018224364
19
169334994722299571
317854901466010655
8
186761113613794339
7
3
8
160617741459868381
9
242644460299086438
6
3
958339376392177408
24595267715529965
5
3
130591896558451792
13
133814240926467180
10
168803562776749627
16
227199060409463219
5
98151292749830358
3
175057818449530087
19
11
5
184900397525586232
168745522557328220
118990183491228829
184182078620054359
136769802711016586
258644066153159254
410289648862492808
122032373360510173
6
577479247366892182
365301619068040391
8
200987035717251896
130218235790840089
160709505450350155
3
171235428607883351
7
229613066886488795
21
10
3
7
632760112379242176
12
76467765947580880
41
13
23
179804462536571382
2
9
412533961492985150
806550978574759007
187572734122597507
1
1
8
498068671629674485
27
100770508675267363
362795005430421132
13
260859866943549097
999999999999999992
4
397524110527401141
8
2
6
172430186299714572
7
14
12
509828683194395985
11
7
265973783536500816
176507201141634377
7
4
9
22883634245877778
5
12
12
141051499919326719
258661106908307548
3
178647394918033399
358710229699400909
4
795089344618481404
37344505699953068
9
3
96334388881070510
6
142231235683115282
116685249987168093
15
173041117856720975
6
14
150956243589375556
1
7
128894594517629749
13
78646617414711954
3
161888906217183898
9
4
4
5
6
1
6
247661318900717459
4
185267760458250906
325655955046161963
22
4
8
5
10
152856478952806999
809129209057318957
13
68048070941043889
347962730926078398
6
226439065666778381
244184906463848696
23
8
895052436283472778
348267931625945449
174811844319138352
122757772597000683
266050159738313583
151961045447982480
1
6
8
11
6
2
211257900703174456
6
1
5
10
7
104064574009949879
25
8
63570220777710490
9
42090959835049036
10
70715140354813374
172482724550483476
80033040597760812
8
2
999999999999999999
9
9
94449698016934107
6
1
168646984372485305
233152064440943379
6
5
143963123590640252
2
162277693609415795
102496938421910551
6
84623692960289974
150121257563848889
215069271711844100
13
1
8
14
1
4
298134926282367557
14
1
141916512089405230
6
123730247247254033
9
16
6
8
4
16
4
209207341770441514
159270430536721328
229456826595452756
147054055187526114
484860203393108604
678693600385198608
116220388499048593
7
607096190786539472
4
999999999999999999
696545853788627597
188076601653364559
328161469200832069
6
13
1
124960040286135343
85156897802977285
209440376054127385
8
160619490426301983
14
10
6
9
2
268133490189976631
86609975231625442
1
5
129627235835344903
5
340872872359927280
9
604866203502371279
1
999999999999999995
92317030882173945
213719052738720111
7
15
4
236614188629882778
11
93130107745996991
141358505748278538
1
5
113568588339408031
149338012310366775
276360003793295547
151837906949408999
880011821600048611
3
366546069022164653
999999999999999997
7
1000000000000000000
72259352709097711
112458664493411883
8
13
13
5
963974670943806739
8
174097283060812888
145107581505408509
999999999999999996
999999999999999994
145255880424961299
8
3
122294469317501662
5
5
410234184210607049
9
1
7
244553517508822586
151334192052305637
10
12
157551498606273254
161797642590496001
999999999999999999
1
143674674564395706
332239396292365206
140719790573507121
4
1
3
13
185821471266720690
72213651266886619
7
201465397065433956
343312443285074821
10
27
966178629092176556
15
92289203518653604
4
12
10
316619220975520940
10
111919008775667633
1
318509599862157886
6
4
6
6
4
175560369751481237
10
123233598100176698
4
5
237592852937808386
117864066700944657
242908706169889864
120430607011596657
3
18
3
21
11
12
11
17
11
12
9
5
3
3
2
11
60915848313402375
4
4
12
205033692395094244
123183337708908359
638455982781735205
131244347569190523
4
12
143703310716947347
185317018013237103
143443872542584760
7
2
6
4
9
999999999999999998
174175992497257423
225044830464809321
111655356223952333
1
9
106278229174037517
10
11
3
21
8
7
6
8
71598254227709608
145398266720586506
136513692966748805
3
19
10
111421655402019445
26
418465131803863348
7
185226219922274134
9
8
438011745451118448
5
116905224725026029
297176288467237538
219968021798514208
249514497356702005
148720981432115440
131206402117387980
137137199783225412
194972000128043545
151704586106104044
167549540203397094
2
1
1
10
118970716816388976
137480594031588902
9
110355940687550624
206355751660534385
3
98290630086027710
9
5
2
137927747866778244
72104283459728675
147166280968206487
4
234790559409615588
1
142818000878162463
7
1
113656117884057330
7
6
15
580650718615782316
206007431126662485
514225943897848782
5
283254008114115519
100081158113997358
1
4
171831981619214438
5
235790937486660771
185592528633911701
314816027442231147
6
163664000241506837
2
13
5
4
4
5
456221982754841780
5
270827319789176272
18
340036222342412832
14
499944665190067606
4
4
5
75870465657202186
6
211613881855291243
5
185506260345197537
217108721277806586
1
249952156758567262
1
13
103135306485948470
7
2
9
5
213870346444512263
16
4
88591612630783899
7
122137940524446573
9
220647419248442315
5
545844650709475543
261097448501406729
109469063221723089
272746546142599388
1
5
2
663618439711299045
155646865820984734
80671456183358442
7
10
6
46191484358605751
2
151402199256252004
75703388460068431
9
10
24
7
359870613609410719
4
484022862543639072
1
95472688003180900
10
444990156966231451
16
7
8
4
2
196842428748413083
8
432824488685000310
11
302770500363315873
10
15
163522035011521698
6
694577421873508765
6
184649011653956807
134223949559776956
8
5
4
91574871705264335
8
9
451584494030140940
193964124637875834
3
3
328136607358356145
6
1000000000000000001
244721248297309332
109405321078979126
152013195588947817
251943550158157934
1
17
140227714971743510
9
7
8
7
127388901878956638
162461238524636153
154116544841661659
6
12
314035850785302866
34
6
1
6
6
4
6
320651939122743007
146853632763426111
3
10
132923822589758301
56875171896704873
3
171009973375254046
59335574074271444
82851342829808191
108342792399215925
3
121187222963497608
1
8
160280356539733814
9
470488313660895850
1
700420349009986791
13
1
1
902452189358678981
299531748693538192
7
633438492157393775
2
4
7
548640102156711061
3
236569101926990105
3
501524057555472747
9
7
107796204238794811
40
354391843411688408
13
6
197507779365224688
5
8
89103216344381884
369083904221813166
211304356371647728
491793522343124614
5
1
1767217173680365
20
590227766946396215
11
7
999999999999999992
682469700359274872
181888481217501124
14
6
239255602294327402
123362840301370249
7
127554048742405398
167088342820437023
114697434009079768
8
1
146759413619183988
434962033536967861
8
999999999999999992
6
9
4
373686166879842425
6
717603207969750856
19
999999999999999996
263369115722504066
220802691023183779
26
1
175968592401292398
432823172221929506
226870352992198402
154014193162088239
401414146596105376
2
1
9
238186359762353526
968323005794601983
10
200828799023755211
6
4
1
8
9
3
404070620282621913
33
6
11
6
13
6
217024693227148791
9
519123768844704033
730887919443170928
241652257437828259
6
2
1
4
345245881098188103
3
180801254440592727
3
7
60627819053477884
6
15
14
57
10
600076310803695056
6
174161073586081803
600093105908650291
142859633740967301
5
142764012217659038
122766893397575875
7
4
40426028386608349
1
60580247839957930
108662377877144183
1
144794447739541465
15
3
1
204058781494574172
8
50
4
4
5
131789504032889186
17
138238289788749432
5
15
10
155062120650619669
97719436181546661
11
195972625075147456
89795874375169591
751134429389729794
512650916334290457
216933371660165270
178883231063342462
263189453108179660
11
8
13
3
181855140095832042
196824856955756244
154493880062435484
146334997601877072
10
9
182213636720848663
212769023773239440
999999999999999995
145707504817308458
1
238658268767722678
8
337345624900043962
127661476259048764
8
9
5
359790507424163896
108528236886742798
157224729853464134
3
16
133664042404628346
6
7
10
120814936897335392
6
3
180911790348063303
354452153867574066
9
15
174876143675124254
9
197081935385875427
15
121969182259749233
589612328461726131
5
999999999999999992
10
3
195437558975802266
9
10
670509087978709699
1
218347323299852029
466546231288900804
184857527978900502
8
8
177717887239663663
4
177199717352430071
1
217237064158177147
479648123606937782
1
11
7
6
114833809262086392
226119356584598664
130177658495928736
404589752694498696
8
886784021545848587
252389368431055369
186036608829959607
275189937392080176
8
97393954365305971
117032202913194099
384385886987656336
1
10
1
8
8
12
1
4
276877469519679141
226860011483501965
404962260853687287
3
11
3
7
339732579340439691
746650603489118282
195441266151016254
5
414356469864408881
12
234352760763690771
191980359032618739
177139017108409500
126998624847579899
7
7
1
79589172822051336
331225157375515903
121764353394170771
8
111512911089352668
190356485423490121
11
107018158057690564
1
7
153504596266521401
82238573713968013
248762616908112219
4
90964139937542353
199344730593801536
6
152179056352720560
186665296750185585
131785825571535452
4
2
6
494579136893618756
372745805757905133
150239613050607414
999999999999999999
181641321028664486
3
10
135078608325432234
9
7
8
5
10
3
5
152021817859973889
182623733722000305
202724973660686944
11
227761379082427013
396034012514404756
443005710778929790
71959922494164977
160375390979032520
13
247769684195355290
16
191279323621425400
344900615120052947
338371815923330171
609817602187775417
219415440080683220
10
177860008114853311
112947876522921348
542001117091216173
5
18
999999999999999997
7
475577585426470086
419185354045180901
6
187186929090749281
14
1
16
13
8
88112114854674624
4
5
630879818200034143
8
271925849148966174
5
13
11
8
310210187941270864
5
5
5
494085009533128410
13
7
136151114228113649
8
252322556333998584
4
707094507848318733
10
2
3542942822435428
3
162065815576985993
860078406767593780
1
192987202775369580
15
3
1
19
8
6
263555475917747365
416544782046022429
135416867707213984
3
193301726734588660
9
2
332330153320290833
9
1
14
2
66939890841616688
1
256101416993536537
11
9
282336195172325535
12
22
4
771372467852751370
67857892587944615
7
131669486494054263
11
374691710885819785
45725551830866061
4
197998419607279619
4
8
87951075577953288
225215455654442727
208069388866078333
15
655517752778183400
1000000000000000001
250824059087435716
5
445903159956136748
12
391066112524789153
7
113464072663047126
2
1000000000000000000
3
177679608496332873
7
548462690635719343
92383550517150996
4
14
83959717703081013
308470741146616433
240336959753606115
6
2
6
187774253877903775
964756924051956396
182591142844823215
7
7
267479048288740266
6
191995406401151244
4
117362313436552400
382888014585309394
123730481051878304
9
8
7
78504449087812417
8
230239784299824313
11
299157477318476643
233056092076210567
322188197642031683
181896184441430278
206263798924190295
217692333085313534
10
6
210491614401985140
5
110143463856306495
6
8
9
6
8
175365425136404480
207510844727829464
9
214753799924178854
7
239948816217033604
6
266480625886064353
1
5
68864821067292343
18
1000000000000000001
102604384746800922
9
134785751825546731
9
6
7
229789237463374889
8
4
522333297444540515
204463552534682849
7
8
14
1
1000000000000000001
119732616128115021
485537353044767110
112179449854309410
9
10
311370354968483176
8
580744636778692293
212334006428254316
13
556053577855573756
10
366988402082236822
143925971889221156
768707955332441379
125480813564100729
143248112027114521
144450894715484183
97937810738109106
183163559617890881
151002046255065219
2
12
13
1
1
10
14
4
3
14
397317470354466229
7
74479670199739934
7
191486650338558578
155661602736636365
5
129571391115214490
7
17
6
7
11
138232943858264700
9
9
4
296033026919152942
3
150257947365649302
291157083886243132
7
146106651141211572
16
14
7
2
11
38
4
41
27
7
3
8
168976083050049513
4
155248545694202177
5
5
15
5
211592557736247298
1
157026973358651731
221444588634896805
445513327936613077
2
184222363269938018
4
11
111913514690495021
726945590979774752
7
137040306277746835
7
110786696837011067
60420748427471035
13
6
204941034244999478
253710382274334094
155930156792908488
10
116575597360319353
46
153885421043335846
1
3
1
9
21
174946206181250929
10
27
6
9
176477843046883655
20
3
509667481599907420
8
5
129168281641931809
2
10
8
1
1
146466369779733266
1
150021514998382236
1
77961047420565429
6
999999999999999996
256298812446098613
3
5
248873937407280711
11
16
408030264547020086
5
148630403937063387
236035506167660813
12
204879208174048625
4
168522178663402460
214452160889114107
162413741406679012
11
207941309703140167
8
4
10
138293863038649988
239876718992887144
265049214042345832
69480867591502573
324346923298348015
14
164406858070312873
91224511816405022
699833567505041242
398213220937613139
2
18
3
171296785589385434
308522375362348461
1
5
817791919916548741
21
1
411352895759725010
210417282412705757
282637528414183523
999999999999999998
314889349069374175
10
263195225226647801
100439629157861918
180590125954624819
8
198768008659722409
8
6
24
5
6
228889330326878273
7
7
9
146057843925754012
3
137584133091900179
389590927451835804
7
5
190455054135543366
4
122585436616271066
14
142473589154180113
331181958184174498
76618399704267304
7
11
166659678811282244
14
10
25144699841503729
1
214012012701219647
212123937899962914
179500112906225564
205409578763325023
3
151372116959328181
999999999999999998
146807008643827405
223850462849663798
6
289634900636025238
5
14
111763827965677055
3
5
430247517264520274
247688006326287126
9
171480901154884478
130382587371258958
3
6
7
194632678532152000
1
6
11
34
4
5
147882615976842239
6
450113068573928778
6
78063628425649632
223392049690216892
4
391086756672212714
741700393733025766
3
4
7
134592249058664007
212541323519495722
84163359478550410
10
517928142353878473
9
63039689223280159
10
6
104947754625077151
156480953379917116
7
6
15
427203637271834322
440321769169956911
358997274068499120
834345065184713395
634466723035209230
6
1
17
329483110323597729
161472307392874356
4
421620359526143723
389549208062364049
5
5
1
7
2
5
3
1
141312992839875046
5
221387915856998106
8
121560300438126137
7
141195064980161146
155038861473478926
226690600233037235
10
22
6
9
547073973554142877
7
22
5
97809037954409831
2
302897527714511943
8
192294010205361989
16
8
213895739647886684
14
91948940111566731
146698140526772748
4
7
12
187234754154871249
126573350141847127
136677373046838363
72096019454052630
31
7
156659369198759371
198476261541080175
271340926261241532
6
347486162440519586
6
66976957655771074
1
7
127705576250378112
36
9
1
168827461026027384
22
9
2
312935027754874619
115777016388393864
22
216728696341945077
47721544213008215
8
5
301480046624568373
582616021054758547
10
9
378440845576561542
106674809733661324
2
745252684775503123
5
328672465317740390
11
999999999999999996
12
11
4
12
527479886782932225
8
5
9
13
161988501992524367
359342857164625605
160521041742874714
103615699240792320
7
4
162630418565974439
216672857198702199
1
14
9
437482213432690829
6
16
8
564029391228962462
12
9
15
668360100373723334
5
6
109348158697898408
193451539402942757
13
622438660330036712
5
7
7
165035979675215882
11
22
9
5
4
134324049494647576
532310554223913360
136400730277191154
92600525921044738
999999999999999992
3
6
101339782084975744
24
5
8
8
90563798005969944
7
18286715635121273
167352479834397215
5
11
576838504649640697
181821913501396692
8
567272929255107892
11
6
6
10
131684754051282433
186710378320808101
145703328935297183
3
261920892453750991
134096444511949777
10
379351197641195055
6
221971642516246904
368140198315428093
2
158175556134493184
585508750522749080
288071180254040154
28
179451740332396382
151492730648481195
4
299229037696898454
4
5
90631164744413267
585842759150771275
13
159905689430135074
10
80250337232281720
11
303140842654522841
1
162828174305997174
5
5
16
7
234832104077716042
2
121766931968406791
283968054588244083
17
286029061975312325
6
6
5
4
115155936062678175
73988475199944791
1
2
265456240107558918
8
12
180650598946359605
284422955887572523
262566295480743775
12
1
313846305851999028
119663907608323200
692166110811289613
214869218485323317
1
188757053181386399
159470819473861577
4
54439374194055663
189235638869662742
195963494885122401
227501614416638606
14
305661223380478841
55
4
7
48
383948879710433415
7
199336515947537466
193803969301549488
7
999999999999999998
8
184681538789056546
187232735548981695
212028913139591075
9
435206054039441801
352547225396624095
5
199273426492130608
7
217179872013187970
109607463058656579
9
112016137997988525
1
210541201174510577
6
9
204064034600229622
31
16
999999999999999996
2
3
247403379006506420
2
13
225864458940491316
497191228462483442
176589554250643274
318227043146928155
11
11
12
11
127936696169708767
1
160127703162810409
68077910329545090
200185301704790185
216069837973588484
8
581418496391525072
6
119899388850255977
13
171454342525939141
9
4
9
122656739847728179
300041538265769812
6
78798241178027729
11
8
15
348826753141043282
357008321905280877
175093475880815477
8
7
1
346524297836142196
233237548783640135
244367737406919600
259584307185831011
159908440410499287
114351258659569311
192508859205957389
106639360611869358
3
16
118598846916933251
12
7
7
4
164490052963110909
14
6
85472085523913122
99284854027435119
125459382474168864
163511795475165493
1
83992127506929502
79688102828748893
180552728102854232
3
13
2
207188925277726310
68390988231644032
9
7
14
408449973492605781
7
251413471823696271
325187181303009939
324928161382739054
4
265736761921284666
1000000000000000000
11
431253934992804527
226190293296279510
5
167881329909093358
183811186146070904
3
9
5
317867949478598437
176270082691520821
3
733525480039611839
3
3
4
3
1
173596877908846429
7
3
123155177673185478
11
7
284897785701042542
18
454340145967105252
243233572957436361
303429248077057954
11
215827898874970797
5
128141790391387929
5
402908039171621980
257126557607147791
129522227689293726
106643290345441546
9
1
8
196560245051199205
396944318753777167
999999999999999998
474831234242123654
7
12
13
769674564036784068
11
102550907653962933
1
13
8
11
4
901454095228905203
8
349217095586243077
135353776590348709
1000000000000000001
11
8
7
102095558469695750
1
726232092824131680
13
111079615143981566
7
999999999999999992
7
454391728495273309
263289106965705352
9
7
762144014078072400
13
11
296772672912361798
179141172481481890
93400785716975561
462514198410819864
9
287313849147206720
4
385433243968399343
9
3
5
6
93710977534278253
182642771272300877
126740649732109810
334461604033226478
13
2
5
4
148098464044126729
7
412535064120554697
101505954849316236
7
6
19
4
88065874085912893
14
12
6
128867138383306500
94781164153000464
151998689601171676
243700572816383246
138698619178839691
5
13
8
1
183513720018620307
6
586135645727340164
1
174043317278635557
8
1000000000000000001
7
28
128606651237331596
1
13
5
271881259708630218
94240555444179142
9
192238385699306582
15
483181170809062296
10
2
197090656806981572
254528652556820958
434750794577937327
1
1
3
485098008849687026
9
411743604342573015
6
7
177743721405217804
108858488562470975
4
798225850857682939
17
3
6
548867523153107705
5
514064793579320456
8
9
259672572222151747
10
642448726349542536
13
117531674677347601
90278899255546181
3
529496363886831459
9
4
5
196052254095456190
5
126245405875370691
11
117156089387191741
6
117029760389029475
14
7
262357733608560965
9
7
1
214015068420929091
864862740072709974
2
87530681834120851
133330821324501915
115199419252426714
118064254204186258
7
406762083619589556
191543053755075593
3
5
90584651055533650
154561187667235433
38711511460775956
9
208174499603891762
3
108754540962023273
10
12
7
4
5
6
138710356111984699
366166557975957088
705333301271601004
6
9
461970006123811244
190143854226127661
15
8
6
9
293101914365898653
89433261633368059
105052203030361911
999999999999999996
9
999999999999999992
21
1
9
129573271032173874
160250209789209689
85
6
8
332009751026164790
77062348056368195
11
5
13
7
3
148883051925933021
2
256474718762129986
1
999999999999999992
295419149523543109
101057814999460842
11
421212357816566681
5
441072186463111965
4
114599934732189201
3
981511031388587
127306101647255500
182630590353931170
11
179343768628400389
468211158592200206
12
166143280024328387
7
3
6
156880967660872215
524883922727350509
257657236924586264
999999999999999999
308801182124350979
114628725613206089
356376379884075564
41
8
15
306267812097744166
1
7
207818646812307673
6
5
3
999999999999999993
6
1
4
1
238889030139883398
4
212294936826590721
10
145790332943295493
134290239638271767
5
334282054556886004
1
175431261952477885
1
10
571608439628056482
8
176932791014941024
127235231587124793
347044717227127694
87109960343458659
295073181916629266
3
3
10
776748147008566669
2
145211239726690542
149805599989906293
94882481037168833
5
202798385786662829
8
218265271527817271
11
8
253896361703250536
11
9
7
9
62926230751194948
8
9
249437753031411338
8
271979652477718827
8
439010286646414862
270336245152170856
14
14
460389634224449642
431330459611324775
25
392296112883203582
203129182191004259
17
290687562225763089
3
261858470705431132
370422251450773201
42818747713185552
17
143386837007563216
12
8
14
390287633299033734
45
9
116173740193370179
2
6
375363134992048417
871050489144492148
12
4
12
5
423414491915298896
166815744566119373
103757478868324501
5
131447184572721973
4
6
675062069196284803
91645329664482164
114366064307541306
167691654851727800
267581229952705440
4
143251719318421621
243588279564713761
453621965025959172
8
999999999999999995
10
12
11
4
3
86522315381906699
999999999999999996
158459547636559053
134102445670439819
505461622103039678
3
1
6
10
83153241422042518
398069467283743966
7
11
3
158759064004968909
292878226488416166
6
211537144298650685
7
455466476944113613
107968341670354899
1
3
101567506631126111
4
9952556329563685
112614678290193245
586972477049942557
22
119670881388090734
12
1
4
9
6
115989739886444871
11
6
354281550462383902
108282694946519087
143009389270258826
73935730800522067
175842429529155276
210590692671804366
4
13
131273992288980459
5
1
150431876509653606
12
130267236601474768
134511728511648928
385351690782317650
5
8
63
7
121040658447083038
348704120428047297
171664926460873835
10
6
6
6
11
52015790256352569
3
9
711112121350364372
300197406760135735
5
360356317229622301
8
11
282550967912046991
5
6
201839396923859794
108083189709834059
7
131943659531823416
8
106655610870005296
112261742086576538
35
20
210073269436083163
13
6
150109346434533774
5
167297587634964752
208789942232985233
176139675589987771
6
161605991669242211
23
8
11
10
999999999999999999
1
3
8
111902376850416969
7
2
1
619157855380012282
19
1
10
47196714797373708
227896999113954098
4
1
10
670919088800059011
29
999999999999999995
10
7
388928569376051070
9
10
10
1
4
2
10
605911620188717503
6
8
6
114243774279152720
93895908009908315
418800882413491507
2
4
165654369438386922
5
282083434756671875
334469613688814425
13
205160524251468747
989239636411280949
196733305967925287
324564865803840694
9
217411647364158019
999999999999999992
10
3
7
8
381995898832468729
8
71914863786087659
142614516655862417
15
271338992780669301
8
742086766086261446
634679792724719546
8
6
350278082185628810
108690231704855258
999999999999999995
5
7
240082737856882564
282949044887524902
219647431948764471
1
52992746546982851
7
2
5
8
1
1
7
136150326416703452
9
1
3
406015698573228065
1
1
135957470260196396
6
334319066027455017
6
12
4
7
5
1
121703043890512703
12
11
26
408996884722406964
4
5
10
12
7
1
12
284983502340443622
7
142219196419846883
8
8
249818234883711550
8
162105507111229151
177536972694497541
196442819024278401
234199115035030411
7
426246109605994739
7
7
7
6
11
232530980692982646
4
7
9
366135767118596942
106967215615110255
12
28
491886275522576014
10
154712466119092888
898787931266863924
224925164185973918
117236014992598316
1
3
13729157529541551
11
4
5
6
188993986381339415
122592159085791936
4
447107853370525438
9
10
14
28
297029081134938830
80042464209941397
11
4
2
327676114231301581
232339187216317633
253292201936915180
179144586139204454
8
6
690452991745789919
224536745627177846
7
30
80510508028885507
14
10
5
1
1
183807715302897633
128830337810218243
118209465554395426
5
14
5
8
107394880034073553
564467467833506149
469050369827068473
66823944460286195
7
206032579616779388
12
509693822141294868
140726379711048223
453504282529495460
236320422104013898
675252330551288290
5
169759691183396062
12
7
20
237142931294515772
244630689451182147
112276453854898477
7
8
999999999999999993
5
5
149567045086517706
235874912624142370
163764636300118682
87161778103291862
202284900673037770
6
11
5
1
2
117990511886196118
3
10
185522646399774575
114988037956390039
9
6437748685319060
11
9
179981506704067827
8
14
557907345466433307
60365860291361753
9
12
9
8
6
3
181280322798821790
172545058494809338
7
120098580475293655
226061918912132607
8
218740607458236009
6
5
6
137195904409465723
153501743711789827
999999999999999995
255463027069609009
999999999999999998
17
1
13
8
3
6
2
108000741926685011
5
188915737767806930
13
174361345945892005
8
9
38
2
9
115892678544503488
10
148330272738036930
271204346915463167
97007044440368780
264867838840900676
1
112582267604040697
3
379004179952334997
4
18
9
1
834592409677549348
174670764211772011
466044613415641205
13
9
1
64957744646043164
177209426772931677
6
3
4
121327890963490597
8
205618542357374617
16
999999999999999999
170265456620630923
5
2
11
70092744377328895
93676056181356794
450951009086870661
250348065359169151
5
922799574768621184
3
8
362748452097626529
290647121743172222
8
9
5
41
104444390271473034
1
9
6
6
71608787630601887
344665895823034285
446502472870231898
6
114919777200270507
9
166754772895603276
4
14
8
170528108394391383
104084813227875355
657577698342428226
181979244056505559
392191120727287693
184294656407897987
7
7
557107905537576024
178118594712753573
5
149165362347259402
599228303358887135
737507071774548316
91026009709808023
158512681900007031
69391853310760608
8
197652078270433228
8
6
527527221079970895
999999999999999995
339084130123841355
10
6
256519786026690181
260985789994991042
7
33968457118069919
8
116222045706769110
6
3
6
5
1
133575664133368800
52
108074750336408777
7
4
9
9
108174951424259430
7
3
6
1
5
890782243841484047
7
200744468672626752
14
330941320418161967
8
6
2
98233937439981090
344511911112342031
12
224981358624417125
9
7
98233772329366892
174397599605416899
167468836187629287
2
6
244200444681531409
150438723350671120
6
9
157728571396615688
122448234055407870
5
63383723249530268
12
523931496330997633
188973721782071831
273229166925632939
156151064966870063
15
313403523834487609
24
110709305467833112
4
224858642813032211
9
431361110981854261
7
275915013048120776
6
6
237302430842639674
5
120285411605248346
3
8
3
1
1
5
999999999999999993
11
7
223239317780171892
147956510453831344
500094465928160569
119819498467608665
10
120883407184434187
9
5
211025310308074623
5
398718952515857230
9
117591919023340846
3
5
311231017359762082
909403696609713296
237076292484231245
742504138143286621
121168530673639567
144785224584365792
8
3
419026692687524590
4
4
9
9
8
16
29
778414588217251557
810516269227193010
4
10
221633765172845658
6
442097769197248692
208603567067603934
2
7
690098225845359992
53967204155581008
379381243230078458
235779649263067672
8
208107269789543313
183818088923899351
16
1
3
87285371917484687
1
7
3
7
10
1
119124075851049060
116533250115083074
94158156103498188
9
7
6
6
112947586174260371
8
205565882008535574
1
149883840082344669
7
140369190369679413
128662965221202756
13
15
9
105302220539473635
5
116809772250318804
109692969286898545
361059072677589035
13
14
8
7
388378883387090374
251321129528987233
8
6
13
3
7
140216844033961880
12
263842915616128739
6
52831501093110985
4
2
8
4
455322408624585048
140832427672310126
219733529884870721
14
8
661703553403797514
245084580203335990
125851715097792343
6
273053938965685703
4
378509689484679391
999999999999999993
5
3
10
160881955277975915
6
174172605966891659
1
205971007393325842
7
42627087352617064
4
10
4
226227198170099542
88824000383093237
357278279530566127
189313886945782834
93889233045962043
8
146356856630613581
12
909314386437310537
112519008745373666
201820564134599190
12
7
1
1
133319861622177733
610857762073407842
1
11
7
183425866969229591
141198806564623735
9
246870534572336814
5
432188136849483060
419474488593040696
753950126584282258
109190026580994736
15
181880153084297957
220642652180937398
8
453445212628636172
427389062087631026
6
2
455190481384466040
1000000000000000001
7
4
2
65520812741502375
200832625021748627
484047694698572113
511908012084742017
8
252741713637111918
8
430510043401318804
92743602541513743
89512353860502421
279783009567489903
393690878216703060
2
18
13
9
20
7
386329361946026021
186041723651982717
8
246217476250485867
156514355540949444
129620161349505783
328967813786730343
2
10
97865765239112850
7
605289096364783440
419430006674449365
16
1
211086580352850311
12
134432044771467702
10
158393241308730586
3
291061073871443461
3
4
1
5
105486893139370095
139705478011112129
355648113522474599
154392846681100352
179027598211150535
352691547022817021
4
78915316533930101
3
4
159594878359843900
8
5
313254747155031121
197424069822245886
4
170413294559362168
1
6
16
10
204879620230620719
11
167314044991116704
7
232296254580526635
1
382543856030143890
4
190383210747343079
110697447659695870
8
3
235181427330088415
17
15
103614166220049465
6
5
5
130950525870677026
232094317606113859
8
999999999999999994
114579894974682501
594732056271070857
7
13
277296489322947598
101872757745285805
1
384952991943478291
6
223816736621012811
106304084092833440
999999999999999999
1
847523137058384437
7
660396480796474509
5
85166871137969415
256923603291450331
6
35715598543040710
347397619151263248
126400727239226851
4
8
445967080673337528
126161850388673595
95602803238082884
92930662494533406
8
3
10
172479288536309951
136044673950697272
14
6
105306782230600924
92045989840590693
5
356430265751564905
197823669772642073
6
5
17
999999999999999992
7
3
10
208002129952474536
73829595844036246
6
11
17
234060899203475913
2
8
97779362214873652
15
376307675549255108
208339017754121446
17
3
199760810006958886
83922093431936792
98882614769630321
3
1
289737909761839234
8
153058081673325706
168241918911538937
137987018833178931
81125771158413816
5
10
186328513814284217
8
5
10
12
127524758882633011
7
462928397983560996
7
8
203705637004060364
5
9
240584670021423770
361341814335277548
892881340246382243
13
3
1
2
145508212515341213
178857236482289307
85047038867514734
144654417689758636
976405681200070492
10
428730035696475032
470594210487250188
177068584138165465
280687896682447496
5
22
5
2591921183327174
247762021782662260
11
10
9
116011478895297366
4
1000000000000000000
8
107408303476511915
198895125150009888
95028091178260559
7
9
6
6
121066663675127550
7
285809214992667805
104802515786592337
22
288975325121340966
135171835052805729
7
8
8
584961885971208153
4
19
459372665652817444
300803692304728974
7
6
4
1
7
7
4
6
1
12
10
6
7
999999999999999998
999999999999999995
1
367670250575249063
3
9
8
121668171658738368
3
1
6
4
304014396451833029
10
9
999999999999999997
121276122130319856
5
16
3
5
9
999999999999999997
2
757722857896650786
189192062648197534
12
162581012137058619
185086349435243599
209245224593433714
7
252056599028409583
9
246592401236891108
1
397302119357837234
206808576982323699
396025139002598549
237544840847089302
889324666198253602
241094975999360851
3
129745618520708872
8
12
210449754090309144
200337661000802449
7
145845927322993434
1
8
141269243122338672
99170520758779652
15
999999999999999997
1
93973497466472322
125016077976942897
238109706725549694
2
6
49126754131698296
9
1
4
183551343568195548
178809196726312018
6
4
11
374409289389679166
217345211788388699
15
169466074816614266
104207715039173229
7
10
185377809239942328
10
119689567441682577
313319548340405988
1
3
11
195972732264895293
124344421523865850
10
8
129156796801286219
112901931739933853
427182753736252961
204277548462875325
4
8
369234225108235069
21
10
392637434150971465
24
48956043131719563
10
7
6
239425985348495402
141955180212867699
95261660048190245
262745658905959252
270766261686765453
11
1
8
15
445360905783995606
3
2
14
3
6
197213562249211483
177934044582423273
6
1
5
18
8
434016167696962417
109758957370257748
603403669985616372
5
102984452889970490
6
313181010527388652
5
2
1
1
