1000000000000000001
201499469479205
831
125534455668391
29
30
544
658
29
1
5
3
7
6
3
101388122082509748
1
250373467681394151
999999999999999994
999999999999999997
17
20
8
14
1
8
98623494906232584
4
5
1000000000000000001
1
502754502744563595
953359636721419014
5
8
983556109641800002
21
114073692404982601
6
164801028526296141
33
5
119465914183133416
170052596691990088
219765445778632880
11
1
228188007071743157
1
215162552391173145
1
10
5
63
6
111069136766745370
260519604691806350
11
15
539643295366324327
337647998448009632
3
255831058170086108
185338701000587183
8
7
5
190050380074065862
11
166884698389693968
3
12
126712202366622919
8
121456896943943349
269296034822515519
7
157413281552358396
6
219497322878147379
89755690328628605
71353500556177953
359850269634900808
7
6
89845245789134038
93667797572925684
11
11
9
999999999999999994
645216863102800567
6
25
10
155672468091382805
489189531004919754
112917231181620386
1
428868599657323498
228637541275664535
4
5
137160975451763350
208642234375409574
5
82528841135030788
7
5
7
6
107805964643322866
1
999999999999999997
999999999999999992
6
15
246634584481835274
3
222418622728790823
11
216797557946163857
137379163687173782
4
3
188700501100057605
255759073097174196
145663518098953238
1
8
14
2
10
172605146015136845
608909185316168533
119152116513566283
12
6
3
10
8
108750694833616120
63183481597518403
240044287955897955
438827517810480992
310592847307152344
220930507664240289
4
7
1
3
9
1
8
14
89006374936558271
4
160813087236102475
7
97242547632389699
12
12
517809314498120588
5
179060317282827805
467385893311645322
12
6
14
3
133483892533373037
208126274691610803
100754971208526308
152199998261331715
572395369469638141
11
20
227538816408007301
446942316735188662
506673880788809547
94421453430873870
169075103520585071
216061119230583306
506146132340439171
2
4
12
260140224310958187
12
260501103871997633
119630110203303847
430327427196291368
9
131851439339055300
6
6
290713709936472618
11
180809903998469893
1
509821317613253740
556550872178388809
33
6
102752985145024832
14
2
4
3
5
80322131905687039
292716391598094994
3
5
8
102325460067233068
779200531876951763
5
805373033102691645
5
141599471094193899
999999999999999996
6
251586566889600758
492824198734196367
71076099802775629
7
227187520051466168
321796037532164007
5
4
33
263757865232841278
600001044695536345
5
3
230056401681112361
74737141961043853
96218968975950539
9
7
9
8
181990516035260559
4
478486394623485391
8
112434317014815799
999999999999999994
10
10
1
692409348244483627
685651057863723104
109937541804187305
216251244182221263
20
562188345105102663
7
564148157449342438
3
29
58851771459089233
2
13
184337185323749890
91612281021903106
220855261598816528
17
7
11
6
813992217959253202
123874665694762094
144175414567794073
11
5
528452149585371567
16
720071165882948045
224091432805030350
10
115592719531120671
1
12
73542001872407562
16
7
88597361750215614
8
4
5
548248932038420717
8
459583632904010586
4
4
517639538114484188
4
12
7
127825003696622910
276397549471032632
263549543508808083
4
7
9
15
5
1
178850846082892303
260386323539309071
8
707538101949388378
328952469140054741
8
5
80521666921175988
359001621364801872
7
342259442059449365
2
9
255098261743590087
108033757318434859
906952650483359496
13
8
383515478002494208
10
224825334880528793
89615197674170220
2
149395575417607792
323564442107416339
142643419585403732
185418458111890758
19
261760832292985616
6
8
16
750222853241720777
1
309563605969529879
1
6
2
9
191486880713862729
4
228260566474654109
8
6
263205426695838579
219444890280736751
426576324148392607
446846532555253168
8
108754643456436146
323198238126177751
7
7
18
418549726716922979
13
10
283183315613640636
192795365439492318
1
107518997531696148
139462698616928815
3
165886664961160324
999999999999999998
8
419758595499302909
218410754647523171
9
203674699908444389
231349540818355233
756993716733445121
279149096958309445
7
9
18
6
6
288172743854951647
98313604686236891
210456460075196071
7
5
165829350544487444
756682045021883089
4
488523725243089202
235241793033067750
123499120624727249
121232213556285051
8
163489286628518729
5
302532457205874826
828658122092854176
185393091736522646
155575098918905790
12
11
1000000000000000000
177811214477276013
237159932871872693
232496809713325948
648305533230706116
2
7
177377499464763940
16
1
156274224866125913
243952517093463927
4
113518754878568663
4
118822907712352615
5
9
10
10
54
6
238671956080813666
160228315450724604
7
108560767574723638
134482346172019585
10
275569866481939145
139900173542295992
206220150279811603
132297164632061987
2
8
322673609650834283
9
8
13
10
15
4
114703721107312663
915533602418678035
999999999999999998
11
161734821321873655
8
170621735277014083
369004564503171258
169356104821714613
11
89366736491390186
1
10
254792472806305727
103675531173959453
167006325366891618
8
197480394297047847
137602977576057169
5
9
325791781851834648
4
8
20
17
381576949813974708
282919541480680037
10
8
4
452206377753449789
231723763348834558
305505249636333078
278194384103387669
92481853690092840
3
53
149223090596447400
167253722168639231
9
7
4
223035517486986883
165342903557278081
110817308245614886
81
7
5
3
110552864451309336
89142936750785815
8
999782575814305171
4
41
1
15
12
158617607322879693
541545171615561265
128357617658788562
3
101345276033649941
12
7
459659505412462956
7
137683251311564796
202552228675649539
78313530273152461
339377056712802190
9
230391952074647026
13
6
22
8
4
560491400600702624
713882937178156671
6
8
7
102273068755420420
366257526443452703
8
7
13
3
66099573777436670
317858004767711177
136347637718454396
424295742174377720
9
174783622561426645
220788992944643983
10
4
146066834167149604
9
294824741524901006
515904255678570542
9
8
889893445887847010
7
1
124848050848843425
8
4
11
125539525207324767
1
7
9
4
189454601813240948
1
6
6
9
332196920011535526
110587027016668232
6
301901966896073822
252060798656023553
5
9
119406561689192446
6
999999999999999998
212048323665378661
16
232659629959288366
10
180272057677262369
1
398715736551124964
101045970620471081
3
139275924208212336
14
7
299063579546871476
561761693381180517
7
110814813984421521
147254514369236879
5
7
150406782018079856
184164284632757796
7
98241549724666849
209976586796611570
7
450790193822856359
355952013797773457
7
207797679726089255
551573655817825076
268344738635683111
131232293655046354
393776914796774438
4
396304768786303507
5
150496331451449721
7
201685651283040461
214883813532519008
281105648459151625
5
4
474734527749734307
10
4
185671315364378144
5
146314981183878211
5
694434183171478825
87911903632575592
11
111502208023482744
176579569089461190
1000000000000000001
12
1
492038774243180288
8
6
7
5
999999999999999998
232358898514785602
274769436727743897
8
173357554184358432
450742325912011743
83163160065588560
599818973525784804
8
3
1000000000000000000
245821612659577478
8
11
4
11
862847009994326859
17
9
9
7
7
481752491997155177
111389454787822470
113282417830229537
700659879850962180
454556368275585967
54
280064207200020694
1
88446720615074540
79310730264824070
5
116761779531849208
9
440032672161753225
6
7
9
133091587948095301
12
2
4
36
9
2
6
16
373878360802325509
9
213747266007829488
109268546503120358
9
12
254945642252344213
336950456562114446
5
8
288753470005909583
144955907451216970
165620643832857171
8
16
5
2
101970650963272934
5
18818449675194853
135515419801687395
162853006954409807
6
135656995811214963
1
175729693900494429
254328778169952123
445520300618841693
11
5
5
5
9
2
5
8
4
157373728416237233
9
18
5
2
676109544184503607
172641990431975447
326028890480165171
190148684015669100
318117447304043968
361544668159549393
7
219030708716737838
7
5
7
460315825764212093
7
6
49
10
2
147687137417852018
7
6
7
16
92100740298736017
1000000000000000001
999999999999999994
3
227127779471800523
781178620816257838
8
7
200303844917771268
15
7
229428485733539832
341429043416332234
6
149690368856848328
11
128940523174134772
3
881924837863513128
14
212543931509195664
6
7
10
268387533278879303
12
484100526327542501
4
3
9
247602069619251824
119565153232263898
14
348270978433363783
12
12
174118505380449731
8
5
499963708891525340
19
1
185023529260228390
158825264851525217
247943560420588461
7
190112033477110506
505058960260257038
6
171864462048079744
8
135124807629771197
76906952074001699
172391597046484774
192686044485123900
178157209755539585
333979514928530842
134514894652321258
41
5
4
207138008154715811
3
114312235688036293
149920695205532099
181492641495695181
373696998542422060
4
226875012521129315
457063027872576167
11
363904605838566071
390320844058307597
5
5
5
2
6
12489349749342591
5
6
41
999999999999999992
3
3
14
1
177478478039669585
317273891139181468
1
3
152361727197110103
4
217776638072814579
12
7
6
51564963869231851
132209123475417543
64816512808300990
358044036038662558
4
5
198309300692022883
93850496372967916
126649776137625682
1
379148522259883917
534656343969606397
7
4
12
480635503737226125
3
10
5
77461754924575882
120100112565785843
161129823703557129
3
294501556852247577
3
8
8
8
15
606898738416487877
1
22
141712634736851993
1
178804139819246028
1
4
3
4
352383397685030072
237711560967259861
265086635127132270
1
6
531326971315609912
6
5
125158690221392063
263351306856912810
6
8
1
655283492066393759
10
616602069255659499
63963951893244023
4
8
77113101489877307
1
160738087141773978
6
8
812172899939674659
500513867108290888
169734533780551744
187251588920642717
6
4
6
1
88715900429721276
120467694214879086
3
102727633017341574
9
7
1
258051775886952889
9
100327896386209398
585712123732020850
7
6
340411246205346343
125882372513439932
1
87138479096471818
87374885074204271
10
9
612460677858751167
27
163883809025073767
242515961130565826
3
6
64547253193012367
6
550408275552027588
4
127644708787346429
7
676527911773693927
999999999999999997
104128467858193489
177381809546284958
250924920983579101
284640334920741818
13
452494133839098536
7
16
149685501077767977
5
3
298341408842663844
85067212238169910
8
897930346360720536
438741872491425885
324894678740906082
217971034007204082
1
145947560464036253
932468987865893456
433285667094022738
1
583927476567496143
14
13
76034060776458898
7
9
13
14761093097387462
5
321730377185915057
136141618996067300
287562134315184693
1000000000000000000
1
166579090772089352
174118784948576075
3
1
8
184228424771037011
352551918857626784
10
75606527113901039
176414952604905516
17
4
4
82639955318359296
5
17
3
464237534402079748
10
84565915308774217
83772884319061712
33
4
121631117615465629
1
104256431589206293
1
341176159117022821
238877205413409350
197944207382743678
3
398707037994269393
92180726523641296
147810103221204095
688419153870005220
278862830301559379
86959463681768785
530434058153500751
137765053013068968
335948854062045015
6
116986185862380477
4
195442854088812354
11
652382632758148032
117875008266158990
9
114373073112523584
282329230864469189
6
238142586493307996
8
2
8
347361780655970584
9
266192837235271700
11
11
129300314232478439
3
1
4
18
354977436697143792
2
19
132760828876815619
4
118368479467475014
1
185201364961636857
4
276853156570149418
163804177002530427
7
332060255114617451
30
112878790777807907
266253097163056339
121635253461377289
5
12
5
12
8
13
1000000000000000001
4
402435446993645950
6
192722799610969132
19
174591701714269211
159676130761730748
187835533928993457
8
83924146080348187
21
684824456371943126
13
332648479917386532
9
10
131266362577631588
219405071019911198
10
11
4
197862044456625396
3
136207200413318666
97
8
478642911614682575
259225343506545188
8
6
15
163075281414027495
7
627692157448444692
145717221055529908
5
6
190024333606921128
662774199971048966
2
5
3
181386869154831383
254921195860936592
135200080970199736
5
3
115949698720444672
249419637503266500
347825526706741365
8
23
188542273247623677
194942702567694084
219821137530973724
1
15
3
340657301598766341
11
10
3
9
303094848812793326
136333838466738308
8
111901691884235322
116623646351248429
7
5
7
4
6
48518600879387370
6
61474043634603381
191180690100743089
211089573664532007
886840936979274832
314970470730445561
147996207796471734
6
9
11
4
96660658388670753
8
1
275320708164447297
19
270698336676673270
9
14
3
9
7
7
6
82539333243150606
107714952396625666
628907989067897679
19
135984622906132865
12
169022014454924981
7
215600280228504464
9
459989299865840268
199615838875937041
5
3
999999999999999993
259309984424079612
4
3
11
2
364671218761453893
14
12
278271365658040039
219188072752475762
3
10
521738770405187717
385444469750324005
138379575861167079
6
153059378893933846
9
118308394638986021
312460912654929261
11
80183322096950401
999999999999999996
10
999999999999999994
1
999999999999999994
373082934132363443
7
1
11
15
1
231037736058436274
6
4
2
5
7
17
9
304669299876433327
13
69169208144338931
264802158919308082
13
6
3
3
190546988816607362
321349806138434817
1
1
4
225012528529530846
91316645569048329
195363233692405762
143748622169406148
6
52424348430143530
266153462632941655
82021802092826853
3
10
5
1
21
999999999999999994
135886945388580915
129543798478270884
249386082717247710
12
174139837860085151
166250754457177905
172314196177578816
8
5
203552505114828267
336992006811876091
308588123099381018
4
354773071138086298
486884272061257368
124856245473183800
1
6
6
665984148987149854
13
1
9
268336801414378749
8
116472816512247947
294465955300408375
675602235107140643
8
110914925428041728
599760394652338041
6
124976944466621912
190027708888614947
139466487138997870
138580365587767461
170031006320750279
7
670478534212851059
124382234818521178
192635643990146049
684135466172655663
5
10
3
15
5
11
465625443612281427
403059997267769399
10
999999999999999993
16
8
11
3
14
9
473134349600170441
297714686653459098
7828037605157132
525697592424529185
8
225358031643032449
5
8
7
239582473973938853
639482880955543034
999999999999999998
2
343459019786522991
4
7
7
1
384592760010071570
3
6
357845001793222669
13
146094584444638863
308942428535332598
10
161827844804229468
10
1
98308396526574114
10
232339739249260579
182333757590026050
1
208451553959029131
7
14
7
8
8
10
360606102028278058
424408534073125686
286360710930584991
338872505155763493
5
814648507999376188
3
45241847273535444
1
492825204349763952
105408353934077079
389300897660089451
7
8
151001285588855601
6
239838954018266084
803911447901135539
149991810765744942
6
125504433121825554
4
5
518248983878604341
639213271657796337
273331337313062911
183631382988061135
9
5
3
194098849729671321
9
7
175906456175762957
6
1
447526820439835648
3
136086126012386505
8
6
163022843706953457
13
227369535432008126
109162011443938347
2
4
999999999999999999
106835934657246984
125645989071785516
29
41089697265557991
6
7
10
7
439993536900047113
231890986718921180
8
470534555387885949
315385759770712315
95335552606895202
10
254729345011742022
224356938613099349
4
1
176376431541250569
216829857596339225
3
231757978296301128
66739483186615655
6
539082992642163579
128764978770384571
59372690562951169
11
125828255221081947
159855204469716882
16
999999999999999995
276026089074452634
6
4
10
225198199135833349
165821193855030700
82021190160604678
278420748356639114
10
1
6
16
11
3
3
23
999999999999999995
21
7
132079655616499699
129887103634058064
617700184077077612
1
95688591444850732
223443473065470480
147722097300564203
115109590447020793
7
182157836309195694
5
8
5
7
268289216261946074
181749205159225923
2
8
2
8
184708583242764404
81905586272820116
5
4
223223191134677937
184153478024132308
4
5
4
8
11
656784683219251879
1
9
6
139971985552917170
5
413636995398891003
326698633263317291
524101578299284129
6
999999999999999995
14
8
3
460669485164570014
7
735526804005411980
999999999999999992
6
4
7
12
9
7
25
264756444228035234
210049700299514493
122236474247080072
11
14
1
7
241594730759519179
89742819727368833
118446075140216255
34921201234198300
98302799224192013
279559564307025913
723211565192670930
12
22
155947919944721842
10
4
4
10
6
3
16
6
149791601601982291
357855715504115835
218604879865365357
131840502909671065
204674784534030158
180939317137343720
5
7
5
323562134740345635
140509976048012256
6
224680350489001469
999999999999999992
260373003794549304
10
5
999999999999999999
9
125199117652003046
9
5
99484894195592990
116581602575452005
6
11
13
7
999999999999999995
192064967478338621
156544779155497734
5
133440513667196811
8
1
2
5
11
999999999999999995
10
528317394343702080
13
17
5
8
1
9
180826554996203723
1
5
4
51062474408448060
767785645408258041
4
858639257767266514
168883717163862848
3
187038376004669699
330787351131434533
4
156373982490909210
326180214399570767
4
10
13
8
7
9
159026771269847038
14
12
7
999999999999999997
481173601984848048
161038281244693860
15
245346781127876559
128703620950104659
383038166232424622
175070186207707894
7
286671933628250586
8
231405498411547916
174145805483212795
10
7
100761784672254664
8
4
219750179017110383
6
7
489211336556143148
1
83720836404566537
1
3
5
648914283932344776
1
623185162715744531
69478020429741176
128956413879493353
1
91617123985572905
5
393975152943573335
129928443712567625
529177966891412233
192469548340038818
233297431384443165
15
6
172338152464646903
148134221116085347
250072722914820446
313433066486724117
198773376845896916
5
80952923400700761
490029786389151163
3
205368061192562815
3
212904851148239729
101794765164618887
7
181075344717710555
3
5
9
168785612825221123
10
265728060273925303
7
774225925916298378
163852956562843201
3
13
49
6
8
8
12
7
2
224613065915918875
2
18
8
131183740505907968
6
64378813765376922
1
285204563637986540
172566021141485029
220843452126476568
999999999999999997
313468306984397705
11
92146623468228238
1
6
329128493295639403
318527391014530653
134294729718387026
138865622188988960
431424077501335821
389405221911901480
154911889211011490
15
172425787886862982
7
11
7
143457870029319819
154611497771844504
5
751518301550622983
256043773295356840
130217664312997994
127345237358827542
16
11
5
346340862050966691
10
8
6
4
6
305580738542297002
10
11
4
9
9
10
7
256508216916271487
11
385350901180895962
282897476581141662
5
999999999999999997
3
1
153735367740778885
202453071164216801
129880316454566648
312459189869634111
6
136172685941336967
10
591424924923468852
169716625524185243
370207780058308057
142770705671600825
7
1
15
14
4
1
151935600767100937
1
479257089195683489
8
11
79266486662010891
6
8
10
9
170191438095923867
13
168783550507389605
110594417654098326
10
9
48371494765409345
73027874538610312
5
15
298821851407292061
8
181007927248593787
237439735624528786
7
5
6
7
1000000000000000001
130404368822554718
9
2
10
1
1
9
245758153475588778
194946485614375385
7
38
115141416416260339
1
178792001873671112
521190534144756933
4
174588900681576287
8
30
9
391215774348499391
81895886251283387
6
1
258782692001183807
315346553984191365
699836798251561701
5
11
15
75904992915683845
9
7
2
2
6
8
10
323355718138741378
5
8
127569767495135780
10
19
621950620817661254
7
5
6
8
247346822101021927
117957730960498579
999999999999999996
149766128535959155
155418588438767038
115527637346021103
126659715265760482
177871947311342772
7
115958268312602852
15
598621784816586847
230670452863240933
1
7
7
365973614906855447
429546172622306743
5
221521204939033232
6
1
1
6
22
295002949653582448
4
22
227889506215579596
999999999999999996
223273162289588481
37
9
7
162468825448990618
92452255864950482
9
67480748872408582
12
782571153186763966
10
7
131353808997347200
406692842864840751
248365813810235216
999999999999999997
5
3
8
5
14
11
174454908505443219
19
7
401003800067600184
10
3
1
197217641598833570
668109278727189712
151667547363644082
3
2
4
9
4
2
7
297748504380642115
4
204049867842769188
226963055742677146
4
175487074989845075
196054834400908273
9
9
365709705330796579
9
5
5
178383688676601219
291563120144963687
362187557177092995
230156296326012996
146832256375357700
166728822056644303
420622584481279328
596987146857714263
20
14
8
208207170081807368
999999999999999999
213676740264885043
222954214952431033
447836847131424513
264481841375802668
64
138843836557804564
403377225625717452
5
434328867610961375
6
269418162304469542
16
3
78186363981792651
1
5
13
9
648656549695621705
9
2
10
324961457050911817
7
13
4
7
5
122546924482288013
177095717660498055
427489295645526173
38
75589669784314302
176417277124296777
230935194384740953
12
179652402830333335
978455367895964944
9
7
5
7
7
459080238581716676
261471766097136790
1
7
8
90740729364000099
11
4
5
223835334051149924
172058342070530286
2
1
124209263986243434
1
999999999999999995
164308094517075080
110999061654651786
5
4
5
999999999999999999
8
561420220077263981
210736921080570192
1
9
9
167985835835541563
14
167709415096303139
110671938137156138
9
5
5
198180971905680159
317871988796809300
304969740371166357
279935621041675513
999999999999999998
131870536604375720
6
178648159098635047
10
137694210452636819
357638052170028257
475834305740727146
366693321136190280
4
416018317827298691
7
4
6
369018362928230537
277560599792148103
6
93094451377921330
3
6
456290083588747805
107774629051324027
5
224991079080042211
5
3
567733770071406957
2
10
1
2
5
98511314907880105
13
8
275705999221490446
123859209168844124
8
4
5
5
2
498344039912369660
4
136965354310511529
171335216312088335
23
260675095327917132
700315272737210595
11
39
129843179962163259
5
9
7
4
4
7
26
346550304642126709
9
1
144020411995394073
1
109601002368503159
26
178860944109488623
436766077491326452
127127668447072969
6
1
9
12
472981786869289758
175014614464766232
410270694575667996
289025802736487264
189226652108955196
9
8
138356391443291859
134970076755805836
6
10
24
3
164360948583241068
6
5
183040053304569224
999999999999999993
6
16
805268471410054789
179747189293308245
13
6
187998685694791809
355187324477427554
161841931807376520
5
6
192589791941243876
110021237512668226
340445603910678560
158286807238020378
509881396097024394
37
6
3
191118229851106936
3
9
167616395538007524
12
8
508869125354586764
336570717984925314
293898761018771831
134637849747066257
14
996642454640133607
4
146794387795113773
999999999999999999
6
6
4
351829452050170037
21
140979195444488373
8
278674983485705768
1
128992232643042648
151025641846775251
230378725015638264
999999999999999996
173664265309813692
7
526367766579924587
125107654766531289
7
7
118691487690699612
7
7
7
914998223693917521
9
6
144297494565679373
510976916531171942
2
138517434547147281
9
8
1
7
141582997297179464
10
251447559929327792
217482288013354476
186653028104422062
8
128162955151278094
6
2
6
102379360842356392
8
580726062155168495
2
240585162323387712
211246096752669402
6
9
1
19
262204406447182085
6
131306359844998433
120218652249410225
4
243862265539684501
2
7
4
286594866724348195
4
107899434074214944
7
390875024460021800
242820277478922476
13
646946421322207977
2
999999999999999995
341317896702199821
162184578100867840
79758456601783380
9
7
11
6
492619846339153975
2
158238755387781319
9
1
8
12
429068934032846329
94323828179862535
15
6
10
6
247079898531930814
7
9
3
6
158767214442684552
7
6
108372600660500643
17284435256733373
1
793953761918630546
135921101273752863
226278355849298655
363968771792100395
191938242994077943
396180831054597641
177749412007974087
145958133818985259
8
132137874061244434
513639185097593184
8
10
140490133384587109
14
8
2
7
113518373224277601
225857922114002162
279837132468223539
1
5
14
245162870880149312
103326641789195776
6
9
7
447049757840143814
794617475118956273
205821052489593785
89936518326378237
1
397880556420592849
72790042179564047
5
15
149128814509324843
999999999999999996
4
450942713867886089
10
170588574564139085
1
999999999999999992
2
11
101516477729562291
3
999999999999999993
5
1000000000000000001
4
47633692719484190
168492167997852466
12
999999999999999997
14
102439318261679676
6
11
304088591699187647
162161209835355216
5
21
6
55378417589006686
3
32076224972285426
131401941976965949
234247951545901245
16
45
5
3
7
3
19
11
109144933979127581
4
8
5
893176570919840946
283551968545734442
600370766777381054
83703399669331991
4
205577362969731819
612462581226164747
150160336372937538
8
6
135575331923281106
122360501207205864
24
9
4
38
84380935017706666
11
4
8
2
3
4
5
8
4
113027261369751051
17
246248725796503080
17
6
163637336527504069
704027245999171756
3
7
9
1
13
161272547665629104
16
16
410746739235152363
5
2
647956821285194024
1
11
96344284820472454
5
10
2
18
224218598207104942
283327925151348981
164641201761367839
12
110506710060377503
5
7
10
5
296072253591430441
3
10
318841903938942512
10
179091644000363539
218103482524418071
220290775745860205
9
45
126739700905821152
185274816008506259
1
2
125501505162697245
91371754016822052
192521717479024299
7
108863641496337195
157936342038428565
11
999999999999999995
6
5
8
7
11
173673916451107454
219558496580916841
420429706380736054
3
8
151296504142123038
2
273987089946175683
3
9
113339842722570293
3
174519850310154823
89863780558334629
12
715221234589371423
9
489513445658743716
547725598800719479
139212671477776041
1
165306308619153507
271022171485366045
241226427024384421
3
5
452735689359313244
151115764689092497
125940982003801573
121588431244257390
157207219551029564
6
10
7
149947530940848907
8
151952309851626163
1
388425560525977423
225580104821425793
230050468054995303
2
14
2
97738258980696528
218232387913876187
108191358015573679
229722758383397536
696644083040355547
7
216514285163308213
135114780806582463
6
8
6
151063866998171965
183270249414382844
1
233710389455043175
321259397258580025
592498229687801294
7
8
3
189942546044932204
6
17
6
151111516181211244
3
332270511171396789
5
450218873233497258
5
6
50223806208636332
176573046275804126
13
299427213108404175
5
87489891323146333
15
208734214044119344
216789852886730418
141882879691250385
922130642413816508
5
12
142331541825897572
137924066690537491
999999999999999992
7
161275014441605937
89801179712385413
3
3
10
3
231317076126748538
13
4
178799752956104068
5
5
872410806814940625
154702203273280846
9
15
371839786697965927
361802018454459820
11
556397497987019958
806532585837203069
152260625184968264
129286182009870400
10
273187448115101049
497561344353004159
22
2
4
267713877174063182
151995054303335103
2
199702081298159849
309181293049705477
11
121727940472844745
5
243111451996720609
7
379271045568295790
52
295468153668887381
4
241938495391094614
18
7
13
4
6
320928336501269346
108908881044024759
4
317258742034612220
98458931510032529
6
192123403013212767
213260111611291383
433520881931447451
7
5
6
7
999999999999999995
7
7
134066741976440824
156460486969362668
8
4
3
16
163421280969351736
113848256920346400
291590291834446894
101489252730688121
9
221905945022167719
387554950120369192
428064504633358271
245076353071308214
488818185548203481
398681810088478194
140875338236913385
8
132181205625227384
12
1
101213394576259951
67842952597146397
9
138461979393248140
508281843415405628
297378020011992800
134342799618609429
91304853210666218
421781707357103744
5
179991364315631739
204780627723775579
9
232991242223896534
323649659787789411
304955464105134883
5
288257620350300630
5
3
29121315017421133
8
305485962125353468
3
21
10
9
126408226859643718
204506346051287528
6
93936266506887245
106427359078904804
5
7
2
6
99871437669742105
4
148138489360484295
342330316318121969
135474163185680558
86200938127381246
9
412820583356496674
9
11
1
7
10
4
9
149187090806607320
9
1000000000000000001
178045234741557243
16
271356858894254975
134054694570593874
17
23
272830381365522271
7
82577491007667876
5
146282770888330108
12
10
85632554768866253
5
10
8
359282510599746386
50470219016091177
314868132852927102
4
7
6
152536322985434756
168972962880503380
7
49474511459002087
5
8
13
6
45
7
9
3
84980818434678463
654981830213999713
325053128943985175
67378974925678999
86624900474699361
182989962964555781
612354492626466006
133858078301398287
201393163792229490
140927329871675748
999999999999999998
1
154568536074429667
4
8
10
196348003166715660
1
338221539924577586
8
7
291676013138718146
2
8
120966480225768033
10
133708006540126808
7
10
260470259701311278
7
9
5
11
318680858245571869
9
1
727908768473958651
403008954854168543
9
183016232529455898
11
999999999999999998
12
283756180493615423
5
10
9
16
833852979481648646
285931646770591946
14
527364659531283898
202167045250436138
143383193554855611
15
4
137894127004669175
6
4
76963921915836425
239882736050945019
1
345388074896945308
18
7
11
4
140648148876393528
217936220705650922
10
3
11
7
139258996032724104
100211986639905520
141931434412179997
11
124736420042059622
13
5
6
122531539288391565
5
5
12
252577124489048235
398648710004083712
131688645248690265
6
10
112935153214922139
239744476394864491
210132262063064324
200420031600911060
5
252830033545139623
227479698106450966
154807225240818589
13
269961496407691621
18
226825066115943599
321133258123486324
18
6
425270117833361891
279422010119727072
33
3
7
5
113775395348443277
609126413117310110
491450643376821304
5
2
7
1
112480425359683408
121258497526278486
636344872437357565
3
268962584778417880
408545734667960636
1000000000000000000
672183511415321458
221724208492316250
131299106923209597
93115853255469795
141097536692038903
3
154960393918590133
20
609699832731679674
6
68104312546973026
73623248889530917
12
135451643922657408
80
3
10
2
8
8
4
2
148657078207436715
325069178882886217
12
1
439478249401161832
3
10
11
274416194551304202
565672276510716399
26
332182509805760202
367886648136510763
999999999999999996
5
194126579986266182
4
143507057579313952
9
999999999999999997
101887858679166662
6
126699747001646231
195571060899089104
9
18
115030462117789488
10
216577899814085441
4
17
158436085545924163
4
10
58234579106563824
286862466775218767
5
152034504506265555
173643801484862226
196542771701006993
8
14
6
868547676160607945
122184421895264268
116080348730388982
390849244815705163
213079301638592878
143467949357855618
128424270385595582
292047322088187673
1000000000000000001
14
197649580842195786
366270610113994968
273094952379081982
6
18
10
10
913925377411698007
188519477432703642
3
554692242279247157
89007024152440536
11
146675842398546778
198504822744152486
327230903448868034
9
17
4
19
8
7
9
166309393235088702
381697329234876651
228703678660381666
1
551144130671217383
4
7
297845163908025822
222337492140647564
126637120071008699
4
41
7
2
8
548835633378113351
101107855538343556
7
227763993032198256
314332147836405314
5
851995546240777052
28
115880894320306857
140209480988858104
700616927349549601
8
5
4
238189241862983590
4
7
7
58731278051501366
7
5
9
15
5
14
118034675726982561
408210338784887400
1
5
265763108295661803
22
27
3
6
174915998902195402
9
928776881569376994
319771688270496534
1
118525329130805335
4
8
417136010564914250
1
176144448034917735
7
317779314496459693
5
657402567781876009
12
1
136024137321462311
139409389142251553
8
4
6
3
127444576601051750
261551529081364721
300977321080205998
5
32
419818487343449306
6
3
6
142543154750051103
1
183428881546607916
5
8
1000000000000000001
1000000000000000001
156003870972821614
201113934177278364
1
105115486700512174
101222961538523966
123532617888153567
28
10
472572686500238061
260488559449453939
232965656739798947
10
6
361323891274249299
5
11
5
9
351535659365380588
70221402630502073
201465315890089664
170859262998602510
217866283475094817
361448781424665763
4
269291179465217164
8
11
5
213882476294702737
372320804284506224
165949263253074205
8
488098684448024670
9
1
4
648782122673005300
628191997911267832
109510465913949659
4
9
5
3
565448569554696558
275206241758532595
127849509577866634
10
8
140682649750680007
218704427361385867
885853910287332629
222992727693643238
72711545862296980
116133985041048618
126917909296688074
244644714144765756
247191134868319978
6
1
8
153460678534653800
104273473264267610
6
519754913390535046
237209286739982679
8
151878713127341455
2
4
263900699161516458
9
206583901339128919
5
333576974203899032
194438522607224872
7
3
103685387350934902
148665169021474302
11
7
4
8
3
1000000000000000000
5
8
2
929128941491041383
338224224294758769
468605035096831415
6
999999999999999994
155493464659479483
3
120829667092168148
4
250705169569810881
1
157615863585309013
264162117782428299
3
15
316682051313286399
10
320169754609374719
16
806447209018836937
7
165575882183390943
270545085780939306
343539115362251025
11
12
6
8
73930160669270857
211857873298647942
80205508719323312
1000000000000000001
26
6
4
269959969840948198
4
9
3
197871019017921226
322116454171688735
10
14
1
168130970224970068
226366927256671050
145740016301421644
17
93386671287222296
37828649042165711
4
104838413971459193
48
7
4
169802454063368902
5
150263130533675693
7
415990079408134284
294456685732932892
999999999999999998
2
4
3
8
243165530186454649
1
7
146365225636985718
311210388164712068
1
13
1
2
223784782397163690
5
8
255622279791605679
89627940529042339
106584269767730837
137139138408342811
111121235685801223
107110342529256399
7
141863025946327061
3
3
7
356528393791908301
227910850868396135
13
8
5
144151756491736606
157384365150533535
7
13
216983287313698949
8
245629251252738376
5
240053771408740947
430323776944616667
1
7
92839017646179871
8
162975419637145374
151961537774991148
820831577770785034
262668572106290789
3
717054301204317635
263029320333777149
533090051160207507
2
999999999999999993
177077460921573426
6
333756963546690617
382844729345355374
46160137763446252
195485377842579305
188148859006716297
3
5
119772011904901183
10
277358914918367027
235078304665958241
7
7
2
17
410853520251913617
15
6
73838441986798226
143385649516484486
5
122260436681813806
5
7
4
128956661418252872
4
352226084481764907
3
5
3
1
4
12
6
9
999999999999999996
8
493858056043106325
8
12
23
7
237376129733629436
243633869140399451
4
90712340845159152
7
8
133634981506385469
119814782012799098
102007898168675533
85806930047936160
6
6
652138615141832269
3
5
75012371034828735
220040604675707075
179873657933360433
12
202319695273263923
295637101338941793
2
141534465159100453
4
238485977470180582
40
7
1
3
413423849684331130
546440118786954908
3
97396943912139578
3
208252347076942385
5
56
4
136833038171834065
36
9
9
15
8
180995879237505978
22
1
999999999999999994
191743569792694593
186742763857866384
25
11
2
6
349255432969594104
201816586856096292
130305934710496103
3
591277385377502132
13
1
4
3
9
3
9
415057854179215327
4
231205092588787019
9
106372102472713485
128443918637806878
3
6
340504300341767412
134232660395665018
494800191689986659
6
290244758374604321
97243226826597587
3
14
109702974367730926
688341489714854246
5
6
488017071508437473
96368655779239260
3
4
1
231585894745732690
11
184306214633148993
4
2
7
124395450065508259
6
3
4
1
5
6
7
1
42
5
4
124177035932901312
5
414284022158601534
23
421125147034748906
5
58
5
291476560516916468
341451146405979293
999999999999999993
12
217923845567456557
18
174956434167959917
154687642887883944
3
7
220700600376823641
6
7
29
317666844761905175
282009996661041275
7
70576404807989721
152522148193672321
3
176206268654568536
9
135388296139525549
4
999999999999999994
11
6
10
4
7
4
5
5
203695578124620833
175224704399029124
2
127010664882308412
9
7
136725662249825202
5
4
1
143749539974400619
7
272623469403877843
1
4
10
862301422488319166
5
185780223375045359
264060106956367612
362263010835581585
143224926456974906
17
5
131763015273232715
149212711218209439
194109907960124792
11
74627975387835255
3
240781233951556681
7
272984643004167728
4
8
4
51107426160457796
5
8
1
3
148969237901025266
26
360425380112590331
7
7
16
7
8
7730314771704018
372573397979059816
8
48
9
7
9
174061718766322928
2
819088804729582055
10
253914432839525808
15
98091699797531371
368024504275550583
1
8
114983188735972573
9
14
6
6
2423439856493859
108443666178513786
5
281852425328676901
7
4
6
229869735667050227
5
4
255607783346011167
171418037409338452
252467988585588559
9
1
1
12
229854492002250664
6
5
2
18
678172118785139033
248520194821057627
8
16
1
115438989528295181
15
315778792803838854
6
3
10
4
194666938186641441
398047284608375717
3
127049204037824490
124546370326206253
292581294925849315
6
606079345120924951
6
999999999999999996
610838390944802306
156180174732172912
45071467260505957
355134805907265578
118690646503625030
64000749615449380
254499282891278733
1
75573437382113214
5
7
3
7
116528251496276468
520604743588527812
5
6
313463552465667592
924026605473854280
17
135696165605520125
3
12
196660017099894246
47
184575573412440765
222504730322234733
11
5
226862120424271725
145243075358943164
10
51519775652858384
193889551112481806
7
271881786986722977
5
994274491674774372
6
12
116826108394094163
9
5
22
404889866421069518
111862659448696394
78683245396124213
8
271178134158328975
20
1
221911949380389030
23
9
13
8
4
4
326344127743972526
305253704550104075
6
213605725454042497
215316144841362081
255568058420729068
3
1
105522457579270035
11
13
162211581439472644
8
478947752689729366
10
118863236822778761
13
3
9
205207413705975450
212168329922525575
5
8
256744277675008882
999999999999999993
9
203111102108294565
4
214520549628481408
305365929089955671
13
13
530057325652923306
3
999999999999999999
200631048297234430
999999999999999995
4
197151978548273135
10
2
9
259991767821602186
75115121669200860
103572817132228315
10
12
999999999999999993
298089642635509156
5
8
10
442250576626995005
8
10
5
19
189042595893509377
62394229959645465
8
1
9
14
172176881754742061
10
999999999999999996
469169228330718543
6
10
215156527495746912
11
161312833725920384
144470017491715879
12
2
4
152139049234455993
207626999831950336
9
190523292469975674
10
11
463389179849841730
396591890776483841
323402253142171907
6
185181319686937279
231015925186752892
16
485089304540170457
85061715562774137
5
2
8
12
416596182063222172
167139757652587774
174025178972264765
999999999999999999
26
336406114142286536
4
109381827327860367
2
194684164018841396
9
5
213516049426142041
444516879754847804
510439240669699323
8
1
382665252756614933
366497789483539282
5
216804607710613189
194058657317570123
4
5
658348093232689258
186616534460591261
208060793896037375
319073727227455977
8
7
10
9
275326581055749197
4
13
75630457355757774
5
5
10
180986034330899154
4
209047120722974263
171036209247447697
6
106732944421261443
138842772142083440
16
102260302610721225
13
6
277795024867963457
74970378092832489
11
736615076395714582
7
168660651666739759
8
2
136492232699791146
11
13
5
403321239090613050
101939661573252338
116066524051911230
609633606871447054
8
107760829432782655
131869749737501567
556363056440408440
18
11
7
162718070209437285
6
9
4
8
231695093469382730
282433701740201990
7
15
195789429139111097
226996895553893347
456190187326341016
136656823462466592
114771980554710040
2
7
212416716656160300
13
1
3
8
4
1
650182084086322805
1
5
7
97173888462186854
161339814963643090
125246194984929151
2
5
136355809556448062
239006979638179644
8
124717100428760393
901161786376688545
26
285051746380354204
321399655187326121
10
4
13
100725674347637901
99787788950659791
6
8
5
214396149093290279
5
13
346787093348594130
296112664573319845
6
2
9
37
857089280241046891
99811720809746855
427318086013339814
89333870146682686
6
126705082991218719
4
1
8
999999999999999995
9
3
2
178653413039930123
10
1
121131225467496103
9
7
76287453682599149
236155384496458038
299478190955407413
508219168780948448
89484407222326043
250617410594452755
1
114574022312238386
7
164367064169997114
274351541672188687
12
352786702533011865
152241388932305299
8
175203224048291883
130384330606557457
10
189146335746899593
27794178100776938
107655495585637793
5
3
1
6
1000000000000000000
6
11
178547128937594338
27
1
7
176346976520586858
6
434447144230320169
233275644223623184
3
13
7
101943354006391568
272605336275848399
6
293900406888394410
4
8
6
7
253461548831702640
3
15
19
9
9
209880372661835136
108456564418488507
8
253132442196448849
94694068410779375
6
3
3
6
268528207312539433
18
6
4
198458606878681787
313696268545149392
176772920098338101
108155614282906001
225271682199796402
280207141403918574
999999999999999999
4
138214408554593329
4
335063147902586319
185124291736223098
321448629622335587
282469055047292927
12
12
8
6
173897933691260580
16
6
218022567188328017
87553021872701489
3
203336874908829860
3
13
365245694200765288
248326865357111496
193343882001103163
134543749766104327
10
14
65351923667882865
5
395424698107804837
34
1
900028952679434947
371344334546821113
136783046695377935
207862167876685000
7
13
194255005004048910
9
183572294785814299
4
212573058959770377
5
1
235466539169016126
211090415222682846
7
8
657502179519313787
7
8
78371238193818445
211369837116593169
93266412262653517
4
217644872104547325
8
6
14
415828885247113538
18
6
7
295234137107465634
32579089751558087
12
112307732128007234
3
3
1
225765767366312619
613411519912069020
8
4
131875458892148314
108717005791474862
1000000000000000001
477380543978378930
6
18
8
6
4
270981129733831417
184567463197824792
891646723823261005
5
160834762814463093
7
87732474103355172
102980616747336324
4
13
11
331894308228275682
194947714971188949
8
744209705382469325
6
203460276924285831
151004886071647920
64429488413963023
389567638037020739
69
2
37
378749248687678192
192952764102112247
904557637508151915
246120825559333382
7
6
285693567562947984
274359315856386989
5
13
191589791365279501
8
593757511089758958
83815615781042062
222741815746543106
9
2
554641517969447101
1
4
14
6
4
4
275817372114969968
4
7
11
216452443559754310
11
249344430733516920
8
487905782383105506
150655994247246265
8
571591798861139942
200880351044577317
201045770835993588
217345661229275426
97718895274611861
22
8
8
5
4
11
517984580694578975
253172203965142034
144232195697292277
7
264975039423606030
848991661148274465
5
2
488421029466182734
12
213459054398905658
120132211394585513
4
160410461012328960
353032992266116604
216136806249427759
5
244262674583443621
7
7
7
999999999999999999
5
6
254806860775629192
7
353293962810259309
9
49404993732328686
47136374582060414
185951270357731172
4
224759748386216435
300657575830299387
221343166651900275
9
217418133539792470
102013445826231888
6
701392897232514548
3
76954226408319716
333238129394375004
2
5
169086064036805548
3
116264240557630312
6
11
9
686026974310476065
71785028320423021
89476675894935924
235658344922198228
12
394701794827356404
999999999999999992
106253108137363315
6
187298348867931231
181782043316598650
17
186837844158457387
4
96648996607579122
9
4
442358639470451506
2
149706395280146404
163480909054377774
2
5
8
4
191168244413796900
11
40758512541589838
166342341323057697
8
8
259360563982588386
7
538092694999860462
12
2
1
2
148572450763728592
15
12
4
999999999999999997
183087861190832836
7
10
8
101212249407525188
249421589512755502
4
13
9
11
107416359366178850
1
316351477795825594
222704246778704161
1
851838750323429587
980087614316796581
187180730063698842
275749439004426695
132536746443994261
96274334344793538
5
6
146122176659958661
582549750898662204
8
14
5
176121421963457512
227368612772884900
10
161956333637793686
172621302192065688
141231757104937354
190247289095903219
11
13
11
2
260726880966065465
8
4
13
260087418383971104
4
1
6
13
552355453478401873
6
4
230575088069321542
714753116546706334
156781630076513893
1
280785802086671103
182804852449751840
5
105208195193758198
7
207123812957074779
7
2
792986262780347667
13
917673081962358846
363837344014809786
3
49
6
336393243181850009
5
6
10
10
97198759403606481
183800880451095455
76041535486062776
13
142218066368445949
9
6
5
196520706897203516
344865160972292588
11
223760074634832404
138301952622851754
9
15
176684194179783679
240125040465607233
168360205950097523
7
4
1
16
218603465933765338
9
4
8
15
166187642401199275
11
213333152318597741
147796708292906513
463807835796153877
10
6
2
677874918813083728
360816714681206982
405255774266158319
9
8
184063814097694641
3
903294150055735625
163856419516496366
174062148902263394
9
645386827186851728
190274024612536311
2
140948514626641754
144392685463738383
16
378975925738044582
1
6
10
157671768804377993
108566467643811094
172889254659875647
526368982074881398
999999999999999998
101645392830172824
191065323796708010
159124490331400415
353425059857675409
8
5
4
3
1
262911807052741031
21
10
162499494805585765
12
105199906906525314
5
423061890797001535
4
5
10
10
15
171221404660300850
2
999999999999999995
4
5
999999999999999992
384248331179156362
15
193224391024592863
3
3
4
130737817126782800
272090405407359090
376838104028823115
588510307648887200
6
999999999999999997
9
2
160655460638492836
226801479785747076
11
6
1
8
3
161569215003659930
8
155587712123127159
5
141555648247435203
184669745326271976
4
3
13
193445708370407645
17
61278055066922303
8
4
11
209719538755282848
9
220817098344773151
11
303621505757866898
9
8
168082902033673574
5
5
148618028320936960
188703544741567482
94764343946877647
255676962677883393
6
6
117628493411259303
5
62
238522732367318450
152030406728309535
2
4
14
178568290175522083
197252399707993176
641291614230151913
6
9
7
8
187174112170439215
5
5
308524562933692935
97076235368931083
122699538033894163
2
7
385531286665554044
12
186549619016651792
1
235858314974391779
4
1
262144866691880191
5
186207047945189654
229074645922233509
17
80385036256187964
999999999999999994
8
3
115350983734407839
10
130709746645101976
222209033426405176
206265142968674985
7
288294151666004068
9
11
149673893702442247
202641890513662900
122464932231425824
403709435552725100
205993963306135055
145455944091410905
259012619365026520
1
4
196038339068436805
1
432044534611991132
9
14
7
236339729310959672
8
66156545093119095
7
12
158872975963903356
7
237783726223277077
254710512063808212
10
255525902612388793
34
3
232285964765125406
10
999999999999999999
1
5
174199035712600410
209380141019244695
982225426435508582
7
805426414894199017
999999999999999992
521359845318817523
50250745292418621
9
5
8
89286000565638624
1
133690952299775644
288080357044023280
130753348536069112
82464167855153061
136244940306222686
391752226909015164
319349597587881512
4
10
623577456746098553
82482107699215418
7
139290850533882219
3
6
499846628356773556
320725888139572541
12
122036062419041306
8
221561774046019359
10
3
4
11
82373802857266412
84927077060762466
337142964126588826
999999999999999996
227666580558949102
165328216779552460
19
262203860778164300
176231088211997753
1
222632252846592876
146773030188906733
5
10
713054830260888516
371069314017041440
4
6
1
455382515423832621
173792829550911973
101047101620396180
1
291973174959737238
999999999999999996
7
114787727115865142
141066002799758253
106801380587057897
7
5
10
6
6
1
6
8
13
182632387609010650
210863206739328590
205176451469886545
10
384144131912249555
197762393560995964
387527590496510431
2
152086618514859375
6
92824667438241691
7
1
1
4
5
134869796267985272
191897045341419284
122162848159672684
403817766760585951
6
13
427461074791887864
23
170707692850949693
201345479968391142
172834236734733321
375999436685383132
169978969823969500
12
12
917855048863058014
261655616202357669
440726465175150412
595550265297358514
3
17
5
6
9
100242832139312704
5
1
18
999999999999999995
7
193769970832237443
281211440047651266
104372558875066818
2
266677860863140660
190724244718983519
7
200558013734704802
19
3
5
12
17
174340652192469232
169671059397143562
372150708075934365
102708453225619889
19
171281883614858043
9
2
12
12
7
230035188233049973
10
344103255059704586
96764462492516786
352122896024425810
10
106274102454387501
132277934260584169
320714873456445054
131110274297421756
10
224161579944515337
4
7
144874118068681335
6
12
91278460864900740
182932167873980018
6
11
7
166437355370694556
378400915674557904
83971921376994487
589886794787893300
129675773199620163
225880401879029983
2
222738919999959924
31
5
6
8
402422872092556177
138302247805221831
13
15
17
7
8
217690174553064022
8
579595960886308170
788520849303107011
401636840835495594
191030582045983063
413747224765413354
10
657566977872558284
2
9
6
11
184070112103054098
6
7
1
4
1
404814999401347574
216263312217658836
257907043195346208
4
459945812040762302
138061051702214222
49
230507710146323407
169673162879993413
999999999999999997
322878988742767721
316824495795070662
8
1
7
69772361223619798
5
196965230491264851
6
10
189628121565947592
7
5
3
77651974066770949
1
1
1
7
12
6
11
571549290458409002
5
5
999999999999999999
500161388151970155
125862881214516688
222931795796373828
6
9
304297346381826864
999999999999999997
12
8
117679191175476089
7
230195904818241039
499647301724707537
160625749296775504
10
8
7
5
133267262578850585
7
188118076588935812
137048478092661140
13
13
362002768953716322
3
108117283374715845
1
172912354692763819
229187423621286498
413776011374653169
8
3
129920877466072244
97824618423370650
9
15
153822171562199560
410864749722445853
967245707998007783
19
23
5
7
7
4
3
4
1
1
829094710711356446
4
7
7
178226321380394904
10
4
216344857266231211
6
105140050198272146
149815471223178063
17
7
374286148346450400
149647182760644597
10
9
16
705236512935978589
315554495087329365
524792364916476510
1
277891447729999632
151213849160325015
119254536494124667
8
6
48020522228595700
226312247271394624
13
192694944756571538
7
11
604690096543997920
4
92267142418066203
110726702264450327
5
12
6
9
122108933952323877
216547728067525580
111324604712466065
3
7
6
8
13
545920200728865690
191635589263180636
207215968574538224
10
10
178417757107650288
202991065808604513
200757709730342071
147150937877316609
6
11
3
9
157892857336013968
7
276346907709834052
11
147260801502535089
166634077221967974
172726048284124922
6
280007268041995751
4
323446516850906312
6
10
2
5
4
8
4
122260562732240898
34
5
476608010383588753
15
17
4
1
10
7
11
2
653838430857272487
9
15
9
584405235656372971
273880192349792280
40539088112878011
84526585020935476
10
4
114716911240097757
125283592536006197
5
1
105166384557436902
406857066205855385
5
302570671728378886
217230687548954789
263468080586828794
1
5
198330653749214070
197859987007791227
217126835156254482
1
482002620759338872
6
2
88
329936468701829946
137852917001805414
145282720396752712
19
10
301712006494531104
444791770154379154
122905376608399037
10
5
26
5
134380167639154701
465177927763118211
196218927543748544
251292293873211653
110268486397926993
9
590006711635388009
1
4
8
7
3
405118534661064435
3
6
15
6
245151923510646407
251004998460976197
157068705788055388
115765031973547364
6
90397374357733346
228415223527959516
162480580181931466
8
78479683613164903
7
6
10
199682879618104000
1
198488893484738208
508022112704182080
454262780437793471
197842874439145729
1
297380951845306720
75135082111172898
4
217909383072603620
2
11
598914695333994243
4
13
13
7
3
10
151527723605943721
1
11
8
7
3
5
1000000000000000001
539416668115257816
8
190719432442153858
770856362880745843
112375376786806397
119152905563276092
261070453467461637
307510867028953861
5
456215400264894608
217241570969527848
403807713378856672
5
10
3
780399024443507832
3
6
371865565990673270
5
150635862524083495
6
24
10
1
1000000000000000001
999999999999999996
294854406360565156
4
2
7
171703132408491900
144385513361740235
8
8
999999999999999992
132246132977869711
7
7
5
117602352151275123
552219801289187356
212175420181443729
2
14
680999897842678962
6
8
104727029766104523
202994837409234984
602144235537722922
6
7
193623470846956412
211448653001052954
5
7
7
11
6
372125313192473235
3
5
16
9
3
999999999999999993
159240591345462189
1
7
344991754471373042
2
327114183667310006
5
96360058239246673
228759721124635209
90691152306360091
150921517900653527
178282767337588081
239726328155407261
999999999999999998
14
7
249780292951273023
6
7
6
500586121221925449
397880670212442683
8
190618290839803251
250187130953657244
8
5
314043434103721962
3
999999999999999998
10
6
7
403691058264542950
6
306384886791128516
2
7
282028677758829634
640872000303900216
14
4
11
431266213622388262
204663742092584362
211152655788396331
5
147177241064019719
12
5
214485528890142983
10
318428892367455344
190261818309774238
3
6
2
7
66071950881717200
307781243590805949
3
428514839375282368
186840802380517489
4
104196169990135508
3
203967686502788639
6
6
8
332470109335777638
10
9
8
1
11
5
195038151418873972
1
3
5
25
243754017820865929
94438523916195542
999999999999999996
5
136226340295492645
235748196222821459
4
12
6
332804389765195186
10
43
202678845677098904
176447067970074122
9
332257976931816333
11
103991232250866767
2
2
1000000000000000000
6
1
313155723768032383
456374735997010613
125806192894412488
3
7
1
1
157166209198322348
3
673498320143284185
352347340331127372
8
1
26312448969804892
233015076949672547
159981717215998384
12
15
14
22
1
104219804228521318
14
891009378924221258
1
2
11
268029216501869517
6
236590746162968742
8
480904266834665349
5
41
3
437063596613755304
100509716051936099
344727880955662716
6
7
243217647475434728
14
2
252279007157107856
14
30
324391821425465716
114042782684531631
118533721282315915
170425789071798118
190618358061993015
12
5
158126093399354289
389377718647229184
16
148908781453820805
5
121978570921911573
15
134186063528214967
291753105558618325
4
2
127257767351253212
1
5
410616364797402798
5
8
20
403875220853612255
1
13
18
13
11
5
184801581173533554
12
7
1000000000000000001
235657241813215374
97404156946824682
8
72849201642200547
248381872724598838
206440926606809704
7
5
371199159100187436
145020636902729376
5
173408992739329269
5
11
20
3
5
98616622964022638
9
473824480264396809
7
6
8
449817348038430623
5
13
15
187408432488710605
360385465750547576
7
343941498679951923
4
13
9
8
142444339687415553
12
92139674716707860
372110642858688058
1
865565940445323195
541454470315118999
261028721780972017
16
1
7
4
247356345463056901
359443917777575267
156592238351645315
2
101163182569898657
167159624417862048
197768150539056093
286560166373479226
10
82638686387638996
65256649010393479
10
11
7
7
12
7
159648791607400120
79562939841958371
94984363903098205
3
9483197466173847
673688124952569530
162497406247704121
3
315313690218896354
122146701477108624
2
5
4
5
6
11
3
2
9
6
3
117555860189044967
12
238152868282839381
3
539224694153068710
131004797890182898
5
4
141388199186267614
4
210568007718358772
124751934196730081
222337111178060913
999999999999999994
9
12
386369549472609255
5
120297971633007149
5
999999999999999996
12
223308572074000866
5
3
3
5
456409698246884312
8
14
4
139137962315645057
10
377517201211662012
6
14
10
11
3
224055960147957568
4
3
56
174251497968569783
399643550419489210
12
7
11
248980199634341648
4
104397062185531943
6
9
465860099970752266
11
266377828143229327
268899022796983608
1
14
15
6
7
248671704446781036
108152735749560487
1
249358019210814527
155667553306292748
13
999999999999999999
183123022584932891
1
227257131217290202
9
6
351670004702312763
238419670756310344
18
340174063119777500
414654217206505781
12
29
97924152785467627
6
18
148764235849383895
73011909433696871
114749474072180153
110372773783790403
333911667471180052
12
8
9
12
40313937847017537
4
5
13
4
4
305925137947407439
1
7
206272217915225095
5
9
7
267269383795811973
4
6
7
5
152647523504401293
4
200658648897613060
124724548020162850
258207550924177083
7
9
1
8
5
139895951694878380
181565070496921568
8
7
935755370199169500
176589919623510761
123108390750600527
143984543595318605
141913734279103971
143414109288175003
7
110979094922310406
157605692101680020
10
19
301068142717556155
20
168593572783735632
16
6
10
252679916366239478
230378811551618736
7
217571249535393847
412429130527370741
10
13
6
5
7
5
4
2
3
4
37374490734108045
443241102266442487
6
7
308640447254924886
13
8
424004110444622353
4
14
1
4
5
91297733529356677
2
107835145259986527
2
5
11
10
6
295298768418800723
285241712974086781
323508789256019852
1000000000000000001
388760281697361973
7
127777173358623319
10
999999999999999996
10
225010622939630897
445993010321628099
529001519878738882
168936749282999433
430090617666966548
6
148926932167580898
2
27
8
219131228314174310
1
6
240031539095747238
134789495250221022
6
11
201193028469231212
202346249436064076
241754789391427419
137575816657003056
121842501029663853
120216012602968620
3
201025554055889355
7
14
217526585879635311
25
3
35
260417201753680391
52222602632144723
14
98957577508270310
5
8
3
146893917126632584
11
5
222688043445523488
1
8
8
8
43448659838536251
6
48305506222272498
188155387015299906
1
10
9
5
2
304602725931028050
154671578515002260
212118745700374342
318157891634843078
17
5
10
146868325944313606
11
10
7
227789036913975683
26
9
196647571968348036
4
126083585838246484
320286138174787742
160068321670024561
124615531383023269
1
7
5
726467599413916315
4
19
7
6
765384159865919504
13
1
6
8
999999999999999995
11
101179278972075263
50684855726588004
485876623932949342
340870227260575470
11
8
139119232728571819
457036034521305693
288979419206342220
8
7
6
13
372442388492629315
999999999999999999
4
71774954220832794
999999999999999995
154478148858100989
7
7
6
96561365100396616
200817357510790912
15
44208221211731935
999999999999999997
108607237660567957
999999999999999992
10
4
14
4
671962166314918278
999999999999999993
5
1
163227977828852420
11
8
1
102642585553944877
9
159158252168663350
12
268998533535060332
108233619949273285
226662830775963259
5
7
7
26695798513303575
6
12
9
8
13
215657614838783477
287423304095980432
9
3
362341353052715270
49
999999999999999999
3
5
3
160119290081708054
92674080309412668
457186590358437031
212410335280893028
275728025381123332
507721771265546029
93793411324589397
109391424322480920
238072367681602535
6
1
193655706854975557
120396047206787236
13
4
5
381316976425514685
1
999999999999999992
202953331517353287
7
261930852006812500
139327059797533071
393859037353866467
290068601673646613
20
302632274899619233
99716696733935474
157777919078834827
4
383460421105465915
271845164027307622
6
97742634096310391
202259350446098049
101566762193199425
4
4
6
9
210857194657123643
95731876359466543
8
4
148107965094284844
5
9
156149323655357296
2
5
315109562506224610
4
1
11
1
8
4
5
7
1
8
2
236157958709720281
9
6
156314030612478125
4
5
149916617008871748
3
341735645132982717
180495750395447370
222209361019479631
3
161414786468534459
203984631159931099
138345493125837056
377405812716928450
6
298270028831935598
262633668705083914
146102615834706516
6
1
5
9
221394143504523878
368490547540721180
156972597849232488
9
11
10
8
279904864101431362
144921825091647048
8
4
1
13
1
8
203251298177754398
8
3
2
8
5
999999999999999996
4
239337047843399196
7
5
398931728676045980
14
8
1
166832012460230199
234272955359536708
1
16
9
106302692728080536
93
9
238227148391625519
211156743051809516
262778452156623373
162041474574470786
139400555260490436
478215627932128443
544757113657578186
2
292747301085102536
156228767615587484
11
121575301282335437
1
2
10
221757854004411135
1
162287039841270127
4
9
153113160564699071
189658045342508417
5
7
7
3
9
11
13
231766452414287005
1000000000000000000
225304792185748957
141990881646721887
10
8
3
5
8
1
1
238393922290939464
288428359387421449
999999999999999994
5
19
164698788477366836
410424777928291833
169972497581762981
444558807771405229
4
7
147137637764662322
62765370880880651
11
6
390881310754596079
143878323410349701
11
174766714618142725
1
3
193001396771781101
999999999999999997
8
547864883727701827
222386034689890107
4
304460535007894217
133277935129202701
135892808533723104
280439382324253341
145647232445068659
7
4
8
5
381964202985926786
3
15
999999999999999995
6
129233294010261067
198727625413838397
1000000000000000001
99953017375044284
476551784833583375
6
315170074392300799
137275031263578946
4
462040556020262363
9
286801018727447578
13
8
17
9
123601498517722136
14
49
6
91454785140994715
10
211843308465206131
136129936289069066
11
3
17
13
730845807480672589
6
445034098744050800
8
10
171950677132733119
4
449621375878805097
3
10
251463344533656794
167128468924313860
236973072657390289
7
452984358402502176
215260380393887378
105389510165344761
89721267754234517
9
172439704286893808
374079163849704864
370647434377896089
2
129972636281843417
474956300300451621
522858459542805812
568390153086364326
805027796796325406
448479651408434997
6
384272434822054002
7
8
201408786398622626
494976178922523683
13
431125045430334269
6
172461596692585708
135872629969918217
37513764899900014
810282245401970555
6
199331955417933760
7
30
12
6
7
9
166834782261186467
8
98928845419312249
1
8
158895502511342281
616941563804771282
8
227271568945717763
187086985368108619
6
98503576867029639
25
475771290173901013
10
2
11
8
9
104408698955500061
7
5
5
522749129484601051
88738700427506965
10
14
8
10
8
256782061169838618
9
3
4
726972883307838784
1
13
3
338910613156251578
397862620178337870
9
7
9
140269549218999692
8
579687471190950602
9
86141724974503563
220641489690972438
253165323404194508
210972567847950423
6
2
999999999999999995
648354630124200870
12
11
11
1000000000000000000
241135716187712773
8
131920312803120259
4
186498067111157159
246429417952348521
7
14
7
5
367407786529816096
5
8
3
8
74000850410153710
206246472585029671
8327882504194397
19
6
119927899889316956
1
278793078037064436
64243388381818495
5
2
12
9
125897544450094531
6
7
3
2
8
13
151331831281328772
7
9
184626022191849607
11
382256394524259006
36
238006144282956249
11
210680434597646565
7
22
4
231848169170909724
338588644791527626
5
7
96623914054293201
8
11
55699793727782831
514683942829124538
194120992966674179
404852380684065628
6
237270380050373628
279657642143742147
183270223374209811
9
16
200694801032856105
8
13
84495953953890488
223168717168482490
177385409993950459
155864802490796134
252535916993134342
12
7
3
6
5
191299302892792842
136061256065930987
1
6
3
10
419007578784801481
4
3
791291666296670417
239381845947506122
157658164843411816
7
6
7
7
10
999999999999999997
7
178634687450131166
114708583157767664
203150223961653310
410136978533496240
1
5
22
90781971693693245
10
999999999999999996
1
111906349069773144
8
235969654928014613
4
360175138846686198
154909832856523998
1
379331692622544270
1
4
10
654917906405373115
187976910092822547
7
10
123810395211044039
7
823904206927780521
280385005846154475
38139533213854709
3
126242173030288824
692192484261852131
334371132901621377
3
89049802891159088
11
5
5
174121710928696680
230547436060047968
999999999999999992
26
9
10
7
533033800252180749
116068516902207106
6
74615219750999618
221296829796694091
109401780877277625
5
522423357018968406
1
131624291958307191
36
19
124226496885174044
7
7966709089322809
333708081721918361
4
87
8
5
72961224633258060
6
116964977637580614
10
204012006582519872
214563826341726747
334880638989150705
1
3
5
219115750091453598
626628407053332702
308387775161099928
244971294296887132
4
7
11
125398973517763838
493026269873901133
9
113733084356976263
10
8
7
5
345663890002989940
253493388563234490
161299279395315978
83820881855452862
199261834421840515
354795075053650262
178468602448964088
256216527439280394
263675455769460381
22
14
8
4
781084834621573233
7
218240640544194612
105601049461103576
181024814943089354
999999999999999996
7
288600276668151417
176457830084828876
457073623174980640
3
999999999999999992
12
6
6
6
116380879986014406
484239198037277448
6
2
8
7
5
4
11
3
9
519138546660047106
680282219011162368
1
90313228858674893
82913802905417013
4
265437565791794217
145600707895275700
211116375961055714
361067864558565890
1
77038269886373915
152408969128280759
8
137909565396775249
9
210845757959887386
4
206724368394129497
16
345251597327459000
179123684334451829
11
14
395234111098666476
231864181123517330
402815406897629157
3
13
10
12
146608610283202474
469863804258917889
1
7
195878239594597210
1000000000000000000
207254254815005631
13
16
662414865643470915
7
225566171787673391
7
5
327842403542020173
6
138761646640430319
11
5
7
5
8
7
258118055451122964
121922971008935247
164384793324854185
225856887367018672
1
159513864918647309
354791661800229171
277519587792232752
375174159621816669
12
7
95850999858526415
8
143816814957026674
12
94428283333534849
124218293138846299
457556951455201158
14
252411055419072339
999999999999999997
4
373524778650485487
207861078098969212
9
5
193758244351244037
162089331779964976
199739175887465790
5
225158829755935321
350628672190758008
10
1
9
11
7
399455541534756985
201592193632564769
7
4
5
213703798449837444
376751516794142339
172359666419043822
1
120511101222306620
856379780631638179
119043720566770958
5
7
131063137694862122
10
276409524432391463
120522074594975241
1
4
282702767159897410
337906450867950535
999999999999999992
9
4
6
6
3
6
91833230907901907
3
652295652842698398
33545644932166660
296027356388224832
5
6
6
309507836210686307
205140659506152841
213892647033832712
11
999999999999999997
1
254042899712596183
759674437916967576
448106874603751896
110282421615550392
244192816585120432
273259224248639545
12
5
8
180281849807367004
1
7
154549367024201327
5
3
1
12
3
9
10
72885281777566549
180721928476261568
293106483964569093
109153821758786053
5
104372542707717527
7
253077958503398772
122060411654945918
3
5
4
121001127382598787
10
4
8
5
224702456632519275
304952283253737427
87382920540222944
3
10
999999999999999998
18
6
4
3
7
178800401980219317
5
9
497403257516025389
12
89982272783172140
230566609669000881
126707987073982301
288165524541686941
2
15
200624598702962369
308992524368623199
4
20
2
9
9
174923680845504390
113313487791720025
11
5
112845234624577425
418686807450193411
13
5
135176188192103437
153051560999029910
7
22
326566429658107271
132552314414192014
7
7
229994407170082005
172166698686990056
9
193962428514489752
31142099738471485
7
292615658920905750
103735886441222601
538602201331287930
12
114442534451415296
11
6
7
218291052065116989
3
147255067763122273
70226397406505338
5
142479740933314575
297648946640854476
7
50789242591178969
456253887286012923
481512990068277649
576265409036725381
23
148057843754726645
4
585876731858483229
181325483964936801
165996305654239231
7
11
10
3
193173333314082626
37882602233845633
18
6
7
300477864130916780
12
10
367775745618836035
534469885209496192
6
12
119174870681499164
5
6
6
6
6
142181400500952595
427726451448443501
8
379385568230783864
13
428330290648147554
3
205043009830378852
10
58218332257564354
5
186019814600674823
357926974850515561
459218010368761460
8
409285799266015549
504532861741756140
12
119715329227489221
5
1
390008808549858197
8
816514904184457652
1
146261813186910484
294279273838495861
127204090635138440
1
11
43
583254589195146812
122921514250526458
6
4
309643185102525881
9
324493583013712119
900764310614164864
149299934607670111
1
8
6
53058171819521055
4
6
347690764768504970
1
9
143682968115910982
84761413551842236
24
10
6
108768959662405303
9
11
31
7
2
7
132960305877089445
207393558448872998
47841405788072685
316456641914623385
29
386039574146536896
294890824101262023
11
5
1
999999999999999995
117359894558327743
185929422424662547
226402257759024473
8
72
108210732895333687
8
79202516612965532
179500017259213745
10
1
7
6
17
168431095692680813
1
850871725534612985
2
238032693292069156
4
1
6
5
8
188840633894386263
1
729184767086473118
184844851381801227
244708911567577985
7
127563790628597109
9
7
162336241345783474
1
999999999999999993
11
164313227752707874
94636839489819444
6
7
127850558294486838
103587841204000641
252875717764775842
100324606818640594
509780443537374000
18
101883726685348065
18
8
4
3
5
4
337529609512612326
16
12
4
181056992474133379
301440811630481355
149175553780200401
170778787229225940
248990196213328202
551781666050972630
5
4
12
6
3
18
5766598894062764
249608404146617472
8
11
284717427195430304
284603714579064053
8
407245927030206361
103351455091430338
10
37
81883877784461005
7
321339631918713217
999999999999999998
1
5
1
205412794348998489
1
6
207769021982028292
6
1000000000000000000
289296186325335378
10
186152434029296174
3
13
5
181963181716709686
345334712435205976
6
269417728965136861
12
410897488897712402
999999999999999997
240242235810998962
8
7
5
6
333684484196029152
174386960959431137
9
117038933308602522
10
156078268443896791
32635430713098888
118283903122431585
446504695880546456
130413454743847915
5
576486986350686348
1
7
1
127966962271748526
10
9
191228269304857880
735798902109156755
195685762936927572
107590087428455059
8
5
10
230948176243000229
14
9
12
7
5
320357367542606062
212827818386126337
1
16
158488044742256770
4
327402857316505582
148183728136546220
96761966753617389
9
3
5
7
625056525374284297
4
18487635452431227
139068159231466625
331162664645995430
44526867369983546
8
1
6
192952186974738117
98525637897493737
114694232728345032
3
9
12
102909216883995886
309651890200625151
155462735297733316
5
122091805168307435
9
16
6
6
230644976148243225
5
82087086259895719
2
113146309351859423
136177253159821048
3
100097433911002413
9
12
32
5
8
26
179250187946150937
299181280391182518
9
2
303786690334971620
11
4
8
4
8
6
14
85375607556245536
8
206836651549660537
10
12
7
181286462689444379
182677157972369340
121997539297296739
7
249071554496768841
13
266509134811702078
307843598676440251
213707323736959627
91516661620723983
7
156077602723252833
306501257439780447
8
10
349508758265818654
125278222878809713
296525549889947341
529676568349944259
164691011183476450
8
8
4
1
82270208364897304
271950186796285440
363264013695868449
7
97125814607389277
350977957271122197
237214539249975052
170970003087748511
15
9
6
9
377832510057337099
78875428750838324
1
4
8
2
838200331734117684
12
989273396076301885
192319970652531313
79027995417682947
7
468434825128707852
136005325583650204
323795585626775837
4
284145610819133571
104103072108858982
97725824570715902
2
12
34986717802667844
217250710211975338
340057072044841578
4
378344089606085562
6
1
1
133651549191367675
7
95755289101871368
278162739920977523
7
189056258969991728
160313286893115419
3
1000000000000000001
2
147537471922142768
287657663436915438
230605859525144835
108464374232517346
5
22
121012256281842403
18
328758279517497476
4
3
5
160640559771151845
341625515866630573
12
10
36
14
11
263111888206683019
1
765823146761747934
9
1
7
135481655079501650
3
118608348260960199
347358349656542815
160162582605611798
9
6
999999999999999996
126929688260223876
32
1
8
407137254888811474
202381507198316914
99549792840952355
559877558671099845
5
193896731357058844
6
141499145841661356
1
114591830425043910
245979265545979884
5
248499216395919824
2
8
309227006880135443
12
287224779521394061
14
1
236320166031932848
1
12
3
145462640813540309
11
3
435576871504753211
17
108625778996096826
6
16
562746993011123858
9
7
14
13
10
11
98214919000001234
1
89179151761413879
10
5
7
108529990196092172
140746236767500371
5
1
9
8
330418824946886822
353891775805662671
238979320354014772
106303123508602486
1
186233313337859353
205053909475480260
201277993946316519
171081709745951198
24
310395196651286853
7
229743032694183166
15
10
470832111318370429
109344934804657508
295986612329055780
7
4
12
999999999999999998
268279523481231371
1
8
257655231771962716
14
504077308172883744
10
3
216707041631704795
999999999999999995
180570194631408766
879910726666902749
186347501338528272
170428895867431353
14
4
113877880806003560
473878940682937463
230583588452694531
5
96778024608489771
7
239967260288670979
90578687552409181
999999999999999998
157838822191862753
11
521555334248005810
114361722696502683
7
76497402076944737
118385194309801596
1
2
4
1
4
203392010541305283
5
10
377193155740823497
16
58438900535157056
12
1
160791015048719127
77248878118464373
97084003533598483
8
9
19
7
141964154427440973
85973092589862371
9
122131368761489186
160420082114958277
10
11
5
8
1
10
13
230530471722884261
4
1
7
17
3
7
141532098194206988
4
96149233106596261
754177805303589487
5
7
565831039828524836
76016732359690418
6
5
412666623724853589
1
4
8
293162250391799073
622016355375495202
10
7
14
313373024843523982
7
185704435451397457
4
108299733074022582
137459212758605093
731871087828238536
9
12
808439973158448416
259640041828044921
622303129833736471
67322970293623475
6
3
3
414937872796370271
79
214216526561685788
7
5
6
299505751086376372
8
7
244813875378031749
110606593767795167
243208948782739413
1
6
23
376981356334193467
403772298571577130
5
5
243084478053782882
11
579959948509905804
19
4
187369908454945308
6
3
419932364336025221
91259545081671846
267715275458879185
223438838351470220
123136789912372616
7
33
495814549526751739
125307862080704180
246692435865241619
14
11
8
332098417000490333
9
515634590493589834
134046070034876042
318508310744322483
12
246059264931155399
305373624488452436
4
246147805599876350
11
1
5
12
5
205535418546065425
15
5
116609195600700635
127826614290072109
4
13
196610584891158817
9
203174030910778974
3
4
6
999999999999999992
132679752242555759
4
6
212228462584013334
8
146788648165948769
7
4
7
229703718550020437
480616450925454249
10
75529346911185609
15
3
1
263150839820906437
8
1
367818240354471790
8
159538296500158821
153294278859005330
7
140979102964004200
13
12
447668887369372151
4
436265870603693376
251699314671662657
445657660189473140
4
1
180806052379317684
135711793257328205
14
6
659349351379271009
10
228119171104191912
1
1
3
872857774117537828
4
125169976049637873
530166460733892081
7
345314164140141074
999999999999999992
4
9
1
10
337131109364394184
4
439959335510719097
9
3
6
220430137485674335
13
594244353215516734
195581395815042055
190317466130267531
1
3
7
134971215115537456
7
159875256875390431
6
713680531566114183
7
7
12
249888600892276135
173135486665892403
26608584795399538
13
111038569385042126
290275971444267617
537521886604637187
10
10
150065140589519103
8
4
1
13
34
388891031480685718
233830973546864137
6
960236348508835349
4
191259258193276785
8
558773052331354100
11
8
7
8
1
93561438406423853
6
129687313982324113
1
7
5
1
2
9
129640739567494205
91166175048023483
8
1
8
5
263741699036220422
9
15
10
270462455079542828
6
174212842240098535
9
149221222724687359
3
3
154075862829407773
333237581027316512
184841996941399741
7
9
241567772122727798
166762565631299276
6
11
502563067842438890
4
8
10
315405236169223631
11
6
132448854918043391
5
300094661437049610
209293210108477745
311928816853161698
8
2
8
213657996357241542
964716168329638054
64
8
178708356728031991
6
8
7
1
6
143509803834066149
190004955798835984
4
6
11
10
7
6
138304410981235337
5
112235048640793408
127623484409486866
75400754777235947
10
19
11
2
15
5
4
31
2
11
203368997657479007
11
7
14
6
8
999999999999999994
168909988022745634
5
917022994976913157
999999999999999995
13
5
195289717197882609
9
9
97513261316672440
7
906028984186380083
21
3
6
11
8
36
3
7
210912769139917047
5
73786956164577138
999999999999999993
95466711801514507
10
205490957921533302
4
152629273673365566
999999999999999993
234460932005116633
8
102916704354266201
286806421971452998
115784953128527667
607158683231837757
7
2
4
808599938234173167
9
28
5
33953359883058679
237038098993845391
3
53606398138500690
135179292185699681
32
9
50
2
2
135576810420417606
440079827170008862
31
99680435503164110
8
15
145736625174531981
14
4
315169181167289538
13
248378022467116431
8
147755245919065739
211711234634927746
476242933822083762
113096495189258679
1
415304129588913360
106407326017482894
7
1
7
175386959511090125
146500982995182112
5
234974383434712806
23
574083213017725064
193631479841822286
999999999999999995
175711880469704244
9
8
260748143621341940
106977582534099837
152761806446729109
1
3
1
1000000000000000000
2
6
441370178141869855
189982326565990058
9
18
8
8
9
73214002596266081
363278572217937049
200561445152777925
136475776413581713
10
464955740860277493
512546525802789316
251975550205010803
19
314088366075962405
241447245685056341
236772710860872409
4
106437045232029440
76659661717486645
248644679108499500
7
144839877036495940
8
118344592886623898
9
112883170790840968
1000000000000000001
4
212570560354498854
12
256412074181063766
5
498067213853670901
163575255537371151
325637814901997382
4
250463770577003089
5
2
5
200616429264457445
9
6
1
212755738373132189
4
181969252811115261
200657905585667221
1
8
99558351633999507
6
8
522220394346839444
12
5
328625974867491459
12
202994029386109533
283622070278912056
2
195185164753272958
6
8
388213204364559502
309662908104500283
4
13
7
142216599139098928
67042181609580558
2
4
149668529113573697
5
4
129795343946397961
316030899525438906
1
147465524682240063
3
194018530070316714
182259414687474118
1
4
1
7
259587716713162681
5
147905496906223518
6
13
122267900127543339
106564701599212405
1
6
536881136407283253
1
886581955075304335
11
4
5
145481776800733715
6
6
674982930449837465
6
10
8
24
11
12
4
8
9
410257970984335184
6
13
243202466658265663
2
7
415416091444994210
6
10
325656116390122282
76672190013211141
6
220855108677363606
139422830383079971
218638552772996220
7
8
137718770863906858
138215024223859774
1
9
279031762546129434
4
9
1
4
118638958989708204
193159926793298808
7
226090445772538184
107403141484764662
278517109741258072
17
14
107901518838838224
161909221441216975
8
12
9
11
99802028989387770
175216212251718038
15
477645608290968195
219431190955308541
96650985579136531
7
20
3
6
23
232867931557815309
125711996759396635
354863787070911090
130146039593269897
301645520384326473
5
238136266652935344
999999999999999993
8
5
7
10
125251959185748809
9
2
4
176522424641187817
185741067597483043
245178997173226965
223440307683597104
355759846359504939
94644268054774669
3
13
227472860871768114
11
5
4
325304164832152147
125673642704149696
6
301479496406990488
6
15
157076257132706401
321957324464839348
192652066318347705
10
15
17
799839916872490233
70
8
165293632213376455
2
3
111497198134910703
6
195668461695016519
1
300479917513180240
54
200798521619850821
3
207961865121109031
534638876323001477
8
188643189962764185
9
186622832847453920
8
357587722815566245
148485724147898744
466134368358909848
61
757494117508807389
13
9
4
221894349239066107
1
10
4
122149695359806324
15
31
487429609105103122
7
306938791036166850
445091660313089103
625550188702076172
683016497846835389
2
15
8
476137525151311586
11
166373886415244527
153595845037011975
7
112079753664416665
513154538479246504
561961778081863927
168400339124484345
12
8
5
10
1
10
8
95541167573906663
9
12
109353014628979159
142453960067906065
5
496514358636542606
125271651862479394
640656846723681759
166025823113048817
142812240068625063
54361288802765601
445249275109361844
195904175795401214
6
234612430793851424
8
27
306102510935165008
11
512199976152328667
9
160262676571042068
281553923654318460
14
124161125933220116
4
7
8
7
919513496820620225
