1000000000000000001
783
24
112596512417288
198431776234666
121134227578783
879
663
118824385796920
21
7
9
5
13
5
192106068227969615
492426978015178181
10
325365945398984632
413989874058745721
780811134620521257
290330674552287506
3
3
6
4
3
731753117883015641
14
5
7
999999999999999994
6
5
10
406832759727703733
999999999999999992
8
6
329000504332081327
3
154966645734084219
8
2
7
320037940197965466
9
428083975349069024
233337723270579792
106000910365685802
12
318689000417923962
14
8
27
1
163448269567257574
1
52
25
4
9
402879116913508159
53627869646084777
8
5
151894709202313504
1
876286562441785512
10
5
13
87636794704840800
115861444786523851
362468759718647085
143754796876215872
7
12
181361065079740184
98073072035757733
158353134105045813
373979538689897307
11
13
4
9
724683999624440037
1
407499002225873489
24
141890023385087649
169241770166484571
752068022067705338
1
98126213011142006
6
4
9
230576692851020524
30
14
6
99065285133582637
228583616514955764
8
8
11
1000000000000000001
8
3
24
14
9
6
5
7
8
943088473116325802
184962247206057321
1
290229463951175399
9
19
193818437350485038
999999999999999993
46944213326301211
53
9
167058736192633048
4
8
10
3
97006116592047705
1
224634885998943107
250731880137029669
106931169602084033
5
98802412797474571
447522839584731968
7
158088860246260926
5
97373404322767468
99260503682944684
73285969398547073
1
2
4
6
1
8
4
187442381311335601
422190057407591353
5
192072216424633200
109257338709394766
168590955191156399
5
1
142067437113617325
351745768397910956
138142885867607370
9
10
8
8
12
4
8
1
3
20
6
231605966633314853
13
395961328609366241
7
8
1000000000000000000
5
92185786566275380
191187986074551841
2
7
5
78549541439443113
102154953771301381
340114485109800127
144738218408756495
49
10
200926440028709126
141826590770174477
143691943812116928
217770369128642859
9
162877426838264022
119725452922920526
884517315780873346
10
161203431616360433
162363675712439942
160188901247029020
3
12
88
215965694129098469
185802976457718727
299799536242484937
457732794198820270
1
149652623480070637
4
476486372148201421
8
4
214151709472753305
15
211255865948459246
6
313250553405489330
6
12
7
3
146789037514175179
10
7
3
6
797917241003857387
60396242460439322
12
14
12
11
42435985349305574
9
446015725258625579
21
596071870915437370
208189670645206798
8
10
6
245601724693501473
999999999999999995
498915672460429226
7
9
234238829592605568
12
5
5
137741674020142527
402796094393411852
280932929844978350
42149237542366805
45084330310624273
1000000000000000001
117433581625255927
1
3
999999999999999995
10
75014151690177771
9
24
1
6
9
285476974676640898
413757121144375220
453439211713848136
12
5
3
13
10
2
102797211764189501
104173240638867183
416334503319413818
142468116877142399
6
72655470539081888
11
297565239799776106
7
3
8
5
220007262731859198
550941270267967442
125818790152935993
222767183521968452
219759302899771088
9
428527229791549793
75456037022374332
514404873158647805
1
6
7
17
1
8
430483944521462511
240096641821904622
274441376351906396
22
8
84649669360662350
21
9
196491772864724743
8
18
5
150437191286357884
183217617619296205
6
201721998423249768
119786419076605987
6
119814077653499810
5
8
10
175267353408594075
7
3
79953765649512914
132685590229679704
725207013173677993
204369199154175132
4
308338015031632023
1
494499750840812843
3
17
6
267031983214239684
276101858521337619
463806600712739883
277055271336226811
316216390915274934
7
19
314012372768538733
6
155398342031087722
8
291068386727931745
220012010154153618
999999999999999995
203822469421402394
132562793750300858
9
10
3
11
162634852861954001
11
220078659908558276
7
139634413738420483
11
9
1
7
277401611773004020
1000000000000000000
170700400693555686
7
5
667307576346678945
154059943965459866
167453417403365031
7
7
140208773265011689
321608717016443816
161938623637965697
129732524102091748
137723479063255679
15
18
359595299077474034
557465537341380040
239335832338194792
112298468841375494
8
190614478439581855
92878889121422998
418896883399060934
11
8
309091005581744108
15
6
173688156040083618
6
174535748091934942
70977265884903141
6
8
273391590679862485
12
6
175370764752263265
7
12
241241584166369033
7
8
1
14
437376105171452899
441375644528634492
444252830207935273
108201151279377374
166155938729147726
9
2
268072700641792942
4
405544961685952015
201209236335715919
57
5
437511561930673542
6
205189302512627916
7
134817180810603484
9
81869971194838620
2
1
7
429694342546948857
4
10
8
119107963645116272
6
8
6
8
1
14
25
211461125140434438
8
23
10
11
541826891286079547
5
159211885722009012
6
122208661685715380
694540660756965546
316114358135181776
170503404137082705
278956330106588841
260798987088980936
7
7
115493145733736181
214819025394511628
9
151627165261482625
123646276901112719
999999999999999997
259401540168910605
330145579151162677
7
123371675886815495
4
151362341004252731
5
8
38
277921327787272411
3
9
191882638339627447
1
14
175902000498032328
574828311232955377
134128059570915961
312228694479626184
97875299471868161
279474413484622064
118312880864178516
264799344012855565
7
211773310083249461
245483240689567343
11
8
17
364114576947651799
205986927968852840
157011539443297291
10
5
145261939251078756
6
23
2
467644709889360099
18
7
7
246305322279659254
155341838855286386
5
104612627434672150
152792277039101052
245838212499875558
231045695133264941
809338503495411866
10
41
3
6
3
5
11
336036476482602999
167815052532334371
6
11
849233046567858923
478149884450764695
15
351116126701289463
184674313822412663
11
4
9
81075463961959621
13
5
278939884575875379
7
130223991051664395
10
152967930310079262
9
11
166652538360507468
7
168500730692813601
308141065127962860
999999999999999995
7
6
572514187092512582
141164397500453895
180334089379346231
10
3
11
5
144631501551516180
208280778576072444
113525901724604168
729021245576849300
398109176120824374
298973250094608119
87039704731225948
122830147169814122
20
10
6
1
4
6
6
82509343829415963
155238268038347505
6
159323982739715823
5
146622158197660450
3
9
30
846850986525740464
8
607312569812345607
6
117893924125462670
912559675982383209
11
55803736008794971
871011978072744021
209465968426244803
361406402067205498
244727657506690246
133884886204036233
191580997367924256
8
107832058259115440
309635361519770244
220260738953258333
5
165106315790274327
149588030669054408
6
7
523224626200999696
310426260210670819
8
10
49
179007351458322415
495969197521528147
8
263354008800461834
8
53884951170714378
12
152828400362791703
153042234422396685
999999999999999998
3
9
10
541061372064431010
169990224720916061
182532181341709920
610359635651249161
179994833497897391
229175330267556757
410129648809311819
187332936793347124
6
477744497796495922
251599046179364797
9
13
290936605647561547
225727836237203158
328574283194989412
107024325116657926
455003563508070569
275104612031129661
7089066387249165
28
314407979812700559
4
195548262172967936
15
167551569888905778
240670943037292336
4
329482429699428903
6
17
4
153922686857381048
107255845241301847
435030852347303305
68402008119136448
383449039252445455
3
11
1
128895159723079090
12
3
7
11
160677898601885178
6
286470528983260896
6
9
5
6
163500687671844213
273901919709061051
313421972367676656
17
263906980193527908
10
1000000000000000001
128970508026459493
3
179852485368387376
204295149131340327
182043892444885981
101568325335311604
3
527045764792592709
6
726443998854442961
4
5
265538738882506018
859531112466522777
4
13
116848280454004583
64493255463694447
121518272229772490
236875028152483494
548370655451576190
27
13
3
7
8
95430770633820424
2
8
116342194706708921
191681813992357655
999999999999999996
79976400878485661
166227645117591538
5
1
185377982484726484
5
999999999999999997
8
7
286269582690822162
145598383736616087
185944771154499935
122785010492209231
2
7
12
240788301378563430
888477710476590090
14
6
7
2
4
11
2
5
9
7
10
7
6
149922942576423668
239714064854656624
121053903552667618
566508773887317382
371853426319428315
376873975511077705
349738445732610529
20
499353290638865366
1
179321656156811171
387411284977916311
451263047392860650
8
1
163535877734256683
276707011194828011
1
6
11
8
6
11
2
1
425639664318703742
5
7
7
400691786848314390
4
155937605727477267
6
4
193009425455705918
9
8
335500401324002564
4
5
161633441184053517
5
13
5
10
8
2
292276137936050565
14
7
3
8
12
116474765203681211
17
4
73391644569872079
305832676167545443
8
5
5
6
85469185189110185
7
192141860164478814
149729810247673645
8
999999999999999998
7
3
8
10
80609695674264311
8
463925467999638704
1
347885555556933441
177952894019914448
4
262167150141516699
164978913500720632
357106350371960908
4
12
209926651256358054
122020915860371780
85813179516558593
6
340599700055186586
106527461380797337
5
323178402050005062
565776508295692370
7
6
11
92285702280566304
7
2
140653985763542890
51
637767622206071883
3
142725137358020281
343014831167328992
18
6
244438934084477975
8
6
6
6
6
9
10
12
5
999999999999999995
6
5
7
999999999999999994
3
665973578890794191
408346836580342727
162564770051749614
452734458588018675
193901804530442042
233954446983225275
14
227200021423971456
181496434711059115
243404864394880555
472753053636733980
2
6
178375238797923371
6
458335516536761519
102905527278420318
162454791763424426
344059973845165750
140161585416995367
9
6
8
208890864635694757
11
1000000000000000000
7
1
11
132013005274203932
999999999999999994
9
10
1
8
1
241861152286419793
8
7
622735619158732426
120982440324383256
294374183082858673
208077731069820811
375092888723614473
3
4
116343218695481615
218312223867559236
74144761116728533
1000000000000000001
5
95320279600523363
13
394889595863659901
243940666184377207
522434640010637261
302379041287973118
7
8
6
15
3
530570985449147260
108214206364103911
69257454095171898
6
7
9
91719406431473942
174548663516254091
6
759872904904598431
1
9
5
1
262461660864629901
249200750109271546
9
9
319877490281501143
8
14
161646444551619885
308066922247339471
164694600097235367
107916679191763162
387646088468368482
142552423324372645
343345064214383515
3
7
4
6
10
999999999999999998
425734762588012460
222791516074332120
5
121903142148051349
9
161099531220686176
405853378870574976
11
45445931252000887
6
112746163545920485
5
169094687940815789
6
5
182974245048554062
4
1
81895348265965834
1
4
104785297815261034
12
9
34
7
7
113847286561322067
113988345270587672
82662703047984228
199846592860933500
1
459027337721317006
233151953525526746
9
12
9
1
597285879342261236
8
67395868755940669
555158864166570455
1000000000000000001
199352268895376466
333192662924491680
999999999999999996
4
4
1
352728650542631423
6
261804030034325571
209013061921351169
31
134112128520049435
213868679533656304
356962714138918102
88286848136441546
3
145819511770840715
213448227483327553
571676117862360817
260536728392491698
8
11
3
6
35621317817547497
1
9
9
10
8
108039648427606942
3
15
4
6
214386182803740673
12
268398380021589853
144590495415943329
3
348087320089386779
14
5
344477609593015252
322427610495893396
3
1
173672670824085944
8
132719544705947282
14
9
12
10
213320201150087179
173667655799425968
4
210753450894243038
999999999999999999
7
10
14
18
4
185519028477496936
3
429495706617478288
7
2
2
7
7
8
82
211255454264216818
135696226429249312
720567851051641471
3
4
9
7
80224863323502582
340589991657745865
211871619173392870
380169412206270023
1
1
203106047038903153
2
670620666148128891
11
4
19
5
8
232637809060158689
8
438539102928577937
104494086907462007
168552871096217826
506181625195884547
194369291391319211
2
380316554834669602
224120313211196536
254168453927502613
5
198430159912202280
8
8
462105324067746664
1
221447770408428018
100297793309873482
6
1
9
318705541389971565
1
1
6
9
11
1
6
6
11
7
11
4
6
6
230314201609749942
138082554999187346
1
11
440600519820365434
1
57
1
187806591528458446
5
78979230051810222
5
4
163383144024484315
5
121174561868942281
4
431470376326345727
4
584645451946419807
536581388185704966
4
352428174542908350
10
11
182075482121875328
148398423527104402
477489130479066930
823821911719449073
4
11
9
74515920891057774
10
289242213231064831
81790892254703734
209961656877642278
6
999999999999999998
225826728817339582
11
6
95448104065452910
11
135432498111387727
223950595044915738
7
5
285691923374008474
53629330656996745
11
1
256585669335312550
3
8
157911153315403222
9
259017176766345986
15
9
100540887306174001
106898279973461824
7
86096697677514946
11
181421509548866497
158010721073801648
191445303993692353
169934004465436350
7
116916789811823852
9
142669837798458001
141151903288352642
10
633076152981178163
5
10
3
196049156938501107
11
147989705919666451
104468858988364875
5
13
7
227487533874654666
6
5
5
167381695892334278
12
1
8
2
9
7
134315437313714376
176934259512824095
413994583671625943
156186955934956686
4
35388155262106945
106182860693324383
5
14
8
9
18516902613277435
32
9
385419667195144191
20
10
590557331962616870
208292302188535037
10
130467089094165205
1
13
536853935085371113
3
351851415532822845
206026319451856614
161215488432866187
289732391051588434
5
417092253320517998
74587586324581220
9
10
9
999999999999999994
8
1
148131936442363855
21
86949508324654172
186360761553899162
65217571743391979
2
16
126890188246312461
255443629701440035
214060241966135183
4
296311121913879179
84708198777100392
5
10
117741625669510353
1
999999999999999994
134459844408606915
223778222653356353
13
3
11
7
177748257664787461
207269481325984975
1000000000000000001
4
109971768341414923
6
27
181089473519862090
598726655961960827
839461489005810100
88150360314355137
197437403080191989
7
1
5
282157200244507315
298535347892579462
56654438572190509
284237635476175763
269225932041572218
2
154430805586290643
7
10
119664883938601755
406036228354257300
6
5
10
23
609238399879679127
162187207780049824
9
171746463928044100
150698444365962194
5
150306001847827590
9
367774496462373472
20
4
142468859438107065
275838874782911040
5
248198973653113310
187745019115344258
7
3
7
6
305437384640669692
1
533073655841254622
4
14
5
291267839589806836
131499059310891289
6
113679330580276867
88583095565273882
246909821294384346
1
365608389725433450
5
5
20
101696209654230429
139816796321227480
5
112968016880115722
4
7
5
183436236039893316
125237757076153434
166039230298514661
9
131442000957785926
14
25
5
57703721558997313
5
188914854503643827
568661841837646953
90184920980008759
8
8
13
13
1
3
135120250945533532
136731220339863192
248130559797042959
229263531598855039
3
17
181016164768033450
9
1
270395444181165371
116070018641613433
320270778680407162
114603754432902879
183314849221634488
582671754269716990
8
2
147553147032512483
35662122079833836
165290600720526230
366214169091153259
7
12
11
207153779753025740
6
115009424423210692
1
155112435295861273
8
786450132195256306
368669744240025985
249585766231748171
4
297075255391193296
229993644407232083
9
127943803917599499
600060784390656159
268908522023339809
716807074427601727
359130006800031083
12
10
742604668278981749
104378431316477512
5
75029053473467974
120466608246861994
680003660878267802
6
214482490776173654
188777052528008556
142475633984446737
5
6
143214634108077002
8
1
170215653299253766
100731874206162085
5
6
14
4
5
9
160856190324231606
9
5
475046257565052398
8
7
205928261639625342
2
175143059405927712
11
1
2
5
175955188034066279
154777652683559616
132379621213942657
6
3
300617721697965125
4
128831749351932100
219688898580286830
754142911300613937
6
134876941480843625
549181175024120230
6
14
7
116061456735975868
220955253268052467
6
402122932099928668
10
7
321896876514927585
7
113070409089429536
370325795465747965
3
254867581745490912
4
10
11
87224537283367929
260823688937127185
10
377042924206050733
121500220898294369
182141412713263535
151519775032150331
9
1
163828895307385313
210448761100626715
125490264767648206
9
224347511292710619
303642808411769152
233505993431305428
131135736139883444
344135572617595503
2
10
5
5
310541429004593550
9
35
289592970720088892
2
164049488892740202
6
401299782449939110
176716416995356004
10
273219382250109337
39
119396048949678354
3
152463303599096567
8
4
187518862905650549
130688333829956136
5
5
10
137792287000687642
6
19598169985502032
361291903045896347
19
10
999999999999999993
266369164745247580
399329155127000723
186772598883194230
364332574952591130
25
1
18
193070650226477409
2
12
5
203270870297905153
302967214902414948
143108937831614412
6
195544174925137695
117353174527523550
3
109530537230984544
11
4
9
207644390859995006
7
1
130174052625449925
8
632101500160300598
181479771783183949
166904238132933487
4
157986311321233008
4
1
388037309313851512
999999999999999997
12
8
215618178143875075
5
5
204173412745201050
13
6
3
243800343529983341
12
2
157744104182625261
4
39758853817233258
68825363692584865
9
227299858666113916
439237586230300736
79829388393980043
9
9
9
6
2
137413043084153299
16
1
5
1
10
212089837450941472
166701323788165282
2
5
453472196746563912
894988906898981197
220805490335502287
13
999999999999999993
11
225508490988553492
82747294903616356
9
12
3
376001344649195481
231062732061922382
3
121242283240891524
11
3
1
8
235165703345482991
5
12
110213803235185384
235425416031556074
750158033162326932
120594387130790468
7
139361687371663065
310784546996060777
592848051197931356
114730090098359725
1
2
171982751424902601
88118567341373516
7
7
562629906280728966
409008069857736475
170279472860687454
5
11
8
2
179618471074010491
2
297586250138685634
142322513385288221
237182979432950701
91543957143122583
98249435187182892
9
228857112515443547
195182619266689339
7
92866849441418363
6
242625989662736513
16
4
157235790766846571
291797893911193308
49028652776183011
13
12
113751768175991743
260916946328605720
120210860248849596
131521281407027602
256203103011479540
321144780993873779
16
4
10
89603932775190453
11
73147250295405405
115876213259967278
148899423463361083
20
262757949101209027
11
119494614167660031
169624327178075499
376847372486124891
6
5
247061695518156422
298906260530991914
7
12
158162572256690393
28
208017307835164488
141007691109108712
602223769120036046
23
2
6
13
9
382130373938582797
5
30
10
102125119174672311
3
120247583591430104
7
380881636791781746
744036176991401300
339685798535068398
261599179921550854
200786450996620989
9
537585810696457042
151059805904167657
654787615601616082
10
649955573433205189
416527153170543833
607284340782612357
121112778382721859
207653976706167395
7
2
9
3
135712186361266973
4
133582637430634228
14
274624528887608168
5
6
111045203527730024
195450390883802509
3
111417329511512612
273727353831831533
5
11
115028862030244893
8
256384664031497486
6
122750707708197485
157682418762193095
180655491204307171
7
272205425447831743
210963219263434989
3
37
12
171296503538718548
541179091854901101
13
165776961561283124
338636256138589491
13
643630109647256064
999999999999999997
213702658922970612
129679697222610547
77390056213165531
180968709721845232
180317183110756414
239587830702489598
292825913226664173
12
5
11
13
5
835031537791842632
3
131443030938978530
5
58
18
10
141796318203525972
468833315179322189
3
2
387366526635755056
136465023902283759
224483310136792641
8
12
999999999999999999
5
2
333397666881021213
556658453720892954
10
1
183566171133645629
231523720025285312
1000000000000000001
52048390332482836
7
146852050253434228
86774758503660486
141793155925930944
7
7
287063605483600792
12
7
4
141189459771192921
4
5
5
6
513260929874234747
2
1
5
1
463868669517187070
5
92934865561049127
87558213934122660
4
126629805426766250
175046529853881887
125812481987390823
370266669475607414
191016927305032450
10
196362702069014510
1
36
200842897596732245
126077907026964576
84232089512310865
137530730469196475
5
152014590268650582
422099974193668655
243168261296568408
6
2
16
7
10
237846988721494701
224256193310437304
122708951336199152
9
351006873573747476
999999999999999992
6
10
3
12
3
15
5
9
167200022449606466
98583179124512062
8
215587727674045011
1
513097739122988459
199277219110001186
4
319475073275063033
5
400455988490125181
1000000000000000000
7
597578040737946696
133618743966195293
374349434163561546
7
6
86709006630647736
9
5
6
118352787424128195
214082579307866732
247399154374713675
420430230467580855
132192088691282613
19
7
160162383979479905
8
777767024283586091
4
4
1
5
217880444435905206
81865375963921118
429169927182890583
332856542024694296
65
6
999999999999999994
9
16
10
85974927907204318
26
11
230206327742380604
499861612726616548
6
5
1
153389799512998740
119181487299459510
6753723362987360
225469954522518780
8
553726956075155014
446578164903675304
236630624902187302
208682395583361128
12
6
414058034108877558
150560014895806806
816625962869366474
148929989396927861
330040375994430241
999999999999999999
88049758956711857
4
3
8
128614396490397182
218107084558121311
59
7
4
7
299057248750421576
5
4
6
5
216688009706647541
6
627331527438786270
105623301219768655
14
131422868316105987
174692783462639979
317407710566836644
9
103575912197428926
1
7
14
194068905637705536
6
10
52
416716293689188734
261539308413418664
992523696962783262
396458734136962493
999999999999999992
898502695038253770
168018359221166975
289714489859523283
565474826167419959
5
233002408106602296
7
97140561932716971
3
4
7
226906616020796800
1
10
7
7
916670709072761294
3
104808351814600111
170331485032774400
200732127911192999
9
111466907968869340
143034449728874505
159674515536434636
10
5
6
114603846592863238
292186182541217698
7
145392330020001527
15
10
79084376465484991
1
5
8
387860479617538457
372795849495575635
4
1
2
7
9
281261410951020758
11
86070763021164966
4
8
18
10
130002984737544070
250955756092798238
727771273598441007
9
3
8
355441379034784828
161014380477156058
5
766060432407259749
2
8
195218003893721502
3
5
4
263525037030911677
15
117908286320641928
9
268385932233439562
1
1
8
333075329608879200
105034656560213963
10
36
10
14
106225496819525696
284986878309012302
1
5
6
1
319431276947547825
65635704514104130
505114365036787559
401647093589751587
4
99302087449191878
197048471965183603
9
192722360944581415
115960459169479345
17
11
1
3
253659787649183818
4
999999999999999998
154842059754287601
198475982980832083
464861873527733119
228966050130986494
333167124120761981
5
999999999999999994
105994369485613684
129723493826957435
12
94776631058899575
818920608185615642
219845889490182032
3
1
160183076314545325
5
1
8
3
160573564302747572
11
6
10
416172914468613742
17
8
86890040712950731
409162730763102601
398772277053206932
7
5
10
8
152463645611121248
6
15
256942788816895553
435894757870093893
5
962446034635038347
7
9
189800818736881166
7
4
193326254935654293
14
1
339234621476946151
180371300608465748
4
838667207476492338
12
8
5
104152278947930944
11
164567796194452244
11
153441040246114339
4
999999999999999995
6
560084677821544416
178431292868132045
226685855554121294
8
3
7
3
135354378578333125
1
6
667634925287509969
323154983690670864
9
4
108223435547193870
262196968584719575
280763937339210842
466999022633598342
7
297426747468493202
3
38
902424581102304599
6
5
136450973384402080
7
3
588126136356889590
315930366271818845
102904346375981542
12
28
2
67990865740953512
4
9
1
187452745428650366
7
257664160768013048
200610037466544386
37
10
16
170873668966165849
126036290353112029
6
10
114908538373786143
379620866250605070
8
1
6
124816184742179146
125448530424231022
9
1
999999999999999998
9
5
9
671795077924608349
44
6
72508796885331551
179028333940585988
365776650504000704
190339888877914975
11
7
109735463617958787
9
1
9
1
5
954371289565599921
6
82884868672963275
67290344964723906
95942865533601446
999999999999999992
97780717945162546
10
7
9
3
155285448269080922
193975235807580515
145361216693845173
12
12
263800070458177141
424702242546444417
538853341518386316
459842093843934851
9
125550777239561024
674177316698573891
6
6
103315392590059503
562928929453648960
3
165582981617141882
10
8
97724277120375656
2
141182661406353731
239422795237231643
1
5
4
550247377668388310
153938536881200624
2
2
4
758033441551969634
7
9
189686598181640659
7
580675750934752420
7
3
3
1
69981313562382135
4
8
298146570746547397
3
6
85262132918281112
16
641504358388810405
999999999999999998
352216570221634748
1
999999999999999994
89818111710308711
670274363905914674
14
168093374439477173
9
149447919026589195
254980470509256267
276791658729713823
223431320149525329
14
10
6
395648660363132300
208717684572236970
10
6
157124741171383330
152340051511715383
109961161725288013
142675196498388224
580016961688160338
139481618996480758
268037130654069670
88452872923672389
8
5
239743750564270197
299104864171841065
89359359224868180
9
14
5
5
57318500885863142
5
4
271206142219966880
5
5
308488339771774676
321982734296042776
110320412623906937
398634657386713796
20
1
999999999999999994
1
13
124914136178462383
6
26
209158727751425739
6
172866612204770972
4
10
11
6
87430607749848078
72870367843967517
177763071890204354
876304572603655395
305214549236082115
8
4
26
200107566601478139
448563683496747841
362785663146694160
22
5
115009168003596298
10
7
152693494010335460
140510046991898662
999999999999999992
12
118920972265264734
117921441409313616
226297054308121394
471417343818898340
9
295749421603754994
3
10
139462036357897084
166434559112977842
390254677501925678
11
2
54497842765328762
220725261919476105
625409543917934101
3
5
6
13
1
821889609541529234
10
84537855214508843
14
965047005247865105
15
10
5
216218638175180354
3
17
7
130763845465443690
603503540215138151
106340357092840009
11
551276215020052953
7
9
8
8
9
12
123457075532599154
319394020843063794
4
3
112719445957055852
6
265522136851368383
296890429145138139
80
5
431269053188955378
999999999999999999
9
8
198646266197294906
582992792827328598
140449213111489655
15
350034460160520975
16
80163965757457301
6
231608264242107742
938561106617067024
142455740788813683
145455770910266983
302033013829018283
6
238575634321649200
155615057045609907
285964371426810270
1000000000000000001
14
6
120044480318921475
691805913816559516
311181521112527774
1
154433161021388021
607520348472865947
111443337408624052
165039425222911800
258533303141669881
97037773995312804
7
87969012351023101
3
200252579466366541
1
251469090247823128
127712960316917935
21
2
144700134773790306
401624735541379594
158878574319235751
326208949336842233
999999999999999995
193029477783014959
675629836195490877
9
828546533326581786
10
102792978490654257
10
7
217624033360524131
4
13
140903812759112540
1
1
441681842920505343
1
1
5
7
177922092023431953
2
187596565745587133
8
2
905258588051297464
680118994585704403
151551816648951631
50719789412546249
261155015532430417
11
244002320272020874
36988169240601698
360577873406914457
10
16
156268758647634337
4
8
164001945523352523
322283583124414772
1
316797793208994529
16
8
148642214119219099
7
95988383843277528
410336839376909175
5
1
5
5
194999582797312734
8
434295030311278750
6
5
170444770796227421
8
211240289526686563
8
178005416854075457
3
7
1
165151805316321517
8
12
138480990719884292
18
3
303456256347566749
999999999999999997
12
153308402404885962
12
423250062316340929
8
180429226836092127
216062544091931808
166745906956157177
4
209684159062876052
38
138445777299797091
215621035479874934
5
4
11
999999999999999994
6
193911230894871078
3
242253917264835269
271091945859930028
290049922511662438
103497299759636069
556331538865784965
233681577113235972
432838372624972544
2
370080949115186344
281951324720880998
454691226462700448
1
4
232996193950847196
466107313295325927
7
237958045658109256
194665748105438525
135522439587779756
3
116480337962806867
169334312904625084
6
67976715336727506
9
4
8
5
223237695662462529
10
7
8
293445204728510495
773155139098325592
786518630840912362
6
999999999999999995
485840780643625830
10
16
10
5
2
7
325644692320605989
3
536728606513516003
7
12
8
9
6
5
264351904293670713
128755211683279043
11
11
8
47
278937473524611853
1
54956458682842975
1
15
32
244443346754350277
186906317541163068
290041988654029553
456323105072041130
4
2
9
156417099525207352
685891803315193476
103477450666217201
616168013005866267
151544231250064535
484716491027188298
444503356646299016
5
14
5
541587408794846875
4
119783411357281119
17
6
322763518372544771
9
11
8
2
1
69154123555863593
4
3
187471038979957120
396481411299885382
12
9
208791997682537917
2
8
2
143148402322456359
13
4
217223647160720612
148661425008206339
250461833693239198
786901914459773085
12
720937684011530522
479360048692230258
14
7
6
388122928768011755
5
5
163037664148726432
8
11
148966484064110512
7
89653981818809471
8
167635387820387831
4
335427295313954866
309707493041450444
7
147779411050735008
110013259347895087
245000209867691475
131363811050468723
10
7
892441828637769256
138152428829891578
168540289664914271
9
72394962886223555
34
8
209118825006518152
344369708845925857
370333206803709248
9
21
4
272821229607160700
112343937702229816
6
240997972024120312
302520354979100730
1
811579722465616356
3
496963062278990076
12
53879565973783766
71415663388003286
135726496313631114
1
109491916951672411
36
12
325152771100191160
703877724744161171
562547247599592793
5
121256967243091280
201242058323756268
96091236924840479
150604513151251461
412297110753494073
14
7
326654634275020517
218581835813253351
10
160591086977037974
101601174105882521
594339903469992515
201200485352950275
11
3
127374442915579679
12
999999999999999998
10
260085543643704321
4
209487804421250769
1
6
1
10
236372078574773391
2
13
9
251976673992926099
103377929728935367
307288692349034008
10
10
205172630824013214
413593598991646904
328171043503558989
41772115551365388
173634751669542276
190677212338415206
153317450226250326
5
124159769159591209
94653194049462838
5
4
15
4
6
2
133751257092710687
6
3
5
77
6
6
1
3
389188994194748527
507977257299904338
2
233939839908468948
253838701125710707
1
9
1
662778395900214917
1
174839745021661344
1000000000000000001
1
464216569318864319
18
2
19
2
94423663916937770
271950171364430718
608557564396314488
999999999999999995
5
7
182562643384869509
165985205063837152
5
85617179085643473
161980426398987066
205219848981067928
34
26
13
1
284611040653846556
74945123086735932
247362536701354986
5
355728006322684060
226669719346525093
5
58751655343122541
11
10
457741780841018121
4
197847542007203705
204969416696732318
178993828683494285
2
231146353958084341
9
117778127781671676
1
8
6
14
8
7
5
10
146297715469887124
13
7
5
16
201238774205742830
561223160666506338
563236522245971292
8
302449704734856129
1
301428065108255910
4
7
6
240831644857439319
5
999999999999999995
235665926036565921
272527809206263296
1
72738610557914204
53549602274255258
11
5
3
335024884342480679
6
4
99601497254085924
170574973065859606
214993597932286737
765428143327585346
180489553055766959
7
276130558448581907
13
45
9
254069247559454234
12
1
8
2
76084278512041068
485225958079409585
151845540997343213
3
3
102201798823084495
10
5
1
12
273606583137681755
222933948178629207
108160498903609932
8
7
1
296005169646992304
10
11
147568390667865783
2
63235310980080829
7
1
7
314565812874521473
13
4
193179370788916337
214916889277129061
21
8
3
12
128937437439102690
93805919289311813
5
187748723014049234
153149016884932497
7
11
312609600879950875
16
214549634858718242
19
10
7
17
123517236257347958
9
867409880787349006
1
4
155335337197761783
4
3
11
250482414770969535
366701463847894342
93928150137550595
5
8
5
2
11
15
403245026884294078
505174132301956167
138458909049210223
397978052253184381
11
11
3
844967135289435209
7
6
10
278371766261428640
20533073883940884
154277133175777086
75545374773594028
4
228958961337589786
135608985993709442
12
4
4
231835891402923044
6
8
7
204350730040112716
12
13
6
5
5
119635621805999067
191237815731727514
264605236111711473
141440953374352692
9
2
1
121523831808395705
6
97333740003864447
145314554242643734
120551330942275509
9
529032418886585544
2
155967878659970570
7
12
10
4
11
5
252722286497586980
15
9
12
172837409479657296
1
11
90127620097158301
8
170044963724828382
11
9
4
5
5
4
291532950156074732
5
42
155908769608790164
33
3
24586798773526729
1
109498656258320469
1
20
6
3
94533088886238796
304409432391152602
6
122042103405615052
1
8
356851921407385010
178097023880603425
168400193384293752
619287625445988798
113299924262468761
21
1
34
155830137469639205
1
175721123442758513
163834250725640685
14
278834911629621332
5
7
11
99312374189432154
13
10
133068400444905085
1
9
820240366357576540
607987660599889732
388167454254477679
90740487296604360
1
11
5
164823048804052461
72377581208991792
3
7
188079347711732740
122384794843553017
180326233550973299
129322168811856923
106424563960345558
383129765496870734
672084531054672768
4
7
176456238139425071
6
165568429060843688
2
2
4
1
361395849438949901
11
145969556521941933
199727624074430767
301058160044008302
11
6
261654351757506491
153354900638307743
12
12
204971570358942018
158541714288724353
6
439994511925043067
3
11
7
156766609464778483
182223576789745906
6
4
16
207767961514219818
12
225888973488409558
374745256401871320
4
242815866363848429
124562987644587138
184630918019370392
208424051778082305
7
96274196672609079
291298399497045464
563351170851959402
8
6
170859073522064306
6
20
9
90087401368002025
3
254940120957592807
999999999999999996
225187656779787603
1
174289692695588179
212200355999019642
6
354182045932398749
4
118934366573424662
229910434978565927
95482509324481422
398283865929588520
11
6
694047898321619516
262545695048875335
10
43
5
69138917873743268
329912987957822604
10
7
154307482355126661
303587899005016278
7
305109278955426678
295847056060213553
7
735596258278549817
4
259440942571011508
2
213916624438246691
5
158652728792172804
143813323655222733
16
15
4
2
667760718541226726
283683061610130925
14
420562757621183116
19
433322366405048591
5
132767738118110044
135384266688901978
223593757899126489
8
5
10
999999999999999998
3
104048372993067597
260320043896491768
1
5
3
518237763752411686
4
475099339445098668
99504380938811060
222083605143684598
999999999999999997
81056628171059380
13
2
568853727723292156
218479632041743075
158497239937454642
455456109670683055
7
678061553533078190
18
160516491222943303
7
545388346052439810
135763441739824810
8
223841525028095503
326414106488491723
7
5
999999999999999999
104848371295518845
1
7
18
214330990953843000
14
223481654062645396
204081195705150154
11
12
9
4
7
8
163504415818767237
9
8
9
6
82662030524163769
158497776233335505
90580397010939390
145814389435848687
116726477306433610
14
632952453471749743
28
9
3
190285012423874206
634091710075493432
174079629045719043
2
5
184340370189959566
8
370038873433451595
11
169484827222321029
266301190799681341
5
312352990379212776
350645563052158739
8
6
111031562570363395
13
296070920839645436
180501869661626386
147435245445287342
11
3
208277963215262124
103404678512056383
330063877434084018
15
5
8
500732553966037060
9
284703736859941034
386780649980754384
68367231094749975
182919203223662809
2
14
20
363614452608995306
289541336703657608
2
7
1
1
8
1
23
1
7
156211458285332150
12
4
138513070749941187
243614929529187570
261925496394318267
255847310617654248
9
429188878469119504
7
300356241065177232
213243537835404286
27
342889552908551465
68281627504813692
162044870968740384
12
172081498244713828
774735917431292066
9
7
3
226798314689999722
245205804693893793
8
10
8
8
1
180429616676079034
7
10
9
13
5
677684847376224482
131961840699243320
6
5
16
1
6
254811761726502438
10
179387248548893327
5
178657523900492793
3
4
214291616028844812
251061777675345636
2
13
10
1
138633777442253295
590930166547818589
11
17
12
18402739221924617
296193167895652901
1
9
3
6
272758017840899477
618549447800631461
5
5
11
329668749215387621
143817582307131192
31
137053318363092075
5
3
207544535413432522
217442504414426234
181979295473228475
5
3
468270769765855352
14
6
242744191862328691
2
6
999999999999999998
9
109692550116789855
254341321732869623
153240810211174047
8
7
10
9
7
215080527702205772
2
1
283493276181208867
237360408659504537
492467572302742733
622528540213113825
104686468110636308
2
380355531348391042
107034270433367011
221314548615367849
8
203753248702815143
608039570274002762
9
2
1
236556570939099311
5
3
6
217714487281743382
614291347393917677
14
698685125302580935
4
406293092257565788
219839557497549570
9
999999999999999993
84770649916721621
340024657383420144
9
6
126532475974936054
139842953686055134
206818885056170249
307161730622162723
8
119444340517726566
95142316630172379
492534162382320961
7
531677581154748066
168723149195574924
269636238453426571
9
1
240022646583786569
155872600461828881
10
17
457194608181839554
7
1
8
5
9
8
124750640686581724
181856580869704734
1
7
9
3
170559686067219013
33
196519611375734530
81070820140103828
390900989219820811
9
74109252440657355
1
8
146563789686819567
3
4
11
428491557762004381
4
362965975765682908
13
7
105063852695377466
202451999992464388
194971386582110602
2
4
118536327303268487
3
7
5
7
224251793660714627
9
147973768420348885
12
10
13
12
103738616613334074
7
188876028909218648
75618028806448001
5
18
35
5
82537782016291635
6
212415974047976998
5
13
7
8
4
277181774533440464
13
77134843556928610
170092946079915422
6
413761443491334043
3
173384477448922221
283708611661314535
89804734460256729
9
143913584404814231
12
1
4
6
25
95246069616813793
153946314229180960
436630943798887843
7
13
365971761034363860
1
483263766003646417
11
10
8
6
184198086008273075
223367348123775332
326058921575322352
7
348443456153057004
13
8
6
10
559612035983322077
116706793690015198
3
8
6
217923547351933490
1
11
270877164013682376
209392256412866790
152116476225288380
391247083827419405
66661608483401139
15
130260544235080216
114026718666563100
4
7
6
14
12
173018759304658767
105949960236895082
127433926627074993
459190298172904852
999999999999999996
8
997722268190463795
9
5
10
171701133380861546
6
8
9
1
384295721974694289
164736129373711504
287022066883484183
290214959432283786
17
999999999999999998
707781390832481184
1
315801584375454533
212918820968887284
203344278167015557
6
330929878163340534
200241285197218468
6
1
169494695843670415
400862983821402614
76164326136604837
5
308452000361223807
366191478995278242
2
232309711017002633
579169089162616341
2
8
3
5
3
117228158922264073
8
266689755234883623
140812295138960110
8
258324492769061033
1
1
8
34
795019093617359486
67146293840774909
332509966099413468
165453710734090389
14
295496277766302824
8
176457347638443869
190276268115562856
8
187009984357937362
166908941563549570
10
278611960931800846
144550314733431834
273424871326479565
88258031931187800
3
445514431632193925
9
644756373193329078
5
997917365712386965
202110785315851854
181056450748663658
629068768594605533
1
28
8
112168783160906208
4
7
9
200343184961676181
10
4
67409154661777466
176048231975001873
230124875099151905
999999999999999994
603799498567833726
264721128216603538
5
1
17
7
165528589070118979
10
4
999999999999999997
4
8
98242480630943012
527899624658663134
19
109901204442872035
4
105918306284805981
81692244711644522
9
10
7
6
172519488698560415
199846214191495522
16
143924792087438295
3
310997129044603059
11
2
230741022789340887
251848846091171263
2
4
100171179814630915
999999999999999995
181032545852824254
1
4
6
199796041778601129
228094772780629385
24
8
247370978858208932
8
133029049353734922
6
45
4
11
5
4
74744659365044051
6
3
180915215943532431
426290416465430670
2
5
97797668951524861
15
262243583962018257
122683577483704544
5
234545553725958168
6
384493786336614216
7
213750363624689569
306626720333332319
230535402450212344
11
8
300540488823483503
55956691644802019
340072489813866157
730534391362759198
44
8
11
1
6
7
192142575278991016
510201737429316892
8
139524531306982558
999999999999999993
2
6
9
90262329734170902
24
6
6
6
235300349403757383
195000716182261730
90968045615644327
3
17
11
4
138127510565698712
231228418294037514
173033837647052109
7
230728912979198264
125500792394527881
4
62
8
105556654563012398
45
158669760731668905
228135529455235562
6
9
201441565425276688
12
11
16
12
7
580327884220276291
26753221117373928
102352427607074381
4
718148742697766907
7
6
9
42
147340439677514094
568048603376989407
141472812732941159
210362324658379878
7
222013137740533906
13
541609031100433099
999999999999999998
999999999999999993
4
64893526765011155
3
6
1
12
476731484176727486
94250977923439008
177665814253553700
8
231823064749180485
375030507966371462
9
206742444762218331
6
5
706410303907632527
300456817589894331
258587237997233891
4
3
8
1
86661737847621735
7
217249097252642927
94164030466707107
19
1
10
10
223031901730333807
236545516709515121
194822710174866553
10
6
129852304786285391
77910622037958473
3
5
614494971523276238
3
7
621134735196558213
7
13
6
12
12
3
13
245409029274135450
1
3
11
5
134834030043038013
13
18
6
127543695289335357
152957386853608209
7
420209624489118018
119658074079873094
273743481811650889
182392838073742448
1
652991267317590706
4
116672489099508378
103725979543067286
6
3
105529262170586346
489285220688068681
149506150550055416
6
5
210584941405439705
999999999999999992
10
280836807435401478
7
5
12
12
460850805074114966
137293899697227475
1
5
5
8
137330055315068103
3
8
4
5
11
84274289597256466
255774003386522564
10
7
7
144356754676285658
108556479071537202
8
2
7
14
4
10
13
1
3
155943820176487658
109320729262782345
5
11
551098380433661064
4
4
157635955515303587
1000000000000000001
317559930724999734
4
14
37
156304811424744602
74181456742656637
551634841832867356
180422865578832648
9
83065670026605225
215527055848940045
18
167162209726825029
1
1
1
364709597380931859
12
4
91085460023126892
10
11
779089548786369475
7
14
3
184292821245973356
2
4
4
5
21
237919687075789954
195332253081551166
309339114028659276
165853858224782749
265662758278011557
108147990567728123
83
8
303982849280765995
264109410639823028
107972957282065714
116513567126269410
8
108697065386856857
6
630068152371243474
539570746255235151
3
5
215297259964927088
499170686886623183
365390770302860993
129231662658933278
7
265159457906918395
153227130574822657
5
8
1
5
9
5
52973968094287735
10
316532117451323674
3
682464691590383428
328838002310272886
8
13
222120478033156634
284246791458415105
1
252836513612742144
8
11
8
146369250322643782
12
12
195579224242426272
410472109454301262
9
3
120070631658764395
284154739989745503
116588950005672338
7
5
238212589299194245
2
145446148466105722
122366360348384357
175796888867985994
4
327776002848232566
415048303999327523
4
7
357498436817748461
5
7
7
1
13
159318863858233345
9
4
1
228108591546223109
5
200362611309095803
726338214345862882
173393754526803306
166731103079615270
49924348154351278
200274762625148881
97251585020756481
11
565053681619220098
124723456514973190
158292249828309228
1
11
7
147637824283231688
5
131473156137173649
1
4
158960589170213556
6
114708282052908325
2
290456699002825742
10
657394846789897159
388014149374724339
148337713637248831
5
1
9
9
4
803839456665160841
6
1000000000000000000
287402981121322088
114458259783912330
19
132027759113820645
22
6
9
9
4
5
283833810345769750
297721993315715473
9
205469074786305412
77036360500959604
2
4
133192021575425923
304970796857668739
268856968051994208
844580849781504580
7
7
8
7
735130214493267918
4
6
2
8
5
216051165138551263
66170439429893652
11
328417487309480962
999999999999999999
351332185820639774
314079126925674211
9
14
192406176392003294
8
904195592420071282
172089264394081086
11
6
12
12
412180726569396550
5
1
665715482127864484
354106661285643465
176910266969784554
250187509273709154
188880094417193770
9
329471509662174603
459429984330378210
7
9
3
5
10
80657924653609642
232150253089089678
4
106187889017075868
10
1
99568889885017875
11
5
1
462066902193568867
5
1
13
148336290328460217
123857200140833114
5
9
5
8
160408860261722497
108887295409811639
238187301218897648
1
107527272752416817
955073439592620382
251322139658373005
5
11
11
81041937009873267
256658596915159555
145962488747105899
187136964889455050
4
380237862884748510
78139736882766743
291247980044473110
3
13
200659125249410662
5
8
8
572055492068361472
260109205748160099
4
1
6
10
16
8
1
8
9
9
79475753940379205
1
7
122267194294909770
184695435426767643
142323287223085284
5
81800506834986517
77062407069887152
154052194762001674
1000000000000000001
9
7
6
176038677554703034
5
5
176039464900595921
6
2
216949479750375399
5
151929048949850592
393201420596459269
159733588936050807
835117546455042188
150292452373467899
10
5
87430211568808183
1
259200418837943071
437269376371832021
4
8
15
3
320957657313493701
6
144676439446799102
168396742845357381
151953339001289630
17
7
135899447442983852
1
5
2
96345642046007546
7
122502247985742433
11
135696449278345883
25
27
999999999999999998
4
94215600801351163
1
166677153795347808
305552589790971615
104387254148803289
12
999999999999999997
168975944776961204
1000000000000000001
141222981751529791
9
6
5
504597957045711992
10
20
9
1
8
21
21
12
143899214118320706
1
11
4
10
165344955968357985
58988328266245046
182486862039279921
838942711454286198
8
160314094228632559
1
171380955164530387
682317719003190014
406091160216993691
6
1
4
8
9
235516082217557237
198594958702178438
303676724067168589
227699031527458406
7
4
9
280194005425079257
117719946569462994
7
466723755468207048
8
221739478510829286
2
177397524762922485
962890635050577911
221260836419956413
999999999999999999
5
223715006581242161
9
4
10
170120161527511187
1
24
1
7
617653288258279056
2
148049541615962480
235894102972585994
539229992162987641
216904887704671139
10
10
6
135077182138067765
6
13
7
13
173594044306241360
187384969498686043
5
185977796829360494
8
3
8
108177591734219068
69
405944984175854674
89163537657113668
999999999999999999
308572921171751003
74925890510037504
6
4
223857930536975880
7
149674503188046390
119704938543378757
15
12
306153624069409409
151001885443323525
8
9
3
10
119538278506632782
159578043281725752
158685835315391408
6
7
9
227221240269925938
145788699683771825
9
8
3
38
2
2
8
6
7
13
280965642925765617
530041057607044957
93486650691052168
15
12
7
167714114471638721
24747618602526152
76289587385687041
144051450432172748
415561993544645003
113739152198466948
663498278987957821
232032482642862993
6
932198026935076693
3
6
13
462074100374556282
6
6
1
57
6
9
7
2
1
9
135377988682651437
160871729252353752
153625964686946186
7
9
9
149786292759486146
5
166736797877862514
266033387148337380
5
109832913662099817
7
7
8
208097518731324546
289758061102872067
128842368215367637
1
10
502854779819526421
8
15
6
4
230422780413029198
176735245721338378
237567810403965916
7
6
8
8
328104728526905165
622247061475472247
379603795434925457
203776069630050563
3
7
800284141511756631
9
300598735523035432
77500803307540023
11
1
108061506666192319
214694171416288466
5
461961554214327914
191615758587925480
5
6
155306089060554881
146408394917384815
4
228020578952825311
243423675389463926
5
12
160759008093667933
182819955457911153
257474574407098131
149469292200005948
8
11
16
4
217402497314406003
6
42
4
25
3
5
203880162619233739
5
107078091631555068
166809893522247072
6
201869170346836658
239983467640354471
139906078887853849
38
5
4
144328765511983466
8
646576543721008400
223601073591235608
141419032054746997
145219134354706439
6
317145815896945479
169460319418038284
9
148575196017351338
74671824983092107
18
502292516287088279
171058423437875343
3
386242404353654066
285770685108140223
7
6
6
102987230675314467
8
7
6
763516643563984984
115641490661410346
2
357317445377082704
166182681096118871
6
231916965206917639
199540936617134319
4
16
87548582717994928
264321590477841954
8
5
4
7
6
138195695634793285
100645725742279347
6
85016556805006080
244534057602243653
106678382589849506
5
4406707196018651
2
361791662904127266
337881203576547782
52389958020726587
7
7
9
7
1
362986378831081094
10
45
2
5
139018446424454649
9
165184360321739139
388334438516025183
7
7
197060408201288650
221660487982317626
123949660657201545
531532128730897998
548296020687712028
5
1
1
279423372097568610
11
4
358690040588550946
8
349421908801828592
5
24
103519780020703540
117905462854876246
9
102236627356663625
435655783965986193
5
424271031703255504
15
84386600882338052
246434988632677637
224560936613019485
5
1
11
7
241804708142385391
160858752715876193
5
352027163497174489
253745630367242713
7
189719638001104913
13
242631788322470959
9
430842628557575909
189629191875506375
101330493347784932
3
8
315305174002592071
170665391917712867
7
185441423004912418
9
348496375808946428
182821433065805694
197262104485013468
7
19
501318809664865273
397973748854212885
3
50783557540246739
999999999999999996
5
219992959372542107
11
9
9
7
3
113993311267490660
89467183989880772
10
12
90202043580847535
5
12
5
3
9
11
180536665053559216
6
211816176443805380
7
114180346434271277
7
5
7
191025015459341438
58965113442544180
1
91685574051024892
49889524583701365
6
122912831306791259
4
7
5
8
10
8
96592602918858400
6
20
10
244417211893997854
8
277920542061942112
2
104519263761152160
125139496920853956
4
659239762244343434
3
999999999999999998
6
169678390797207469
135989962840961839
104418054027456539
736655980903198837
76374985180767146
12
707195026183210161
7
3
4
5
9
312340007529025839
10
308581909477844571
6
287497106348924206
132516490569665829
999999999999999992
1
11
713295274852122233
3
7
65344589952122612
62413791888539023
94602027020732182
94933613433377478
238264492803565881
128518213564690329
3
80773777108530949
450346520720117757
135742371787174459
924215410890647995
11
5
7
224096000868793163
103625584946227974
953941625744518901
6
164426444715064167
11
143619145151239101
83522860282983695
120546541321594608
10
7
230102582557996144
56387147526052830
479342322203741456
176620471925043282
7
329356356160767784
2
13
146431617325020156
367903207095065509
99766479774781945
7
4
45
5
124434351319914880
8
144737718156499962
281628610871028403
36844722843305937
106413310120631102
7
3
6
266494272745765208
5
265590952901165841
10
59
3
111172628493892455
150863276354866285
8
9
11
161614013394989690
4
322107712950187863
5
11
7
13
378712261406210023
11
9
999999999999999993
6
38195692429147570
2
318479904582665031
294592692172965213
412227747238127531
530919382999214507
7
146244275501158131
6
135597765322804508
275902419445232702
9
6
9
4
576342163792809211
64
15
10
11
9
1
312482702735980662
152156186061800364
165444867425947543
6
122627879584611886
153934898586453004
209113929048182733
160457304457479988
533858946520782550
477940945638303978
6
90435900359342388
596418318451677094
10
139821802598539182
114736662744291641
172911518567688959
322883834507535536
15
231094696206887503
179437226110063979
8
165214899761593431
7
302994619465575775
3
516470621994473801
351315006841131746
183815282780482026
10
2
10
1000000000000000000
270637889957133690
164543106773727729
1000000000000000001
117945939620805288
131142931710695739
1000000000000000000
526340209270970697
558544041270638130
327265537544165408
361950012544629765
10
177711297509579712
132992601544823606
1000000000000000001
499943899117304214
8
96704698712943489
756674161769408235
14
6
212047226456127152
606583670256342634
255434640001229924
301271362199713457
275092093875212773
113188861585640606
6
5
1
6
4
146525685880339324
6
143704039884384809
115587750134925801
7
7
478273231109089877
132969194130789214
207961448348865264
843224201848445926
5
5
836028385473562277
9
163683372541633822
6
9
10
92790339990061829
308511514120384078
711473947083453696
8
7
209162456004096100
584623450709080540
463485370936503354
5
4
123070578636911569
15
124773627286263339
2
380956135649024566
10
719817232322765907
5
250464547267879822
246483569546473194
142420521959690905
20
6
8
7
305467927107040870
8
5
17
3
8
5
4
122231036221827039
296145385320658626
92334515545206420
7
3
1
6
6
9
12
7
188615864261891399
195323936633962924
132498194930113337
99309885183219313
299698427571582654
1
271862850206262908
317115943195726627
2
6
251856170356309482
6
9
5
9
18
225346419080445994
6
4
587733245845924243
3
3
97783179462410512
4
209705629798323201
109751285211787093
208891212206144770
156114935068496620
3
353150321680198533
372366323165352309
3
1
5
8
1
7
8
136868189394213826
1
8
3
127553381863908883
1
55243007322915401
226772128846895691
223985154533230788
6
157152135492180247
520919304061211426
567103640823928437
2
245395320292407478
355338694308064521
3
118338728502631515
6
7
148258906500580320
3
6
128090500978400599
5
9
190416050632903302
345601599193647489
12
88975729009839226
13
106201457786553072
284142219666353046
6
1
7
5
319149597135582322
2
4
5
125223518805686334
4
3
11
4
8
94977740797557781
135055854865497587
167638497138971785
86172626334425999
231801196164610583
4
7
217999810262206912
236561719568701307
220195131271883913
143068821421687893
217919398139969454
142628028644587890
25
100701884728443744
285035627387075758
9
264078760500099896
2
5
129542004919941558
9
274349162964895758
6
5
999999999999999992
15
10
232264404116854784
453570690468011131
7
8
10
274719677879060754
6
7
4
7
232496247892825166
8
222715521596584342
999999999999999997
345878955775022057
5
125167840277990445
278383916333652668
44
90
230185476175363288
13
141540356673441793
209344918984336307
4
5
267860510572054015
134013498404936517
826677061055254634
43
939136395343465723
9
1
11
3
130865899372748226
761998907179673151
212674784086681362
881425864442482931
585193758277237128
3
4
96533521893054601
288976953429769049
3
547276605636344941
4
697914246888317284
8
13
260805966202618790
169337570006992826
5
1
18
163997830469865584
6
139231623661363392
10
4
6
9
4
5
1
15
14
5
420180850984268000
16
7
6
3
8
161450768297895496
424336116565799440
331221728719417191
233559263039261521
95624568562253308
763568549500195254
134459105051142590
137397566632963062
7
4
2
107055449597408075
7
3
2
162834905918317700
6
183230055102458859
273202169875023626
7
7
123779430495169154
4
763152813758235054
352831115902347710
337136961381668352
999999999999999992
809528155777420945
135156861855747176
359560232992852800
8
4
120960111739842807
287772149092198667
13
9
5
11
8
146112232591254391
8
107175938717659614
5
122547654676733244
7
12
6
21
4
118836977548577206
259223038822987881
5
419439235641704862
8
57565625061084435
495401218464519891
6
152284512733649710
236264690803424430
499113910466812794
3
487123043199603663
28
9
160799659009464040
190844762164777439
26
136054362849968793
5
153527939040806263
10
10
178470269487105211
3
5
7
6
12
54
408706158852872986
7
7
7
1
113102771324564736
498198058582587547
3
161303225732583272
385483717012334918
2
74379988985000127
86424286534738088
5
150420013780154394
3
233972944900459375
160624133302884505
78563592546228249
16
63190212462909149
4
8
7
8
143499559563348680
92570162440270822
122996624858218867
9
127689668148123441
316520729536100561
3
6
1000000000000000001
430933041952019320
128843428317377816
636440196601652411
90386494984072730
3
265492397600541084
13
4
883017893291162999
10
6
1
8
114323771408282729
7
85460762785812423
9
8
8
12
999999999999999993
5
82753278464623783
4
11672274181645164
88643480896925353
1000000000000000001
10
115681518658420766
8
106728052113002763
15
44
1
1000000000000000000
4
152579575908264077
96822935903356061
153102471581653644
973799058064305489
84921578297311851
164311902906567741
166785288781245565
7
999999999999999994
56099483388885593
344091580211675574
10
71701476416424714
34
84839809296020633
9
414090319163783843
129776132185234549
639180615142302039
9
999999999999999999
267805273046265986
7
11
448826249953741936
4
373088680698909581
149763772896146724
216224326725067977
7
8
2
10
17
6
8
6
1
129586812295707483
960388850297668979
283441334405603318
9
1
10
24
373517152354146391
229424292604080913
5
180531357624931699
5
8
4
143347730048645218
257193992432556834
308777283743769281
107707122327901011
8
5
375259776368577530
5
22
10
175642409896606520
8
5
64423407501053235
519407961278691113
777065844094571595
2
139699737812784467
6
432300032944799440
254313732351406327
7
452959592455806492
266839114172225118
1
126325512380698646
283106903243366683
59004865372693607
999999999999999995
12
1
120502745967924837
11
114122073374947224
159374134656661591
11
85891975079526868
181436088713682052
614684027096222383
290419161392337719
12
279097819466646773
18
405848702685651217
108375679850767484
252246112194594068
212487057309992488
362223709580946434
781551537400228498
203536771601425387
421475893744003907
3
78586360433402905
320955325908325775
223119304454148105
10
450168708283543944
13
3
160038139313362536
9
2
5
94288968036678677
278382239093131475
167237653411719569
13
190528551386885750
477950000399153480
6
6
119302633383045909
151041434921625328
897690624520957358
13
416731651424872120
680418396577248652
124152598289348111
7
6
3
9
104569579542255245
6
1000000000000000000
6
11
457225809786609929
130635771349401824
90305896414000583
306838614233372348
197131302018593030
8
1000000000000000000
3
8
601851828953869068
3
149796278986482191
6
5
2
236029505543021028
2
17
25
164996545778950930
16
9
167434315869502540
196999032615771817
218308380561488118
10
406621864261072314
150141175860844967
11
1
11
111197759378891263
4
152111886192519459
6
9
154987690626521647
3
10
109370662500028062
106548537237372739
11
233726287208707735
11
80601877965796998
8
7
211907425516348852
8
231675792920717294
7
10
116721688068780529
88385150256297750
2
5
8
7
193864682318791837
5
22
195388179380438385
12
129368909404906168
127589788788773828
140487260589208941
3
5
6
600088011173889493
690856101431763894
132226794037557721
196160080164819126
5
6
213803521676379435
10
92966853420861080
110839703870020610
531446843123100957
660935197263398285
182749561903544319
143440938242975758
1
6
8
18
33
112563165360321885
8
945112930396500605
12
64
453862993373368450
372058129242803203
298483808478134995
7
230191845945187513
307474969772909647
104191070265187120
17
412235438125693115
3
146122358294480148
7
16
4
5
4
133873178002240955
4
13
3
160690903075161758
257851114314111861
193905695961976100
245829320897373838
9
14
10
9
10
16
8
60349355807928845
4
5
136232549036904713
81370902639570600
130487757420147026
11
593911009646735336
6
185043826336991430
132677943806585079
3
4
7
13
1
103518281225238021
306532208049962604
134962146832213111
9
9
9
178320376862190214
1
5
523766658062547570
2
6
157388979728147266
2
226067387507857617
7
2
443230083589544560
4
16
1
144403822359223818
263698949578986848
250563527370557631
10
267424079115960210
136487005719693553
5
261431834114602032
1000000000000000001
368085982624172221
205133904762375550
2
485543028790011549
109137588451001235
236634522519004900
6
9
4
6
253348136068649953
6
7
105435468928791506
234672620151651668
11
190127864792935966
11
9
999999999999999997
182151177849275837
2
132447793233414266
13
9
8
8
5
101867566699354794
4
7
934616403388536130
463786087728169609
173745396304365516
100884223425240213
277080034517314880
360228922465457823
7
311758385028766441
821135840949516602
6
13
7
14
4
5
4
299322322169262264
11
12
3
6
5
156195096928747329
6
2
12
8
5
6
7
6
4
1
500461453940510040
11
11
124024001585679200
599337106054406666
9
365857638322258079
302692501878047274
14
55824897579244960
24
21
1
105912668427061270
7
6
241744848126405383
7
312347401256334507
101778166960867925
217043595922008699
130085125998361972
28
215508780408663153
6
17
100859878652823833
550903607278131765
5
12
296756655353787297
1
13
5
135919167880580665
8
2
18
104599168391930358
128770839098094391
3
104258586074114623
370741262617470403
12
198105612711473127
3
9
1
218124143267893116
837748782701424220
13
21
10
3
401329789190130111
8
8
295149764139638504
158326932964515158
7
4
178737718930345947
10
4
326594365092731886
1
7
171789440282470691
9
4
1
990563346846903747
13
7
431246969861612757
106199449681820666
7
15
451362548060956316
5
5
7
360047258670697045
131389737477998528
12
999999999999999993
79783988366539117
377955768713176837
8
13
10
84232036139445187
3
7
149215264557813608
16
463602786328579026
5
8
9
11
300495060669186567
232578455390127774
285098620970924553
13
179917882460624594
5
398463446919162019
16
168483361853528680
6
273886717747083987
3
13
77153223501979331
7
6
357800377673525924
9
160429565725068924
6
13
999999999999999995
185492418267883929
227629263203456552
191773526761870350
210347025097779977
731240393645892355
226622826956314878
2
441595603886997975
1
4
103105583071949695
6
7
7
806287474374082306
13
13
521310026097858055
999999999999999993
262444182634924475
257502250715832516
35521693655858591
159809404386738605
277910619262143741
5
394215290544100695
3
200886286306776397
316410723201628088
2
12
192136774352929776
9
113664818730434206
151198701337103766
592408664823331765
7
1
9
125875094676671679
1
169751844538679658
10
243465720608379052
687743844094817754
32
11
20
10
369686331610332863
1
908961742309336426
129707025478388913
215436124193546745
145138469036601373
107819322696349597
2
5
190698226849478017
999999999999999993
293534028635094830
2
12
7
5
6
8
7
107200275838398976
111783162050676210
12
12
5
3
710722537164168918
6
353270820610317062
7
6
168036054050555303
10
7
999999999999999997
5
7
329522172875227016
93549512428904549
6
175145882162000269
247922954089995056
7
3
4
16
724447496871035576
6
10
11
14
244211200615571835
4
5
143616540472715825
3
2
15
1
191940247244844838
157537198776588519
7
8
284102225477292938
135915277798987868
369067459655801120
13
196176263383090260
270404053422668321
182351036979175828
256710769127684946
8
5
227671712609016581
194311786585687315
162556684192295842
12
6
3
9
7
180829217785795056
714088744012851288
75497621193425844
3
23
6
485197275271615937
4
9
13
4
161748043203695803
16
338970249513181647
7
141730778148320472
146230176355491015
19
7
248183450238369596
286961002566445171
7
4
5
115070303891316242
139193351754572058
156966386589533382
6
7
296422524600810118
166994230153579740
1
754118298194235387
9
207333957832233645
13
199908423118415164
4
5
442215654904997495
192985322838262418
5
1
155734374717555421
127170329152891464
159109298041841267
128969729273334208
5
815032604456854395
19
264634422415141282
141248396293528270
122275175051773019
9
408467345577099843
196130542895007855
113606685049538088
757128386094503811
127396685258529049
12
5
10
214322566257452387
615420047645234749
613746846963905692
262249151392695986
362859571698677140
200913874691606593
7
138281314324172786
242830592047816943
448209190135427593
13
116260281574301094
112562023807182690
95501975513530669
134235568544248759
999999999999999994
318563760569771918
4
601026580718706411
7
476061781995785364
5
274570904188179746
6
203532433400260324
16
311741175356560719
158353588400367888
1
96758073981076516
2
131812336324268647
462617546289488599
5
7
6
2
16
4
2
566684824860006249
259238715998979809
664100805805247562
145992208235072787
154176364650524216
74580074530909239
285145371821940795
240769057328521476
1
265713450852397450
49
71043594997910740
5
163121313107796689
9
76
19
12
102421617839035794
10
6
127517495238651335
1
11
11
999999999999999995
1
8
5
69249836047174733
135398860653239549
89797537949399368
492880180433525301
179362682244225141
141213299660899040
477166117936382180
163235248320601157
108523272696041630
9
185076934419569708
5
174202491205372363
113734315990362397
5
6
2
116041485835773042
155298071502430948
4
126919208979322708
117803550652684417
2
138693540503362626
5
4
9
6
3
6
13
161360278574093012
130514983226774419
11
610909011747720826
2
133592078012090068
10
7
213092125699417036
6
6
7
113732669779686240
109516833546265827
182594139295143977
7
592187461807053046
271192987010262173
8
5
125247122862894648
8
263037512608349059
118188774386923241
6
6
1000000000000000000
9
16
6
999999999999999992
2
754935122811173697
276377606590150888
10
129825941502760179
1
355864605806750500
118204761419032985
5
1000000000000000001
4
672467219497869864
496253776196835905
182813564671317417
8
4
3
9
365764880710914073
10
9
8
201567811703372864
327076245536714002
159530740336000325
5
5
8
350024185970588818
9
139411663634440348
225774704501878342
13
18
6
8
154296037468794010
3
7
10
116039594249846443
8
515925204985427267
15
10
986922344630200936
9
245045928006204495
3
10
8
9
1
10
345719302150404676
522018804283499861
69088898640343949
9
357065866697633825
294030449129895113
324386520210074773
1
1
11
518975044757007357
3
23
213949498061071404
1
119439541428818589
652189633507307983
178782377053223275
14
9
7
153176052855117129
6
8
14
167662471640317560
999999999999999996
121538634754544627
667169596128904072
218945433041672975
5
191309373013198286
6
8
220123567782717835
5
4
10
1
370607975530643903
225268153554801038
19
729676152997037427
72526932181915988
3
8
148483675741534226
12
1
12
163447573903703161
553272731934307993
162635730119490673
86263997152171040
113896986853992210
79017966339593595
4
278381150854701155
227560475334589091
155080550301271833
355545886506592631
8
155303996600498737
95493938478603140
370234383070291244
399083218677258536
19
7
6
269154987131909462
468514797468045181
86209667832724938
7
11
133486797442811489
131778806798347369
310088650735112592
385101148027180968
45
9
4
340837267374091428
115777499539364063
115555124672209346
9
133502223432116056
559078254047700719
150014818113132607
174232437846664489
7
4
1
71991019080556343
98094037641220972
171400901148499089
9
302672231128884919
999999999999999997
199482589062725726
1
138435591212638313
128575227352473650
4
7
8
999999999999999995
193726637512675023
72668024517324872
16
8
7
13
6
1
198901615387207717
8
1
13
218793171983187807
495876606353265555
349341184877432254
6
14
259827863048643248
325186041400600009
4
13
218366576432788210
7
5
1000000000000000000
5
1
59218929049591278
164256764194725533
6
224351843427313894
167658980845965832
127474287383120808
235726395221471960
9
103785794472096092
106479526640545812
168505397558967340
49514106899164204
122256732330570213
4
5
318262967323084935
13
291119343020708701
175743376777072015
164316586634571374
223897555782819526
14
111567246997518946
7
999999999999999997
10
812011903580534821
7
625173399540392585
1
10
1
149279899404391806
14
446388785715738591
284731987061897021
179276654795044432
161283825665509632
363216641439838459
10
146992899433013234
200870784035811738
762334266266949877
75995599546412518
16
15
6
148251632285879693
1
10
528696284880771224
5
29
3
6
144269167483689539
19
433829209959646360
7
11
129385885574057084
359813533077030141
3
16
1
250476267088058344
5
4
313092124399071155
3
13
248607030101128155
2
222918865389747774
12
9
326123679663821274
14
13
2
103053491127908456
936395929737024651
3
14
88380167270941494
1
12
180064911382933092
15
10
7
8
95737090148578725
8
96880857344770978
64653926676717092
8
11
17
412059713042878236
5
11
12
119124091807291299
26
7
7
13
7
955855935836051317
1
365958395217031485
7
1
6
3
200424041028770576
7
9
7
8
6
15
155492647222164840
5
305727893840756973
126616246718093285
9
1
7
218870361043693447
17
429916726682564665
2
97842497171715535
166894986319998640
246593422906957897
249221959554325394
7
238844105050204207
5
7
138720889795619297
15
4
434652895374601841
6
475068670113464443
228592416108508684
203987090768270067
323910013296469055
95338105343851909
5
738027807102939794
2
6
337829912037174107
10
999999999999999994
3
2
3
7
9
11
5
10
172576464866796986
89954442020910354
85980762401089248
190909897729160087
15
7
327667849256380319
254691567494590767
77857718175278358
105211048994858451
179784785866069745
7
286933589562791909
113905587067950849
5
10
5
82989332660801731
1
763182805741150807
113452547256220020
185988851589330473
98272326913203728
104436804800950519
11
14
131804166237742833
412189801875741618
130102335478214196
424788377416536013
462682742222220584
844114829558815417
12
6
49
329081534594093998
456387935151794841
835868589532414241
6
193560399033884800
7
9
102348372850472790
7
256123326285823270
413549592285013483
133644374862365215
381386705691987496
185291599954679677
290553829869402083
147931141336642265
6
279315928906358935
401785054273185446
6
165548527725805428
212016533599193701
150147775354972041
479703625202856924
117848484194748309
338139400284725747
352197488005081739
4
93638487856118470
4
8
311861778572308284
573711435864682818
6
10
86296715567284603
8
97025168026213188
144176323804462049
132188649433075863
9
11
10
317875005845407278
465456507448469932
636411173305806487
9
5
5
6
309905262644831705
10
15
350782377842384609
98713155828219240
25
16
31
12
8
6
293783336018352763
319158312138869678
269380157372001763
2
1
9
6
7
6
170564182355901968
6
133454637129516572
1
134082014221220963
215394523559449457
83236483894059218
5
882325764717956147
11
16
191897711623857703
217295694269216176
43993979136195218
9
9
96428284998929549
239489398055068190
156086664100441006
213502606766806412
269587689742902582
6
1
11
336254238642155756
3
334776584286931735
8
999999999999999993
378886067415955111
5
5
142797816051777351
365392955729540004
323891609230959695
214560428652462835
1
5
66775219814096504
12
9
8
119793035339060116
8
201953744906148117
4
4
76761488012459750
15
8
15
10
107002509486866012
313571454315691289
531876871961737995
5
22
11
24
11
19
8
5
9
131572627047207357
5
232037370473866314
124783542351886343
273189779517088549
96652760392426182
457482937262245843
11
4
13
6
444776160602288003
6
11
11
5
697275435996720653
4
13
103313350294289305
14
219864350559762248
1
170823250004773080
4
10
7
378366557052514279
55042840462244899
6
11
122081304723630712
161087864187589930
8
2
8
10
183316417743302151
5
287342917414570380
7
10
7
10
10
205388898729440452
255666797690672894
286885806634747817
285777527268655980
253047239107890688
1
21
3
134050779797941762
1
346710066094936185
243494407595642621
246777590913646528
5
4
160442061513406008
845699323997706033
4
129621360928569399
492816821897374701
6
7
4
339914652123454166
374906808965812067
11
106974002886741500
8
8
381670548793903749
23
18
406542650767358596
91135540681078451
148070773577698489
151500618070675497
6
572666176230909909
238771114418950275
5
8
7
4
2
5
9
438987834639639340
148916139546717761
153311475645033602
292845388937884166
4
108547768480337454
105494918474937225
770528642106493917
11
92323673758011013
186303998088954458
359465234545133590
1
112465980431918966
122259628094167079
163812432590268517
8
8
7
165239907317120216
11
846426976628398632
295798531492234671
9
101360846817149437
4
7
14
6
564439878813208919
3
103402455773628759
4
4
163192063636789911
195679432687349193
10
835712774728060012
9
1
5
4
3
6
30
10
10
116186175272002741
181091684369945339
240804457802273691
142835904245558269
220520268612154279
5
850784255866172467
14
158611083267838778
4
6
117717500415117867
14
12
6
8
220411968175411622
416392675911877766
5
146175694989293006
270836210836021244
296662622782838191
8
1
106824658015536221
6
8
7
256410050112308691
11
80259269891321722
519490714967951059
6
331076686487840531
110756411306954203
9
4
198662404385387490
12
324084527433748541
8
113098286912786463
164425235653592695
9
5
7
172131397000954394
143496179306080103
287630529550407788
131927424165439465
6
9
2
182546630813852515
10
421273900465310075
7
4
148198758468350689
7
7
316123663447250495
143053604551085937
128682666505435529
3
3
6
1
233632110768612966
430389091796330815
5
277815873216798526
106050713733758920
646526878463646215
238078894476952769
28
148611562395954209
140808109937380896
3
6
9
279515870845920948
115523752377811550
120603050552219134
7
142735971426769779
1
10
293579439539340804
3
95287700872943747
6
6
438138530511369515
90072205799027125
3
3
5
134152279537029710
461420078292970442
198696091060227576
6
6
279552299513522509
7
1
13
9
9
4
7
1
12
421665390521052118
186210656650855145
98503133505692992
504481865191542912
7
242231954702644115
3
999999999999999999
8
114744020382411804
15
88322975427270201
353643318730795990
188438238263163920
453934401844783579
6
13
591557843191308338
56486011100344829
10
167637761363611635
1
8
97757179620041258
320142395756180714
12
134174682456722468
5
7
6
6
157963815671658723
9
10
3
89497722896927238
79443990415259721
189958568423297669
166814661706819329
13
650623356256477432
9
6
10
9
12
7
4
124644454936892807
89714056095114180
19915308784556309
138236359895715337
316455024416550607
8
7
999999999999999997
3
11
2
81830463379636034
11
164495574047403004
173059664503674726
57130272828470357
99763795728139413
14
1
6
422436133720889965
1
11
223768689610149219
5
1
14
6
6
7
293580226220138770
2
5
7
6
5
101445916008300071
206166453666603374
6
5
63060033059929142
1
6
9
12
542148897700121116
97954951323990865
1000000000000000001
5
7
341719428399850683
179070212842651135
140804501781466404
6
8
1
87740199613001760
386568578796229665
184604189770631033
276134524543266154
174686157321917534
9
8
186107132095898025
4
307134803654212190
153254291832117091
60217831322173642
193724163949254662
4
385068585272816068
7
4
229823026449465953
11
172882265425984950
157211911975342064
117870407047856789
299563103454026039
785924439777946569
49945009336098596
11
5
4
162772050070423114
6
1
4
7
8
3
1
169052266640303501
4
599439065568221919
137933143247325241
14
9
7
1
6
206281096883763390
8
5
69341725671485268
225876211146502499
265720189564688498
1
117514998826110352
151349154628381049
491319852966434702
124482679038771016
9328661337181526
12
3
218412956783995577
8
14
130152283439136922
9
550798557477300360
165174455285305336
6
221205267256551474
11
195703206499782884
8
403734494188819907
200527370490227700
5
84599037017412078
11
9
138435198039996260
999999999999999992
10
203376190907431583
102255356884727085
280790146963020243
261573890657037706
506449203587283658
34
11
7
12
360261220263790748
254881641613155299
123651637885387806
192130252937850277
320907442810982838
5
295657795191047617
599596893146230178
10
6
167328135332051359
9
2
108652539313267061
1
484687465247469253
550081581081613098
356555021848587184
7
999999999999999992
8
3
11
4
166223284756199418
3
379221561260521693
255057341035066835
8
175934398899940146
241087991023407628
6
404280565159627297
22
6
18
111047435704185750
164245859239631350
1
53
124296305738340806
181447937545800509
201902663454753122
5
6
100994218338109094
321072281914657843
755751994322892448
410726080492480502
8
176842758575991127
47743497166851756
153603445144899859
109743765021229104
224943026035781489
126280595223615262
1000000000000000000
131892039429398065
1
8
92912778108335938
209332755364873255
180173322578111901
7
284868665043357327
4
7
8
8
138125196795735028
15
14
12
8
408900838576735879
6
7
436955485540770705
293978979875647722
125639554391690890
1
14
14
6
8
4
999999999999999994
11
8
5
10
6
123246712105706610
999999999999999998
8
18
147764333414603607
327296687002366888
203448417735730821
123373167040067027
123210675226145969
470906873355939780
1
339753618981492541
108777060302945811
4
10
180843980661456591
212072886516466965
38
12
9
2
139884601226620170
7
6
527010792055985991
6
353685062004663705
4
158611804089245803
3
3
202366726671447487
281231238387856240
233255764209852022
7
7
354625839046960171
4
13
267860212492191363
8
173098370560500289
7
270845421306633440
3
222831796290401859
7
2
4
9
154571474595509720
5
6
215885158335800218
188525558963869782
129069601431655044
126986564137463728
5
4
16
1000000000000000001
308841176463133446
11
17
7
230175557609590501
66
277015523697521426
1
159989670257780643
45578971252529678
12
644110222394215359
3
999999999999999994
12
36
1
4
5
548728593913704391
1
7
6
11
5
7
153804502544504547
5
120172943513163677
421927685661772730
13
1
6
3
129106500957043618
294425361121562080
6
7
8
655702207392359782
4
226590286897468192
4
10
7
427211457907792745
9
8
7
116153300091611711
1
266929102726556901
705125682005334533
2
5
323606941489415092
326258354650737699
16
66086677571754339
8
218582948271909976
228456079877160189
745212989866412115
8
5
91403855025897276
6
5
15
263907937489370379
12
8
8
890534993158550245
136923306873770522
8
10
12
250069804251293695
169306191930363430
999999999999999995
344917422877195448
148203362566831084
109021525644919679
1
190389427452815817
9
66
16
119568567357838368
11
29
199595907067488811
7
495074386737362331
275067020681497719
9
390666803724189792
8
9
232085257331514419
4
176505238876968277
9
2
116830071739468617
134583522731538962
1
11
89385546047147005
253863386139454585
227548768048298037
190193995758374600
741096961211396298
613784012008546329
999999999999999997
8
263857676095298622
4
13
4
425271107581838261
4
10
1
8
5
6
119578246576343128
4
4
37303608787308946
2
90876135891727222
180611545602996614
9
7
7
9
77007904663718207
4
7
9
164703736021704040
31
1
999999999999999992
15
144325472092282734
5
195221659010546575
117098654799379143
115666288650083840
13
5
3
5
266987154936013230
8
95987173055467477
1
110028909713789397
10
276915333200940750
280070440395876056
307283041826248659
12
170294450064944567
284665804946459249
5
174418380297579170
12
155232536626715852
15
7
5
9
331660921928943220
9
5
7
45
178490138628941958
193426741347361694
6
675211512903617733
496819092348808281
10
8
124851832157425717
343958602155222024
4
130032169763251644
10
567019537069581986
216288329776368332
144701389218995932
137066579125786875
8
379561006712629223
8
1
5
1
5
8
299525404965432905
147148918584098916
119174898395863084
6
17
10
417386915910784656
8
1
97723655898482319
87254601602008234
507964289881633369
4
314407125783382893
212534513819201561
9
41
97464661736458927
6
101985607389887910
15
1000000000000000001
3
149418841848807720
1
1000000000000000001
106461643480194395
54844768333926069
5
129867353106585675
247641828335110306
2
6
214528847886331378
8
11
140880904410496764
338398477313273636
274195336339618994
7
14
5
83717748555275430
1
1
4
3
250162629102554642
7
8
7
1
7
4
16
8
1
6
143199221106828182
924804385405935151
4
12
999999999999999996
244940595451109508
7
8
5
143656111793734841
1000000000000000001
331195470791790615
22
11
6
3
319181599833382416
267763303343438196
194685189041595862
326485820293987106
2
265715436437638429
1
577599793154617128
220815882855657691
7
3
118466394205927608
307702766246319587
4
132425659487386295
1
8
119575877056547436
160221539241435114
5
12
5
230877394948137549
10
8
16
5
188225885342214125
83491460353094420
10
7
9
1
3
214050289447469383
189761661805812794
4
9
13
2
6
158517554180499002
3
1
9
947687846373762605
7
324972231285093983
2
9
238869596158377732
3
25
151372588173257479
9
1
257797168159481180
5
999999999999999994
450631706988966843
157193085882157650
15
14
149697616636640112
108685894059820695
393331414071418593
61187200788280601
10
249598601189637653
12
231418369267145234
5
235452938400470984
217436034176903902
4
11
224143201324514622
680553327011588798
283584667178443994
167735209378268964
125311084367205781
201090981120374464
51877815119372457
8
552756090871437857
1
391758277861932269
11
5
222592943486053638
9
999999999999999995
9
295817682652164643
8
87573573333539790
16
6
209364469748384485
43
17
21
98493540234939881
470992259993064173
8
2
1
436702121464752853
7
3
344461338493816518
7
267985380460955695
90378233807171395
5
228516756833445554
3
10
144481197802043913
3
239457100068439051
5
8
14
188116510985169543
67630701042548220
125693552269280460
7
176910180857292761
193900016890337066
12
2
2
206463617667516143
11
10
12
2
6
15
302239070406497879
138042337356028480
472545934538797609
8
8
331195759552087097
13
691439487319564164
117966639761550045
2
413131783897387713
182724036303316911
176359677167460302
10
98318414084304916
308407577283905482
15061454204203266
7
999999999999999998
12
5
2
7
364330330387229090
6
279090182053446842
6
4
4
264280479543390446
142554333735320175
6
1
9
281568880096849682
310442983378411723
8
111569562769661800
999999999999999994
45
10
2
7
327087746414663730
3
4
999999999999999997
83718875275711477
337282937504577831
431902751302798950
95737735339342605
4
588510815211167132
124605551978387334
4
15318561913711484
149406292528499042
7
1
