1000000000000000001
744
479
563
99167379167826
651
476
673
552
5
5
1
93530846711338861
100705689288657888
2
160346413483782311
66964400552835569
381881616284536502
93722051868411447
9
95391820165124967
81015048401520670
3
2
3
95323711951197177
205174266594350541
4
438563496347606661
66377707947059256
118423214583573606
9
134695861512802071
532154880439575347
6
1
16
347093898704279118
10
115012330448629936
9
9
5
106699279411329796
7
3
3
140383168593047354
999999999999999999
163864851501523073
3
104335937032985528
3
180238192437458348
178980054598652032
3
168744497176565849
131778104324652902
50875459068848553
6
148102850197411440
6
209126467085210309
3
9
283800341527382467
172196155041479592
1
999999999999999997
1
14
57823180145249772
2
10
111203604551192438
7
5
9
244074261296093398
175652867783124987
95158515142661857
12
52762075010003673
7
251394776104008221
7
5
131440096036709418
1
69836383512062356
185659235957698722
5
125679933823988862
999999999999999997
3
3
93204651273546917
8
85184814616835814
129162052213662122
3
1
7
108698714730005198
5
25343247886088914
6
6
89302733134479818
3
4
104933462639003380
1
36576195495768691
138097905209197080
4
6
141901824326683398
77153679826090502
110439367428021935
1
9
45784466702686407
5
6
1
65033776929957887
204314921106793980
116840574191460619
7
88673131766743712
21015062582666626
5
113396416437646326
234913002181199741
86640250131912877
3
83594755874486547
48930167714549709
5
173774932138632624
254800043493413325
3
117392668487114788
175781188554178868
111256583872757592
6
141471329583214686
153086493180092053
218546148183336948
607329821973629706
137268762288653473
3
1
295159763464968961
2
9
4
84663564763190637
97667591591860935
774911983547245827
8
1
69863622066829527
7
2
185329123705886999
170117926757970988
6
258933944894044290
8
6
88507762590323595
254951136730966186
125018676942441540
112344344240873811
383273907037226130
277117396942908172
8
11
143890375229666788
14
6
10
88509643522771700
131064371992492844
4
9
6
181272599173954836
61090752040450323
12920411249013970
120193359128467931
81071169630016538
5
344960393960624649
4
4
6
109257837004998499
99259061328184953
9
2
12
32256024501905009
1
192955866828151070
4
7
148250806563906684
103119652024014145
133045502527255410
6
29563674940128577
264405223110675659
6
112602384940926755
4
99984953152852850
8
168667181016721925
202680900796639789
75082349301540047
8
10
5
113324487618491685
83449630853351216
6
1
7
103065814200794899
204412465519653031
124705352099526007
12
10
6
8
65282757151895602
7
3
999999999999999995
3
7
4
305134533649435270
5
5
93025016320432333
2
89136057065764572
406102306824233909
129334345507442640
3
4
8
243055035997664023
411892950581538135
193318874090879380
7
185744393822449576
122920159504470149
5
338039898687330781
4
2
6
10
6
312643579563975283
6
1
6
85877590151485468
9
5
127296856721698816
81480792765781850
94145834813559953
9
3
105823064362312714
373919129530755781
133500423916491457
9
7
480178223492113002
4
111108906107591341
201585652885181613
92031676822424003
9
139975150152579057
6
92512573171188133
3
9
56715491139601691
124665408410690058
7
2
128979068646876390
6
3
2
91822235675460837
8
8
6
168317462556604688
4
9
239557566853767992
1
6
1
5
8
10
5
137143456481006376
3
204640156843318544
5
47250793131267964
389312541123069910
5
3
78325430062564397
204879655014524809
2
66733351601797284
6
69885605909647934
12
215457141422033883
4
9
133658710143469080
16
122688847063580606
132502326041616875
126907478260948042
175112431283196089
5
164332057391592151
8
2
121851376830717690
6
8
5
93520358689306477
184316509970853682
92929490831245598
2
216507778432156478
13
342001562004582405
318894717531474703
5
418451046931271809
284305029457823352
5
30920544058245114
5
8
316140083729364704
7
5
152652924071254674
135202866714361967
4
7
93088025790268259
7
5
2
61999363592778480
7
61474106269254419
170721511417701920
6
91709649057406573
7
203697983367091503
75169611237313000
178009554969948770
12
240424308109849890
4
130846572312155688
131982572245079254
3
8
8
6
101440669873672861
6
191418655141365709
5
5
9
11
5
7
410163605689982548
7
124185208311404958
99816972022169451
269593580270236261
3
174986187931274880
253290817347007173
5
4
171682220869649971
8
2
3
137900948075774352
112578863476720072
362011060633043411
8
7
1000000000000000000
4
8
74549721163583471
4
3
3
8
14
317418196766736072
9
78981708003808884
4
1
112106285381112145
279338054180813401
89414065084575928
15
4
6
9
109458429151097355
3
154801045054194350
118778537108243635
134006545673357149
2
111674207608236523
1
2
124804459140042359
161911497043733563
5
108874877760017231
61906030591782588
2
12
9
4
1
5
4
193776922827314573
3
1
129784601366369720
611654534510154513
491655179566370566
5
13
102027093589707461
4
4
4
181675891996057484
820412078959906427
1
8
126583938175373786
65886674609205514
8
3
9
424426483416266118
5
10
3
8
7
87783093954264985
1
210285496525841546
1
48010830399156100
267303936417833430
7
10
110656459731803027
2
6
174066429711423469
146059926843510406
133607022321940463
210265957486838527
7
9
6
6
130541596420738455
8
9
4
1
83414184184376736
7
6
3
3
6
5
5
7
7
90493304351034607
431861126455376233
1
8
302209017010770246
6
354375671412306444
6
217092366699547426
97693432100662922
2
13
72982056131562101
4
96920784414238769
7
4
326773040258000508
7
6
149059458263070355
1
504235291524766966
190501829690202213
5
8
79698311771862652
15
309509467576119069
103941670300450536
129373656256125266
5
5
186742120364600621
197313703972655236
3
71012833466222718
80246261760823782
2
89899940130076316
139247216641635643
1
467939109224617431
1
1
101313790299477480
5
1
61869277902215933
10
4
14
1
4
6
7
100031666614336531
8
122105521299470826
289015872566531988
5
79757334377504575
143926267051432823
269110578480886240
70589504567150369
86111725437780548
3
3
7
3
6
194015807024850535
4
134392738912215394
130834329414561186
72635238657357373
6
3
94545018230089385
153928562160204300
88066926092168478
10
329847814516902504
165575828444470188
126235080934970684
300937869256297082
292779317586899185
113825110130109202
198610948608809391
2
78856017538488499
103452098005796284
1
6
120559636229237273
176951229385073681
3
8
8
4
323098947289756006
221601571782114335
4
243873753493949648
7
9
5
6
256936798689187158
130748428472939773
3
134226603250895884
36473285833609092
4
5
150982896058464648
242084340366942812
10
7
7
4
160911889363878897
9
2
8
10
8
59041566563743188
6
253323354711550141
147231002654646626
71741914248716811
4
187549764253212333
6
204342276259962215
4
160691299092968743
121626938190059102
85335471731513912
4
242762415827269137
7
85723021569886482
4
4
2
4
8
9
3
8
8
2
208545182215280959
83550978445646223
155108406587742699
95100435674964508
3
75294818316721272
4
2
6
11
122307168579237212
14
1
73947876875538392
8
1
492536418088733249
185392643043777809
529004454220162897
102674204002898250
7
8
3
9
3
4
8
60814089985423525
7
5
8
89524891725510466
111217235170092333
243560428171179383
7
4
5
11
4
11
217637512289045727
10
280919468262675643
4
4
97016263932560014
76899085939948229
7
124711364269994382
122490680334066887
161389187020225480
97939944762477630
6
3
121666180029238174
239534619799935560
82704003897171326
46850295359006684
115787957679380658
5
122551689656739703
253241730459112765
3
12
918234634278117169
8
5
4
3
5
12
8
241618410415412329
4
4
141916754055460029
136725385976111662
6
90538623105610134
6
6
47781090335043201
4
302832694860074428
8
6
9
6
61934735502453675
769966136460982916
6
123067794760495420
1
182167080539906504
6
72976106660799039
5
13
1
11
7
182313526543456180
425613799603563846
8
82077070703844888
304389006495894774
93187875155709790
102117242988308844
6
10
9
23911033679107494
3
5
205484966462006129
2
6
133193451809999080
2
4
94075931804897986
132695607005496181
155504310698424079
6
266924445222921694
6
165740504712656187
7
13
6
8
7
47912482753273388
7
78648657704733011
5
90202746024780416
9
2
9
165391755818867848
4
9
218686957469201371
133328581051877678
1
5
486550730710288223
120306373961389016
4
6
84910616016070752
34369418580694961
8
2
8
19816532288542371
56593964204716262
9
117549010125303975
6
11
100399264383871465
67069268261878234
117555026001900770
2
6
190929664052764364
6
145450281624486237
59901998633116484
203633119904457482
103188635895864002
85542408236295362
2
6
3
8
6
60038025316937053
180560603767453191
446220382823796582
246931447230222498
3
12
12
13
123543479494861765
276419939478237848
165690878628879044
130446929167174096
6
9
181831295082539302
119845193386396334
128910660825050571
9
71236008555541477
87967491854499871
39562578489010142
86306025154167622
90345857879900588
76815446317012859
6
30251683550539222
77389289486434493
52147593533902784
6
3
149349100399318625
3
1
115475345716027754
84882245529392287
5
103491042442814885
129136364134967268
71750972523444652
144887204652426903
7
574433026793241803
7
275465608183376983
2
189934096329424167
8
5
139810120850100980
6
1
72698992436578506
3
83249949655942071
166136079809342869
6
298256492038946240
208244814466241285
10
199502512568678492
6
8
7
41815365891777193
3
250534273285809711
7
6
99351662887536678
2
190660987931871047
310193920820859504
260047780175068506
90174269621876225
115451594897570306
146087704114176675
6
71739070488692266
241299020985187269
90883687365231802
3
83564058242857294
7
5
12
2
5
12
4
362314130847312730
3
5
7
167966526513222876
1
119279946163272213
158114502321125191
96343443752225244
7
4
8
63367592184112169
101701801541795153
260488369668648793
135868182514147014
106377059290077386
114251013452552949
82717682447343220
465546334551735916
1
65473673958705015
3
30222904632711582
5
75073883885997382
5
6
4
5
63971816548608856
73571582270612040
7
6
5
158268073083662385
146319693280372855
3
1
1
141206351097222653
6
7
78091446119281634
5
95848280367854352
6
1
8
269077417322709992
3
1
132105260509193055
179635003291214414
182567086559482899
101088574678477486
11
210278943210369783
154359792368973496
9
148519994818403161
123889414786112337
125971583122605244
75682996411583446
376068516426251244
11
332010697426719633
9
11
76760559764093732
5
9
249191108857476074
3
68173482918000220
215222283491447844
87538879937828630
2
7
7
38819172390288263
1
2
7
84675290635049973
5
630865298489511294
5
5
55294624423834315
3
66593714368295207
6
278483749780795134
3
198330887927955605
216022712582351303
4
1
3
178420440794283187
143467791746691285
126914538084961700
7
6
142827335494416998
132567207551155394
126268772183206272
147456153503263771
322081979995369565
60202140971532661
7
240721332778122349
78891637237821163
2
120724088990601192
5
4
96802108014648842
1
288845700343436346
533092525166060934
9
80940473355802898
124212090060033350
5
5
3
200211426837747817
200225404444019990
2
999999999999999995
5
154766289952262067
92193061844332017
213349383103139735
5
557906776117823198
208136953001659140
12
8
9
2
6
4
5
2
178296636476324140
6
3
603992455911515840
123615248935632755
3
215609463096967623
91679322670261741
137585326033991347
11
6
97222745477344785
207471703179495644
4
87829415710457597
6
186480507703628578
6
6
70775620027134264
4
64530738440701780
3
3
126715220721831921
3
93667586592928488
11
2
409861512564454349
198366336018607701
2
276165068412297693
5
66086483308462427
126936419154624945
9
8
54381898073493649
3
8
40904522660925131
4
40235244240528146
2
155091900257309702
84332809665831802
93333386852630190
8
5
5
105369569943777283
8
70413498381522401
17
1
13
147802280229970350
1
1
1
97478292702310395
4
3
4
119096262318852193
25156200563266967
6
98081751461687753
139229397952683257
2
6
90879728002259065
107025066118189307
206727121001858961
370422017286116100
6
8
193921942045436785
4
267745631257334837
6
193467325489241023
5
1
189318097294198516
73778420044904998
1
7
116911491650434664
8
319834357025420026
182289273773170397
70663933845986726
12551435154723872
3
5
430162184015606295
15
7
3
3
55790568566813037
62850109551127684
11
1
9
63185909033763417
94921431494123626
342958699800242367
76432885694521936
80135124924536579
200232993809659275
3
190487138654390864
524970167803031257
35103248491485197
90860651976735605
8
4
112649597229530023
377573700321063438
77094269543678200
6
8
1
3
134045181248344334
186993860369191189
66260742321483954
4
10
8
17
5
4
128874027655924141
1
11
4
79923708136800971
8
106701157039282015
3
3
2
3
9136698300427511
73620053245760244
78767369018300083
166629551823864821
558078981680295903
184153327241221031
99667343511720455
41684206169011207
4
243637427385566145
9
165066873876206522
320223457361999131
193770922839415293
4
374306245247601870
499603268426529951
2
6
93419043178365526
382609756945637872
3
9
79520539461232039
1
107809358101960145
8
88727513698743700
6
7
120639410738883964
5
6
161830373502060939
6
162754690618359578
2
2
8
160276546069307597
74535810900472508
3
173154543266985026
7
4
281430896683500991
81606151737274170
3
6
5
121185187960867095
4
5
6
206742094521866921
69588114162525450
123345168168815071
135653515376586765
112283360931876505
203965132260691544
97789330583842519
96084417972002547
81707205563102117
7
6
7
124289872132951348
364723690616803762
107276804339894209
159558466361404243
5
175251218830273536
123625282958410421
298204880945411880
13
177470299503615679
81158823389278290
9
6
68383508603136475
9
4
5
9
3
6
165276659252870769
7
239051680166986464
177163646466861643
7
269930073110556721
109101506548104220
2
6
8
6
6
3
8
7
4
6
5
104405471633804758
5
5
3
186065286921166022
7
69942103082396978
5
2
6
591990409664823383
10
71415782395862439
6
81280736411055327
1
7
13
179382741626549629
4
117346633789025717
9
5
145063294938929745
7
57793198378385867
5
199457239254397016
4
7
4
6
1
170228385062498194
72417286507582531
3
8
5
8
3
5
2
49120498458136765
54112761841758429
7
4
9
5
6
79816292055658840
62131804935303059
56470160435333432
4
9
72336854036525535
5
3
66045681534054171
132190451532268584
355207356465536703
170153058841637435
6
17
57575987450193685
3
72340349989510947
2
180876926823654730
4
8
9
5
9
134184513184727042
18
9
2
7
6
72494421110127593
2
104728406471679430
3
334904216375824253
6
99372831275419684
96585683688327901
8
4
57353733094424504
286384024346829944
6
457898903792842771
5
6
11
7
129330872262769321
176876474170338264
163353980929139400
3
144688574997415631
4
4
203185636373100515
8
526395341486472147
8
1
128093857093845405
8
169933890516013414
6
250060370417890214
10
191702511837477501
8
6
7
190504343848233010
90234753276132967
270927220562449302
140555820720993660
93711736019342232
2
175779065461528338
100753075183215660
394988612579078646
2
121003728853009877
83505493899785251
3
116843970202462588
5
3
59754956976648808
113107007307804279
50325064336071182
6
4
243567116241633568
6
11
3
6
5
60449533056768829
4
87986766656589319
4
202300126138953619
3
7
3
194848167043869391
137751099724553267
239614467095169488
113149236147817188
5
2
85409686525491063
9
128885578979542172
103962640436583259
139546498848498473
6
6
3
61477926140201780
219899636947306807
138030301351161590
7
4
1
16
11979730468101168
7
6
2
12
5
1
106752838479956560
153350669742691774
62664634108759269
2
5
158381468817957928
4
8
5
375369979459994203
76803718533072087
4
122816064945788952
6
7
5
3
165869234373178493
74212913884942387
1
147898642279653543
187472216601365492
27951708754703772
110925874844406056
150187440869415079
3
8
105054157085281555
6
1
315002845984400372
299457839901531416
58158931627734347
3
281626132212199305
4
96404876616938819
7
59566845376653322
6
7
7
3
22
10
110995829801036506
11
19
13046117218839197
7
999999999999999998
95514500958690868
9
8
151550240332332700
151167383996646427
155114919636991721
4
111953404800389491
3
120603523745828274
3
127977570573753175
6
99122541993513257
6
6
5
6
4
5
7
5
339166326630594544
9
11
4612246110026059
154252725967994537
1
340633324727051287
165471270194440469
6
10
755090334778327134
6
5
5
92413983744384443
1
66530948065820016
1
152389104287627782
7
2
149772795888344209
5
7
6
273629262379414038
115833553090287721
7
152220129224108233
98818203907778023
3
6
10
12
506987935345324100
119020750816309781
5
7
8
9
7
193344193094215055
9
8
102005863059362637
7
153587486062991353
5
143046992929617072
5
1
236137073332353322
4
5
8
93558962321337754
17
163756619369257817
8
533885886806671613
2
4
312999283979159783
5
149782072967779402
81267579388582385
235238261465194521
166656736223013413
11
6
5
165922345761084535
6
12
45944393780054558
227524974224344519
71293121594003741
4
344630593233782365
8
7
199295875644218044
3
5
10
3
155449734092701401
2
110270211802659170
160478728695497106
8
4
11
5
80449714862270920
3
6
86584638612227443
136850290256158243
56110494763965012
5
80550587407440154
12
2
50215252218171208
139814206144989302
134058418484952610
11
28626688124405298
8
4
3
88165541073777634
5
149021970109424492
101231747410625744
43482195746617117
5
5
128280929523060732
3
206513696029781197
58082232479464183
1
200618514373615561
7
1
124271061893524606
181978285764161419
3
132141585402238269
2
7
362095005876574597
5
159992607130286722
14
56911350869889140
281674762410288103
7
271441316910947607
130633974389155177
8
156950538797159848
6
288048302243950540
7
104436825652851885
171575038538091966
6
6
5
2
7
13
10
10
5
158055502642239181
201202943318625124
159258087224186921
3
6
357728080327681885
277904285146286973
6
6
128240451769078444
4
41865334185489337
308021989228795504
10
1
129378958297044735
105775304509197034
149610686248949556
114625234052652762
139006090612716965
172104111567612539
168235066216941166
5
8
6
131331113354438136
126747570655373612
4
7
188476262154002894
138636914993905562
6
16
631100645912361922
6
186904671408442211
2
113390252587527818
142741477485059532
294464646135066810
2
3
8
1
4
68995673181775893
5
137419182109431403
225366238095663223
402088258168675044
119974796318978670
379158785861764479
4
7
51334270541122425
3
7
1
297506847187297477
166855318713217182
6
487760432314007115
95068683614574594
7
6
1
3
122714068382641931
85633292393724478
286609436847183584
123148559484047462
179940377748634053
102164897205287154
9384376908583978
61523746499891445
5
256387026999913227
170861376489039553
5
9
8
12
4
453246898089986852
12
3
53078067340875751
12
5
298199977463462249
11
4
8
115925862655994371
126172974274380656
95107977446064371
9
13
618187946496134181
5
2
5
77984933377393653
1
192443071366668177
801232442407512192
437711279299065870
135961254950631198
182521911218605930
45958431981774365
299497017362175317
7
360863473012214041
7
11
166802929953477341
79715728438046426
7
5
110199438097794514
8
537689571950361802
158094035525090418
4
7
2
1
84180343802543335
4
5
155986723953818677
10
3
1
8
5
9
1
7
242168940911927602
3
7
727424866867048471
2
102471467156762758
3
9
128740540417826570
9
141432122652854356
4
589575458611271919
101440712556785078
5
4
64798979386314356
2
2
434063219826835672
5
24691220104265886
110625820879772623
76120687453592259
162196270954444229
116272037134623364
242578090365126771
48596703989347099
10
749696207447800761
4
49062882185127752
11
110417996756922786
87764518726564588
10
6
144113164464861878
315392180562038522
11
5
7
9
101465810707933928
15
100190706565073130
9
338668922665261916
14
5
6
9
2
52652104898205086
370222913955131265
1
6
309454592233020388
9
83025489334429395
4
148425798058847156
5
156590415156319285
128076423367204649
131687249632584601
5
5
352125318517885284
7
4
3
94933481747615299
49394422044497590
541764598258862501
11
12
84492233664864690
94132267633018195
171738630951050324
70316107079946959
3
10
7
5
121821653665522745
168244737243941476
127376192575173999
7
60849490247482856
290202577842997775
6
6
4
10
244799132907388113
281232198906322835
178343685538700852
178703069759633245
30241445502988151
11
81607930181513848
135084879560899729
87716751719175603
4
4
5
103962422423540384
166228099406210772
4
11
33734464109371440
59424385530056024
7
160769821111298192
148937263913564439
3
7
246113085680031360
5
4
77702454741495312
7
300657478411722587
10
75270792792527269
7
6
7
6
7
128385820607995601
103915326280431983
62274405739685609
6
8
8
459873149237473232
127872025653143415
147441516699205844
24466567696274855
4
8
269999125917659617
37754287548331599
4
3
4
111264626214011957
55085841173753622
70863759174896313
4
8
55035579963283684
414574415364357241
203984962938587820
8
7
7
1
4
5
149453599874452526
95753585120201012
4
6
6
286014991125478075
80429955564282566
151528921013207100
189161935962155885
1
101972710881223604
5
4
8
84571726670598986
103673925756793931
19922946145226818
3
171092122325922922
70237252583984737
17
7
5
7
262092590900600325
81417976485892260
8
186959084931213655
7
6
173764755612359409
98197660356118056
125470198556400508
120347305398616446
107086336214132134
161007197296195221
166497127139590678
1
161886156394964195
9
4
49120550399724112
5
3
2
411212103006516735
84608891626815717
97679945852791691
6
4
4
9
738963398070713406
2
1
1
5
8
2
1
5
13
2
12
121094128400446875
197405285528063226
346687051926802995
5
10
266515041420763448
61747698224014668
9
6
16
105880098427126672
108923083800156223
1
10
6
2
427139454913176232
163954569430639636
237897272071102839
242164692636265427
152489543036987788
257122534732956041
188529905784129235
5
6
3
211217649788343265
82580927940095682
4
68666038512739163
192836426778276708
3
56874384867847783
569523029871959954
9
1
215230943232588479
7
7
257845910468265304
67666557110356663
4
117604270108575973
736908329839405891
3
9
2
89404283407599590
3
7
5
3
2
201742547882495382
95611558428741970
2
65147319213912445
13
89868271997516190
183942356690396103
196744172068233813
19
270634051454392093
11
999999999999999994
271890138835116756
366513381206831660
96636938711862404
5
6
70628072056780572
134815635396485817
8
1
10
118415495358943639
188729058498772425
5
9
191728663158048695
11
9
5
9
2
6
155519599676135338
80615136351383464
182533621275019653
297230856286066820
3
3
458785851348499690
119777176926620672
7
138166094731346184
205069198320884942
11
86119108103035999
11
6
6
7
5
125692084387911169
8
43993466043543801
6
1
6
6
7
7
5
607391796743555897
382173725312196200
3
345318407477743163
426614115103545227
89715757720342671
4
185555686430094761
9
143459452306164727
63914521393273113
6
77952907089750494
98263957074045454
82010788183025548
5
177604523292332547
5
98258352445525412
5
191671075535532831
134457883651309581
1
385511095582558806
186623739327560100
5
7
169802780719286754
166437120340296360
11
403794236139176363
190843697248924068
83497857740695252
17506532996672227
5
7
73272588102495456
3
7
247587302615856419
5
99086402581088859
3
46124344394123111
6
137413430108304342
9
1
7
174828499607895335
7
7
114335016254515430
5
60461800756208703
7
1
211596049540367434
8
42940768251850787
6
138366089348305675
114624926973127635
3
12
74691775833803019
195673561171853477
4
114083497591632029
2
152266489082985697
124762317674985807
62748888447887916
8
11
1
48648052961791129
284801380268707105
6
315645331952171970
229725391094977461
451941237000924406
8
5
109794200017642264
15
167364082651292609
4
159001714232367048
137413524799566532
296230610274351778
7
1
87291158162744471
108362894202327825
149979959764682485
109024367622812384
9
6
1
83671860233818858
62795875094920943
14
10
6
6
3
131735787412012273
54729748362084518
174361659236925610
144494539294030328
270324660961858847
102139248387218249
4
131673705263995930
97176047282387199
3
6
97376537627588820
207792443242492469
76139970817550038
350196877693604321
1
5
89540589792325413
6
121341193528233608
109486594550457742
69884214601828656
10295694189096448
4
52468001905326658
9
165875790513341465
1
168489051651695945
4
7
153769787600492708
285781886120114177
4
999999999999999996
6
177107612480356113
9
2
112152853464053152
97184385531473143
5
7
5
136147512871876577
235294054908668598
10
105394894123259615
3
5
138160688612583509
371404424860895869
6
3
5
56671163820348942
5
128237081679712372
4
93256855014912354
4
6
304378655601748192
76526549719101745
7
12
7
2
3
42745976388998786
5
170930311440817916
162711993046952510
5
91084534111611012
5
54514928373006396
13
217152168324975714
89860195345730331
6
9
103692774403437755
2
6
10
999999999999999996
198966190547183713
6
334496033496912547
70978372609535496
128065118499722232
13
124672283684946305
5
1
394981342529726880
215764366144600007
6
2
4
621942167587340374
5
8
8
119266472500360846
5
1
8
5
1
4
58806040769373298
529633623317663720
4
91351794015254231
62728558968200609
94019869460236546
246702829661278488
210688958242123008
110234071022598451
32437137586673323
292894461884261635
262060012736069021
134416555395359360
8
23623028984961877
2
72391026061680826
13
6
9
225534470877217840
10
93932862894193097
96838687084163972
158460142582945038
14
10
75200653066149699
97050189396949946
226808008679111407
102414533968045078
82938585677823228
5
7
110983420381475133
72092750720212248
6
84161101976663569
1
5
8
10
5
153793800483976501
49986835822690333
7
4
9
121722876905444679
68183459215803919
9
10
104859745134767605
3
5
11
48487055416922615
4
3
1
7
170147280177174091
8
1
9
5
75996163667758612
5
1
86061928273450801
80670504384157558
306629107790226837
5
194814830313394327
136954369451307945
5
92526222116924906
3
1000000000000000001
473251842724864735
3
227369163036004492
9
166551008018458239
6
96280409457492328
9
98612804636208235
143346475620519836
7
182909920853239140
72334787228877345
265406962761224640
5
2
7
9
6
157069585138646806
5
163149370940893872
2
128472182033107000
6
4
1
91067424962907279
3
4
1
5
76360668165484681
6
83398452348979403
74733345286795559
999999999999999992
4
106631014582338838
71682675078500764
171271157873537275
4
3
83719579230541605
87311319895856076
5
6
45012674954668856
1
11
1
93529597246140911
4
11
6
4
55793107849935986
737101912931438467
6
7
3
7
15
12
5
6
150487970301716510
3
8
3
74634800178672736
148007660721867437
61407796811292792
7
7
90885000785748138
6
275516072797365107
64923624218857359
3
376110678744436180
19
107182638156419947
123601215210968199
1
103630016432080899
2
1
3
517454949012488108
5
8
5
4
2
120228057152666910
7
11
83036283447590927
50306749370476068
6
98930951036134392
8
1
12
8
87175779765656289
10
8
999999999999999998
80519322395110309
69626671219884804
287991377949788361
5
201339700548477444
4
8
104513810195462210
5
9
9
3
7
83731785099441208
41877353529640725
5
9
1
3
6
8
2
6
3
203372475763992544
4
8
123636730014348274
176982604748100702
52719495157606260
6
487152275447530875
100116524843255128
3
814502905586064398
173587920991947303
48244606985057167
6
153651756837649013
8
6
1
3
7
170723836424135558
360344697566552532
12
5
9
187247956854764339
243772040451552484
5
6
4
3
6
3
165360955804172128
121369101131198183
9
207425062128281934
196002041187130054
4
10
37319223581733541
597121735608797688
7
68588749614235268
135764353270255027
3
7
1
190737235622231450
219990937423261400
5
11
45276136702309196
29001230911794364
61697746852967778
5
5
7
170711622168281425
47889521071993355
5
115721789727589324
27414782762820123
142223013907917584
8
2
6
2
6
2
295706716301566756
148616823076149603
8
2
576556561908328241
5
59981008153605221
7
10
72443416890152192
65588113725300181
3
8
9
6
5
6
211632144581828228
127022739516270615
9
5
308128948384761690
86419438496825105
199206812431559431
3
124967750558644164
115069908666584714
84209788566801262
41586859864501737
7
8
6
631363395432368402
4
3
116029318679314427
2
58390985897649396
3
177268344013386006
3
176296387845748718
237065860012739733
4
576867392287924727
6
9
3
3
6
49055551080724091
132243873444661923
124459762189644834
152444458228286087
3
5
6
7
1
428775231249851377
4
47988575385201782
190839881535205864
4
304861275653554447
2
5
9
36055514771121330
240400515482218620
7
131907082122205916
4
125461065293296751
70405311507417478
140086373335256757
5
137338294633123078
281198825541752250
103516395190949361
126060115554576628
83224357602688789
163406084204057400
5
4
8
137963055815905800
237024284579072527
241659788922975826
4
135615804039368434
106036922075760453
5
4
7
10
6
101176120901481379
7
11
85151820001986753
57254498277286997
12
94405434406884522
316787205784635352
8
2
70238957194250960
1
12
1
7
2
139396439401490771
4
5
9
2
13
211121984737287744
26299554582799267
301192227935438462
8
6
11
53135243092378472
8
84898454125571196
5
5
6
1
7
9
3
106776787142029703
14
78313245252397340
7
3
2
112888336028501234
96345325385314213
3
93046077549991935
6
5
92110582341309115
4
999999999999999993
112862008990904138
145784707460902596
9
8
5
19
79931720122014632
8
75156929875567122
7
104097739726769739
90621367980971435
2
1
9
7
139578013132597866
30527352966209742
8
9
111051037787227011
111666887705152509
85278657610450653
27140747622134326
9
5
10
16
138506158183764138
491671865809563827
178426959375167949
116968428577434176
4
3
4
6
116088483762407776
46735755772432227
5
9
127301367349689918
5
3
200362699918209703
151950882002196635
118741609364030371
108177680045494023
2
200958707546141749
2
225331163402144008
6677312880066130
3
79715554275659404
7
117399488229089164
175870894382532648
283608211635505953
92604471150188515
3
3
12
7
217630717483496093
144618766154722909
613711075483295165
71852037040948765
187947595066448424
292293951038053334
311820634053531408
11
86451473055012211
65850338193828391
7
8
5
118974327380748288
13
6
141151791524115111
76323373518326746
181425501351162868
8
12
2
6
7
201707703249764640
255872385708318238
4
999999999999999996
4
195180523321830758
3
5
10
2
101027962855705188
13742394700195294
259467588697717630
68689044036548579
218247849931350394
1
6
6
3
156424544622551311
102286041770564401
177597909470157790
3
157525145328920668
197594914635573049
169249278792660340
5
10
70916413181473580
184943495591223224
124981359953133636
4
176034997578109324
5
3
82328740673562051
7
110207518830695841
1
184398241697720634
109140087948149615
8
8
4
62922568951508431
11
1
182453069554192214
110196434171320517
20145831252117356
133645609133697835
4
89851964655585295
6
112816245896083276
234030489541171526
75491269368072045
7
3
11
74508368654420180
253031967105251718
60772173465292864
5
5
1
104885804229509827
217565027088591817
6
5
5
9
7
154096784427885229
292091172819956940
8
153954688585105432
135412830749268385
10
206967497285393854
1
6
8
195262344693510548
6
153142913147821663
10
8
141028427521674946
3
185303158090599266
139285606945088554
79144665114518554
272035620416111741
4
3
5
7
228179497201752635
11
7
4
244791806903361550
444964580572412060
7
4
4
3
4
5
6
3
338258370036533310
69601816376250832
999999999999999999
1
3
135734372337708849
8
8
129142380042330996
92091639994940010
6
4
5
11
61928047405515819
4
90751079746500322
1
107901193206467609
450073134656629928
999999999999999999
5
9
16
83413293625653042
7
6
136197821487795721
94883042679270369
7
186464654526687860
9
4
7
86460198532883998
393688046205490630
112024377039990505
64654902121653281
1
171815587095645767
8
6
3
180621304935114305
5
10
13
83032944446832875
59183228806959180
1
5
92672306456692656
3
239415091388414754
10
4
7
349119290575950411
268497930254108191
8
47682795856299124
67796128486029185
114029678313767050
3
70221204551317442
7
92114785614711551
6
8
347264500763449793
116129307807109169
84560489455136326
61643144343527513
6
67245292751108681
101306492236820256
46343429523849080
999999999999999998
8
7
142058748336544470
3
175181417999868326
413089377273117046
158453695454799653
143675665786718403
135584711985106379
3
84364001230944205
96719049300976220
449419987262596864
8
85772222570579622
15
351860756089388743
3
156791668768661938
3
2
85433823128006236
118350196172681853
362419472960103659
154661783061753951
98874880723337630
1
82661498588542346
7
48414051128733651
6
144477256694694374
10
134407841999361822
13
3
5
7
4
9
2
142402121507379667
469702166324223780
8
7
113565965814739848
1
215185747367450150
7
3
104154980136432617
1
151375754716040893
3
4
87125653881844120
17
5
7
83363931597436822
6
7
311978076582979436
81724022844964026
7
178449310289999821
4
7
17
3
244486456975565359
145297973609041252
77186233337684058
131761646861702947
5
6
1
695122417447085175
7
168972640066606895
10
15
10
190754617264648525
11
6
15
3
4
11
182236172360354305
8
130061231924348389
95467425380922772
4
2
1
6
828929070612396001
5
91736984892844474
1
74093442175625929
6
6
3
120843320114664416
158489943452509536
76267206840817424
7
122024988852311244
8
10
8
9
5
6
178279839102318041
148288162932898308
90976442677197603
72229346284254051
3
5
1
4
8
29261405260688295
7
100046799429555746
166433461497074717
131090328730398109
144078302549825525
1
350245587274292385
3
5
2
196201367536698197
125976256933566429
75708137825085363
169406995637148860
245741713528308082
6
7
91306698195057173
208575647236818586
283819550846185812
7
4
5
6
67434664007069484
205247185120390975
3
72282893405559199
6
116481943933068395
1
164491140252118637
8
91936949029667016
157142256761590440
2
3
158447713076337391
8
143019584535392457
190687751750958902
123937935068156828
220273383510336646
142152154290198050
148943649742223585
186001748049995561
10
80950786841116254
1
258352408423250133
16
3
9
167346222944084964
133683361537404150
1
83593642749532079
4
122224890572151242
19
9
428315199774399916
9
1
176305065013257185
2
235835056871196087
106684854077250766
67663610539671659
3
7
131965096231741871
180231420137842909
5
7
3
231529798859583379
96143586609444069
6
116895794530548770
2
573783369032429779
252308335740663407
186598771929369206
305160881780597539
5
1
129632918257050958
133703163401743194
6
4
6
155955731527256998
251940768869794900
119464591305397322
5
381673898994048227
14
5
4
10
68358261249956420
5
4
185512839271350610
11
224444879072340741
10
9
127574573255621987
146415135745894154
8
3
152928592576416795
152197534085362809
5
8
106499318600921861
104644382343580846
5
2
6
147492292434081696
7
6
5
56188955810527706
543418421145951982
10
169125665824478025
121873732684623337
104454245581033141
12
130365785102170959
3
7
7
4
69546234161822765
58024719331146262
115897691867876913
7
7
111709285855309391
10
12
3
95524457535524203
8
4
143799916102787549
6
11
2
2
11
8
82303098027921355
7
3
11
11
162640315443839540
4
3
303516049355099946
95304988974446680
3
2
1
7
150943498448678851
4
129122712785041867
74900995784749747
9
5
10
6
90334380375347988
82767867423032221
126565931775545566
133962910049800025
65124114885724208
79024566149851538
120461696290258527
253979514805444796
419989731795909013
116046090316450619
323434308342296760
9
1
7
3
112476239071010904
6
112053025148790347
69925200915500645
176299417817058220
3
7
11
89883919984285407
1
5
141153780591068785
5
1
90741836549410401
3
143484732204995936
45266652215639797
4
205620526182747526
314380840950648260
75024802045342571
12
4
101290721717083007
13
156564558193463340
348813518003396212
207445576629499703
3
3
3
234683209351560121
5
7
5
51950537943109653
69832963987294640
5
1
142884860211069191
79456327132586927
5
3
89273733862546897
40023766432012613
189512345648066085
10
3
286222882220762521
130269643158709031
129964259096812516
180717933849434297
3
47034759208330594
3
6
7
147349794407588377
6
60580027471649990
75157944257870092
3
278582493809022288
5
80535559586384425
6
4
3
181094415308932557
13
999999999999999993
7
5
9
111161679670034257
93064073669477426
7
285605422110054516
6
131180516233937973
2
7
115375938520962462
277480297658578659
1
118491045085703978
4
288712509626121535
198577876380029037
94101413045404214
59964270598419833
6
9
11
999999999999999993
5
118341531699338861
199797667648385410
79324090675491738
1
213294903676007492
668238196167148190
5
195148073198765185
7
98023254787173516
11
3
4
135705282124236695
148989707624577634
107565002171805976
5
138640676629431897
9
104522420030908401
59188043015976877
406152240872339221
3
1
2
48983866763607579
159885359016705429
3
142478800197471713
10
5
4
59276709234162013
2
6
6
2
10
123626024310452764
4
361149575999494198
2
4
110838528382712532
2
104701250114148795
4
91604181679629590
11
135812110496381118
102667859511080074
5
2
4
7
140046119560127487
159520874443618091
285033936568939261
14
195992743315334710
86730110878399795
5
2
7
4
4
132331117149462225
4
8
4
9
2
16
102771522996968807
6
104283066727763417
2
101466138289283570
174438897695491166
4
5
385917869910788363
1
9
160567556029612636
49378057167035025
5
7
10
9
108858453276657949
324850758812387260
6
106327184808073417
109679192221633530
85237237514950414
8
3
177475505387116576
109054159722106170
305915622160042350
132263637877566607
10
4
5
6
138854590580207213
4
3
3
210833108741036693
166503230792214344
8
2
92592242409313349
280582411611938610
10
103591434633156381
104567805028525606
5
65091139199316114
6
9
13
6
5
352269554593448790
156866808267089280
11
3
152550640379238927
168308552926433945
2
7
6
1
975037653740783971
5
339088813838212176
45446425926461537
119150089668709066
7
80200242009429928
1
77068785564007925
10
243678405041688879
170458827629823949
5
9
8
8
299290654711958848
7
2
89298814386110390
5
3
7
171516720550913483
324702415223028435
1
5
2
51209344839899016
1
78281563772298018
12
416585127572635963
15
4
88098881271148263
90911040677409901
8
118708091867357413
141460409369316643
3
8
2
5
6
4
6
8
172876443773237527
148504621155842111
84413840822496758
377302818515804565
87162507271481007
3
5
75371702934576264
16
3
49771232934641708
165853726425396106
77659790833396376
999999999999999995
4
222342782646560941
118019880758812143
266455543461344568
159397147367953535
6
1
6
72659066640999014
3
4
3
135681821727943996
93615568202703781
7
43396189281779939
10
7
148205233844537853
7
4
245499733934787964
125720986964667339
6
4
3
109754948999812676
1
153168075972343357
67898664021568561
72974083698474304
6
6
355610923164796344
127833459955798063
579507949227507864
321540577432255573
2
1
9
12
12
123472697586633439
66038587086323592
5
7
6
3
4
284367861914650344
10
220063236424728632
114343103117898077
293331149038791046
145063064762137843
7
999999999999999992
79534327099780523
389661592487611138
6
9
524100095917112771
11
88934873310260373
114736707022039505
5
3
5
2
6
2
3
7
207407238989954429
4
6
9
2
189766643473542205
115122159328717592
8
142758737460626073
11
444843631676149174
67245431897023894
360442362041648430
8
122199956033478556
542609947201625034
182376277375225252
3
7
4
2
189515015183690542
3
68270683894151614
122364525955488749
309849198851737230
97026560635013245
103639965150110655
5
4
141564656195917461
2
7
149862043881833869
7
8
4
152450146612134878
121118091773753354
4
3
204467895961986734
5
84646263073541842
6
5
5
125362916546373465
232050489067319708
4
125313342067903219
113260726405426139
150277022698324738
209097980775144857
9
15625384795261703
5
89189993719437830
125097691349363535
130686380667490597
9
5
6
201440671155635384
8
117638606518959742
173587647058063890
11
5
6
400716082177984021
3
9
1
258428027545071591
60118896089030740
383693790261945466
1
56325836044143734
73526369484254368
193478014377737331
7
1
7
114447929594738978
88973618511710437
6
11
73239367785545480
5
225110682306006985
3
93201437830605726
7
136771233962067450
1
6
44756751524809918
103252980618210853
280007624081281313
3
152828109966842209
188618465769292618
4
231586798715884860
3
6
130217180273259826
4
71720402353425762
94756484587177535
6
4
101203723540942639
11
4
3
125647776006021382
6
172471495604836903
308348989886095629
7
92114583045656887
218637398001613980
141787848624427230
3
1
63839873684666499
74229804171027216
5
1
83649530726465007
169214602496658846
13
5
133790806197901417
6
291613211614876660
101901315429208521
156096935653785551
52120702527869178
169437005365673956
109938051428908662
29697028821309280
61830198533697195
150752952063529397
3
6
265183892322545353
62397660529811344
113621722307401145
4
1
60485832655203395
180419959473542323
153326598641576414
206180112574521545
5
133110040677281949
12
68885555704267635
2
44289287331404662
71950470533567067
2
4
6
8
8
4
9
226883118641687192
5
4
8
122701778787259638
1
170769501246044540
162106263487414758
97853046173458031
6
394062844812573403
159350572385044923
6
31716128587734724
1
343766592957750951
7
90556776665627231
6
146489644397706673
9
88187979212207981
13
222810574726096532
13
10
139872571039884643
72882026086636206
82194847910267319
2
113435731336920761
7
100350386839745213
6
6
105828979237522088
201396550071326279
7
109791292206730323
101550117160180996
223662484590064242
67369581936152883
85183810681528722
90513007886727795
96910948211995300
8
146614633199754195
11
14
118264557481538097
4
79970540716926217
8
8
5
8
6
6
74789103790413328
9
104118637299385406
206645240369045962
128543360517087738
10
199901003585118778
8
6
14
7
9
95409609374076471
7
4
9
14
6
87751590447248784
8
228404030662599310
6
206418906294265343
5
474549107359610024
6
5
6
5
5
4
3
9
1
758134939119653092
371795076113985653
6
8
772973934800665026
6
44686299892545266
4
3
71704270905487014
8
8
5
79320577837410098
67644568883388556
5
6
5
48809286153476146
6
120248806798276783
2
8
145781159853586818
58376519790761482
182131076996458854
237892608151790896
4
3227235375000972
6
14
2
109300607821773406
426023687073077392
1
10
227243233684347024
616930261813364242
150109522441467411
4
114562135685972878
117750993886217631
65594992389785250
4
3
91868543860675215
1
156120050977644154
9
6
977892599015252348
147726495023059635
3
7
109809107095421538
310126567420234814
216471847989148663
198507051830291709
7
8
264578178526413323
5
5
87772613161419241
10
147789402902822734
6
3
8
81886887506895596
104586356346464629
60835235852553715
3
177837548560720899
486912861394115811
65583339376821980
530811763167326770
8
4
358621204334534003
116483782413019040
98926865359946589
127949412411560172
5
6
2
66831588194478021
175949653371709079
51040641394833385
4
52182754362381381
68450265081540883
110334109822215140
123190961999743469
105156172392185450
10
1
7
15
8
790765369725934608
8
212699864355570333
3
3
11
207774255673023938
5
91330484846887460
18
115663805661573538
133871669039042299
4
9
11
1
1000000000000000001
4
1
8
138364902792752375
13
4
82410482321799285
94504186076571628
5
9
14
116916751223520993
5
6
132259145358876755
4
7
3
124679675755156993
7
93453696244942457
133861491486632237
1
7
13
8
81524588757134759
233677311212578184
4
6
5
6
5
43183013664692689
2
28684212171107839
117649652572409861
15
5
5
79380138283797754
213975750042329941
5
14
60604851741304116
4
84174229323568779
193818312239548965
76724782406313010
8
5
2
55427887038825401
182823554101393691
6
8
126909209015439341
29220078009576201
4
194104737695420518
53812816628063131
77379085807041449
8
999999999999999998
298334661777459568
3
76355680027416265
203230381048818900
178186348278518951
5
245388857756399027
3
7
7
10
7
2
7
184232131154711849
7
22894872092391567
10
22691922357796340
8
5
301767175871783124
5
531711188968472449
117857925110373426
94406888909716731
9
5
11
4
5
9
92914666258754383
105434465529016839
5
97347967347904478
6
212748088935273190
295213215385424973
8
4
323678743277243872
2
7
6
163128076521755250
3
136028412212732138
7
77553081071303821
6
5
5
4
6
9
8
389631263032465946
71767794188066744
5
186483615564055842
267515888797243781
124406925841592330
1
376424218197417632
2
64806434412840565
861439512883355311
140100719856883057
2
106756480936706852
7
76332371547414945
56476590059813263
12
1
104931527952064685
3
4
243996309439918289
237296540954342551
16
1
248629120616873118
5
12
8
51321921880641367
97558861731097625
421580492275990349
6
124320556630224942
36356466440666810
1
7
9
188837400403584137
3
8
270068265990635799
415975436309259994
12
5
6
277135565342903692
125521871074083081
6
411905680550185664
4
194857184676876010
6
3
422541582512390464
5
12
238183986200937464
223622958680903157
3
9
8
60515939158640919
63448314650003826
71686799471946329
121344379505273774
236687450048942827
7
137503155635033096
146676518698888692
5
4
113119924673740391
4
4
45799732855541586
3
211763091504511466
6
77837176781314823
6
83445475607145873
126486973385564610
65687954604799406
73754012662212696
7
6
7
551712188742521956
137842137588991595
6
94990056286093780
5
7
131121456244687795
309414054764157248
3
5
95205933420485060
109314880971077504
2
5
96828121253556343
6
8
770883616015297474
55319867732215143
319803016379938374
4
5
341231983649115709
1
11
3
3
6
5
111880148510588170
123030523585867319
7
664327068166364489
8
11
2
2
4
82129754194054056
74354458346138252
3
4
381940509537888564
2
70393420984389880
7
249001640996335372
522320242566859112
3
181349454738663961
73071589970003424
88861579141829322
9
5
304011857193885328
4
34972675199938081
7
109871462239894497
9
1
8
2
196803348908548956
4
1
74441772879088796
8
10
86996657753469875
241587132111547097
5
203921625054659348
127669011438782075
7
2
7
2
106057912134684754
140906859778890804
10
111555205647341131
11
222385230387359380
2
8
3
147345555418888591
586737596532411003
112159377300304309
9
2
9
194107221034820042
75380792073822724
6
3
5
6
6
196787378531164386
6
8
81586189618802083
291017393649260619
8
49790087471174567
3
2
8
105315570585237817
7
9
6
134562523817764054
8
8
163658926038654446
5
131207478161224547
5
3
5
50689138802838266
111926452320861696
93200184727222179
1
4
111304786527776397
11
3
146249037414034987
999999999999999998
153598985317721570
4
4
6
4
113251366940633885
158925035051785757
107589723572063809
261984522189509855
4
105265911091364411
87397000099630321
134076975328846076
11
116202804088976290
8
210078219555199541
5
4
5
1
7
4
170585843758367134
189474949105368129
113403522469191338
274994989020441362
3
90116232395686080
8
3
5
94105962893775173
153477082035277407
8
8
366802339869095878
488739480740427794
2
6
118901719622839425
106537239226770550
3
4
4
45599156670299293
136578819857173942
5
2
6
4
135287193927894005
196311231157065504
7
14
16
9
204202973155331596
113932082685299454
8
389936398589167814
2
7
2859952746850899
1
673005862266258371
1
1
3
6
187450439346975065
6
148450266062742726
27387200529890481
95173389276849623
8
22679939956651672
5
215008624778514980
89057077484020248
2
114530331277960442
12
29854088080513617
5
147010440438470829
2
2
100251511308291798
5
639614851366529856
3
1
5
87696352750045710
1
5
61246212846059334
5
147241866480233461
4
6
249255659206889570
212548742096144995
4
348488226017158891
130223401642377485
9
28084130328914989
8
7
169640399913250096
635479340357730302
6
6
2
2
8
6
10
12
2
1
146510857049203859
73558612208743834
8
113848222653890808
3
93998580156862281
172710477925079121
4
3
11
102251004973371154
310752073152366348
1
1
3
4
6
7
999999999999999996
999999999999999996
4
140615103976862542
157492816034742317
130059981573323492
5
84702109246204641
1
8
7
4
354064813171083692
2
147552694305160093
188083244111896776
4
6
7
6
8
119544338501257038
261830410181097432
7
182688306478101979
93990589083266468
166846048758901626
177941431842591555
6
5
116759208324948852
8
306801738044390023
84469190175643542
58606255807418523
2
171548320510388196
5
106931033038109422
5
9
112747498577643410
242881874634428748
6
100532549310440151
73264899701616818
7
209152566910596803
6
1
7
7
148602040533629145
82402474584861234
12
1
4
7
2
7
65208385874464892
172366291857665301
39094416541472973
81751843708948433
7
42420163240600975
5
7
382635066421895181
148300168318972443
5
3
9
999999999999999993
117194065560467035
1
4
7
2
172572684242487570
4
6
1
6
162830772211523224
99117096640977937
157180429084188108
6
5
1
12
8
4
7
116925058178955778
3
8
143743458028307453
6
5
2
146542817627520563
104874143283400879
5
188878778397047228
7
14
112068778786188449
3
7
5
87460642670497797
3
6
6
5
223985614425811123
108783574214036128
55044406843980651
5
9
4
89281702052821249
7
4
3
171921129511559991
64833329516540831
5
290038608755137958
182398602174443919
8
3
49209412895377848
2
385169496177008657
6
5
6
4
180085227176780391
999999999999999993
4
214659858226361970
1
6
86270102103065320
4
45581161516736876
1
5
93797579538499511
7
1
7
99008161703263841
7
183956540512369149
137462402848434652
369807783485418257
1
7
8
5
3
103388978468219471
10
6
94053423472778273
1
5
6
4
120657137904453291
233900800143833471
5
175269629818753637
105635768299617568
52828680682516629
1
6
85540311678100331
3
108152455886287540
11
156174154250721138
93505970937076745
6
7
216960235071909988
2
128471029258985915
4
262276193065450320
122708541890194339
5
52570021281496295
222005746603808757
602810597199582127
9
122621825830538857
77205675515449216
17
4
315013192772700740
3
1
118757712037475420
1
3
73146508337775686
147037480759537594
194929123344231019
105276932208604664
3
9
5
129918087951091544
76197751829471731
187053712130220543
10
58870731388052219
10
4
115851976902303536
105870319041673269
257789259328111121
5
47709934001061564
4
225106707670460148
999999999999999992
1
239051090623324084
7
57175726417430127
6
169601747372281803
70794062964254204
263785482042434188
99889773096404879
150336279021734162
7
2
10
344266242800102446
9
2
332191966069833345
203217568230613299
142537303692066817
101895513034255310
185285708222432319
153026379265664316
4
6
3
5
1
4
4
6
2
111335994270764951
503669137181582983
211488125417605785
2
6
2
13149118183250424
428193645645794611
651373800634236585
6
87688860832092721
4
6
45512282532058958
111854789273395702
3
6
3
85189371461569655
10
57163490975007809
11
4
206010798320606620
497104742646663247
7
7
1
5
7
144176585658103526
7
65581016804075644
121146428484916070
5
70863710059739315
105445397100049953
7
9
215457698784459284
7
6
8
3
263527987483121713
175515288809471711
7
7
7
6
1
123153048829833026
37539091378649023
47589186089825889
4
82089049564919433
4
113039283889044967
203003775095222903
6
390700448234517495
42552645624252501
83754831730759700
226068885094060037
52031435559126206
209646617528688978
42807784104510415
4
5
3
6
171737938276818182
7
136216420066698409
5
5
7
195599172507717473
4
999999999999999992
306201617058668535
9
1
76913550937789992
5
1000000000000000000
4
473992614212451734
2
10
3
8
3
5
5
5
5
183309273684400153
46188542317152362
82270335781847738
244394396283042829
7
6
3
13
6
64978707589128757
3
6
2
14
4
88421902881314754
1000000000000000000
207274966588176891
59741327970306380
73011224401251654
6
4
1
607200276414459136
8
101088355268350977
13
6
94364332622513216
5
10
6
153973314208740551
190133496313151044
44030397291192042
249609483887265528
10
7
5
40521466740067683
156280504764744473
165648033153397881
186682243761589369
4
8
999999999999999993
127925513988282846
1
7
80173546372817634
4
79016314230552853
137535100782872888
21
139769380243129842
2
139633758236943396
101762375725693068
449490779850479468
3
7
103426735589255103
133501004647124697
6
6
57090831254374554
154288125872994987
331229772888867601
5
245141406772851481
6
238789808194522672
130549028625981350
180689071428994091
4
11
576058325522634404
199981077380510299
2
50481469478002375
84883913357081420
61707737321905700
10
4
148254590416290233
212028878755945734
209489336854538880
7
2
139213108789242008
6
2
113776446741066914
2
6
5
2
142997603690622232
547262795945439711
4
8
4
222389568496769560
11
4
4
105589443729591477
10
5
107465169763286331
167322406495137865
51896553181450371
7
408897314187595576
7
140130133601339101
7
123922273992318547
53170789042470291
4
281328401861568724
720484258447318397
4
87721401920569635
7
157036802190548978
127161909725733682
262618587484604029
329379841540447815
8
4
10
54687882802250357
9
4
6
408015131100758400
8
105544448979474033
4
4
7
4
6
221155447408131471
7
7
9
256688402816671996
9
8
100386942796728404
6
47516015782426849
201623118907972064
89155313873555564
148665965076172081
1
3
4
10
51688824890255740
117900175137181516
9
181889065914329590
3
65272241808236918
8
4
108896275616851727
2
3
229453238169378971
4
4
999999999999999998
3
5
4
102056552657609257
12
292397668713751388
84686656547082197
1
28307357281186315
178279196452437897
2
249901978086307682
84213634611768211
1
111910849466896687
182979358614684639
130549756003471759
41660118984768450
167523639803817986
36056045406667165
5
5
149543419821345829
8
100037341534574550
401676365475857560
2
3
285481130743997569
7
713307452612615320
94587174373128586
39449575810566257
168614387449846974
5
9
9
122517342892274792
6
205581721529964861
119971201792522612
1
7
292138456089240030
1
67661343598825847
107156118136770170
3
206276183700784183
124108419608637822
50975818838637069
637547904743135437
17
6
262201352356258077
7
1
111315232784213439
171389938040028426
8
89435978738006641
118211602943280020
184063358599345033
6
130080655858470077
9
92687855730094148
47916897748539251
248879754544225090
122631277265519631
8
7
179641638719375093
110811468549407678
106952016392702481
1
5
83266704206160133
191947761605885660
878111597049042438
118294419101483650
5
5
10
2
8
260914644529818104
6
144916573463423608
79763605949245489
8
192743082924880499
147672268213015047
135741945382727004
76387827454181895
6
12
268912128894763008
84960458057848410
13
6
8
151200091807449739
8
7
5
12
106785714058365471
5
1
5
169713775701970807
7
7
13
122451472094188095
8
80881727434879889
116352743527374033
10
267718035041121986
286749726189374815
133607989632378571
5
335533519083405689
12
138534242611532165
147071465467982971
3
2
7
141123275424399060
1
553053981336555102
236216862159403011
81999658346993195
8
1
1
7
5
1
3
7
171032954921795408
228606028661793468
4
42856938489406801
110459456606765649
17
4
854518365376222494
7
7
131628111226202530
287671764912235356
6
131224275612461562
112127469154992833
2
8
148529441500710562
5
4
6
5
153604772653511420
166745506094927453
6
6
7
6
10
2
6
126929839115053780
1
254839362189778986
37262183702579726
129455262298422559
104154211060246313
100074345729014833
135702787464130662
5
505416837478102993
7
197229817085760194
4
201521923215708200
8
5
5
131894185660569278
5
309693303385191853
123043342192705773
6
7
5
135984207499248471
136347121816357305
112160840521393143
43405591122571489
9
3
4
9
5
9
80677114451828263
97025691332230439
2
7
140274435621681845
253871732867847773
142903762754437357
113354776558942964
6
5
12
109585189281452874
6
118182811270933319
50800385921295873
594857526498778184
109338893232885356
2
5
3
5
285940830357709458
158779976419331475
3
125456057559531052
3
59466278541973270
10
96572569992904485
9
548222448310765310
102592945141636230
7
2
6
2
126495771869218109
140957749349556893
3
88827389324171368
4
519876962784229347
209971794357692733
212761822667810848
179799653494917680
51309660670736881
105173905958378874
7
6
75804452106885761
9
3
130315672247035859
5
149510084790689599
87382227937667716
412521162783536008
7
6
3
4
93313693484143591
2
60300331174859036
7
263069241465582271
157513030496961800
86340470686149612
110868140991023007
9
179655967211862938
257133379683082916
8
5
110961520151810628
230806583791132239
4
11
58130359483164170
72817666827045941
6
2
266356717870059953
138831295734612055
3
12
6
5
279113258748640023
94234440218503291
54319608873090827
82451997488669233
81684729720132687
4
133810664178093704
94906465545683681
4
5
6
88129037852571838
9
2
112587230498930764
110357941991140926
101754732413726757
91780623728676519
46384193917327146
8
133628781997278006
648505746277614024
8
664388295379473301
130310851692904243
3
87866270703081024
110606384244715108
160125231051174933
116439359598894199
7
2
145526212751931992
5
3
2
4
201515529949553839
2
46697236437697897
8
81619987276388708
114125129812152810
115879374637362742
659909295342592937
4
258839191674845786
101114978486502635
4
41973160932239981
153474194494130209
130395773139165825
7
4
7
204814810134363226
4
10
116953341720594506
1
236482379140979801
127369316621029464
3
8
6
85048767345154211
5
5
7
169099501034109448
3
280647715616878429
125348698151086449
338274747647101933
3
136623728182116803
64871803988027864
2
927738405174687475
7
5
9
4
6
7
263865114791549852
4
209307741720013232
656299190618349987
9
8
2
9
85276927333865944
6
11
55613777152517632
4
4
3
3
55104774369465992
7
198609641640766324
94124814885436324
514206211212413645
709658565047184295
9
1
11
7
7
210494453242356160
8
5
3
175774716429225922
7
358675906591473268
6
6
168509449977022601
497054591700045368
5
3
4
113370875902278802
101932711013253470
122907215964196642
3
9
5
116799970886266004
149519299726129607
1
6
12343760860280256
5
78082472846544672
53596949966405127
4
8
300701154823717260
1
88811169939133759
67476216136485467
135508238145285826
184161942242761895
88867917792033216
154839052420173692
3
184536619081116804
140820722313991312
3
11
154790941435756176
8
121716983659298916
8
15
119458980482492214
129291951500849542
4
4
4
63217261310166425
99150934275196679
330794418989863842
3
158388913376893742
479508979276719970
92814434935767519
351406567176998508
7
168569467307494161
7
4
1
62034249941661738
1
4
103035461461640554
191930305505617420
14
10
6
2
3
415135867617957868
6
11
293695956276766541
4
4
1
161560602322371118
88497307456244657
6
14
5
5
6
7
4
6
137228118077520584
7
2
6
9
85493637079632002
163983061301524897
217664814814714165
107499861281855392
7
6
102015230384625503
2
9
99473161960055345
1
1
6
130334339381995962
6
156275047302143172
98252278208731611
12
8
7
468543532196056479
71463282926477410
10
1
70386085622116881
5
123991674559218067
6
4
126478511011552843
94714955369661560
74290346986117409
1
4
107340238948451088
11
6
713386317832771822
4
103517011037944091
167062310128115566
7
107783403818578023
3
7
4
205758382790863706
4
11
7
10
726598846977170446
6
32660740182014443
197222744672083290
72519422253510319
5
68732367269521586
11
107697687702340072
145064287637276846
206815712209413112
6
14900289557328734
2
33760337800631976
261122671377382771
1
7
11
201272518571370846
4
216889238058817845
5
71705886758361751
74303108823997088
244582811041214892
9
166531170409671066
5
288760055023662197
5
2
4
202539950200863595
2
64490345920397927
96179413931885753
7
59966136594212966
7
3
6
1
90923488477381738
1
8
152789678423631034
7
8
6
91599215980339947
66530923433525425
21008891324254217
4
3
8
4
7
90938854669718006
4
5
6
59340338278756048
105105226453067051
155093325079188449
8
593554177006406853
356711959002805722
60302731378440262
5
398028451020509878
9
5
98251339125195098
101405166858623727
117917946869421678
4
8
1
96863853118863926
121999238934153737
9
373835095355482181
7
7
57689691491054851
1
4
625925973378442220
124089857788582444
5
180454563958873108
4
6
97201809735490488
5
63335985514790171
5
6
145136754905166138
3
12
2
130235125192804602
132521296791326284
85540363169848587
35962541547547731
7
276010492681443156
5
4
91851563641704262
9
91443649187297961
2
3
1
118210058498520875
223044852715492273
238112660920750279
96850924074941157
6
1
144783664843619665
29638232857946554
67559227569545126
7
1
156524785112039891
359102374881762599
289794063803712673
2
1
32398947558463267
140073662693720944
4
134995537673741861
141868395524011266
8
145682398262772000
13
12
7
7
63277609066801242
9
131753250705756694
5
269742313262209732
7
3
103203980306527864
8
121457111375875214
173101209340308009
9
9
150950249579372219
248282071943035776
95029709930029639
6
98729366610142017
8
132870771328700924
83354973846649099
4
64983038965545893
5
233873459290912890
132784267593430864
7
96339079865919480
173727650723300289
7
4
2
3
105877796957387026
106586924472292844
168477220435081048
65507858590294125
5
133403103099628438
81799541455133887
379349946108959457
299081424386427637
139341037913355026
204164752773152272
8
4
1
142415685125152030
123323135615862140
6
5
1
117930208084927398
119412286149467611
227979021016316640
3
337088778276366132
167536325757058798
105446269108520453
208495305537930228
14
4
8
1
72809502295397692
8
5
7
999999999999999995
62152519993268596
9
143879408069662682
4
4
5
252342533913438499
10
4
7
11
14
4
209042014017547258
313122660562384127
43587773126771956
6
146275803426152086
241175869757072188
8
4
81539207541962190
6
178634719182332098
309262416785238353
1
10
1
8
5
46466442496130726
7
9
55604201147211077
142334620362503987
128305107296255847
5
66369241349753639
124552188953356809
73490786125836799
853050173532513961
153614119986590840
8
3
5
6
138731220899604919
116197428650103267
7
8
107734674149811443
190427902023344477
5
107843846743853763
117981310076263470
304294104679980711
305257578310650413
4
420770601430518208
131941619427018996
1
155640904435916061
6
150756364332862655
169153537634548779
190486249255320658
1
10
173949944864788220
5
79495199384229286
9
8
164849952789040539
106554892573080831
7
246321303490888627
9
4
1
1
1
142577110844455381
99971140664271793
3
3
9
3
3
3
3
16
130407619379985258
68534847530104220
4
4
9
13
78811256564196007
4
226242540197750631
9
5
85618835884681344
9
7
20
71373470991988622
94569370828775663
76562299076106890
6
114545424435638833
269636135283279228
10
11
5
8
96931421236914817
68378294757940917
7
84804039799530247
61402226102561411
495351452781625133
1
701111454851738026
107925776855340050
7
584329529953180807
3
82200882204317859
9
7
6
7
156728354519842917
152113956783006212
156852942457733987
7
6
126865522045203414
5
7
6
206038488880486632
1
3
329898193648795400
171703913428163257
3
82026131093732148
12
959087714432344308
113507454147042994
11
9
108262499031086813
7
9
6
132187651885488819
7
1
5
7
167774285456819669
2
156878144328211801
1
3
6
6
94959136707046347
88484972909086761
114026494121435526
70309424509834047
107493813336422011
130039016603364429
14
6
2
2
1
7
10
9
373660366274029377
10
5
432408256984979083
90447596579803036
5
7
1
75969884133424205
246433464714962211
139958226801760212
8
259395136693283875
289819309039591588
253640677697643528
1
5
137568141922705192
6
107057803667799330
79586684315522749
6
5
141650370772555999
5
8
13
5
3
103018514611919633
6
92384442831823093
1
5
2
4
231252649357416284
157398707119851749
502535035612866767
72100497299169254
13
298521261895774145
6
2
7
7
146373595821765655
1
8
709070820345472378
69591680253136534
84492649020288122
133586532061054439
105992336726894626
6
3
4
155677751489070161
672536468813285134
3
3
57435133486102530
7
162398788865487196
109552466960136054
165761173814559338
160956168834503263
5
3
159828131507165811
158004803727909674
1
49403934464614441
118253147782569809
2
86546662907449902
8
482476022350941125
64835366949836434
161817871419695972
172237263881267911
3
109689414616108448
7
1
5
9
6
6
107502142325373766
289792240567636805
9
7
10
2
2
3
5
5
88279502630477640
5
178883184338335564
78940976980909059
1
67982587604049776
42082235610768754
6
68236848043599902
83274591161648629
93694095506613317
5
1
144150246681382412
8
51011216858349186
101089677254244540
6
124668463834667166
5
10
176226973264193258
7
237157045824507083
1
2
1
134975967469336167
129284104100481294
7
472146227050808656
17
5
1
61229360551976257
344782607650361329
45628162615627206
4
430859881475527862
110037093568586680
9
9
83959044795212444
60885408740228010
3
76217853578435649
7
6
5
91336225521441412
157667183472489130
113611113593322497
6
1
107094980337084401
83625106812981727
6
1
6
55007676846422583
9
8
4
13
9
102806084622887455
103865217551574862
1
2
346522020692759420
8
74369185618852002
3
86062548946987529
6
4
133405235762985930
216116608981230969
92675648148011334
105751924763679004
824396885031107013
3
5
6
1
6
3
999999999999999993
8
101596281242993387
6
1
2
7
6
293164818942015686
8
108050412581148818
235806083779992595
71048256427283039
3
4
86001148046912778
129737160285456187
67928828229621459
14
5
7
10
103160786238799290
6
10
5
41457839850919923
6
15066547830373555
6
9
5
53360912259209454
142585640804002129
3
3
3
75859666286804815
229598786555861935
6
1
4
95155863943347880
5
7
77197237831122754
54608033025248942
15
53657125157008719
1
67301972903165739
12
75256370295565870
8
6
179118392820116074
260117683745487300
4
5
4
4
5
85596852154018665
2
353229038764340932
76411904743524926
150669457903603731
102103839453155015
69386680466635691
8
6
66467293509091070
8
3
3
6
118818023506728040
1000000000000000001
102582623367887196
75754264320535022
134304972531546000
6
81607820992421427
9
5
5
999999999999999999
7
99315957643819561
10
136880082299140045
98479130018439580
8
5
3
12
100814654424945971
14
4
118750972473849158
8
150548268387388114
109666844825671021
68478297619303331
58506974780583603
104485829052806813
245984942317719773
59159146223502157
71381375706029231
124472993981470560
368627932387415101
5
170660727345772838
164927622509109286
115842929699078161
1
248289627509360500
273282543309219988
208879216869448369
84675671081557639
6
6
6
1
9
164363131390080316
4
96715763088224255
4
4
1
349155498897892084
236823670650534749
54675944593271060
554329971736103254
6
54243726242864682
6
133843558595307598
4
3
225507877180295486
167402311938927340
6
1
11
1
2
226342347473344505
4
7
4
47416598743755635
5
8
4
4
3
537090034200079590
2
3
104905793849382500
80566992894676148
7
1
5
8
113941351462490726
1
137247428956706225
187221028311749175
99923713772735269
8
8
3
19179431636160315
46130743148228705
1
7
7
6
80498359038453006
66230171269050312
4
7
35927170187715087
42438042485495327
57456151297872821
7
7
4
151157079014325777
1
31865581989007149
3
12
5
1
122174886238301011
163186321705422678
5
155720106796046440
364950701085903282
111991383801459439
8
12
21
6
167233226561079155
7
131012120427097556
8
65104536551257963
297661854184032358
80416745871887413
214377127055794808
13
148705673201992902
4
77295435289580720
8
1
111955210720073918
196783371277455339
98764634029357906
12
8
6
5
5
6
7
185874469693434405
5
6
44922177588038785
2
191552981804866777
945000654539563164
139563736939310093
8
8
7
3
7
6
6
13
140148466568414869
102153684865428397
7
3
67212867887119829
6
174567295137915231
7
4
106102131787156894
264664992449687149
165415225339281496
1
7
111461586788962888
6
5
311846950852057362
5
146711254715086306
88998937453779645
2
2
8
11
5
1
2
274840626246319321
47922617058284175
147335624912593555
391065101718904829
116721633566953364
71319832168517659
1
4
6
121738341849280223
179122287876794692
110704218024312451
212188729157042031
1
106833291744881846
1
227509480322780123
1
6
1
9
5
93608217972826155
3
10
214904887034664204
62600349397682291
236625855040535345
395117792765767882
1
1
435412804677758771
149886614701523933
5
88215339599080364
185740662233496384
1
192949971237516821
11
449205550691493339
108241745286275685
4
116007524281104540
532190093662822382
3
106227904796842192
7
18
252399813557861743
5
105347250323972800
63089060391881861
12
69523907172512758
398263352834570112
295010338358091571
5
64707887338548089
5
10
120072609414536702
192043238134807087
384190716771101720
2
164142032505767280
3
6
101394188166692648
121232545341812136
10
9
91335875632689442
85425502831680936
9
2
69809539642106845
180356634679768833
3
7
211033495918945413
256060133123862388
168151797070668989
219718407017996216
160065119735876220
8
143678736669291560
6
90585460991423511
90543745499845570
12
6
6
4
81582140412886128
267925764161708126
5
5
82033946533930693
7
163540569216519961
95648214474235740
999999999999999993
135571820075463802
104991820513088054
2
4
5
6
7
3
195202050469326578
3
187927329687699389
6
4
2
107436541452584227
6
71612052163709082
1
90160358021982071
397165397917187406
6
5
4
8
81046978103315304
110157677912808339
147324422943474285
195963674966731371
7
6
5
6
108262784474721754
6
188394597039230816
129200662855230618
193878410188627789
271291271379671413
184889354100664686
285291199434886953
3
95548543793859540
152505761826207174
8
6
7
91266218398591749
81708907598321683
64991527752349175
184241387020512512
1
140320433823710265
139001198386481938
2
4
155214889277550669
3
10
364452327922891070
10
126308173831858864
10
120778906047963740
8
5
5
6
128640410431694811
60533784566980340
80656984302708591
112386470120103724
140709726263770296
4
13
127230725361682869
4
366771354470507079
8
3
72959151694622629
7
143842860421643745
11
128616552914635420
118493298849284867
11
4
10
172128404203329879
289466430903589964
72222670518141655
1
87118316425758776
13
79029253505994039
9
143169211293575768
13
10
254037595893883677
6
70650950445922509
40000650771709283
12
139629703470742891
6
195244256779810117
161417807576995645
2
786195536614392017
7
119462172565450753
5
131438675999292146
248859849641740038
2
4
5
243905500103559696
103981166980717577
434565168408336249
4
7
7
118098734263968406
2
8
13
616051390170279912
59915499717061874
4
87854639389814570
7
6
3
4
124293096406871255
98449809441868899
13
4
7
71185039294305777
7
72073999874396344
5
121346830697493992
3
243663576555553427
5
10
108823058436434845
4
51898571958532412
3
94260773728308322
139606896873956804
89722600095413074
64088054838032384
6
123803343439829178
18042994126306680
11
200584186691113722
4
8
343951849747310139
7
2
10
2
83715946050153896
119706010896111068
4
104557534955967063
72872199443094063
256892631602435067
126470873032207895
181174309830286676
11
9
2
12
183862397760993804
7
4
78134783365598539
1
130503237420746599
174381205461720664
4
10
60794774003715766
78593482328887395
41004997743102004
217172203121764472
64704432206919259
9
4
86884849768531871
373039560795913554
215604383175998153
181890674513398986
139587830514343681
4
8
143173419161393546
239406603976149602
6
101228800262725789
1
364751287715518639
200140418507817529
247603419491593729
3
129122952855129631
3
137150742544959324
102219120377579858
11
142935368029042423
85799451402906306
1
5
59908666041055712
137205617207111062
1
50231403778415958
5
4
5
123934038376101591
2
3
1
129798166983983903
94117714909349022
4
314701229736805412
6
1000000000000000000
5
1
75212527452431940
55293046267958967
3
3
5
8
2
6
3
7
9
8
113072433104555981
4
4
1
5
110612322007028791
8
155215252803738838
1
142232061827110217
5
462716949134163091
114679847082619895
4
203193127354784740
110224894829206921
8
183390088573542196
3
61673833519262605
9
67639862454118867
1
4
7
191510662854293301
6
101890105342442768
121643728937766768
171949709719913788
10
5
8
8
124152777404740971
5
190652119847595028
4
3
82019040154449945
3
4
64609075436001765
7
38703827949468468
9
156772643483354025
6
5
236145161187606209
80472327495067324
75144760999589754
6
165654435221568948
120295101570517530
532941702647496260
6
151131515760131765
103146463910161535
55906782902254794
62936419746466047
72019198511354007
194736903326210866
102940280336394435
150650851786826956
11
10
7
6
151516098485831752
5
4
5
147240870975592573
130629371817268502
1
65262228567296801
2
2
112225394720076478
36205572167132745
7
3
4
81107779624120323
9
9
282128694608344321
4
4
9
79362377554157731
447178185556450799
6
142470694586510647
5
3
3
133217238320911430
463201265666567119
150558013770129146
96543402510894260
5
9
2
170921253912522751
6
183964540677347138
11
1
119518687824187697
4
206875139078906839
7
3
4
7
1
185602357723665549
10
94824706291354129
6
79492623375279712
9
48173040671475377
398632333270447770
47549729178181046
12
4
51028538590104972
229171809774946399
166507795278606411
121378445630846470
227782562359599548
68908526864313565
437671014970794329
6
73115633591022394
248351987773450003
6
104331897443962813
7
94392915097236397
90664226799394719
3
9
6
98249070808379265
131338606793683059
8
55914984443580480
75867739052147403
5
9
11
75421428690329440
65938073184172930
167891881426919656
8
7
91872100917117594
2
18
1
4
350101405917332831
5
3
105146688084172940
93252016590797501
11
1
7
182846506913519964
192588893111241296
6
4
120499871775919132
86905843314805716
4
12
136706858658032076
7
4
3
9
114263889366187527
12
108429085002029074
7
86683744215557850
5
178744134404417206
4
6061994452606824
140992982387251289
2
6
11
123740898325094460
9
136214931187672643
226590037346322471
89765253363466129
152123847227840816
1
38305443814647168
13
7
62308109754368725
2
71592841544772278
316205517918100788
4
4
200506121699884873
142774517282575277
116297157239853649
6
6
144500483356169136
66690617623328591
149256983241947775
263217407254969392
9
1
590810740918119044
3
5
65685374234986983
64325890600124108
170842758167958594
6
10
6
8
97201851763545866
110740189513700362
6
5
10
7
6
4
4
94977102590492931
165367171874055957
4
7
8
82374532234814858
165922073917607678
8
145967498125493741
63912120840774353
6
3
11
114860695231174008
296677430686371075
230868951126178534
6
5
6
2
347572755281716044
136400050114007236
8
9
7
3
123721774851609376
6
3
5
163842985539977409
4
9
176998854235477320
314550759436273404
765977668808046523
2
5
5
151621823209806696
10
2
4
9
28392122252902098
173719191827669018
39409553498344139
4
1
73464872518545484
4
186206251958020569
7
399523245831960697
2
92969863363485794
72652813147821245
239193738914126704
53646581765566587
7
197722534975699371
146718361105582943
108410752908839927
77328791875736028
6
7
6
5
6
7
190027447112048761
3
6
7
10
104367211290802625
6
10
70424963503102038
65436664222930930
215879486554682711
11
110286414082777394
1
61127111906754748
4
5
6
99260980766812175
108824935495553529
3
135650911731360365
152274015947168982
12
13
200085588104869227
7
193805049833875574
113438217319191858
3
104225675629500507
188394468472450564
5
7
5
63096651730655779
9
32387094914865514
3
9
4
5
5
120182448719013433
108948009047683702
136810657281089582
9
4
2
94419649278988223
9
136271819495764393
8
6
1
6
9209875444671223
6
102206659550477421
47259637973609318
270118244948987101
7
454842180108813471
1
4
42798402251060982
118106519202281938
69406400248346326
3
74090375814302929
6
3
8
5
237886222489334049
182000227141687616
5
161516413104003298
39111436541491770
12
3
326436835505127085
7
48117148151320999
2
101832321379796521
10
27397233831344237
115848011004242727
111512341727634937
127453162585697911
4
6
331182963351560968
6
296466004118911570
10
114852818643437357
120634445567799723
99207903305342855
183146233314678655
6
5
7
3
4
18
121289432575471667
10
8
8
145976728570084224
131508831281665861
129203778322015468
6
80633465566937500
67296950414569926
221035182548660066
2
190827714983427875
243537451722507770
5
8
7
5
116345841874708253
75686032031369195
86805610071020821
59637273178485156
136522013942601052
20
5
918714509063076582
115121965472640409
205905775723084399
2
2
12
3
222681008965865785
1
200965539324580701
105973785928638900
7
11
126357798158866880
302598037768587531
2
190355685747408237
3
1
5
100442794800867328
4
64399087976508081
4
74717477272135382
160375629193981154
3
11
253370161406887018
3
221994600554572357
334262549899325141
6
112604080214796291
4
5
86968559459371646
9
3
8
8
3
3
559274529357217861
12
3
4
3
86626498609312405
1
69798909467042062
7
8
291766961509960666
166838001734440183
92497462179805533
5
5
130833872090713957
4
139526353065730117
13
10
5
10
103149028558627985
88481005466296973
5
1
5
999999999999999997
6
4
91515190313110561
3
254955391007145218
126015329521562793
8
6
9
51160678063057189
99371694703203484
355197933663677145
73995506946079900
151143037280021004
8
108512663451791662
170040844328069738
4
478193380054084235
9
7
2
10
5
2
10
5
3
8
6
7
8
7
2
93049305301699338
138055490631934714
95798645935601403
6
102028572740127766
5
8
133768764192264583
178687816961830153
154688643368317195
2
184205820686654862
185026932158729198
9
100482077690729613
190090280811270705
2
200128039734927509
101650965316750428
79922978567806383
58299202106956087
364764843589719394
1
3
178611174640682175
381185726733762007
303686119930669861
260082651939593798
83450002649373728
4
107641458353970055
438466409941622952
7
25511243875792476
4
130496261763013311
149680259403453451
190000720369641915
3
129389090555881699
4
82276985980916985
5
72148195762530090
4
88381331701960887
188242954890508150
87463937519667776
105396126473803126
99278469038546663
142234415037902776
109223811130271422
109587152692404177
152235679358271267
7
154592809845346415
77963548485070590
7
550190557260970460
226649593231298419
5
6
3
488516976859247098
2
10
113121041772895195
291500142186695036
502527652855553754
5
129928817021225383
6
318861883745657053
1
185177907663028762
8
108441624322170069
3
7
1
109332369574465755
5
64798448897747083
3
7
130433425229114706
6
6
238046024787916212
73159650047185943
181340652121756885
107906776221357043
148929797410065404
84096945836331510
213826198374827881
165200559960694067
88330596514992669
171323829603912685
1
1
