1000000000000000001
605
546
383
76624540898495
473
91539127628287
103179635052684
548
47386943584187208
2
6
133963991943065008
7
352897664468703369
46287414178279785
187001676174402114
4
169755144107853651
68070173858382692
55992745581056879
41364922094559484
9
119996180681942884
6
110227248379542977
7
6
7
3
14
272196381735017015
6
6
243277548229997218
1
7
6
120819059122318108
5
130384091833792512
73359561551566982
2
333960158079889649
139471860438094039
74383494713815276
6
5
4
4
3
99088629327190872
6
9
6
4
10
3
30237043819062897
3
3
4
136497246364395328
136355130320249746
1
10
4
125097932598698562
10
1
257834258774675209
4
151224151785698445
4
79811743702070738
3
4
223176120477410129
83588683167861546
2
4
174218584354091462
11
119455031711600690
6
12
11
128257676401094401
8
8
245637655571657569
210514407736571408
70195995897680475
91444929045364662
5
315165579864430729
3
5
6
216301822689334852
2
181800864960490733
3
276618758180167678
240119359214892244
100524566222874254
54936168189845120
120538571780238766
4
155219397292565217
2
3
108277378075479741
153974775952168444
64664267001003349
3
1
85411692912509863
130765764431977873
7
1
70550902631722907
131325849686281024
3
140753929569464009
7
6
260516233045970563
2
3
11798142939030362
9
212737527398740542
4
100737092016085797
5
149975783754621939
3
11
2
79032077421659751
8
5
173506918795817305
8
96078526671561558
1
68171108504238389
2
4
125552988581794712
65357862326045243
78232455673747507
9
180371609035693060
2
68437625006774833
117962218672636557
202881420454025112
107311491735848131
7
9
606078631075247706
72134914365207778
173767929892098134
125483459445235095
5
100206580383692863
144545856350905617
10
16
7
3
3
212694612804757997
5
1
23128436908061075
4
8
3
7
94240594701683672
100662702104487655
4
7
157286276182234312
11
209869275582860272
48812031196229612
93273377255215061
90803764461989612
88696348982056330
1
171377816890450888
76199669038373597
2
71000424263881412
125389873651129000
1
77730931466781046
449534928318207120
5
5
2
101362118546576507
71926157477149807
249926141190267304
9
5
5
7
80970172891052574
8
187992491774324399
107894295637827580
639849170751075184
1
11
123787010365958814
8
4
38075770841737232
68555184183095638
112945126199729708
171644129286227473
62305792829276761
12
7
41807023716932992
5
193620560557952742
2
125724867278768893
108026890069540401
7
2
7
130100381250832402
115411366072842689
79946294463154938
8
66390863726933870
172487824828127666
4
121796284322353771
10
61443428799344893
4
128154936292474071
109317885827503879
1
77289998368744328
12
87754519433705354
9
123460009327833189
6
866670849874841891
84826982859339750
8
85101122276621472
75104146397717401
4
725793271713048880
242277096005096505
48838985152973443
114692387013657386
2
3
175399344104985852
140209447929021945
6
5
9
6
7
164606490105748263
301103920077556126
80561968037333937
4
116002147626107669
4
87085454972856742
1
7
4
56814904938414553
4
141176365130403688
187034612294537826
6
12
205178999624142360
96350564631912934
5
80740874042621164
381345775270234298
151332580630381133
8
93045083978545944
6
211657113514886841
96090059796212900
745268363056199117
48534276016665887
185431419351211582
100032564356539508
72107987778125306
5
7
3
7
68292736189894709
70222042726913549
256175174689093026
124167170975471737
106836835640156599
3
76221738382423062
3
8
818879882358905299
1
143920431993376312
4
3
5
128367012412891935
112470469533285112
7
3
9
11
107839417481072801
3
403061089804803384
4
2
450828892039576031
169722276087351201
112195812763184066
76825992943710074
131501289346783543
270196127312489326
112347560569312594
5
14
4
7
4
4
4
2
505231603440578667
110573896178785865
139261722035400957
2
9
5
220239293238287014
118266344988421657
8
2
7
6
258844538752250709
11
3
9
659583160767191343
78687842136354848
90269293968810489
70142411721000492
98377754476552519
6
78256517013115001
3
93643212253185050
5
6
50096056313612534
198364077628920549
374155083724403146
67513123517862622
4
5
4
140559732333013594
8
1
2
5
10
36163855458221645
4
3
6
1
8
98726869167338253
300887901416785672
67456143686398396
5
12
134960452673043183
111252339111946806
7
179352356617653042
134952989935336377
5
4
147229119970187468
4
63385849438837917
5
6
82979563692616468
122544162805736882
2
129380563344994647
5
3
3
22
132179398070194456
356016655090152745
7
794449202405058190
120070638942983815
7
13
5
136998670583617451
294132633288644799
6
69604910024945778
8
173520880606104738
9
5
12
2
3
13
2
9
9
202893878475556827
138447519815314699
109123813670594275
3
84601170147310612
106838340760585551
9
7
51304390849902511
208338486184488901
132719805794708696
8
4
8
1
334942567421827451
136210794920992261
109947325651619681
3
4
5
1
159065216354513335
7
177232080691189191
1
3
8
306864899042806771
45068475251502769
7
421885564176174979
7
8
2
7
92379558421755272
2
167467424646028841
100547908362092637
8009382250029207
5
1
10
189570564048821635
5
5
4
3
7
78469117073729916
622045375788659228
116976152676116123
87099540009164021
292921591339082860
407415125642779840
5
243456055716878716
7
7
5
15
11
78485707780505580
3
3
195324404342071016
67803571300218165
2
5
111934646586637898
222913031148041924
5
113852068532003833
5
147388965934645900
120051494816639499
246276718930939921
161062715235987120
82379370408258058
3
72609828751813590
112264319016553688
199695618746609960
77477241513356922
10
292571540197987267
41357417598280180
1
6
15
107127901691834305
167634608746616180
4
121217801554489242
13
10
11020852689012982
1
5
9
74144584522030191
122675510858455912
63432630228597540
7
5
123356575029909892
123908822315838581
1
7
2
103495000451429092
137273650274346563
105414422419932870
159100050113511455
7
170814720265841431
294587656409912690
78823785643746676
159835128129852878
4
79798672659491870
9
9
458102143125605835
5
2
7
11
140001218589779555
12
6
11
68660293186481050
154127995567894873
576177468387581057
203288339790001033
127684863258548428
273764551109305369
155256991112341058
68480709915484277
10
7
180180515054151648
4
100048645640474080
6
328065543608584232
445140745231477287
57291408136650633
63054557663972791
157582167611244171
6
142081536455356778
6
238531532978577235
8
129853927634888000
5
115601825744391311
5
66016272971756777
159255040827705643
118916397163492220
3
9
5
185998456975853791
4
146914777592014780
45265647184000260
198882553560637985
543331204502753138
145012966851405104
5
310337171981646050
8
114986788307482773
2
91448928410899682
5
4
6
214070708144522175
85966429580482557
7
193330918494016274
3
276587801446209667
259682200248033541
160438442000893746
102020220932706694
3
7
2
13
8
274490808335252874
9
202720438534645305
315322452419118975
148729064121642147
16
9
6
8
12
5
3
7
487234223472267011
4
78008228571413588
106254440192526495
5
8
3
83745535757977461
3
10
5
195323127417104772
58620049741593259
10
7
6
141974504646953475
6
82305005640317361
6
6
82108631054202243
191113743250725686
93572317902393337
131148670447630739
88851674948253405
3
2
145619109184915708
27538864992439761
79626009111313662
5
490469595939744279
4
59694358368328683
166537640219899815
222219222529467490
235899518201057912
6
370615458159502706
178726375741418466
9
213570241284084520
113167555047777578
108503739766809685
128398703359777450
97293787591817683
6
7
179615252890858628
58350269143235372
84097123524690663
98176336993007614
203349440939840940
193388801890258549
119434069622643394
8
66995883605791377
113224279510835089
130005254519447734
1
4
161223646099437345
999999999999999999
3
4
77985487715243733
9
10
7
7
165236534574329237
6
4
124678713322536446
7
8
5
106931428041459072
28155814022028275
173897407660208418
470680285146724953
4
45683239547950224
8
7
77246396023876288
5
110507382693445210
11
7
233012065058951464
6
7
278603978461835339
6
59939584529616802
2
6
5
230423726387566922
5
451436258994788208
46879089576205458
193588347825870910
10
364118528094743571
17
6
159993498113199349
5
3
2
6
2
28928109855869726
48347379934334810
210250455472667207
194795566169710692
7
2
120595986267729410
149248144922812188
226861113396971000
4
9
6
153270775883431963
13
34578612239278019
79014858901865791
8
7
8
1
7
4
2
205415525874456441
10
5
233012397200150600
58070967788098066
10
203800835261754762
2
322931051698485772
103421768937359783
133778999060868935
5
74747156508985156
160618653563541828
1
134675477716043710
56887993610255297
4
85571176022450596
72146962885058716
113514666584668157
106624229744879770
260324655025554923
4
103282709866199393
98642590788024813
5
7
147737182504666652
86552046565525294
9
49381335943614633
108960805635944751
5
110591567076168555
210834392215521117
5
5
83360030866503077
10
8
185904952629666201
3
1
6
6
107641898394653633
2
113482521921147295
4
275241745725315084
11
9
64306044873566011
283072255769400625
5
220583460566610098
1
6
4
240960407057691382
9
3
102767344896783511
8
34018742375279128
136221309846471130
155728327863203394
7
53500086924617960
69359128470342915
172784592072008910
166962685831597288
205429398178570389
2
3
4
140189976388317600
1
5
2
1
118367328447025156
53634239492270513
96849281458787382
81172897931756517
4
9
1
51321298829030093
77039388239718202
133741515774644327
6
633160891019195286
6
179025358181440780
142246225064824740
194142562565322986
124670772372640603
1
299786971950457759
125079100638731654
350258179772046523
7
137029986458484374
8
3
13
154969788190274278
9
126279424697041559
10
2
5
125786165808894426
164005452246654355
3
236130367554415289
7
311774561858943820
6
144824577417814072
12
199822482550141044
116096653815939598
339406191811013747
5
66072904613078571
2
7
261718141964996387
96194911381683832
4
696111488752380527
3
86308189009672931
2
3
88974446117521869
9
5
61607095774568133
3
999999999999999993
10
1
62013716730804632
109037379186771452
12
74160142157257941
12341869031867903
3
6
7
84890282878628110
2
5
89950770702586717
146742788777736992
5
16
111902563591098698
7
195357295432840517
7
5
5
5
4
177646287290019879
4
109164382549221863
214337220194609278
217935097151113432
10
112594299304608932
352155049336680990
229650677421976621
163033110490703664
288024265752908267
10
53076506064900168
36185082369368994
174581811750235530
6
2
157891628670033135
7
4
11
78186539581488898
8
118542280317603215
4
148049606824684441
100457038271730217
1
3
78514132659446962
10
10
139492000016697476
72683921286459360
3
3
38776569192371284
305559895251165277
114283105523988949
190384743364263890
143171769578181796
7
144925382369119079
6
242641393048796059
81537769395794692
5
131957853097420919
107799877370057948
176577007071298872
6
160043837918632723
5
2
326731514505645968
1
73506818038175104
269668870856269840
1
4
89849971920107788
2
81297643422582667
6
10
133023629229582909
155706537571859152
6
8
8
507179540822701029
4
638792680363364751
97668895226043235
6
11
33212713514633267
109741839080459209
72550586667862729
126951048796521850
14
49305023988844554
5
1
8
95321019083024608
233849220010602754
720410683761664076
86900983126272220
152911600568751387
134819107583456510
6
7
167330672524185706
10
9
89013896023698231
51015069637073273
4
86196729828682545
1
11
1
216719959947563413
68907634015358640
11
10
93375897297985165
4
2
6
3
11
99970122024483535
83918306241801934
4
9
120456204287182900
2
117007032120353176
6
1
71936662310407695
67552808130673165
6
104018933345221993
8
6
147404894402131387
68920552850656233
142341131631742509
10
7
116979554810504906
204216543964599617
3
86420232135530176
8
82417900731204656
135254391012955913
218400254021409029
107477886041964766
214274969077500773
7
9
8
9
107711245682694015
153639608429203432
132224516706568725
5
84906366928802921
98033861737613657
3
196533998906918271
163478977570028372
202048563014033075
10
8
8
201476057907831191
55069667064051864
2
127306166439354979
303896796328116441
4
3
9
86114271356547875
8
3
7
82416679097011571
125290114182437668
56735727962266346
235861489411331438
3
999999999999999996
7
4
8
6
102802060756108471
915003421052384174
66572789798747044
149458514118774724
9
88630162940920072
197963297516054121
1
8
63703496606420275
105317955260613044
2
5
167248002441676655
176906793651565728
6
10
116278850902128245
127789430088380398
6
3
2
227175688291927589
162270357198665269
8
52991425667956918
11
311906667650229909
709234325486016599
192793742597862947
122917781688396529
110136738397189106
297943029443766165
1
109203594160977785
45579210548609938
5
6
41718742785929314
312268899717061507
345707236495071611
5
242053461602483145
178744821325327078
295812179324803642
1
244195768852119825
185203721072661430
182077539169013640
4
91833351377934729
11
7
106085615285559840
228558881785346111
7
7
5
202242650074483967
12
380710936942171038
130300031601187350
9
74821768404304958
564907408110479106
121549223758667469
110796055170050744
155435698318655006
56655154215417105
2
6
10
42091348154800394
3
107814155609076388
149419328084170146
108857373530484566
223792607577088861
168995388609727863
5
6
6
189795354843439092
288211442285779023
4
999999999999999996
4
6
175097845270005228
11
4
92044971414030882
3
4
87155073750727751
10
5
5
11
81226295809061010
47263608850696460
99928097455376964
93779436744490988
7
233059044915397361
8
15
3
5
69743526482236416
178911534923615373
7
5
8
159130636932396140
7
92820935213059887
56516972875090193
333946878456172515
4
439638343239070108
5
133705294715188773
48480244450461453
2
6
130374549771469341
251327331777537309
8
85280746242951910
100530276652178792
3
6
92486738628562034
646479975337629819
156324436901028767
531805887549759771
3
2
4
87575976787804893
152231340155603890
8
4
87554498858983153
76626209097345004
8
140856246244910928
21056584352533234
22976776649117624
11
113650399264427307
6
199294781654485831
183282566809624252
3
5
282777960671531614
210149390983235204
2
97857890318176931
5
5
1
2
8
191199402796371386
8
49185361700177187
98260650180411360
2
15
6
10
88291068953638468
81947838176058492
300846293376847888
110951603156334384
101002141585232747
262493547409468934
3
8
5
99676455910003470
147622813369687854
113219770975153420
110660255656921972
4
13
5
4
1
7
268397095284348530
10
8
3
6
265247091899339890
4
91051117467929188
2
7
9
7
8
73632133019842425
5
52136208846205861
26628862866401591
20
149742407325520405
6
9
5
219147751181789890
101029855176165402
6
139913545437592903
277921521482885709
6
10
4
169744431583344191
4
5
5
25159906427772198
1
5
8
10
130777479455426925
8
4
302865400201300103
67381358848836748
85852941004084865
4
9
7
5
9
12
114849730939103720
11
6
12
29593903553149875
27431932447431062
138706192395095478
4
192061589650935108
6
205579549162761476
690391601028189363
4
5
5
5
8
4
61350387719513536
76982528049041991
3
321071215922135678
10
3
306309323450367698
88292536802413365
6
1
7
6
25253777696624700
207569121080393010
237986748751163568
95215916115768186
556219613983423173
6
2
3
9
71611447109969666
3
71530536675112950
201839385188203956
78990537396507118
4
1
7
11
1
5
421995466447030207
114672302779461354
68951185324209749
3
1
4
118787811949873959
6
764089715530104638
5
9
11
142796906369275558
451614462106200868
1
8
132667256734074338
7
173106134966725995
122010136677814315
3
118604088577244645
61074094037192688
1
4
6
157459510818969835
7
58924398934479593
7
76627180731351488
9
791064798070740869
145329506217724926
5
8
189851392912856695
3
80861066004855060
3
86216599885960567
4
6
115472186601803918
137093817582782911
6
128324277530782561
1
7
9
6
5
7
228844018105857942
8
5
28217249480524439
539410794705911914
9
2
227733385531963912
99929983002600524
4
97050777723784246
2
238997305626158531
59234753156094579
87835813863553851
1
8
7
180117741063443821
4
291208756817780667
9
7
320654803761787982
5
3
1
189404937169844277
483068302100747392
4
7
5
8
174658855605802241
143294344055489667
117441131414897718
7
1000000000000000001
3
128985235183070826
727509764754228850
198470117226894004
134098096216387691
113590120448018099
2
4
113200236022381682
183507850199247212
7
218043428066537899
46089032398251869
115731874965397200
5
134164577471425228
364751138392306859
4
2
3
105372470174012994
2
49313591619294110
140542752641511046
5
7
6
4
10
5
114077348137815158
6
6
999999999999999998
8
138681858160472071
273177594568008053
1
11
35300882376123061
2
7
7
4
5
127561202780360068
1
11
595653263666742943
2
2
90371211150933341
58297457375382400
7
33013406878290076
3
119955434312281872
2
8
129956456857202528
6
27991023161159966
9
93590935098216470
237302831217530724
7
96897451469913356
203006413395842794
113491505592095081
5
4
8
676001398873572678
8
9
3
6
15867171455067230
148165762042927166
138448285905090855
8
2
106453357474333313
316368190223539954
5
12
6
34921438879119224
38902986296772252
8
456731686099324763
51426084850584615
8
155927557009174939
73310907136234758
713820685860979706
7
6
4
104466962332892977
82568204778865205
175015369755478745
2
6
101470529385560946
152128681129088121
7
11
5
122769010237988421
7
6
96247442190279029
78218643789662032
408071652027203435
117327827300623956
96870120486310260
6
424409706794491004
8
144613420957882454
250095040018913206
139812271567359860
11
132765856134526192
5
4
7
7
3
107939953733987005
5
10
4
127835974551428013
3
111201680647792913
1
4
286740097837265442
3
4
3
12
248247968548838344
3
4
9
7
9
177162217398755213
224209485313515956
71420099611485564
44244817635425388
9
10
2
452859820514995340
5
7
168436423918152038
225519911528844746
6
131539790906865097
6
228180427017290151
2
170975586096914457
139481635399967795
6
1
3
6
71566149429638165
106540795938292066
180918570105272798
2
1
12
4
5
1
131603288248081229
192326549535884399
4
6
173914265815812073
7
162396662797754805
2
188328832046709667
7
1
3
99953750340613137
83649244546601020
113453753057213893
2
130624253482931472
57750913253702335
5
6
211788085182057261
6
65487035288786659
1000000000000000000
5
9
5
8
3
6
466826731244128150
61256689095280370
135151519531002108
486872482829519492
154892584893533384
3
4
4
8
6
1
291685125501274548
85289338957776949
9
6
6
273306887058965635
3
9
5
130952068690696762
133959582374888885
161449785515214857
49047115833208536
6
3
273569740290486209
7
7
115363639125241944
180947491215536808
9
1
118648154300831643
62057017036035656
203793183614074582
370687759204549679
338546410871306653
431274625786122323
355160288078476694
759424120993154474
40032508670740898
422780666456040760
98327808799798200
9
75179299328653082
7
176245992634131944
219946784757665774
71503325169670682
101197693537354069
2
3
103901867405622812
181356697816651262
2
7
10
5
113823275621848464
1
111697374384949863
5
7
135515398537071998
7
4
56549202915111567
6
297522976092076650
196876195493547232
144974172916575320
6
80886236022402769
80094242671510186
4
3
1
3
141980526694542233
5
4
7
4
291331088675642114
7
145653776572212354
7
377961094436985646
173938856016394161
115447640635241547
119133933889417856
9
6
5
6
131152241398621458
185271045008325482
4
161177998038556162
9
7
94732775586876254
9
87056275017743250
6
568870011694500311
109243380634535486
5
7
9
60858516242438183
83145377161696371
5
6
218599059082862604
133691730812776346
1000000000000000000
4
80846584647450702
5
195023941688935761
109939560131649401
466735136989083715
156162156922608961
118137509859788186
11
65004547918763762
6
5
6
6
129322309593691816
7
5
108982539415324625
6
4
64322961307355115
23
254395892020168506
1
6
94766503185679397
7
8
4
7
3
187943353890414362
16477859905825204
6
5
6
167492140368776331
3
9
79428678119141433
475452473763378902
7
3
164600594445087869
124320933541511639
116820419897922142
5
1
88810115068156643
125342423946417922
4
106919661592196984
7
6
119143880700497063
1
1
12
4
5
459536816695200585
2
216761288414604635
20240671216151656
308549860349142824
228331033551087410
13
4
4
77799691823935469
4
7
340096799739766223
109785106947941668
113425963145002127
1
130515097208095281
147677961222414132
5
225100138792659810
6
146129831671313607
102454343536164706
111818833481595464
134921876154176227
7
151319173282445055
6
3
7
2
96546697113356171
337719049741995471
3
184974621281017580
3
99274970003126085
103833716460605055
3
3
108339403585355535
139605625379613784
84360628768214346
78157424025128075
58484242468892085
3
80338216447479003
11
3
3
4
228541458152809991
124168924509648621
4
376393399165248876
91853204836878647
57256972574380964
7
210802250493498284
5
5
6
2
325166228873456327
49611139108640129
6
7
78478049998095151
3
112046732967546344
6
379852245544486623
3
1
5
13
8
6
289388455168346982
106898718299021326
1
183560222011420893
245807808890604711
5
329103117429274383
3
146464397929494348
4
1
221355283504174902
18226370450668990
68574810863211389
11
6
1
167838922565205909
5
251816915848901075
2
5
12
6
5
10
73596887092788897
8
5
90316077739364934
55621385123786215
7
4
187693580203081380
2
5
9
9
52879231707641041
1
250831687619911256
129323449643149031
417337665853981406
3
16
173211244014585620
54906269493752742
237664213236357595
7
65861301725924934
411316752704208611
6
143388670515258846
1
17
6
5
5
90809360261457536
101821222828972515
109893827864659473
7
253090616596292654
300329146219328286
5
482714969707616615
4
83801423452214839
85689881439596957
9
6
504001309963676332
80150530630355265
184057412007923573
9
382644899738505843
163520503492546485
145387678216392245
159809153997916971
96800032568578863
7
3
323334022704594268
2
1
9
128380624463051383
172238984960474479
77018400982643569
10
131116778715579926
65260297265574386
5
6
6
50655361519496604
387413180553283548
134412526497079476
103307371201231291
1
6
9
2
116079830031722501
2
4
9
2
1
85966105446450389
10
425804636987919681
121874391121865982
56584380069261503
134819766086326628
125303615661741016
9
6
2
125922640264359275
618480378001010052
177314534762434316
7
73196610630502880
401329313555247701
7
307400523632969093
3
173723694063724427
1
7
255691796674011257
208194259409510886
145477137641914014
202354395769334683
7
158798059697314085
147813265461310102
9
3
424041382140292062
4
4
250330970234813066
6
7
3
2
95435599187218431
2
71209626405428074
451227702408256071
141640104916675900
129167447880413631
20
140313369442224339
6
3
10
8
47314224687813575
6
76859653863797832
15
323744926666858219
129027150420691095
8
4
127902501241435535
489283286634487968
4
8
167492714662357624
691275037408423748
171934510803407285
271420412961071329
138930451743037954
1
2
6
5
3
49983235072015401
90046798100597572
102268733602692097
59758995813521493
61446493161058619
2
72330159853197214
8
153605720148302048
9
10
102979394357463233
84030434477801670
168330506604546210
227825343421248933
137586197786783046
271156982051725158
4
7
67973456636303872
7
71335493736254334
12
3
342581183467018834
155267730426061693
6
14
6
3
4
8
38019195459978402
4
4
206353789880727455
155442219350850762
6
5
105112093505953035
2
5
230649418565768123
82597965031784783
359482068576741219
192293589636118746
9
84032430070019001
3
4
11
8
6
5
218683271750074500
3
5
19
6
6
74908120564745942
343460046464561327
5
6
4
169071149383120291
9
9
4
1
138162916927334750
6
188945610142524716
5
5
271008919175890889
4
120773708641174711
7
7
3
5
10
5
198725077975238981
129006014863097563
8
3
7
44014321945110487
106687292441174017
109553262384153560
9
57892195433045982
124026004887925719
5
6
2
12
3
188451751431307805
98866204468437545
101010672569862190
5
84145382315462631
3
173771105815075122
113653310841696340
5
76866897821906983
7
4
9
21185365312198065
421369459707790231
73427944583550131
4
5
6
5
7
90938001097843090
6
206813651872398944
228383877134413828
173458269545925534
3
57763417643363418
761558842237192879
84584846801335712
5
3
146842456171022309
3
3
38364571987553700
3
149088877041622458
171662404638826846
5
8
4
3
999999999999999993
230956952642370037
8
5
7
236324951616370962
199959569429847062
126935992185005485
1
11
14
9
271207455008457076
4
77314287041827264
100999510572815587
1
7
13
6
9
95101766951903953
7
159808136255044176
149665517886403137
5
12
5
5
7
97182455206769744
304320138700716816
169542815197322556
7
7
8
1
70369676917536652
6
79346041924338230
156103035969088235
5
3
7
66666300668733172
7
5
141118421051055594
310764895386390094
13
6
8
122513262764103057
86887908519665998
5
156246935170091510
6
5
250461918790530965
121870399793693865
8
198884610391738131
7
131389252739787162
3
110735594023256765
9
128510863593545008
326826909460782817
9
179592786419274355
124486617710443821
63434645251237600
86354803053824810
5
9
1
86015238638357727
5
4
1
7
8
1
128493105818986409
148806969200327863
4
6
6
117986552994559509
3
163242178912741655
1
3
179391724713069944
237082402596864502
62641090258254543
9
58664348035927408
1
6
6
11
3
2
2
6
6
161497388780228854
4
7
69359737488824879
4
5
5
126778443686604219
87476651787421268
247856932778180682
13
7
92599895332916272
4
24679734504261397
5
325932900033134411
157964876716247807
5
3
6
3
83676489600261941
63532631941510412
6
4
7
11
328004382514073941
5
51081450052557769
4
201312975295295693
1
241144414296745612
90145723754527336
8
8
2
257709986774347485
3
3
137399034534216008
121418543666925545
5
8
249641912765794743
3
108696639223985584
65395434933098938
865560925815921999
100223633542582458
125476907915872278
18
6
7
4
137084186525398538
8
7
266536801732264001
24918374309832445
129702793031901769
8
6
3
159001150717936725
2
3
141634298127881192
10
3
7
231319916345666625
999999999999999998
1
7
80450009064843296
10
36249257324379511
16
72348525809318769
138112324921958680
7
5
4
9
6
4
100972231562511200
2
143411205350619477
8
4
107994541097880893
69083501026900192
72432845474300736
61258107035390800
5
8
169511718240656691
216596311485717497
109040270461311212
207344800971681861
6
749679289314886637
104866741150555925
79395155566379514
464831543872505167
198779259940630601
178339603062108852
80901517103457282
5
9
2
3
209579310728125836
71331731554174043
125833605128697766
172833573863258685
1
335049033581983170
133630065711299101
46457916620362909
1
1
121917428937936550
82208588350385700
14
10
13
65671538995337095
114261624311719394
80775715451889539
5
4
91771189292434571
141449498364503251
2
3
13
7
1
132683102293842818
93231875489252606
4
127197378657809897
7
209907525260687990
3
203103884561077961
2
3
589318709934222635
6
84452957337112006
7
4
5
164647230153815361
210431868215703000
119901058317413209
7
3
184599118927378088
14
184547868164176124
151097877839909031
300212530537334777
1
6
5
60004575012219940
2
127762926755943382
5
4
77732757627282814
8
999999999999999993
107028372499541683
9
6
358311511043917416
6
4
6
3
98008749266071630
3
2
8
47753658265589957
64785543155502207
6
115667469397269859
4
12
144081210712772795
2
97946165317122422
36345001493114300
4
2
149763569062799751
206287465860171549
77170255697687542
95282081531385777
61349197275472592
7
6
3
1
6
48246641996398991
217528996477528496
6
91754017028120919
1
7
3
3
4
7
68650422271795769
9
181006638904968732
134391372802115134
112244836050558895
8
129797535686007246
178857734084900060
8
3
143705139374130717
2
5
151682354543088712
5
7
6
7
383281080720972971
5
2
71038886384608140
240311619590685130
8
4
81035918506979760
127481051356463709
5
6
70029113638451955
180795336397679778
7
6
230696853705189196
6
211773164432253894
8
87500218053308268
5
5
2
196516872360460768
124939410486558490
195520188201606216
4
1
5
9
184597212990286998
209616082320751677
95929134104011166
100471363005160014
67862117214038238
3
11
4
73638498949216018
2
252782706783612475
154173341232184093
8
302340340381387139
5
120334553425887680
102799171993845808
4
5
6
174644691692778554
7
164056000968140352
65667538076757034
457127289470768751
182709437853248837
746138029073316187
6
1
167373487441738536
92213026299527697
2
5
5
89156098457102599
8
5
1
2
170893727081721831
144147047596259136
2
568412596774185668
8
129860333990325804
999999999999999996
6
7
2
156922023574305307
6
1
18
34021686311666805
292994060445470799
77613332696279699
176012722807585810
5
95930702841941781
11
142990393039980633
95176418730141020
6
5
101978772513665346
27076074862484907
179903473267290388
4
5
2
5
63749265471160884
176723323032330145
4
344698481868121245
1
160247964126702247
7
187458135739437995
1
41214198172045664
3
66376727498352716
3
60550348850958982
135680431492168595
7
4
7
116542200563711840
9
5
113299315229934986
162395112398034223
2
7
356670786230685883
280760760655762888
70180601756761268
63813783275837003
5
12
112654047627487772
158802349015533772
3
61343951842828008
91776221775412575
3
4
73000442524198836
53114148252160401
10
10
76467022495452977
5
6
16
1
9
6
8
6
118542200365957639
303834250997002884
2
1
128794386814096337
100333596297007221
400736694311272022
62690155262796820
2
56461098690339959
126142135838863955
119612171395493604
235640831594312861
3
245524453747014913
11
92581472241178347
1
23067254848999466
6
110105350684583870
11
87164114377217531
5
13
101354104158768885
201525645333940470
7
1
4
10
10
104887386718666945
93752944420529701
254707806258957108
5
189988808775914125
12
2
441780465069665440
5
4
6
140785643828029954
7
335683133623121028
3
10
3
40048834902305321
111994839751147170
142121290068094917
5
130459051420890766
11
216719678567995995
50948045950284214
6
999999999999999992
7
47540428404846576
421178379366417143
12
4
218387277558172612
5
11
10
7
3
6
298530298896742055
3
3
4
186077316741889028
10
8
3
2
80960043508272219
7
1
151504857031821214
3
106716167267874052
253867486720092903
92457817489412694
134907783740331927
214187300625657145
4
6
3
7
114823491121236336
1
180144167307824182
284068131140827081
2
156422009434930434
279279760145916803
12
96383858918758727
4
4
7
5
140686606069289721
6
6
226782597288386544
2
54978848597942665
7
89463211492825837
5
177341151343171996
238062439862512648
3
402480169303337918
482539040761953895
1
557184978554697497
158124951715334269
374034450515657375
95890746925578788
81735568276627724
5
10591156005206044
142272178645402771
1
3
9
4
6
286410468387203544
316284640115858571
213187248249248063
709630933266364008
12
6
5
298401632701816441
7
69340214300542617
137431033213239027
5
3
136846209838267858
6
70224193130899347
6
149960637321752521
275015210795969588
7
55733218965462714
8
54892438268048233
5
6
8
10
88397598301544858
100203284254877039
5
7
4
7
508708390807064774
105049133274832613
8
158422015579591496
4
114390488909317844
192287605832128670
3
51200556224462710
1
13
4
5
24355069253488928
3
5
6
5
3
2
99885341999362061
4
96553802541941258
3
7
202978574513808100
10
2
582741797820280551
235786908458999025
999999999999999992
11
5
10
5
14
7
157394193848269714
136914895079899123
92895840015440315
104142179310640063
1
79618221274694585
3
6
6
70402749593607785
566684693796511034
6
405183466605399767
5
112468383120179599
4
147482011399207187
10
6
123869755103883774
5
145855833472514617
8
12
4
248794703413262330
8
6
5
97075032993937589
77894186096339023
701914222521158784
358272534223983797
111210735262192959
100570185479979102
8
8
6
45989843507784404
2
112558126289569749
1
70246948187986872
190520262506889062
532493489049578590
999999999999999999
1
134416615139910097
3
143628387431849932
6
4
6
4
4
163349664988990056
8
103673770562312298
3
64261540915559055
2
344116823893985307
296596831203254984
214005600702299357
5
143442988835940406
2
4
26807510305377509
430046462115126017
60052149995773541
4
13
80850123714984571
403927938031432570
173605055924380823
7
3
90759742229019087
177758426407878883
4
105864243840848239
602220349399598779
7
223734081204776701
9
73772881344434235
155120717193986454
33813857721316454
3
115723657351517217
3
3
159578118785126274
155472133234843584
63383250404179119
344756921297646287
2
4
111122167866642258
179257326942903531
3
111383414846946797
102611620019786645
138683577681348266
4
7
7
9
373613344626043381
7
91584870255446551
348222302352590805
740315637278824831
69067439572590214
3627088049861886
6
1
4
107659386355105533
3
1
8
122122121621579091
2
5
146519763746698763
6
2
4
3
6
11
109921785504389037
72601209596990519
1
98432617936464303
9
130413212420717478
104831000372433168
5
6
9
6
8
94599367247477552
75609709716935127
307215215827076072
8
203745604860488132
4
136970347291639518
5
3
3
6
5
4
1
4
92725331054330800
101815897918773271
3
135587274453868241
3
7
7
3
108234890709540399
7
5
50880568026126861
217842786949821675
7
186389768022031444
73989129050335615
1
8
6
262959597061294595
3
3
14
228586153573300985
7
6
1
7
8
5
3
59365843936933675
281191776375464861
5
68257500534758225
2
9
5
3
413594431807027111
14
129733393651198592
202784890176984329
134632342367031686
5
146271836922726354
238623651287754864
6
4
317941046191583818
84418823223025647
54300357916962991
237917195764641796
1
88160613941142321
352873394072434551
7
5
95128857936130978
3
3
15
10
95962537625459740
129760681951720075
200535181501335903
7
107703334765849863
104247527369573652
72358381312022820
277063657407466646
90532935256950687
167836517581364059
5
411729101873236345
15
9
4
10
6
105685775668274485
268904609272764054
13
4
200848464241145501
12
595455843412605739
864750406480307402
119897877089951106
224485872276838312
9
7
278324799256493402
6
258114330167898835
154914680395425796
37290964300999451
62885905995972171
175712904901967228
5
148245936729353464
252337167152923594
113258221126860913
1
6
246013001718478678
108241837954198565
8
79297661992930954
99703531563398161
122917707137839637
183435803480786243
143617693157834803
268187262452952782
1
182997367209839667
5
146435481519541097
9
4
4
5
96472233035416705
115305002477598334
70134243978609092
7
772432481282192297
1
13
266923268823434573
4
95104962031497682
634665102875745895
228813622277043247
9
123482559461092837
6
7
48172818949566724
999999999999999997
7
268516062615076573
245558082445431734
4
121941983345902031
74581723853721027
4
3870965781465384
4
4
62557910514046587
3
6
1
140825015977176563
11
120428677207437762
10
163936078714133086
8
119527331523139239
232405144970865728
84045004787041931
105385027089537234
6
128340403343683514
6
80794291906554905
379579835493444141
3
126808631135921730
4
111740822421401056
5
3
351916003989709873
3
7
140588045819215399
82433521960555301
3
131087270296954747
68942158335075880
207317501486582136
116226880249648846
5
334123866243663292
6
73866380655959790
129489739575365502
3
318686499084143762
13
1
1
3
292174817870837804
4
130094746885412878
5
236715366407765060
131100081365798185
87608874354934541
210394075747029281
8
158615163598776123
6
4
7
78371477208843770
81037483162205642
3
309068142582896629
118019382814063323
5
8
101339131753741783
2
6
7
15
256916593749742592
6
122741162901283252
1
89402427975663202
187905901768716711
290995006311709065
9
78864578234238310
5
118490779552448389
2
237935634942985157
2
3
10
111003624937843026
18
219936540353255489
69367351545838799
5
10
82853630315869248
107967199569327875
326741231720720545
4
132185442684704244
10
863228933148319129
46254381101747012
5
2
999999999999999997
144717628721428751
173703759128806964
308783904457096997
1
34005724091881527
8
685217008139807945
3
309100796963559902
124270028915388684
175553055065165224
6
318740011754879744
8
3
83575106195698596
4
94483938793312698
11
70667125021790477
107294592196599282
178015649252756657
189057686117718091
3
3
94451772295326319
289251613970384102
8
372399455726034466
8
113733055017067398
7
7
103490937061466026
7
105203553724644898
49103812865535129
2
7
6
234661835792256448
3
13
304689691054165081
81946221834997784
190816761462506545
175155677148967334
142414001458990741
5
157973995311716352
89410606981005980
50523095336203719
1
87417316374763454
59299598934737705
8
98535091090196448
217891510461919372
7
11
289138332470869869
45253256633694345
7
2
5
1
5
71675556650746427
135063403014643980
125450290623707941
6
113617528608796757
347947453596123774
5
4
116417048046077376
14
123236427839509940
112099118238446224
3
32152476906522647
271135482881586437
4
117036947478029653
6
364617397946188375
101063587078652202
225437534574406046
10
73077799508126811
148168222267696311
1
107927549614233736
10
5
8
7
94037814550913953
63593267070812826
4
282708949363781596
72093043635008973
4
160126901551113403
575078850350657864
1
131503096175134701
3
14
110732703166912877
5
43985601203380121
18
104852954668655729
61159841005512668
116824869412088072
170902582007582291
1
72297944619129563
84819865313171170
2
190690253596577560
7
94145268403060673
226798133140557330
6
289180470703131064
2
6
195344270054980623
150518909955521463
3
5
101106170019275058
90710219684063691
11
1
95038197251007480
5
143769055504826213
1
5
198866400640937482
4
8
4
143819655151505636
3
112733197463960723
184108279795675287
5
7
70376597943266242
242456850762950644
508021306106923215
6
222089669832247073
1
183413288689433632
128225615212017695
7
297404751333262915
8
9
10
99144968552085105
104761350219909988
7
1
12
1
189818594187412226
76244778141194748
125928089432175419
420652007426080568
211528610923571865
4
3
9
122744677781494155
166746543395777493
10
7
4
9
3
58705537438096653
10
6
171834767375794969
2
284648271050867462
67570287061265044
116577705186973326
139620329127153843
58858230069993757
13
72639493959711100
1
6
6
9
2
7
133395871591172223
3
26307384854853384
1
14
103802997725423426
8
3
44395286947010318
183864266454420858
52228918047314014
5
196930071059234388
155003778007288294
76196729941847805
7
6
10
8
4
282582843838515926
4
344059604299563733
9
226992627481080464
81679255252266235
59848556624681413
134162112690959051
6
98302944439556116
4
4
4
183258681297610639
7
119065969861311132
7242432055258666
5
6
1
69400713026028163
85646902761792381
12
1
120620413086474350
18
10
10
2
11
3
70836362514363272
145383865347813347
157664855967382747
6
6
3
155417416922055891
12
227079673300395998
5
10
52958678063688928
95090874316927389
11
5
199920330189400889
78945971224874166
92922575525295943
7
10
4
453602087623063190
2467121609450161
8
1
109742362251216126
632483835438750302
112387564388262720
6
223019601700570567
62254147691359795
8
3
167902109554274768
1
44281246736012808
199468378651554900
4
23150165766898071
107144110859389470
6
8
148635570332659909
157947983613197398
7
202900293329647306
4
5
133011487510659394
574809868043103170
9
85638092195825152
1
11
162649705086697090
5
124593232625019961
4
7
7
1
4
1
182953825132164366
1
7
3
124660032150272649
1
3
307164231486564171
552880443386914101
1
2
5
1
234700934877094536
10
5
3
4
4
5
177654357273829830
1
19536869806668634
152410634654863584
188401796591285872
547325871506296482
750546488496038696
130946658244582472
195820849831018315
408769251006543898
6
4
140205362252718743
63440110122682727
5
8
85357485804829586
122034345832323181
5
5
7
70049673404539614
6
483134399895385283
10
5
320044175872232448
77973545525818887
38902832648184467
7
4
128684914684586216
42019157578248462
397468552495775697
4
8
5
72635943644920248
292989372960692509
140386667535288544
14
100547808279914510
10
4
3
4
5
304962187671426315
2
6
32538277320809298
55963280857727568
133152985858456883
7
143928582314973695
899559540649903015
181809581531333602
246126629746994920
8
5
162384358036043218
97861972301345708
7
184847219142469011
83819436592465226
79069458756850534
4
5
164532223735028477
141502692197413259
135764214938052042
195482264610868251
139409878957043460
5
10
188762527586548906
235488843383454957
276128941067799119
7
3
302558901363900623
143100782268400638
2
162645265600484819
199221202303745474
311369686321890540
4
1
78098813571632453
121659904766567861
58494581650463286
60823649167189195
71211524709834785
10
8
123634904143401223
6
123644667719971243
84747127683036200
4
72984776229794164
84540463107359513
156385402823008858
111961895273591582
4
82614179026328234
3
257668792643217107
4
3
5
1
100336869845638575
13
156204118572266507
6
6
170939810493990594
4
69030156966140848
174258557759343618
204186292092028114
6
100391192567094313
6
2
9
26
2
4
139932707480718516
604167995855600307
140340189829763592
161357989564151578
160904376218696707
85820986171940686
5
79806333442200858
52790902778707865
72251107163165468
44644388421904115
50000374789678512
12
7
45923178064153921
7
7
3
5
83309409358819844
2
259903943982224677
5
46448832187858627
365039358722325461
10
63486112431681018
216892590817821576
86552673835026093
2
202138512646430274
76142569491878501
9
4
8
4
10
85441166949831566
17
65290220587070132
3
201491822441156780
6
6
71763286407062302
325736360015375017
23714166008316924
3
9
6
4
10
5
9
5
290073364836112327
2
5
113945819103636134
234796243345586045
10
201766150684733889
29475950771529836
5
4
6
123699852044317602
96300581793975101
180573959134984807
3
761490705510003756
147975709866139067
126999100682858928
99206544005995165
122619157632405073
255634489618221628
2
6
193594819225803518
143461987251003692
6
4
183355171540120721
182677277078244636
6
87882661067308745
246116898158653353
7
75649615970918342
3
67000438583102798
95744595094284583
3
7
5
9
6
5
999999999999999999
6
3
5
4
7
103046846429847553
103947530812171091
4
61009647096101186
324448858168766127
80023609119609961
7
4
90902078342446107
3
108096385996808389
6
7
16
6
119120326949204844
132550885609235792
63837711164363898
106663224683973325
104663701793532010
1
150793284977505473
6
255674900431080958
770884791667223771
4
100376172592791198
147998940727674907
40431066230111546
124378838082864831
126560708016017843
4
9
384315874646370936
118127585805859865
8
7
645265820398754275
220988038702918584
955666777145037761
3
115771342242344551
94188807175031064
244771521375245327
167831178395357225
6
121219188168885521
41050268523008915
7
7
3
4
2
121550953587900039
2
5
88698264586121131
91881523228834302
4
6
5
7
5
7
309363661061869829
91590362460857780
9
5
3
3
211840930012013338
77149832145590012
143281948436979504
3
115676162613674300
52795514393341648
4
121260748834218084
8
5
51310614483839514
174734792764698540
8
132341618534841900
292924122357628506
122965651125095781
5
22992281982764721
8
238205977076801709
605458915470472954
64237201540949776
7
127607543173661260
97397542784647014
193232160600160758
79000585421947870
5
6
8
94274306217860512
4
101565416693315175
213384153643614423
1
145301570975338630
4
90779888036352096
200237330395142148
113218287390111161
88272468246246636
3
133260680391178611
300904708125803473
6
50230621392696898
114857543549006611
5
163379062968771984
6
297839480049590007
6
6
163554784634065250
312888426661767024
7
1
7
13
18
6
7
93768398606413672
121879410767072000
7
8
6
167951982184597658
9
4
3
2
68326990166564575
39435496422627099
29709614285853738
5
56986853218375517
5
1
5
9
185521588898124302
5
6
12
6
334641453104437548
113900389828351827
9
105794311416239525
247342945429216916
5
3
6
244262381353697657
165851091724869930
6
9
319538445761149750
14
9
178242137006166120
9
3
1
214669694456294739
223457535315893821
134342834245316207
7
12
1
5
100536044300443274
3
139671407720371022
142022898188976483
6
85005854604582456
152385119548592856
94113837234084418
109691473837832906
5
93660452517533156
165801427112580190
7
118255222431566087
6
7
7
79007070757042144
122255580064734862
146238104716731137
97645331504708772
881998416942253848
267631025080843747
10
81246476222313519
222009568680427148
8
66331934903781543
2
16
1
9
617331812271024218
4
166367551925171108
6
15
454565396345169583
6
1
69923199608470113
192584424922107417
162870775295477868
148995202456283919
8
2
43924306367932250
4
2
7
129994878693292688
6
4
190363019534205551
13
5
116580016310417887
508009632025743138
164695737339029101
6
28477985722565499
141554125491127703
6
9
5
1
5
3
3
8
81435327927885507
119963982435065150
9
102154845887237517
5
3
40067880454923431
86937870974418414
149308471699552974
180977147027613930
8
4
87414848807796273
9
3
5
15
111338728674296112
9
12
6
6
114002375213853504
4
4
155787724256531655
4
103786983217466866
7
288996496377431638
174722373065314646
220204811210818695
1
64786464677194299
11
7
128617272390933203
185894914643742412
123861941013250793
126841623462635733
5
6
2
340214211121867363
78148045076354141
153024397628037012
223468007113593318
5
5
4
3
4
54659668882516164
4
39983013775918882
282996079314917571
145478403205854629
1
7
711159909712653338
4
3
195148119573699057
6
12
1
5
145705323019747587
168026526439739474
16
6
175511821032296418
7
213975783185466455
8
5
7
131696598022611621
6
349644630295450460
2
7
9
134559490046409568
7
5
69983449298283041
5
20
262181050162788629
1
97397260120686957
391177542921289446
170735136581804976
321930628772667506
7
10
90568748993710710
219944322753253772
12
4
104225443380528935
117829449114886935
255195549920971883
6
163302609726176937
3
158200375989418563
49748550864631270
4
4
4
6
2
2
306218017017884800
86426368550610654
6
2
4
3
75428991589099554
190559962845280736
93496301344358848
5
5
3
409683615835451911
2
4
203357023693571197
3
8
5
96927929328150143
6
1
5
8
1
9
116896012796019355
10
474480330493649208
138711724185751616
171117928624066025
953856152651662497
6
119026536178294671
83873155538687009
4
157406204873212912
6
64680920473778170
236417619539538406
62827117538776544
4
146305445405362273
3
1
4
5
179171550889776682
6
107577587506738029
80038899582376223
8
12
6
4
7
365915525242556392
69149351056486604
4
6
5
3
3
128135745934068244
1
102636242008868457
2
53803851205265300
180648244311407825
133380922456945251
568211097228348578
10
6
4
540427166060032640
176222314227261769
4
6
5
5
6
503035182621839289
107679239631973300
4
6
1
4
9
6
8
6
6
138139682241874067
404648001019266756
74939522617688511
4839994206643676
10
11
7
81456853637447563
2
133255132066525304
55327917802490979
115321510487965832
221402387418342434
5
71272047608904015
1
102071727297094934
6852037984032524
8
15
5
5
121057986452572431
6
7
115155816510964575
50637608547226178
160723191918928138
4
22
8
9
1
56795606362993724
192876329479878011
123451897285547278
68260417812231905
271705346973125772
1
7
3
13
6
173979616495098139
4
64530123587444311
3
91354578153032261
121195776290230321
145317370890513032
56898458966890773
184021648541967631
7
6
34301111698172439
7
20964315684655399
5
6
321573564816654883
9
21231782897339124
9
78606087825599906
5
5
4
5
2
11
70752807307416470
9
14
248840087339469976
129477796698476414
64926655724138181
65519776361777260
81881702871086575
5
8
5
85668287780525632
172853916153946022
4
4
10
6
556015702345603156
7
8
69834318636127593
122562703954099295
14
27176039987763978
176064372331168046
5
5
154579742422722840
133263093509077253
3
1
9
295167271223750347
152287752386442387
4
96210661096321864
11
164008968430308023
7
80982677772058557
5
1
100903636458827263
2
6
126109332879511177
144606462617851691
42333236900838489
1
5
162706075867591005
218761667215546895
6
6
11
301956042124957723
131423200632763212
79642932808165105
5
223865070072086839
79304879316515548
3
16
1
201742655613279693
3
616170454160292143
7
9
9
7
2
5
99038185494144563
149973140845070661
166764319256879845
377801280743952234
6
6
13711200829061400
50222778520649945
175495928427110846
5
628739772825462062
5
323797729278424582
2
59074029557891834
4
3
3
999999999999999995
9
129289345153422706
3
448592115725458821
10
115087315619219427
7
9
223874845598975767
173865043881584995
8
141069508712052675
49742251153490663
11
4
5
7
4
89687913522599127
92327342881901817
6
6
3
132360803913430938
113646127199733703
4
6
156194605604890669
9
72259652372271512
463297652796015939
77547571131034681
135283842969598004
291400465194389592
144048262229640381
184545563567444033
5
1
9
7
114491836182246018
143900949963723154
5
12
172683653545131034
94330404146521626
121518072381514223
58926030348886381
5
100155918538319308
4
82983766488777025
6
3
74857778552971436
1
10
9
5
78095461584624316
5
10
1
432688457460465166
6
5
6
138453309711621808
4
194893643159042561
3
5
177325099607941403
179370834269042090
6
1
10
6
678599725828645979
5
8
155601924881472866
205296989064828791
12
6
167024981784743377
10
125742436704095314
109907905854677147
5
105401041347938547
64618982787969836
227535023881342220
68065348814831624
178578758131672392
3
6
9
165208197698339366
10
304978165573760316
144783780177818586
257469613193786329
7
75385511097541882
9
257422620142457070
8
164061495688116214
7
337332506297451495
547341363963919034
5
6
90995779599538724
86414473152093799
104780164582210578
4
51689196034462942
2
9
5
4
9
8
8
193462237312935060
221557886281496399
131096796848977665
63659681612359427
7
183409289494999213
157269758287847843
3
4
92645238051347959
120591520741928239
84074356067788840
6
174927589234514513
54881822333699597
58889296389315935
83499478975414006
187581443790030596
104916826978854519
844414257091798984
6
7
231858700039325056
3
3
4
3
82025363104785086
305692602629363423
1
9
8
129984496884951559
2
4
144575261130037580
248261827123124858
7
232503356051957656
6
68936064480236949
2
3
158699612323058582
4
7
3
6
156172764104092089
96900661464270088
112972806145461908
9
68653259957147066
8
7
4
2
44528936560330291
73422598423466641
5
99841793029711639
5
101816573608877514
6
105499244649396882
5
8
124231519061705102
136365050738243078
60854885949308751
3
394411550865655369
263466705150747633
7
6
10
3
9
253633619748124696
3
5
180721391008284332
73850473924602604
1
4
89810017686461459
9
95124738873557988
60363815406811962
4
1
2
2
11
3
77022026903347652
167758041748708291
6
94302246671864107
7
2
6
80127917757942339
158550252609232319
5
257967855853377460
225131800967342792
79231763838087666
7
11
48163632266620011
71823152673130462
3
7
10
5
3
2
172767746063499029
6
7
4
8
54339099536157567
178801317792782904
655645497726843981
3
239608874016728507
5
7
3
3
99663548229755848
122877463298217114
296005047838579441
8
97208922343783555
2
4
105228154649288925
105943523346647748
3
153244973323862446
57117322292640242
61387487098651428
1
9
512184601389765794
4
5
5
66056801485875017
5
11
1
2
13
76082154250053355
7
4
7
2
127750732787904521
6
13
5
45764681113248969
119082365195881816
4
65609611068191373
498138458922203167
130711423658673451
4
146945734527955358
71820601132633598
167573536844282578
296738230345940290
6
10
202918120198563108
9
1
103905382169693459
7
148685372821137737
76187507645918284
3
3
396090550609260710
10
231737099699875728
14
130337144720534441
88146707012641966
5
327076702259099555
108195591649143552
78836645675957898
10
6
464894778342058915
67916221325700127
234693867710233893
225625970528502883
12
1
81913059874420868
11
7
93413634744804928
94573430681405311
8
10
168275651675245374
2
12
56912692805625308
213482129354205230
141153593008535174
11
7
1
182989398238623349
94263679487985962
59426130326249462
7
99828639858130807
99979077088030256
251117945275482820
148682291017368970
7
10
306187322140010701
9
144939144591999860
9
8
2
3
3
999999999999999993
8
92045291658068135
1
2
1000000000000000001
5
59365005044386133
106424519445129224
197107141050544048
20541772644387908
8
13
209098190166457036
192385209537452178
501410503455361419
9
101905888787596518
7
123811191329484630
5
9
4
6
112172385015046387
7
3
6
26919488037267192
166461820901557606
7
76387954296488963
352651370279766624
73487499139108676
178100582419150709
7
271035153227586154
3
100386672140267677
5
66134888322095335
1
129731265294842880
108423145342737801
16
1
8
6
8
4
2
203597182350086338
4
110569851425964476
1
5
231621486965574958
73675671294280252
92791344101209078
4
3
10
2
300074601524004412
12
160699406234581715
8
7
102989810930711168
118094075010652056
11
5
4
26001922856314325
2
5
29728984811033234
218948155124199206
82757644522230412
45366981985910157
8
13
125444452629610051
5
3
75314248537967755
115961605361904775
7
37092358864929226
220209639653852372
5
5
8
126916362718320274
10
7
3
164849775414712880
105709423218020164
6
91242548127558490
3
4
8
117310806284644459
148185481666285355
5
63959727439667129
3
81345728796214307
76524536181738257
160737973233985972
80066043961178073
2
277318297741158448
279721868014345426
3
129187275342335207
5
83585053613408738
5
6
50677729939318972
75975427724047878
296831081456173854
7
109042663976916637
340005387524408066
15
9
52961172175915261
6
135312542935806149
660083461696509695
26489262452285952
2782193389374152
8
4
92111443555485484
48773175547334806
4
47472212962508504
190825270963766809
14
135501676568026223
8
5
14
151329780891342961
66315765545543044
71194616082936096
9
398748227709661163
95933796407819401
10
41237057351269923
97266165887445102
118447318483643928
196562743825989024
1
9
155232264089343087
73697876958618512
537712021926739795
54546466320251254
84184713010032393
4
137309177705093620
450697255086083018
8
7
85278164526105639
60655302970379260
80543209013486701
6
117074996923931578
111329615315483700
95386554334460881
1
827971255600409801
6
552332838542510467
189478471238692052
195962728499150891
3
115906212841655628
7
480322942638554908
3
2
101998026034507562
66355817154043412
46774156544080710
57704756061939116
4
112969020258957079
228300687601605760
74140986663685123
4
99660498591061364
351428862455693879
1
169927160229255429
6
10
115444208114906782
151332745344644648
3
3
172216868900985659
146339596036098545
2
468050654210349170
159734094396405292
36822231880578540
117743422363772183
119950864905706613
148874944417637222
83576679034402046
134891642797349013
547214621854641086
121382243379098217
9
4
6
79731677724715577
64878569938580033
1
161524541512904160
3
8
7
559007267960085979
280120804875727917
4
314191041069149146
3
5
119002958861190301
99473848273991894
63805057152713622
11
4
5
6
121201569922782627
130783253259087832
102166112604144163
3
148254361693222108
133630538277727828
1
247437810926711426
4
77461943680321791
7
178701171741069013
220275080216634237
87064277546541851
57699296684306422
140722218030821981
174250257051802071
3
31335998568010064
102578224784425238
4
91158688896486879
213163803075122647
81489540227724236
6
147179444615560740
203585923186417638
8
205610628879775454
5
163908129320296935
164396775228198687
136031159346267938
12
3
166169380378150579
224589220390998607
202242742596609436
218289763245297167
5
4
279338852800773437
6
220987823601210266
54471409629054172
2
8
158247847593981046
136769526932899114
4
1
152965142338997611
164021871043425044
6
246457149685074583
95858644052343722
4
6
179844235412084756
1
127203071503637662
6
11
4
4
8
92694781527549738
99768586665007729
3
121123884307607082
72310770450506852
8
346090277168779005
98790435983456914
8
420705039239667209
7
89051686145088229
336697158440094283
1
2
4
108606789524632467
84401281427416402
106636422640115148
146786956266783737
211449049404571069
185243375127993947
7
180418909641121636
124962906384831998
3
142634109285688438
11
163748504207761361
4
5
173916973625171596
112552739449006471
264763891417192294
10
177021114234565266
52484994616910322
130477745780594059
188900399123277092
1
140400693550680787
141577284418179530
74521182470803049
237550975175860419
3
7
9
139833364485914959
4
4
4
301418207699623693
117333395051041551
6
452386273862007743
10
101898007820407299
91267642629656575
229089088857389646
70549072177684832
6
6
1
7
157336707293417046
4
3
1
234758882151654973
6
12
7
8
5
6
9
83616674092781884
1
75654612261706869
4
3
390912899285046490
3
51955859968825397
4
121007452724273312
388850914886032828
79842569587208254
194868362671734835
9
1
5
12
103430508708809506
59171990317157830
167430221488285390
86366073735854271
169160890535521638
4
5
182872601895741389
267540065064538790
5
4
179798096820848824
81627293636652101
467127457255843373
45620205000876308
2
3
84047768534453895
72601062388392750
49137849206751178
3
5
83322084219061596
112345927023276301
67955748038955022
152833527024768987
6
4
9
7
7
8
5
177106941683931964
395369081450934994
5
56678330744922830
183730076082833965
84525607117698972
96030988021707606
1
458883637624332421
7
88502012547355653
6
135381251209738942
9
8
3
6
3
158236888931479114
138111338526320889
8
1
2
6
4
326378515613770530
465171148308613432
420872519158938771
6
10
241525806981318912
7
1
166271931367582603
10
5
7
396573647908385787
292015525351001986
3
159589776618259860
145543196338245877
2
209517025722547248
1
110633385996737900
114961909372435594
376585527115567357
337333909797447565
2
132475360098368323
999999999999999994
1
87040924690595371
265407743776434947
11
439459894991004836
8
1
4
6
171664753527947044
62079073661004938
1
126170085779941070
289670305961138518
127982355465848638
11
175994320513506115
3
9
5
69984949054451231
5
113494905825902687
123570253663947290
6
258290593051706605
1
284285856167020655
6
197911378489324341
473523470010014768
106669321470404325
4
8
5
3
120954680368422833
1
6
6
1
307939401003263760
3
43900956877041857
2
143018366020496625
3
205992700842973270
385425289947375186
10
206359116210642725
7
6
130081658286201153
265662391093555998
4
48688175117241553
228818181476884594
195606288632876727
7
208078475200361055
84000297477640446
144428789717574583
426338677710449846
221881408943043847
5
545815827110394201
111053962267167672
150121625450909097
95252689703652194
3
132660229426316023
64083416416342875
7
287546338077872459
64956555053666050
1
228224270067748614
149396384023873956
12
6
6
4
2
246772853222823015
10
14
691556914700645329
65390272344360191
206099075502293062
71296015632660587
6
4
147843884237080297
4
3
120170344886938715
4
86433498269436655
209156292760896826
520622962310950018
26957607660133062
9
7
9
112413692817554366
130265525543929716
7
4
233599477984411389
126364805690663651
73709053661286601
6
152431498290415592
88599482521103778
76793886517745143
6
44484027905939785
202058798549456889
7
11
1
7
169054214456481307
166338735716558130
90312682357229774
176804302181611002
2
1
8
87189147244082856
108377465110246020
5
6
53061891942184088
552490598588553861
1
4
5
10
5
6
10
205288607889542862
6
7
4
4
214679156614540568
516519951737628020
78232499425269117
9
2
281858264858999766
2
357999679437403827
3
14
130372569632313890
6
1
1
5
157816280985601035
8
3
438633691407415837
4
5
7
2
176214978974223171
114076771568409685
1
95265868545979914
7
318650915841102384
82568595696073342
3
94348271555721994
19107813280580023
7
286923007972654194
8
2
76875103777489885
56187703114280632
115477501639465327
9
84838262884592366
2
6
511286767737303842
180035837284741100
235376059250079622
156418444659363850
5
5
353026528779706208
6
3
6
154677064265555234
1
10
5
6
76836739058694038
222399876693354452
1
6
139561759230010515
76842872654344276
135423584967304305
5
1
118154463045330262
108987912503873881
71527402386262581
279731007723537339
5
112371360980197573
7
83807830739813780
72513947970456758
140218141002409992
5
12
3
6
589648514883170286
147810113555815250
4
9
51888446643893145
140748174152779423
177185932770688333
6
8
9
116682454441357433
192891099053124007
4
5
117556235821046307
4
2
5
200247730054638550
3
4
159437012721768639
3
3
234831923328389255
10
8
693826855267077534
1
107086132911216206
3
5
8
5
9
3
12
113082704583046735
7147158412026695
4
72994623056580168
2
5
11
7
63985994575490783
54016177142092889
3
133833244542002109
7
46529689461786071
8
77530128217461897
1
136026472220344949
347194662172431992
5
72939131330813746
4
95921376229482682
512426399295809687
113294417052057065
5
113123386136667320
1
3
6
4
148661072251995580
96496670999221460
4
9
4
6
8
8
245308681364990072
155413272784599940
422036544283002215
1
11
306673151088000074
5
8
86882188749822314
9
50767850646316971
6
105735838546906743
6
81638903363409851
7
334340228490645949
1
5
89591489941526583
119969934113465321
5
139293572175344633
5
5
6
5
1
5
97504760411158219
16
10
8
120475219359937742
2
4
135214691301566102
112452444493131662
8
4
1
142919968759874582
7
524911500606304012
3
11
130030456537847414
1
167124756967469538
4
86351230593527977
244857015959428886
216351898726835197
1
130512632720238371
248273965345976653
1
88746177629832996
8
119954291320582737
124797867682833895
3
20
11
176745920712036092
3
7
139294380869602153
93864886879437408
437620834890814240
89934743639691691
7
85315762898140275
276518450471420582
9
11
7
84192645080714909
275747016438068509
4
6
8
102992182451567806
5
7
125452509534592423
146904422549878742
7
2
163695312402965599
6
358359149232518340
61039351707852074
304620653384683837
6
8
6
16
5
2
6
6
3
10
6
29018595082183802
4
137886678438194060
286208309054439992
46982468063865258
168067673883474628
151281097758212708
6
304220502301812973
10
7
199306995264366379
4
53882270294164575
97778362888782496
5
5
5
8
6
99343829621519683
5
65487156261941243
126995982251871214
7
6
49654789549617553
61238621534277411
151314538283000601
145681108228946041
4
159076193670291424
4
1
3
530962494561203821
136209524376225837
109297667919226614
5
308535346262941373
3
112117812857939752
125403867917756246
58015729674014032
191408787969444559
372632873072983497
141064290331729180
8
7
6
9
153635485938300643
91041944206559210
3
216624850914512424
6
33212794534882501
87016211328828532
276111730884697128
88876553095378318
104825329608212943
8
77059545683101048
189840183686639886
10
135114505421424337
1
57656111653186637
111618391688649687
64698527932174374
103167392068544885
3
8
1
169829187222919532
131770583845482890
193462001962427556
8
226268960393013213
201346901861221738
5
406783947337236408
256866092717894586
198519210775987557
6
103923887694027841
5
5
660776566754900148
11
1
54258877080100486
105530709854184690
130688801101981477
10
5
7
3
188615324123596505
137253417764445190
42855046589078117
4
6
1
5
122632398585522770
118765446743988028
122579363811326820
106458649362648412
7
6
228598155883465598
74596243177353283
128721505037565519
82894561209400300
97751903955049582
84904576228966648
97334556560477288
93813989969353405
7
9
1
133471377752512988
429246712834603460
959012412753205311
148933867258822526
5
6
139954685063530036
3
4
2
6
6
89148523527283180
89636157518888236
3
89172156208272185
6
563911094666762120
12
212486537201762898
282088823884256332
7
64657772282251176
89109215480143508
6
196057475627586809
81215596798012207
196240710633624447
64538514678419230
243549966970563692
11
386894034900587256
108651959288593097
6
1
128092767933344189
210670287343126725
861008614047269482
95072359651499972
87825546650047068
128781957580482564
105274613280468257
49471154937937978
250183534172385557
7
7
14
6
10
4
8
84688592659587508
4
6
195076469989170265
10
209909428984242387
6
80005292575966189
2
225786193086444047
4
8
71618221707495724
6
137825867616146756
36596222018133324
7
11
5
4
4
71180552008033469
10
101479906076134304
3
7
144083072059483612
109958377070516713
5
311545850298052466
172238085788494126
2
258688149483397178
999999999999999994
12
245614813801964074
83664069308870124
231139436234884447
11
3
2
3
315634126469991126
8
4
4
50310280717268379
2
1
77529120358444931
148865821724885025
108604184301634659
41874538349299320
12
44018193122610504
103621890194529664
256636379638925660
11
6
8
5
7
83003890096180066
82683151099020635
89104385009061156
101434495744799995
116240553312517504
5
6
10
2
184134583576090148
157049956133762813
5
280493838713099355
12
8
8
75329512440240197
8
23698672818135202
5
5
69794349826007273
200805020484978044
3
10
5
8
2
108920558539079504
160747623741177286
55604441281504070
2
2
1
14
169884614442058585
93824727905640892
1
137928799545029618
90658918797700213
81757577647165506
2
71720916683889398
179267547795222835
59378363690751316
174245001632441442
6
7
53463056377880797
4
37339392677874562
2
59048962183940770
70255527050794056
8
8
117564580511555270
97741926190575854
3
4
98907873045063458
152708579499500061
5
85254065878827178
6
1
94775476343993405
4
2
7
137784189101545763
124717157398970616
56705768659347811
7
152763810958995436
12
8
5
5
5
4
7
4
3
8
13
2
4
10
119090787291364465
1
4
9
6
4
100649660346381387
7
2
1
175273001173244334
4
10
263163175387131660
134068491124483113
8
3
164737397523645568
5
154728455237329185
6
4
4
168658151313969403
774818863921065528
2
3
7
140666123852755908
7
150142510752471688
6
409275951153164530
5
4
4
2
1
178549252868663924
7
6
57554539295604890
6
161509977335566729
4
4
8
7
5
7
7
7
3
4
2
3
5
5
80432379608764918
20
58867141421703246
2
62388883159267160
6
48071327145451565
135820311759784633
380457469933278533
160807835708695837
176087351979547644
322524279522909415
11
11
14915158309648880
11
41892046435194734
8
12
10
183244451043667062
7
7
88094431517236730
6
116968926013236576
117429539525084442
5
6
9
7
5
52180213673635529
350623465789331158
5
513569247575994915
61628616171085025
13
8
8
3
4
577712482393450329
3
9
1
134304645132855399
43326911662076120
3
6
76450783942926625
19
349457113930050097
2
185901559944866252
5
613312371246520705
5
5
119050675614176289
2
110010622854723002
168637481944664689
9
104808066545547447
12
223686457345419499
7
5
3
99855924192011731
9
12
79163114427652209
5
213565745697257481
1
232376607941635016
6
3
9
3
184391610121757776
72808329671037772
4
4
69856462418958410
999999999999999994
999999999999999992
4
7
117945267587843074
3
6
2
8
108426319267837065
134218965666414964
1
9
144005556527245683
1
77887959920842503
325494722774548656
13
4
131309715190024725
213959247808724712
116159562778453559
9
4
160003144151746750
8
5
6
4
5
130938965986309593
5
119635099549248663
6
1
999999999999999992
2
71126548429757184
81772817244816351
7
72441678720485280
4
63457494420268904
6
104376421068810690
207429419487254971
162207956132923156
9
3
147818717251944176
455865030267991656
122430587560348320
5
113983774385635868
5
89448913063836226
80782662018899404
79093960946537683
1
157539455251790582
4
463809038344031993
4
5
124712425181855020
2
2
11
1
88243061135191210
12
56057510335331237
6
69588519843851547
257244946854860431
79849055741495142
110812546319726895
12
116995334229201168
1
409420574647621767
124732902197388354
2
7
112689067834270708
8
82140788983548982
1
156811226197282609
5
11
111757164573838771
114988934923370821
6
6
77668727945469460
78045785597829215
1
5
87703539407814734
4
143787954965328558
95797206847626258
5
10
68034431079432180
8
5
5
109459930110698771
2
5
129721926431506592
2
1
5
29676995724261847
5
60740480200916913
4
34809900117190115
87453177935322734
221937843613820190
10
86940739710095681
165780938394684240
8
2
9
187438432211174676
6
246252607847355705
7
264689719292166802
177164457991007584
536035698801452707
222000797671121849
5
999999999999999995
999999999999999992
5
57521985602878375
82280935552560074
14
610604235051378318
98287110865671973
129831977395277594
10
9
161573760917835459
109567332935073773
9
75407721716073605
5
109497491596588569
259216585370039539
260984035489921400
152032593208675165
1
95073255188291613
69688323071978916
136018563470844560
7
129451146504588754
93666028955169145
6
12
4
371924713212345396
11
5
2
8
570455943331183703
4
4
8
2
8
7
49843645087968338
125082668492959594
178045347775340006
252468881985329726
8
10
8
7
69373894733002181
92155204725323336
2
6
6
113723270918100975
13
98035198579838912
5
5
435124148682696545
6
66746389215024428
8
70569777110670375
2
4
226035648434971040
76377862357352114
279375974469661534
87697625460614779
7
105689669619876003
7
5
3
4
191209845803923781
1
89391665370889628
1
8
10
75200619872260626
9
5
363423737418965322
260080155811427629
79620151011271108
6
6
1
122469051246211762
179310519675759825
144927711601515477
3
8
362350349725810639
6
534341278692333642
1
898192571209962127
41965140406752390
1
7
206457090591708122
329599061380442602
11
4
7
53494629894593083
4
4
85080699092621616
8
180139965046199389
6
8
3
8
2
6
7
7
3
40749205385866588
10
1
195493989895638818
5
3
10
465067918818520861
6
98733418680310697
4
128379453317352710
5
10
2
87570558667908680
5
3
8
111101514728223833
247069387755893177
5
155187534609854446
5
194790141719847556
9
89611965521141659
6
1
306869036252911976
5
91381682980378542
1
116262226231313615
501211735182652325
6
2
933603007393113335
4
4
2
807026739362064269
9
7
128289633213550144
5
4
180232020671647602
3
112693022195151076
80867126620936258
270344070950088211
7
7
5
7
12
150771305302552034
9
124152925680724886
221005688165387967
155202820225792022
6
149352295657205267
1
217096461831783785
71770758357908364
63881212104736081
151113353262085230
999999999999999997
142245718208745313
43827596938771848
5
449930626550892316
3
424603544557742007
302178065640254819
497113053486313947
6
4
8
3
31511148086596364
7
6
2
6
2
6
5
65539932128163163
5
89840576890606986
82721975947270725
514859351318023824
10
269543666125784002
7
60969737974105899
7
4
4
44136101233333136
248483268809894014
8
8
201547933224644536
7
59105291391028184
5
2
2
1
999999999999999999
671342106039836061
173232554653327466
3
7
3
140940864940335743
108503927595031291
13
12
2
304526869849170384
5
2
234748354213364651
207369163221546237
3
3
6
3
4
162223050549027975
4
2
44915566036096978
237330559168937199
61679523687645293
2
5
80535105403837988
96863141957424029
1
76540683567974682
5
3
246712469890573683
343976456365571185
79158915934853158
74408439092272417
25885372832360290
107936706139775462
10
5
7
7
11
65572482801861515
173660661937735586
5
127545890200932430
194481843165475435
99279631604563190
5
5
74905436274334861
89670272159579894
6
218665564387234377
2
224208547846515972
6
9
1
434902569695448205
67042926972450776
14
74815651756615544
74041711527815948
1
660918693485694217
119940487567836021
130361669661529259
187635668296387355
127101723397957978
144013719885074464
3
548001067286622813
5
137022456382939713
77825355445882389
78627929135411752
4
19518302059522997
5
8
4
8
3
4
109805536071126396
104003630835726208
91571356538530144
162572270502249254
74854928205829705
66570216691615138
12
103155878312772829
138420723295403397
9
336157318724849881
181220530259747928
46817907948897181
5
177015660763193142
9
88369524335719093
2
91618146194293615
64079834975061818
5
12
6
72700959671512211
15
199380897003900753
388917469030349291
7
102511455102057713
87869949562877587
115458671065171027
10
487973677587380164
5
150727007277622135
12
78688573008390454
81759084448790693
155288623745441592
8
96503582384311571
78995357609475500
55919530454586507
7
5
3
4
6
6
2
3
171615447269472550
2
4
174645929818808514
3
6
100199148631432819
62919125167576772
2
7
8
402169627563435741
99727784070192231
343775098189280671
9
7
5
7
3
658984435505456435
79984857532256289
8
11
304227938401612742
5
8
84319247432616774
12
5
9
128372601935553919
281605853277773426
189556900880179895
120241164355242735
8
123934188156271772
6
7
128460955006340989
5
10
5
140164387578695713
10
9
8
8
208906847518317743
95692046975018145
291154247842187597
10
153735041010142906
137155363787676394
58128709979415844
12
5
6
8
3
6
78076900101297183
347863236283171492
293652225857128070
1
69361640811867222
165624207224153300
1000000000000000000
137597030093133221
71767492301143658
142746316906120112
99528806192024295
87829451948735984
7
1
47564260939350285
160930233532151753
17
12
363298778100316657
4
8
12
277863521214832769
125579135833980716
216737259781688171
3
7
4
6
109306261891248971
6
74436012608781726
112567556519393576
271585857094677983
244324731917731543
145027996740559217
8
3
3
8
6
28195904873823640
5
220457760346366318
8
93276341085672104
75064571264213364
143646957023663532
223752934469946093
146198980978908541
9
7
89771441809669379
117035127369080870
12
8
39709496303715127
3
131436145894257265
157226834105973880
82619781764413811
176476390398090619
5
120302815861770825
4
100248130197854031
6
6
91743505519634066
231876503939018080
196515933943121824
3
170357216128744021
7
2
260545656774345941
672754640300697965
125711566339945648
4
163473476973720528
107218330186709488
66265369012639219
2
223104080304347569
50307859499569551
121925754900425310
269096294441984563
1
2
35896348425828737
204412442046416865
5
4
122994719045966539
4
5
188405142689922133
87641984815696820
128531626344309458
3
367974027016402493
5
34311177968009264
293454825116667636
118446155689402116
234396908924619222
2
131051265236260046
4
105098036144243024
4
72316545989855747
4
4
724160508519567705
179449618086991788
6
154155093701970219
104615282320689595
6
4
177444898596135819
5
2
5
10
3
1
8
4
24757622549023403
81238952294944543
130033925290389304
64239011792825511
577297262160273974
179972321263167864
5
207716981436238376
13
5
310964189918570778
5
3
6
152664757932477304
7
73791018826174495
4
94452514797785699
5
6
338650675678652268
100512463923725709
8
6
5
12
7
143548435918506900
1
5
3
109230064235676407
8
169270393329654732
991853641281957609
1
8
9
4
7
4
1
175797648504280676
133826505599384041
1
159691787406310459
3
71961997530336019
8
9
298872325309812717
8
182888969144422994
113604986695082526
496490120746826630
84543420444433882
3
100352307709517751
164350867188562391
5
151347702370907372
5
205706171668689223
4
232219858806946762
5
3
3
6
7
127293293025667539
7
78659515058232296
17701592328405552
7
5
290779449877996806
4
3
104513510154279679
189336263084365613
165020033342917945
186990783624419929
2
523647027999862703
132833412304911221
8
71984278462932843
1
8
77177999220657005
10
153867967643803205
87773281250745986
175894189015349995
92306100304758271
6
11
8
8
186119685755723766
6
7
7
588934780670229772
2
999886956895814775
198221023038141567
127385479522437152
2
5
4
97323597145777607
7
7
5
5
11
12
104098642506202480
58583602345493209
186171749456111054
141606962322564389
5
235673369659323298
6
284401877295563199
9
79630398504023695
121989549203251601
223753770614429678
1
7
284348972548216639
13
7
6
1
8
57026482886939124
8
6
2
8
126587838694531538
147947535802976063
2
8
2
109266316019983841
79226368645461987
1
108540780405605960
9
64336919747374662
77353918886244212
99505992144396491
2
120235593324399926
7
9
5
121377849639012296
57876131679503592
2
209236959502145546
4
59440742640899965
9
4
90456119797156098
64699317700217342
98581561054616803
537131336514269866
9
101528884063420391
179277754316139580
158431951731223297
5
232630455959455167
148011364388258010
7
8
233901489230814498
7
4
138356474415459482
6
959265405953514642
87893878764416579
5
1
11
6
79057090518448161
3
75487341347917432
4
35533099582361556
10
4
7
409668737029292641
62721486141331527
6
195957713989189355
185469740200637716
6
157168026259610346
8
3
7
73666208504812018
1
1
240939789134091290
61116006039028560
4
6
1
120639559214850036
10
93829477166561292
7
104961754931685330
265865213843932087
5
6
226627722529374231
3
312622605791536522
57870296305907959
210892840237220544
5
10
128321277047731887
87930525123293910
9
3
3
53961952042291959
273745320290743639
11
9
3
3
250054912373401633
6
3
75226207834373394
113091015118557440
97787221469234773
57775033765616239
8
6
7
81194741474519206
3
70821997633964851
44978722901717542
135828999184139684
2
178945739510341957
6
6
6
1
378416906227678664
136684422297647914
139154246737251898
13
59620156524431557
4
9
25140723866318033
73505267397542211
4
3
4
146375847042514030
135075685657916538
276707331124868674
10
4
162968839972373770
57993544778478565
8
4
3
13
151106607829977025
4
8
21
4
308411967230209689
2
3
9
447726780968839784
147750741705554076
6
14
57872850755808935
96795045747380626
3
5
323742986620496470
111730293874675992
823414663330318266
5
3
156814436140842412
103513496644414330
7
193562826521709366
8
432361199334065426
100208920697358459
8
5
12
65147589397746612
119200754659076017
401832921917831560
6
3
3
105309635553219356
4
7
225186914170394725
5
273914291697205099
8
7
159946774084328750
3
3
14
82157713743967232
105131083759693768
5
132939367917266981
1
124048796833331405
97893119876009334
165671716136028164
150955114030669390
487556193438511557
2
5
108491653835313585
4
6
56329145281601602
245805706958812053
10
1
143930161305215225
2
268140202516253523
236189674592864627
89024686052580200
5
95225195842292056
5
312167157872795608
5
184201920060133921
128184902440140485
110801232986725292
180905122201004435
6
143634924876072910
117815501081182408
5
999999999999999997
95599133021770074
5
66797543322694102
8
218103256082364990
90431564130219841
160681592744879145
262370811875395245
227634314411889306
6
3
3
75632974691192799
63342760449604001
101199035426012375
253038513641815627
3
178861286953520660
130659854172123983
68716390699562189
4
1
157689076045838221
4
76435410517190452
5
5
107998958514051525
5
4
4
6
195102114496975637
9
9
125114800280128123
102407194065603409
46686534914624392
10
75744294182798852
8
5
74815440551274313
103158093969726948
6
6
14
55195228726361603
1
488739664223445821
200235749928093500
7
137888617551915684
17734131778229011
2
8
2
244546300813430903
11
167181482473036139
210991579743160535
111034685674743496
3
7
6
52348171924687133
6
2
82064459105404066
299925117867753361
3
101470479577320634
130136572094020227
2
2
139174409907199537
102062124890634634
613370415547369988
3
12
124038285418105729
24483816135773931
376908321332686081
6
154847923063952491
11
5
196478376066917751
5
5
78337658098030019
4
3
1
9
7
4
11
193071415420681684
10
4
13
303983388451984072
4
47418313529782209
7
1
7
65464015531174684
6
177683126192096666
259680167384688002
9
4
129171916028346196
121183319344092524
228518780192906015
7
7
187666090284757979
130598746859111561
114328442707329371
9
149853990392585611
90277579745763319
340893417035889835
5
8
8
5
64698433480754085
5
191671047106008155
7
161436316023318519
3
102840465828067481
186629807313530619
77289953728267365
9
999999999999999998
321382842384371101
107339542431730957
387907600815267932
8
3
2
6
519725451982523990
141949689056466671
1
11
8
7
2
84235248933737598
1
103623070824290391
6
6
5
21062664834046635
7
559991456023709596
367525012534522705
6
158475149562862892
6
132847990080766972
87530286670877045
83915521719418314
125494079584131246
1
147246900509228792
5
7
300783812755831122
82191690706125984
4
143720013856050165
4
74228003409985753
47796861714210350
12
157612060084132105
118732821987573201
158589727494112355
69191719589970979
5
4
9
1
157574846027579654
302447689601522615
5
163534648186192464
9
152696499084100759
1
3
3
516227784048944443
8
3
70380052996386255
5
72359672181440595
3
74764268028023234
7
10
6
3
1
11
12
7
3
5
323584252449394310
5
5
11
9
54691543374037399
3
39785367277648258
5
68217114724114575
7
101635000274457337
1
91043326287764851
7
29397345680782799
135926454402102656
7
5
88625861832276727
199834429030540355
17
55243876435916920
46193703927463078
71713342274380349
12
2
395610601936076876
191103164227027017
9
6
99661135466313054
