1000000000000000001
72959199563425
104219533267697
74989088830939
78708567005868
77041616546371
23
106203670888514
98712608318046
4
3
170299056245176627
72338384688197421
76609534907503858
5
91703112780288186
8
3
5
101257222074054304
11
96217999592443851
94107333155618754
3
166114879465922988
11
1
8
9
874530192810490953
6
216598024801671882
1
176962067907102390
3
13651785993465200
212568830929461762
1
881893044571177306
155833616946704727
5
9
458773990237704025
5
7
62733936277570817
7
3
82520563000838325
72834752821456785
5
9
139760638399793779
6
189916360535666182
1
12
323591959791382785
5
35617619723904904
71118041357466333
123578336385239931
4
4
175262704823296878
1
242539235583265789
137704272509073122
4
342395293113950019
103429337300486897
116465878058878447
527556148844552386
6
30823994522522929
203044850300348676
8
77295794921564248
180899769011203012
10
12
3
2
172247408813441421
156890375436269513
74647664743834862
84178376053132904
4
143088601368165312
6
3
2
61448559060573164
4
9
5
111462783731617241
114423305007895709
157248655190495003
153952218754147710
512891818450601322
11
90077292381443494
144927565285603649
3
115755001016302880
5
6
5
3
5
126303866094936520
5
11
139993318439658346
135635020171475531
48166887179436828
144543996128085113
230579644273374538
120687213787003153
4
3
11
8
11
215583347934499041
82281675928518758
4
71957809629783796
117137131036791296
67828089080006103
5
96229601560221882
7
240511978498400309
67132015903606945
69989788501121433
86175031913784501
310836123464496019
85393258975693657
5
132527707261014807
263153018163487245
5
73219446541449452
8
3
291859835234994518
3
644361556389625219
1
12
250718106203634409
3
5
2
7
245183211662410905
7
258031314360350713
3
9
126044233098263341
4
197450649986291469
130588113508914067
4
4
54629151532258109
164453997788462747
1
9
5
6
55831455720601441
102088488072157198
76064927165673151
63497676397664947
10
4
56169480869630758
180656719439276795
131303414045332181
665429474480671036
109125566514664166
4
6
6
84574806952345100
93737049805688165
6
439805460760877604
11
5
206072021148340032
11
107964360753470931
7
7
172500359535421461
63206947953661737
9
81923193418220020
181300703705605871
165725868136735072
7
65933819390416560
7
14
83127277222394630
7
8
108527629731578782
5
10
105458833549880675
107681887163196547
1
5
253761975256718089
11
8
5
79686689515774456
5
4
2
6
133586007939898350
6
49311628348418433
255754239386434212
116752956508370660
149316810002208480
120451830998343995
55359733630199566
2
63018027807869686
9
3
133593174778430013
9
3
6
7
164865127263096795
87232716736862927
5
95179365173839061
308552060245194239
7
63024331520278783
2
146869416478009602
8
2
4
76641652933307242
6
4
999999999999999992
33226694796473724
7
5
7
5
304739469745310048
7
106551371893536389
233778954613753305
6
1
117612748945870260
12
74264991431496256
192518561888073085
108119084809685927
9
5
144842833633902806
453973080722271180
8
300352840089016983
135361308950225959
59432330907614984
8
2
5
9
4
234650501751629804
144770412511829049
149056236347641398
285500827257347725
6
3
8
630725704014646159
2
57489430017209078
12
218027486613029164
1
5
328192191475779096
6
1
6
99202957574798457
7469946013645162
4
742598147536828844
6
103023655402815236
1
1
7
4
132423588162236481
5
177593363251444698
1
95786625105994882
37955150738318282
7
10
602662684900427793
7
9
51472484603629887
6
6
7
6
97072231521525367
137982692682575765
6
235951631233109840
1
109111143784925008
101767296092684128
153101403796141032
93377220405054837
6
7
4
64994453533854800
71370832640535199
7
102546618302751990
2
173039640580796249
52100826696868098
83062545879573655
8
6
6
8
7
6
91946637527204830
150727868811542885
9
3
257993009111756889
726750178151903795
7
9
2
442109681743168715
4
5
703795400100284070
198677727263244718
129736734252904922
123639938757449497
62216073680138585
7
3
1
55328646470129931
213777435749429644
6
109475411336100891
4
222146313119143065
397299775793621797
3
247866832001415387
5
74263651174315693
269907879368426159
5
85438426675115265
5
33119207731658316
248687114319338389
76988447320104079
9
247108919611571166
1
2
77502729260531930
145942583906819444
10
202218470251119683
192526971955362680
6
7
187722563547893430
5
5
56366096405997582
351853675700111433
4
42974787633187819
1
144392384581766588
245907647373383199
8
18
265105168884822572
6
184255664885396112
149939964581633834
10
8
74167514182786513
7
6
60739020776049667
191529348055939674
7
192859153242698856
11
6
7
146627895458105890
142048186812258355
7
502457865964074750
13
5
48929239108871713
85939942807345023
10
3
10
4
5
42589817712372991
6
302495100775836119
5
244432712389931258
234764171015056530
7
139241773447950554
182169991889491859
3
6
9
178427399339744422
202311383378395528
1
7
66061681366334362
2
6
141989742096225770
6
11
112468186737793563
2
94595786567244191
5
140864346650777346
107170305196132345
283453774864568120
7
1
702414747822488194
173585066179597162
7
88416125644572744
1
7
68614375642116924
8
2
7
98621364217921709
79602048183231360
7
5
87640033998772742
8
4
4
6
84845697120079659
7
4
208232444860613685
2
5
3
5
166740002727814721
999999999999999996
4
122914335624980177
6
5
235200212827450108
6
143706627080902496
8
7
9
754392050630375710
7
393931413451440527
23073233748749795
6
7
176074449407409981
999999999999999993
133592794765374993
2
6
1
4
114918532743227301
7
5
6
283663430059699758
13
7
150984867787623043
5
1
133302445736397227
7
5
65764365844904493
7
3
34613127726390620
7
8
14
7
14
4
2
13
218298000348231378
4
1
1
131412088473780020
2
4
10
88931912922642691
84145663837269980
6
143988856579264303
162217536946294559
93984052165506027
1
134390663069695617
856927501942914639
272804645543929795
67004856824849026
4
1
99344179179067066
8
4
35949127233751565
6
5
133136686314917382
8
14
2
6
3
3
1
4
3
226594600029667746
100547338748343631
2
180957975493269467
4
91760813295696565
89526135982291478
64193980643523908
7
2
21707616852930873
182779012396319640
3
1
76023200871220154
7
6
10
3
3
5
8
6
5
4
12
3
6
81487549529256893
96157291756244672
34856584985613027
5
299991815435957386
197135022612675313
48635804631653950
3
340796312970481810
999999999999999994
168575765069088481
65644693468014722
280616908164586359
11
1
7
296903234169543856
9
5
5
8
173424033051520048
6
141882480669408520
8
7
195106179412342291
8
216929810158154993
1
260856341416590181
7
5
54609354732250958
58210578954991394
79420595397108515
124645230160230855
2
304181381095414554
4
5
9
93579904486373752
583183087831029499
11
113243166946831579
4
252349241830339896
5
143536707060923978
10
154204242230091156
5
3
77636430361694994
3
4
3
5
8
1000000000000000001
146123817809091014
58837343456096832
6
205992807815874180
6
1
22887886053725827
179894434042869569
6
3
180053730256335407
34166648211211755
7
7
4
3
31650404219771670
163000810174983199
11
618839173123342631
62931583124670831
127711412716815708
207032900225325944
121916769427795584
11
11
80641960350413755
11
159314751297479576
6
82613369042484546
111396079006207974
5
3
4
4
74121694795288121
4
76227580578220330
54404862659361403
4
5
247940651937427299
5
3
5
239462065667106418
1
16826901301548517
3
272380606985233661
5
11
98646515889942859
5
263182128746187509
9
311808201573209912
300786097632648596
3
4
66131715758089890
159463373797321755
5
6
8
113703014996616990
5
4
288809439890790437
90887725791563121
11
322656138258539987
142540541588674563
57652003721292963
142001293644802162
10
3
3
6
3
10
89156118807614136
79010254111395942
62464024222386232
7
230438247289693184
2
86172315409160199
2
3
172811869433974922
297210097231049031
457060941251383507
9
4
3
2
1
66393090759808810
8
4
121849775126256698
95215968411449637
6
305400381093525957
7
592110687339307442
439609642745784611
10
3
142731784796582667
169852125557093351
145662266204257984
3
202706749504945137
397548896289909198
6
12
4
127300092556742624
6
114992033237236325
65821711503522794
4
2
168056087409112803
5
267892739565859291
2
331301147052437860
71448571476230322
148246495359867957
10
223240501370232117
157781648042541707
98686666152289182
71062923804807331
253438667182557321
8
168698915076662839
186815997839400505
10
142047786886355571
43650503993291888
528425491584848474
5
239824973139535899
5
88350978341249967
74886900350172191
2
2
3
124631724089408607
11
250414268292006419
1
2
91160885515251132
6
90993153276253608
253266991890711654
4
177928726168202085
9
3
3
4
10
2
1
6
6
4
111621591301510760
3
127968824001775788
8
3
4
66800526265647259
4
7
4
5
3
65351300009984870
144128479491149165
84636820070588167
134933282675335160
75589328710237147
3
127334441382209187
101310661293303269
35505216879760440
8
9
145419787262235982
5
147256744098434824
121432410079727528
15
105272722087985607
9
238805242550200217
2
7
1
119709927720260359
5
796346839131533418
148199234744441793
14
420153591573582347
93756013693621590
6
123555963602696391
99829711103301558
1
7
159973815930244414
95785696698899555
4
186188845548201829
293731493297342825
1
9
4
4
5
7
1
160021551369447982
1
10
191544720865628834
140259213171137781
9
3
3
12
7
150618033053095558
77682232991584114
7
175823206107178276
12
7
3
6
7
7
11
300294559969354083
1
258952450793709711
128936513235564920
2
4
7
203728274849925448
82942967503142413
158406959852702277
5
151431894373838359
7
121852427489730485
13
7
10
10
66074648407310017
83630680700299392
3
5
9
129612476216421232
9
5
158864149602024413
6
4
234500827674529769
344433919609274480
167026955810954200
5
223220608921725560
90805679177148306
940289002347250194
1
181319690875940028
6
3
64998748914453871
74630019794529611
142412295675832300
68121950242965140
6
10
9
5
133537270758170875
259967425587587750
35004919259329752
999999999999999996
64021785992509639
6
63207982114570798
4
15049420873885353
429081028109265060
4
141210451461879649
5
12
136872534559986306
90348437235365271
5
3
131781548454813283
113033032119603377
15
5
91823593348749709
434600975727632644
2
4
6
92879824324513554
2
242343447856720339
5
109178211823802473
1
5
2
93749248392338032
82030716310908283
1
381079238130462796
150638751406312139
7
73173321101289398
164582366801960362
79997301630976338
73874255192051441
339430275155874920
7
116127350067356663
1
2
201364820719218026
91457058520302603
3
191337632790269308
867117319344614384
2
6
3
2
7
51425279932170042
213737880032454186
1
4
7
193839906789428659
89538875555812241
3
72060627514275714
8
162326470472433427
11
5
10
7
4
8
82030842213130400
288126237229706687
179275875845356425
137882857497241028
1
249724347211297393
5
58317717055106498
4
62198531635907655
10
99263701732134840
172052132178382011
15
166606657743499084
116353538239698024
115222106709153443
154889685633276283
108938150893295636
5
158779467819972438
89839397887703434
90356305115990360
353753303160374038
6
8
8
71517715397146036
64834595003865047
62176871619634187
6
6
4
5
86982797508371068
112106722288179309
20
2
3
118663851238270985
7
14
71889771482255470
14
5
57811074567714429
6
40869396712828669
153871631140118725
44935600774286491
86283981097905720
3
111498558290163318
85151539222186035
7
6
62248370440325044
213432088885420940
5
124946589532744433
2
116773432150097974
4
1
8
2
158532392158730220
76204718422996697
1
104367588507589173
5
7
9
65534192521107129
6
3
122168331678473041
127220163144979113
6
172648800403450651
75167153027581799
5
95124829583326943
183055564998465053
320458397864570958
58283913449206282
2
123506807810637338
7
83637800385908580
6
1
56748156102825821
69734806241623010
608229035553873019
647262454344563927
2
4
6
69950728580057160
2
2
137486418567271405
496842390786516533
78299691378288184
7
237164804224543248
196381473925412418
7
114672274137948150
82110663456755607
231203603311971229
5
372718860268496816
1
2
7
9
137487595392826080
126493564258980044
316595000011602515
3
4
6
125280585971969762
6
4
2
535087470022319650
45695780729898200
113664627162496572
255009695833410829
11
329202093502251004
117492432310206639
7
5
5
8
4
8
58378736850017860
493908682657579761
104410360784753716
5
4
106921867956706632
10
224311780807113301
83552924710020654
5
7
3
23
434654205804434329
493543969343749251
115579619578003333
3
8
8
2
4
4
6
90531832719755876
6
3
9
198705134441832110
10
90588808113226987
4
271500880931646269
255494127181972523
158657456311486100
124567715861860379
164040180579779749
753932437563145559
4
369857167913284048
89935755929241898
88632879326091034
83765378388773760
7
260621795896660078
1
128637523672924229
45342206197089184
41824331045207638
137845583687291362
62970218701298145
6
120796812300970889
137837859410741812
119685878742200805
203603293762713286
7
85775295641065610
109212258395635832
8
4
176657683983050506
75306264117292860
2
4
142962604599766790
3
1
252394416511836579
11
196797212702173524
10
10
98679478251632663
6
109382141039129917
142682691597856733
170997564628563685
9
457766631864477706
6
5
327852247032479899
138339718306943650
504339277937088348
4
7
111569132665993194
3
93472485593313620
3
90726690098657895
223699431896738566
7
165062332315537648
76213285296274794
101152888453680479
65786075126641051
226651845707429416
209725242873535861
70972109640415977
94618232892732873
111721698860045413
135898985038636439
170262824007452982
182647156237904531
140569827801687378
60395505021000463
3
265499384041295370
5
146644859308867463
211686842043455501
114407993586473226
13
11
223179114951341572
7
313849075938591416
130435761958389390
11
104953502138684119
5
5
27728378121372841
9
57523101297119505
178077282563933195
180227630408086041
8
6
5
6
6
9
8
12
4
6
5
8
85877034957079802
107322164492076023
3
219563559480143155
139958769683846260
8
10
57153137249183922
245568687284571843
154024260387793740
76254013467257352
5
6
6
79021326323321846
332687099692651444
4
6
161218862446052999
12
955896261499741061
6
1
8
1
85603995379504102
91834839142496142
4
69731547694810276
97932518313289957
130626337905980603
4
7
2
102490758764089028
370251668213879551
5
6
99777676729157926
5
2
3
127895719488267675
156927428504630005
306299880140427662
376057112814347299
10
3
115184494593109737
104342621648814653
6
83670771723840568
124180225592891385
3
6
169853627280562948
11
8
276159439127614350
3
184136983064151861
340150094899380892
9
244212283710313197
289862821512339722
76112784685686587
10
97750594178651442
8
62471711060748185
282167212221932029
4
132408900438747173
214339729264751590
65623265802479520
87091298966193921
1
6
4
172098472321762282
4
229874128573777436
12
5
1
3
70936386810369435
5
126200126385132480
7
4
3
126124436693557517
257141868517687233
5
376988947747392475
5
2
100764877288135894
250890186852269751
6
53532478672718120
3
85692415241974615
6
4
64479675945000080
7
1
8
8
136965496489358126
7
84157933116811384
1
239119149702718657
1
10
64097685039363807
83750583533665405
136987110139857573
93511222574362905
7
7
274259591944772088
140101050234757432
3
9
2
5
11
4
2
419919855374736402
20
3
1
10
7
65374361306626474
200144457602086490
3
210314775209941691
86177384624521625
2
131085968914777181
144913357055922215
9
221464558872505870
50381353409805854
712435589513266991
6
169044457382345856
267426344594640482
297912347412172871
354024264747568883
6
1
162971445200366968
6
218807681415041375
5
4
8
172101409059110595
8
99573023311528679
4
11
251292946625777744
5
9
152652930863293359
266900347784809022
3
131614301457336797
7
51527612343199953
1
4
8
139650738005976265
94996831292533838
198214217616383198
150529091481540830
6
93461185970326147
71593244350858272
76163767638457697
4
11
8
59428620224595867
1
5
10
7
4
215443757591314411
5
4
78307818237399737
70599797524672375
11
8
7
5
63052015685956594
315240991176271322
129435888447693510
14529497216787659
8
3
123306014106045236
159446135102398487
68953204103806578
86176347180898146
26133651704816387
4
4
3
75416426245639100
6
5
2
999999999999999999
3
194875822646243524
68668986923988990
289718622309677546
109514192226935809
162095201716467592
108420083287246701
50593089293465270
146458912729168209
114867433379535149
3
9
6
226750948896976689
8
2
62197378931709850
103751433525093072
7
105865965726126475
176234064758831118
942576166364316384
149936199049481724
172269204466438995
4
8
8
110775005396771532
15
5
5
5
6
5
4
9
121072281607694877
6
107229940749333279
6
161158012812308476
7
188717232425808667
87521258857169668
212838157916148401
80128082172950341
3
266875750220057425
3
3
71571099263917761
3
7
5
89510313572490807
7
93156374367698740
100546848001846527
12
224752972483808854
2
5
47337476702598771
7
223476711956441050
691029351037303999
1
129653977844951733
6
197833549251592482
8
9
5
6
287119073246798911
1
8
73359310860102829
169017194390148936
1
8
6
107977795758283781
1
9742979290828432
252961471486746137
229745473711535868
131487397043733084
12
55838395135594241
6
163829303887863561
206871402314987361
12
2
20
1
50072329460738462
99366890303206487
130976324600263274
9
2
598324244422134090
164780261857692233
139762523656338110
4
3
76058650647341063
230799430271591936
1
44621797044415462
162294388077969926
4
591939114138665545
9286697729830915
10
5
113762167601267274
176940452699979044
189067770513823374
64312139807693467
421285798670187362
10
177703449904838375
131855646339113983
11
140259017126710734
135484725376038231
278787600204529373
71357946500269793
77558970289865797
6
5
130693560324654346
4
3
2
99764380716176822
202020064864865695
4
8
98437644897029893
932019422834495747
147491319238229843
147088852631902313
809583117675084992
6
5
6
4
121201514228455496
1
7
3
5
5
2
276539490514005467
169198010943260701
148197287549609508
10580675044196861
5
484549510148235911
185773931725373596
12
7
7
100902517793095057
9
28528448045479432
88000091880989601
143709342029121788
162448253216889520
13
345068838238481370
166979636700623905
493635455986940966
18
10
1
5
3
82322178765874446
80469850942447071
1
185219362972839828
999999999999999998
3
81825264032227459
11
4
5
3
149597944371307398
73161993883060749
4
62221691378891982
129797196573845511
176975117241179149
379299624456766358
223213214695944188
3
6
6
11
3
1
74899137547316167
1
7
142890259363260143
5
11
91739105240564939
144337077539163873
9
328660454874941036
6
10
190644370318361813
3
80875904938006005
3
7
7
3
192427485783897262
124568837045604873
206579235635726205
5
46432983493446384
2
163195064046358951
78667342982644189
12
129195935499020921
34224239591745761
6
55810843712973998
7
331307862175353010
294707314556750051
17
6
8
9
3
118164407331973671
32963486210976256
1
243088864407516335
497141234072318522
41730883252944621
1
90516257442329944
5
154965206079137242
4
7
15
3
277244310866483019
4
2
6
67191406819736401
8
150802795695421056
3
8
2
7
63125113287386820
136992351483653113
512009169016528249
1
90079584553062289
86642799197130550
5
97700911575685376
158512070701226053
13
9
139721769410072494
9
74520379396501717
124417205017657663
79127177986861449
104225985195710770
6
120151224284430107
147827625700899730
7
5
250105575085446973
61117769655123313
5
258950072158005353
212526665549556621
64878864398753715
9
12
7241017985887898
127746876749178832
991118096471770192
121032564158191748
5
121911904025898579
83330112738519269
194211971426291326
4
102812916664613495
5
264438180708262537
7
151442410591044572
4
3
68644595232108150
230236650602659337
167554964390066773
7
1
6
99517398361522674
7
149564135152137092
4
2
2
277523617219663943
85252395610269595
136024730318466943
1
7
5
7
104914420737316259
53390997133123862
3
10
5
5
12
56854336602669911
4
6
2
4
77232009837834020
5
207636784600037288
9
6
5
4
177103040271442940
126276678007596863
51254961334095858
5
2
4
1
4
110001592027064749
81051402470409708
8
9
72821574845401309
136051270236821365
137765607467699904
5
175485186950667042
15
8
81306738530355003
107977092156873090
5
5
108657195739159306
10
5
4
1
342427157062685548
8
113533717382806711
5
2
8
82043887428487521
81074926974010150
10
58601404586653649
5
6
4
6
8
3
2
30369094641485326
7
101154519300117854
3
4
214690891881919537
5
3
2
26744180719519495
176665487213719561
4
157812155564789413
2
6
3
169032834371560591
263045819268529257
5
9
1
235190338299806074
190068154249436278
1
6
8
11
27990151103718157
262828942858893175
34660755737258579
5
5
62149049866050815
11
6
4
5
6
8
301813240970442270
126675478601537686
15208203781941502
316898857746948902
1
2
5
109805692181098942
8
56952328776388515
7
2
129974576215822678
84353221658097352
3
8
122707804972686695
5
101457442000658215
93140027706998104
32034212909023389
5
8
6
72117386730293346
8
7
2
8
94761831514785167
92122095367372917
123081655806282485
20111602623791144
85130128450500893
6
107152364633617426
320389446712029458
11
98050831062467415
6
69420750071165040
112375349882321795
153933214328728438
92317919705066031
8
68760965426084938
77023627241339256
270516627400212145
8
999999999999999993
5
4
38442186302093104
6
9
11
121023206797683871
75490428939976313
154288437685221664
136496330411654220
99999213843468903
9
291951869338344639
186521620238363240
9
61690349732759521
120125623368367842
6
1
69212645884653907
116793283075033579
14
98441856637668672
223362630098869749
227973823306157424
9
6
8
4
18041505889837517
5
136584845081910948
5
8
6
108957772174845364
7
143760991189095545
11
8
3
1
20042614124168185
163668683676565147
7
182880216504789918
48575847292673738
27877063398044658
235276671813280856
233567169897821062
9
10
5
3
1
166394203338768657
3
139242492624095729
1
12
5
5
2
76888592025951560
5
1
8
54673022545228150
131912349686984495
6
5
166354795856719101
6
93164436003243443
4
6
4
2
9
4
124278023808137299
691560895954878721
10
30981072710823124
2
7
464484379583014603
5
158546290750558248
96209500051395162
263448357360286510
58512999107803250
3
68258307630244177
73496768734106592
7
5
209880424297582249
9
83722682997296427
89199436183292267
267304840414407979
9
15
565431806738926346
288765204517923707
3
5
5
160733801525395429
156920874915218790
4
59357445902522248
143632941523737848
1
5
393946216969261244
70952989379602238
57899784563703750
225017347934038325
6
207852620098238655
2
98765411324085053
3
3
460222031742858450
4
8
2
133567933134433406
5
236496799792701689
301969406712619065
3
257684205468719528
200052757220942637
8
439853280276417046
101033761574164681
311440513113896716
999999999999999994
50338841618407250
56146760218615975
181565786106505708
7
10
6
181205892378865128
1
7
133726855344922732
5
3
4
47612115452458254
3
7
156756493015452148
60837239962415753
121338042641602700
52474199263862467
9
314144186885131334
4
1
139100077579678101
7
12
57071474585628346
76661506294953917
6
4
3
121367471432320934
110610672901754301
2
9
7
152138207435762064
66369507826752838
95425788619112433
4
120888243350612802
12
9
100079878372487110
203699929788135153
11
54297296132434248
75978081371132554
142707842521119720
3
4
195743387300952817
71025145230355276
268242394836345364
9
6
1
1
13
7
152724250803596654
312473247312246852
174519396159528987
1
115934648549860048
2
4
4
106764916419232544
121573146739241835
145131612826404170
5
326885800704967286
4
4
6
179391283433204810
5
4
347480128449037637
3
139351033345634967
2
669461445324135981
174134820710149715
106812132976726718
112919116043614278
119614072821936405
7
7
114900255643149099
991129520168595531
248743204652532109
1
141631499462782479
3
1
193526706332215541
146761535155545764
136505329880211216
150629949799227588
9
86834037727025892
5
1
184572036311217703
222998435636925753
504292736655665300
6
5
107736875457594046
6
147134508645979346
162469186564448740
387748270223248671
51997572378237094
7
4
155190493675166761
41488495305508491
85608734798196156
2
128653822761968005
5
7
114809488604471083
185388377860337018
340436369506926298
1
6
273444261636176276
1
60501625292376016
100026557942145248
150104012446091703
2
1
2
2
7
13
4
82505730690275378
8
72939440767809489
162743035599881226
91029036314932271
7
5
5
107609643675800172
118203407290526610
78470492390332635
234402537022537020
129064581991312094
4
6
4
129645211848292889
1
78854864669138796
116672373884310950
5
10
391644372276911819
8
4
113614563751270945
6
49511818292673095
76638231176073483
6
427110567334938468
102525951993631851
93072966375440990
8
1
97242642728198631
7
79073542903409975
3
371265741186479396
7
375922063288601081
8
2
3
6
9
93335421532731156
88724356274025132
4
6
368602748450689755
4
9
5
67746180049718900
3
127820242611361890
6
6
6
126588576475289691
3
4
11
203564358360110542
4
8
6
1
7
158606952459362137
5
3
4
1
7
1
5
9
4
174881606416999585
60173511028616651
71069835382536694
1
305149260963435983
4
107333513851985541
209655390851059603
7
61028082508311329
154294645021162981
7
472856366092550588
1
2
6
294898563569657624
9
26572444507109925
9
6
171662099730451678
147759884709209455
4
3
4
3
111556265597654934
4
4
198728554970024513
145314249238506851
5
145096588731316418
61872124596953463
1
4
4
62619004676959997
10
11
5
5
5
55824817768401244
186512113876790883
49886514760923590
4
5
779082971940774396
65056505695263175
189936424004068699
110830728593017895
3
299486451529647717
4
888285528491823674
541360096457444513
4
42711967992774927
191113050077934520
2
158309221711741186
4
6
98364437271251612
392644767004379113
60179680242159157
7
6
631348057173801849
78983812247456070
213920429818049702
313137374594621426
7
8
215008798068708700
4
7
155974164716418653
6
140111195051466603
118772072273372407
1
6
6
58808920092925656
50253247761919025
79982467449448882
166066887524181181
4
4
89832979133162034
5
4
89848793104512787
29143433048940081
103795138931982501
15
7
5
29348888545190131
52697178432682967
147034559564570421
5
59369399945267624
6
425067043731462059
5
1
81414194547253713
13
2
725945212890817699
97143080288602379
4
2
3
8
61499267679169105
7
4
4
72570561377793265
2
6
14
2
6
5
9
24680671379470888
10
193184087644329315
6
532876526683549906
8
10
6
319419091279016580
120705772981357577
4
144738422498726243
2
3
200073441840406829
193253613082201465
114589263713022537
186899029054833744
7
8
6
149425146525374325
3
5
7
101041129973854755
1
8
1
6
6
4
6
8
7
2
9
10
204303896321091041
38180397071996804
116630673829634406
7
10
79323404976406714
161155103345581659
6
6
376408037132960697
5
142817817704607853
3
151623170812957225
8
71944244113357657
237867102341787766
7
137844535139219124
5
10
103840842779943030
128460647963024095
64580161087902544
3
6
107694427765423634
9
102257112016686830
7
163735226783607733
9
129049802874592543
123117241753018602
2
99110252368702758
5
7
3
11
5
1
111344293662352016
38338613597875439
190262525187901282
346451470457830349
4
4
106877428894243198
87764022605064408
85725442980872597
229267018215464355
6
493467220932237735
251424355450427110
1
47750508271915062
7
149116333133475741
3
8
9
5
52383081639631588
495842823109661689
9
5
138957445668658099
4
109446718840135767
3
5
150382600491171831
5
6
1
111194639653784918
137718157758187934
6
9
4
63897161639519792
131489492102371399
83252120274423831
12
4
1
9
68971366370816255
29531596910536966
89115423463129661
206491651613237628
2
5
3
2
5
317583321070425317
9
5
158479224559576795
4
154221380965506155
8
89218775629404076
9
4
125100095727935013
154697689812935873
1
5
127394808369424468
8
7
999999999999999993
5
97984351788956867
429091744697441941
4
139223557932962442
5
1
5
295736443588520099
112172478345991166
123112745324744984
167774810547014036
112184437462038955
1
196197315738441724
207392539838075386
104899046549995212
7
14090601704796333
10
122993725548239221
5
1
5
99624269334358630
5
101765836518086497
97413260557448229
74895182836265601
259268110682297179
5
6
1
7
147611145114340991
6
170622384295259648
437617561624219143
5
492187402344706154
7
5
4
170540498826625534
10
4
3
195256249280287120
6
4
224620274796773856
85944363367598968
6
207719142435182521
58426072760085996
74352098024412886
3
6
163085383842505998
4
155630440341168684
3
7
160340447849646152
7
1
41805447697607057
133438867864280705
159352048461088060
317494330191515606
59202575286693427
2
453842922180758189
2
5
146290695043284469
67214579289089787
5
112867791864536676
7
5
359581787746792586
6
3
204697408198420571
6
192051313315203380
11
80007947909678951
6
1000000000000000001
11
38041758732852543
12
68472407356586944
115778356708348852
14750775410471907
6
8
379165867645012304
3
4
6
91609466863579155
4
4
5
999999999999999999
11
4
5
4
54447618812845827
2
5
134303774131306126
5
9
1000000000000000000
62902129215158835
95324464241708978
48971264085548919
1
92749062762708939
80785097598519629
16270452457743332
54416128899494741
189366668146705888
252997509329243551
6
141801953714207044
11
570597554069320450
131685719905928385
97320656764152774
5
12
121997484212856990
74705605493093792
7
8
144547556541599229
122492934630598021
1
5
6
4
121820862056006628
4
4
1
9
141125902997130410
3
67533461399852023
9
121971393334181638
8
2
38650856020592904
229167614104295633
1
4
8
7
323196032579783113
3
104126339595957742
113930537438262181
74926791202509441
115836170178532353
12
158871743831034058
113650078920924713
2
6
6
192059598784843473
112519505758246147
118809094014310107
83979190152542448
6
121078679700350404
117799016844630376
1
149005198753583912
89136411137641864
9
5
226081669480370336
8
69690361411827452
5
4
4
6
159111517415546859
93550596655982459
147037293552044706
120123966354512279
195212414353915819
14
12
1
6
12
69340703220190882
55689775102471904
999999999999999995
7
124687677471044240
6
4
131956489493181777
5
8
120043306966614861
3
5
9
6
9
113116092255115899
999999999999999997
111652619441623464
119075231746276448
3
3
175708309118863853
79877867930732810
396402785838109102
73443583579913394
144041601193963598
88996848146686795
6
129717800405319944
94337221269945474
1
3
179143535812620129
625150938981578948
5
117268023934296126
21
6
7
5
177645721359224205
5
50456506375452767
6
8
1
4
1
288427917262669206
6
68413080032610609
74818014206768040
11
11
190624447507488926
6
7
5
10
8
1
401592559326702153
3
545327888834086736
135544204722255436
7
2
153249384009077258
1
52703353085033054
8
105153035920756622
125452494049359430
118465105914003068
272937999053558472
7
4
4
97466572704388001
72167337854001480
6
567251163702823069
999999999999999998
4
62506137366074868
6
285493721682053633
4
11
4
630510754869772374
4
1
131323127351713644
158981290323422689
69972936676974330
67891900695996585
87143953074978964
137323675329935379
58462778620241126
5
132428850260704601
139138956216290285
6
8
5
3
55423456136434820
6
214493576915495702
6
122156247836384848
4
185793895924926738
123021325927130506
227556652570497603
37268336734143269
97164054311411902
4
9
78553442059821610
8
12
521491794011377779
5
2
4
55663345593298066
50760738633463929
3
6
182715425818184727
4
56604031325680584
9
9
59592370314572653
4
8
140394328710643329
3
199353881615926569
8
177234943767296510
5
167059861489687273
504071507733946315
9
94478136922099183
8
8
4
143293889923294124
185031130057381530
1
143042498651220969
1
6
642667947197813653
131909831951387182
5
5
1
2
82163583435567621
278766462971324801
6
7
6
5
5
5
203187731637768103
271385484918338622
145296350803031454
4
8
5
38376011479025604
3
202111589847619746
10
1
12
4
5
5
11
129018991842295585
4
157982329950145891
582392459934163993
4
5
6
143384659256985677
3
4
234274229940037872
8
9
7
5
3
66667185419238265
4
92438243415054303
1
507193596006134055
274416883951319797
5
24519026719951737
135343418933591419
154921342279336827
6
3
179124347837720218
5
2
11
9
8
6
5
419500805854187121
309485630028005593
8
156864672332113776
6
4
232346073928408867
61027364415413700
2
6
146965117346269353
36035311326883114
2
6
9
6
6
6
2
3
5
94739204772059359
3
6
116093369607619423
36107512667449378
77850158427261184
48252674904529920
7
5
4
4
6
5
6
90166919060830965
5
5
98312071420078112
166488477964013279
5
2
174781284106510947
284205685810000829
202151784288768025
284765153336520023
57873490006174152
2
7
4
162965841167312177
2
4
42496613648322135
7
7
6
2
6
80982468105914841
3
66828958922812915
1
59794728694853757
6
8
8
63393654580818885
4
499627926369780519
150388384079977636
2
2
7
186356463571831950
1
10
6
133825555233506061
397585179612307801
1
1
149588748125813350
80386867102767490
193280599495516604
6
4
181833664417460967
113736729712927631
3
6
7
55874014540549792
6
6
7
118642572144948582
9
262453782299833565
3
10
141336050795036432
3
2
186977955934669539
10
194143755395462143
2
5
107766610660051914
1
6
92793035689411309
157270580333277539
10
4
6
7
10
4
137536745824708039
93971871101252284
205949869106474893
3
164421371217566685
9
5
3
255397486583127726
76161180434807568
7
263057737187166608
4
228069077600767406
1
108442636332154359
84990285592778427
138237653519210615
101336346968672753
1
99487168514102653
113272567483548187
162142498457636876
499417254358297637
154297507251463640
6
5
2
4
5
3
66052468679419275
12
156078547298761746
10
185798259948062295
168026857799770315
3
4
4
7
8
281647707643078921
327628182180277313
7
132665713765979453
3
91747274429174060
9
127066006043942340
4
135197054079425969
62971135871617172
164941103819891621
5
567917544514897118
9
8
166259748091934450
50584666937905007
113365956385956043
176125184569289682
8
8
283601080349322904
172608678440693875
6
111248776683755570
8
64374912014844009
4
2
3
12
196936417846533188
107796566361825539
429302435430131510
71293617101205255
8
2
150363196603305420
9
108029974131325615
5
10
154834230013082193
6
10
137600260564656556
4
7
214809168110353441
6
5
162570426969170608
4
8
7
74089892005275275
145698102484223273
5
5
140448995218050511
3
4
115195456685762574
9
51244476584031255
115031634524900412
2
10
4
2
156004273292041579
134982515486063883
4
4
6
187549678590489320
66213823315121163
70868568051336779
3
5
118216841839831178
82764623657268371
127870003974333104
81868635102264887
4
7
6
9
4
70439409407761217
6
3
4
9
4
2
12
6
3
94817050365131285
7
1
146464855696323525
3
2
61467995303758143
4
185892542683844234
5
6
220346745014831978
779182592950346039
4
7
174521718526370645
338410230107860479
7
1
129689347127349086
76912721602981741
5
128992556900103567
1
195771537957797643
8
9
4
119056633767779484
4
7
148943101973731131
62756854318903104
50630178112557859
137852729962879462
103319394508144773
132683841798827180
188339744155011763
7
3
32211921132556027
7
9
4
183962721089978521
5
98562916053319265
9
9
210697208398035595
72631692005766939
8
7
136596538280636695
97824412206631548
4
88049514511344346
50366866615208455
1
82639772339856809
7
73008209456004710
10
10
2
117905425519719483
113397313862738658
8
275973140798652568
14
522465347478371779
9
397923252045138181
208524915715160872
8
7
1
4
211037277505775777
6
11
194917942850839863
1
11
74670481122211766
6
5
4
110714865708707426
8
5
6
1
7
4
4
127540666051762525
96885935917079451
161713892317694541
166054066840749381
116145651952413492
8
4
75039167908566382
11
13
7
59266095449172324
4
3
82547557205298879
3
147809167616610386
4
369103197944792538
1
1
5
2
1000000000000000000
140195997308009199
11
999999999999999993
117585855985628635
4
62032945702659917
400660423991795199
162881994551873596
5
9
147451509739573070
6
45607085916005943
3
3
6
3
308039540459399258
185834713310693268
101975197239166513
88756427910928287
6
101625344744175217
8
226624421060991502
4
5
163768967683904437
146356969806810870
10
40182924115635458
6
9
17275062608128751
114320864038098626
9
5
145505244712961688
1
1
7
222788695689985205
70751711359717856
70458467836681417
8
3
70191649988438237
3
3
193846622905822604
87787633026941907
163660509967684336
181983168579644062
7
108505369491019293
97906580313261448
3
90026591275861940
58714463182633126
111011081223296313
85464975725159476
316538183907199232
1
295928772852395240
6
10
485122611132661243
4
168504050166943666
76219069167936848
11
10
10
92669236487794312
5
1
145800907604995830
3
84063232613671948
6
3
9
8
4
4
123308609247845300
5
149570897600839972
5
182786576306426076
110688528052624839
4
290431307881855701
499231284589750708
150593969960050030
143266335419889381
2
16
342758174507912959
46769381043660885
5
537101362595075908
5
5
284614100465870273
8
3
3
75428519708165145
3
8
83526445992944588
4
210365739058023594
3
5
96110251900879289
6
150545147687238101
3
30231402095973825
3
6
3
152850574615345579
6
88722982671526506
4
4
253782417807926702
91894843273322281
3
1
5
111114849477004717
576179207412907918
3
210110363729887572
9
2
493899617845920545
129495620611540192
502726606336033992
136398865698515692
67996892406783385
3
171435448152330956
2
7
12
94724971892637978
206406911379450417
248772467815682586
123927741009437089
80221823883696678
2
496902103999052963
10
5
6
7
175262832745668698
8
436958053174371171
13
180403567015277044
69248223364389521
95887430761631780
6
1
7270411944274352
88031056600950683
4
1
206551575127897536
1
68570506362127873
64438879012147395
103847018604433018
141452859955863911
8
3
191748805349066541
144487091330225912
65194687689970414
115691142400807586
2
7
14
6
43503958332341381
367486593408199969
6
124947218865418304
3
133708036254116045
119041563194938493
4
4
999999999999999995
120173161398700504
1
406329666207521167
8
85281449503469652
249307628145958309
367128400310155063
10
9
150111058235629787
146262261795166182
69148987627455094
69733466860781254
193540321706194604
208478287323230840
2
206306967622503082
192743383623455771
4
1
6
81556056405555737
1
6
89110351254694233
419598492607671213
4
9
91451460034660016
445257980180400683
1
119562345227181105
83438099526796618
4
1
92816917255892373
10
278129850407838042
5
3
125785545674788298
5
76373117076252744
5
3
96999635078207421
8
5
5
1000000000000000001
1
142385974524073422
10
6
6
1
169771734614093087
6
129753962754964251
155730040536906373
7
8
102803856468572221
8
7
2
163172749574905468
6
7
1
122337008235846173
6
142964119386558628
152841778463708324
159540650326893141
82083132423621925
7
4
2
140814899627970622
5
5
76192855459856840
208583059624459625
236127489096719800
213453087741586298
203359291267250780
145833066950521950
3
144454724699294114
150520288666123152
2
7
105268403478659358
86014784604277469
162682165697514674
159998572826975580
81259023712176232
122607099393616044
5
7
1
107937542419804071
6
12
8
6
84283459833134012
125766896949202187
10
11
42081642685179620
6
8
3
200339394352512921
9
3
6
3
97512807934142482
6
87144695858680067
6
8
5
3
20397288538160354
120406678847922895
301215043993406296
157615865897681475
6
122441380008397740
6
115631432825180895
8
79279511409680023
3
4
7
1
7
1
1
153568800946177496
2
4
84937506081654741
8
1
1000000000000000001
4
166564623217027820
379042629981508432
199366723856195415
578253954529951703
102992498214128268
348430433286758409
3
97824347446470914
356440773686888045
47393620361900932
125340255962715343
84467186115980757
60382700428823381
127815830670285101
1
110541979439222285
98569165173140139
110459086016292869
7
64346483220710533
7
12
2
5
10
9
97088512728366042
6
4
762788035567175433
45633700732751741
94594478660696491
66080016268599752
58688279247955974
26826692660871135
8
365388722310532005
9
1
71994895933038437
73668672334132037
86820868484793758
166639850376156711
230135397150414616
10
74415363179750631
9
7
199773293821568869
104843426347749390
7
138513011676606943
10
5
164173264104966111
3
9
5
7
68389388435130027
70600881666121273
7
5
5
6
85649701836799193
5
66563074405890320
95268978623193300
5
7
14
3
3
5
9
5
8
7
106075903477849051
104459275873498769
121091951437447800
1
1
241519983819727096
7
3
89788960246405725
577077002105207549
638840589453434066
74592499091083842
5
6
154186802954046791
2
9
278772111080872179
3
117816500952445718
105638534493300901
339550865175759327
54814083173280671
7
7
1
134907787765657660
124214990702038916
187283558868537551
4
5
5
8
4
1
999999999999999997
67599159981772964
3
3
5
8
4
74646082685363966
5
8
10
92258212794639157
5
10
4
210006139693753386
6
4
102537287395271330
247217917740151755
4
4
7
5
99579005159519577
3
139371608320917102
12
10
3
69447058959215861
398409135419657528
2
6
80253094459421685
154151728244787853
6
4
9
93821643007564798
231809911042350986
349487875910695802
153321091181955614
98258420380630492
1
974473576661242049
185548629852202842
11
6
9
6
4
6
8
3
120932364539351661
5
8
35857539819868745
8
1
145740311607759977
8
200563832610550857
13
36255260044627606
309739284116398320
179159326200162283
273647324323077683
228654382566969341
4
2
3
7
4
9
6
3
2
3
37571991475729940
327943684738398597
1
434800012110077546
194975828480518132
5
4
4
73011415093239558
64816927098889310
3
31
69203752855216774
5
8
379054180896526910
3
60036073907921560
95556120027550406
2
130548880526526862
140977143679657175
4
57679493531682037
1
10
4
6
7
1
4
78407174251720267
3
226884629817728706
6
8
6
5
171438703882828393
98085349467272999
1
6
415455898485253374
194879086092210408
282388549436974270
412606163936668013
69235440694478369
58462068967469088
157084479421804403
79674743365923087
4
104555201197097219
9
338344428274484622
9
40505475117739487
87721466834848001
10
8
67942816087893046
3
6
158166814860215008
76641974270893501
17
429500377404997703
66363412817427605
430648084244761949
6
6
6
12
6
12
1
5
4
152050121610855525
598829011770986501
154652375752475900
6
214835381420725665
38994839979135005
43790376820397726
118791726376319487
395929447190496044
81589274640014043
5
7
7
99449001127015177
115703234580204170
9
3
6
7
4
159507371049752311
6
105349237304457371
6
10
62632143171338257
176472709807364611
10
15
62636678418358591
227885009968193840
5
3
5
133759020291077428
1
6
5
215638044779765603
131751628979254930
65364316314495527
8
85190995955647602
7
6
3
6
7
2
12
105812834192004254
3
8
7
7
171190305760734363
1
9
4
11
76525234551529667
84099948831679812
108903836499501547
3
288127250402654428
308642685199900189
5
1
5
119906498401303644
120496951768481788
85346647721776852
162777201637915017
1
160200411383472640
6
65222535556901054
8
2
179388786285194491
11
190695054068915499
306490583484813097
44215212103164337
421189448160296703
135102336449261700
96845440806885478
9
8
7
164854613670663827
137191716898652606
5
9
6
68961963697099385
162515482902285805
4
134356059722296790
5
90858597187375992
230719400627982301
7
406323214588267904
29345204427671091
5
71256894077931913
69345638960286879
55184096356742197
6
3
7
122199847445023304
120194911834575526
6
149680191375945660
7
103546674763044552
8
106249512913911953
7
189653026140138498
74520183435443614
164668391916048800
1
11
5
345789267748561437
97486401754827096
219966269528718503
98971277458127951
5
10
73754431060679189
4
19061110959795197
194614789488056717
9
92576675609357932
169101880250361117
450690725263848229
202767915053514227
6
160132433949018701
5
596422506259220395
1
194602741051698727
207230991713204549
8
4
210847514734052799
7
13
3
4
169046736749288822
115909781425765756
170214115606790738
78938633083865281
479324801276015634
224774567003953445
14
55410990033117598
101334963926173608
11
3
5
137528671911595297
92743717158825603
163382585563043361
94440823361044251
764851406272708841
7
52193580013571367
3
4
4
11
128671063177122345
1
5
112598603795265465
154101276226249461
7
4
6
117109735906980306
308243743201165587
4
121775666948461603
5
72080275369118719
276384946263628183
102092758588017354
101223227111021039
11
70987312137752561
273450658344559140
181089740863928626
9
788084986441903957
1
302065215749859726
6
461528689546276297
7
1
7
3
4
5
51942000944899940
1
999999999999999995
215373496589344409
6
7
7
6
99359624526746473
85395756244300607
113937430900389765
154913601094294202
255264737460034987
6
59710380395675112
148513718872626121
2
4
7
198138508125932915
4
115114702570741070
57882955171294653
2
198273835358822841
87016026987970987
104492900410775995
3
3
71143298191154421
317959815949157493
76132098237622794
103536030305766506
148824473946735336
100659862097853604
17
8
999999999999999998
2
137042379336537360
278620018703362091
153793285984537773
3
175248521351002563
4
102506434332690225
6
7
119834437939471515
39044271602158207
3
3
11
4
139913843604949512
262234299388525091
78107434787437487
4
49274279008951272
10
5
137466391027189116
112290898366200525
8
317715070490197299
184179369788731586
7
5
120471161839902032
236729135686816318
59488946013207891
4
65966229969135051
129256080447051259
12
97101623411162946
1
6
4
4
86387728706056792
6
45374386453021977
14
7
55485634649120480
120121162430535940
12615735777360843
14
10
1
6
6
3
6
10
86332196605170362
137157008077563628
81755934244788895
3
7
5
5
39410708509505192
5
223938301698056770
2
43603385207912771
113804014543656543
14
5
77819750381828344
152202353653171302
8
31716875525238849
2
4
74919766524670153
133854065287414370
63618060902453178
7
342753825423921004
5
184366813077290246
40750946004550427
13
996000685416687515
2
119327318914730292
104049890200142639
86608030511622122
130752683310039197
2
12
187314578506832327
4
6
17009544914553759
14
5
130783596927299144
1
7
82841898227112732
134003928152955667
137069021841102277
6
65753001286588382
7
1
95032785312560178
4
9
6
330172927656178177
1
115889728956773789
4
122643674988091732
45372624760605208
2
2
82601012878902862
150267286431068899
230098076041319835
5
13
214275161942359154
169717312607338097
9882232347922954
165931646920511453
125809642662683268
166398977480270009
5
91571950327746078
71306923361840653
2
6
4
65596994225957965
177528087030609110
13
1
92154481246636836
5
71727553762912964
6
5
3
119832813063445852
70571100823655794
4
5
102336049446227352
149527427009132607
163911282995647363
2
3
67459698632740857
12
84613709685800380
7
1
6
4
146851200874853768
11
3
2
361719716722583843
99122810163371760
109741113070741203
8
4
285817896692139662
312958266434003469
78377307381375116
1
105952435746606868
101611273686015564
6
125637723230599538
225852128467604305
209784369449749078
269943848877614980
113711880142007859
5
3
15
10
3
1
23878963492700500
5
119513160261471216
2
104939638003471603
4
7
324210858720470943
74478432433243788
141261123641893537
37510066206654793
55266068428510550
7
157375616420166197
669955062595524403
100472911246969520
1
4
6
159645418564737378
2
640279530419506995
4
7
7
141876412001500841
6
7
109319623734227048
10
4
606882867604595030
69813738887894841
6
8
1
6
119764211989232084
6
94994537993220709
335184978289219492
2
4
6
87650300345499556
5
175741207049828298
163135649149349726
256063698705884323
5
97221037429431848
201401860009012314
6
6
155286673961227531
116737297673556812
6
4
77817008566292782
63663903340618270
15
4
4
8
100479006444016167
95070966726063121
3
14
600654365666218214
3
5
2
8337272285044430
8
5
290341880106997646
5
3
7
59100002287435298
748121974967129213
148526479138529968
93146829879594131
11
275196385710133771
3
5
109987363862693156
3
1
432879150838696413
3
120092367712891739
61228402087661476
1
287986628227067423
2
5
78678179899979903
147858167964641679
111978646675532721
6
4
125808647701708146
6
207201402015451621
11
1000000000000000001
1
82403637469419930
4
1
8
1
6
107231743610329049
8
4
10
3
3
6
4
4
10
2
107802596437344867
5
170668696597804494
161434605757893069
73454231583057138
4
4
5
132296652704979778
3
170508554577013745
51307944717398203
82715014782310975
5
209045966784161607
2
142288646008449979
8
5
90517870461973061
1
7
1
3
655249276485916426
537031162868910603
6
7
205545159777798355
129589677848995890
9
3
162549393410887898
6
143644545574566203
85281451718669930
1
1
4
354270979549716349
86634940347510871
7
22283924147067207
3
7
12
74460559477116172
7
361392546727159503
67189752872268501
61890556311071842
119136398654758953
32749097884473865
4
3
4
149482991670141040
12
177345375362339196
145063128150713170
80056886329164301
6
5
340293801568171154
6
122860678132095106
199181623473206564
8
4
9
49511198625637290
289923289385484193
5
122913038206836987
2
5
896991428211948341
12
4
7
5
1
122500583689543569
1
62005704884785120
40163255249081220
8
6
7
234814454695810839
11
7
54660561589914845
9
1
193308904288653422
4
113235261473810142
13
230002913864592910
89109230373546265
6
94843393092205996
5
230388198858537824
139549718335601496
237070299978531245
104217529609294652
335958137841360558
1
124782104514219112
102243122793173477
62385401849274783
10
248095358350903605
2
94540866693888612
32021387219012102
1
5
1
1
724240457047225926
5
2
2
101513598054098991
241847154563877138
8
6
8
112886461302440249
5
3
5
5
2
8
142283047717897826
4
151201756699038230
4
6
124587729793566933
5
65641259312908228
1
1
12
6
321385329298539370
9
73106639476681383
63215694640160886
2
57586286529027055
203269301056032607
29216497324576045
111084413577642367
2
298106404489665150
115290965070046261
3
2
70559894949216395
2
2
3
131790005574191379
9
12
69339261073584564
655508669145284000
3
145752179368244622
999999999999999995
3
115588817735625506
9
3
93611350903366868
123631281222053549
2
181372095399883731
5
92102083057335038
3
119386370069954782
10
154722923177559591
5
6
287584603135630892
1
147341994101645039
63243193433262927
5
3
91925563259879545
80301303843386854
156777068561651231
77866745188927972
93175970587345448
100441380027569934
63549977101073370
153259401379250573
3
63480532005919331
88237418109892135
5
98877435184483797
3
106988638060296867
9
87643645598763361
93340535381631306
8
112263304610957010
121888336184400812
339489832296637214
6
342532695287305692
4
326480789091068511
73936043126630649
4
5
5
106520269194150081
4
50792165276463234
3
363266930569165763
56590353408948680
245470427469298440
118638073943860004
64484227482688769
1
427217267938017594
76293667599234240
65480125497721390
215297752075335582
159232744779930348
2
7
143130016785645374
1
6
3
8
7
187778368251619461
104154974757695111
98458846494712793
5
124893690675547474
386066891373655180
10
76750783557936607
7
6
353014382609652410
6
2
166327546390532775
255187088684074136
4
5
5
86207438096629447
10
1
83034814745086139
14
3
78447247439655188
4
117652562344872678
232583616453597620
321028978336110988
7
314757226081406541
6
118557216805355344
3
1
96320940795168286
4
85138816268343358
5
43606185308034961
999999999999999997
143919128512192416
118919868631196769
85020269870906548
84741480008109749
4
3
9
271610498957762907
9
2
74204811871938524
184424779533523919
6
160457680116797798
201036744088148905
6
2
6
171413017305248702
2
2
8
1
111229521853792304
196376408407077738
7
106383045612511385
72696921576385700
10
5
126139465615540881
6
9
7
250168417441212687
6
5
5
999999999999999997
50820396609101921
11
7
3
144816941306613291
104148348289418991
2
37587547922393338
194545623210142465
5
69545337040728971
90476639931846525
1000000000000000000
152139987525910628
7
7
112424829019847576
3
104784751514914262
2
69021165709175446
8
175696542741975305
10
69425214762347598
11
6
101334043803459915
2
73605724622065592
2
122753536279144998
8
577138856697034432
6
244537198492152291
7
5
81216934646023181
3
393763808630732900
5
8
1
2
8
183292461775031279
226764951692321106
43836410981256026
132927860409386564
118989754503431177
1
216333728560434946
2
999999999999999992
7
6
308567890820604495
10
183289117810107841
9
4
6
64585121864300426
116747869390131387
136911057910834063
194998705615522902
139571851291495715
3
83321321525870185
7
5
5
1
6
7
121819443464053866
4
7
3
7
3
162208733065408043
148730201294748877
6
4
6
6
139706389246199244
6
1
4
400002299923725088
5
4
7
859566087336756782
5
362649635599534916
6
5
466990426483340482
82150986768946580
3
9
89934276977403392
11
85221824982131028
2
2
50170341690402983
263091566604140077
5
338232224406523310
2
89327990546904359
4
8
151067957627015130
97909674940880035
7
8
7
881323618236963199
7
9
5
24293121457512224
257949587747165719
11
7
8
104665856092799360
3
11
3
3
184992782078435908
9
999999999999999994
2
1
87668984794310214
4
264691905374188628
4
5
6
6
2
11
70356733808500879
473198961639194560
166041113916434161
133684122814127270
118320424761269608
78383543689566196
5
7
145829021685979367
341739233316516124
6
232685989415281195
5
5
724666357042256955
2
72620924155944898
4
10
5
1000000000000000000
8
8
223877705299680227
6
6
3
113468435432239321
190681100951411309
112423075895665908
5
3
1
51486039259955273
11
10
7
5
5
114070711187076013
126212812897592625
659289851457452607
4
4
3
197337842529285056
4
7
172327302450188587
6
7
11
6
127520373443072819
47687835205403246
4
8
67821960239317697
5
6
9
4
7
7
128592831094197476
98769771102198733
89472155382949301
2
133525649286545073
11
22172209867525144
110699209146403581
38041495709474539
25228684878001911
10
61431517303226135
8
81244353252549327
4
7
277178222989973949
348753696241081453
56264409264724957
6
5
202760049730526048
10
6
1
6
1
6
3
9
41351149203125534
7
6
354949883274415691
63272727514661082
174840382099950260
10
6
10
432690812601825131
8
8
4
103313322407840770
83481995858114362
5
7
132922346701496820
4
48675893174711067
124510084724093080
2
69861145750582172
6
7
8
120435019855561007
81875727127602012
177038452564882987
2
83928846087906476
1
5
122068645826307133
1
5
71831353043415462
125190552028021689
10
3
12
159291844415426744
86058334686003678
8
5
4
100231156101989690
6
117833376862682567
378089193131809576
9
9
7
6
211459428255200426
5
10
148652164966089101
4
4
79075027854512765
2
79601346562136636
91302086346618809
108970652533562244
479303058989781826
282715899829580987
291142575963445237
67644814660045853
8
9
3
70554925722138119
155814467591044470
133150706667581057
3
64401722978216046
603080317109713852
3
124200799314391342
1
448121452833564313
130821683018905822
3
14
253152725205649183
155612711309296924
219464489868677121
3
167844235921049842
131135145767592569
8
6
144559123876696594
16748744101219581
6
63841461793548786
9
180376190867494997
8
10
190981899308289912
3
662127290684966634
4
7
1927219119808820
4
220216723097227713
159405774493809607
168931174753992931
3
94250958953342515
79672637407701399
2
188199790603846866
146587701753473565
9
152231131720478535
99223672610461174
153811236135694154
80133129880432253
151940965699027980
4
126873992267436677
6
6
5
8
8
6
130933659538874500
98790451651882810
1
8
272048393807732274
5
8
86835454526827112
129641831233750574
417818980839147279
156065249558344437
5
306405021592415569
133160618469706053
6
8
102896717266006868
5
1
5
4
12
5
141624572830901187
14
152199308792012815
91245103325649324
161147190246281307
10
47103452239083454
154921011057671194
999999999999999996
118697240363621724
276387995928180894
201117586992184311
100302699306527509
814476750521596137
7
7
167415929318118690
9
4
197109395377456785
2
199422191703537094
6
10
110701944710449949
14
306457410933450773
148636283797576126
2
7
378545182068753473
590118861503875454
371863623676032083
6
221335176006375796
10
5
8
50693778476168896
107372015754821585
648841362517611597
3
1
9
118947620899032517
10
302236096395518364
87605807894172169
354687052451018388
1
5
21051915508359625
2
2
194589229269510536
49585455877285626
74807950634136199
8
6
172487963052447731
53180636201905413
77671330501631322
115459973169447490
101794549203788796
91653830071214858
1
6
999999999999999996
8
98152346616185491
10
76206705473597490
457315634561446269
203492592612032208
3
1
7
247321210456441514
175882876604446367
5
11
160249091433573170
54170084588524328
6
4
1
146017659632348041
162439426807932577
1
127913881825629801
2
2
7
132813901852660863
194040870493782386
7
3
6
9
217986638162292530
96035561088819946
86728225955127329
153780529217019540
10
17
9433185255767693
138311180478684123
6
136795019349879710
4
1
175676149215318380
143837492176428836
2
13
4
77608434528757362
87245190924325040
172150083402806530
140894914574025678
4
4
139657984039383598
90300657864125532
436386690487590980
179920611848516791
95837757210848519
1
351731339345632769
5
4
4
92399396196370128
136822986533039795
11
1
108425753413158401
182681759133838674
566551038248414917
290237696812486050
8
11
308752888801802876
6
4
5
133322667324680728
1
556957404354849724
124163834947040083
4
115717811140630026
5
71089713070954730
2
168438389106632302
11
7
2
129483347063608863
4
52607545151384959
228699388388015144
12
7
184849068013567241
2
5
5
3
6
463781305972117399
6
82772403521081255
4
8
154494214433295043
4
5
9
163744459493495168
5
2
82153010718026952
81606880007315334
112390390747848207
9
173531494070534707
7
5
120648504049799622
999999999999999999
3
3
151734685543232424
3
4
268100190960646308
264251904943123978
3
11
10
119093605293380254
4
793647419909356563
7
1
9
69211206458433306
267007006903091218
178648903833488862
1
999999999999999996
50907711141847812
4
3
6
9
242004540699962370
58943526934974316
166305026057271593
10
199765304899930232
112103668366802383
294672847619651673
88575344932402341
6
66907944274011946
106440813089464352
310449829456318882
235177553682046
8
100767994149378753
77784930107063741
75306203116539718
3
227085245961382013
22494583987268658
3
215978015863118027
9
319005223657125761
344844594668721496
85818878140497394
107959747478906150
599026837960653409
10
102060563990867903
358534559539004064
5
79153821933984130
211176379417830741
139180533594006218
6
5
1
7
2
6
12
10
3
8
17
172695129069470501
5
6
175479623287799980
9
71652117834010131
7
132480388453305421
274067706571005035
103374437898196585
105067333768751787
5
61717958046434284
8
4
350833899878426219
14
2
201930556779903424
4
2
79770854298941277
187879792824548835
134756401677934744
123500506777556314
142022016568842519
8
6
7
8
95394687578015529
2
6
444517801524053520
5
7
8
1
123517436088680181
11
182512137841438039
4
582196570044925069
5
342684120345487199
5
65638628998832823
51860247568816384
132951067264498130
6
182257795188983817
1
5
3
233275661024497252
171766921819394562
216912809504016060
2
8
3
16
5
6
10
113976848479459513
5
52586844261088273
6
4
83553822995404347
12912992275219066
5
116142770337339226
690649509623892442
2
7
18717487653228494
61349667948249258
3
3
5
3
4
7
6
129707924531774849
1
74812033377050844
5
74262829132048726
59657268716924152
10
46089245413370610
9
123955861642803997
123379928267474099
185368121393974647
5
173023242724381331
121793569722782670
1
8
8
89855772903850729
7
71526717906385501
4
1
3
228947977041514326
338854488283686563
175602252281181710
70624733026147143
107721181512090879
202228536222559072
199338792850889057
100260354405760073
63646180500501365
5
6
11
3
3
11
135244574849979220
349236099485033978
5
71391876182372547
1
539278774943164818
66215515735638553
154730663647911680
5
94818512640794200
4
2
44929284224845874
150914715227781978
6
8
338210562186035503
3
6
4
9
290730412604596091
1
99334616957304041
7
105906641616836443
100424088113336376
69413871437387770
7
362518769171413079
83897639435135666
5
448378617516256315
10
8
211420544617182530
534191473110997155
4
7
142093569947020403
6
112731627400289760
663345988438617511
85070843972235338
86518022708185435
5
2
4
6
2
7
74662185780619834
119731228955409289
7
6
10
154697443715294275
138670477258120368
127514038106138902
151906528079321324
1
13
310834220743177712
5
4
5
1
142778510353919322
3
3
51197262160498740
5
11
146247676176006996
9
330179094135926494
298494696382502488
3
11
186173593636718657
70763474953175266
292860600669875546
6
77071293779687655
93678370721944567
99228168368653673
94570175450767875
106612299716064496
121972083867325076
5
114400943205559725
6
262011873866086076
1
46753857811496035
8
4
58834751715689590
7
7
128974413215310372
150307622647866600
2
7
60400293389906617
188209044125380374
51948112754009218
5
4
1
4
83463240724817355
117401706325017731
1
6
5
7
5
323511490791684557
7
15245225792562026
7
84930174347531256
6
6
6
999999999999999999
4
294440794979192410
104493842607835693
4
2
10
8
203960832527581414
54212647776167443
2
144525397871163160
177154905004677602
180542596106796427
4
12
139589654920837592
1
54118652203284087
99587140828172455
4
514098378894087286
7
11
122462874202149104
12
902014416411970843
281393199565871727
98316254742428537
5
7
3
4
6
6
5
79399969954862387
106099630406178761
22624256748751351
118456847122505290
304851997292643030
13
618707089731182001
8
8
17849632730631399
14
6
4
9
5
7
139684860858545201
7
4
70464377944181411
5
18
244167074056586236
8
144138217741813525
1
8
4
101841967863527216
81957907306210259
5
3
3
342855291670427667
283097801028280434
443609118812636515
105159887891116452
13
175275662152715676
1
363447806820691024
130289024929449863
163215683366294841
92505500405845313
5
7
13
12582797459683471
5
8
287768609099671666
9
2
132609890722588975
97466679031056802
5
2
45669232801633950
7
1
11
7
509882844113393969
5
6
4
85870026761121695
6
1
1
6
59674829631428364
185549790188776181
3
127482934114492133
4
100822884492357234
5
11
5
6
148634576962179012
158735818751602077
16
2
1
4
78672727903692638
324372170286078802
67227377522292096
4
4
338096520779221096
10
5
380214604752452589
9
99655396053311963
9
89439404437669908
13
162509218122089199
5
3
477788297168212796
2
7
5
196718485796995581
5
8
8
145923298087451939
80152912610487803
104287738097569458
5
4
125740587016004041
75269377532427872
269138289738560929
55031332123084926
4
1
209851254207266115
4
5
92641316590576159
74329917021636309
6
7
7
1
9
17
116714825848623391
6
129949856729868021
43322139277235457
121777462117200325
3
5
8
6
4
4
169106438502568648
6
92480097440407608
92920615606147308
203580408171104400
129120240128652254
7
1
10
556360418014260369
147358434462292079
3
362013322586125271
92279593501104750
5
135365581852325925
165867436008034207
550315106757640924
1
2
642239138108523353
258331465278627405
53567530393870119
65415938748156847
12
8
59443294982058225
5
9
2
122997728778233674
187481261205802797
57767429531611900
3
9
2
1
124433882483661670
999999999999999994
262675560643303124
76444193512046381
233744972812147139
5
233549932808773012
6
1
2
7
5
44528282972004842
124490624365739615
7
3
10
6
314110328300890315
5
120243415408925319
5
570861814841978697
6
354899868783787417
10
9
436096019062200669
2
7
9
193969781575813825
5
5
6
99176506982866698
104130385474869865
85785591943891851
2
6
7
143633729916940479
10
1
3
156704061282024196
163182763231504183
7
147199113790678177
10
138753824689723616
165140832021137910
5
162183386764392411
214740280648534503
5
5
5
56506006061941547
10
6
5
7
7
178361342902813903
5
46965490788812605
1
3
3
9
78277989535788419
10
5
5
320706119031380384
132400157846383582
2
3
196418965044791155
118901968479553938
2
117962416448410408
1
6
5
38200928565143847
161337822735917808
3
79725510547412814
61008687791253186
131380474747656189
209387996458331528
97049991313144720
113347612025993476
163237573269030376
4
90058553930723470
63297795001385788
3
11
2
4
464801698188876053
103000237090619622
154380412832628163
7
2
1
13
6
2
9
4
189435978117790627
76980998379179157
77644985103352069
129938859061661923
103159005393724822
103153445488239624
3
2
7
210846210728520384
150099168986308582
858443908395670922
187983919276307585
66238594270180474
91144628867084647
5
96313415543279046
3
332607689347591657
3
3
137057748855133144
5
5
80253742438519070
408763237761399716
6
1
6
6
5
80700509086877065
11
248665628556660901
8
64214066718605183
7
8
9
4
4
6
103222938840678003
233107556390222546
6
64941469034948372
172933771421327583
49424756164259855
8
15
141447940644506787
2
6
46852429216817490
1
95223511655689239
115620585385987611
10
4
1
346520766646563644
250522425473845205
3
73475356568686250
136312047253885299
714207257140101571
6833132617016661
119440615345172219
156696773981196367
11
481735575775080760
6
5
140877030896301459
73057324334990134
86268336627276507
1
253053003863095466
3
193542388486894104
5
79249605736662867
209395268178078619
106535502782176153
9
3
4
6
7
8
129842213631140584
12
7
11
132895078207777159
121399067825024134
78575561395275333
8
5
7
188092335061302990
4
370241317712160543
131673539895536883
88402573250815791
6
187062983471917184
2
18
1
5
1
105467310506816198
6
10
6
5
2
9
34953898046931920
1
69611589058263133
40084570111004944
201594336060881840
10
4
78555547230275518
6
3
4
131394771067519044
131265337954023437
87650719767064758
11
5
5
115958010288708161
17
149015841180582376
253019493142654233
4
119990127299702341
69208402440437609
5
12
70247779107944421
247412977444559470
7
4
6
8
173774209367721896
39208498297142418
183443800410856775
7
69444332748816052
348871971068649263
7
6
5
444583377288508556
6
6
75362993377019277
8
7
11
8
16
150041421655760917
62039098662240072
130787046542589344
9
8
124313594808575410
8
5
8
10
90657021996715750
93840535483337381
6
5
60840708063944284
220935553683143110
7
5
7
510909202747122949
8
8
56406289663825522
106062812191940449
10
2
3
8
211142203937416786
4
47932474439366805
2
76764208671868270
4
1
6
6
4
8
92512855714964215
99452391976836941
6
41341505704223583
329490451700843945
4
11
207857053071136882
149352982966050818
5
9
2
4
480997958216194279
117176766178381699
5
2
115946777873646614
999999999999999998
6
60492908656161890
220106167620658725
5
7
6
50003252876728831
75867143036871483
3
17
271643778886591227
156389422106352833
223913415483326183
136142960809116335
425048749551113377
233277707001845854
3
5
5
110678494583597276
1
7
5
6
6
1
80022711329981027
6
106060569448195689
102460153632567283
36554159306634315
4
5
89619240042611745
3
534999433969341916
9
106332621706255410
1
2
80642890685470279
77038929339159137
4
16
74412577585566578
154913181328963619
3
1
10
11
4
151351354484941461
818221217718296681
403863210288333114
92936685210255387
230288468364128016
1
129927513165901702
4
14
97264780673307823
5
109444469642294218
62788266638416589
3
6
5
468896756010703276
181397285397848619
56781599337080418
253585255469167405
6
64527363404039654
6
6
329879980295424699
3
75123175664233679
80407138481333917
5
68122028033576353
159878222689966181
3
11
4
11
822021681399347852
251783161553082260
60463624954647968
9
4793048669427976
7
11
14092900452029534
5
89352085488375119
2
3
86931316620831908
5
6
2
102595578390505745
123496843536526716
999999999999999997
1
172371927012631057
113711161661377056
1
8
50149056212197067
128214960673332964
5
10
7
198850029814903635
3
58779772256961553
7
2
5
6
108223957042589990
4
713711201697275572
5
125712899775701467
8
62438750603835496
9
233455193121214784
5
371601121195935111
86163752146262789
1
115028921639106382
999999999999999996
6
154709922526731616
105529934264796465
101116666987883369
6
256007545431694675
153409137496621381
215210475202370133
85613335482401965
280053200994819802
271213383325785419
7
138221814566541387
117963730352713704
8
10
313215907180796446
68324068977537210
87755123977278331
180020947562231115
6
563058110654685956
1
3
4
130499909269044095
463968939958387573
6
12
268245216819757396
244125448069038048
3
150174601537323413
408005997365323618
37845330658613681
5
401722337674372421
6
4
2
82877007273503730
157904261678389269
241958642788166558
206290176189472174
93143945207253748
222523829071732515
68374081140529298
53674485811124795
155287773802242694
9
4
5
62999804562566343
118351219630425262
156495755795770284
8
201453419531248391
89961756244118653
3
7
92160598917037717
4
8
8
46814066393974267
6
7
157406177104639813
72002663886095935
268437470357436018
9
12
5
112577482971625522
7
130665436422819352
4
4
57059781821384154
16
147411091564591298
156599628852774224
501659972128918705
62495969687676312
4
1
2
104535290596839731
5
3
7
8
151750861319062747
2
146701304144845721
3
417325287904706082
74429499198084718
158899605600191001
11
4
6
53462252942655191
12
7
9
256693684038911726
239182418276796499
205389328828607474
71710323220578215
128650154375113680
10
9
7
174672561772305341
227972887792726683
9
2
383146105825385869
113067196942717289
296382707404493043
74378130930663919
209057858642648866
157707021844808999
55074022506139164
4
2
4
12967822133497235
7
4
48657613777317698
95719863676380199
17
14
5
168251596832671958
4
85380041557367669
217928754311554530
71729952477436625
999999999999999995
6
75738678390004963
284333618824396591
83417921214053356
999999999999999996
2
3
9
8
177967578918301306
1
999999999999999995
4
12
3
6
516712311644499270
158820017775394928
85722101089379753
5
1
1
49313447077226186
169185208590236023
87058591005612366
127870411971670896
6
62270031703999677
145337071819225188
4
92626386361383836
6
88088564049975209
4
141072362027967238
11
2
96790890716418336
65738726154400205
2
369064396579452162
2
6
81549896284418001
373029338160130071
105146567551273679
5
184686744145676823
164369298830223354
5
999999999999999999
8
6
70380757634845766
136809186004203985
142660013692869429
9
34348655440877237
7
185900825969462249
108613786258796439
211790085630823824
117352962291279163
5
10
11
125696484067580986
12
4
8
93869191297879932
9
110898932588937519
6
125019048031603695
116796302548796554
84098720049697545
9
12
2
6
5
2
3
5
5
128228788894006097
83416198293287084
4
248133642101262580
6
67538024159957786
86203340450624229
69321631041633506
145325270166207074
1
131143988675295851
45883749877000378
4
7
28568614058384016
999999999999999998
2
95812407664285937
3
76932666099239307
177741204900193522
2
7
9
4
1
4
258278128865054083
64608587602127753
115867694711289921
108126911686092297
9
165264557083534077
4
109512556004924938
1
6
166968722093350841
4
8
8
4
9
4
247893292757234353
275088405927014858
180058261472270638
8
98322353068720003
6
4
66763414657693921
6
162821025905312906
180238065100921195
175177246018696163
2
5
273181992932753234
255068025409094651
335759118074366706
6
3
4
3
7
8
110678545862138743
9
70628592006169127
241404807210986410
7
51541444814521257
424238402428702046
7
350100637263365661
167533830636904122
4
7
60001721181191075
57189078712140723
118922810828417585
752386493296216761
148422938996171582
11
6
4
2
7
8
6
92693589316535580
352590211134841233
8
187607599754690483
2
77731143438491415
5
9
1
293196813570436496
140967906133780549
149534069425737090
344094413771653761
6
116132896164946288
93192632509103016
7
6
2
111010101895647456
378632033874599667
5
129610818703698716
5
8
59450986166952682
167555553033499656
215183985691864807
11
11
166759540048426566
173728896142841169
4
6
78315278290928698
4
201793060766604154
16
6
84382335816415889
2
4
257461707947506512
7
5
4
145212675259648942
5
10
9
5
154813106411920231
4
10
3
111199802430396508
1
236623085287787646
6
7
170396537285828441
185580674732575716
2
65788243585590534
5
4
759895778914043752
215977363463951568
94529340732014866
100406727442743523
179958226231808317
53995542653994984
2
8
53799072591934561
7
5
8
100909101133371131
820069197309319096
1
1
297926234765386515
152047584145070912
4
8
1
3
10
133561372278125718
309242735946271786
4
71451325927935042
7
248207654995354297
73157207878487802
348294433458513161
62360610721380333
4
99084533073419699
5
11
6
8
2
6
4
43387628232221258
67440852087114381
53879069502504286
2
100662847309248236
101342463809964284
5
10
5
71987189187129047
6
10
3
18735546070034889
13
89661040690752460
221383416556243096
4
14
2
554794035232937224
309904345140837128
6
6
3
131247051697874586
95727028969510562
3
822753670180088565
6
3
261462861980425901
2
3
136180824764813685
100907767653238401
82492161592539937
85592253663359739
268470071357133152
357320824769813080
122747026426421904
104168412399744761
413722092832151199
16
3
44613644573341364
27034781193106798
98795716931515809
5
86011817226660716
217221562938451752
218870239358910274
6
7
4
295775144084428244
211823123430941213
161061429599986806
284942609364187911
35983046494477253
54159207513955315
7
31959323463470744
11
2
5
89013174617691058
7
4
1
345405263123304279
5
6
4
5
60087640660291174
379740635414998673
1
132648819435895383
2
8
5
213545234568187839
7
119232197761015072
15
999999999999999998
185222298113622795
64741858584432394
8
61981368361961588
57254258416008811
597847792016791699
67314418302617962
8
115329885059580491
3
2
8
8
11
4
93527375382086177
4
3
5
3
2
11
246695322254932512
243708474692657103
3
744318076351497353
195288623958988957
6
3
277233827285090801
4
141399272155539410
197050421750395952
5
114117840133323601
6
68355198790897224
179138591403600764
999999999999999997
1
150928116419177274
73510557442411023
110871420286838778
194162894292573464
5
9
210078374616978174
9
5
95948084451829891
9
324666944817372966
180053926808497583
8
7
4
1
90248720477564174
102342761449053872
3
10
127775214474770912
355308090885463757
3
4
73858651423524715
96541321550053277
6
6
58795357306314605
219831021463175571
9
29878471931056965
213084794950479706
6
151094597827811822
3
191387018508318043
88622359805587611
47257616203105956
78258153299819766
5
54554486750467151
7
9
109372569965518496
49811613381900066
304365688197492998
6
139750740929943479
8
6
329594410945049092
99546075991313100
5
161609196061310771
2
3
5
7
144733002961783830
71644421662330876
498660239706675484
749044756208287846
148426710748119097
136283914194932907
4
67200411133646575
7
4
3
211384841623985235
5
103391885437769239
6
4
864518584681807834
171226180627838508
6
320179855798066807
8
3
204438311898398640
99953000709221575
10
7
4
93858806018123436
109101612241168207
8
6
152542453270298568
3
6
97570836221621157
147593928873858854
21398365947428877
35135691803538418
6
1
201580046941496222
161197270192153023
702835351411901385
5
99689417700241641
12
101484467745086801
14
10
114688195758601181
298584648657266948
8
113001829069360035
1
103187924841918271
8
377897923317937453
141515389341492661
500288282994695438
4
695099483147027500
9
157522395926810703
7
11
999999999999999993
182629015139649197
1
119819691680800960
9
235259512758129537
5
178137051519407229
5
115666712323394683
8
6
14
9
2
82860066920513006
9
66382020027875995
7
222502386315502369
4
5
7
405258650099512754
111952822893344826
3
66747759502555292
161999122134544510
136246513816272155
7
3
188165606156034540
134564786098035732
95368368110074707
70765009255348130
64002968963551566
140893148225422783
4
5
99449094472712376
111325249846654484
15
229879081150179523
181314131555566981
5
122542649504934540
285469722584621279
3
3
4
1
7
6
1
6
53225845352072461
212911091020081330
128030141797262531
5
293061887092336990
104252657485556144
193806975888836074
198077856647068448
6
2
1
87855486334095248
8
6
76161303768905622
221541145572445862
114981920244251461
231961505466581296
6
7
9
4
125147490897819081
35950484933387254
7
213402323514063214
117863522780094092
248265260255141667
8
195367420567130879
167753313141674529
327274963075215928
127617158121955281
9
7
9
514960356235996880
4
3
5
6
11
12
5
289217869786783617
123216486592861417
10
57517976507218514
6
4
454834069903026174
134997403924026239
126818731760214361
252467282064367870
237694902982674606
183551379598108254
76292427949121942
3
8
142859687639135842
8
3
65850013980427955
5
86468401207794848
5
284907090972612556
3
4
227460271190252384
122548214602692368
151564645728838716
166278723098127063
5
7
126778250734221229
6
190608029495980623
82826402312855640
7
4
6
107965088731138797
123141651460206886
82104464101267711
125886507052400315
999999999999999992
93771108515035353
79513686501277268
3328316454419614
6
214259712164954964
6
5
6
89516318745639971
199776281972171238
184866074227028522
3
5
112438589117144657
296093239846878494
74210252419106121
6
87732779113035784
3
1
999999999999999993
100649833733799382
5
5
3
999999999999999993
194929463109258492
4
48320518182580535
112101434431264608
329634896327778337
66185781990486899
7
6
35823963202687797
128752632583300250
72590214055175485
102971489912402651
4
148928427487440332
58270292083230756
88547971057754826
8
45805777832472396
133276749010105894
7
11
144564790497802018
2
5
107152686848994433
150928354548670938
291496304447572541
157941468789757798
6
1
6
135386704887031289
5
212662808489431040
3
194632643065386171
159081597549885778
463957233669804510
408787365797043762
405415538245967942
100994753958675321
60288620283660064
1
1
84384223656759126
11
3
4
1
108986983089924268
179311393394910463
68000713810471963
6
70912248933708191
6
14
151119930692157888
4
7
57659887584525677
3
5
3
145807539895452701
85255048029888276
2
2
4
103267230613553652
49243532875606228
379606831914710675
137671977648780877
7
2
78053153290203828
60792448864325079
7
54499260678874547
7
10
6
145013408488935261
142256921781007760
8
5
7
6
5
8
6
231712659544697895
359637301760884898
133866284524425903
3
6
6
4
6
696076985870840999
4
250680023964047221
155519621034485414
65683464722529639
198041180809331106
5
254286586005638324
206370241798751723
4
224217589922289937
48765917098448962
2
6
6
6
1
72565089643114306
100243806997089655
4
6
1
82200483473225568
5
3
8
133295839759387463
10
6
125945354347581760
75667503354853707
1
89278379391124974
1
8
9
171055511348775575
18
156590618803335797
714721649775490348
8
7
4
314660859381072432
5
3
153550286926832594
499977646482991592
5
5
10
7
5
12
291707690200585777
2
5
48052426067710253
8
1
107091184807730744
69486497975775019
3
5
3
158699355667764892
7
56534346749070163
331502831125038518
3
52022787409963531
6
1
10
7
3
221659676039804544
207807687291619210
7
9
4
86346674199445794
124512437813602485
86907769570597720
1
119516825256408088
7
52763207387099032
3
5
104049837294689833
171399345531012269
7
9
63241816712341103
10
72924131220483397
138177976665884778
4
4
82779624765909445
88359612133271609
6
69908194307702390
10
6
7
81881463330436737
3
2
4
138752048067919605
6
2
4
5
8
597338713421439511
450708041007923508
258621208265747801
8
5
6
51963191562683763
6
6
7
4
