1000000000000000001
447
90845621075303
80912416710098
96168049227728
420
105126398007333
106774254979672
88136957104603
131154259600932873
9
40480083297624828
243721836344275409
11
218544239559884856
116326267580679348
173932208996504349
88721190883892617
1
3
5
303500803409927945
30516201939385125
5
5
8
91768795949384892
366174913123093087
1
1
110583728723572200
1
154553238654172348
77990220775436854
110515372458664191
3
412505952912362491
145487881721527611
147267254193215615
139588979148117864
220461274318690246
2
6
3
401446477319532993
319234299845722639
8
118315879674612335
2
320443685621957660
165215053751176956
60136273215380396
13
8
7
37812135600989228
83802048338552101
9
1
6
159492672828406695
153045819145861362
228824007726138622
3
8
7
100658484264373170
4
6
2
121562462614432335
68818775555595564
3
8
3
172257578955659965
449550771833545954
3
13
303603247074064743
9
3
193786634647271490
168387629568286434
6
93721710515243322
186451733276972330
194736459288611675
7
61641974701081530
4
6
95886932422247763
9
121439823995091778
181666268594278974
131541128057708333
106054704128915869
4
91307694849633899
4
76595664493488325
1
4
405558872876618655
8
62106912953770424
20
9
211321364918273954
8
2
6
3
8
61895261702253622
3
198806304022932957
11
1
64788303600200062
5
145910441497337765
3
145503398061959286
81729111347735202
73104255064533890
106863115919393546
709473947911314175
8
80204575036944290
486477494921719217
521531209861966157
1
5
12
218682947621414440
6
209896796368611057
13
7
8
5
6
211035056339862894
4
9
80669993454940949
74074032642143790
1
7
4
3
64863283059262047
75455320917871652
109103392881801421
4
4
6
1
303522749024452860
247415909887302860
4
170336356026278799
3
156237611664951447
6
4
4
63870454394215382
81630644200132787
170034824045586332
6
1
269796796985199393
4
10
5
6
6
104757404788662128
7
2
3
245314878447863561
7
4
7
108773044980888375
6
124486153907052044
83863582464053381
165542025440529324
43730117838734930
73071342804363627
37630775559322322
8
4
8
6
14
388511197253080605
1
5
7
6
319574855600716402
12
468042636319068744
94372076176832379
171384780500775733
109265652087400616
6
165669217450072769
175632276821510858
12
5
1
35910537748207343
5
8
9
1
7
224785515747250584
121437143165616795
79475056599013231
12
131328222369487330
2
567628466325271192
102169335333694582
324866666931915777
1
8
5
10
354378618603024585
4
6
87740629819514404
274632387410804787
3
89112865128349956
173727566512679111
4
2
5
5
7
91850286820358959
10
111766833011722594
249530810093414360
6
173665670195666341
264105971863440868
166769004821310532
96776901106427577
10
307571376461343179
8
4
5
131790019185062934
6
125450369354958844
6
9
95806571737830392
3
11
217099122198339254
130853633684162766
106645000778071410
71219415953519978
4
140463284032134576
3
190097315427794679
9
6
7
400392102473265179
19
4
236496417317704460
300879849076644369
7
13
135512075108952295
129165842531832422
6
142928135990866995
620942850201765905
3
66624163315305390
64758754731857524
5
4
162369488186029989
9
217713050480421322
87595451618100428
6
74906506894622934
5
212344995091013383
5
256557809235983860
8
59916572352835727
1
80841269359319528
2
87477910319004389
5
339775567586754550
1
36556063061002694
1
137208005440878345
11
1
132973001129670396
82978571464284691
142261960274478092
6
7
232778227789872642
659979762618272828
4
7
4
7
149206359386288745
7
103778094582487433
4
5
3
3
72210411093774569
6
124872139790695773
140290937840180014
102151519777646979
132417872331010482
86201444976163801
6
7
5
124568017609758378
504207589482129
134527688877957196
8
7
286499180676649266
2
69353468977407375
5
85878771226035970
6
2
221176785520107109
5
101006870331839348
134603809713911378
179620897903723481
108873370262247349
135907986144730023
91732008024525401
79081403877341014
6
207820957230872446
5
2
93502391876703856
75686389610285694
114688062373723094
95326081156653678
120488062423700870
14
144318088210730713
4
82974411245316279
215610130053203243
10
3
6
4
68533358864606667
416172435228228192
75307380511417477
142078564144239381
4
85608459327595852
84555057124080477
171053253401670248
9
11
5
7
5
66168209287173737
4
7
4
6
3
10
93842239860149385
134761095471126135
94706924117021798
139142177210624950
2
15
9
386838312466766607
5
215242494962948123
2
8
6
55523508472592621
12
214516626099539263
4
70558061009904611
7
22079128637585168
159064137398056604
8
427735643463361302
4
8
3
144136034036824512
5
103956365236709032
172007575275400394
265387560829112786
202108000630889686
108745053143251673
183066007723570487
5
109098993118412681
6
2
653428246387992956
4
185903948794905872
4
1
109112763359348764
7
270701934110041213
9
5
7
155845117153094910
3
9
3
8
5
8
8
4
1
135996228784736465
8
405076715684802598
3
1
77131647495736963
141256479088861979
151242086842213149
4
189176080347441323
6
89915798258729754
1
1
30255195110433680
2
142803463990247607
5
4
55032255867948268
3
3
7
58563087563116660
119685829433011520
542951219660904267
7
142246838440495002
88701106241794395
63494165318057752
11
12
299654605729149095
10
204100001430012636
4
5
329856912218350663
158356433831247812
3
353712959727395697
8
111948739614487583
475614122844384454
105103842693013710
74619236264396287
130104230275917344
5
92250069627129197
187471424345083739
13
9
549097759135436484
93939277213666725
100289714338976458
3
12
268017254451959176
75831327760560911
4
150697023135853790
11
148825298291333213
4
5
1
9
1
1
5
195383497090797411
3
487609197713955632
67251890658937504
121245495890184985
7
1
4
4
15
161710516349103156
141181820907614761
6
3
65679392498022695
3
1
3
8
6
4
6
53460493319782747
14
8
195754214603329872
140449382413192380
63045834074093696
70255359737060598
3
181816290070848698
90354493178311713
308208172451689926
8
1
125382766191304280
69209101896198000
179622444020244795
144726362075047171
6
999999999999999996
3
131610073036860146
99994699425998230
1
124020569660999026
8
9
253691488069581044
9
7
6
519787241894207692
5
267322636264949048
11
1
149127725547252900
209616571991854853
11
3
5
6
86421401898107951
136179997558232796
5
4
60097628730286577
1
6
233493659635800828
39916132973503156
4
17
1
5
134148340289731069
178564120739793673
4
1
67114553670113311
2
223553465570435965
191687592285472311
3
2
9
2
1
81747378021561892
5
92395849510883739
2
108852036512025236
999999999999999995
6
18
63110251928060648
51354590299755731
1
5
94950190288989158
552504265984473510
161679493873285206
5
54913371118347771
477832557675553463
157837021845290502
168364379744131879
153346091655659059
3
114849975061112867
1
53258383338163403
9
234253641938717862
7
162224437593229227
3
6
4
110368081274502298
6
9
449060963161807630
175838661609463366
7
117495316608526247
100064289820644031
220558430203080700
4
100739304790313616
167264626107915166
247054361280443163
676094421765111165
161361340460784966
130812007152068849
137605564266894703
4
4
9
232284496928736396
5
325338503511015435
139127270453982300
133981694347706652
191989895336719724
238586189882340318
1000000000000000001
96694257920711975
7
41421437447009434
211641874907563799
95950316359702387
86295843096782065
7
97047230306467585
6
193418638265294594
90567286414656889
6
1
105709951975010373
69542102296432759
87069928794612255
128431872406855055
7
174748564977416144
272862581734544897
3
9
73682315372019533
67858286397820997
190236988383324861
40624574805175950
4
3
8
2
85944200297997494
167549626671176925
22437969171155681
7
7
5
133770778860283586
7
74867909369492749
6
9
4
4
3
9
9
999999999999999996
169264027939695714
106803384318694653
102443721129414473
172632492756636287
111964148847502062
58806520939179347
6
3
132314078019144442
7
293724969507697685
92269070004831730
163512391881250719
134246899023833401
3
5
6
5
5
6
3
11
113784375719923304
90448562257938166
152175803588898400
146124960576151017
71816317585724725
397136191243375075
6
176862410687093112
12
199457367331016136
4
369989389636038189
181727114279546366
170049147854359252
6
190277141301480172
6
6
194745552691828986
9
337249357318437452
15
112672878542334262
6
1
6
122871469282037971
7
6
2
4
145482875478307811
8
37405873989520840
71373707343002632
4
5
108496425396506700
12
82251154962841078
6
8
188569434247327424
84165600346863169
138653576984245319
6
94089464646195193
50815009030255828
3
516472191746680091
208700957982710433
227697286322315459
5
7
128687478484400123
167100257362152369
67902543201383216
5
279258115344431195
9
47471370847037518
81095113630279264
2
11
174086191346389279
87941496846752063
117424157657659269
43594226122458306
10
94227082853554654
4
158576744310977832
3
91548275563485380
4
109888919860059727
4
14
4
48685708166319357
5
140127400443736620
5
54015339521053007
9
7
8
4
149951754807857468
181122147585154648
243850012299085600
14
33686433491589369
60808586830437928
163238407670711214
7
298707880994550231
4
199045891485761439
131635398136479775
250996110484774309
109679049893701751
93824955469681282
6
224630825819538327
5
2
9
5
3
48919377047862276
4
15839949149244257
79872178491226629
72149038527545379
3
4
1
446048628396040777
207669161946957428
655515014498455095
179487530250010240
10
7
406863657165130940
125278659759187616
67879780092249223
102786880571513462
10
157587616980610114
419958015628982898
58295698883879803
5
6
2
3
9
3
10
172447170347306329
156006806044591925
147400198810616594
169182979501710782
330319153208492636
9
6
212858434614185765
175972641677567799
164129805910850213
4
93884402857445916
87845247806476496
9
94777614774271943
6
6
104551469035528762
121507908067487919
206284661703248153
5
100382542874162145
8
3
316084882335554208
2
7
3
128833293790580557
1
101566462622596372
71806814357165578
5
7
99863366015657118
6
253104235721674252
1
450474595205821270
137315356499809028
9
69398490047569468
187821846315061948
430417502655369507
6
114004290570042642
154773602156800899
102211248357830987
6
6
9
79317164133922929
169390792052146478
4
103376984616405379
10
6
120013974678736575
5
570253218967011668
212196574526080496
126846278315257250
3
105578168363754711
6
5
2
5
149773323731267133
63486511265086089
3
8
126969175492717125
2
6
10
2
131467070061688685
74417042553515445
90555991238901568
212881041472875087
64234012777707541
1
7
48834616764475015
92943253383885910
6
3
103048850847526962
146919630912100397
110746260280887990
5
7
11
6
89426715573368474
2
88112314094362906
279995675267820512
6
6
7
3
6
9
228374615846899549
7
547399666018238460
5
132946690557397138
315727200104574196
176696277698163576
14
1
428422057310843641
72792938546373261
3
6
8
9
7
94837410771020169
111328908145834182
288583101276997371
6
6
4
2
7
209000588103602103
4
74813419278827116
100770909713721524
98783882357820259
108740917101835300
248856854769394060
135152686926566944
5
6
48293277634673442
5
4
5
89408489711118276
5
6
10
112014139285176715
3
959308201528900799
8
3
112836359115936162
3
4
81961092615281601
158657776734059469
263044251209544084
101510684459450658
5
117813665130720719
2
11
5
210307930879346772
2
7
7
158996803419757984
4
9
237452386772254379
256835061353358229
180881165265219035
6
3
7
7
396322543419794683
9
62578102217577812
6
123006892094628487
12
5
216587682526481540
9
3
150036425666447162
80691091101934513
8
3
7
347584282068747447
169860015983044011
245062007405238870
164513045294247628
133082995967089914
56014536606473170
152589146874670259
180742365635148698
3
73634669334116113
643375333573174129
1
15
71454478916912777
183702971205867710
4
4
70517856154863690
1
7
5
13
4
1
11
1
4
91537343173382433
1
8
324528365958126065
11
199425363343287538
136319317242051638
1
145699549708583302
113135389541609120
6
7
126298522499557602
5
6
623042274210943481
64152965530463661
7
5
7
186708286565688554
120332056351873378
282361518555834339
528352957336743557
222137628354534411
139602764764399993
87537569035345094
145406223347125541
254934771957782462
4
3
102761880728926213
99102520091175583
142447753293822394
7
7
106911198161408899
5
1
317971423391099600
66512953267784576
8
6
169636919167539420
2
8
104347548361158131
6
138580958899301942
9
321942692256728565
141941347403481020
7
2
5
5
292348657879983967
131238778556809185
87934091944250570
10
9
7
1
143547591036818419
80537260855820240
442852569792830964
5
5
184338284785263580
6
194791911997278334
8
38522487960951825
84662207550506444
5
6
5
197613052664670327
5
1
205795854947573371
3
6
4
295169519544975477
7
9
8
6
5
3
256310914669176663
6
4
6
3
191064476603892544
4
5
6
4
221230773725203049
101771326752250759
345540025893277805
126875605730209757
14
100309940338923015
6
38816966712340148
3
149131334981652682
7
2
10
4
10
57612603214691217
4
8
5
5
137302156506125964
7
7
3
41018641289928426
227828219177092349
3
4
1
8
8
10
4
6
5
5
125053871027589988
7
5
196234678195406103
6
226090153518422773
182296386660465730
951167687666778964
8
1
66475294236087347
4
3
3
116010339292989114
3
1
13
5
11
9
11139440188718219
421619542463779
1
168201154574668688
84524940658418116
1
149528290817033679
5
185614213970553049
1
5
189400699772653976
146807726125156882
260996391591911005
114286680782834626
5
104125358026707682
85813114362232070
5
2
5
83369930670568146
440128308909512917
5
6
70857608789999751
9
8
9
92003828556742205
8
8
398818884776049578
150204974437303598
95985652324708993
3
680556726600847359
8
323693575919694622
6
272880243597632331
4
314971233655782081
261932527123323285
7
96525149169231194
156409545225652530
7
7
7
7
5
290979902244319788
131257805492738343
3
63238101563459479
141338332103661091
37604763328491243
5
865232489120311754
6
5
13
12
132129986040758375
126484880753534684
5
78670403160418064
174889200119266981
3
3
3
8
87763141209473985
225384923885521236
415982799584052531
4
6
97148529436981344
5
7
6
3
93252462418543360
10
179270809771656410
5
1
5
1
145349211515238134
6
2
111636437219997582
6
360235115206371606
3
999999999999999995
7
7
200544184425758207
170188881421319992
9
146874211121754177
120664308693069221
3
62305170180476833
156013620671089370
162042430840660483
6
1
5
220327482661360622
7
9
129002974821620046
206311992593437465
93309348387479874
2
215352736649771599
102318767267225795
83896607766007441
4
2
4
1
294314630171854863
7
1
115173123014578810
165093593601963123
3
5
46999617835849337
297499213601567741
4
192695068732041436
86759784496949405
135492523167051997
490393735909129480
5
491449674331482758
201338494505632492
61051407619812458
135640662994540763
6
61505154592440043
73775064974939075
261959723443941447
92597642802691636
4
8
9
57404837281738027
136857595414572634
2
2
3
318018620116992185
133341472344069691
3
153360460298196939
196782036322060186
2
2
531359837714461528
85761958459167107
204067968457224969
132416109199061501
3
98295191553067278
153588570268624348
192392768127398622
187684135348381950
137895620852390102
78753316714766677
11
4
11
55534840243391832
503129078264071107
3
538303317769951909
9
4
3
64215056798884899
378575827092712979
9
150010515834835652
102637487736273179
238556394909128226
105535201288372906
3
66765711097495082
131238413641111324
107605230582583612
8
153449719974698647
3
182714063607274769
8
70949538558281848
4
1
1
2
73513851112126414
78410185182886415
85727062227034365
2
6
6
5
267836368340929079
39092619760456709
179910459796376636
2
7
114520561767189065
78155314548836316
183766199270264186
5
200492060234111465
8
109475952699289556
3
2
9
74429686214744118
5
318946727677567891
166915673961478859
7
9
8
4
7
5
216161266057088796
4
8
2
82402912864070756
6
56966679722317287
71955434273147547
5
369022065033793092
236804568614659666
45386539735619477
6
199251180841539142
41210661113998479
6
46494493649796231
106778062510283860
131127949627860180
166451028063587146
881481713276227756
96129122759856879
135739592806224015
6
98167368671708107
6
1
120338820356037809
187932637625824623
107035114134801595
93645097214211591
127297007506969035
11
322569938252808882
9
5
168108736746682110
636535335951142876
76692145300946967
8
103924755185840125
5
2
9
4
1
6
59780045421748826
3
234391451856867697
6
6
6
9
7
43823297612188056
212645867672428673
1
84351130487473388
4
1
98912930767083478
2
9
7
101274888771012445
9
65602438844115149
6
6
8
5
289766355325170370
354661237407205219
129430380744257096
176801970795280285
6
6
1
55593033007867294
2
93479760273992913
5
120876427862612162
94822927937147681
1
107082504615268930
2
110881405656362020
10
89735395568779836
4
9
9
9366222155365175
6
100242179729439775
165004971592205243
706419337028668744
120877664221759802
174122639381410316
128635688705262461
8
158467813558672098
5
129593427146752135
140765204606743005
521522145232933914
119149935923397120
7
3
68060445015063374
100561834435885430
2
7
6
101832080426623243
9
31753106846875589
76211865659481262
252501068081302243
213918547917483432
282991217593976937
8
5
1
6
96135668078085811
249068601449384210
179895975850086408
5
6
5
5
4
7
514401302208148892
7
4
5
1
1
371245416077045079
160849103679911469
1000000000000000000
150355317439095572
7
125578327482171701
52383235105295088
6
5
5
7
174953983066211576
7
5
87982917614950013
101120849021227426
128124025931042273
4
8
3
4
338370322178828197
10
5
1
8
1
4
133491174291536151
43559221341197373
97849751870820573
6
6
93003897655276942
8
9
212502840694691241
4
86224493437944456
3
153183640922918111
146516748706126040
110786512073915405
5
4
6
24468748722564703
4
175932582033621755
999999999999999997
5
131194886384756495
6
164740329089646279
10
9
6
3
10
2
9
110563674190001234
113289518801250860
10
6
9
101413145075778612
60188148475970393
5
129497433654409659
4
11
5
6
5
2
3
7331300197674786
158506667027720251
9
139274977857860402
147896757296875543
122808692015727626
8
7
4
101641539534220855
193266541404548020
190713049447818170
119662000839635563
10
41252912882026850
123697379492558048
4
5
217031095314319276
63292948823024825
7
8
721873157187443713
2
5
7
11
7
7
154120539114510753
590705794169988449
11
12
6
1
364313517050733689
2
6
209498902431195391
8
8
164128568832796922
956540807873440363
64277709072330221
90138279700257642
1
5
141188572234349104
3
64558424477288200
9
68671937984767234
195252300075110313
109195040275986197
101111573802860521
6
8
8
88433056819389455
3
12
7
142573704070143624
1
1
534034521804987955
6
4
3
4
4
6
228944735792416729
7
3
5
6
12
194662818342306434
5
220713921693224069
493349881004346811
4
67711077487109213
5
7
173604139653445384
580867530341579380
8
160775381178240009
100027877430766218
7
187666877219333337
78876904768334875
105968099455679968
12
4
7
99576157469689505
5
3
17
260727489468942647
46917080575133292
5
162215088993727531
263310894077486293
5
7
2
86056395133572196
3
8
3
119135771357087803
125902301889110955
148892376284176448
125614066150380197
1
118276678984017593
256834850529065510
563536750185592866
6
82063803539330437
7322522013913479
10
6
135369376754729971
8
126373882149182965
6
7
3
72597232830473696
195417729728999664
9
9
5
8
5
6
8
5
149210400536748474
3
12
141310636763159124
836229314228995365
4
6
120954677791920625
293724509975901818
7
4
84720464017526379
4
2
123800845858757440
173895764354334141
7
182505413843964613
71319108426223221
5
225017280275469367
6
95454274402601748
12
6
6
13
447349651500003157
4
247837278286946089
219655389429473097
304752468080756981
7
236420138936874370
122292047527560392
73943471569846566
82602362611372861
214612168208848364
173137724899061024
111567647951187528
95309733574983829
109946741430339060
7
7
2
102785200105540510
139160359603598833
125383860338133218
5
8
115806738521211230
6
6
69467363324002735
437860044961731419
93297204999252799
9
166161553215972395
5
3
1000000000000000001
6
6
3
129229609157948986
82597324620300763
157355204581584026
3
5
151627143861755418
206614051808640586
12
83771668674578241
375507006011450283
6
69828719283401615
88029696967484261
7
10
3
6
860460732511595424
112669140185491387
102431720222906701
8
4
161544746871925182
5
13
3
4
1
133367961585368509
4
171554270151898798
5
8
8
8
212558322199436478
4
65136233777446384
74341449681754905
13
136053725010165177
246943021919240820
6
154083246569205607
3
3
9
4
3
527446031644185056
208912147311691649
4
159208870800773155
7
3
1
152481656195978702
6
57056277196731638
1
119950535873287449
158369431172027840
8
3
8
274951785516813758
4
40828635767560397
179771288161717431
6
257676890469805311
100034361603343834
69291272645971364
2
314732846282339951
186677054315121740
108267872105143880
7
3
4
4
123426171813437889
6
5
8
176410086197049495
2
1
148712507925885537
3
465130137974327256
102534016501810855
4
234002885125631805
171110131131711366
57180018523727886
9
6
67103055756543877
94002295662098959
199251376872125876
6
4
5
11
7
134330629900314125
483161022854809907
6
4
3
152311355639927347
6
4
348855873189001733
148147437161929016
6
7
68216740518560236
95359660484005672
10
3
108791302887814022
142785859869696650
7
7
8
3
198019884682917572
85676128139610735
5
90452610630127557
6
6
96741324001019319
6
283923697309508319
15862582900921871
102212818291581936
5
142783249127885855
76742877568358009
130101793237025151
6
99443208603201203
6
4
143575545647773041
3
79954464261631605
5
3
83766654828733006
693542999173890533
134260731636763057
141396916853352574
7
6
214064945550585899
4
176107700403420562
10
4
465601862524075693
69059845337950910
310135611908236752
104178672305404843
176729737421970129
85135900221175861
5
4
4
6
342793330279950695
9
93180132159221000
3
95353104541971267
137615237888535444
70059570622846865
12
3
109351154005922446
232945149643352180
182027604393148209
3
4
177482924204326053
4
4
5
6
4
238877774226459080
84811266111852852
2
3
6
6
10
100031139830607315
9
54466467595263594
108524577533426635
131102772251771234
8
4
3
4
35821406534443226
84232990453008062
262173213575208433
3
78744438159485483
82548360690225601
75412737890308369
1
7
76826792229132482
130658431072961516
5
4
130117440008450987
397765814984502784
132598859061479402
4
359925013678332876
7
5
4
112805921662559461
2
183886618897090438
27707412421809267
18
3
310765325929595884
9
103068015934915528
7
13
4
10
109330589462336902
7
7
5
5
79359351725350244
3
2
77014012150508012
101441185832835042
66303189640624844
3
6
3
7
7
4
254354847382777529
3
1
109498960113593697
10
5
300623328433232002
40047585341586857
10
5
8
143498484012799892
5
165773599745249152
5
7
171314275283951988
433270042388389405
152109865087893143
12
12
9
66711539954798897
368956819787388805
99177159350222493
57448245348671432
77611849471520492
92145368131502640
2
183057368455914991
2
5
140811682767136524
9
6
5
7
386327443388138434
161219128232834465
6
96365139903154128
4
132099964346422243
232709061522060287
7
14
4
99089706458320430
322226949657845944
3
241901636445881871
7
78470665682769766
190980349736440608
373345966667328230
115411493349560819
7
123786552467816882
148336266094731201
83210916652495965
5
222158023868568871
44730029475298837
10
4
61347378157577722
117997276416342570
7
1
4
9
6
8
38826010338517144
176168984735892365
8
64943058511083986
99536711218593493
6
408794488342881469
4
5
151863883200493382
7
655544506025254019
118720560971531483
102441349610370884
10
25343695981958201
108322443054718941
3
117923950098574203
60672778164293398
5
61513278636834140
1
999999999999999994
113681965786667815
6
10
2
6
183400347240364243
82710583445653394
201546006707273436
5
1
98931951376985825
149530527354444398
5
362053907037474144
4
75003024984006282
118174318727194745
126127805354270675
113520316399820955
7
7
351275615112109572
6
134360126149047081
4
177295492987915186
237950194132706491
7
181911016745524427
142653211285833074
126667153700522214
4
130914025842607817
10
6
90182170162442976
111057694973591968
321533908910000591
6
175939405701784703
43415275002476477
70428529398424943
149377431486351670
1
5
131419097799187621
107641781385567896
61954694501223588
7
237570691737378003
4
5
13
6
3
4
96131038404299795
10
120542578738250134
5
100886452638825940
38366687558646284
10
7
11
7
4
75629533708222537
1
122206808032063181
252073587398324558
3
97861474447203860
3
3
2
96206846589413661
3
81399322502185768
42840044998655862
5
10
113278812823812215
59227430036801850
3
5
3
5
86256461701860981
7
95947838996165118
3
9
9
623534678221237317
181704462956627484
13
4
10
105251150793111261
253073044998235788
3
64144505501129794
349885848993121588
2
266039645544891993
5
222580305878268349
201118115776942976
4
100969964614197564
1
6
39267181819505971
8
6
178236996988826637
47654328682565110
5
7
4
210917937825907748
6
7
19514605787997330
285265915981505751
99801015596935036
6
3
92251178212673901
7
83470515917495790
6
6
64757266533153277
227664144562381899
7
58479684000998007
135988384648714507
6
8
11
8
127984988950269215
59681653629266301
61634898435190459
7
8
5
107916806429935318
107542428173181584
6
96161427393204313
5
506387378661928406
106425713809145978
7
3
100542418573967000
84449108482320402
7
3
3
102375563937187327
357077037072353390
2
7
7
76666141853601550
3
479453588742287906
119176328493218589
4
98770804965491345
6
8
6
6
999999999999999993
153887074981679966
69851726003434156
6
4
5
141401094712488564
4
240330872862044407
4
2
1
11
438468273462861698
129277912835973390
7
1
7
3
194293729053855511
3
4
5
141921769288142085
4
9
6
7
72466113453520318
5
999999999999999996
1
11
84963063940145711
8
97786103166039295
42635762667061046
6
11
7
6
82720184664616492
198466591472200009
4
1
1
13
23916442430714841
444429313166192116
5
7
6
5
75197817430872179
254715228104939510
97022116444264689
215660562257344854
6
282124366961009090
159224815510803640
1
3
2
5
10
12
277069308928150050
66959865191064504
178044378475924062
6
5
96130905424860336
6
133631587579328435
3
126358255707108394
6
6
6
99695641634544221
93761333219188697
5
15
178464174346907480
6
139684479690463136
11
8
130271377978916822
665003263295435263
165121292331314296
4
248179429247250738
8
5
5
223926140940723448
79828558248533809
174448511486658872
5
6
8
2
147004965546957058
4
4
11
1
9
1
81213023795083253
114091925492225738
394669499596706881
9
345891773451932875
7
70548431251172553
7
219049109002583277
6
6
177035075479012341
2
149816353684140526
2
5
98449827103326365
4
6
111529956970988177
1
5
6
6
64819832627043452
122566616680537760
61084463150341020
7
5
7
2
5
1
2
10
4
155913077060051624
118645229003224932
5
7
10
40264080574157387
10
41392688219010607
5
210512099513012673
716358066649001035
4
7
173331400517752305
7
1
183912340560199193
10
178299614096821336
228762626328960815
3
43002068204283270
232293280211546555
4
2
201338142290551567
71714523306966856
6
98839383965302151
183827342790308304
198832433638249533
12
5
58672893611439722
205128730545017555
13
5
6
4
10
1
4
21704320953386631
121281764667982559
58433095619866127
88560069377185116
110938406162589883
4
145764406932096525
219277897539468569
457949132010648250
118825913396559519
4
3
3
5
1
342133623270837649
139675264298149500
3
5
4
4
4
9
10
11
67038881055534138
20831841812925522
119769838490514115
4
5
155641073837379683
3
61134034652760467
284286383118940148
69609207764351098
157411925927357266
108143942117520510
1
2
5
6
402069451320814188
65423295140939435
86196537513465193
38441363037473709
9
135816963724158338
147908413382685873
9
5
3
3
9
2
4
7
5
4
173013558221124488
2
2
46603139434923023
9
179060999662377973
430674101275967146
8
6
6
77389003444732290
90443398420619845
3
68504140045353989
97334285656331674
553659067575169903
7
591520577546609003
4
6
9
83736052289569822
4
7
112888573708984797
256122817400525292
4
84282698109526211
1
7
6
6
3
119560659314740765
489632311228719183
106424346655779570
92675160211022824
124535392126471052
380569516654280864
221467035920646419
67813018820235562
71985624785518475
208171458069795140
10
3
21
140252562786203465
9
7
222616840504924456
318201783194647596
12
6
6
3
354365238111110774
74279571101219335
96739535853104558
73287421678343391
86212042951410765
91710057778594945
5
287099149014287838
5
1
8
1
6
8
101131400980865355
130361420225773929
123157738031896003
4
139176680297217381
3
6
7
229632411722528839
92137475113719502
66578906894183592
7
131379194137729064
1
9
12
81575931192860827
7
224130170368056185
369193850162197675
120373256165995614
5
12
1
6
820576875083774622
9
222596742461369707
77739666208178641
167069214166925310
84208098885668806
294947011238099394
268123521602270459
6
224009568517136245
3
4
6
191208458290770444
214553993708159839
184423035692192508
5
6
8
5
5
1
86864867791284016
78132289728165184
7
76791016016074186
161931952974598594
278653436276581940
194399530393144658
3
371786473495148965
81487029134265845
3
63812869999492182
6
9
10997453270382929
6
7
48096466666499902
78719605845968256
102632684981706624
6
475373783557506595
22530958449927899
81536796965037236
5
88301237883317787
222561831152628742
7
8
5
7
5
92981940023416859
1
1
8
8
193402948333042466
69384132708697892
76453864134557673
460494422361360795
244843352369663547
32666126198467344
131385500861042426
7
121248380730612896
112475508207520933
259191907885880186
5
3
6
68866852559463065
146907276029831542
2
7
96659234141550812
10
86891180084869258
6
8
147428262680770005
595271613045025170
380912813538942482
37083151760839482
9
305517403565680876
3
189591873914490249
9
2
188420958449076620
3
608472368967433471
3
74590652368006234
4
498842929731696492
12
3
19234672309280016
81436848457376347
75426153497669626
299209607205134761
10
182197363981081533
98485456235946830
13
5
2
228361111870693410
3
1
4
112743798164754284
6
280519144106095710
81023182135953612
3
5
3
55600589055720957
5
173101253112517421
113816967276898538
3
216101431260241757
3
9
134920914809458080
4
8
4
1
4
9
7
28044432849667243
1
14
89221766717413777
7
105747451744595003
5
2
4
8
185548634829340783
768638593690717251
86346576516713283
53459686154003857
5
1000000000000000001
9
5
314015478464625584
166501900162399118
444269587782086626
1
60598634837690952
5
1
158989641790334319
158686146599792678
3
5
127613771954895274
7
6
63443191546148308
766973650839946451
100056681283776751
566522804523453029
2
4
2
6
133207349686664587
11
7
14
59853679502926239
6
148564967591971815
12
133462973258101896
91690479104323295
1
2
6
422708755284742178
1
6
8
248885807165001633
151169750091917219
3
1
263482943170524235
4
7
227117089781755086
944443643669563658
6
158595317047611917
83426689434490360
234588704497298862
324914290858496039
231940660402350147
60969968556275299
1
3
6
124435185276168233
6
3
6
7
71909831646441630
192055662275484709
284461221425401989
13
512180404341930149
64589748313676473
7
6
4
5
3
202174422852972867
4
3
212980028201711066
79100323927104547
143001061877894190
201144150053839075
6
256299386081189008
6
10
1
129622229837398384
108771180100749879
129638827282336172
147378559983597391
6
82590353951267692
99435444254372272
136249744321541976
138236536922954219
7
125185935857472852
8
216839243055941890
12
10
5
10
104076345557525592
6
6
120992044311969522
80765652918099564
6
8
3
18
4
6
217808812913702231
4
1
7
5
9
2
7
6
8
6
45209541572300028
5
15
10
5
2
3
75815772402772776
179048392566684884
16
4
5
6
4
10
182044010520557017
367827295424299028
12
8
5
104313214887127491
171906573812046229
6
8
2
79909250583949558
3
2
115547890299723566
48596453718657663
222945914553730016
71458263523778578
7
8
130295780520354276
344889509370444682
6
10
778926884478203785
5
118868546303062344
7
98453058626596515
8
199471376904296975
9
6
377543231596842811
52506480550369616
4
7
10
101254606153168502
12
9
5
6
98560192432885021
6
123505398227386283
42877492007343332
8
152751225930597588
113125844643693785
90291521694237497
1
78241173923850809
107405605872338229
239296401454506540
2
167324419464232656
5
172921359406012488
7
367355607123441635
265151234673689859
78650246977148411
6
7
2
123455132075877186
428343735693855225
469585698960401739
577479709760371957
103610817769361147
10
512067852515612158
11
61001578108098738
476791118171775773
6
290626886304830641
5
1
223335359177297282
31720413937814906
7
182602423094694583
101716374631665105
271403376104397797
11
5
81969121241252527
6
177590361170038391
108386791251012318
5
145506879291323474
4
239368219927955879
7
5
305293721881609157
151801168385666568
86983233291859582
9
6
342165103673172822
5
4
116138484815832314
142750503970703837
10
62531422140366476
5
7
119730107383010882
15
104990230456250025
4
8
128634593353600114
64100841765819011
164821220341681820
188871891959347756
5
3
5
7
74969486934878073
6
4
172230790309425072
5
4
59784374157708895
183599117115904791
5
122952990972582454
2
78717344730532369
229448020955159972
4
5
1
193275818715384833
3
6
151204561945275710
4
7
3
101926164023803305
10
10
181093873608337377
4
142382356477490489
8
1
187520996484652583
6
212650030539132804
56609614898118939
3
54005373132474380
253454938751078156
7
10
3
825672806551366662
378240781935068292
3
3
12
6
214921481224965225
1
9
2
7
5
5
999999999999999996
5
3
185210297508762641
152469454071690471
99406871610566573
67129691840352450
999999999999999994
208319689589668981
9
6
172467007258456279
7
627140747204397900
11
261490755196585897
7
99252748503051330
401569853035360292
85990785328186419
8
3
4
5
89078268253463668
5
224825661127625374
3
101763449519010038
2
95045669067352803
96506527445039734
4
141982913286700423
1
1
202110973837326243
5
95296894056500640
59251604650395925
6
2
82795941172334992
6
109563661842274119
64348567740700419
9
104778018828842327
4
12
6
53295351713407753
96824459021206721
70618875314416303
108209583951683776
6
9
7
5
4
2
9
8
112354781319377160
3
4
2
163986023302588720
999999999999999996
6
5
224004196807479305
105262134761861817
351871761626529675
4
3
5
12
192827377998764076
112764071370404213
658196270710489861
66650879212777800
3
396185603158966449
214709504866836112
134634938728811925
6
56900725193432733
173760528722806746
214570193336617628
212927589626924372
4
2
6
14
10
146615409914782827
273504064406171989
5
10
79006066827752203
5
5
7
116341677183753978
110517976852058812
69904695885971644
5
133247184347485323
306564623847550262
136235438010611635
159457345107653348
469229561781985883
274956075296670855
8
3
372300866469841314
5
6
131826783605844799
144023937455397479
40215383175550957
9
7
14275008456294189
5
5
194181662976223744
143257280080963306
73251593645942613
8
3
2
181778645046996194
110477788811787993
5
124444173023214193
4
5
262313717135944652
180760255782878595
5
140554727714173017
1
210394867576861417
3
6
6
8
285886237758130840
89682974120436925
6
5
448773326448401030
108339197817603080
87724627579482798
1
111059655471028084
1
6
572050462409352753
196109099256696099
228819136880924903
80534480482451604
137630276716583281
999999999999999993
4
7
5
90407369801000784
8
10
3
1
239602497166893836
52206626112264907
3
135912410781610018
178848540419845644
375699167495438071
82671961006160799
6
5
12
255989630989701133
5
126470731786626923
11
272506783484654048
88743344636028703
3
287359340165895040
5
3
4
7
103479627386305415
206411679550560947
198403833018555352
3
5
76009024416049383
116694737569074986
111914376650353307
33444639364596084
140833333259900718
1
175747248108267119
12
76744618005705215
92050289945253782
12
5
267549769982016935
1
121880667938473106
93861234021713472
2
7
9
264291522183388144
49982051377616996
6
16
173175581043666597
3
139174309807274516
64059507554636436
12
4
6
5
171917480213905872
189888109578476070
61805411219650030
5
7
7
246578404022558475
4
4
108761270648759590
3
3
109641633223776415
10
242115736989328400
7
214707627006991192
4
138466116971067267
132618277130104035
7
566805635925526646
83486910562504300
275811790004643946
4
5
109385223973280100
268927775299306971
92865895146278525
64151241121450798
497086753475508327
117214799837566188
102680578782182675
7
3
4
68950128634694958
145535608932689718
9
489236304860873432
7
6
35627380792694167
3
76471810129870960
10
73418148732675742
160906485530732041
146208234444409343
143636019412617135
147388645029289325
9
139070226051661078
150112284462526413
6
7
1
4
4
214964102223615222
793623414422598595
3
4
10
6
5
598961036167494316
57957780681302708
239421136865863128
7
6
197009438749312847
9
130334227929506892
6
4
77658556769741481
145513193193253159
2
168384705701352622
5
3
3
117708577171012903
3
1
122409961318421054
7
3
7
142755077595073206
54551098069792959
421521758276437206
5
63335120367859641
202663623851848460
4
3
123475390213084336
90297673041318260
6
394324525439882719
109487505447444287
6
90748301341989884
7
51339453182897774
175369174988344117
52094299067593036
156416771034150627
80296062280971163
8
483291923936106683
9
2
10
215744449204160891
3
7
93977858063533588
159373316625410038
160465149936408816
1
3
6
3
30566761478366280
177702052541039348
5
200864775952014516
5
2
159236110702817545
199272209943108914
85851898662922497
122401756732587478
3
309342496128447961
8
252282443069286121
126113432676729517
105678381802030680
136141005389055479
223592453787864515
161582797555903819
6
7
5
98833684562600002
182691003179769204
95816243029589766
275064731354907034
127848181470448781
10
7
5
5
35875198251389711
73279629476835515
5
3
5
120476746323253768
162106338849741161
65354336378122375
3
2
191611910006161224
35203496684336036
71120875899492780
7
101193130393124849
18
5
4
240298693664199747
4
3
139929968797006359
289226664216440509
7
6
10
167544869050470481
6
3
5
3
4
369304002428457365
156667395553940475
260270333538464036
5
5
8
156311752594999737
7
247956120588449969
7
136336104313820529
55769250807902647
13
142831310902495440
80281810049424838
147820151504412229
36519322329853560
96665319270591143
73032348635658174
3
201460230288027699
9
151028748394086789
257696842344467220
82868926085022056
747759882859473692
2
56506187447167239
42078874926184640
1
8
153936431239147322
5
7
92746387972447078
37625455425684475
267204241454637009
131590311381908977
4
10
104957569862654467
3
105294409472114546
10
3
230451111871701539
8
102374507798050999
91078050151630988
106469966476291875
12
3
6
41959211242145451
45178228004014503
1
2
87750185823340926
106284603128127745
3
96183566042492126
396925390562572011
3
95863737078752689
104541293709416089
6
81098257990795726
91608136046301949
10
146015132777145776
60779113917929288
183523484129677939
200001812573641758
3
190794638395179592
84880232154120770
6
8
181704874269449126
6
1
5
6
10
6
5
5
70304886350406955
132056587955435540
129682031877645300
202204764691960212
5
79186026585947010
85274557401594241
181721772029905718
5
5
7
67651775639276292
4
205305971424090942
131339298103251435
4
9
6
341999982347524832
5
104473038940891479
3
1
9
56116987246709581
114385825094709714
225085520238416862
107652111856975667
11
217326581614888133
39799917623080961
153532817260644457
121419044255414532
96176592725050253
117408071016677324
4
9
103343265913135491
8
8
6
3
7
211357818889766989
5
498591640582879011
104116007083672499
8
326252484007728129
170516428128490635
164322590694156125
154666457146353425
99763168726036410
60128362943948606
4
183669859936628095
273251365510157308
203705661554698205
3
2
10
76650332043437017
2
194660711227684767
11
4
2
193559536697837432
379714748718204657
74057057093835045
3
93998182965091756
4
81861192315583099
5
942854210948823007
8
12
7
4
710852961344285426
4
3
8
125824444138566940
3
4
113064690395776509
344302390830201084
178477503282247857
5
1
406748031605323333
103844622575588080
147016602847478603
115995175200062289
4
3
4
598421712885106464
3
44116009124326455
6
232332916981450431
6
7
862260147560689682
8
115845246734026423
6
1
7
267458932607485522
3
1
232260263719538381
94481750534307694
77518666052028334
137668304444732752
287790183422085329
3
792803187950533065
660161492316644719
3
74905143259769726
7
12
3
110146717584252435
7
8
34134922512772609
404985482360620618
133889571044816460
88291090555202170
214515234398953594
59950517434438231
7
3
314206002266826149
160636337366235784
4
72451058443591975
324365635501292355
59003960164381420
4
7
11
228330401378334170
126371272528058238
338658566696704195
150630939194113583
3
187936231355909893
279385894059560178
12
46227846703744524
4
1
4
4
8
4
98718668833482866
2
1
70140042178253330
8
5
190608201075634811
6
185210531725205119
27088559789906777
192163533038535835
6
153609193222209808
97687355604032456
345391451338193692
8
1
43408054623459301
12
77553541808830841
174656367043012159
386524627190995381
7
6
373972831396808030
151786776809332055
146561076552810891
118441668408107016
123871991373919087
5
2
77117421129910521
121571199784209972
156433833650824641
5
2
112639334369430904
5
1831871691000818
122098667406427858
114529586556366554
81435939467954101
96354535664393353
123723163522462476
4
325469030091638337
6
6
117672482676726356
234047159692323280
6
105688281906655713
10
2
104469887677412003
337328352819357331
3
110404516388591486
6
10
101293967138296056
165914434429915637
8
126272900479962785
63108578214155045
176489071789195268
999999999999999997
5
180081446927008793
26846436422454920
8
113412626831233952
259681469042728981
6
414198055962309648
267244170964337220
163819835551563304
2
6
292102700680971036
588404527466818294
8
115145427030680061
77975005462065151
5
3
114267939941591183
69571446798448510
12
47672973781455644
122646693748242841
10
147485335648193320
74210801711867555
1
14
6
7
227442021600825619
107711781628426265
4
128323319286487898
4
39007078682759338
263877677590886688
317872382011665738
7
5
102339609458827917
6
5
6
6
59988692716005207
12
76106108686515334
6
112611590317786046
77909495350598211
4
6
4
7
312693991332636251
307440231936015282
12
13
114406740082848033
10
8
115376518226968616
6
3
7
7
8
128978637809997220
4
14
6
52923000952791298
102375049110062637
70370030737559177
5
115778773048203393
129911591576068443
360172147907887132
3
378400300541496944
43346577949899161
52283349644772122
7
55469233375502821
85630270464545931
2
320553723270035984
163396536247290943
68872844645170371
223244067129710548
126427396669427463
7
147050600586596738
1
7
102481459847336428
77473302905090159
133890686041676186
63919231592285992
177322053316547966
1000000000000000001
201424917391051094
11
11
5
137749974947931911
3
7
71630037090854600
431954684543610895
105705923607633269
3
11
55821840096226949
2
85045141960806131
6
7
6
1
149542445906526248
7
95238890782816376
393826971908715468
14
143509450535298131
58535830122812182
1
99873177385505928
67409248519231978
181248950665423752
76060890065127030
220143271543612438
178254063430433722
81154864270856251
101453245505219411
6
249286029783737198
460472902612625864
5
4
62608773742509540
124770578086171989
5
5
14
19180663671501082
18
117128774091404718
287592818110530704
715851542689326568
9
11
76081246589812340
1
2
9
97686509898019804
4
4
130280706998561747
4
3
54010532929884010
733372577442065297
5
8
5
5
5
758583286582357784
415964287203705279
205185046781656690
10
158778005730486750
96403468590819749
8
71099217384358294
158675886897707328
3
128932106248823101
6
162796976387712809
7
14
7
7
779625803669888521
102232171200427959
49930108503176014
4
123785836001382457
84650618233879549
107871079401993719
93181759778374495
216843392773024425
8
6
162257196447603364
5
6
76263661271225456
97118923671389553
8
166461356100693144
68523866726829595
4
5
8
74171127889369331
176788670735334644
3
90925644113092060
94971741411242114
193898774746764507
8
125927016665017336
93693543436892773
108645943812908414
5
188228734220156460
1
106807842890870738
51148140962886709
94745791280924739
87329871811629723
105269016528828613
9
87628902479784490
4
314967869796008450
7
94204612709011681
5
240455826185567647
3
63034006015151829
77956871335902176
604855212419821947
4
1
91720421645968795
159296539039126051
3
475721788920427689
5
6
40628864845248836
13
163904236142027253
126289433791837558
152817802664655905
6
7
1
179097911938418654
755450227562142819
9
6
9
7
26029301809003851
6
3
162765389308450479
8
186522782659169823
152016260926011903
2
4
6
8
11
4
10
228181750493618175
690783484575970913
109670638700042069
72194170059100350
28912416484252530
248977878343493769
6
4
5
5
3
250343018617448484
4
76898315453481728
3
4
11
61532412459006690
5
109779903965847539
4
8
459544787383674793
3
117266503264974848
4
161838733941179021
5
4
6
9
5
134856234069310887
4
5
3
4
141089912494337218
248501863113188382
106114100207065579
7
132929721092289197
2
93731068485218656
439448978186538988
12
293754479020282112
82659499801189819
365792651462809641
4
125011960119024979
1
7
175552426730057842
158513263836016048
13
9
140271412081284388
126792319120636077
2
5
1000000000000000000
152979127720561901
506847648730315831
360188494404155956
31497435856766991
236405591827541908
6
353185199821427516
4
135437934994595092
112707790834134797
7
8
141941525139423781
268886818654380249
155569286433156660
85965075557561463
6
137882353872897644
116678702213786992
3
1
204045330909840281
5
6
54163782745138680
686834778027856424
56211475766619757
5
2
4
9
135284091936314623
5
102867326387287455
117463981378382343
7
49977652405495943
74385493772929972
60931584940650047
11
9
238993248471047608
2
69686689050477501
10
143313724708224287
5
120559324397732123
5
642792829707331519
75620134993550065
250016443267283153
4
11
5
9
94481044017174466
3
75092256571278038
4
9
6
9
150859394105497807
3
103356028113452227
45607073283057890
110382247029778376
1
104966818625282004
130603594879183689
8
158811179259109255
8
214283156414288057
99828537661062842
9
74825489541389475
49785786587210321
9
13284468482121421
1
4
95610760810862812
12
193612682835202254
6
5
4
90085593663526046
4
8
2
366174269015276956
196177868523825954
6
2
4
130047132775871945
32248313508122699
1
6
61971261982995304
108451101612279884
5
228229216279877817
2
4
5
217390536100708996
8
155792934963825185
80097903247605029
7
244750241202422984
2
3
6
117098979069147655
109897092790021205
6
6
132726088077761509
31271160199322807
88878205392338503
144103859665823021
5
212613982810288342
5
141795676885947634
286387992012379245
6
93750434237675537
6
5
58753507182638798
62670063818595699
3
5
3
4
42100345122868178
8
282337304301549274
4
167880572785496582
460094181694742149
83720671885065484
6
124708771898959381
1
3
9
103379903550977247
6
3
8
5
50032593652324566
125273617692115404
71639691912428068
6
4
41825521137556602
82844979948512808
94403597003816323
3
124500311805612593
46969331320523401
79678711246621857
1
4
110760658653843390
4
6
5
7
5
166354202655615678
999999999999999997
216281516714786488
3
119256989221822785
589733637498898185
118935250282705646
1
108767239283746065
7
12
1
1
6
9
7
253839250350870650
3
3
5
6
10
264298219698600679
99943941382314561
8
86236447363599917
9
1
9
3
999999999999999998
150465054701304266
120558296101541310
6
137058316891815489
2
8
225229494093355347
128133314980146324
371628758521241810
3
98781809237345301
4
135010197279646638
198740793803061481
87617142176935875
7
3
188896877030050161
6
186110674204153841
157372602985998392
3
112797348717583273
174494844762298501
9
8
620299366378839811
132937389986270929
159914847784800877
1000000000000000000
2
5
3
83556379201906736
1
32278574301781157
105022116907100371
7
224929709193601719
5
677001837574747128
7
3
98337316015804986
2
6
99076982521443587
3
86243565251552487
122546982807486534
4
6
58480675986482029
140165688130745439
72090818808162682
91868116468298749
318190923368571542
10
1
5
3
6
9
1
5
6
5
7
5
6
423359911089949119
191615030246726494
5
9
8
85081289833173790
168588430247862275
4
3
7
6
129659958525339464
224698454487584186
5
73018877442861790
305643732082255424
165650515045851265
73624697981934988
7
4
4
6
96872070966150333
104928410087665324
78523362157414525
268474594267934710
2
6
6
94487667199695110
6
275402508171974201
156086038150320767
95187431736862931
13
87075754313776001
231530517605514333
2
3
85416843761055067
4
5
4
8
151808552745925545
4
16
9
6
7
5
2
11
6
3
6
307927539775455593
195639413493689125
6
156995438584218285
241373793729943539
10
6
756054686927188858
38272765033234385
1
4
92443326050803172
27224135820101435
100797855878682935
3
3
1
412380870528936926
8
361463678341328440
131242367178591195
129248807075151387
160265862620641475
77797285877943885
132524486579964893
240756467548594587
999999999999999997
57881573853836546
6
7
32755465341634632
143711336375550114
8
6
104356998663967896
149861706201917591
3
134228249598272208
168180654401223772
8
43844453302858610
4
5
7
5
4
177915489079735457
7
1
7
333641214492243488
5
7
10
96395395564799309
105149380864359324
1
4
66884027056766784
4
14
79439962096604392
66605575276600245
3
74409313366640086
9
102452867101185878
4
9
7
109551575677548005
8
1
11
3
261554880951423454
3
111244128146446503
135805869880557739
94211812330863890
7
3
3
8
6
5
4
317458977030752779
4
19
14
364353888985092301
10
9
2
109447188110987752
104185629910714656
3
168210936990882782
12
14
2
222258977860970065
358196660097323746
3
178827604320189462
3
57318400714964180
7
223040610300951279
3
130877821606826588
10
94263370547406262
4
749265756228325428
336282352073014425
1
164631912657077918
4
71971675924841820
156899460910293227
5
9
121398041435139768
4
4
147246887361238321
89750524889307798
13
55422248255187482
1
98018489089200230
8
4
2
142354633760341141
67826125212148163
151870112691777369
3
71689663326353092
11
1
1
8
6
46233104475652499
1000000000000000000
2
407536863295438861
4
6
7
324250555764883226
86116386188367267
272239199612353749
233234431531845752
296523781103958405
115217888698440907
55830207985731826
131939449182317488
265665837094984513
163677871215681425
51416839973783788
98002270951478846
98470714064099150
6
3
78063166279325428
5
85951710734404943
5
4
5
3
109156940151922347
204415699337725931
10
8
7
133583570343077877
5
106108872054909462
1
7
90914510332666098
69025919446725927
546143230745411466
127728779936163479
67621910929839638
7
194504624000726338
99793724482893281
95708625501552062
3
4
140224765538179993
10
8
131606673919011657
155625497354482161
6
189415018489688925
9
251935055351093883
4
4
338489595459423449
66296662371128549
9
3
140315947281576416
213448700834851604
111858392959805521
5
4
499925989604023410
377606327845639133
60634760377240819
138535210747230515
4
156136292761197310
9
9
127168855390310874
82475068709923895
423060238136640005
6
1
75998602686127141
82891190954303763
232526302446315388
252432230867310415
126352969365990970
6
441650281060340114
7
6
74078596704460523
90973956805339559
9
110696387197982271
4
4
3
8
8
9
4
14
6
5
78805243313846506
140912975042261102
1
9
1
7
114526930790074284
53122389132306886
8
168814341457705020
115066499933306454
61263122333664052
170178812940452907
14
166757154038875376
97986808157023784
6
203164643315358767
6
112191078852234508
91930791675427431
1
58037350152829607
7
5
144750293139859309
146440441049496610
7
2
6
8
6
11
5
6
6
433421411807876541
6
68286819073341929
208627301278280925
134632335234466395
86824465505981263
3
1
9
15
11
245265778477235666
188954083570793723
170698096060142789
326866115235461777
11
6
5
5
44505636301099205
75103221798219650
182780941223382911
3
6
117270836345218569
367792079593845647
137640524624700587
143930878178592269
5
9
9
6
12
5
130026078565207376
7
96579147208330769
45575316152798352
5
70965603227858361
170730020678241162
113117060697981804
1
3
205290350929924292
331645345099961946
172095465414406314
7
12
152034046367748723
6
4
142017960889156177
999999999999999995
140961812372104784
3
83710741846522328
145533322136367843
6
3
6
10
4
123485574394939720
138320468751024129
77874839799813731
213275939910651428
8
5
4
3
1
3
121402852419453840
10
247588315305822611
228782728730718292
8
9
8
3
4
6
180162147207521860
229408744789147861
179700072659465037
46432184190940354
6
12
99035881996024761
4
79185531758563458
61042138992975966
6
164373155682890209
4
4
10
96053429577459866
7
5
69486435199813872
6
5
4
7
5
13
7
999999999999999997
3
4
161283183595225418
132187114069713195
1
10
201530673234185127
9
183071807231191468
173225821882681951
138288641973622576
162280721021336289
91968092599329173
3
3
147853654075617881
9
4
52427768093170227
11
1
45549339997438046
134232660276790233
13
4
2
120585911017483960
493377634138394961
11
4
158083686144669068
3
3
7
121069075908552454
166176447697312441
7
1
636331346544229764
78028382039926711
143970785947163526
191827392656686181
11
108362715862451667
14
64163407759789016
693956309130346035
91879014157731384
3
578092254766070604
206838381062180968
9
75625941128799710
73011118644198757
92325699487025460
7
92290557333496737
1
5
51126103536911557
131987012439498126
11
35773250471610929
1
232755473872803520
9
150768675440772060
1
48549661731343090
4
46978031864853658
145447897669263590
968530182450084736
145390405179596882
163554528751916924
7
72124161930252201
281592770294477476
112569491021350812
6
7
183050784864139150
365222278567038980
4
6
6
124353807726744806
91175692596716944
3
294111753911922484
103679748643990741
3
93725473683479252
12
1
4
116143741724171195
1
10
246472790699831626
178126966589017380
9
118860286132063893
263753467111204362
111057564412801285
4
5
301641781527162189
77537138558603897
5
6
12
5
151065041585102648
99631705931495631
8
2
7
6
4
115233404520099609
272216097218790575
4
70886915636630485
103025444252236238
7
336140238452246184
131828655286765017
5
4
6
8
266112014058369827
4
7
3
7
11
193156126505415992
65999423227571072
193536097653906351
7
6
130120069264520794
1
11
61512379994268280
10
8
1
24613537456068487
5
350649637533946899
36109192796771562
9
7
5
5
1
5
5
62500222829309096
136927946407499729
13
3
145519342728326873
10
4
3
5
66363248654681441
412568613846056797
6
10
96549766823641945
3
3
147500867278322545
854048544957848394
3
3
438956955571698259
98162343596412101
7
233347122146194146
142567934274394672
1
102827337939672049
8
2
7
298706431136837339
10
12
80360352144778576
172242518110161356
190267962636143665
7
4
94327422831861881
6
999999999999999998
6
127830007219482436
7
5
125931745772203946
7
152503962343946817
7
9
256455533995383432
136354454431552024
82030862879105401
177015478037733087
1
60811255393959664
8
214554592952470109
113504842839813606
5
184244810832573617
155396737562945407
71545951724826012
4
6
9
134713884722385216
14918339646284090
384379502271432267
230964430969377574
4
2
52637843306159375
6
1
157810419118203619
69524371134273050
177445588351803254
2
145894714514893334
421930483575761327
428339524161885224
5
1000000000000000000
4
6
126552318890976411
9
3
7
70350478903885807
2
307517641515838675
304445055136198131
6
770694942617923982
101345624530131802
4
7
141244562715956392
228013880541481400
140780981834150950
138730627136647284
7
1
9
7
88381568272763897
3
5
6
8
86317049006373835
8
79180290093141432
91034102673180970
114073391923677745
1
9
6
8
73183443026762357
112143359495102110
1
99008043183293348
2
1
322418262040395055
6
8
3
10
102967542616479737
175351290275942847
60690400387508782
102457142696781932
171528383392254939
125109370771375663
175133679196712250
5
553608784572238791
226816093118025930
7
7
103136816014345732
8
99047271564950020
6
74956133300230274
10
6
9
13
78876225672204855
7
4
7
74750654364506149
1
6
1
9
10
103203793723587954
5
4
199690097008698191
49378156302750633
7
83726284757757815
9
3
6
2
5
5
269168514038768793
6
4
4
397748234424872031
7
126209109697007674
212836897499802302
54933072626073660
5
258693214341108805
5
92686373571712350
8
86195233384191242
8
2
1
3
3
56877884020511489
200338304361739827
11
308410755336326076
104002061385937989
152721118097277125
116090911661090074
189812882507286305
58829559053324929
95380938032335181
871530127158420450
3
269680548835496103
10
76242451589978974
5
1
106901257515973216
5
1
43904159277105803
1
8
153042070819193503
138986636851587112
2
14
299730277236920153
4
2
50021186502747198
3
7
119540339339613507
93655002351287292
1
7
2
161312078564901382
8
5
10879553265980833
192547897738567573
2
281902833150552459
157512462173892824
131363507771097171
5
112399998091099935
3
6
268565984571556832
297255719543623950
235977275547531852
302880701500316114
1
4
180597573447163935
99491039584246727
73059421157745640
169627509762883043
7
5
29404260081987134
145483605056853834
1
3
75952160012046781
7
5
390808884722056154
1
53074125892386106
145730014064389914
61821543700236800
163771102544871940
175004785237890304
5
6
6
240478800090420168
10
94625466515727829
137335442645615726
2
13
11
131867568756606664
5
90987627208726591
140385477459810667
6
811001472741695943
6
9
5
6
6
7
8
292381143618097648
9
301196297887941166
86633330890388298
5
95295879288737340
6
69727077916645432
4
106103194636690516
73542675600004078
7
64868578747254738
5
939572390613311899
73922166088936711
3
2
165835433500878678
6
206376922419130126
7
7
112262856189426059
117277552667825488
240016537422059708
3
9
175599124672778582
122755677183672332
160843480617823282
5
6
183270918944143282
131118752095331845
11
5
7
3
4
4
6
5
165046848520796995
115233569333042539
116597376202787015
49164325952447830
131239615068669125
11
95121652206644242
7
103414392179209017
120067366074983150
3
98790813587468571
12
5
4
9
84141394269124529
75532825219507246
294506506282804986
8
28546156709789170
205921839722525427
1
10
4
1
112248137138652830
82658404256378096
1
96326070389995219
87229827638155007
1
215742577431908428
61818249404919495
4
4
117314382193699729
361069843016707454
163024085740471482
117451075639925402
117911621234139561
7
143318407011301906
9
58394630453735738
89748760514247497
101252547191678341
129412411028305949
3
168592668163035109
128232947085393079
83855349137630448
7
115774723191865472
4
113214312317584949
234184670803844320
9
4
192916436384136191
6
4
86650132447063585
4
7
7
119547764664680304
66385999334149183
7
182615238975135640
9
198316938737524865
65599290903646103
7
158227056722319806
143645565745681942
7
1
4
6
90159162388890372
4
235478911926988796
6
93404563659974371
9
2
4
7
5
151353446208309674
8
18
313027056550630789
192390692121080320
207078295455167827
676768294732506015
141792901308624264
6
152104738425548200
138219333097871980
3
5
109707315073387947
253875282066735597
10
7
86692693314916238
126799634736103554
7
6
10
45855624288167006
10
8
391802954211174920
158840968645991754
4
82892457980814646
201374871316709542
245410170105370494
303614608642683995
336194322125150410
11
4
82867986427492397
6
8
243880259179800638
6
2
12
137986114526088589
2
713159398116441007
1
11
11
289968313024601017
4
9
5
4
9
167457004407998973
5
4
177033397346565619
6
4
14
3
136341433058550614
6
117566133780060975
3
695877811903110362
6
7
1
84375121979944724
3
84419005748454335
4
5
5
3
5
15
6
392991127759841212
3
118586299998138692
168250235635690562
1
1
505885934633632730
147173114922183225
5
533776645199731851
2
163570319350767195
147252344979727629
10
65476099085935479
3
321487007744034996
444518445531170879
1
4
70454799224915535
11
79636794130797337
2
132720320922306953
6
37728529213569731
9
98788928849582862
80131775349231690
125250150504305607
7
9
3
7
103376820857286977
237406227437095639
1
63287574301791247
121203386439547095
9
8
126616118113177833
4
10
6
49471282356528755
3
125137649047072664
125607436249174276
6
5
46381697750664523
77241856527708940
8
313445194511536384
87962849354766116
95864907754259579
214615261536990866
6
157410646228291937
394333484978052662
94461543533389472
359951466783811394
5
5
134277538767184738
361027350862687937
3
142021346720055623
6
12
525511142279872686
3
370023370851840381
279459748864607626
7
6
211471136435601269
45890027693325800
8
12
7
142447574051633487
6
7
9
11
15
292330968119670514
243585728888783943
13
71607917973824868
270609637417879522
370898920072800990
9
14
62519023290848252
109947483676285468
134349305315975877
8
3
89664967094284153
128305050009729568
89556725037161037
9
3
1
6
1
57431187796663856
897184412872175720
169900699449677403
251396484917935673
2
6
6
250260350005887432
4
7
136575251719129147
5
11
2
2
4
1
7
42862211172016104
203274201287785614
7
131534510772801452
2
9
9
252286343337461563
4
204962610336735449
255900060022052776
8
50811480139450954
65125610374296580
147008537842594929
7
8
79779342563253961
3
2
79358568416913174
119417728561623836
168050215102219284
7
6
6
2
4
2
5
3
112428537156803858
209217513264830007
14000069451972902
76203145333781188
237328282254032326
82272757665250676
5
8
3
51075445151208943
2
54298940032580571
7
8
1
4
11
6
14
9
5
6
4
5
179566050172059926
5
124328839101070984
5
76294220608633114
4
260325598568127524
108102949606520586
5
8
4
77877219682612614
108982782086607071
94856068101241955
723568633373950188
97660028858900635
86145200794907650
130270274257158438
3
142691718929754961
3
61177521300699778
10
116509804218457107
8
190016434495146170
79517858740572706
180385980065077929
93506657741424802
10
177587602487318513
154100542115939934
103951878317642061
3
6
5
2
6
6
270634959504034149
80331412064402934
102448549727981360
9
94450831202158135
79220492576865814
999999999999999993
1
272794013454247382
5
226212075201973881
3
144812627684580770
126329297135806646
348829835884875125
4
4
440937651804390082
7
218693761888582652
124496483954837974
6
60211535332058410
237381759934269389
7
3
9
3
7
191684662137420048
4
4
29926390675936553
129275854956597089
42579498996426097
436073877178769665
355638886114372042
1
7
93949619667553272
51202988460952868
63580551297562338
83354946844997009
5
295061549323610793
210825718476548187
5
4
5
100084629542164066
9
2
4
1
160535197917408798
9
7
176287541876366958
12
9
62024429189348738
4
52916918960629279
46129212789666049
63900668742097488
8
8
137768056038205018
6
217038255499921564
4
514685285129953352
5
6
7
4
193099674271889003
7
13
4
107267465049139722
3
77768625100807253
5
8
7
4
1
3
77585186041957337
6
3
142904257194792208
79290626975183301
128516765277841540
243118359064109647
7
4
145186262607055914
134791049624559985
3
5
170212716811269627
99539370160682514
4
114684617784931922
5
3
5
9
80844316144243252
74715511333921072
166132424441140643
8
86942012774803362
143653196736116276
71607228677196043
5
6
304746715028270537
3
102688131219933987
527032622474845058
7
5
171447620884118455
14
4
31235542708890026
56654305831390041
117146040696403815
6
11
109941045538541732
6
96004370486918875
294499706104135973
8
4
104959024464595010
8
127591961049107159
126118702325524340
463836261576932296
529641499026938421
568529157832289912
4
4
116470134184328176
105992503705133878
137778210078442825
3
515144206326741347
141064654233282792
144205940264863821
683376853005528778
150005187818706595
397100491682156703
396192940748182098
1
590882109333413991
419176549652982205
9
189479150779143301
3
4
118391705594370534
6
5
342432871659878495
7
90323957076747668
3
6
110640383533854028
13
7
403504051198928945
2
100292083673695984
4
8
1
2
1
4
3
9
5
66903282527216383
7
60634713584193767
96369070022395940
6
2
175102048727865542
8
6
60065362386910158
284707113883333111
16
137789408133057355
4
110450348458420763
4
2
8
105154013981103884
113612800930151974
6
145796476282273947
119648360343770372
8
681067399834871791
90598427391155230
82581115150163679
3
999999999999999994
112832508258842791
6
160748207558288751
6
187017963240787160
50886154242963352
4
4
186363987130352566
230992274175858218
7
161130599118105751
95781698863645073
8
137608699268247910
8
425896536731983967
5
18504496980441032
3
102058948698005478
134479760767415679
141592644541493827
184321071307437212
1
8
41448817739726202
5
420600428962508789
113356333996501436
4149964717897637
5
138475189115044839
94472666112599981
2
276913394936104987
6
4
11
4
7
4
11
876815889487444792
5
47843101847366700
119854274184331703
11
8
75383224921977815
55389087170360352
78100554239265051
1
133077726157527952
2
172156596215044805
5
66346828679247969
146457452344224656
102586551638530415
151858836361266237
81246998603771045
146187237070752568
6
60055025427888973
133695365888141520
135280390849248285
4
117618394164261513
117770193663526771
7
178252399357335157
5
133971535300104557
6
107553189433802944
6
3
6
135154703982688661
5
150904500575074077
27331312198754123
169542434061653003
89527490320511951
8
230495152766435206
2
271385924016901929
121994353039380678
203845380923087292
4
4
157271124361825172
5
3
70994865924551582
104759999903805830
5
8
4
7
374386117428277329
46961896043963473
8
7
8
6
4
116673203024155230
168678306803264168
7
93179674037330638
292974828725902026
18
4
200844877572658812
8
12
2
4
213516521124665631
102540208684904739
533106658228160441
7
94824248926568603
133692447610279219
122243520117959792
6
148649578569784427
135584466341904633
8
39597142702351803
3
182489970827735727
7
1
189832371081494452
5
1
294667739072465216
163541167105348093
8
7
69586252651727705
63801084710096882
56188655388041673
93736530841735130
105993134796843676
2
109551605825694642
1
3
8
1
74022655860665798
8
4
6
3
103199324855326309
141789853190140326
102256979461057142
83533336701470451
8
131194357315662082
11
1
954557851448388565
129535641703409298
72072535057561580
3
10
2
425274085165926909
15
152654223808526079
90013555996235192
6
4
12
213844342522759680
9
8
53274964305181091
6
10
5
331131679164465636
3
84273600614265632
80942498423051044
4
8
4
141018011336038460
3
7
188804457789580737
5
334045566559609735
167740162752646390
7
1
5
153962756009405631
1
9
51277355893909740
123671829330483162
6
171791307662218205
4
120620334521357297
96260640891137319
543538656209019260
15
7
11
63579483383331266
124990462701809680
2
280329925495103755
62002045644877233
32630039384316396
1
477505159989891115
4
10
4
147525378445996345
1
96123425165054696
355123067329749525
2
3
5
3
7
7
3
66509095241445345
79755789271114137
20
126127506673419374
294943805662222470
233097423083900929
146757908745437308
87788949597654237
11
67556360327502570
6
216872693072719172
138335043984675332
9
130599263128642794
6
11
131597327369670284
2
38308876110845293
6
486379250033919736
7
4
187971698831514085
5
94143361032502447
10
2
247824369434708408
1
4
105204302845156633
1
6
999999999999999994
8
9
153492244346903844
5
28451287123891532
76493710809747583
111654437298808661
276146540087950952
207318178872524064
71390701836478330
12
167198800898215702
2
86046545608824875
22533965991691528
10
74858169359981096
100398212498927908
5
3
1
10
361943609372146657
5
4
284507271303484961
6
75017411281463656
3
160503029894259744
2
5
121656973626930225
238305529414442509
332941060100306392
2
311842891892101022
144212871803395619
8
2
116282169357830654
54017354958655283
4
5
8
6
9
7
95231719807175500
91244034547540644
300179420564955711
4
3
113722663679620668
57771916476901118
3
139332437149507673
170657546754631322
7
260940020776505067
3
669804019307062278
107051526556222285
4
7
7
166987394670783941
115291224132938853
35861510256618324
2
158683531325587734
87562324137093907
7
7
11
487498215568306278
1
100551635513499828
72978329751321490
7
6
144805545122974215
11
9
214258365027002748
200871618975827466
3
6
101355821227189200
9
5
124361071965860902
249385942794853337
67245492332293540
126098552803002071
216543828461725454
89132353773858184
2
2
191639674972251502
5
6
182911006220516413
5
106753949388954083
122384626084447255
2
345418462494438403
9
5
2
5
9
8
189678379796395952
104700646050265009
83429542177879806
2
6
1
153844483207561495
254234923985547355
3
7
7
585747712892065329
101355857359680617
124921192311935748
6
465762139577412181
156537526099335440
14
3
6
102596181941331007
6
7
75289631388189079
170040386531658936
67862006628134388
242581728374183570
7
286473114511386543
129041511328565047
82696305705725478
2
169737653310211068
7
4
155458883135535788
5
12
10
8
160252647799804704
3
2
5
3
431648720542778239
277615333811685077
94960396683677824
154176788687733579
124453365858373389
76430601890708741
61583033792343862
7
2
221549538200302848
8
103765827028026699
90227782144540685
4
94603298748238209
11
119843211221529809
130222708523530504
215903943127953215
42268342676953613
9
81458424931284264
7
5
5
148816554055048511
1
104074294570319557
12
108419238586223619
6
172979578155128725
11
4
12
3
11
5
262606677031645871
242262738775969582
6
492392665471983232
6
86537822090349726
107931486590426145
148432031503432007
6
12
7
41337840281063914
63450395667828914
30760619418266851
5
214356918232183140
162260989858005291
174340758936901399
417379920849135776
5
159666436019012091
80978957802307621
209301629096863465
27794481663450987
3
126767794185326866
6
4
1
161514419033261583
79133316613738195
100876860957645665
88933272260973342
7
560955545123362090
7
5
1
5
6
5
3
11
5
5
68614699168130649
3
7
5
10
97722899233820628
3
1
16470123307362303
5
2
4
117991439647790767
186211309173270194
999999999999999994
96069580058827217
268343599843071603
109237705826767449
5
1
3
4
3
169481164760715159
4
96899544568698840
101772703606472400
87587438246267884
8
5
3
8
76761863143568472
191682240504639404
6
105705417037682991
116093326276460068
99431101399814384
111228979287285786
9
4
4
3
153156952724682702
1
1
4
6
10
5
5
97826492672836679
387304565521746681
1
1
744151791309381263
169926872786139266
75370493392940196
5
6
29249245172926275
201647649025855076
4
1
50804747734810580
6
9
9
999999999999999995
191800460114280125
136161488338216671
165175628228480758
56217226138717266
2
3
8
7
76756553304645044
132310575437377150
4
79622812274012240
7
60819204106637492
89748096792062442
5
4
5
5
2
7
3
4
8
128132183581008757
5
9
41256321395037631
106409403656724352
7
459353690204181623
53372388912699481
89060971487454640
77779604158309101
5
7
4
453211511888926154
7
11
6
95204663449825264
75472606571139743
96283302765365686
8
131038911834555414
100472631518249632
4
7
98978647698666805
120956475074574567
6
70420605030431645
107977007173586179
3
9
237120409543136715
13
5
85335042994572735
136051446998605138
76959701226093122
1
125824435399301231
9
181730733745477668
3
1
77559723743100694
90352110452535601
60193958761182620
101465553884792333
3
7
31670315235236515
126041409065842026
145427658689513021
422122050392420769
4
97602457556636072
93654840352994267
114755474367506239
10
177525575260280246
3
7
324158736383489043
93758412016213217
4
7
4
4
4
999999999999999994
98779932138652646
148897894951529142
179173853232191730
5
4
185843612573406966
7
8
8
2
3
4
81385954410474665
6
125189616740538593
6
1
4
6
5
4
5
75093268835809435
272933599491879039
53321085267594666
99688178515415126
5
178784952585842884
9
7
172168265614833034
109776693765898038
162499818121885174
5
8
4
691527212578033939
7
54861373250386608
208971771800973537
102142466545766194
8
8
6
8
85974608904848201
1
6
98974757880067572
118034260516909475
389591349046791475
12
4
16
2
5
183229353496344272
99981081407100347
4
122090243225002557
399813741227572929
7
5
4
3
97134090076257655
5
3
106096679664309630
10
2
282294363227856247
2
4
187105340398866329
129994018430984150
92114331349190080
6
86463186597776573
215479444671609224
54917398511828772
1
4
6
10
11
255332277341335921
5
163083274360291050
10
8
9
1
6
73619445231380965
9
7
6
146122366433988101
250182794333215612
863682975987477687
7
6
6
403644881687749758
2
7
5
80834104950595436
5
1
9
203927772035798692
6
4
200363432265788895
4
4
92381542537550990
6
4
571159389169817833
161099216498307340
134250724470529409
6
389931630049752735
56225440096103063
5
2
172948826221539818
114781630698639817
6
303069663481437718
76756088490174644
187739198063053928
2
3
10
5
3
66562389268487977
11
3
66246054412250371
773854020098107995
7
7
5
142849920197959620
3
296143722576085605
202992051302473682
262664804614981184
259866590951876647
6
12
1
4
3
6
81581862703826623
3
1
233332029976602303
228358221638237731
88547095488207149
8
196424171148472994
6
3
177566614309983860
1
5
133584991546495047
59369281798690150
5
7
120695752250307800
294244526908983979
2
224850800169648698
161965782495216287
46434947514133685
3
87034193296732699
11
164140726210768123
196859949109368634
6
6
1
2
411027531734513264
138992108675579939
2
4
83722782236489488
323592219443498976
381597331693321025
11
382165252086209414
310977020707756774
5
13
8
4
12
5
3
284478161598417689
58278357410758353
206377910843636121
9
2
8
128139203724553376
61463195151332057
8
104849587736560581
6
4
44422806933263635
6
4
34181720685287049
6
6
5
2
101357149570300629
999999999999999997
149414547192367366
8
2
9
65387328694730338
141657677764656634
4
94707550913926352
314632878041598845
6
163429552953287877
191857298329315870
5
155716224528905608
334512023309185411
4
7
5
7
469967423037801423
3
7
11
6
6
11
65411835739243986
5
365486084230002009
9
1
4
179517815748578952
732364616420469269
137282162980394097
11
11
3
10
152236798376654484
60063424000548587
8
12
7
155581642221191125
117736711362325542
123828550638243049
5
108097576741795812
455483973584602360
127325229990371272
2
3
73829969529983940
91833799619100248
116152533893976214
8
113375014085845620
3
60547549671010358
82074675834456677
7
4
1
6
7
5
116147443827848580
5
94859604025660557
77874286180618491
7
1
4
4
136330584596385507
589637516927525194
3
114097810720687385
5
158501806073370710
2
3
7
91718991223504934
188840265854525949
7
6
88828465609136220
48330104985010857
5
119007053108010183
6
96251600823937943
271429144939141219
1
136679016815649370
177233457901635849
135708218470436733
308140167412213094
165086673745854168
4
7
6
200320634472580423
152480715015874353
221269159366478087
5
176029741062376407
7
59944599559202094
273564825790032091
250976924120578258
250893400580195441
131502682344223492
1
86277354752229996
5
358500253817016614
5
5
11
131639909969104336
376858113378277718
7
5
4
17
205224860176998944
4
6
4
4
6
10
13
6
8
18
249202013941575226
3
176996335639775946
1
146514005838340784
128341243597178792
131347959790887938
4
5
8
8
38440915918002453
6
5
10
5
3
6
90751333353320998
173378749825537488
307295283840198246
92076178481279749
96111783767901768
100982495775274046
108768676924207445
10
148994092615882833
6
3
245176453125950214
2
177052546244951483
10
10
9
6
146526749740362218
330918468055568749
8
124651507210156526
8
8
4
46303704462440655
110570073281327833
134946972964672356
1
6
90460122393668322
2
518244216094583636
185485585660521136
565153415370711248
141077254012583730
6
6
7
6
4
3
5
1
51992007162680121
4
11
1
9
145576155040441433
407237054399619381
105196825740580062
2
8
103336797132631144
454677802856425021
179629817897554256
7
363248199763919834
6
116402555175167805
90567648366191318
6
5
105939255629604090
4
52747585444883525
1
6
84887060189545024
185715582182700059
6
1
119407993529775965
99707581183670663
96034564963812608
39118574050859205
129126414169083910
2
204873532623071033
640028456839673384
1
130399065122149228
2
258616810816763607
74235561739187820
39241690265381228
5
5
356443899778620697
9
5
5
4
68187497338390965
175723807242594180
155091001250014519
2
2
164225330433149602
4
6
5
5
401857779490133415
9
8
117946502882132119
12
202390047207138783
114614365461351627
68717990623556034
189296491930407905
323562596602533158
124132319839565386
5
7
86490877165888320
80034717877351727
3
9
2
64061245939787103
9
248567059964523533
3
54506612571646615
15
173510441082733596
6
69624541788302666
4
5
4
7
6
9
73189966627997481
8
35134800656012742
4
129119154545630877
119393272546197550
5
192205112941803079
144245449088399906
2
116375892301486554
5
108991480118465483
8
188897524073147898
8
3
43246577381504992
5
126873040621093801
183354433491230646
8
9
131714280458958749
8
164760048819607837
154354775702080783
221153767849081085
9
119667504652485665
4
69421802942296494
4
12
5
6
6
5
111878477178346742
4
312236227379730383
56160227718240095
5
6
3
7
179111930429668951
184614999331702187
1
10
101527282242010813
70690745186964220
82057508389966460
80139127260502605
6
5
81217344806621200
659223225006272025
7
6
10338766900166710
255342870280286280
6
85383242866901983
2
114081175521866860
484451952323425908
7
51404062062041541
5
9
129271034468346638
433857050836123985
6
4
3
65720210990858040
2
1
308222234350209724
300566185668652105
6
115952915695388900
4
63677586165525879
51056602075039138
8
6
4
4
108308370470834215
12
143431976340191195
105181254272227514
116941854440668145
176894722844874702
93190934790746516
402773835740616193
128317106105450460
5
7
125801282814050198
12
1
214017956639971204
2
168680755628961490
346252769104747477
400056060618642053
211797516518193541
5
205033075289634102
6
13
1
4
1
5
6
7
7
3
2
8
231298961428520611
362331310987265568
14
3
59155975594580088
4
4
435877857158768477
4
163575553654139054
3
4
87075899495866181
91518425929682055
99393116630127721
63943746287517118
4
5
234269967851479604
6
5
3
3
2
1
121707553241332163
328940472713263160
4
108034472609653202
105089779598310869
87875538006460604
104966901294496501
74323031564901398
135687491764296659
2
95767495218358198
4
806804455936228674
180056733552380654
91137743270341724
29176537556975905
7
9
169293030472106184
2
7
144156645622514544
263070586281721631
7
363811727265231314
8
217298227354130035
118167872240906281
46845759425429315
115140602031383054
2
4
5
252421465681951350
3
4
4
4
195424479760938571
215485904625821825
11
3
110942335899530144
6
2
6
5
7
2
6
3
91636934811582125
1
9
49736580759580992
4
6
4
237680762936612365
1
341407506709552734
156132047497164713
153888742668347296
104373125459593211
85918771714778074
7
109061852650239480
9
87528500606553230
6
14
75512869638918007
176369984081053391
62074300378811764
1
10
85551080751730013
134317706616612138
125219574492005316
135261676745016414
7
5
105745938634435888
132208574119643826
110518460357289662
280610012697044054
161732279641253019
35393995658252637
4
7
5
1
134148756329088571
4
454546608072202450
53257065252273859
7
1
6
2
134191715132280850
122782217789049679
186799736819475969
5
393867120262186565
1
6
145082584607063903
66045607247375711
18
487158753704443949
116183268183328492
5
83394585531245690
7
157624133736955734
882756733721535810
3
3
73188002690464839
12654544327027859
44817489541307175
5
68268901982059411
104254454773272096
108996552876585759
3
8
1
414801269978082519
186935859757929628
5
117196584067627493
1
4
8
74512787109854218
103968462405911381
90209846835250191
276046669407001906
6
117597010126735097
142449138398346871
6
284073898189014720
367745008471246390
8
4
195835316693498949
10
159239890509273415
9
