1000000000000000001
95250147166928
372
71340750595975
528
559
94462170588527
89648096113049
702
68673421615934468
200646820311473258
167531795842348110
4
9
71689979109681856
10
7
9
4
14
1
11
181104219544144876
8
6
5
127478554922606982
3
5
449587754090865853
51666341560520959
108003492269753756
159248843218529720
243917449118812985
12
163419041805380142
7
93822374404770902
23548958405933546
167127284532170264
3
13
283679607268242875
8
1
442087083008626265
99345401831902192
737670465254473889
5
333860626652942877
132802896696091558
5
82364995510260137
506424402913970924
174518124380518946
9
59349487219254432
2
115611427763842920
1
70796053237528253
98637091012837667
6
81988382783428160
4
4
6
4
219656320981572624
1
3
8
180614896564290324
1
106869396474074950
229107665226137925
3
2
4
147374951833057842
11
4
128317222324206076
83932716374986674
6
3
5
148053753503596901
153725689214952888
3
5
1
68914660757935438
6
5
120184954510880564
2
189343501602782934
199943022499510546
920223988187366783
6
6
133389770464121086
17539059333429888
5
8
48850826271447929
4
60496789909209177
3
87264913901929524
7
279906536427310760
164547295175852131
9
52252521907392245
3
141667627550864720
8
6
66220098526698291
396805918106311172
4
65023060121537131
5
4
6
138711288429491159
130360521224270688
808328468344989478
95599048320587901
225033721914873932
2
1
119738962457987812
98448403276613654
196314285286565181
84816675884556720
6
128544989978054951
8
9
110007958435086475
148072409516638608
110621517134703611
6
130254153357899207
6
10
3
4
178297374662023671
4
4
6
3
9
9
1
339119545634449312
114843648058582637
4
1
4
6
2
156300813684797865
114207082618810430
1
63062165798973123
140010220185134903
78444901071953185
4
589409242177779652
5
4
7
1
196376531451802453
8
182244956267502902
4
3
304241145989684013
109168293801205125
8
165217984128975710
91386357226361791
10
3
4
3
79252319092174960
5
81023234819362081
639522040684992025
8
183954373681372551
269712451745909698
55040370284735665
3
1
126790497464489396
118159002853111961
317637601305988858
158494210564194434
87702302360644602
8
98545659955439479
4
724717283147934775
278755395571643624
7
5
67626364668517150
6
132844470495940222
91098253951115746
15
2
11
10
1
5
33019724567689570
6
6
339523738630652449
8
8
10
7
331300993190142444
261464178081325380
774467293409770998
4
102942872926725694
1
98691095470219037
174262169845018290
96237350324157968
311399953745076178
470967390469946399
83546810295505473
7
10
11
821493126947409623
5
4
9
5
94067591564436263
83467485624867605
6
6
8
96816094456670360
132471067303800767
9
1
126530796854472373
100582363199809647
5
7
8
87540744795921963
71889292799501192
3
5
137751256317937194
146100092406210322
2
6
4
186877375660923269
6
136144176004463721
6
127429821754187902
196831997647689040
71837605499346127
89628015913125450
237192256992611138
179725464949168094
9
79061235689449536
127628369582905474
141980215152573699
191536564620786083
139874339549986852
52867190776399629
4
279813638418431643
2
57012971858123565
146799814965695778
13
6
8
2
10
5
3
88267963852762423
281916733552797023
2
1
5
6
6
191636484788213600
5
53765173331739534
6
6
99787852161369162
4
52044710636851193
136618232826649179
102530151727588544
136857912623164449
57488801913969114
66248080281280780
1
66456071568020760
3
1
146627955683005137
21329824492104376
8
5
7
3
86081101479496765
174272672142040071
2
9
79668953338612041
9
3
3
144126688606905682
4
201885280210414705
8
327141328851377759
164978403990082885
73310749842040216
156921996446021414
3
378367003848745041
6
3
76661944513439817
12
3
126167740056801677
7
293452514067812752
544847901085557108
166837636746852186
41536856415329854
3
3
40361263048379564
317002928643697452
10
84579242207196252
157233427677257423
5
4
158036459877068271
6
1
80151610222515463
107032960832491707
219800459135319529
3
4
244520645516314893
44603525161202409
3
7
296661665443139761
62597740605865433
6
8
230354966565188234
131158247914604749
564760199691031299
1000000000000000000
7
47800465293513930
69272266108075070
12
61596793539876250
12
184380568300925598
5
5
9
3
4
5
10
83129339848021529
65335796294289129
90368936814463999
123247614883136448
7
5
9
3
2
7
44602550851969254
6
5
7
7
4
301881617262791553
3
4
148995365621450074
328382625945350915
160127506990751271
657223267934631127
10
3
8
6
103998961886294554
3
8
11
10
6
393506303641880873
9
6
12
2
162782438045645254
296406430656998860
28896998339015446
5
66593982884999036
10
148104088815045942
121231698896157410
8
2
60864437924015910
10
76103076092364297
5
6
70656805345575020
143883210202128377
10
3
4
5
689761830384345334
74442726978758173
121511123710634093
223582052952270798
4
105364050469113417
7
7
266840420984811560
8
9
141124574226968662
53842796628380062
4
171958535528170443
131772003311242582
225873732199144027
139846271432701374
13
112355281772382666
98855065449757151
104821111214930340
544615079652095736
110606765048770628
52777628777106456
310735962586254832
168586389372680707
4
184839828262554246
3
131311580596741116
160983607665935386
99812865284911724
667838949651102873
6
5
7
185183928709805372
5
2
13
2
9
80203678386928958
5
146245398161693130
10
69364226630824960
12
232426454568745686
1
178104077941064363
7
135129563408761277
2
53226670466336726
172704876272922448
100256718135276492
4
4
4
6
9
7
101905405491964494
10
128938330799420268
4
76728133411016678
184423354434443907
169660397817975638
3
6
139393809147148105
147877411985799296
343138439930375106
4
7
7
162863746943738895
62303006056065204
3
55893836742111588
13
4
77036692426764107
274112819614790093
168296620869837299
5
3
3
10
2
151562859253255127
10
116858570864472588
9
466165160812959874
8
71609777008475825
69496633097545521
128388733689985367
111835159283796168
3
1
126931437737168071
4
4
1
117503146875386608
274429974863821814
2
11
114097938062346199
448659303453171044
5
8
18379079757653408
2
8
6
1
4
2
4
5
128964386631157735
10
5
5
298804139706639722
4
5
14
100363098301345739
42871055655897514
9
6
110976563277099823
319805872156737547
137362148386546538
6
5
6
67437305618320213
132956728784892538
8
89623357277679779
5
7
3
104289582305187795
5
125502515522673612
7
7
8
9
6
5
163116711277274981
6
2
268057982777113118
5
8
10
5
177273509347844138
7
226426833068061145
229831137958649067
7
52693485169699693
200312326293865924
291730816556260339
1
3
79370174872268917
999999999999999995
70595215112499623
4
787891545857620461
2
225763315670696811
227654290528223819
5
4
164553365405116098
155846324469300099
6
6
397181608667537134
5
463727556787145681
999999999999999997
105500420706855906
59405732326513774
101521676679799850
257263580549823410
7
2
6
171569943052786148
479199882642173743
1
8
85325926006988622
131843867990833656
7
256854532822655231
138640492514225427
8
4
100829508002465999
8
3
41267403564328019
351375666346649217
59514970800732826
8
6
79342761331434030
12
147631359715912435
5
7
8
1
50171364484900797
123264511801291886
4
144753816371238551
325567055306136695
2
1
5
74351495593442940
11
14
90230914685291989
11
540658098507271176
111347270914025532
5
297299607820188686
7
194632642455417836
2
44068111273266418
140249029046149701
6
8
1
53713232193941333
92838182179078671
194349458050601223
5
5
68649789319993654
14
2
13
7
106110586461510559
9
4
4
6
115323825477140187
6
5
7
3
149139382175504393
7
5
6
58136604099804565
181841172818141222
7
5
378347749242081951
65574807384548469
172265562430763569
7
70228604497842434
88281278009576764
7
399804946016236802
1
124245733439750785
251678527894965161
251957280390746567
9
3
39155272642101885
136966481563950105
1
97934481346776512
88017002566408507
15
2
311367716601665546
7
666839656576863077
1
3
5
165962051049838576
5
2
91404178251621136
5
5
72290292902866723
94905028985656473
4
254689777318313191
7
156057542150994841
4
254349902185400449
8
6
230298309569579346
4
9
7
230103324221279597
319206314960016456
9
10
2
6
26109533043329577
7
7
49276012926668121
6
180829891612124011
5
6
8
8
84124349826051845
106607978221592074
12
4
2
4
7
5
9
10
5
100686413428847732
144532535238829586
15
13625774052577856
169600735270811812
191354101372318172
1
2
8
42623398304822843
1
449270644872629327
11
8
12
99155981329183868
12
279294444033800133
8
131869905067827029
86513806075326476
87539831426871430
2
115470238018357821
148887400722923995
3
10
4
7
291759950435639686
8
2
4
92616427273176520
7
619912817954564345
310909388854703630
89414714363021756
2
121094359609765830
141780728448831653
3
85552997776916622
2
394807585769656178
104704688253307772
10
1
3
112750288123324703
172624555217942258
101247919470954856
103177358772273599
114036548403113226
170237081183005596
83223763060011711
100294160803183763
151185682537285896
141668728075181320
100312320669084787
1
116983113797854904
11
69490642325156445
8
214121606241249316
4
258874387799446442
10
1
157366483489440351
8
5
206689954712749418
9
6
2
4
166578163597750947
5
128931129243078720
221684491688839880
4
13
3
5
165180991607537634
51841795386465182
157810268956685986
182055932811573497
5
180020501162938625
121831628688219918
8
684363869346051447
7
46226187542548557
70249206233296047
5
218668324811077151
13
6
190655109615074377
9
94939874741666712
83707051693331178
4
139123181797747453
3
55857295309193681
235901321609069263
94302545869426820
11
115000129475100649
3
196406080166248122
290238312322957980
5
339819522885643006
93818996419618574
1
7
3
55531701169602571
10
95473270392184500
7
149446348691622497
8
2
278194768838643583
96623269408041177
186436648526763612
2
363958039161977118
6
6
100459735364164248
9
8
296159063720781203
119568790458615161
6
8
158230792815024686
6
168370260865191970
4
7
4
9
124072061300342231
8
89223605661507500
140284191840607968
6
9
123076170052266076
185317375734150135
173100076495353473
6
1
81054688324700297
73726704993781680
96323070487305459
41859184452449509
134515015218049270
6
2
3
118883396292074627
132772329934081054
100311501126227659
1
172364740481736734
999999999999999992
7
88278618046148212
95797328368967801
342488534533920740
5
624993252114137913
7
1
8
2
7
5
185106223542348733
8
103698530172941350
36633400486632283
7
119076056764798819
41618667543988361
298840800916801020
221198492791122457
144809607354609958
173063732940028743
415914255139564946
114522330383146962
4
541886507749428298
7
8
12
5
161779037370630931
106064069369866949
3
3
85141631278640003
177126098463123797
2
205415824588605256
130406098575250412
8
2
8
371005824756900629
3
2
394296520964428751
209748658252113889
5
5
6
88283347810421944
124376301306248471
157604043687526328
10
771037952955796373
131249815809797725
83779098371251982
8
7
9
9
53611957718875792
10
4
1
13
6
6
265437885034428150
195009363111737278
1
3
103803911737346854
2
6
50253516197111741
5
4
168103854472403256
261368261579184858
6
8
7
10
370384999104729905
9
146335552610342008
8
404119189805121759
10
335091560497150499
130875483181389575
61158432586347730
90889619892606849
7
4
190071997554573809
8
14
136842944925926285
3
295005806911379488
168673600743512110
90326307365728415
234439304157281756
4
37105958451769162
4
5
8
197246819237892304
1
144035202235905226
83315252868384087
8
500618343334645539
278004975476712775
112714673047489622
136625876194772813
1
8
148973477714397904
1
7
6
134623644381494425
11
164828656009834119
107363776130237628
5
12
4
64184049517799196
6
200806356180898196
6
7
5
3
2
127540800731195328
3
6
7
15
85818005230326913
15
5
65766363271956895
111457407618118027
6
1
139534856834546367
5
607005620302308885
607474629608027078
3
3
2
4
97119184679068778
77311857599307233
76258963425321878
52595809494073431
67686159955676590
46151189142684864
94015313905902563
78655346701431945
65917274666437566
5
50343370804091970
7
154006878311232945
3
130856169239388152
1
102988629048759550
203388076627933495
14
6
216042757049962153
6
2
71466176578392181
2
534165186490606652
5
118670999571626931
1
450449257230575379
5
3
222821467014507229
5
92677004845975427
1000000000000000000
91792763825578218
116712618360632918
146265333217802565
98916106136665281
1
6
123561770082244914
7
5
1
61442532019433192
89824963240690711
220227251553460162
262332718830290213
185843531715886709
3
7
625089124629632470
290837244061968031
7
187239511755000340
4
3
5
3
6
7
75428118040018572
69838492175753248
1
294126260756118114
1
5
213350962095410505
2
2
114787409649402311
5
249141419250370087
133259257059424959
4
3
117424178477703121
58312621731593334
3
7
181604089847110668
9
12
3
496152449938190456
59648364877502553
5
6
158716301168006657
6
69990269348047509
133409248968466820
343796896662439004
3
103739002990795409
6
164725815522293349
2
8
6
244255429442755251
5
5
257911182460036498
6
1
3
85620304449027702
3
138260648996267837
6
6
42717240278380880
111824845125840759
8
159773477959440345
84918467405533856
66540920039986865
5
5
3
2
7
81951657889361629
14
10
2
288490618889315705
5
11
4
4
198898346849212648
99125359744846044
179257530372712675
5
7
40764403328922292
3
282368827959751835
180495740205558423
151140936402869046
170486416189966195
3
10
105063440863091449
7
1
7
242866127645209514
70200717072151391
169936614599140539
45768654170220789
126141621667974828
6
138570176080610806
150836378688096648
93034133049491337
8
106086757985846485
71226472989183539
2
5
95927560736585422
1
140497282664900217
67697656735072744
118781275136276969
199727044592872767
3
46841063786910988
10
62643080801047124
8
80124635276369805
196910683111540324
4
1
6
6
8
9
14
3
4
3
112794896580760525
8
7
25832703836224958
206265633920323269
116992083167325130
97306001970568081
8
31313359818792394
8
1
5
1
111172672121227165
63232344918042116
132801167497287511
9
2
83207190140653206
65066828469750243
3
193371280882538294
3
4
143374653495580447
140503885912058839
8
8
6
71920844019631386
6
224354891811431242
382162720017980371
5
10
309996381214762784
4
74705501852236942
2
8
262873354257559774
359088111909982484
268981552776659186
135468009858134243
2
131325340031125724
276264700861470341
8
113897287806737047
478778310141531772
3
460053653787685535
509117985769175345
6
403657581423285200
216855120743279044
3
37988804665221765
5
4
103055599576738526
108927854857503166
79182976206276621
180222801674210841
4
53896239507398394
104632381769030282
102456206577121429
6
3
155766412554313412
3
156793028543986365
8
86721500807611514
425084046023931056
6
303858955806210961
97996450384460387
1
180228205024619496
3
88230166899758501
6
8
1
3
2
5
10
475466651365021149
183616456389265511
86901034777476021
6
5
3
91654124002780858
4
126972855039326371
8
423510372130067327
188890826745882183
94012664034747190
161142431485170279
57741392549327354
6
15
127090666035110346
318350999153445294
69128778362742685
9
3
4
5
160816544248093828
8
6
129859662059880098
102573047769253869
35399281721192234
138479115743111198
69489609096225534
126927620774312969
187987313095248177
145613158250259689
6
115754223922429027
8
90928175525653927
149901372523971081
4
3
6
91751915713492506
10
2
5
7
263269343518629900
3
3
62181847501749186
157025106906003003
5
8
3
120749100091130429
41853620695447681
7
87437319906401107
219270579678137951
7
238254618437839861
118343134825834010
54039518572005573
369014413659461104
2
152231525746582020
96062844057844346
135786154095910404
139230547416302241
1
110041988578996192
5
5
1
7
147198262287701820
111340012309158787
4
72082606108460473
6
150575934951914150
8
427356287474267728
117586565194827360
6
6
2
205460089132289673
249949887653567486
8
135124287568637648
72955611511226795
11
2
6
7
105414395628218456
179365974263189600
85999987235417956
4
277854440496547853
7
228301145659547751
16
14
12
4
1
10
3
5
2
4
139486109188158797
10
5
4
129003644571445286
81546601320050500
5
263073117673664795
66970225260415131
130060378418982104
8
6
16737728722322742
167622046762988488
3
55898840686183934
97350950974004056
2
6
6
11
6
277740108576007515
10
106251906278350000
3
130988534290609631
9
109703643210036524
7
3
3
5
14
154017893514125536
1
136404991204597291
10
3
5
236795519147316999
5
8
140069570455567803
209747667579951731
2
7
181834709732700721
109687275522108301
4
87502078634747388
12
174505065862186059
102077060676631986
77952113874124966
6
12
186874567024891801
370050443814805191
290167437069985813
131366871325201517
128511481777855681
4
123306434583595409
90485250861307076
3
299014983148885644
3
166688198864131171
183077217153365220
8
3
6
660714361517195820
9
999999999999999997
327653497714114903
12
2
398958847218948895
1
68762720865143024
197187834586445582
239057837903902686
6
51205944237078435
3
7
2
100089739293484813
108051895445427661
130740551069587683
4
98008324384045836
94596951475710999
7
118969873727973658
6
3
129323690320941689
588794567331709829
220278670433206109
2
7
3
2
3
2
2
108757323019466690
7
84618465042865194
4
9
324542535520796323
3
4
6
5
105365957571416921
5
3
65035068451909791
157632964567048989
79410607129044048
107186183688623838
133799300716487405
9
129310344487143488
10
730914715439910958
5
7
62959541638054226
3
8
4
220690043217105477
7
3
1
5
103215696789701627
189067331011422263
14
3
8691789259543842
268841001460383774
1
4
6
390179855036003175
6
101482709049802682
109816631772984146
214432334743952699
5
234913286534605573
211920740504801400
9
9
431808581676543208
5
649559226454841454
11
253879349922507776
119357496163988591
3
5
5
16
262489397665895335
4
4
6
5
5
3
94065821297203673
7
13
14
109028933871208535
7
475819294274132348
140481403793962603
3
9
2
130552309379216917
203435040707294197
1
103963643763385237
216535838468553940
4
287828502491798075
5
2
5
12
7
7
94064255608274667
151951805081563999
4
3
140856046973111066
141498624252743096
83776789650639130
5
5
3
3
13
7
225945512737403167
9
82741788290291674
5
4
162307197978363388
1
4
133206385084790024
116530067573585554
15
8
77514534024337571
4
64470911108208782
3
191707318310170918
9
5
4
199313484631265112
84977128924156623
19938629907098022
9
122188785878816636
170639527865778204
8
260547759681460174
71813929358648912
185421845398130513
6
9
3
340481319418088558
4
159183381342973170
320891384192896460
267871686171462415
366185474694853101
7
2
6
1
7
5
10
4
6
7
3
129626395857271942
344419333007586507
5
3
109849763823886623
5
5
218200120072349928
107414898021402933
4
3
3
138339237956242658
244853270539480915
359920071616544145
56116063567352859
6
5
114347748455586801
177458425230871141
6
9
4
3
160598157906135657
3
10
120433070483421149
85987007570180583
298431829257854464
115540961044017004
9
1
9
7
1
509203472266020838
2
6
5
174963558277084731
8
4
91350374407330174
2
299628099970974814
68752612799725666
6
74524476529633940
69663836995752126
2
5
92683385264738908
6
10
92084504918250629
6
5
105905291734618712
57315821347940842
9
194015702721667304
9
174169550497867568
1
4
19
251296882137607908
76117017843277907
4
4
8
126406657768371333
5
171166702900742040
107382999932185160
115960656511755583
119630574719955845
114740487152881048
57681119966189521
92633151701028648
8
1
146271776343212866
210974500234257470
118980082823013647
6
470055024144898691
8
103505968042584213
8
5
229961640410214482
105540045295759186
238395885066429641
6
108888555232345407
58433117061118076
8
99128826165093961
119718240278172415
110611886267697296
42
154060273377580221
156417844933640027
102948232025506013
5
4
5
264804706190710273
9
3
163217498622336489
143618317370701036
5
13
5
95398087845788306
8
53160921139123629
245268568304664036
578612483312010527
114110896275131533
103987196632319298
4
137859188737371678
113939461323964019
7
7
4
1
96498823099637105
2
77739481022252076
5
3
3
190455344257915642
33432411239196566
11
218642882295604972
8
88435736168924727
174965065337576548
6
5
2
7
198641544992976015
5
8
10
12
2
11
248619570877865188
51503245146182387
109972782547261265
5
485962326083173773
173945825429525118
7
141489402642314452
197757731003049636
306675374740509960
6
330326736005002897
5
4
158630117264062655
100663356223456453
3
179396167966664124
59926729696869979
10
4
4
82991278979246369
90718364449295929
5
5
315593355084310251
10
50441282985243710
45770785345906473
77296527048627332
105239601385879744
8
6
999999999999999996
74961746293028976
123635376441875451
83115354579525617
114594805957289922
12
604964886026687317
162479004082186541
6
106954043883686559
4
148195591777869474
4
7
144736662021921339
5
6
304551476227553998
4
1
1
9
66436571901830108
4
116631988296470521
7
4
9
8
6
436445240709816609
9
133929853946262247
99798119871153528
121112182891200120
226003343911038188
5
109299408010598853
132379415673692898
3
127235431413514580
414619197821775289
4
1
5
6
3
136762352935168513
126988900402159917
1
7
1
5
6
77350319766360497
176584142692448508
72836022488206228
101549954851883257
96597575173420511
8
1
8
122187220619952873
1
3
168846957916229017
8
4
6
196879132857765978
688552204825230031
196699994038796367
6
153943419795081788
335356406242990252
145808687215009624
4
5
3
81734847872337175
4
14
7
94381405771358652
123723510245296815
93470455706488359
112096239295787182
9
137845777432605778
7
74013616844076120
5
44721859220179335
11
2
9
332020912092170224
4
168298938830604826
188700146288070621
98217058613794424
1
292302179617470627
6
52900369901002168
112588601880530720
5
171452224096184042
2
31926419135537889
9
8
106653780586795764
7
8
4
3
109524537834529060
131601457680840236
117484007031857709
13
61950487253857024
5
7
8
161607870145168437
138937218670798220
229896496833526261
6
58940541052581185
192959162341505647
5
4
4
110797088430136405
5
7
3
4
12
1
621821857316472385
5
477456218730822709
46664145457044125
90036395049446546
6
7
45947343646849849
4
194425802835397706
96446346584938751
658536798541345005
3
3
3
134442772048170608
190442478887233566
2
122131434445420049
2
147692459599556094
110737702058559808
1
307208699262688978
4
5
7
3
140798165278482441
7
93655495961336169
82255089370723153
8
4
360370458172103500
182559300016321140
12
52624694002065644
4
259961049319142013
6
265722970625861945
6
9
241445316208399015
8
7
3
3
5
4
240656963622021942
3
175575903355082238
1
6
74438948290764663
5
6
11
72191339433702301
143940312304453622
1
1
162402362260798728
3
4
136437812297714919
12
119301088054232556
3
186133342131931098
4
71151268651375165
4
126829747347524494
1
143346575993098615
7
331417296636609009
3
7
19
6
4
133368653893114340
81919165331215954
9
209918898469683973
1
4
10
2
4
103672956978851605
10
12
91526762448322336
159816150390854794
4
13
48703726916388824
5
6
3
2
8
1
292512300661227233
7
4
53287030679713545
122147686583298692
137996380103013321
11
132488149155278717
281433813545710045
221035594533153411
8
5
173623436485717473
6
119437694938073467
6
3
66292607964669173
159819811285228022
70460278849721133
7
9
7
5
2
6
5
48515239459448065
144407758686021373
4
6
3
357802140844638143
228155850487803827
7
62223308754691019
4
152362769950030408
9
197537784719673677
115118460014074034
9
2
5
351132174596143599
8
7
5
5
214357529516106305
5
5
1
7
209988580522285737
6
96682529348116933
4
10
1
5
60368630835763868
8
11
6
3
1127246792912285
243211265438683870
49261598026297791
11
152801677544685025
227196250090839560
229729715723190906
4
4
149828736641570416
478514022019753876
403027494807027052
5
250994680620251013
199382192821102682
14
8
5
7
10
1
4
5
262561853378368775
3
4
6
5
9
5
6
4
25492296526083988
133663541524176946
71634578770773965
5
9
138554996075043927
2
6
10
380886530801854004
118353920180065291
1
626965936614279529
118577421387580014
149350888913673153
7
8
5
2
11
4
318244259448510752
67111399288861125
4
4
999999999999999994
69268891423814242
140123050430142610
137162644793789721
111398441824043577
192388187608694254
86559090280248900
4
138684390385385615
4
103151029826082558
10
153755027853399210
7
1
2
6
116342943778814241
17693416701001059
321056326102417652
10
5
275194241246376395
57740198533217420
70535981424645313
321310688024112982
164344414046049224
97131002474643847
153855364547368292
3
10
308909378597032648
2
5
355345343577052327
568047194286802698
11
12
7
7
84761116025304580
4
87136535698608125
51390588787241528
10
7
102224637432560825
4
3
6
6
122465261338219632
10
3
5
159527364453716000
7
1
7
75897833431287527
6
11
99788386787785728
145652725352206837
6
4
5
164064163530438163
71689155826045644
8
6
12
4
7
99930375098661247
113785438846818690
105157729722360202
6
63874810449538544
343907833669305546
8
8
3
3
219414214116214442
81590645393233407
8
6
159253945617059664
77700062639956388
523147950130754664
427649395977707197
286017556658845205
54757668829295192
15
173997448730394053
2
77948837553843649
78145315308744499
138347416997315920
88303044354726714
6
268962848143841293
392351732962849963
87427802887704316
4
141996107244330975
11
3
6
4
70498389340191452
3
4
67561492100848112
182562831211238773
63508190332216299
6
135435913515176440
154648555675964419
4
168685085052951948
5
2
10
86194769761638863
234939123139305640
5
8
103243490887869687
4
3
519815280284043846
4
38014194550362266
3
173437495612432663
6
65888315205220434
88629289240162039
2
6
35953248498722134
163391172709488563
388182354850329984
7
7
2
6
1
87497102785810732
4
7
4
5
222685784968131426
7
1
124831628174246943
292301550706526453
3
9
4
104287662649495211
4
6
102820512380647668
9
4
318074963716818420
11
128205979694394767
72254130889771702
136815422844134100
8
2
5
5
121509250622617830
111379562558488192
5
9
1
121491859432504690
8
107064062286234143
4
276911518085066968
282880338966373631
3
111893314345561373
3
288998137465935778
2
4
117160050293130154
76718855734657392
202220420035854613
90611900702458380
7
109610852501269530
199052015993925195
12964113682426149
134827100481079451
212652607921686086
226777108274251136
148788003333914789
172048371664621409
248800526480195968
285846919585865306
110306671989303050
116350783126162980
62921400180220154
39496227593115179
102371686403262823
121412544789668491
2
248271991301218562
179760452971486203
157859055546460150
10
7
89244794813096656
188384721051219658
39409174883913604
6
179571889906415831
93276519262847207
82174307825434788
9
7
56557217249503057
513741804385230193
8
302122397826161280
107549161626361026
5
71727792971329056
8
217704375907952268
130581546004984624
6
65724043681767357
1
6
187199900449764522
2
9
7
359373964004328899
5
124811018471710751
5
10
172508995376739205
165722083600708074
8
5
123973497278154918
43986886361003234
82884218945165036
2
10
140719951880722432
2
89583499546139436
150348054485861675
209027655241372969
9
2
96016495534582885
131684329709294586
8
112248386100509299
5
63159411358826155
65146941871396832
11
6
140884551121485103
113634196305846038
10
74758935609262728
267541930446627837
4
18851084085725542
128277641380469355
5
11
4
5
6
4
101658141258398327
1
10
10
85424024603219998
205434573692265308
1
10
4
148977784340690100
460517444693519318
107509897823064165
5
1
91453512198460494
2
4
25472740374432099
2
9
3
155222152731918561
3
2
6
5
7038335075500319
4
5
62542342419221077
123591034032248346
249193911629672656
311997288898103618
207930681635528852
200655367671657249
5
134446245180924199
138335835453611341
3
1
4
5
4
6
5
96030289430657407
10
133725292265514966
10
2
256691623935744641
1
133271088811874252
8
7
253642995867775949
4
143677817250173600
55265163509353077
12
85740476528121890
10
9
8
5
440504065013169280
5
6
155104997187862953
5
242527502389412432
5
5
46834661913320087
2
19955244720520161
12
97499650035873800
102901616498151791
30144333832235786
166100121452036757
153178402383484452
87159563067625419
7
3
2
11
73581262443101839
6
150213100832367429
189284264503579180
105675524811906406
144195997257225868
6
2
88158246259669724
2
6
1
1
67183864067289050
141284903184863505
134810167659553478
116871014143088323
43282060070370798
6
3
7
182682038915454703
79829140612214349
56711151559168700
125951569538150981
12
8
46832729714978515
1
347991492497511943
77669246176086576
185496979712009811
141596155175646557
161737371801996772
4
88166796577720266
3
3
4
6
94294641660008380
999999999999999992
41912689630976450
2
7
3
662431376800362538
5
170787359198753013
130740228114615106
115851275369267791
1
3
101818050548043064
2
97557774352210631
6
96669133116282785
326085518377175168
6
4
202355621767695627
8
115253259643090704
191101196932184464
329309407017714040
16
107417855980102786
6
5
715278332847758915
39265151537744460
3
3
6
51949429074396994
7
1
196130328824337168
3
2
83545067756989658
71095405523169039
139700379506311329
91553647096373544
70502488841668448
111476674799047184
325625900277237579
96635248012590766
56883964371421220
5
212817096003542871
98490742323122931
1
5
91700656842638328
501566248998985034
286675755879943056
3
89892742008115975
127714311693584777
2
409085528266500794
12
3
204446483073306924
5
1
157398606092885222
15
6
5
1
3
135069486993535777
131300671368474560
5
1
110684573777926570
10
437690613680412268
170932115540932144
5
368626153094706038
104569000307127638
92831178435503514
9210163366707792
5
13
8
5
6
260747967550911419
134563567351939171
98097037896150555
59643737616836173
6
62922154007611292
1
4
7
11
58323750803323444
201125679876563992
54202060247269462
7
3
3
115690079269812678
61613992114795941
165308618592380971
132096334500127635
5
90430197180297290
88451606036242444
5
208357244379961830
3
150866060010105000
5
14
132067176126066042
4
5
143379834890913432
125728892425153979
2
335050294065703110
88831270269687832
3
109320919019698764
9
127467821734317424
142593332968519585
112049738080546809
3
109234619282740071
83113286636884229
62107208391919915
204891193157548591
137628486740053144
409243422187245628
4
624652247420102691
4
8
3
5
244192626929419128
131159124894385856
19491957917417715
349318795943315890
253292651135739697
7
4
234714126246716843
128200991904443934
2
104868484088819889
114956090370437015
6
146945531829001622
8
98186471844037500
7
8
76043491875101489
266941576664976505
63638897365614755
418552901454783173
104135271558333769
1
257006457872116117
16
66071380706905167
145888778376706480
9
11
2
56642225817377741
4
10
6
9
5
4
8
3
6
2
312477557619345966
196034353557853599
282002286093997604
1
8
186071847544401369
1
4
4
3
6
3
7
5
7
4
121790731386249640
139022537703559509
6
55814161834781068
96167460223792588
119808792636984528
3
4
3
398953505102755927
143518830440312623
90701736941385984
9
170231877962767024
5
128703950942159527
296766675559683486
171633816993161541
8
4
48241678866727357
4
13
227511360770945266
2
4
4
9
6
251760360209963989
8
2
7
237528288281445641
54740335475625159
8
16
16286224936530030
509899070790186489
3
535766376690784951
60047948177763513
603498646215172870
225502281313911658
7
2
3
387818093862358439
4
80230683204194659
5
103224646028825894
88385484836767057
3
9
6
100784091750355387
3
9
4
98650866809147465
6
124237788734022538
5
5
1
196668227221181329
104110766860298404
5
5
7
5
14
7
267047306361222811
8
14
107518284078742241
2
98525929565603445
78662676154163771
5
592049620523172354
569701847981292057
5
478505320671645347
2
139847513963642895
5
3
72585963136805564
11
328060709228851560
100005176721961271
2
65312287067027330
107631043090260083
73180236051828438
69257339026386400
59376299476373862
305090990186448695
287448895718048266
4
3
10
144038746388240950
192170490316360360
4
192852035034323644
6
75663704838616281
141828187818326962
7
4
164784568743998756
5
8
2
109225453846488583
162351776795721262
5
9
97323685862055225
58719218603799534
3
5
463153297425698802
3
63749823008820799
6
3
215631165857286238
4
2
6
6
999999999999999998
124046107129872727
47782460302792797
4
4
81861852662522057
347234501938618581
6
6
1
2
164894377461781826
1
147008685351610375
5
250962842804495597
112637123485435659
152486690593296130
262415307839234903
58505785061839383
248460784027003450
80119600423047570
3
81233198859596176
102880898452002902
10
7
10
3
123286216878298081
61169334497416564
327071487719352187
1
1
6
7
5
4
5
8
7
4
7032684285001829
146017800157817932
5
172440210976422598
6
63858873018488322
1
141157038339571521
5
3
92457322166142593
6
85200200162416249
78418032977477396
3
726950310387424873
183766429791520686
125232270443588704
9
155610399041793932
5
6
12
2
3
189730082434516185
209702973426741595
9
2
2
4
557878024057630186
9
24795326035021565
7
84636996544990652
4
387486129295399149
193157509047990153
11
83614630697399528
6
2
3
5
3
4
5
9
7
4
116072220785466428
14
5
789962404469321906
5
147869903404730400
102834773944784136
5
5
98876884102142919
6
2
7
3
2
113587888379150522
46505787050727947
90548075155699835
75849047252820042
7
7
174842993695678430
3
6
95081529747734425
166294938950753683
8
52139578053997890
76766249687466221
8
7
715098274330672735
2
21244425786299428
125355180192636307
5
130700151218491028
203503368461004421
3
5
3
3
2
6
9
21063008805998814
71625822853768456
3
15
135137278167024193
6
3
5
7
7
209561636337343226
4
85737994100960939
83520218191450746
263299316961381217
7
5
60507248466868572
134704816436116294
9
6
6
271384683354872315
3
4
7
11
78854667628760171
5
224697549037985025
11
203518505930318512
121473415038000955
9
4
7
140943455230073904
6
115877874909179360
208688988914764158
168768055962794625
166178260097595379
108731914701952707
143173267331833842
127984778838377302
114972019476703011
118081094412382162
103198735348437571
999999999999999998
7
113888367293832052
5
6
175978184242175038
6
5
9
218368855815177007
489547115333329567
7
6
12
5
66447032270844779
107312913184378490
475744438777711029
84501176378279975
1
92756385515828889
133062199402277038
243274493391020330
4
71210926131579885
5
4
118275814962633172
143567552790045177
151857324242474728
54910697012039800
8
57020049356623879
2
6
129975657288182966
7
8
4
125308915082005169
6
14
199206436339952438
8
87811001601361210
1
3
5
6
102185412978342701
184575636065177492
5
2
183964093039786634
4
9
5
7
1
52917713858777068
144499802291191497
4
118144400111340132
58978302060908929
225047798643868607
7
4
3
1
135862157811252128
4
81407827933105574
92551477298955399
135107839188090145
6
4
2
160717242372674948
8
3
1
2
8
86736501856820963
7
6
4
227342529352439680
1
99076117683528445
1000000000000000000
8
4
10
49464046424162952
294469985016119228
157681310235532819
187432418993675824
9
306402398757505630
143491127906046884
262840311226983909
190548352991073008
4
212378882668136200
4
3
162800334889538128
126475131781311778
8
204188027739905831
192709892102171840
80806423876577684
95404583127319899
541953224538355229
280412511545372934
4
75469977618226640
147674312231279822
11
7
3
2
6
73830805258825989
7
5
7
8
11
1
9
3
92974598448751211
8
3
3
6
110214336381859498
489195937988943671
10
150583426004980480
175636956341460786
5
78415943805259023
100964446301215939
5
13
723038630045552092
8
208535420210780392
167884924585518501
76299556986518867
294016518512273680
118934624552836519
4
752742447143607961
72853482009964394
834598993785253440
3
136192643688283423
134267071036271910
159615845690613873
153221710785346065
7
246543832203349428
6
68982687430550634
25584663207297086
185794590691853932
1
1
206434876161306935
73315975569348472
4
1
8
109123396694608470
6
128370726821435577
3
559972890606898811
9
6
3
49342626382928812
6
223623366633487483
5
154978856887817215
81591194671570724
10
3
7
83781547602943251
150145974928033036
4
255335438936494592
69252500047081564
165071830571038407
4
137168568990176432
5
86852748624841371
131064340660890163
154119005136357516
10
79889048816172994
5
7
177510467171812795
2
7
4
103136583601276371
193378114998927782
999999999999999992
5
5
8
279249032929209752
3
122066509355963825
133509581793958803
7
6
154575057750844661
324744861024973663
126079502203064131
166001226776995925
13
40806410062027051
12
6
72389497530148046
150980161625240360
4
6
88864561778201609
6
169120642293909401
88271698973996844
76523426096364806
6
149541619243960287
4
8
152725906495418962
6
14
70480249552322381
1
20
6
3
193095714181192945
4
4
255494642682108730
9
122116878446133763
5
7
3
169355535473984704
7
69848717088883552
109900851278306721
250232022545847357
147733678909156148
1
9
1
211887682605042114
119699203015281854
2
142025560369522215
7
176337158942579621
172158352045734721
125324852161975070
3
4
96317264683808720
5
9
6
202277977691663245
3
11
581436086148096012
218298274168052428
103802366438635870
5
458302713226146342
9
5
6
9
62706026033630278
136150215208663343
7
4
4
7
1
1
1
339878486730619144
4
57680386235813771
53622384703948067
128808286422077809
6
6
65557395126995224
224649166266303657
132083582960487350
11
99375116223404178
136522445204841232
1
173465691458720836
75451872578855566
137472681592997300
94219291900029945
4
209944144896617455
1
2
90885852469015993
6
4
6
119148816115876675
137893032288540118
8
5
67546496897410719
5
3
4
132793732750750382
73510782753327774
147139095972788551
221860924199031754
8
134447920071096613
12
67886895711145268
222410827141123321
3
10
12
179594459933204265
5
116827887537744261
8
4
268890240101939773
98841885993741424
13
7
67103003070908046
11
3
6
235524630647827761
121435575045423416
54924092144242637
9
2
105504198632747331
104263242140435945
5
3
5
195989637983917853
66557275097042965
4
99378789965292500
186009992153660130
4
271970814695069265
8
10
388738223374198471
73328651693712904
5
2
61344223347931390
94074606751180770
11
162860501115733789
10
10
6
2
5
4
148861648591243839
3
203873291016413585
135903920736764169
5
127583312992808293
11
7
85756509963222429
5
194543224553569845
68466393680851206
4
66805496167766061
3
6
6
80905355684713074
7
8
55314389106631289
313242422752693156
7
6
6
44050916508440248
2
112635659257315641
9
4
5
3
1
41121464054109512
387724413555711961
6
999999999999999997
264763697529723425
3
233001361259081645
2
6
129621622991743784
8
369531514945437277
12
4
4
147854546068724417
166177981966371909
5
6
2
71007381065332881
9
132665964910263109
122448930295636156
7
152348184830031893
4
80528404070373946
7
8
7
4
64864940250695143
7
3
6
160137427089763592
215851500062260429
8
126345447368558551
118954622395159163
120797067247433334
72645609157455192
4
3
2
476480079144556064
83326991642214753
345327196949845751
110914581468816200
1
175910532462560402
6
223505044040592668
7
204436746657869423
192507071535619332
79686533737605960
12
9
161441773313399253
127441307492366940
999999999999999998
1
191026619724424463
4
144012543323142183
178565360572661724
999999999999999993
106373932327314739
4
305613005933996977
5
8
5
539696323734371878
62868191897761930
1
200595366424388864
5
4
3
79996173998108622
5
77568647187200946
6
544355698803200030
195578731701713610
71239876346727773
6
54128931013471971
3
3
4
9
113381562618266148
5
8
67493475343467750
5
84658178765308431
108098892292074939
2
999999999999999995
153599837477892507
5
123008706695520111
5
11
447116292195949485
150640127188956467
8
11
214284673362604650
8
9
69287701852748440
108943774109623961
6
136293286465094796
5
5
10
91344204473994766
18
169452649287582728
192093107635504380
4
6
92210878638427435
12
60364471286966720
129297604175718570
8
1
9
194565935452567145
3
4
1
1
7
13
114718903056166000
920998321782816494
4
99318423295686864
139194607847668746
337526201809134695
3
6
38220656288389186
3
149848254141328409
4
5
2
7
119062094241595137
5
5
63619216282329694
4
88613912137905738
151901240041659379
61713151501080133
4
174368347878327143
19
5
189658246295024896
3
84366384180813497
103181507744597668
3
3
894887804382533672
8
733187249381180352
342568220437226972
4
6
117587310684949417
3
12
999999999999999992
190592765487328160
7
51635968548235827
594781067073184626
9
73879292020887273
98915889727264680
145468787541798002
170323098907639103
199991749241894997
128030203557088517
1
82365511003425957
3
4
84497273189031356
85497942197555235
5
76150521422707749
173044634561039788
61698070441252369
7
43654811235203980
65942100076847689
266326525854865056
75599778606924871
13
149745311598742711
389497190305436744
7
140867669413359666
5
9
5
7
5
337358732491309041
12
60708551160654391
113501695479671725
113192266309027991
57470257293603825
5
4
465635326650580881
198188531533574347
84276579512148982
5
68479680494426044
297239403629184976
10
9
241221598855589276
65928090300619560
3
322054508294267960
331590728378393814
151021834529896754
10
134729343981559330
322219243688958050
4
7
181673918940112703
151265747979213927
99681099472952620
9
12
6
9
128922427428017528
59473415860501832
5
9
478700465100099604
274053089288120147
5
2
447942222338958347
323115188083020677
8
120663592761546891
4
110983811962689531
93448356387014591
70507890592217449
5
212897253761389814
97745202098035155
123413585711295316
152921568083856939
7
162964221761158030
585911777266248498
498748868346421397
6
161185322812007915
113290690733842892
125197086278490201
133198165619410191
1
122537022337718926
7
62760649827069434
5
106544907004250597
1
4
37389132151381068
10
123416999718756603
55755410472589634
151682007196479990
192381872471382877
190551227705211156
117631873897053407
86945246052483249
4
144117172124732559
122941763141048095
307120327375971453
2
177358713858113030
95519877761642078
8
81220344652243739
7
129640728073730721
383178681536008738
123441138994107066
5
5
128323512080051792
111132433550577659
1
12
113236326313585075
1
185324834490659188
11
90631705500987887
232282954972457192
104631366761084328
6
9
120588831688423134
4
72818214677519666
4
2
5
5
2
6
1
7
72068795346209877
172819187231361885
252981986216969079
3
8
8
51894223693655307
117785469076749114
113289962915635943
7
5
8
80968272414465336
6
999999999999999995
3
5
6
787877977908644260
12
113779482930761867
7
5
177512075396052196
161229624932565345
123992715821756345
1
66979990945009234
189241234486165107
6
77472538646983617
1
8
33154657446891543
260202057004993589
137730860966030777
137394589473603354
4
5
61343090074771170
7
7
11
6
4
127594534456292736
89281710495750989
70962254381858907
1
256310894613478332
84892049288098999
5
7
149809452349665001
1
110034278754640691
104446158700918564
6
4
13
110235283460407222
1
146548361145680915
3
7
9
185564374571715481
7
60987745513574773
140928429564122063
4
2
7
88779332029144428
120200668904200700
2
168197668322927560
110880999769945683
248150547063640049
7
623367496755637418
85276524658870035
4
4
9
5
4
215374774225420201
113142981951358069
166454762723092436
7
4
16
12
8
163871443964834359
61923171044294271
207484864286937819
9
5
40831997916790680
11
8
143919763728352762
4
183329291990715973
103008567473915658
8
8
1
2
135059141942365167
7
64875928455357830
1
182682270014149861
5
6
6
388301723562172060
1
131399737264338424
2
59771166028464707
149365664532106299
87046618507601314
5
7
3
110109253548924287
103227529868328244
11
11
143851136886788438
3
8
105045996403973127
217318551946690859
83418135873405006
7
2
11
6
8
57230267181194647
164225254940360657
9
166579311821103525
1
5
12
11
7
8
15
177010354062905884
5
55879612542192645
1
5
155000976069284848
85052679785056412
6
8
72888772196843045
99411673866519294
99966724734156471
92718310174748012
123131015047660763
91683576169742702
3
3
6
13
132363455179783183
488532184143293280
231370190315312666
7
8
100697244405608135
166848406270907621
2
8
339568272128717266
165641321386183522
12
247794305328993375
6
279035561819343982
107323220849576663
2
1000000000000000001
666658786528551511
8
451233312859546887
251358494756532073
135238242536641796
217921044787979803
83563560030389980
6
142828489887413819
7
10
104088842743056299
141490489300793362
6
2
30420449791872036
247536096423712393
144453026075559247
6
253813971284181166
7
2
122152167287023755
108952183293906707
241671151951879709
6
109962629647109105
6
63471892596094020
10
197798719663333116
3
209283700155612460
9
186615588485704652
4
3
72008105787217429
4
5
6461347116170334
2
8
2
5
5
88478848692252773
67836370371370721
125259461387060570
3
2
6
2
6
15
5
2
195687481179754641
1
1
5
4
152701548759073349
9
4
74008872299405907
180461039311577273
289925449255747772
6
11432248561435883
374197843431109617
7
97106493091401229
10
8
299228133175863188
8
188200348820174145
5
101397112970114244
83251487012978160
3
3
163492571476289814
7
193285102888190506
4
90119144566889706
3
10
6
4
5
86184237754545509
789437342828515238
1
7
103026881623094132
10
137436340551656969
4
7
168300271164050366
5
142983865401546436
226548912714174207
9
188487271381559529
4
6
208548731592886788
211988658133922237
7
776601655619876231
10
9
245239240771189035
5
15
5
5
161009106869116740
1
1
8
94465636077764905
8
7
84562219304442777
240608093804151946
6
113418379130545907
222480295817048725
246698237486472899
3
9
178900533348959190
9
8
140421750976105398
15
11
107979019737972867
10
3
124707391729404469
151675075551801707
2
553373824555659088
1
8
118056626233507894
156398360243829547
141427085752761588
650850186214369356
999999999999999992
198558600706086162
64619013077691436
8
94378609834446824
1
319114860754276013
88220448154944064
4
8
5
8
60427165306497670
142433241533205430
265925584450209350
110116296710322204
4
3
60799766317063193
7
179919684416996131
49587359483005724
1
165050462771877964
8
1
1
3
6
7
2
8
5
7
18
68222015133144189
1
8
276831080405277744
4
5
2
2
6
3
60727432735100532
7
349356520463527295
9
7
85397134245093451
92250583200682678
11
106996241613516331
7
46852911922967498
132579732975452167
4
218929708220781244
159173490666083391
7
176763158791045785
116926108978930709
139398954669323265
1
6
6
200128055026445188
7
5
397976979765444190
5
6
697123644470077695
238019467087165120
95089235246426742
8
8
118253182770727795
1
167588383383241560
284319572678878014
222867556651176739
141719214801531894
76060392723291483
93909290246436622
88404340462278299
3
266497115841248410
8
60001744493309635
11
6
6
9
2
6
154791928620968651
4
7
9
8
225369587739473213
77720233776624621
69517749352589781
217188885305972020
1
25330447429194997
107753386532577406
68878776913588844
7
85173054707007643
3
2
5
148497113906874457
6
575649869427139167
644096874760813951
74971936579530000
8
79211037162918454
5
101376637495441871
3
7
181014793431021100
8
4
250484981385101512
310903812671419826
5
133962319224431142
139461079283788782
35574042531627117
7
1
8
186090155047039892
11
8
4
269961873681206459
10
214930695532489617
115441422093646264
9
369128817011887618
3
5
5
51273202985746593
5
84236178682750341
115711588188311188
7
5
5
4
133260210414817240
432113703614912554
1
8
4
126654815231707101
1
91404458018108438
6
72524351478718266
64555110866700753
181724899605663795
1
11
11
5
4
3
5
316100576723574690
4
5
91780625842189696
3
318387880416923973
66311093593027221
97574745283298250
11
120776739370717218
6
7
16
12
85389919025413172
4
121744240792592038
2
156279065750880943
75685063380447878
2
2
1
3
60104059194843434
205499355441977519
289716941138902096
97855842624298840
125625655682846861
5
8
9
6
10
4
8
129386955560100833
54847304568167271
16980917358891280
7
6
82287162034098525
234836067873565672
3
104086070069715205
261056971612132868
12
7
101615297280417538
4
5
127537182770113408
11
103117645291521280
177050980674635822
47486339192205438
4
2
6
181593440287604817
443887243666678538
95044853944065529
150615756311443091
1
95463679880820801
77457248221883267
5
11
388373613363966387
5
111737823232201650
4
3
587776229459082367
436594011683317985
3
64716935134736279
3
722830955812730505
5
211354472868632051
4
4
8
5
9
246789711517673338
1
48042524309495719
74260583700972804
7
11
158002003942982532
3
250982432238680058
9
7
178407365947638572
35301083271988571
204431794377666405
4
861657591914255591
3
275925306286606819
75399902612534741
7
2
3
124892528493684289
10
269024638667282099
317912206821105568
143432486155587910
131396052609835239
141571979889754762
190642119847244587
96333661899163473
3
6
10
1
5
5
7
193287273361544633
5
219850120076200192
13
98750590659710707
10
2
6
7
2
4
211903137480484633
1
106664506007725977
67400000228733551
7
308381022864158844
188322352459493548
6
89985443616481500
3
210576017403615628
296527086813268682
444920927591523251
5
10
402965063809940397
7
166451795935069687
1
7
144229726300595259
53196050433212730
5
257606392561713374
3
6
102133531125654479
38088142855649739
93650126831869133
254302100891612937
999999999999999992
7
5
150778901834001638
6
4
13
7
3
188662339814137921
78091805172310748
2
277699882318304729
14
240454076095776316
159909012188087069
143122445105991821
112725139212604057
7
5
8
2
7
9
4
1
9
92718892448881872
5
95959250184358484
114980003163830271
10
144160305842692487
99910701468250701
79852545884276761
8
6
7
13
242494392759460728
9
6
9
75139719964174657
9
7
106623966952433137
1
6
154552599547897960
1
4
128595586960737521
8
10
95084000642190425
71435046812249029
2
10
119845507052924834
8
3
39253568551181036
7
2
5
6
238478156429472703
3
1
4
5
6
5
231120175223065713
10
2
8
179978797769134683
220778374339791779
111177918782246936
372721811896447390
112631757923174750
131467449231941877
133262144162146679
46407695299912062
136394150091959370
122877057791222829
15
198013268642006640
116462368535747138
4
2
10
6
6
8
282417187430611379
4
5
43389060314371241
8
4
5
130976013531660152
82328315665836770
6
90804212840848567
55045557147469318
5
4
2
11
5
12
210383182504472185
10
7
16
100773806737139388
190949467826333429
5
2
143112556093833189
6
125722881729620160
143354402347144690
82262849481562047
5
142060131284460441
983883851514417729
7
2
5
44618795390096471
10
6
7
109688234718071631
2
6
3
2
6
5
300604041324161797
5
8
5
7
66738200767995827
4
415612482493986559
2
7
42510756513063646
120580111960822989
1
6
131976770275672707
120711036591778557
4
5
7
2
67286254134946435
101875393067937516
104083389868645873
4
7
484487222183448244
143998875176433398
7
264201080417105370
5
150261472058832109
6
118351431992146651
149280737239449244
3
5
5
15
4
13
134789712906030225
282823533126097826
61207518145485964
5
8
3
210474893799430953
3
7
4
7
347646851077929651
3
10
189949151825199167
153733784522485511
115553954762322153
59955899881762241
155734390550543848
1
4
1
3
77485867561744069
69214396247544118
7
5
3
6
6
6
4
113652458322122515
5
7
95309608247790712
3
71772073971251887
105421250638880582
156025819905840254
9
2
444780284779578832
5
9
4
5
98017120298506238
134340283933008307
8
98357585418027418
8
2
826042064491550507
6
451147625050937642
129470898283608771
252709001291166872
39870309853601659
6
2
119075727168530498
124564018470127810
1000000000000000001
55711156513013744
5
7
154231442171378035
3
3
6
91986601581127863
4
104456254070548721
5
13
4
6
9
4
8
242418834103442010
1
125681356413607660
33763588392592403
71976991449218720
12
9
8
3
6
2
2
171939511711439164
398613566490862260
88237394598916272
9
142766802680541855
4
85408564830522566
45628377937242428
1
756363811810135158
222429388231752541
7
5
8
12106275690724743
9
59411689893692900
236129304823831835
8
8
5
10
65224504710300781
407122950519511414
120451434088950491
4
158114817988066004
137527685076333037
698830671352136195
116250111204844505
92145664039763162
1
5
11
3
33268943820977588
154339785916976321
1
6
5
2
10
1
142218341192004080
198831009715737056
66412134699954175
196518714434816617
236581654064190803
132822114911668935
132333374913913686
61641281988233871
11
130106123035104946
5
57041793936889088
4
5
113932537170838722
3
14
6
131366542670036209
6
9
609676057679458092
334128260644837992
78481925681094096
8
216391599023858795
225773150038434285
6
197317381680134291
145383788260709013
94039267730384989
346037749177087892
8
66343237688879579
1
454677794122687348
3
3
157126078586779859
89049504090740162
3
4
84604247388708891
416524566693150023
96765853398616526
1
5
216822285604346889
999999999999999992
205737333392995214
4
114160596132103098
5
38103233880408249
8
11
10
3
616070516297485439
124449557963903829
25008716217235739
92006497758534252
1
4
6
8
6
6
4
3
108276413016552368
9
114695333361890610
221569118379638246
155574880391436534
169159990876130407
329442830605993052
8
6
178932630003951035
3
168413988120589549
7
159643677933532821
2
435933296796202265
1
1
3
3
345691751010185647
9
6
142538366144407958
3
12
6
120943125867885538
4
118923918780873668
2
5
6
210492124379183716
1
118472008333342712
165269466273037137
554599749702418437
142798052971065507
8
13
6
9
9
1
120699097280214190
308669122455360282
136300188948627058
8
135989982885609672
7
407784804214082269
10
4
23391939113573857
10
101737993333355466
13
279138167655391853
5
1
6
209198538650758528
148096935493593809
251837812830558661
6
259420932326069703
5
8
4
3
59265434864271960
39047509473741230
118561447096089933
1
7
337634508223596433
3
12
8
336528412261254569
78595263551839134
4
11
7
229006800085674713
133030963506680107
6
11
420264904884082032
147012572598645123
4
130901501842939103
237072062896675231
363592101223925418
122812034036497760
8
487693272465875617
166308942979292976
338243229389502494
70015110087077240
6
166362747655619119
7
32495204644733896
3
196120368477507308
7
99818889989356460
555960846695954114
120225847671985286
73014568108371859
11
7
5
213447316375245430
9
3
59414747035945973
108469285608717884
124737924522075675
1
146009350652845589
413201409395206204
168327819520479675
1
4
132891163380004473
184478758887317818
4
12
55845352221428114
2
38009669207475656
546788325730109918
10
283297817516174685
77048387350766972
4
6
101921769499817089
89082197560418730
238640163792380395
8
4
6
122876827799566363
54289655132157433
72618505622721177
8
7
4
5
14
10
109205663195401170
170329178905080839
5
6
84700928556442769
7
82518267949958896
67035860435252586
11
334070666932314754
2
94774111315915049
132635605575280115
174583538451448911
5
6
9
1000000000000000001
6
79418236735557340
8
118255490959725861
216015918070565030
62993507898284754
7
8
4
999999999999999999
1
215490945604095973
5
123093320979830507
76928473765178632
122844317991644730
7
144338537717526946
132634186657042392
109596404752132569
9
7
391479397579481801
220761701481160389
20
172713481851085271
5
122794543258366470
116768485985295583
8
9
92119441084691168
311119288200100396
5
1
7
3
57995533829142998
5
54130670588100521
7
59497237058003654
4
5
1
94241649281642738
128507319134803693
2
2
163375747033762484
228505418876262662
6
150863427302087852
723696414567506288
4
76099278356714578
116979930419212314
153303303131426286
1
84416168978530675
300975334769197875
6
71935697919979375
2
211030705675909615
7
50407701752494354
868749907670829621
3
130469839415467166
59681092609609151
123530371778948182
5
166947435463276888
252730137864491217
116227939878606251
4
61547928989929625
9
2
7
208839864392962301
7
183622583431014118
146859019671037580
167906447280474847
2
167391642467877027
2
8
113431499624665951
4
80445188542455454
157687686141388217
128989670613048689
101439846118781269
15
184989948909688962
4
5
97859234328958576
241788370611354978
422212994399442977
350556402064195047
266223067478720695
56844475028027273
113460371401635424
155312607340319338
3
23708175072455526
8
7
301558250710628431
1
119141607748750716
92789011064676991
100859833534043742
103764784243686633
4
999999999999999998
3
8
228657136055634958
4
95708990872118476
517679426681721330
2
71874025616284847
7
100575793236561472
116719514547998936
134655926127067014
6
6
320940609414328899
4
3
135504504328434690
2
6
4
5
113364534628527315
6
178961207641490238
28562448108589099
109194249832096949
1
4
140872959515540938
5
109118413770330858
8
147151262906597617
9
61804393905454255
1
82486335675814476
91778619389629925
6
267220225500682586
6
4
2
6
298496654166368634
101408967450773713
126243878788142241
107198499951600591
63915288527607169
11
160814631860414418
10
59073090923799693
158255824165199923
105880322973708516
97751675358366590
5
197110207408836981
4
12
111488426923194113
177740769896890795
131942943933316928
82419010014114485
3
142459829265766363
25930463514165648
3
7
55761401448657624
156159597584820946
178800062084671815
12
161911802609569962
78731346353399916
1
9
8
3
78976623399050354
127491634370111051
10
293994189296759664
121850852957778705
5
3
3
4
6
333794758511850976
143336085738242339
255057817512789821
339009506503063871
4
5
5
256646366249147876
227192530568754232
6
150159706638169500
5
44577486118655168
239897325753850483
111691889392698200
5
141913990726358509
7
204568206193563738
1
8
8
4
487770711126761291
6
430786932940756006
8
3
41870766088336959
2
8
240729799430851812
211848555288119537
4
73484432128816157
5
3
4
166409066980886339
4
125975472078934565
999999999999999993
2
50136484267525258
5
484761337107105433
78607144082779492
402710085940261571
54730431777692248
5
60644690675655364
5
1
5
511798475452252807
7
5
49206010396496657
93211462669342752
94598093102088623
7
65710883286336273
444877703549314011
4
121499144681108042
8
89106239405304174
222512809099158973
6
3
17
133148133175356082
433505339998589879
175297467477710363
786531013669112622
72717230283486502
86699715548253020
88981892301619437
1
10
395542249315370497
219747475388940421
4
7
114400681549898388
1
44213615121449892
151543486651768786
4
122404186684084548
5
8
9
6
192486554121942551
84487173514228672
109192688653421546
161872207508630908
6
7
8
124063897470701350
225469768734033949
5
8
93989366929764223
7
131370117818306761
6
9
474264867621486439
2
10
10
3
6
7
7
71336236030452093
4
6
192747708271746508
168790739542456077
4
105331024210506769
310395099838539031
2
11
96714306590781626
168551201226510707
114186117350715364
14
147119697046656553
139243475250935018
3
5
6
6
6
605342390590463786
5
241063853633231208
187261504392596420
4
6
94499415128788879
43050780945516049
5
9
65946340507314120
3
4
222245223563958101
3
6
40495026878000487
373395244609395096
12
144922015452696806
10
5
8
202793308520564948
7
10
163569817535795845
126479243634623250
212474806493734262
105011498934561386
229670927781100357
14
4
3
95178802285086181
1
8
6
85922116952299629
100020738512931135
113293190248291374
1
170965774797401712
140329593660902826
10
5
5
4
167365138809845791
3
6
3
171374917559033519
6
869002597182106083
63564433871421208
6
5
39814365422371414
145468003086313743
6
28725277984335317
2
5
3
4
11
4
66060325580160461
6
1
7
10
3
167578829915730233
4
194257200471516452
9
5
118610670413654449
5
5
4
174281318317127594
3
167001247610438137
3
3
148115987898722191
161436163222358712
9
59762675954185208
5
188528349263509413
12
92180831313471533
3
6
20
223793399931255249
153650490746174595
58536870672530380
12
145462570439714921
4
8
3
1
7
3
120116403513055477
4
5
5
149970286665860545
11
12
6
5
9
4
238717921232239269
5
76668961175493689
215554493579231857
5
7
7
5
48783951400632982
5
6
93230989743048192
7
6
143911852250496971
8
752095314916006188
6
240053594510793924
3
210781080157524141
4
101062148919498968
200177714770113300
5
4
2
16847549508475520
637168395585800640
2
443369892284897173
2
92780573849242249
3
378520068696381566
82933415114613091
233377238897084158
4
4
7
76097521159615473
6
3
112761257118394259
6
1
129369273205825086
9
139668284576931842
165206581324055032
5
231428824017533207
7
212790777373166829
182743830773270466
9
7
63684578888737925
103346749622724701
7
11
32095634821379746
60952564706070906
4
222778357740435035
5
93580700688095729
3
169786727158599561
113597869049202897
999999999999999999
105075418917645782
6
6
8
18
5
3
7
7
6
149701314753924387
343740162047446058
138346329906641200
3
181617528524835848
6
90617301502216243
6
11
62270117375333051
1
6
201562706510089988
9
4
83075754749444361
128896308928082064
195030729160167853
6
53009847952834928
7405662952315553
7
7
4
8
7
8
5
147149231998905366
68029150014179069
6
182645452182283033
163745507311217330
105152117919999812
705286206526100556
5
409468260817503890
5
93454782501672882
98408914901464111
119791657330568590
4
1
280808771868568087
265692425676513367
1
156794278122686163
52752188894949304
90824610482373156
7
90036557542141070
5
13
428173011555368609
357011919461694890
199788683066462004
9
2
5
7
115712017108767877
1
315032261238371462
169841857846838967
365093641709117555
12
88033386132577154
10
242461975838644282
5
95618888391726376
8
297102026490281886
231875843983340136
7
4
99656084131214948
11
5
5
2
78763509217871989
274732236893088249
53884393891948033
112623992175321254
7
203352588600564164
3
6
43099096228970514
3
7
9
6
154633964907862185
173995155716750105
3
2
3
31008206940453998
148624454254896689
120581650594479181
5
39862314176379761
1
2
259189655284874140
2
180445089218992412
347424479883800708
2
7
13
3
120273392081202091
4
1
23953051537079800
6
801080473010371651
5
11
6
96657858620948223
3
130276173378762412
1
77902400148053159
76228584233988997
95570079481643482
5
6
117017133390872517
894303243671168573
11
145258260379979328
6
145735613611811420
112896887549305501
97265721649777942
7
1
1
2
297085314552326689
41255999586525201
125215210591476666
10
9
7
67379154523773735
9
7
5
4
10
1
7
71456084900004917
14
103112192361260035
129387662635902052
7
6
83995573395631988
73753525687752518
326803668533417226
4
83940049771306179
4
140815792431396013
1
179727688130314597
101360955328058480
842488513455446080
311123408901832642
105315787140064342
6
7
178906611188242718
172364459928638603
6
3
76701846001862053
11
4
66742218072764212
145743543582046013
5
3
140626786768134120
5
4
95246073663134168
5
166279805348949080
999999999999999992
3
7
1
100253585733052846
139946090350037269
76415054290361368
10
345932535118143260
758538412660774619
134720083173879262
190758704246493968
91741235874523488
4
462427462608024615
13
4
130427701645537487
6
8
106636067193648316
66646944769536856
5
5
8
6
393402492378007424
13
8
3
49801093686084392
51787625057841796
8
121557253131813528
340599522648280780
62389772394320672
302902501476406462
9
22871211670489385
106098082597144570
6
5
180055421821350628
59602543441940006
24753978655677321
115058733544846080
108060260967854520
1
5
7
6
4
78287217819162279
115270439568741300
8
265950600357945998
7
7
359661349376037629
159913180156600281
231715606859492498
14
109811958501257027
9
6
4
7
231127364974405903
92862515219823890
7
5
110536988728245860
8
95062895103684236
5
108201835809430467
2
223847170993700484
247801202484328307
9
369944047191114485
702939267336625310
8
11
13
10
3
90574501620136776
2
8
145018313970605952
9
6
35055626472418966
82854209663485950
11
217580473142595608
5
146412580847795836
6
163781765633565527
13
63775965086395332
938119177111480430
3
204146990575576391
398734098169197216
90170953705549188
545594605959606145
6
126544619144698117
397550119980014531
66335378781207848
5
5
212497588050491062
60262309669533700
6
103242315223570126
6
9
3
183008060519809267
5
8
6
214839712059250314
1
107015865025603886
999999999999999998
5
7
1
105097069147869631
6
8
2
167255316685525512
4
6
305609413221436426
58693647655119437
142021983624438253
4
130166719657028014
5
10
8
10
111695565302975651
672269054408475577
92999341918024435
93223013747781086
1
3
7
7
5
5
12
140158013093729567
149139575608250750
4
107648771032188878
5
124986685307298690
167394871718679523
1
5
93127073468374031
4
71075910516858574
323422975456894357
171706061262274109
9
6
175795583286841910
10
6
229387234213078721
4
1
100400284472614885
162507163632348926
2
132730345887519093
6
10
3
3
378993738951766066
7
7
8
101959475591239430
72663900307823540
177788019144388157
3
4
12
54321176227054425
12
4
9
121411979381729287
126612392012538768
300463342294151386
8
83679889326857094
82228414392477626
134309900744518369
1
4
154122005274812750
45855283262183951
10
6
110338288441116628
88694647390281911
53906867190195882
28562983695980187
1
126783412698805287
253047469038783495
215650832229708925
3
129825544196080448
5
3
3
1
8
115602978452357072
4
9
16989494382634558
122073573077648672
87224973654963520
5
537885042963240273
407729640498654427
220922724664622173
10
5
10
4
6
182935887525753916
406427467922868234
303484160353194178
78092293642267543
13
117878160061648132
147010730518256086
1
91046175854050190
11
216902826577398062
43188821532539481
297188791019345077
38704210033692472
57992881262357506
6
1
54693413647504858
354129977218809918
161846130882314205
7
1
355247319431771881
10
10
114481276823836627
4
12
124850075260949633
5
7
208105349718961156
97793219611275221
207408295006642507
121462595169681833
622566465661414766
122479066261464323
10
9
4
8
397539059802826229
101716109941292002
211733697089092684
32204971300752681
148038245826416537
2
7
8
172581780970284988
6
200589636136828550
165759492831645935
60908489478213021
414592485342880336
7
11
658757583334418131
85852081035395833
3
4
3
634370494551176041
158321443779109914
11
335902935294215449
6
226975733446652846
73748416302865672
74456286637466134
103137472974226705
63478954611572735
8
77514860251744521
5
86162675986015871
117586911281388179
8
5
161015153582389417
113677608093229857
107678224643842287
6
161343144360262103
148538088019481419
6
115746618736533390
124888783468701445
78847660997075672
6
318362843663705650
13
87448325058919365
5
8
141960821432598656
5
50316711199019406
6
8
5
4
151481625843527039
4
178498303895064301
68072647209929918
236030872720480720
164582470924304629
6
3
5
218964138556376818
10
7
83976957201756289
243580436498155124
168278784927183912
183953857046758797
1
98996379472870064
9
8
61035372928731068
4
159526378285806475
8
7
129963510545547085
6
141122999803471905
8
432501975421414085
5
5
105483594498010537
4
3
6
5
11
144631661970323727
30506371746663452
4
6
4
5
6
82791452409419859
90810249821451925
4
8
9
10
4
7
974350069131548784
270432968076871713
110832340652789186
86372011731965614
442822479108083127
136322888246630813
6
1
2303770471642144
3
3
78189296840371021
125859313378038393
72135113335487082
7
1
4
4
108230988460792796
8
162712672792133208
66024773594229035
8
7
130255735993078794
172388457532297626
90615556053120830
2
67234678237712575
5
112852945680506947
195768221385348432
5
1
57752561636488867
338396503657692098
3
212990752402681129
6
133382555578085547
129942024141101215
5
126693078028397240
206170854264900675
2
82278338583144979
127573390395433084
3
243701507364228387
4
138301172636468336
120169592351547421
122790337439023953
4
10
185304480742742751
6
258090408174454493
79250228625693941
6
2
7
8
215431750832823835
103656126180179020
112789387045737465
5
308723986683678937
255083926326507063
160317486788683935
5
8
78407143373276962
7
8
4
2
3
5
95248495796820047
101796991910468442
6
4
9
1
10
10
191369470585990889
284613700325019220
59203474441562733
88553538079939383
86746421696141293
138499167136089585
4
91012677412180549
2
11037396503975408
5
5
93828168654458502
472315941492546472
7
5
8
144494974392484628
1
84140322919327315
4
344045472923959498
3
10
104984631160513802
8
187135273723604330
4
321569973802031750
105259221230324909
1
6
136765817999035038
85774816806049949
97954947239401189
121454765748272163
217602634411905914
3
141760372479021864
112138335179203073
335386201424274901
8
7
1
2
88149575732217318
603541710670370939
320485141349795567
116217958342586151
161079050599168963
7
203582344669007482
9
7
158015262021470850
130716552881589990
7
146845349767233961
281330947048374374
134312754564329752
111113255320208475
119744826757888398
214546249627160205
557875173023467371
5
7
3
5
127977008964332775
7
5
681022442815910097
164998559402490983
69414260243848991
8
271625486210976398
97190376130199158
25075467660021642
8
183991028316009579
4
1
135476183439008107
4
10
949707391725261947
9
2
6
6
2
146068193976715600
3
4
76895050140554375
1
7
7
167579247046479057
8
724068205120045300
4
129714347715336281
12
6
8
4
8
129599796834689734
164666117445007295
8
5
6
13
334754481259340211
106319377434714691
165279310429791767
6
7
5
5
78535821746256575
86226412888962969
68237045599262993
299323898491272918
8
3
3
64748522891846815
40464132744076723
5
23
63169645115482968
101429379739313723
50195023310159029
117859010567993467
1
9
118753429471459936
90828883981587128
7
2
134104208069789057
113915816151524853
69276529652233276
227264983540559407
782028269140044648
106417566367133389
102185776689866424
7
3
177567966716972184
7
3
7
169583975633226152
68455208945679338
7
5
5
5
4
200372552715990336
5
6
5
144352312545296822
182412789268926968
4
2
13
5
89563295861484315
281202531303798858
105465266173435807
70143810237909283
6
10
10
7
70931784612546863
93364475265466401
84633871459014856
102721848233599519
86553799057547397
5
168984581575229552
8
54189685201949228
49777428567770704
6
6
5
208272773700554152
15
7
5
201029113266344342
187716344934024873
6
11
174841413772048468
13
238286904082420189
170321785596946544
83397205284626138
161805931044986334
8
327232950447156164
94386399191429442
257356979646453214
192607707246581519
9
8
7
228220960327035728
4
44336179770261834
9
6
110248720470271874
6
4
5
2
138485229703617320
4
8
146677699513904703
283944056027304810
117277889618796085
97926349565128844
91381172995463500
6
4
1
8
1
96571035681133648
1
401633193660864310
12
4
75549872709157148
101075054112594491
115681157018980616
6
95841648661696658
1
1
52560813660252645
4
70383495873750371
110601053862455140
179282138933661807
4
49862272084927842
10
10
95452390311529250
5
4
4
54399536090427635
69544343461991627
54313246424960512
250290190087709605
98810666086717330
2
7
5
3
148898283029548210
11
4
74700301654346199
8
4
3011227756280631
2
84680705881984646
6
8
210225751587531377
191829428542372025
5
6
4
68626694476946462
7
6
11
58808258989522590
79383822009680464
210356565904574616
2
33251432842647194
4
9
4
3
2
80905276480107481
6
9
28
104286251944010277
3
6
3
1
118827810817482543
133218046180125708
4
6
470395388021569760
8
10
117644839084080950
7
3
62366334292447650
239989205911240678
3
3
15
15
7
85142869336950743
980534810481155449
3
35758999317745218
4
3
376555593736200429
64167969564883055
82623208458649914
102300445680778938
217209757160676067
97040588036406457
4
2
102067736202781638
242874088234676817
999999999999999996
99611902841618656
11
10
11
999999999999999996
411064327482286216
9
513143539810966382
103565844113951783
4
10
59406578521827857
192457037866378933
218807940781853280
1
119867064835136900
4
82508872238113665
4
81919812299535778
640927855157157555
8
5
121043041135325068
2
150901008263006032
4
67443053300917620
8
6
110509274688452980
75564296732456350
149931272483560997
184745087133437590
105791337712116570
149494495721707959
3
109271796739877514
7
5
592501580355248715
103882094195037001
3
8
93178050129543839
6
71317000341708151
120847428305781914
6
11
87889464947873733
164809726796093450
114510218741789033
1
130588993936809606
4
1
193901132820711238
5
3
4
5
158988107612856124
6
114696976628702394
72370477651214751
9
5
68302146422368646
3
13
146145991218436427
180474908025483844
4
7
6
9
81489328505782418
65265761286847020
43980775221744531
2
124773969766943179
110277136040120083
385554819297798244
6
40598177012331339
5
9
10
116218722575540352
5
4
7
6
223502910648573749
3
192594097893951413
4
6
1
221454460672369267
4
6
8
1
123751021538506602
183842506338997281
1
1
127957059158985523
78393783478098672
152299194052106016
121727596840077940
166712032518445154
5
3
121417262870666308
86989729735542926
52432017840654605
9
5
10
157164904700233801
999999999999999997
2
9
2
86068468388108589
2
10
6
43257647262074078
6
2
122722055069157874
8
5
128323406573595530
6
7
105260492291618918
119500110586011260
157112309331590439
141214534463116614
388447563868489612
3
8
117623391210567976
614553450665376807
92936868241317697
234644356765079236
228236352179190256
80645030136630813
3
5
7
7
3
7
2
63246412172861071
185282144022810675
1
587478598773610784
132192852791397106
253899501387648199
115640522699403976
6
4
8
10
16
98528225971191659
23747597709430563
5
109972634291967100
116431322291085247
7
4
2
169869994449576291
510054580071278250
89069405881971939
413066648187997976
87836644803028083
96827321621241894
86251026487774328
4
3
6
10
77296447893804846
5
64555000933748950
8
3
6
69457483291194189
163934403632001109
43668422047907996
123485007858925759
1
4
88019181601088576
4
138373098942077308
140326936921629986
143417173957136552
120864252955876058
284963470020163454
145082586103131486
91228650223830776
432843028964936843
233600321540810988
384948530379069593
62451903728705751
85035845120471196
10
445845412636107553
90335789902041631
700957747161047740
157616268225581202
140674355491084499
108862211828060318
3
3
162111626672199746
165791526859706945
280967996959728300
278857441543841945
8
1
262322169682999254
33122250461322283
245631022667139769
6
172010588024543886
3
3
5
6
207271315764017478
6
38973286347920435
522900039832041126
236990692379274610
5
124886238143022400
1
7
3
4
91901778487316113
231524100878947259
999999999999999996
47860892822220220
2
84269212522368872
196153099699459136
123922612963522486
65850038621062679
12
60478256217592192
6
7
334555485997176598
663930431833508675
4
4
3
9
6
13
2
6
7
153979205808526785
367074373928889539
10
183271227885986164
11
164226345568283563
6
1
1
121294920497840974
7
2
244097135573064519
100413453138244368
4
8
246912423321358838
7
3
7
345637207064229646
9
8
213233960792338830
6
9
6
9
9
5
9
903029455837624385
167763521453270357
183030503346548309
100592034723572380
76031304797552337
4
224987251109708053
71644326356828616
3
2
99114803959365983
198537940306827935
95881193113761413
103771858646297361
278822352041937711
103553964807255564
6
335893967606740348
94016371184782994
144700890559383880
5
5
3
8
9
3
135386941180960921
98608059989593134
81013455542445719
105563502839720055
341792346477179257
410664378365242121
218317327163055693
31261057759172035
103384046199240438
7
203136321482484589
5
58876706869300085
2
427311299151161459
237268294028344256
102596799821354909
11
78415807346035475
5
436538446079499896
52954813974686592
100528076313763306
2
8
4
320548923312137961
1
1
60922155563447810
192504500225374961
1
149415657135825285
6
4
5
2
380862637205129219
3
4
4
224467805597633124
184124374132577661
42508851034834662
5
416021471957494261
34001666079566302
6
7
7
153946826911814650
6
10
73714969306650101
188026304579458795
67794918487657360
6
7
194067950861024149
9
950740477686023902
100735081957073957
7
7
166574771121715456
171013108955060285
209577799720204272
135176539966117850
118524923870525984
3
8
217533671824474002
965656289555172461
4
118405003202893620
125254547159643858
9
5
130652307639076222
7
4
7
1
10
4
11
2
108517251622175946
315525811973747303
275368080972543533
4
103471662692753321
5
135255428542898105
2
120077488183161884
999999999999999996
5
5
13
7
6
141526015409641637
179671051672025083
8
445726109257949840
281410945900819416
6
139285119050180993
6
213991013994888202
62498728038227361
151903207895233244
6
171148941016718272
4
1
10
9
74388536495965971
68692643006537106
96672785030865484
78371763018456935
3
9
5
4
7
6
367499794535255943
5
6
156433046428155347
4
3
4
6
2
123343646968970831
171089725716988625
238936267510542831
82685717929568093
113962691531010815
8
73579721554986388
143371128465522397
1
2
1
2
91188671636566280
6
4
1
5
6
15
20
8
4
118781610214002495
5
4
95668741765141241
9
174098510226060451
62106545165427517
2
9
7
17791757751936898
1914768454912800
63635572895505060
154425557922889284
5
6
317191204284009617
6
141252135103535188
139684303788303075
64994234975913762
4
7
5
209163730136985566
1
6
112812788764835805
7
5
51482583652137084
8
11
314250108498025623
6
197876632382267672
3
185192971871618205
173298623304882798
382299299863130591
323288559586382836
4
669073910790016710
4
318644474685536996
138296355592646704
95689673509593125
8
300689704692629990
1
3
4
5
5
109012549985007819
97162807003409812
5
4
381262545585129900
161662086499521726
4
71189171583779029
5
4
8
147132669278257058
7
5
156157637303179194
83942949489925220
113402601669855751
5
3
8
3
6
7
97449957245375245
2
129861051617693512
274934928275094025
6
270686853898980824
253430762378268240
5
7
118106064590103455
5
5
716568370333673051
6
101743148016250556
138214230926466615
6
99479962477669875
4
8
7
5
83953900272323020
250866998884369778
355444903937360034
4
101632404170164036
102550133695042966
76146746935734303
4
146318368102041891
8
69885036680571916
14
12
117749153495962743
103790359131399767
94942221751142491
388450536269126341
93493709871019644
548586449940998634
1
9
5
60428479433728504
95380283410538123
8
3
7
179616959066657321
2
999999999999999999
222643903092021470
3
171736607603047641
85556555336624137
9
60109392386512859
65496149430357755
137008687115753906
7
110746968160227034
113214470216638813
102304659145449740
2
233993299259641758
7
86285663542951462
3
4
4
62241720426067076
5
47962597764632212
5
4
140499001881533771
1
8
6
4
25768256808887479
65840555898653347
109210820300246361
1
249746273676954641
10
105085692204149801
129064516110919349
8
421029987899639437
187675767086956288
165083328557137146
2
225383113220943141
9
81971374533440496
93864472175084689
186503414271799276
62374037908973595
8
6
337428610952831029
6
7
5
345031341525440985
114115853158695747
4
8
74883250690362077
2
112273223497019076
386548777915968332
249897444895406956
6
3
59812431790248397
5
8
210588254885446743
8
8
325919618263546414
146276644959704251
131965210257737721
9
10
86197870746909618
90806851764533752
9
12
13
7
401319282605152103
7
1
429694559613727771
2
235723365375859777
63317357185262376
5
1
505243819409971656
196608881280809921
175317188224124410
5
30266037958487072
112047316770577680
3
1000000000000000001
2
6
9
9
9
115320813810029425
125524678820450511
3
1
269468274814092744
5
340327998041374232
7
188080450768259030
58300524724470156
5
1
4
7
167508972120922131
10
165973712502978824
156938275269630545
2
6
65107592352402391
77288439893569670
1
102140008604855900
8
261999109799861727
332278091449193268
59853712548826704
350748206782609265
172543556341147205
12
575650490676983987
298954286808223465
75543864043727799
120531459516143992
999999999999999994
5
157546534224542353
4
7
7
5
118123650094252114
5
999999999999999996
70038979764489500
8
6
6
11
109347964455373983
319021332309463091
88984056547006085
83785213759279294
1
6
94147889333110518
82006548529038296
4
137929118863517676
5
263893126966490453
235484813244043581
5
3
2
3
6
69104117265365048
150428904623556661
238604913784899230
5
7
6
4
174608782300085374
75679622337775795
6
96778501507838942
280907753337587115
3
72439324186549174
