1000000000000000001
21
91240606706475
69129441762312
77450853418917
593
626
74618745502731
565
38212709309799681
178523412318105490
61604731773344060
8
293790943314973464
3
6530775024003778
56499768560682905
199962540784408536
9
157800628610971464
71249520477252176
799167024431919106
7
78751387802785317
5
385270551744233365
5
1
177379698408903495
965025221684218527
469615427787072887
3
1
78225137946913150
263202921386326656
3
2
8
5
7
9
3
118235292885453999
13
7
4
2
140703765624080165
7
4
146904160523305090
244315263148398532
11
48886918672351059
3
168429446000488484
6
8
447565175857163832
109598574235707880
9
223181347130656598
7
82539925848248070
14
9
105503803651677238
1
9
233892250985706202
7
177584449688132207
4
99145471397318680
10
999999999999999997
206768302532372843
3
43418555566127121
5
7
71851413965758741
6
7
5
8
1
166247788667986741
114625129024186037
136263742499814847
11
5
88508011107599616
372616388032144687
14
6
128652765920059523
12
100307446442419314
144433981005690104
136760327978661374
20
11
12
51113503460042133
235453301039750921
10
7
11
3
6
177398446011230313
68626676957547134
148828620448750993
162091766555636501
112252915276264443
3
9
59393054907295509
6
30556933678890969
5
12
7
57398796748229880
1
169336889816770362
2
114425245069536960
58257153572776230
5
117313012217653153
9
911475766336941632
6
4
9
5
6
208191076051109425
66590460437199163
9
3
3
16
207736294613939193
9
225296475613235213
110569985231997692
5
138070961232702351
6
8
11
119287520135088291
145122669656245973
1
6
8
81078801037229515
186595088734326799
126673628442994596
44089567692603643
180967397899240497
110639119292781141
2
123528717726976865
126479499889460743
396818640857869634
218398513164620797
146009085514824698
10
124898522032992971
123628720928950237
155236314839977912
133784941852697845
5
46313013878838254
7
96639885035697271
8
197452159261801422
97009603360286107
6
944818202457541850
8
10
39717194047731120
7
8
2
142661484500673132
7
11
64971204049636163
3
8
85437952886390454
4
82710914820562713
11
1
8
102430732228321175
105281142031332361
385103704894923334
1
6
80266823456333941
98556647707461000
219887887902649298
6
101406436432884002
278650002669218142
262744058085423849
110191161499885510
4
209100524514498260
3
8
12
116018852434282053
3
130228905152184099
617576985125014413
105756786063266425
6
8
11
75341011069667024
5
7
120374903621872105
3
999999999999999995
158122857299167101
67844023254118107
138484519617776870
5
331155613986850702
264125453287931649
8
152894344499597938
8
198536302427574822
3
2
3
87197366847466024
59902453300138419
8
2
2
1
116269478670904466
6
5
4
3
70722088118620386
7
189252907480892049
6
53378760431116402
149028962192642929
165917488681257393
109874317645851843
5
198055224112485946
78902808425068163
121165684102209012
12
154246938884505468
6
10
5
135386362295514896
87119733651800683
169630398845429703
3
153771303159890985
7
1
94446921395688869
112601315214312165
1
5
56381036196252396
274339325286059940
2
160121462692912350
4
8
1
5
9
3
83527875614586787
7
6
112111986856570235
8
2
6
32966321066882326
3
5
58110055072667011
128266570755750989
147815537682856239
90971526452061816
144138723681219164
5
3
29722028366859737
1
1
149144396380083501
12
210526774861360128
32172006869903808
3
94575242802196485
45896238019007444
204737689484605945
112464890876795038
4
4
510581147799645934
5
4
151140185969550791
5
167973981594412293
69646282125275941
92501288825051172
8
5
194903498075448791
86306627450392508
5
10
11
292008569492704622
10
60826424878067878
117578498895958519
182823678146098830
4
142908217926950146
73436115727942458
169152028094749688
149869662845551441
4
5
3
6
7
4
2
4
10
27336144551283608
6
2
447584228366213202
9
96305820472732909
122265942353048020
5
2
99930321234446848
5
103949515284040710
4
133179345103194590
156536681388930354
4
4
195073692411900604
10
149329865098648644
7
5
4
161122015147401175
5
206725818454508610
315323317997086370
310151789324830909
3
6
4
415332860084758918
22052957454550308
5
217898963410449947
86111814073814224
8
388440050197645789
155381675236221240
6
5
9
5
7
12
94724620193500848
136290074500421957
5
7
2
5
262391284256517915
76477164544466269
96184933375194931
77203208747526139
34192966475611325
4
106234151967112399
6
7
99604029998367351
5
152287226148040096
153809944247152197
101732121014655496
3
33585680766193252
6
107463813883076801
7
1
74306398589365388
173392592425747554
122713101089282244
28957605518580705
4
78014466405843002
176377265102691934
1
4
3
56501970158825076
1
5
7
57527689014101887
3
5
214873839895797189
99779342068204648
105415681772586394
81573076102626610
267702574369566341
136048705987151490
11
229334386002688274
283390750692944378
133473089407246913
9
209797831199418065
9
96040715976675294
78882168509823086
12
109542867758218504
146125879232153934
73394372367372870
68932860755539165
48828918351851333
127146322854850441
2
5
292061730495295970
6
7
3
120390032963780360
2
140518539500397216
5
10
149092908391671837
264115241038415607
121113288683049679
5
4
816975383014502680
548909268949483624
172038866163183730
3
154625136956115308
571189413561009396
220754008814087158
39571762005684305
259921648630600222
4
8
4
117971112727444984
2
58994323402459572
9
8
5
48724174744362822
111959104395332843
232483245362679980
2
169482370464060351
107808142548488164
62936575158964406
133714477119358417
65510708218560987
3
5
84472222778114826
1
6
235264838524805072
10
321690697146400185
763530808254706268
7
260336048245762598
7
114594309626286181
206983429509798330
100981125756706955
8
166848131795373459
7
5
170506596847234290
10
7
103536085985842455
8
84701248379746806
91432544716857390
2
6
4
1
145989393727092140
131537556020828017
4
176507044337019127
84090219550310678
1
8
279237852924282282
7
49008835451478362
5
8
6
1
80191923487538617
2
4
4
10
6
6
5
3
75393523468511799
203041456161587817
6
6
7
3
111722289318289473
7
5
174426016108304605
999999999999999998
112560702211542439
57284832047019696
215122546963323734
5
240755877764316343
8
145113184262581840
749444427009192067
81387263352978789
139709252393163786
6
8
123635963932919730
227686534402763093
6
4
8
5
102289394894549730
219206031178832922
2
8
141734809835699967
1
4
125329276982018833
6
89980413468980527
4
528399812967578408
1
212183989456261400
3
4
6
53706455285801924
10
4
916217950758643868
1
49325164288764742
4
4
4
3
9
140160247903259955
134174559443590476
116531690174726876
3
184801629108405289
9
98206823119564903
3
138663642212801065
6
2
1
420456454405562955
6
77228298086218463
25595327156352376
7
5
114652239376075260
221333368099066147
12
100672316757743286
6
105504683614217557
221644234980940104
5
6
3
6
3
344914025324514363
1
5
328180539815173077
5
1
3
3
3
165044434308151822
269744003465975449
7
12
121311519873751821
94344809812144556
8
7
89466653759414024
3
9
6
86701216972980755
2
7
6
4
2
242465454926334945
192317559039959700
536922257154161374
7
2
9
5
105970147965272799
6
6
6
113327918849722883
4
7
78494857259834329
195641913821917583
6
53545432266368450
3
6
199366918614833148
231540277498289451
376886564874993675
9
3
6
166696045807381860
7
139680054359083429
75543245379989342
35336688342390543
69133330289990230
5
8
80034617058723682
7
137174330679415877
4
84940139036547228
383911216256326646
12
91023675911874847
5
154920556872089993
76965059707536414
9
10
354595417720233637
5
145843063744663520
156602680733266081
10
2
120371576543624687
359390131065114339
9
178140981918193857
999999999999999992
213659862705908018
1
4
3
1
7
7
2
5
3
3
320058011569904962
7
3
7
111956743883589992
90395836362275513
7
2
40096456862999873
464714385337224287
69301183065687376
67879325490490566
320209598496429779
3
5
69896478886853701
11
235100998906195204
202558554448088171
211934637982750772
101577726592161660
3
90090584677469156
10
82621244728818533
745150231011497785
5
77435757761261196
64032871306592207
157137913958475496
70354060647195690
3
4
2
5
2
111708345149734571
105840519999327229
4
2
7
4
4
97181985428087280
11
3
7
3
4
65197250824782045
296331089526042364
103197946476345876
55801723674972925
8
7
83122733039964009
10
95651204300818578
9
108192943383885046
5
16
64203706369602438
5
6
123988078942589199
665360761544184126
302325981386208903
81989116006881530
4
225177555629909749
131003322769603482
168858391837017990
69676167754764273
89357359472496935
608478663222671480
5
2
3
3
124198100794211660
1
130847148068102635
6
159176617102125947
149695210011805422
95268897242109122
190494484440073577
9
6
115867936236487208
129961406315502207
34220153861611970
166229458929334514
343548072169275115
1
153931838015591776
118285359325215854
5
7
7
8
157651263282669649
359557132384046614
10
5
156451588185342626
110952841738348389
207512275702864889
169693542408614123
1
286250199762235770
13
88343130175812449
4
14
10
11399461796220772
1
2
999999999999999995
10
1
137251101921713889
140325908652972059
61302851427797132
65640645819890467
4
379860022441388059
59843962927473800
3
2
5
346706441578835867
173516035800679792
105406688069530080
6
3
4
6
249053543894724999
67941097407938782
3
1
1
94324927676467171
223452436988162258
6
68313897284937469
197433409408747861
3
1
1
316194660079961013
2
2
8
9
6
6
307106062785253356
95592183326432687
5
198156751670119328
7
105529353063549520
7
7
81432812724482032
3
4
3
9
4
250015149004630434
769137301296771846
5
109744698807191393
158211171064607597
4
100842948838238575
3
6
48319259655426893
2
4
1
1000000000000000001
4
2
6
4
120390600317186523
2
7
7
122271958803485322
88594635365019256
2
3
4
4
379911767538729072
210694047252151884
205991679788582258
10
73313636316584164
5
253168824075664757
112052559199261297
4
12
2
4
9
2
347469407631851619
6
201387444403233159
2
5
76463280157044627
5
12
11
4
4
103028554598653056
137937328196314692
92136974138584038
150540273900007951
8
82685917765981898
8
121594469846976364
128814737037491288
4
99953834430122233
8
121670957662996039
6
7
11
3
4
8
124784465947764235
3
8
8
10
365563690550314833
1
192676114498922869
7
2
3
5
348896839616043865
49448347697495159
5
4
90506186445350885
93532456953842983
6
395731028611371886
126176808556500735
114339734420023634
337330521975531130
5
5
331242090162761085
5
141342806999199951
90283809992994836
170959219900354323
289738330653227034
130847870521953265
3
5
5
6
122011150847538637
409574389441319427
5
117317781580342559
142593380563325381
155323953822790093
133565117237305860
9
228864901401408992
7
142059014359960040
7
7
15
2
188805430181847058
138112612253923900
370868244179583484
4
1
4
2
175334051324153371
5
4
83919055471820122
4
6
45279501949105153
239503037754879765
266983625029614465
7
538075565139283195
6
90577928442273563
6
2
2
3
143160883288161358
261234991200697964
5
65830487645000856
188907857657179697
344263126668997069
39278136999525854
5
6
2
19939285608795972
91937946264652426
10
8
351893380900173069
3
76793837149717230
56157205088407863
4
191163485983313898
7
2
165868667242198825
155592003131605798
148729585232419383
8
160385324630360614
7
86959454378495472
963885651467430510
11
158633239249395541
74145532904632140
78088577284474336
128261493781341480
10
5
12
4
7
2
245519483593674018
147487660185517979
90218008743422988
6
5
98227847171594550
8
3
13
156281685469031285
9
6
104099154577188170
156294666706860902
74513696913987325
166304103836612334
156564363857470119
9
111045111512855822
11
68505694916088472
4
4
102428786864457328
6
98188709386222307
156939680718487314
176230587641237667
1
13
293275692043559532
159226864648322860
127684234836373285
4
2
135447880074075462
8
118113400927968078
5
113976156521790122
91445682732177142
89692371922793141
257699539333963444
7
7
5
66345741871902611
5
6
67395349054090660
7
461795409858630992
3
9
6
3
4
181778525858716151
43495010121078854
10870518918954260
367230566187125827
8
100635596165893680
7
130694742638797049
108367788043863805
7
215886446676527639
149332398393706595
95256238579677127
10
187443595699551920
3
4
9
168771095166188959
640402533455297996
10
3
11
6
72840046599562915
267733690332751828
138786591581302019
106016820046989431
270230086067436737
5
4
142691679641119150
5
5
115547641521681521
314776345351980254
300270670387762443
6
3
220530995437838801
5
72819518843538535
8
3
73378590401810165
5
260725360489151082
4
7
194073350364215862
146515214294208277
3
1
60130377248636618
6
6
3
134120778958709533
109147897138058203
50451150643106151
5
9
50349395465704395
3
11
320685970344322911
4
9
4
132960191742914202
120452620636896296
199041337051744326
1
9
8
7
173470136557788915
5
253778285170285429
2
4
4
7
6
6
6
272020135812737094
3
304719847260045573
7
5
60284080537439992
115661718733902792
6
6
3
135233101299233020
182556562001699213
4
8
4
3
86156911222670764
5
171358583281221847
8
206963479565545398
4
3
658219584011475671
1
58631620238800454
133639933692250330
5
1
90808411780264518
5
39002701193050190
8
2
8
77945392250963178
6
5
95469204583474584
83337312953978444
146213580624217456
98315307948430445
230058130849580777
6
5
75993437674342616
2
3
9
11
72549583452172937
326185793290709710
111149298262252305
1
4
6
7
7
90830681279960649
85726693159074260
64335371391428175
1
8
7
146732885828994012
4
112907649772200793
1
9
3
258119071723515157
12
5
14
7
4
7
1
122069699334431102
8
9
9
144400718074046504
7
71762012973613711
4
77765311837904808
6
6
6
10
339638849494031000
253291644816378951
231485260566810193
65647586566620903
24260120295966939
174410048205580135
7
108401806073008746
4
6
294853415820972912
48866009055354059
340525437137324233
6
46781572864763870
5
467205928300842489
7
6
124356710107472153
11
276623907026416672
79834638693363578
291473188545719032
180089297377477244
95785139780626055
6
73007716899468677
366111341933744663
177442181917793407
4
8
9
8
6
4
189221853753480282
9
92439126146696472
158886822527396343
238418732965863481
121513513680667871
6
224373403565518880
6
6
3
7
198316398768622031
108034820512279258
8
199890090726338148
112183001070112255
7
6
233604784536472938
163224137902054351
79579125420867800
6
86221444935839687
103968317522620803
398514396112674130
2
48496320384404213
140985212655168990
9
11
7
73913934692167322
54600024772025465
5
10
7
4
5
109662640540883622
2
3
59251539391149987
7
6
5
4
6
9
5
175717523352082112
9
15
3
294323637357566667
9
1
192899987409590467
8
5
4
5
4
110751717405613219
7
133792314814548349
145836919567810166
12
98879253197038573
6
64533371566596033
122704932670060957
259737294461066077
473642133635481955
300411535780295967
198333614781999753
278391918691913941
8
8
3
5
68366208409202091
72598348973593268
8
438429052898463787
228677919153962752
97704702319341286
4
3
374636088339152804
4
11
3
11
106905678770753739
3
84198960982642933
4
7
6
21241797106579699
5
82076335787503744
7
148571322245828443
9
8
6
10
158740733688461663
3
9
3
10
3
11
238942294947117225
478284571747017465
83888645845028032
5
208870257084695865
7
185366438606314871
186425563501378670
115795838305037916
5
9
4
6
1
4
3
62632008188748362
4
74131290527070585
6
8
445489742500172700
108097260229130953
6
6
164463493509984721
6
209015027167991580
7
6
5
4
240469596102748533
5
3
1
106896763522532691
76417826291280184
3
13
1
8
2
3
5
73007594508315414
8
33047818646195938
7
6
3
14
164325312639954207
2
11
999999999999999999
77494766988590312
13
4
233025361327573333
168981407380183326
7
6
5
862312629960500874
5
83432910619135887
4
9
253054077218308480
4
144191482193033060
7
85569064708167741
385870304454038807
10
221734737255185459
179993430426091475
3
75907917387166174
7
58736074492208834
6
5
75227134341587808
68512301532316701
114028897517407127
135903970038442584
10
8
111263472818347529
5
569412741079722895
195807912431464928
198447707277635674
7
5
81977625280790660
97124067503734902
3
73692060337842570
5
5
141564490122533510
7
8
5
4
8
2
5
4
6
5
129528785521739024
4
215357662000390630
126008064437930073
10
3
233969907236884044
2
9
10
133475703079581910
160323471492525039
5
271905876875956080
6
1
7
194109891535973104
5
157017366628582300
19099947616232095
167987399599463836
3
134344431804548669
2
3
230746512684520633
87300804222838046
6
6
6
7
99374553589666799
6
1
136658311208112036
187337990148987794
213520065566975784
2
9
2
138497959802340824
6
143879185443083350
171336970351242420
140029641070050275
181499727528073803
359508977637453619
60458896849443913
6
274373739900084160
2
2
78025606762034555
5
205430759500179067
93522987170223701
59701763690357939
176516016497096342
203265996737409496
65613235823419995
10
404612270536775579
5
5
1
176732087513287111
375491741657884327
3
103131704283143248
122161037737824467
3
5
120377711579956207
390436532180549724
4
5
1
4
3
85076680228396300
180628337742031848
4
6
8
144532497564956772
4
4
96651318297515086
8
79490381181124226
8
3
5
109400854323974468
7
8
13
1
114445175267625494
209362335325453970
84430938625573813
4
225803878448166701
175473363868633232
619865492575368995
134265478305346295
3
48289745256212685
236125963318141557
5
5
10
1
281602296839246984
153868167317650093
192126358284603630
136715023492354380
8
6
5
10
14
4
7
6
6
8
223640220223960178
314551639149247613
86882261968013839
4
120137713471632475
2
51731242978089255
5
281983941189409995
11
1
4
147125890505071168
11
2
107658594885857939
84065599594578832
7
96452414627249223
9
9
105772919192293008
3
380326403387750227
71666753927430714
1
4
5
249253882973736422
355684773561178253
3
4
999999999999999999
2
122200991991079325
199074405944809195
201939220351759916
1
3
228832425681145421
3
91748774595848593
182217019755104827
2
7
5
171997602102974215
31643093942634630
6
17
192164240437162138
5
439457331587933993
139163782994067333
680688145141258719
300179237812409960
4
6
11
57833821580457721
128810196925457032
92570869932372369
73995194247974101
317333993667443457
135231012764734743
146203713272307006
2
8
123016871110777831
249130663415616170
3
105268793787730019
97888720868458729
140086938332647102
5
7
98470050869051383
341612568256619344
1
5
5
6
131823567411817528
5
99850175953409091
166463597640984808
159501864972987328
12
3
325887829574576171
64021095010978143
479442160224614970
94424026007810944
160508415047979441
232492568969570240
8
143213366597258478
319046701488954383
35412771630940899
186739610149661745
2
11
7
3
8
123504498329899305
7
1
4
5
3
8
219330223691797012
11
3
6
202857201383871421
208126261323078955
2
7
127578580642721212
922040842551556286
6
9
3
4
259749505524554869
126481661857146521
104136820503761338
1
92964611613591744
106359026783593355
5
338853082350895007
9
175264272809711033
2
8
289021560528320423
107645258219600511
111755435294542899
100764554178853045
5
141400957775534555
1
167909220736131445
7
4
7
8
84839211047678494
6
3
4
116795656321649319
1
93646897010421639
118778891762953309
200837914851983621
3
3
129336707911367964
1
203085438591338340
107792905681113062
53888516867209138
218076242740773722
6
54250254571798809
10
3
191456399800953980
6
200150342155833939
98426343439465943
2
5
94323478177567391
170534660551860891
66277867731973600
155284622655631299
3
324160184142035400
9
71652171126617440
132530517581529092
6
132182773882649008
7
10
89165132913928658
423282881611104381
853020868017985070
4
4
129663546889174082
6
7
174890619332334120
188664638727033086
3
6
161561817754795968
9
96199755986218231
10
195478896413668291
4
63606733174290692
215631807751374534
10
524011702347242416
158785346152133486
3
6
9
129903646578610520
6
10
500649797804906063
4
7
118706257941491118
71695829951599539
3
1
2
346710632970315849
11
125789648877987447
78734497090061716
5
138502148119735492
117251152713038042
79128990451655965
216428372923074824
8
6
2
90701334088258026
2
124454877445679896
20767577772844350
2
2
61673440112458791
5
9
131924165420341517
3
49308064473432913
2
9
4
1
88316423466251425
109980188953603089
157296439458389849
150163647807868182
78623667534725691
4
99610586425148454
116907111178303516
5
257434475586628706
2
3
360940384792121673
6
389801345741447458
154514090996019109
5
9
111941987669267242
8
10066014728104537
2
6
10
178589425642882677
4
1
38881099297571745
5
45036201821146619
7
102939637541780222
90186136407360471
164368011511812560
39067864025493492
226824289492609781
5
5
6
4
218298475863307196
214371303433450308
9
10
36302196686657828
2
1
66264133319425941
1
166894408231310780
4
68872401354831043
122381933927314105
44617110511250126
5
6
80599255898263700
1
206726053605290683
5
2
55146756909314941
151627533209077352
118972841265759330
8
3
75181001003520325
112346219926729021
5
18
4
6
8
4
135620624263389093
261734340733224016
341800212717778242
98961682442692049
98491170487950581
11
121397893165131783
1
265670834288443515
137601840696670973
2
205379105474063408
279187185236172974
7
3
5
40308798061585348
3
5
91451798815174347
8
456166469531167732
418730576308321401
30246786882977260
7
44618627721459018
9
6
107199363368161708
155665150476183281
34449651898688776
445092975773495648
3
116667156966884119
5
19367212016526578
116625571623566729
306237618928966053
5
101589743907466089
8
5
3
10
3
2
4
86263587776085763
196556385722432294
7
1
10
2
5
216366195569127762
6
1
241028214812265794
111252624951806166
6
1
9
124818891783028546
147832043418981969
118400366026392210
3
10
371635195051131614
9
13
448619510933455863
125541703811012157
195280091034655721
53876481624002796
98907103203219798
5
229290282559449468
396462043271036084
3
4
86327927149921329
4
214567905853682223
7
4
3
3
105509754661987441
120958400889892871
8
3
6
13
126784513348326419
80353777143174020
7
99502650993868936
8
5
74747777498899070
5
213118447446393291
116724309848926947
215370952470423246
8
264451254375531691
514222885770675663
1
48803637079301036
1
632598908402108282
107003448286323565
10
165112355130984943
323302412659187419
9
102885779296044782
10
126308747564198096
2
6
8
47728049929759955
2
5
12
6
68852162049294609
124845365710789960
1
81939464114932632
31078360048461952
55740522854753503
1
9
220280806833063746
121612092604381672
13
7
6
134814830174568349
11
151020230910937610
5
202347600373378320
1
73618108022815448
6
42248494165170504
214401816932808023
206940547344134584
4
3
75169271609702187
16331577784594550
3
169122750637560603
8
218618916100845304
8
72152475682658979
5
3
112234585289569052
4
162828976718605965
92540273054555735
5
195382483380711343
7
129157544540079212
2
279385973990955621
391381342831229402
335246310003163406
6
5
95523354168517122
1
5
8
6
10
3
114142627871955050
5
328064277630578083
52574261948058817
8
251526565858274416
143291578751081129
114064523696165307
219618926914859171
10
104588586992519937
7
99493760594074235
468803712474215878
134707457352033802
137842974348804071
1
62216012817446256
5
41816775430166566
5
8
305279021203548121
3
1
1
1
220940724196402598
6
7
2
169160509497302805
9
7
127104132308673132
3
2
115636826772324788
9
6
7
4
123649597755799138
5
464958730284231952
229550432369985198
6
229175968238353561
12
18
123072019243341859
73368807385096771
1
84177179935872889
237664624618090960
5
84349478586172026
3
73128748730807550
352440619985287885
7
4
5
94692783010672680
8
241825446278766261
13
108071728249288436
9
5
4
91323112385464559
4
140188280576688277
144408867124402868
97214407560335690
6
4
2
4
2
46733609952870909
4
1
1000000000000000001
9
5
492799314048153001
6
4
13941456300729943
5
5
5
8
4
91809636138376817
2
6
491549051448517908
7
78811698937440155
138512887119506650
2
839540446973941894
11
144476268026738740
5
172873246407305541
7
11
277442665228333156
3
4
8
7
1002210659184434
5
6
11
6
5
9
7
97976763324113054
7
152344360849218357
5
5
117727723283328484
148921951984650033
6
78715507184003306
4
11
3
101059813741827349
67632473453458342
266813950453608269
181299709138159220
8
5
112422393281510858
453241606979811432
9
3
3
548039761755889022
77545628138247771
139420079251701444
157893729899023972
192429576498133470
5
4
1
2
122632220794055373
2
111115864933771447
69210032775051703
6
118991251665663787
11
125808337546509508
109251575398866947
142542367018268832
128030313429377788
5
118298398716278525
6
98197064960003208
10
2
138960845503542646
46037759078398797
5
91692621459099989
109324349156390549
144026341915411305
103036005179785282
119024630842669602
159671487613187542
6
5
293765592075119397
4
581016301232101042
6
8
1
217508477465300070
5
1
371156649514098665
145883111335451820
4
2
193809223183030000
142329607718603287
163083698529217772
2
5
3
7
79784993991330044
10
122506988580073888
104824846410964888
130484191193960030
156427084565279003
172823802680793862
6
80729694797092557
211291648555704421
146976289785844306
37500875186831116
414346171258315449
4
542157517997855753
62303518657040179
6
199719780738416475
186796599369505403
2
2
8
3
11010022887381976
104000754673424079
2473160332616437
6980381267414592
6
137173149775138822
4
1
6
2
2
202411752402761036
2
81490586502428633
318638783121482353
15
68150078365205238
7
19
7
6
212521363948022022
1
5
82005210436792006
132042285622695413
1
6
1
7
6
14
72566964537999633
131170341560622660
140798657151124250
11
187353917613414340
83011819567376213
4
284435834911555773
125035619780408226
7
161555114210184489
5
114507520043377010
4
12
9
10
85857029844383629
81265649279296858
126719785417875001
6
6
3
83334277165502655
7
4
31864255241684789
91033788997137017
130030023149268577
2
98490039785077089
136183928656128033
2
116073526562624190
77361883163577135
4
7
1
10
7
60834853270190572
6
221005704665831712
6
5
369930747024567042
41676023955370637
89421106832133263
191024051067686042
8
77397477056073492
92922109761146438
252817453016024057
6
1
211599851951824548
214310405448744626
272207932400366833
1
175969428449678715
6
115005739729936008
8
2
368393934410542777
4
194445170152995229
118569217674470338
125783492175546552
151487445672231323
8
3
92349178305124003
113182400581058836
8
190652943129014687
10
5
8
104943417047704518
115048686832072968
11
297801770652902359
6
127623144589552287
111518976124346904
161524365093649731
7
244123673332950750
183764322676486315
10
65921730708728059
147202351307775667
4
5
162506198348321961
92214844828213383
94951184171272640
6
110144081832092115
246207830806393562
3
175491326417847870
101970717530192046
89513761998036599
1
188983439285635797
90635888868351224
94460755300463768
2
8
189418545238549043
6
7
171416733633431714
443369791444360243
11
12
15
78837210795942666
9
655637281148295354
12
3
105717051281922946
1
3
172543845370528485
7
161707437926918396
45814300498913529
229761057722437373
132766368399942587
6
189409015107436970
108492676435647167
1
5
2
7
2
73835415506354087
342072185222384959
101196124616564008
8
1
9
145764484073765075
406842044822210698
6
413874175927586504
6
2
4
102305817176366975
90369361977989162
3
1
175223513414407824
4
6
13
1
130262452501268106
89210151213153332
4
7
9
10
75376956245120063
112441999970131751
93653109175125704
105554964677225965
7
94991024947611365
4
165255701275439238
6
12
166547069819536514
144837675913547504
5
221936296328239905
8
4
5
214639691804307635
6
153749520498214653
145969171275346636
1
66831309920742547
530396748892832984
132082996369759264
4
330978034487685996
207388020317758688
212600222995595120
119989263755351743
6
6
5
149173872228035309
6
162947466162894938
176985469194561171
13
5
186982599183112007
39597920417758127
88938668480332479
86332083864713226
7
100773084764954869
34574322028028155
71135730953141305
5
15
228424456741004088
539295110244531886
5
4
265402310949024882
185363861592743880
5
8
198182635750891991
65766077840616827
87050457750542117
1
77115232086248331
170808361075804644
7
9
247105899006575960
5
10
999999999999999996
83910278891807629
50378304783281001
338205355264769266
232546962404714452
75840334029420579
3
134088315723356687
55187205204626248
253168017756223466
7
3
102335532982744814
3
5
10
155147999926919075
12
2
7
4
237526992520990023
211902939035306466
8
119236925145419646
1
167182940874098931
6869403339877548
120762486916481329
86633343351677015
3
106272649055400822
6
190386945618173724
10
185812019724953013
92680588023670716
5
288863128376887402
2
7
10
6
7
68375068277081522
179946899170482140
339718191200500093
252532608893589004
114933167665423537
12
3
5
7
720001939146816298
10
5
2
47556491256285284
4
5
7
75420509342836272
103734684693773650
99208661434795880
7
182351986758823604
123410995837136657
123119675663145728
156459152961944090
1
323754276805591533
125191724182775383
4
1
196885443237851698
4
2
320031001501339089
5
102505550159584302
10
198252030503592152
1
8
3
1
212782297782986604
4
48403001597933811
4
428695410289209371
160666719353018761
1
6
14
452171815317020946
490508044927172942
39702680887476958
174459457424098396
3
204453211146162048
10
113791608635805638
206500612047293055
50369391022241953
8
9
47595842475862462
241197893888816239
178666361887712848
2
4
97304732570684708
127142618234954746
110111647722345930
8
405743732879630986
72288481448208399
7
213596013086241737
73591871275638097
3
184654914625783437
117211188454839518
2
7
8
4
298958290257135530
146324300985820756
3
69532608537839475
12
200471989199507479
5
125701943701685217
132907702898976083
260491342733766040
67437478487901306
3
7
192633463470434367
5
5
160828285002525300
107562721110609159
5
11
45517485847126009
102646638875945852
111377579278262536
8
3
93864382037431208
8
4
16
124974967130707088
200844980391569172
8
297863046776294205
7
4
8
93369778264219683
4
6
4
324030096896501718
47130252537533285
16
77872976381236231
246541170067869063
2
4
151007290222367078
13
3
212598249874765884
535568049214448410
290817370654033509
6
76659470972972970
332840044638453899
12
83769626157005554
105966803281160795
4
6
1
63286299452953293
256973660508079336
9
3
5
168898887109680576
3
1
5
102197328417952006
146335674428213992
103270332443322085
3
70020992277448165
119617055572010484
1
73071380018296730
128850328479782351
100939672282389365
37872776983884008
3
7
321618394139975490
212555350964522003
3
80718493160798265
4
1
94083282809696827
96172746911249126
8
69180964022361005
9
82634922876933254
4
6
169421842452873036
162326039859259930
1
796819526638087986
6
8
109088332942248562
212911285284744521
124589568072716502
2
74339881267300741
8
4
4
277653875898274164
6
170605751864614619
255657395475744220
120001341284251208
62514851049412057
23644922569375193
14
172309365324161046
5
105674335143844476
6
19289928077798023
8
89832852627685166
2
7
709070536330885228
6
3
100460813965050127
89617638500519972
383664666594614824
1
355578104017158234
4
237831776915697572
108243615787565149
108221264919583396
111798777979396389
125767021122305249
8
135502403229135653
8
6
473520263705582069
4
4
383839127489396054
4
757221488889720074
94980102452053343
2
106227487605571716
74315243296076978
6
384202476170361937
4
3
2
3
11
125707803773031668
12
11
140768033764916100
7
201247578290936239
64372202176244995
10
8
104835146548310276
2
2
4
5
8
84603206147648072
7
4
212649519112153666
6
158275087611776057
4
427665700555210979
84434895015080828
88840812028608925
151539372940799477
227032727680482710
29543401748246850
5
6
5
3
5
5
4
1
8
5
125452806384597427
96345233073144692
8
308089241308004633
148200412591667807
152745351377409442
6
1
216783331320378605
58935061699180399
76544160057849038
90326790335149236
5
5
6
780298643647965560
65680207569722777
11
4
10
7
2
12
116998598838324566
8
135156830662112495
1000000000000000000
4
269287958500002796
92830689430178021
2
3
4
7
181192990416317514
68121812954131016
4
3
96357203283267314
9
11
91531085980519785
431863963839289495
164038705803652463
11
7
77717249644619015
5
144665354181826500
35396494376077979
7
158470865519152211
13
147706890035395811
48039830815338685
328088138683900691
3
4
186617271005838441
4
96861515199107780
5
182781804452475785
63404470073447372
8
58048876703613279
110109722138673132
9
5
155619830303160948
8
8
90106847086510502
66060003816446392
2
509037124527613004
60830226780987943
134743024977334591
489942149541946003
2
184157149997131080
4
10
110015829755938799
3
5
266941859393929539
148940855172770662
351629072536162878
3
6
452613974606320922
35461112311041133
14
188024599052494470
134291787077997703
90944169256848356
116780285346630233
7347398807321577
104219214389403896
2
193491409470223074
11
11
999999999999999997
133377458054987462
157864412800284040
4
2
8
17
367134195078240944
6
4
8
9
2
66971280161496233
92152376753244338
158900852933881811
89757014963958765
182106354278039472
3
8
113804649778697491
357352605900944550
267318525579203508
113289489201438825
369101684737073981
13
6
13
137431410454590192
129449929883987383
5
66222338696690868
83143863256599519
5
269081687360859933
128729550088187563
5
3
655103997369820621
105909721741584222
91696382876640047
240794495328810660
82322382495110186
130054945317340001
5
8
83969702398646649
91636968623580039
13
3
109015030284101843
284931609805141967
66115284456228600
82301529279513270
177159114264015891
184675941188857340
8
2
286811688986856830
6
4
97170006894382662
116412032731635840
95800656433722450
76992845004898808
7
6
999999999999999997
4
999999999999999997
4
4
6
71685811197941146
128637671752488946
171640064054422002
8
69730623433641126
6
6
19
99460521475965881
345066116327779258
401352901994674920
619856637977507579
78527061280390911
135195244165523849
55809619880360110
4
6
12
71842991645773838
8
816674320556367816
855673930829148639
260731410479956322
5
51171881414769078
5
14
13
65847994821335277
4
7
81585467075105747
1
2
218118969342374953
93864993108729585
14
204560733871254135
4
1
280002775369990293
5
8
9
6
132048702228398884
392005091077518029
56402018683738347
5
60670612690891749
2
124394041986445307
57740403144497441
164950130891318491
243311758604179480
4
112382102541023450
10
308933582553399064
404538153691062831
6
134071832137854605
12
139455683718455896
1
7
8
7
8
101158103041580048
4
3
44310139043731013
5
110575370350925895
8
11
232914279932805258
1
328050168394710067
5
3
14
252148286914382516
59862981051718140
2
5
6
7
10
7
5
708801493058710229
67284204324401320
97869882140854182
3
8
4
600325485474799696
175740394430458180
132999624256568061
83252040257065544
6
4
102029314198276072
4
114096774406504770
101657878875634432
5
114436697365476260
461380647418288260
12
1
400341608574319383
43799039101109912
10
95638667826615820
113489122710783231
132112496636651077
173862020864217941
96799128364461508
130879573699089918
4
3
109031513142936791
214294369487359355
4
9
2
193635949832878795
11
2
5
175703219696409379
257155678807578832
12
80131597884853194
5
99484710513793224
3
162920835526172745
194710621174355197
221983948101193333
296763565848909679
5
8
6
2
77162390655888540
1
117544664724425756
1
276948813796819681
115453185547757860
5
84336714705414486
1
196373943321231849
103068866343853334
2
9
6
4
282653469607683121
461960702062530769
263416292301744147
213767253293013512
10
60728970164646833
122142928833664398
1
5
9
8
267251846569448026
2
7
107726810245211055
5
5
7
7
182398099993966322
273436316283767332
345660493752762483
4
247711899181765931
6
135079876799830235
102890802157954995
4
7
5
144813377235018387
626181427101288356
4
225204600687538161
7
212346597074445497
226450696527188888
128223809119383770
3
4
111438650404419711
90958886764915354
32927467578504908
6
7
8
76442835108321962
80159499160412397
11
218087331631713378
2
2
285534609992135999
151726515883479894
11
1
7
1
178113060898687652
287825736926473708
13
124836945532867904
70967345871366365
6
83915366459730938
113174509147484354
6
152189683847735370
5
2
2
97317665382465187
63464264373923323
585522161637598493
5
14
1
6
3
73929461930871770
4
100203527133588515
155087436559389994
114980125762059668
121721392777234316
73975359379415484
245899333877721754
129700062700747674
77628145960907163
8
10
6
11
165106600347042083
5
247002792942506172
69027967187017250
10
266855653090669708
3
124221530715579181
252326729808557701
49858109725857115
237596387956126741
7
107448184951119191
93586662885083703
5
8
169020492238689754
327960448884131288
3
6
7
6
6
5
21
108838449971248890
2
199831826569986487
68250470211424564
83366187081579810
10
95381295470914621
205917919734981551
3
3
4
95202709754535140
5
1
5
8
4
146068785445472367
6
175795321683868662
185841043673351760
110660564371184349
114965788128663393
106033475057008101
4
119224284895931432
6
5
274378458560459724
89101815237372495
1
6
158169922164093412
438511273903040412
86507440238300753
8
6
4
259827497471569457
5
6
111143433347706544
1
2
10
43708586681361012
48769185710013315
3
1
256037070148942654
7
5
190773074041299671
1
132745774063177871
103259808847541838
116599987144023794
4
156379240299724376
98417139633815701
85113180116903499
128783104667791528
232592765927120002
3
74300096573143823
156577185995976085
7
78698428713737443
215749880840717253
299066653850788529
57845066483219305
9
99328229447117252
144196111972586673
162071785039519739
91978081622765499
7
9
7
3
8
80126519818075907
5
180784336218885399
302779312070617650
1
411237458662477183
5
4
39978679057066531
6
9
106495166794616864
6
6
6
63477167695203896
11
73457145813490797
141835141143803589
135633857432952891
123160894316827138
170723656419763773
7
2
65439125694245037
110101936043532356
382549778833953973
6
116783062916330910
7
9
8
10
10
31257960371776643
133684597283429638
205874873555571328
162407088581443786
54146527455081916
93942200027138036
5
1
66022490131782770
164391063364065427
8
65852581366529395
6
7
53776233973954245
10
567691390213237968
8
5
8
77730621861560788
80884486366945914
8
4
3
4
4
7
3
7
2
86573999800399580
4
2
205779754888838921
415502885535117801
5
118376898536371548
12
139720116453425458
8
133174965405448325
707607185940062872
9
8
4
148056616421371764
4
7
3
7
11
189695530223318226
3
103776084028667048
142612159864836136
13
2
6
67676551333829236
6
4
5
1
5
4
114161943374570160
445976404838835246
6
9
96804933669788826
89107031894721930
56290287681972018
317337085488033377
120421368742428387
230126051689434808
156679592789914970
58637735227726690
4
2
5
111423829105784823
67332549869555139
83664303163920673
10
194827426180561242
7
2
5
172635118508245839
677268769679157883
133746629172768332
4
141706651738464823
6
111156430949413915
9
84532640847795560
6
13
177399645503411001
14
9
4
257603886319819646
6
105629037046717235
708168794212407318
80915304890274749
5
3
9
6
6
101063745250396752
109460299667663038
9
19487587431241318
2
5
450795407299815644
182798411613379309
3
120385512627844668
312312919667275362
14
4
158720382947248628
2
4
4
111202563818717314
73255803466415356
5
3
203848220824464213
184718504715865216
5
144419557732856788
367357785305539621
11
113843574681585861
347842984459679916
349922378170556286
206750319944514876
152207996346987968
188644813062787077
6
9
102110862217690131
3
8
42341767305255731
5
10
89789421855068972
113013606229189548
3
7
4
999999999999999994
280044247931688929
2
203695693821318158
127200566572715939
7
2
6
134603969393294869
6
2
190601770136247126
8
336409934475213006
686001416932667190
13
2
60392699442456033
7
87904519847484635
11
10
149509107596218106
5
4
1
52068237998341234
98542660735855725
10
6
4
5
8
349216387403880553
4
72345485276186955
77236020112569856
2
9
184045079173768572
130452126467366943
2
14
79614677986041781
90377295109018169
11014955407018760
64744903298816741
9
157871890624927722
9
6
133526422182595648
7
75278604673546235
98083771877541638
5
323609615717539719
3
5
595546286068357840
2
137362620614681126
2
214471438732494877
117876522720740538
7
166965731072165052
241783775970388249
281101262807848067
10
5
3
10
337872039616413943
9
133013413152085619
3
8
2
6
7
3
8
11
246982249464985790
126252428963215877
85645547707167286
4
5
88108259674611356
6
251605788811983185
2
186917664517431443
10
8
2
8
103398994483392068
1
5
147820766161799164
216426900244881590
220748915004396171
91745747538158523
5
117212337369329142
6
2
3
4
2
184685763298860645
121750898833585282
230840188311723332
365894833687567245
10
2
79594771461000452
9
127869503067478815
2
9
3
96288123590526381
111845521034975506
7
5
73054600832729658
226717627845534432
5
7
1
67214859165247826
8
614449001197096641
4
7
206562459836112470
9
16
318824169247256839
162531991144738911
8
2
11
7
81657026586118018
3
6
75386515466910458
151788554830978585
6
371514993955816828
112872630294874789
6
7
140302141116457864
3
210944337377871216
77035291089184815
7
45265232207111153
75299029258248496
5
2
7
999999999999999992
296580119484080210
5
244377593946795990
108164705049188865
5
6
206842550350643405
3
81145012535498032
113964816853333133
14
157217013980907118
11
232286237717944225
9
139372255421643918
1
4
140393422629061136
7
124060042018190586
12
1
6
177809227661377266
214724539594947426
9
3
5
11
63512028174970206
2
175307375385299819
10
549967702484994028
72756503827594238
128216926780952202
6
6
6
3
88074159811954626
84990807620267204
7
15
7
6
82947525846264245
58856115564782023
12
3
14
11
63067469299723647
7
4
123899841113868499
3
6
6
7
3
7
1
5
8
120489205308993119
4
119048491008087090
109708861559021356
116886859447383374
5
8
2
2
3
143813138644818259
6
184040808938448712
5
110772079823864899
124567253277583913
6
47690756213312309
9
2
144879272662202871
4
114633986859010076
14
175226274556412043
90612092709682092
171286919471338742
5
4
7
4
6
392974150475279543
1
9
397021738875678063
6
114868309100736806
25549291461602071
290487308171054759
134125156126164948
116794395248187633
3
8
4
8
7
174815220330564910
242487703527158452
160738944930548929
87827819237561286
88555314935872314
44328278717089176
3
10
99796968855160005
72759732507636727
12
76695926416387286
113144778914782034
100805479125499895
165421152667093387
373749423725963882
182268141509290664
1
6
6
6
163404203571278992
85425928559861743
999999999999999996
5
4
7
1
96825472987029268
48795943783522666
52130140662032856
1
191390402162746374
90938300577779053
4
9
116542160799672231
92618879093391499
128607011513732410
6
155282530433413961
217675665876231860
9
4
173887797322716339
5
999999999999999993
4
7
151523069803090992
9
104802645467210924
91353524125737402
84645466048271332
5
177171579969593987
6
122495626240638047
9
2
5
6
1
68678346960098219
169770130750716540
5
270953067138766540
130257021595393197
77209287622395077
3
92358140206348720
152841540373231918
7
140048861814716335
5
170513187757484453
6
3
6
116924557145481584
243031917229597070
137752088029091684
12
109097843349991579
183627530382063140
1
111047987686035678
3
9
50635471373615746
4
10
130216881605199931
5
142785998118143213
1
55606278145332654
5
62015575262991580
316255925221212066
9
6
492210557216215401
704360079317421221
1000000000000000000
9
3
9
237142335846352553
277593829725978513
1
106359251126524921
159495820338803978
17
343953525402692977
85108165544825398
142347044982380257
25264465043898267
4
6
88410805518669298
3
7
502141643847537375
761246403375783297
8
86127217572100373
5
340065969874256356
8
7
6
172645902013505688
1000000000000000000
1
5
6
5
59850719836939706
205569886561933028
735680528360915848
118561154506552809
2
594191990052841698
4
138844966696584047
5
3
123067519213717540
81076928375780849
388776076383499890
2
5
5
5
2
1
158156674635573200
65975864052867532
117906819041875730
6
4
290626662705395345
1
14
147368350691633405
8
105798951884000930
4
1
4
804709837915093381
65890467950380568
10
5
196523996544119591
5
155909241733147098
300177378248767814
3
2
5
94098652408721382
5
3
114760508594931228
4
12
17
3
3
3
6
3
5
62044919842057210
6
84135900300214591
125588098496701881
54982009647626521
70283018065235562
8
10
118507894191017938
2
11
154668192585208780
10
73229571974267933
5
179646920085528938
210775763659655183
78152113280020669
4
138333674359754331
11
8
5
8
362748520834688624
11
120862422009661920
5
59717452115895663
77432095861874255
141485096919835298
5
5
159754457347437002
196147003578074381
88085755815715543
4
2
4
10
62116892857660448
150383850290744522
7
6
4
174097878278860212
1
151320301949344764
6
95507704508493907
333609503106639794
4
67595224250228688
5
7
5
7
6
7
4
477281856289880942
77311165527251056
1
5
7
4
71669931547245503
7
4
149831900204567530
131302935998958223
4
9
8
116708830055457665
7
5
7
199444427261943641
5
999999999999999993
3
1
134723690031685728
135606122474037867
123172701460266707
8
7
7
8
5
8
2
5
9
124377773594434320
97274292498954033
132213404354054004
252253947498776023
146744861608188390
2
229803335052410901
5
74753823174988043
18
156897941780656997
4
1
679907591974384199
5
61444240399948567
1
4
7
10
7
5
9
4
7
324286847808578817
3
9
79350776765315323
216033794381764351
146228623727650610
9
17
129643548414659591
5
3
163905506701318587
5
6
94993997352847488
145575696002511698
128265777855484349
120132012070575216
2
436061788322236746
82506097683570221
57812900970618864
116906828027497972
114416190429454231
47291364440818442
11
178068056995115015
241154206466600207
4
104063484727259868
133461136489812746
402638337198592744
194727044881134526
7
129868409878598802
192116942500919564
80600173834472871
81367287530278886
136433124279746758
4
71333498351633911
224826581643865279
6
5
2
129090346818255011
132434110264777843
634272225623935843
82360379077125770
7
11
6
134865571737038722
4
10
262335640275328830
51844769959980014
6
9
80595988781895083
3
106633170810128126
7
2
96673836143844100
211135602438293057
5
76272156308450404
6
62391649594230249
1
4
92008009413713444
7
370845858070416800
310646398454118362
143583943746160784
341834265045045183
5
6
12
10
5
5
7
144375145984425503
6
69355120939621634
7
2
3
7
105042729544670675
1
36944710250857002
1
5
117755877233516576
3
5
5
322826421078223419
10
116143249613349094
4
197211406121745375
4
1
99134845922911125
1
1
7
633780640374408862
86800877606393763
10
182204809171409262
96395524914816598
127080783613122719
11
108010949274420856
4
167555696506958876
192930377035885985
187807649823819553
10
143977983043233839
5
7
5
80862277453523080
6
7
7
4
2
2
9
498307299328351311
6
125329537918409012
156271913082817892
134188627893716963
5
157925625249361206
10
1
4
219035498071780107
71978476739772812
9
10
7
59247175633406259
420574538264950678
6
6
4
14
173276073819996979
68430447803932434
6
10
153259302740891947
274894185284663621
5
332550605840789458
7
142932084377705223
90214233118870355
90098358703608629
136010621592388280
98283283861540178
6
237393043398949307
7
4
15
143424892258857271
79883097522570629
1
105712875840579882
6
5
3
11
129520885947948399
35207611724453218
7
5
4
1
96091448261276513
4
67189855737664052
100535883198218641
6
7
212093889571298790
58182786981754396
104717108982260951
4
96086613134170528
4
1
67759821955311488
598089813709541057
129208405250999419
130349164242312736
9
6
5
809885619531294986
109078609306583654
3
4
226850997518197565
162796866110934326
97711650855977241
10
176564163697880304
108633007723260230
236557061711265535
178949450403823234
427105633403703501
8
5
223076619078646736
6
4
101423647076251875
69105167864775076
105032976896405517
5
7
127924128806689796
58661017013323314
6
5
84444512470855589
170601841966763548
282860693429529148
6
94359832309245120
11
172316718591266998
184191774452005282
51528701810575530
9
75359241029221642
4
378507780712961255
80882349389048670
39941080515786561
7
1
8
155259805971061012
199922549830461229
134934924167440210
23
2
381816581597632211
3
199179607221930893
999999999999999996
423678496503232825
302042626258751447
6
132202938143059784
1
113561268212870385
565164763563858577
79280093926441932
4
10
161557948201221879
5
2
8
1
6
171280748076703248
129784613717301298
206117391086213520
9
126681522424311531
111242922187498251
242123488098569538
4
9
11
6
119197223649238271
130773069635098690
3
223668124994669996
289468467164134844
5
9
60986518801763236
8
3
4
3
4
364171597963062962
284854373891648893
95345247758056901
170692088822821313
7
41071889176041360
50155278038354933
5
6
3
106541971168031102
107905013438399606
2
72084294832225171
374974700603440289
391223744183740145
6
4
4
75548948371533836
266924363672178578
5
24
6
81024013675194777
191338799296882073
3
8
117264641400708038
4
338138903969374628
95984243745405538
143780939914913192
6
3
18
2
7
218069724234444629
190061081573706602
7
6
2
8
128211275614137725
3
686932482554668918
5
580858596670477614
212990060226492408
160045351821518420
330761293078742838
6
707618393758632810
45113730391927960
7
6
244662081815173387
2
6
6
6
999999999999999998
2
133955215960137928
120843672456371908
207757398835474425
10
185884980460956415
7
5
10
127269891960708790
127444767285299785
6
89060027006453575
4
181629833824855351
88938604358139423
5
191292610115828854
8
5
107579780336754363
1
159348193858517309
3
5
6
8
5
156338564602124348
475644059144247793
115738752057879362
19
102826678799510275
254769371172838900
9
9
242288201023214152
8
328626284730301430
5
9
109612497191468501
192913269538433663
7
89990151426945631
240756278867895660
94648837290422389
7
117137792860682117
6
1
110788203562861267
14
146243404450499831
3
121405381117677068
4
106288312883193811
4
103256940941564612
349274788322537102
4
118768622193654248
7
8
3
80955386970026091
7
429126816055491766
146752355136403155
3
2
5
230079741001170295
116081447161275054
4
130706062080906423
72314734762177468
3
7
6
155916699896402254
1
124592760593075942
11
5
99375869782321336
179258883133944051
73622821605842966
7
158598055997650534
120303127063535130
13
1
6
8
154183835764957037
10
6
1
7
87758541553883172
9
204664953586831220
67934118442318359
137284837549797481
33620075380738989
1
8
350215823817198351
116325227159373292
2
89911869257573664
7
156486245742221404
3
137048342735378113
988999531753328591
9
3
4
115177447672095396
83405584412171344
238989408783050623
165943070314063400
1
436125284449170914
4
593945619664979191
3
116867621985929276
76121202478757360
8
183514481219086772
4
2
3
6
8
78835553504734508
78262152523601521
6
5
236269576798273449
12
72415278244747822
72538007529624558
1
281414639379731564
164718969941666584
7
378868862801958226
260912498239337692
5
137959397707139854
102868181768069602
442826526473174599
162202591553015432
158463300832925472
5
89581958864431277
81610905112169583
4
6
3
20903637617185414
1
46657990110382693
3
311774485600447989
278915552523434180
10
8
84477987313214563
6
7
9
97468022192992433
2
241908459406714027
206014107410927991
2
5
77459819639010456
108230145866528444
167483868126746255
86927148691410070
7
151660649242817468
3
177412163088942501
8
115847776827772687
150777150507892891
75309811961640939
145384202790250560
6
5
43553331083439458
74159858984542680
126551396777902749
6
6
213188245340371437
96697614316598179
98192187380940485
2
243283069407673100
103971270555205563
63771795849985951
133322470458009233
333604896181177026
95900919266340707
5
261885317524278766
6
64974447722323914
5
7
9
177400494926818627
123012881973005373
107498727889084226
87990513782984141
137974692428132086
4
10
3
7
3
56188145379027387
6
5
6
7
9
86134112263023983
3
7
32835204192952042
4
4
101710257433465627
90441858733236493
129280604867333860
106376995816589225
93912665973827401
248897648294108689
6
6
6
2
163923494992519389
5
80400890405703556
4
4
216345795016094811
181547948767539967
7
349888729695246193
91295983102325153
4
6
4
4
10
273667888004924587
181798026594110649
6
1
111188831349928383
7
199384289414755926
138879052749013554
245924173086094147
8
1
155575496716240460
90998310471757189
650585464543645226
1
1
9
10
7
4
220179341417348999
11
62494663575763550
5
127597983763066411
94410716927070539
137980403739162286
334429559574642941
6
5
53873472688850647
96431831640083758
6
4
1
15
128650698925261981
2
13075070881638162
7
47051293524637773
6
49945923593688327
999999999999999996
4
808388005307113742
7
3
7
5
350058605704314114
354021229091762058
81645183430508922
6
6
6
3
92523105362961195
223079983275487092
7
177339855346606553
76150513073114287
348779005703712952
122643958236337857
327009360515946442
6
111351907143188765
183476339361344643
999999999999999999
12
107142013517140912
5
4
31089388780482084
11
10
3
5
7
268953367688928385
11
88821163181679659
11
123218239768882140
93133007574209954
4
103986113139187273
6
2
5
7
6
5
7
5
378314035411781312
115334333540789333
11
7
3
7
151924985119584052
46658299185881957
7
56503037488846005
232995675009381627
4
110728358910112036
109470348764030195
1
61756418688301650
107542827558905757
4
373430402534622331
295697545563175
3
118675915316255298
243748994471195963
6
59480599996333522
5
5
139217606176800114
5
5
6
6
449181886047163268
89260960296241340
140155642092158729
4
3
3
4
216674936533629265
135093222743134260
4
490529086996750940
106019442962393937
67748196973964975
73791961457484989
5
209318007764573525
6
49004678559443443
132726266012686824
5
5
3
82325581133861685
4
462261654701686501
7
8
153726109796552045
5
5
116897930562106331
168648465634666101
493706739187797478
5
345386108386706522
113772160908116945
201532016982798943
9
31547579395672915
106315336673523467
3
92537518404877330
3
281342419651453350
1
146590480909278735
130378778348067525
7
69837212410063606
3
107626099417533109
1
183662839027849271
5
2
4
1
75629688953635312
114513480146094496
10
119717757683921497
8
4
13
48531409876085033
5
171293318151879418
84069224622062031
316742331296699077
5
5
12
86678559051302015
104769630701555561
89118133004484688
9
140930202685312751
121855950673121574
231234287238424888
7
37750293233477482
8
6
347353347121554604
11
56155036614868775
868178606623288385
84882435546673029
5
9
10
7
8
162101758058783107
8
158962552679228091
155602785567774475
59006555038901066
6
129644433638192366
66649555873404311
79828190932608467
115997630669819145
3
3
11
116345571270344589
203370434593599318
401713855027823522
158336125992419803
226957728014324686
990972321579571236
6
2
7
7
3
98800643864649467
3
187388451961350057
5
100032908099786554
1
194214917911828708
109247202222864976
6
12
9
78140886531814860
184530829265815932
4
125167667647874562
2
1
115203231263050006
46745220762141838
127070201602028255
124319614829924815
248945836785545743
3
138837867410840591
6
55315880488619927
10
7
4
5
194977294499688693
176018046388532550
10
129624371261086265
181281652594152046
6
10
8
45895278520379463
10
7
5
5
97882674229528224
3
4
5
120564419600223118
13
138799162924673665
20360417594051579
7
24
4
19
5
6
4
185759550179195938
143206966636374268
4
7
7
8
78839591544617304
7
7
3
4
7
7
263716795975363086
107589680296594964
11
1
93322696460960106
546330280470252134
85252708005625785
5
8
53089315085644969
79675118788422916
3
11
5
357477794498378553
258875287413914942
73863427402943629
177488556197118984
4
8
5
1
6
8
178073681569519289
114899472862938913
2
1
5
60494925639980011
2
248631363700624138
133939586351304213
9
6
1
4
8
236868622747286932
5
7
4
8
5
10
3
5
9
85151507754504849
7
120125244277760558
111985673961500048
4
6
8
6
1000000000000000000
171014812722678832
5
141527265056995100
4
7
1
7
5
5
10
8
6
146898900002696699
166956954286763186
2
150067066776022035
130604617209733646
188405830286337448
6
6
7
6
3
188379990686334169
5
11
216759663925928522
4
6
999999999999999996
999999999999999999
189087958126511358
6
9
108031101007409210
6
6
6
5
4
3
94704601450659854
4
3
5
192173607546924116
5
4
138145593127181468
69472144193367587
141732545072491469
71548310429105078
141267523591893179
94246864185919302
88152886688851885
74303312559347190
10
1
2
253572598187391631
108650004291824523
196396157180426028
154996780438336068
68369657325193450
4
193074360506099570
7
10
4
66780099874800453
14
13
88377517317502186
5
452476122864420294
691224378706854037
4
8
244248416779024747
2
136805864497098616
69302793969480202
211687502646210992
4
241726711016137368
1
6
645114987449610988
3
4
4
86507902746045545
2
3
168869235040083918
5
15
154709670061178740
7
106819367629698939
8
401056957921895871
106225080535197788
8
4
241467658891320769
76058223416114036
96357527207266421
6
1
87662647378229670
14
105393609089475186
112488139443930964
7
8
6
4
48349757610175919
57071410810770896
345473711995659127
3
8
3
106860742776948289
5
3
8
222315378982718424
306022813286851669
11
4
5
10
5
4
13
10
10
7
1
89488663959011258
206915874189544489
5
5
4
122957212604810739
2
5
5
393937176059343148
9
7
5
6
92564135719590614
35168080413154370
99804646196870478
8
218861864436815543
12
7
72270397503260518
3
105727445989872564
33785281469705730
94540552292868
188686305189448902
106105104728525599
5
1
48112932498650987
4
7
161433140227573748
113515343040150408
164635945226968794
4
416335778636507208
151408883334881297
5
1
3
3
3
9
4
189120723757706579
151888586015375701
4
85703854378327850
4
77200880813039997
7
7
697694699447803539
12
9
118888001085703250
12
1
9
61783630278844641
67734354631403402
5
11
111845660792340535
13
85572067959126173
549738061372045304
5
6
5
321538692371573449
10
3
4
5
6
118457261684772975
7
119369822078500617
153427318408373296
80422089043909058
173391688261290708
4
3
7
17916338969971725
3
133374690008654486
558979201294698466
200492946626787954
4
128192174963607512
485313014668975785
9
1
3
6
136267994085962795
195119161583848225
11
6
3
7
7
6
1
12
2
8
8
3
43300584371345077
58609221730758323
6
142883104326562038
1
56187025659543274
6
106815435058835114
11
106188226964220653
226477521665007557
1
118174033504735622
3
6
4
86959032301638547
74478804176365431
48904009033818589
292475461648540918
8
10
7
123872489467582831
110109200808877675
1
8
2
6
5
185279468069567356
10
7
1
65106987808006016
103329091262391977
6
4
8
87059175140532533
5
84395210157535736
86503943337939307
5
5
56841214099130641
63153812313535316
266422271345725036
1
124355718965217085
4
9
61312667079286584
8
115885142089747485
8
187808173431582020
95417490466988377
71579740761619394
50623510713398651
129820932546059633
259873719286927426
112961714969070332
8
6
274590731170178819
131065665776279914
3
6
7
4
136751272775770539
83840204129406843
103422397192926049
7
83991186886958233
179421813574320042
7
142230743957231371
7
63782361430748455
96249932396195758
139086577150400470
68432352327845516
75787964630252331
115560853676595854
3
3
10
11
139886696982901127
172522498352292792
264496829520618810
140257259870702829
5
6
5
258372199646591680
175025049787654215
3
169371761903722448
8
3
4
92555831885824528
47665970815415478
223370083852416007
1
6
1
8
102400056552730877
10
178880909057899780
10
5
300762976103614501
2
20532030281023011
8
172650377196801411
99912137270509859
7
8
3
105299297939218692
4
10
454162484445124207
4
1
86187681972583504
191605752421793758
534238699058582705
212148243361534054
5
40041474122671644
185304392421789778
5
5
176111156356661908
4
3
190315133550927790
45331345627811673
198452539248130212
272070423241809628
160367894233732246
99422044622314886
104794265839707447
5
8
5
5
10
8
5
8
5
8
136576742467177826
8
2
329133801876689972
151210740878752044
137847909031933566
174769687749734087
9
11
4
14
112160124487435625
90877519178596755
5
8
147412838291640466
105439927326486802
8
1
166427612804519266
2
4
194688646899063374
9
2
6
4
3
4
3
73936691952988371
5
999999999999999995
88592265316793123
7
7
6
105575591479868317
73260659935554974
94296551820244032
174038622552315349
131406628260380775
77514667493110913
8
263329913677984181
62513505118084500
31349723609853425
2
245176091943194394
7
7
8
2
3
5
7
161582580504826779
128794424191278368
1
5
5
56037611745258427
77012320660134770
2
3
310886769463460539
585932835077708587
7
10
3
9
131616733243363332
4
78102913610255140
5
5
169239708565231516
100493173488418493
101010790736917874
5
112520285844165070
106384830301106527
178663928039544715
506294150738153308
86788799683300681
153951002924326994
264803332396530999
180675811739556714
94362630892645646
200019113617297858
136504897451670172
5
5
732006313829650750
6
4
83614407292224349
396594465598536967
8
3
4
195692616600362885
5
104628158827204896
192185882004376591
4
172530726076835698
205310780616879755
292269819904329329
7
270465151351133677
143129486007296201
6
4
360504510995332663
5
6
5
9
7
4
105888175880075136
4
111294807746246523
181784199578845712
2
237626732482414994
198557584474201659
2
8
108245407477316151
11
1
1
4
64093833189848860
96141216279500659
73155191537661737
9
217973974033432678
1
20
3
9
8
103014998030907984
141599769868536430
6
182571431769096934
6
10
181760095316657583
5
252818751084811011
1
147012993915759959
4
1
6
8
3
103418906444540487
8
766638358352148268
6
4
8
169399727503275883
48057168659667903
6
1
3
1
9
8
10
150291280437941925
34451453537037068
10
313654948710382126
6
270866517738985575
478762672948682980
100365112965644876
312339731102321577
134802764959052000
84678088967895157
6
158611944467637056
14
108374315143583048
96299997300513995
10
6
8
1
3
11
11
85787246574477522
3
5
88267576275664970
1
4
91198498784492423
132592896752946896
40288582215231315
1
5
164740171404008159
4
9
6
5
1
6
8
28204059581055614
183071203834882033
137515409787210333
6
9
259668896539889969
445266975150225081
115773332070097218
185620842648992714
345716557553313768
11
5
132926477977111461
3
2
5
5
783339266202869889
6
162096319110199422
2
11
9
7
5
212448412405790639
244469983840825298
12
622701588974239266
156856226485844045
97263114803482309
999999999999999993
3
3
101713213273740572
105304239490189093
7
8
19727441240615633
435628103596507869
193853982032531008
106980751576456425
161667104997732484
6
4
7
3
54526717092283958
5
450541214339396877
128373118549243547
11
112243917149323079
232476528764241461
165512853096074836
135945275697006960
175052589012020747
187748271126763468
87357474003052543
13
118880001549968919
280476217320299067
3
3
5
12
5
7
9
8
6
4
6
5
146503710447666750
10
133460159093722185
7
2
4
11
13
3
7
4
10
4
5
2
437890993508650366
8
8
63170883392332510
8
3
210354112900322295
3
101536396056312047
6
7
4
9
1
6
82218932847012544
164287170768155765
228145843907481667
413577344796914337
5
4
97180041512382402
20
101514971794004368
122479531986812768
7
169528364103924707
146846899792874219
2
307488276813084164
6
9
7
995685333317401042
2
5
174229298471356311
6
3
14
209889882413724622
8
4
149680162300305929
7
8
56829835449363650
200562323242765879
4
301427475573680557
3
68790215302788307
117213591979324437
6
35517423700351242
11
206180293158851502
11
47361310133960343
186685387176311169
97649528611069488
108480938353162518
10
5
5
10
1
198821150691971351
8
4
4
350806113266739036
6
6
7
4
4
59678312779129361
6
5
199220798926578921
5
6
97358503840000686
75108228093251806
77438136386326737
140323225453268938
95279804450845793
148909737138873774
16
1
8
98199261068341578
5
196382029161945980
70582823477807224
155350213323460161
4
3
58303823593859086
247128928687615172
4
8
8
6
5
7
7
11
7
268757685710844454
144132581022738210
159525813596563784
10
6
140023902327667470
6
5
5
1
107117022856311050
90679476074882218
96458728775752258
251565140418419875
1
64279821775637716
4
10
160708207783094487
9
11
93779517446492302
8
224585038603983817
8
4
8
3
6
10
218910902888144639
59741284222079221
188845041239692375
6
193685790333480342
68460047169155392
205093788978717492
10
648322635955018558
7
108463250659940128
6
14
1
97899854748057967
2
11
313409452063157836
11
1
5
3
2
3
150504686486400277
7
6
321098034453982517
7
54442323915093321
92248827700010900
88538421832151553
125192776567890549
9
7
348804794545164517
1
170343524576954778
120149010992899856
7
8
4
7
8
1
94740010259311293
42251864965453520
70285927397050017
2
156554158387129533
15
5
82131176212057810
199521211343005977
3
1
109808435291935536
9
138452810760840108
2
9
3
229763416412376845
80091563670087912
3
295152936976322030
236751561902404680
1
6
237743935841695360
192752533039970820
91816952067377848
70417668214115150
117922610443479718
94326261971232944
210654424503148491
1
3
5
224853480118418129
104177303568694873
1
4
1
84572138214240235
9
163765273687971072
3
6
365634021918994733
103418113494265668
13
168709500029968951
2
142953455325466764
4
6
9
5
8
88754481717706436
4
125743958155997843
4
143317244443289710
177071273832172206
4
8
151494350659880549
190261242315018830
138523243352894726
257300317852447325
4
6
8
3
2
140331285528843651
81107696336873282
1
182050454196181677
4
180852298843438961
185539145473282926
201068766521458688
6
3
221417107817491751
77145123794916965
58319293448028095
205112695382681855
71575648813080083
8
9
14
5
12
49000419320620210
163311144744147149
6
6
6
7
9
125966243847277383
56782692557044529
119182209937393171
195025420996428281
10
239252567949630341
190232922165139130
112538382012392641
196156011567844677
10
359580886788253826
10
3
71320949010413363
1
3
169845644656481556
622681474065811643
6
11
10
7
7
10
106158664119053063
3
1
250173653912976887
127692248786911416
3
3
157749091976634562
12
57199303680341479
120975810783538273
11
7
137828378215555762
212775239133970607
106269213377214956
1
161732254617383209
4
5
3041252420482670
93911119980004084
140964632945782218
14
4
235315179217087360
19
2
234820318495876682
351890075977687648
192536566879528353
100200938366441456
1
10
8
41906130117142392
55104969227695090
153338292530226152
5
419473525795451851
14
10
9
150955081750084045
1
90149682026301863
4
5
4
6
130813299541929543
7
7
71977844328484077
5
68816486404687303
264446921041409571
5
1
168137314618299912
102019585374230763
7
106381525810342021
6
7
2
9
163357621857236147
7
6
13670173564720153
1
4
3
213195276990177049
132695708383246227
50058637123520602
2
7
10
125774849817722378
169575078418746108
2
8
5
106805406297137142
4
3
6
12
175583707623850711
179402619850464188
3
76130035028229081
116089174907581085
12
30854458016245368
8
4
5
452855309156908417
67013116087052346
6
5
247563532220973229
103272104693491694
116466754914341663
4
4
5
3
263921445699083203
393305751135944209
7
9187584898386021
4
5
13
70217791648957581
76078547165153801
3
70973782541312157
3
119896371177108690
88218595999774351
6
6
6
5
5
93544384396956320
6
136090890128293763
9
98795317648421511
470148767836624424
4
111406443170625988
4
112918714562837695
7
89352333559057739
141842739790321380
9
7
5
276198163026642655
74521149375582656
153624261921219195
222673674743472846
136899373942384084
5
3
98135700142906937
177000959457833761
10
6
5
238358830244410565
3
5
5
6
9
76430324295354811
161892889012295748
54843839534702162
4
216598427127071089
6
117242054265248927
4
1
8
350306241081900174
12
269084835386822534
7
226517587114857593
5
176748655233451884
7
7
149605432974388281
7
4
117551829230850084
230748761506773366
6
7
10
5
95132124400049494
125306378365697758
162237143211442085
1
84994624218439640
107867955348617254
8
6
253498863373425577
225641873532423911
86710357514873838
5
3
359559085947105712
7
470928969837987773
10
340530374459420501
5
2
1
111354736242653205
104729748927007279
4
6
289177783320165875
210384750348385209
105833619259794070
42189643080145799
5
3
9
13
5
7
206665771671709371
9
166339799826145442
4
3
131963473591835369
408901025066690103
5
3
7
74343225313638767
4
5
105274062814430041
68865021402325635
31669874373735482
7
44015974413116523
98685287772850995
1
981365283020004714
3
9
4
5
5
171163300276748016
6
123990835433907361
415020276917356063
194305137959359964
8
46977844494822024
5
6
88771168076971281
111397387889929363
356331490974535148
5
245232825883664154
11
118915031939892718
112108610136150581
7
166271113723694567
2
139689563877995200
193052807513265264
416047111125738539
2
79787507982783654
118681071394112829
133222945515307571
7
9
2
10
73808039818369687
1
110146878260832075
2
5
292633552569196523
158201593587015279
3
61704089146703911
2
78507255785512795
4
4
209910924251219712
6
158959288207380010
462219688445817126
179361752745520756
7
75204465006789948
2
2
82837724270011773
90571108784077097
60371986506132791
101603339639372660
40631516364739437
10
4
97139189240355776
155868558335590054
7
3
4
6
118499590884547861
5
290909941701499397
309399243817857147
6
123207466571605690
4
330304425649724074
215996045813125281
33736616714646177
56609529729404476
41043367348683616
4
97789081330715822
124371193103984150
227976049510236
98038240986382151
51814293660250270
86780405449193917
7
2
70611784959492826
15
2
6
168108358464366281
8
5
3
4
3
104222611382000586
41010009291401522
34342315714521830
46127635230464818
9
4
3
91609523107096783
202534136669556244
39775417238010265
5
180576199486340857
7
6
209327349995713218
9
138084692513597810
122821813337708453
5
2
114023120694223998
8
190814688817352688
98456172241045263
5
605015349319804055
63077199905351626
246153842073785927
101210603818316697
5
4
121273566526746935
4
4
332773306165622540
3
140853668204034960
5
7
80299695667858370
1
204908278159702856
4
131627296016872319
76805710235490672
8
102713469293919033
5
108089032428936741
246681568972849236
678146600597154195
134572781984506932
10
119072992152439575
8
8
123428956621838707
57115922468879120
12
9
11
11
4
7
9
454603071113991670
95992920472609771
4
6
613333024691163408
256333146569639473
262061031447492715
12
135229271148652143
2
109891924829542729
43006707717316083
256734824417743664
5
4
6
8
7
7
130496465024563901
92408910336280291
7
50005248124998687
2
4
161629541791507073
14
136283121602719409
113178710684935824
128222215319525624
143407152759583565
1
38565567035356398
9
265480752101447961
220048933506111296
75777197828457447
6
9
238208377140820606
75831962006883721
117675659865236917
3
7
10
113942704501854979
3
9
83602724872594746
3
4
2
148038353344006699
7
9
114576511975145697
6
102980200001480878
14
201737916585584254
227810975467444932
7
7
127275843513925644
7
142792702745569518
1
9
3
96548396874632366
3
3
114213975356211704
4
8
53416994864645251
4
6
391836221952038668
6
113769557016445695
104960203718682967
722769883967631617
881184374871708651
10
207516227518469889
215290933105054192
51297189058430741
31242481822437985
179372655898726547
304317222456478545
2
7
4
284496658585098410
115518184779705652
3
63199386027095270
6
10
66037557048258424
174628639944697291
53250822647372581
3
83711409706038603
4
138453817621121752
58701106564251259
94171712744513409
11
11
5
111697973108879492
59405717584898740
93946140139447582
91467791951893874
361287834100096227
156090096854902792
3
232437325922087727
4
4
448022313064483514
9
114863197962270819
7
4
81131081128310554
370914406739235500
12
8
41528930248946288
130596442733860245
7
76456432987210153
71561566488270549
2
6
162612355054267246
126768392049979833
251193114032255891
3
4
162240387676800757
10
64900858251761646
64473962033214958
3
5
121331306422740913
1
127160502359123626
115709803285044192
6
3
205645675302138883
8
67974376587058055
14
5
5
138218460902813583
314101043696378338
47092425385588657
12
7
84677773566594023
192428834953199430
13
150656506254520335
14
97154208853193071
999999999999999992
6
7
5
3
1
6
4
1
4
65176676941598453
102076136959047230
58556392745253572
227028730124968623
6
38654692947210285
11
1
7
271497504779616872
51343664667835367
36703967108096195
254347721556313027
282889029841003788
94705208596207401
72571479369303275
157388413165083853
157239099540069907
256906385504990286
10
6
140828352394151232
59560606057478861
9
375573549581417202
210742182987992103
51776854763231645
5
7
118055115218992435
6
107181161905129473
135617111946216862
5
7
78585705992776576
7
2
6
357384222677597269
6
7
5
8
7
1
1
57041097275222117
7
8
104130035290645139
2
75058540063163629
58279442159535015
2
5
169610898647022063
74384804010549630
658817750942030887
3
11
2
144077501818336633
80016465501466150
6
140727575509782579
60538218547136722
156916906625327314
7
252581727935397217
8
2
7
1
7
190542364122129608
218046523414078650
4
62738481498938679
287708424826042168
7
7
244499300315410342
78784715160029478
5
5
3
2
6
121315555389752285
169536245403682786
102249729807531007
406732911720514026
162159237296084934
5
3
6
145103901824521704
205701837045579668
3
3
8
6
195713244744998557
3
10
7
152569833175021849
6
137127888517916434
151512797660541884
7
253907915520120762
166494235069810288
5
7
10
999999999999999992
15
102164561939454931
11
1
105857776065649303
5
208823213859636685
4
308949894406245868
4
120948216410432936
2
49515505415030379
130087815077601058
118933635732050137
648804237306674215
5
176341102795600802
7
124059339352451356
155038203931791650
12
7
2
5
80342165748122008
9
117325415647703117
126664071920865672
341452164766289328
122599434662590397
240323095823945564
143145579441864013
7
3
147840534824054731
8
160692064512517750
7
60593904642385714
5
128491307180783321
1
41022484381369166
11
7
68626843620283301
2
2
5
228445668816056315
359329506129321330
3
7
4
42216000309822822
5
34651619461610065
106277407428209332
11
7
9
6
3
4
152783947808276725
7
1
192952866627953208
8
98517341578696885
208811607257735780
95902465309166934
4
4
204165994290140351
5
6
383509599151519998
257209693435259056
169769297699262932
4
6
259616621455905695
7642464845367519
77936578886581260
85920468630346651
78693572401375116
7
148402153307874630
5
342196611434989909
3
232457403796570128
179276532640921695
999999999999999992
4
130430884277230299
358375222376081235
101244163094762312
4
201377619232877772
3
168114945520185932
348546356390560031
5
105637151441466667
73840633401356905
13
109922395304327356
7
1
5
7
106034760147407241
7
12
66359836965569203
9
65933947816103243
5
5
185851153110825163
8
4
2
5
26422133190356106
268116248998645626
8
11
6
67904993806188154
4
63683904331001124
89817687959760734
10
7
8
5
544987032648273217
5
8
8
162806227005460884
84003875355910714
4
9
86864145042124692
7
6
13
12
90162463042702863
3
5
79106803619703844
4
9
4
1
1
6
2
8
11
118723890003351920
152003824833137781
71266761507648174
249924205193586774
2
3
8
4
3
60739835497955339
146851094081339588
179775687511928803
96666722288741206
3
180299975362807034
6
137128768556359322
7
32377604576959800
10
97606753628436911
89991224919722106
66132347850022416
4
241487995218881371
4
10
146398002934210812
165397846148896994
6
6
72294848241899983
10
13
208916874923481010
148621515186204027
44285172839876476
89379429929130252
7
8
302015849384111651
1
495158415298467590
3
107036301964549534
157365281053548793
10
135628973698242895
3
3
142392725220478159
196812774328433041
1
83463815058219811
8
138217378877623929
75335883585326441
135933588960494723
105492191405490319
7
57612982343895973
95108510280453798
65937821698621150
79711266973545408
6
141817552864543102
88007546920321434
10
102198906369396932
4
152295839368750479
3
5
3
3
9
106051934035610764
13
3
5
80337409254203541
152478299196760257
2
75787499451467297
82208639512232876
5
1
115801486295578206
265239760043481782
5
113911566590141829
82522926741991966
5
78444380125754887
6
3
5
57017783952064931
117632460473965855
163805390407832994
1
158554601568692798
11
4
237395899293991725
225266787489207073
5
2
3
3
6
97150485783542760
187933110287227953
7
8
3
9
10
121733833934236419
3
403743177429953166
8
466074049910486895
119081922145915730
6
117191764081012034
5
7
76026557856409496
4
5
125436460319623991
3
289842813103250889
152049421885947579
5
6
5
7
3
67326165920097747
12
240345386922787483
5
3
127069929483155943
76930292969796367
167925850227465063
71803568956806320
5
1
5
2
13398109880436213
38730548488101067
2
312535179973976465
5
125968095443889059
2
78344882992233131
4
3
134559209988055269
58610042279662608
3
82948508799148139
106722163888745583
4
124159176478916891
72060407655717675
230875033824768212
84250414870376207
1
133494131504467338
205103978325777784
7
131784803770614522
2
7
252667364993422511
8603467472359438
89400970163590376
89450121063701631
119445317017732661
5
1
5
8
13
116217638389247816
139219242384624904
8
109884755933946394
8
229196950020348671
3
70918634671323238
424702883802551280
150533098771337188
166050472343599406
3
114087715921325569
3
6
3
48976149144794482
5
6
4
1
3
1
170098270519569468
57875932643342998
183877351662884518
12
6
111337505467892998
133934842563010754
261074458118405149
169865384517326816
276389951636043120
125401081845541324
127099415188720400
149880492866738153
70482246726627235
4
13
209056101898388403
8
840702912756125619
7
6
8
248415415898013960
79354984920928692
105050201420511460
3
129788308800816299
101088219998477144
8
11
6
210748983897466538
110836049495802203
2
5
178350888204909530
71160229443526307
7
206352783610761333
4
57801882563854513
126518613825939390
141081744147457565
561658855304483746
5
6
4
3
2
6
8
9
296924046978346956
5
5
157921913035383670
8
168812982946817096
7
6
82934194814743527
4
119673588071199250
8
117545239750524779
4
8
506746558577587796
4
139132691333490836
32562532370437045
120972203593864415
543199859794174202
7
89490515461780071
6
8
405483626584290592
278615606499897402
4
7
183690009277790511
2
104201106705059931
2
3
81702948356513379
4
8
1
4
7
94798673065065187
166011756480395018
4
13
74572061708173844
1
80397341476394213
345493287951995316
10
9
15
241352980156326125
999999999999999997
10
111757006355942396
49775938240293102
79837127968854655
6
19
2
149337920868720884
140501840840262341
9
9
1
3
7
76858861123204714
6
10
5
82912576272443791
5
9
7
8
136851961823961723
166497911910131087
8
155609703287389883
96165100473110508
4
107576913259225129
7
202235154688481730
8
45917669510188221
4
5
10
3
77864636432652156
6
88306323615880821
3
5
6
8
4
95746009648824647
202630165438114589
2
119011527451124316
160602613751050845
235225965082407514
170201070151029569
2
6
176860405576074511
3
3
7
5
356006004785452967
102316038912505718
1
52859578910741453
31230731559302749
50689385071597541
169021080122830228
3
9
81390730777803400
262800672195284609
179439020783507561
60323875157402274
661887746029638916
4
109789343784844520
5
172128846727616300
4
1
3
111396725786727097
2
