1000000001
5791156
57
21
6
162580814
7
226080956
6
3
504104636
3
53794909
3
120077177
91841020
16
8
1
6
4
4
158217024
7
6
13
98418835
4
264196710
44399193
9
50831222
10
5
1
42458287
5
999999993
14
85479359
999999999
179833618
5
492374052
62312905
2
100089011
98722120
6
6
110307467
6
186563162
9
260615266
113690315
6
183278119
148788260
400407005
7
244726448
57830042
301152934
96038726
3
4
3
5
172239956
99630349
5
4
999999992
116424473
113313433
57591288
8
645414439
162817013
5
390532583
7
8
3
146899264
117964859
7
1
