1000000001
15
86
4002790
249148927
203613023
98131011
100922037
360208013
77911168
127864727
3
93261422
129552527
1
7
177780739
5
3
6
132496910
100784794
137671301
157508213
371120817
8
155807685
63167360
141748303
9
412178476
2
8
380843960
248540538
3
200366167
170475892
9
340399734
1
5
7
3
6
61299124
3
53924003
3
43573670
15
259321747
118968657
9
114757859
1
2
75718581
6
112211128
90857893
264533891
5
557938767
190564259
106961846
220720457
73821664
10
8
263834744
52759466
4
1
280620068
10
79955580
167012715
4
8
10
5
11
61534402
138530270
6
4
156077128
