200001
430
341
523
483
470
645
750
697
6
4
7
1
36592
8
23171
71260
17609
15633
39958
4
4
3
37087
1170
7
7
5
2
42441
25109
1
50422
35644
1
9
18454
25821
10
13
1
4
6
22307
18774
50841
12
15
19707
8
19315
2
8
6
21198
7
2
18220
4598
33796
23409
9
1
62676
30680
8
49189
18284
4
38433
81735
64962
9
10
45872
5
7
67539
8
10
4
118971
16755
2
102976
24955
8
8
6
18780
3
6
8
44400
65545
5
1
24722
4
12
10
22689
20345
9
8
9341
56869
5
16980
36201
200000
14118
14126
1
1
6
46029
3
5
7
7
5
4
13
50746
13921
6
6
8
9917
62667
1
9
6
7
7
4
10791
1
8
23893
2
21672
24514
3
23109
147185
6
4
7
41562
2
4
7
8
34395
33596
4
5
28281
13
7
32201
30991
33782
16409
5
1
27316
31845
31353
33288
6
54889
7
6
3
8
5
8
21877
21960
9
6
12
19740
2
5
16812
37098
13652
5
37639
6
6
6
6
7
31229
67600
26428
44731
24078
23424
28366
5
6
16470
15801
199996
8
14603
6
9
12860
19342
7
11
1
29420
49120
5
17109
6
6023
11
15845
9
24809
116694
76385
7
6
2
6
2
35120
25702
22521
5
28008
5077
3
1
11
15
4
11941
11
138037
52871
12849
29033
27712
34321
90055
5
8631
9
99525
1
2
8
5
6960
24661
4
5
33483
13543
20579
5
2
9
24129
8
5
1
5
199995
21654
8525
8
4
2
10
5
8
25765
91721
19078
44902
57019
10
27949
5
1
48287
37071
5
23929
5
16906
13
20839
96444
6
6
9
25799
25834
23246
25836
6
8
7
12571
2
46195
109168
23066
19206
24296
7
4
19566
13880
6
5
8
97862
4
1
16264
46705
4
5
23966
4
6
30534
6
7
4
6
4
19488
18255
7
73259
43071
8
8
2
7
12
24266
31299
45584
15200
4
7
2
1
185007
12
10299
94628
21369
14851
28810
7
51213
7
8
7
44375
4
45946
6
9
9
23188
55612
3
7
3
86739
7
7
63696
41080
2
2
2
1
2
17275
6
59991
62278
49047
3
52342
5
9
10644
11
7
17824
9
10829
7
2
34304
7
2
8
8
75908
2
21767
5
5
2
33813
4
27750
2178
10
6
18772
8
11
31592
9
2
12472
1
21480
26683
1
3
23350
30553
4
4
5
2
7
43237
3
18104
22426
7
21470
14023
5
21355
6
9
41194
7
13
8
8
23642
6
5
12188
82390
42167
6
5
40754
8
39105
8554
7
4
12276
10697
20165
9
26562
3
4
1
56166
17875
4
12944
15487
3
6
7
8
8
12
7
4
24577
1
9
10
17921
101460
4
36411
12336
30730
5
12572
3
6
6
5
7
6
26377
9
31041
84739
2
1
8
16153
16680
6
3
11
6
8
7888
48667
30081
4
17354
20267
15606
13
2
6
8
3
138862
25628
9
7
33034
2
5
2
4
23160
5
3
16277
9
7
16099
35678
19532
14644
9
11590
96423
2
22130
3
28970
2
4
20828
8
2
3
17871
16391
1
15939
6
36303
6
79454
43712
55561
7
3
6
8
4
18181
3
17223
8
199993
6
5
20414
12
48300
5
5
6
15657
5
7615
93065
8
4
15333
7
5905
16289
9
15941
9
5
28494
60773
7
5
6
3
29665
49369
10
5
23467
9
199996
65586
9070
13882
34701
5
4
5
29789
1
6
3
42201
8
4
4
4
4
4
42523
6
29002
6
5
6703
11965
2
16984
22058
15726
13424
32396
28365
13491
14628
5
2
3
9
41621
5
8
28137
6
20
4
79536
36937
9049
8
5
15728
27882
8
5
6
67651
200001
41015
46260
2
9
3164
6
9
7
13619
2
104955
18410
32066
15
2
14904
17060
3
89152
19812
4
19
6
4
10
11941
2
5
13245
6
12
162599
2
4
40570
20769
21680
69099
24188
29194
80679
28691
28507
6
4
4
17145
6
65310
182147
7
2
6
5
13973
1
22630
49062
4
37074
1
9906
8
32153
35400
11
34270
3
36765
29041
11
1
14109
44805
67189
31528
5
22666
3
38813
26071
5
10621
1
17441
98663
13
41671
7
63326
10
2
7
7
5
7713
5
5
115193
26697
3
7
8
1
7
5
107011
23384
15493
8
8
4
50481
7
30918
7
6
83782
8
1
91813
17259
4
21473
5
5
53053
26658
3
10773
9
6
27142
6
1
30735
2
36200
2
30098
10
20022
9153
94892
14985
2
15170
12
9
7
24104
6
36592
26081
56509
8
6
24347
26694
7
7
10
41908
63585
38133
29971
8
78737
43824
7
18135
13
4
3
32111
2
5
9
1
2
4
7
19627
20481
5
21500
9
4
86035
35506
9
10066
5
28233
48564
40962
62946
8
8
7
3
32503
8
6
5
21501
8
95043
1
42350
136980
37326
5
61675
2
4
3
27552
12402
21333
5
18708
1
4
11
8
7
6
4
3
27718
6
6
25592
5
15513
20264
16067
12
7
6
11
6760
9007
47065
4
7935
13
18630
2
26094
46038
4
1
17405
122026
32128
5
18379
38160
7
7
1
2
8
7
3
16820
5
2
4
56589
12954
2
11282
13
3
17770
3
23616
9
7
38571
4
18725
40683
37929
88382
13291
3
7
8
55662
6
4
7
7
8
28362
25005
9777
66624
18043
30962
15
16263
4
22041
34529
35289
8
3
42939
23401
22238
5
6
38547
8
75082
11327
36249
3
10
10
5
10606
32449
17240
20071
8
9
66242
4
5
5
7
15218
8
21
25347
2
5
10
38696
10
71178
23048
17963
49548
21735
5
11885
27998
24581
4
6
7
15598
5
44977
7
2
1
13021
5
9
4
18711
4
75882
22430
7
20433
21728
8
17096
29563
30277
5
24574
15942
5
4
7312
35022
32815
72562
35153
5
1
6
19750
6
9
5
7
8
5283
3
9
25147
4
20635
27255
20313
24544
69101
112835
6
6
29079
5
25848
3
3
19415
21881
5
2
41784
5
33880
3548
19616
22465
4
7
3
5
78130
18243
30944
24537
3758
33597
148723
6
48260
16586
39990
9410
6009
2
6
15544
23215
43350
19144
7
22313
56861
5
15895
28869
9736
6
34763
85197
18432
34601
10
2283
4
61291
9
2
7
13621
7
3
8
9
3
5
55575
4
78676
20290
18853
4
2
28349
26038
8
1
41042
4
38257
185407
104810
24581
30275
29251
11766
15
5
57245
60303
61777
10
1
1
21655
2
34243
21726
9
5
4
4
15298
19056
4
5
4
4
7
7
53782
5
3
6
21030
6
31672
5
4
23306
2
4
4
6
61619
21909
51791
6
6
28624
16201
10726
11
2
7
14
15238
9
5
8
1
2
28822
1
9
133196
5
3
3
10
12550
32507
5
1
5
4
52138
8
24586
22879
77707
1
3
4
27974
20899
6
3
4
30948
2
6
71637
10
6
92662
41091
1
4
5
4
6
33089
16450
23775
25490
34762
7
38498
3
13917
2
45812
5
4
12
6
8
27866
11325
44730
10
42577
11891
6
17377
6
24207
5
7
6
4
18663
39110
6
5
9
77962
5
4
45377
7
8
8
3
6
2
9
3
38027
6
7
13913
6
8376
7
4
65912
2
8
9223
199993
49036
23790
15702
22781
3
7
16207
24123
11005
8
50323
49318
21427
4
71196
3
48390
21711
199992
8
5
90431
19294
16
58081
14448
11
4
7
199993
8
21885
4
7
43102
6
5
44030
23532
28141
8
5
3346
1
3
19
3
13495
9
12218
5
7
26240
39738
15631
25648
20940
6
6
26190
19785
3
7
5
5
29559
16576
3
101191
2
4
52829
7
25202
4
19483
14705
15247
9
35785
5
7
38286
6
11329
10
113428
19631
75590
1
14
44681
9
48997
4
7
18694
2
49873
29813
34570
7
14392
11767
15386
5
4
12462
14001
5263
1
7
22046
146123
12
7
28894
4
6
3
7
5
24822
6
8
10516
5
5
25136
17732
21207
7
24245
15549
1
1
10
11
9213
14797
27734
2
16778
5
10
28124
117652
3
6124
76623
30253
22264
2
7
40026
28588
34929
85704
6
4
7
1
24403
47771
31499
6
10
86420
22099
47824
12392
1
18250
3
55556
21498
2
3
199998
7
8443
7
4
22802
3
6
119968
2
193818
11
3
4
38493
7
32743
143513
4
28349
18617
6
13713
148903
1
5
8729
8
15753
5207
3
2
58774
35278
23035
36255
21172
1
14
6
46607
1
89288
86507
7
5
3
73750
6
26458
10
9
7
33754
47759
7
30909
10420
8
31517
43307
7
4
29276
15898
15562
11075
3
10
5
8
5
9
11
5
7
5
3
12208
3
21701
9
11
3
98295
3
1
5
8
10
24162
4
1
4
5
1
37254
8
7150
21282
4
27620
14894
1
26169
32863
3
15160
7
3
44489
2
27650
24149
38164
5
4
15647
5
59725
7
14543
4
42298
42747
24995
29219
2
4
5
1
16040
2
7
1
58396
8
7444
19156
23445
6
1
8
15646
60603
3
168174
5
14201
30642
6
91372
23917
21395
24475
9
3
13545
3
5
56129
4
10
53313
25747
5
4
11246
3
26727
20611
26104
14834
14832
6
19954
1
8
25202
5
5
7799
3
15763
5
10
4
4
14
21602
21269
17830
4
64228
199992
32390
30784
4
7
4
12
7
1
74882
7
26824
18587
57101
7
2
6
21123
28404
8
12
4
4
7
6
14
7
62076
9
15702
21106
1
3
20270
6
26708
3
12636
15
43332
42466
45720
17456
4
17506
10
7
10
10
9
31595
1
2
11
25466
19723
1
11
25465
8
3
46582
151239
69664
6
31526
19697
54105
38886
11
199997
10
4
6
7
4
1
66050
9
6
20908
4
16671
27770
5
1
30357
10
25889
6
2
36626
9
23697
7
16954
10257
3
6
24230
36641
25368
11258
40890
10
28060
11
13115
22125
23388
6
27077
28659
5
34718
3
3
1
2
8
24561
73151
19790
21902
5
59728
15194
23809
10
4
19013
31913
57566
8091
36194
2
11351
19608
19938
33104
5
11
17185
19084
8017
7
18351
6
7
20866
3
25298
34191
5
6
9
2
8
6
2
6
9
2
22384
1
5
35628
7
1
2
27779
8
5
13982
5
18091
13707
14
60154
13
1
4
3
13839
8
70858
64825
38690
53334
17633
32944
5
9
13
5
27645
82731
41630
4
23221
9
1
4
2
1
3
10682
5
5
8
3
3
15
35351
1
11
6
50374
23609
8
23967
14223
6
18141
2
8
1
20293
166246
20344
20337
33521
4
6
3
3
10
7
1
1
7
32190
1
8
2
4
7
11
20978
23913
21015
7
6
22005
19450
6
5
17468
14694
6
17748
2
4
26242
11860
4
25362
5
21018
4
6
9222
20693
3
12
23548
3
9
3
22563
56401
3
43787
10
7
4
78133
41029
6
8
28890
30246
6
59280
8
6
72852
36411
7
1
1
35032
6
5
36667
3
13
5
8
66742
25782
32737
33899
4
23944
76245
34182
10
54663
8
5
37889
7
7
12
3
5
20402
2731
63287
35578
101133
100509
21852
3
6908
85272
35280
15556
7
12
5
1
4
4
11907
20040
1
30343
42891
74229
6
41142
5
40851
168898
7
10
14493
41781
19674
7
5
8
16088
18558
5
35360
10
4
32895
4
5
5
15837
21582
24541
8979
3
2
5
20629
3
1
53925
6
40647
7
5
4
32809
18162
7216
4
78147
12701
25917
30494
31835
7
1
13
34192
96442
9
5
4
42630
50432
27801
9
4
2
30964
6
6
4
17055
1
14502
2
8
11
3
5
4
12
11
11
7
13907
13
3
7
5
12
7
16053
8
23800
8
4
43781
30496
5
12481
6
12293
8
3
10
7
11597
3
30766
7
21532
8
2
3
9
6
8
15209
5
5
53747
7
4
55480
4
3
93035
6
14
7
8
42680
12752
19
19900
17750
58994
34587
13845
28474
11
5
38679
2
37807
70178
33666
44783
5
23916
13057
6
56642
8
6
10
9
14
49130
50424
10
51080
5
16965
5
7
29073
15549
5
23760
3
37339
11
5
7
3919
4
26046
17225
6
15620
6
6
7
9
3
50138
5
8
19261
2
13695
12
35137
5
15
3
10
16217
28406
8
5
5
6
26266
103765
19652
6
7
4
4
20152
1
7
9501
200001
60296
26888
6
24852
4
125647
29197
75395
35619
64037
12772
21212
46384
40509
17758
11
5
9
8637
1
12963
5
13579
5
6
18690
7
8
3
112653
39698
8630
31061
5
3
19317
17172
20010
15844
42554
3
1
1
4
17128
4
57753
1
8
4
132932
3
32507
6
21344
47141
29448
5
31628
8
4
21827
2
9
38826
53557
20943
44863
11568
4
10
1
3
23756
23114
12
6
10
17924
60422
6
14484
67077
175834
4
3992
6
5
7336
9
6
23333
10
3
4
12840
10
11
34765
4
8
27052
7
7
1
4
46454
24282
17559
4
17564
10
8
23848
30629
21094
5
2
67117
38678
5
9
19972
7
8
30997
17940
26245
5
47473
26738
27640
112601
18846
6
6
98931
10467
8
21472
4
17505
7
35083
2
4
6
17679
7
3
10
21577
15844
6674
21908
30172
4
9787
5
13014
4
33142
5
9
29682
7
24688
4
4
49114
19319
8
18988
12
10
164158
54656
5
4
3
7
3
45803
4
5
3
1
36936
58004
3
15259
5
26176
8
5724
1
1
4
7
20428
19324
14794
24917
27753
53290
6153
16319
4
17377
2
24740
17435
10
6
7
13520
1
15
34940
7
16515
8
1
5
1
25206
8
4
36156
7
11
26450
4
28548
19040
21359
10143
35132
3
92034
16587
19084
7
14902
1
18622
6
14157
8
41655
24542
9
199993
8
5
15950
27519
199999
24556
7
8
22664
68685
9872
1
16552
5
9
22688
110231
69723
13978
12182
35238
19432
52728
15596
31492
7
3
24882
58375
27344
3
22152
10
10
5
7
43934
25183
15
26866
74236
5
26076
66737
27817
1
1
13073
31808
20560
3
41141
69166
69695
1
22826
32081
8
2
19941
18353
8
9
4
144850
14
5
1
57515
4
30547
45697
3
2
40872
8
9
3
2
25724
8
14349
4
7016
7
5
44365
10
23379
8
2
9
2
123052
8
28804
15967
1
7
6
7
199998
21292
4
11964
7
5
66960
24471
2
7
4
24059
3
11422
70990
3
6
25491
11
4
7
41660
7
11
17543
11
39091
9
54381
5
6
27668
10
45253
15130
3
8
17760
10
1
19650
7
5
11
6
19118
10318
7
8
6
18020
33682
4
7
24942
32687
10011
30479
15
28960
43243
2
7
5
35746
21800
5
1
58419
98420
4
31462
1
2
1
17503
50001
40582
18642
6
10162
2
2
19367
67140
5
5
21846
5
11464
1
2
6
7
10386
2
84770
4
2
4
5
13935
5
4
14810
56610
7
3
23087
21158
64681
1
24435
5
14356
8
9
26370
48980
40206
15336
18098
18065
1
13941
52932
36713
139880
3
3
8426
8
17
4
7
6
30384
4
55767
3
7
10
40078
4
5
27422
36179
5
15
18027
8741
5
6
31628
16547
3
6
6
7
56089
21659
6
6
15504
24898
12305
7
4
25545
28796
7
14
35433
25396
2
7
7
1
60651
8
5
53283
5
18826
6
26734
11818
11
8
17563
4
4
32156
31539
5
81824
22859
21261
1
5
139604
1
70988
35304
12
15942
7
20386
26201
6
33596
13154
13383
6
10
11141
4
42860
4
4
7
14317
2695
1
57538
9291
37167
15391
34281
14849
5
4
17475
8
36263
6
7
6
16094
1
16505
13
15846
10
28783
57760
5
4
30349
29672
5
199999
35193
25964
21805
1
28440
4
20133
19418
26050
1
2
3
123945
2
48434
26825
2
1
24668
2
1
11
3
26179
8
3
4
5
6
12
44408
28708
33852
9115
17828
18688
9
4
6
7
25462
23717
20531
5
18009
9867
58325
5
17232
14544
6
23991
18416
5
57334
19516
5
10
176159
33246
18146
3
121604
6
44021
17353
64584
77796
34157
3
13230
7
24101
10
2
16876
1
3
12
18612
47230
165399
10
4
3
11792
8
13
199997
12864
7
8
7
9
7
1
40962
9
14320
20021
3
60290
6
7
16630
33551
1
20470
20521
18236
2
7
137
14593
3
7
16357
16618
9
21389
3
11
8
31269
35781
26017
6
28572
29032
3
35674
23365
5
33145
13772
5
7
8
3
12
29888
5
10
5
1
54948
2
49149
11
15701
5
23344
63168
4
7
42993
5
9
62441
5
40469
17695
4
7
9
34145
7
4
5
5
4
6
1
102222
4
49160
3
3
10283
46583
7
8
25507
12620
11
8
37554
6
35137
5
2
3
29083
33012
13
29038
40371
7
21750
16687
85796
6
4
10200
5
2
36945
1
4
4
6
5
13402
8
4
9
1
3
16600
8
26665
41864
24056
8
43236
4
1
5
18890
44762
3
8
69243
10
23156
45776
12678
14
15310
27762
3
103511
3
16156
18836
57171
9112
44242
6
10
8
6
6
13185
14581
14649
41397
69658
25256
17820
8830
8
4
15805
12
33248
33351
6
22780
59392
36063
6619
34085
8
7
17894
4
7
4
21324
16488
5
8769
4
50518
5
34393
11
4
38770
18661
13
106514
16926
8
9
4
14388
5
44007
55579
16198
19241
135583
11273
32429
13782
113493
15848
86542
5
9
26831
38124
2
6
6
71272
6
2
115643
6
17056
6
4
8
21563
3
5
66705
19381
7
3
5
3
27784
11
17940
5
18251
17188
7
18214
4
4
5
4
1
70029
1
10
5
37573
7
32206
15
4
26722
11
4
7
9932
26755
15
24560
7
13044
7
1
3
55076
8
3
5
24656
5
8
18212
4
12
11065
5
5
7
9720
3
3
29078
62871
27701
10
30552
1
55128
53740
5
6
3
6
2
4
6
7
5
40264
4
20599
7
4
16673
26992
43675
4
22658
42246
2
3
2
8
16757
34025
28623
3
11
1
18732
3
6
7
1
23214
8
158291
14532
24927
6
39579
15938
6
10
29422
1
11978
1
5
33289
35539
3
18756
6
37237
6
20833
2
6
6
5
21270
2
7
16242
5
27292
4
33734
6
4
6
6
26920
18828
2
6
55076
18235
2
22155
13368
10
7
26366
14638
31636
5
2264
28551
102891
22497
8
12046
5
26026
5
101097
7
8
6
12634
6
8
9
4
31721
3
19286
30092
16736
3
13813
9
13
47093
11
13029
51335
6
7
4
5
6
1747
36330
23254
20640
5
21401
52599
23859
5
2
26496
10927
6
60031
18427
7
9
3
2
27474
5
48778
7
6
7
13653
42438
16228
1
7
4
7
3
12
11
15258
7
35010
19675
10535
6025
2
8
5
5
20752
4
9
12716
6
27992
4
8
19081
20182
21955
3
4
14637
8
29011
6
7
5
6
38596
9
28842
70676
7101
30865
25942
15
27369
6
3
32834
5
30800
34812
1
4
5
3
11644
35553
6
8
4
10
17245
23312
11295
20476
4
17744
46811
4
7
3
72727
1473
2
9
9
11
7
11853
4
4
9
7
23334
69549
42323
16011
2
4
7
47228
5
7
3
135500
123473
35078
83302
8
9
12421
1
27489
4
18484
8
7
33064
17847
4
6
5
78978
34371
26397
6
8
25986
30629
34747
4
24644
19235
9
6194
21951
1
7
2
10
9
6
7215
6
10
40727
9
11
100643
2
9
11
9167
7
9
24465
1
5
2
1
34775
34060
10190
34655
33220
6
5
6
6
25725
10
1
60370
11
5
3
19916
2
9531
11823
39927
3
8
10
56056
6
20709
45571
6
47949
27280
37911
4
10
4
8
7
133742
6
4
51916
19169
10
44553
4
1
6
16559
1
1
37267
89995
34642
22604
7
7
6
3
1
5
5201
59102
16110
3
68635
7
12299
5
38867
12638
8
22228
87614
4
56730
4
26768
4
7
14534
14
105157
14187
53706
5
36660
51358
4
17301
4
5
12
19639
16392
1
3
29364
4
18486
6
199999
1
62468
59665
5
98768
2
5
6
4
5
19977
2
8
33688
19020
8
8
13561
36942
16590
11
54145
15088
9
4
3
14
10
46952
7
5
4
26243
30147
48246
6
8
5107
58991
8
149662
3
39898
2
20146
43322
134710
5
7
9
85552
18190
2
6
80883
43909
6703
4895
19876
88062
8
22428
5
43403
1
31083
7
23789
10
30258
6
18978
4
6
4
27323
2
12
2
5731
10
31860
9
77612
4
23834
6
5
199997
29543
8
6
8
12534
5
19597
67729
43137
8952
24238
5
54170
7
10
73915
62508
15211
3
7
10745
45685
9918
29503
4
25235
3
25928
1
1
17325
132977
58531
6
4
11769
11296
7
70217
1
29474
19207
31299
13473
1
4699
67965
1
7
4
6
8
15548
4
28114
22527
7
6
19347
39781
46618
31995
12
7
9
4
1
2
8
3
141730
40468
1
2
27966
50568
12517
4
42706
35234
27976
7
5
6
7
47593
2
7
10069
87183
4
7
17857
3
5
6
26838
6004
2
3
7
1
4
25254
13615
33660
4
2
4
119722
3
18404
11
39746
80984
30330
23558
5
12
45454
2
3
37812
2
19137
15461
7
1
10
47396
19841
2
3
28411
8
11
5
4
29761
46137
29764
12
4
7
5
33254
43442
4
3
84677
8
7
4
30553
50966
144145
6
29677
16266
1
6
49111
18365
7
6
7
5
8
5
15
10
8
26429
35036
7
71154
9900
37506
28161
7
12
9863
35797
7
32480
49366
27370
4
29023
9
10
80375
23847
52908
3
17350
78502
1
29447
7
2
4
1
24027
7
9
5
4
9
29861
4
104348
199996
12
4752
6
29631
7
2
46818
3
6
29195
4
185168
6
29820
39958
13627
26598
5
7
35002
40828
7
5
17947
4
31781
2
9
8
34007
3
37041
8
19496
78672
4
3
8
138778
8
5
14433
20996
6
36442
1
2
132545
1
30422
6
20637
7
14653
64830
101980
21345
6
11916
49811
38161
28039
9
5
44145
11
3
6
9
89515
5
40009
28072
23698
8
2
20436
7
1
120923
20158
5
8
39912
10
21728
4
66600
24281
5
44762
3
13
26243
1
51041
7
9341
4
51303
3
12917
3
4
1297
22027
12
3
2
1
6
4
13807
1
3
9
61127
4
59288
4
1
8
15
29001
28827
8
5
5
199996
44435
9
6
4
6
14642
15
2
8
7
39700
8390
37702
200000
31122
7
3
18736
2
22058
4
4
26722
5
2041
4
50115
22343
45146
1
39981
8
6
125519
11811
4
33170
20002
9
6
23457
22706
31287
3
3
21931
5
6
3
56424
19389
2
6
7
27892
6
19015
57674
5
5
6
6
3
18173
7
5
6
7
1
38755
51029
21987
10
53833
6
28951
9
36245
3
59212
53656
45779
10
6
9
48077
4
30701
11678
1
9
5
7
56049
50119
4
36834
28957
18297
12
17363
36004
11396
5
5
1
60862
7
18562
10
7
4
5
22716
50977
11
6
60305
7
28142
4
39881
84729
3
3
32779
5
1
9906
7
4
6
12
3
5
92033
4
7
3
8
3
75240
4
24495
25880
5
8
28029
12
18417
2
21727
19107
28377
14266
8
5
6
29268
200000
31694
3
41907
56195
32242
2
18593
51262
12013
7
6
17
14280
39228
3
6
6555
3
1
21022
9
20467
14
13527
55552
5
2
10
6
12
11
2
4
8
6
4
4
81645
45291
1
6
7
7123
1
11
8
4
22181
3
14706
4
49271
1
30797
1
11
27965
7
3
30669
59336
1
8
1
8
4
16115
3
22825
55018
13
12151
22235
9460
2
22752
4
1
14777
7
2
20717
2
15787
13177
59613
17979
3
5
140466
14871
8
7
1
22962
18798
5
18811
8943
5
20257
11407
10
33208
39039
20667
19466
5
30645
18281
32234
8
34189
13533
48834
8
93701
21214
37091
83162
3
3
4
1
21001
85857
7
9
7
24093
10
2
1
4
32069
4
10
40642
4
13944
2
3
5
4
14013
28182
1
5
8
5
7
4
4
27637
6
25
1
50853
3
36070
7
5
6
5
21242
5768
4
7
3
5
2
6
3
66617
83830
32620
86699
3
29632
1
3
2
7
49563
4
3
8
2
16890
6
46844
4
26424
3
24327
5
2
8
4
24900
22129
5
11507
18644
11486
4
6
19557
5
23304
61117
12386
77410
35061
5
6
15093
32745
1
108226
8
61738
4
5
25968
14
13
19103
3
31020
1
40721
7
44522
2
2
14931
32859
27330
2
9
10
12910
7
6
3
9
7
186863
4
20575
7
74251
21731
48325
23328
41086
27958
3
28451
16628
6
44214
4
5
35663
37595
3
11
1
7
6
5
9131
29059
15095
15
5
4
6
4
6
21160
2
4
19312
68435
13411
22079
2
4
46732
7
96182
20621
3
8
18567
12
2
3
6
22670
8
29005
22612
11847
22964
3
10420
173119
7
5
4
5
4
14009
7
33294
100975
18127
10
6
14085
21268
8
16304
16773
7
10
8
21706
12
52490
26743
4
27727
5
7
34333
16075
5
13810
1
15920
4
21366
4
3
32740
49025
5
16074
43796
5
5
19735
4
2
14585
1
6
6
17720
19192
8669
4
30356
8386
3
6
3
6
26215
3
4
7
7
20962
12214
8
13751
1
46718
11700
3
37482
5
2
11521
24344
26215
3
6
5
24105
9
7
7
4
1
2
13627
4
1
8
30329
8
24241
7
8
2
1
26834
39721
9
21153
5
11
5
20126
12
4
5
8
19197
3
7566
6
2
1
37092
8
12292
8
1
26062
7775
8746
12
10183
35605
19358
14
11
64307
6
10
9
3
27056
11883
25049
16434
36171
2
23177
45615
20047
61724
8061
9
7
6
13
39540
6
20514
18931
8
33302
116354
37022
5
1
5
4
11817
14
16325
7
47555
11
18757
3
6
15042
14001
5
64145
11
10524
6
26265
3
13851
38154
14613
26986
41000
35397
2
17620
5
9494
19324
55347
10801
14383
21885
1
8
17675
6
5
3
32828
4
6
6
25735
2
24418
32906
7
15251
6
13
4
22492
17706
34787
13682
18738
16684
3
18930
1
35061
4
4
6
5
43115
5
8472
5
19977
16410
4
3
6
20834
5
3638
3
6863
24951
8
24819
3
16977
22577
5
18322
47690
5
12
4
5
49309
8
6
17326
3
14656
21050
7
8
7
5
3
9
70921
67662
2
18716
10
4
37483
43415
6
9
6
15
11
27263
22284
4
5
4
4
5
16823
1
7
24284
21902
75670
1
4
5
2
14823
6
2
5
5
5
4
826
30103
9
27480
18707
5
7593
18067
14147
8
4
27621
42659
17370
3
11683
44395
3
33156
6
4
5
8
25916
39882
5
36018
8
7
2
11600
2
9
17605
9
5
9
21070
12
7
16
15935
5
9
8
38972
2
28496
21641
10757
8
56128
14933
3
34601
6
27006
5
7
9940
5
6
15
4
15090
11
3
20238
34304
22250
1
25401
27899
3
8
6
26400
19194
82998
6644
21993
20758
12
22355
3
3
3
200000
20306
68599
13331
59759
13737
12668
11993
5
24571
7
25807
10
28330
39000
2
9
9
184843
10
9
28934
11723
6
2
9
2
16156
3
5
20337
16753
23968
33597
3
3
5
5
5
8
44105
29762
27699
5
25398
4
8
5
7
13
30740
37323
7
44059
19315
37580
16953
5
6
32370
21597
5
21254
32539
199993
7
1
3
6
11288
9
26710
3
5
7731
13
67621
32684
2
24678
3
10230
5
11631
7
17897
8
33522
38265
4
18322
12
2
2
4
2
4
7
37575
6
9
10
24213
88135
2
55538
5
4
13
6
5
4
17829
83859
6
53608
43713
27413
26848
8
35758
29611
4
3
19735
7
37037
7
4
3
19555
26528
2
7
2
10622
3
34742
18371
10502
42035
8
4
1
39017
2
10
54076
4
43349
31426
5
1
4
11
4
4
18
27168
6700
7
11
2
60614
30162
11415
29519
3
5
66447
10
9
5
8951
3
30712
58437
6
6
7934
2
5
3
14898
28918
18759
4
2
11558
14030
28783
3
5
10
5
5
35542
7
17642
24622
141060
10
1
17883
8913
23668
35213
3
24236
106001
9
17571
34684
22722
3
30327
17
21438
2
6
7
14314
5
48951
4
2
3
13
48611
11866
1
77461
20353
20811
73572
7
110359
6
6
13406
38571
12
5
20048
12
52537
1
16502
14791
6
34286
10
1
39377
11
11
20770
5
6
14215
4
8
71013
10
11196
39395
17797
10
13672
6
50508
4
45205
6
4
8
32749
5
4
24676
21293
99467
20121
2
9260
3
37596
22905
2
6
7
32206
27986
3
14683
9
18510
6
29437
4
40437
10
6
16313
8
25744
5
25762
8132
18093
5
4
1
10
4
103162
30115
98456
9
1
49452
4
8
35771
5137
11905
33091
16375
145252
6
1
1
2
32524
1
29479
4
8
65623
22207
10
3
29616
10394
9558
1
5
9
14162
16366
2
8
2
58004
18242
6
1
12
5
5615
1
7
4
48426
11
17087
12
9
21717
10
4
16670
3
12906
39716
28047
5
14
7
54243
2
38456
200000
14
3
38301
5
109850
16098
20266
8
25753
10806
4
1
4
19052
2
1
41979
1
4
18174
39473
25267
199998
1
33070
17190
186770
33135
15603
12980
7
9
6
33087
5
8
3
17336
3
15743
6
19764
8
2
2
3
9
1
17460
21086
23730
14388
4
18017
8
11159
9
6
10
3
15621
9
75318
3
9
3
6
4
27290
27577
64123
59586
22987
36506
8
5
17466
3
29084
7
7
10
8
16134
18019
1
3
71074
3
7
26745
6
16959
6
3
4
36585
5
8
23951
8
6
115036
3
51550
3
6
1
97170
48058
8
6
3
7
21205
2
16602
38348
21267
6
16628
5
5
56537
60613
6
151038
7890
12069
12
9359
5
1
6
8
5
17053
1
21932
27180
38652
21620
5
14308
6
16
4
106388
1
18998
34475
68153
1
10
7
3
73910
6
23459
19339
9
2
5
42406
7
3
26415
6
6
1
6
4
7
8
52568
12189
5
6
3
17874
24457
39471
9
6
2
59549
9
5
5
16794
6
12
19653
13180
4287
14689
23588
18940
16950
187310
9781
196740
37889
14651
17702
3
6
9
6
7
34451
24566
56782
5
3
14401
25679
4
5
199992
6
4
2
41101
5
2
7
3
14019
5
1
6
6
12436
29099
34286
4
8736
32459
5
28198
4
1
21481
7
11943
11
6
85614
82425
3
27255
2
7
2
6
11
5
41256
199993
4
5
3
15672
4
10
6
26550
1
23674
8
54552
8
23366
4
5
3
14246
34960
30907
56057
73863
9
10150
45361
5
5
7
24630
13043
8
7
19488
3
7
7
3
31999
2
11
3
6
4
9
18301
15572
16233
5
4
7
2
26962
28501
6
1
3
12764
36395
10
3
10
32070
45293
138799
3
5
2
7
19108
34296
1
23416
16781
4
2
25067
29876
4
6
3
66415
19884
15690
39419
17859
8
1
11910
9
200001
8
8
1
5
3
70100
11680
16920
20168
6
50811
9
6
28466
37627
2
21150
7
4
29692
7
8
11280
63322
9
7
3
17724
44502
4
5
9
5854
17
3
40267
26910
4
51860
3769
31801
26356
7
51012
14
5
52545
5
35685
27517
35964
1
45172
12198
3
9
7
2
18053
4
13
12702
3
6
19846
36722
27678
20527
13
8
4
8
6
14
14277
40165
41347
2
58945
6
19537
2
18485
6
20077
25107
2
16173
7
5
8058
27445
33021
20069
3
8
7
5
2
13007
4
3
28889
132582
27588
36540
3
5
36333
5
86512
5
1
23831
6
22724
18577
5
4
12086
25037
57255
4
13
21466
7
24888
20540
3
33517
11158
3
121766
11977
45545
5
10
19552
80439
41119
9
3
8
13
18670
14838
1
23699
3
2
4
7
5
5
38569
11
25862
64361
4
15169
7
3
50220
3
18342
17538
5
2
2
13
87223
43456
20957
15
11
9
35936
58606
9
9
2
7
15464
26844
62974
14654
7
4
5397
18487
14
4
59170
54605
70412
5
54179
4
15988
9
3
4
29599
77261
38312
56896
8266
5
17689
8375
3
6
16727
42482
1
3
8
3
5
39764
8614
33507
11
131628
4
6
85938
3
9
9
17949
19833
1
16434
43361
41848
4
8
7
6
5
46481
10955
21868
6
27695
15667
3
9
6
10
4
8
91984
8838
3
27186
4
45016
4
7
4
29560
16940
7
6
192250
6
199995
100294
4
2
8
5
12
16231
10013
1
6
20628
5
8
5
15080
14832
3
4
6
24159
5
7
13106
15469
6
3
3
8
4
3
28735
5
1
10
1
4
5
1
5
12
25075
13916
19431
23313
40861
6
23980
13312
23469
5
8
7
38235
60939
4
9
65630
7
12
6
39154
5
4
6
2
11
33064
11
17504
2
14627
53814
6
2
1
35252
3
29681
73068
6
47088
4
8
7
1
36905
2
3
26612
6
43364
12
4
8
35599
29544
1
101979
8148
28807
4
4
3
51088
14614
10
26331
31193
17227
21937
5
34204
5244
15
6
4
15715
5
8
6
5
30354
9
12
5
60782
3
7
4
7
11015
6
7
26622
2
10
2
7
3
50233
38153
12
48899
153116
64259
9821
7
7
16503
8
34925
9
13163
27391
27968
14929
56924
24352
33616
57435
3
4
8
7
62361
32375
5
17646
9683
8
24232
5
14752
11178
17429
37116
9
7
3
130853
20651
16380
6
27978
22116
19162
8
6
17934
16159
35862
3
1
5
5
9
1304
6614
19418
7
16344
39382
6
19370
4
4
24825
5
4
24782
35519
15680
3
19970
3
7
4
15021
19685
5
17299
6
29621
8347
9
4
11614
35264
3
2
46691
1
6
31186
5
19650
3
9
7
17766
18762
7
30199
3
7
16860
17520
45323
4
3
6
7
4
22688
5
20579
9
18530
5
1
1
5
4
5
5
2
12
24873
4
22474
10
5
9359
1
14282
17691
4643
1
129061
63333
10
3
6
17497
4
13869
48383
5
37830
26001
33467
15626
5
10790
5
4
5
21127
6
7
31918
55262
26715
60529
42026
4
21883
3
129524
5
13026
5
30268
25328
27721
5
6
26691
9
21391
22378
4
72650
6
6
21080
12252
11
1
4
130447
62363
4
45765
37170
105737
24571
27514
33557
21583
5
4
8
17201
2
8
22652
14536
5
17499
3
3
9
8
114365
4
9022
68112
16758
79370
19492
9
27821
16
32771
25172
63109
38686
9
5
3
40220
30769
38075
16082
115972
29876
59036
2314
67815
16128
3
5
16229
12
1
35461
38326
8
43802
1
65030
58187
61968
8
6
31993
18607
11786
6
5
12436
15480
10
12713
3
5
41817
20039
4
1
4
2
3
2
19591
7
2
8
1
6
67945
199993
24057
8
2
28336
90406
42446
4
72028
98219
12907
52990
6
14980
6
1
5
4
15820
41202
4
4
7
23403
12460
26061
1
21651
7
7
9
3088
5
28219
3
8
3
95442
26568
8
9
6
118659
43910
7
2
33351
7
54522
14017
13
16224
6
6
9
3
9
5
4
6423
10
6
5
32431
27345
7
10906
4
6
9
7
32423
4
29553
80362
5
9
7
5
1
5
20097
9
10
6
9
2
24459
18991
11938
22730
3
95686
18542
16250
2
5
30548
8088
6
46608
29322
19525
13055
5
5
10
39740
3
30620
35166
1
22046
64352
4
6
12
3
4
8
6
18547
122961
10
103037
25467
33069
5
5
3
10
117585
33371
22510
40062
107933
27711
28853
7
1
45413
26121
34101
13431
33234
34817
30752
33364
6
3
54124
4
3
84129
24436
41919
58605
19148
7
67720
22891
46503
42140
12822
1
10
9
17701
1
6
9
18910
9384
22340
49254
19948
7
5
17642
6
6
2
21995
18719
79718
39212
26714
4
43886
12173
41685
82134
10
3
31467
5
25976
16880
4
16042
28609
5
21863
39347
29947
14675
36732
50981
70255
6
69415
26704
37235
9
7
20195
22802
33065
40708
16184
19101
1
138114
10
1
79613
15484
33117
5
6
4
2
8
3
25365
44475
32970
27591
24442
5
7
6
25841
158216
4
32257
2
26092
6
15991
13513
4200
19104
14493
5
5
9
1
1
31255
26842
54214
5
47927
2
4520
35716
17
74225
3
26620
7
8
5
3
22083
3
26500
5
12769
49685
5
45900
16015
199994
13657
1
32202
9
1
7
22432
11
1
28314
21199
108318
27294
21505
28097
49023
4
44260
6
47158
47899
25326
57507
7
29711
4
31342
7
22338
4089
10
12
32145
12
8756
4
4
7
5
48760
86344
2
4
39002
5
8
26314
9
16312
15827
1
2
10
99840
8
36442
6
18434
25345
55022
18484
23312
71864
14
19982
37928
18443
34764
153162
8
3
18956
9
7
7083
69267
7
32542
90607
8
9
8
22632
28315
14
25966
32157
36690
6
1
7
25169
7
2
77798
8
16910
7
7
9332
15331
6
2
39335
1
1
5
8
5
1
52642
10
45011
32913
4
35735
4
27554
1
2
8
3
7
4
17868
2
40424
6
22825
43179
5
16899
6
4
53084
10
21919
24176
16596
22446
5
2
36411
9
3
40511
4
18040
14684
24892
38872
5
3
133558
9
7
5
39508
6
20960
79760
9
26285
8
2
69394
4
3
45067
35435
9
37544
7
24491
7
5
4
16
6
8
4
20216
2
4
1
3
11
102986
119326
56961
39068
4
5
7
6
35117
1
31311
19296
14918
8
5
18801
12
1
3
135791
2
39291
16147
3
9
5
26602
36690
5
5
5
87931
13877
5
8
1
9395
9
14802
29167
4
7
8
25510
6
7
23121
38249
11
69342
6
17035
28581
5
20929
18994
24747
32290
7
42033
25636
28943
9
1
6
46114
4
2
2
49499
12164
2
17876
49911
14239
127696
8
4
13644
8
1
11
22932
11548
8
35001
1
32401
5
41168
56058
14257
2014
25072
8
46715
3
6
73673
24346
9864
5
15696
3
199997
5
11796
39770
4
23292
11854
6
6
6
10915
5
16983
3
5
5
5
3
2
3
4
12754
30410
3
48479
6
3881
6
8
8
6
10
8
6
12
25919
59764
7
59401
12
32466
10
33974
26714
1
23445
53294
19858
2
6
9
3
7
20364
200000
114596
9861
7
24451
9
3
6
11548
9
57062
6
7308
5
2
40205
3
3
55100
10834
66548
78877
6
18544
3
29858
4
24550
6
90422
6
74788
1
7
59184
2
7
6
22070
16347
60422
8
3
15374
21642
28217
30252
28906
48342
13
9304
18899
8
4
6
4
3
3
12178
14
3
10
36182
6
19594
6
21862
5
8
14727
4
1
16741
6
7
5
6
4
8
30183
24077
26441
4
17929
4
27658
16844
7516
15875
14163
87254
6
27929
1
53205
62277
26177
28997
1
19210
156056
3
8
11562
5
20054
2
6
4
6
4
7256
7
17373
5
6
40652
8
9
4
7
8
7
26109
3
24255
11
33025
6
67054
4
7
4
16467
14375
6
48958
6
2
4986
32252
20718
6
28714
22387
71730
17150
14857
25810
6
24674
20258
1
23536
3
10093
29443
8
33602
7
26454
4
49470
8109
14170
9
21063
29253
1
8
11
24147
3
25531
12
5
5
5
2
9911
7
5
12
17
12
64819
29385
4
12829
1
23304
4
38206
7
42402
23910
16514
23794
20115
131232
1
99260
4
3404
49638
47688
39195
28401
12496
30674
3
22949
22646
41266
33464
1
5
18476
3
9
6
8
3
5
38843
5
36939
7
7
19136
11
14771
6
37269
21723
7
50098
5
3
6
11
21332
20821
7
25955
1
7
16591
12637
10246
6
27294
7
30395
62265
17021
4
49589
43340
3
49928
24273
31535
5
68265
13
16752
2
10920
70865
1696
4
4
3
2
11862
14602
85716
2
59458
39416
14
5
6
7
4
8
5858
18275
32241
15597
20415
1
41166
27668
8
1
42832
24611
32991
5
77814
4
21594
20356
6
3
5
26765
7
8
5805
38722
7
3
24579
39284
26160
1
12699
3
1
4
5
5
7
5
32659
38474
25557
199999
30994
18290
25097
53466
6
9
6
48682
41646
22106
11
106679
13136
19295
20837
6
47101
6
25363
33407
19559
30714
98560
43541
27498
27673
23144
3
8
4
10
6
4
19102
12
200001
8
48678
1
14495
6
55580
5
26442
4
28677
6
20158
29820
6
8
4
19476
19126
4
5
2
11554
40288
120646
18691
6
16360
27907
12
6
9819
10
5
1
7
4
3
6
24397
8
13486
5
60381
33095
14
7
4
103939
12
9
82530
1
8
70826
6
6
15737
20088
36207
3
55409
2
28198
5
4
8
12514
19511
27274
13334
18417
3
6
10
6
28651
4
1
4
13323
43836
32883
6
21194
89825
11
6236
110590
4
45059
6
4
29298
5
22599
14581
4
1
37359
28869
67342
1
8
40061
159414
8471
10453
1
17608
6
4030
10
51418
27436
20381
35617
45825
9335
61377
19150
5
19458
36027
7
9
6
9
7
18498
8
5
28614
4
35606
6
11580
175721
11015
5
18
5
9
16
177709
17736
5
67145
43626
31833
30420
20139
2
12989
4338
7
12115
4
5
8302
1
1
16851
2
9
6
4
32812
50649
1
5
13165
6
6
15
15
15520
6
16310
8
16718
4
28767
34859
10
35291
12
105662
7
12
43552
16008
132039
7
8
1
3
9
106980
2
22880
70601
5
5
3
8
1
42895
20907
4
14481
9
14140
4
7928
1
9
5
53759
28487
7
6
80519
7
24055
102048
6
21927
20479
1
41529
31507
8
34872
28683
37439
2
5
5
94295
1
4
10
8
2
5
4
40254
13
3
2
37555
10
4
199994
25982
13093
82643
55039
25856
19953
70354
15717
22855
6
9411
3
2
2
4
1
10
51830
8
4
51617
3
32166
4
4
55821
8960
61556
1
28210
14914
21686
4
3076
48054
7
24869
6
4
39484
58993
13011
9
1
47274
50641
17300
19985
8
1
8
6
52782
5
64112
5
5
6
1
25255
13867
23589
21878
26846
34326
9
5
10
40231
34336
6887
2986
6
7
25861
2
22047
51398
44476
7
36442
35151
199997
1
2
24604
37675
5
1
56501
4
3
7293
4
3
2
4
28355
69311
12
5
24850
49762
5
6
12
2
63387
27954
10
9
3
15238
21860
7
5
1
