805
795
795
815
769
827
816
823
826
773
833
835
815
763
782
790
797
803
779
809
818
779
780
805
753
810
797
816
815
791
800
809
820
819
808
818
775
809
820
805
825
723
818
793
806
778
837
765
796
788
811
841
825
816
796
847
792
795
800
819
792
815
813
825
818
785
799
779
771
831
785
811
776
823
803
774
816
802
807
803
792
825
803
802
818
821
819
790
821
754
798
791
841
779
834
817
800
812
814
792
811
796
845
789
814
763
783
774
785
820
797
830
789
760
825
787
785
793
837
816
818
840
778
794
854
798
781
817
829
810
804
835
835
780
791
802
814
811
814
822
792
833
768
780
806
789
819
804
797
806
818
791
801
823
783
794
784
806
807
815
806
798
827
798
820
808
767
811
790
798
799
845
792
775
822
847
794
805
801
849
776
803
738
788
801
802
824
822
797
781
800
799
772
765
789
797
831
820
789
781
808
786
798
815
806
798
772
815
795
808
797
813
826
822
772
819
786
805
775
826
779
818
782
812
786
809
788
774
821
842
785
816
823
778
772
811
799
813
803
818
803
816
807
790
803
793
758
864
809
818
792
796
792
802
807
796
803
814
829
797
812
801
796
797
833
822
789
759
768
810
785
761
803
814
826
809
770
786
769
743
804
814
814
803
826
824
804
834
806
802
804
817
809
801
815
813
783
795
811
804
813
822
784
804
790
786
848
822
811
811
806
790
756
814
772
824
788
794
809
782
785
790
796
799
816
802
779
843
854
816
800
782
806
779
776
810
821
813
795
778
793
790
845
826
761
792
814
797
808
765
840
790
798
764
782
830
816
800
792
796
833
785
813
840
805
812
808
804
778
778
793
799
819
836
786
806
770
810
829
783
797
806
815
784
807
779
794
829
767
806
786
806
844
822
824
804
800
784
826
812
801
772
818
792
800
783
803
830
818
807
792
806
788
809
805
828
805
824
805
799
801
852
796
779
813
790
787
753
841
786
801
780
853
804
835
778
831
807
842
779
797
822
845
775
814
824
806
789
778
818
774
807
795
818
787
800
793
820
842
765
800
800
844
800
800
801
794
791
787
834
831
826
784
783
830
793
813
759
736
829
825
807
777
765
827
837
808
788
802
805
