1145141
2
3378015
2429588
5545441
4597566
7974411
7022912
10137757
9190378
12567847
13716604
12638025
15883910
15063507
18309928
17230437
20477362
19659919
22710212
21758225
25135214
26284987
25205488
28452301
27635482
30881367
29798828
33044729
32227894
35474691
34395224
37642133
38921954
37969983
41085812
40137281
43515294
42370283
45616672
44796285
48042058
46963591
50209500
51489833
50542438
53657267
52705672
56082629
55134738
58250607
57302180
60680177
59731662
62842907
63992656
63175341
66225658
65277751
68654604
67703129
70817942
69870563
73248056
72299637
75415362
76564127
75743700
78990113
77910654
81157451
80340096
83587037
82503978
85749863
84933564
87982729
89132486
88315667
91561576
90479013
93724914
92908495
96154884
95075409
98322350
97505019
98650160
101765901
100817498
104195479
103247084
106362425
105410934
108787779
107643800
110889685
110072866
111222655
114337460
113385857
116762846
115814955
118930784
117982397
121360266
120411847
123523100
122575721
123855526
127102451
126022856
129269253
128448850
131498159
130550756
133928241
132979726
136095579
135147152
136423917
139670330
138590839
141837644
141020313
144267222
143184163
146430072
145613749
148859522
147781087
148930324
152241761
151159230
154405003
153588672
156835101
155755626
159002535
158185212
161427913
160348934
161497683
164875688
163927269
167042610
166091023
169467972
168520593
171635438
170687547
173999984
172920397
174066074
177443031
176495148
179611001
178662582
182040451
181092056
184203285
183255906
186632895
187782644
186703041
189949470
189129067
192374944
191296509
194542282
193659911
196775772
195827369
199201254
200350515
199270920
202517829
201700498
204947439
203864356
207110257
206293838
209539739
208461264
211707693
212987514
212036023
215150732
214203353
217515286
216435811
219682744
218865397
222108098
221029151
224275028
225555873
224607486
227723211
226771200
230148189
229200810
232315623
231367740
234745609
233797190
236908947
238057704
237175333
240291186
239342671
242720644
241772241
244883502
243936123
247313072
246365581
249480410
250629655
249809260
253055161
251976694
255222467
254405656
257652565
256573090
259815935
258933556
262048257
263198046
262380715
265627616
264544573
267790346
266974023
270219932
269141481
272387878
271570547
272716104
275830917
274883538
278261039
277312612
280428465
279545486
282788315
281709328
284955245
284138938
285287671
288403404
287451417
290828374
289880995
292995832
292047925
295425794
294477407
297589140
296640737
297921086
301167883
300088384
303400861
302452458
305563687
304616316
307993161
307045766
310160595
309212712
310489445
313735346
312656783
315902660
315085841
318332782
317253307
320496112
319678669
322925082
321846615
323060908
326307833
325224758
328470531
327654232
330900117
329821666
333068095
332250740
335493441
334413982
335563755
338941216
337992829
341108554
340160135
343534044
342586153
345700966
344819123
348064904
346986437
348131602
351508591
350561188
353676017
352728526
356106011
355157584
358269357
357320954
360698423
361848076
360768601
364015510
363198179
366440504
365362037
368673346
367725983
370840788
369892897
373266814
374415435
373336960
376582877
375766058
379012967
377933500
381176201
380358854
383605267
382526824
385772709
387053554
386105039
389216260
388334417
391580334
390501883
393748272
392930829
396173658
395094167
398341100
399621433
398673014
401788739
400840344
404214229
403266338
406381183
405433780
408810625
407863262
410974507
412188768
411241405
414356106
413408711
416786204
415837801
418949542
418001139
421379016
420431109
423545938
424695727
423878372
427120689
426042126
429288027
428471696
431717613
430573114
433946999
432998476
436114329
437263062
436446243
439693176
438613685
441856386
441039071
444285460
443207009
446452926
445636491
446785216
449896477
448949098
452326055
451378684
454427849
453611014
456853843
455774376
459021285
458204466
459353103
462468932
461520529
464894446
463946555
467061360
466113869
469490842
468543447
471654700
470706297
471987126
475232899
474088920
477466389
476517986
479629759
478681332
482059201
481111326
484226155
483278752
484558589
487801290
486722311
489968220
489151913
492397798
491318835
494561544
493744197
496991122
495846127
497126436
500373361
499293774
502536603
501719248
504965677
503887226
507133111
506316684
509562585
508479510
509629283
513006264
512058869
515173570
514225695
517599572
516651169
519701502
518884043
522130432
521051997
522200746
525574631
524626748
527741449
526794054
530171027
529223656
532334885
531386482
534764367
535913092
534834641
538081070
537263739
540506544
539361421
542739418
541791511
544906348
543958969
547335926
548481475
547402520
550648405
549832098
553078015
551999028
555241729
554424414
557671339
556591840
559838269
561118986
559973959
563216796
562399465
565645862
564567411
567813192
566996869
570242770
569159727
572406628
573686449
572738958
575853787
574905872
578279789
577331386
580447223
579498700
582876185
581732182
584978083
586254840
585306933
588421634
587474271
590851220
589903841
593015102
592066571
595444544
594496157
597612010
598761255
597943932
601186633
600107142
603354067
602537256
605586533
604639154
608016015
607064516
610179857
611328622
610512315
613758192
612679629
615921946
615104599
618351532
617272057
620518454
619702019
620850776
623962517
623014114
626391615
625247604
628493377
627677086
630922987
629839904
633086845
632269386
633419143
636533980
635586089
638959974
638011571
641127304
640178885
643556370
642609007
645723812
644772337
646052046
649101851
648154448
651531437
650584058
653695287
652746764
656124761
655176342
658292195
657344312
658624117
661866818
660787359
664034260
663217441
666463358
665384779
668630656
667810269
670860074
669911655
671192508
674438281
673359814
676602131
675784808
679031717
677952242
681199055
680382212
683628113
682545582
683694331
687071792
686124301
689239130
688291735
691603180
690520121
693767030
692949571
696196504
695117013
696266274
699640191
698691764
701807489
700859102
704236587
703289184
706404029
705452426
708829383
709978652
708900201
712146086
711264243
714378952
713426949
716804946
715856559
718972388
718024497
721401358
722547035
721467536
724714477
723897658
727143543
726064972
729310873
728490454
731736867
730657400
733904309
735118466
734040031
737282324
736464993
739711934
738632331
741879232
741062429
744308330
743225767
746471676
747752393
746804486
749919315
748971944
752348901
751396914
754512655
753564228
756876689
755797230
759043643
760320368
759371853
762487706
761539287
764916780
763969401
767084214
766132611
769509592
768561685
771677538
772826303
772009972
775255745
774172702
777419627
776536736
779652605
778704074
782081543
781130076
784244905
785394662
784577843
787823624
786745157
789991058
789170671
792417060
791337585
794584398
793767067
794916816
798028077
797079674
800392119
799312524
802559449
801742614
804988515
803905976
807151861
806335426
807484703
810599508
809652129
813029118
812077515
815192832
814244445
817622442
816674023
819789372
818837769
820052038
823167891
822219496
825596965
824649586
827764303
826812804
830189777
829241902
832357755
831409328
832690061
835935962
834852887
838099820
837282489
840529398
839449795
842761752
841810261
844925090
843977727
845258036
848503809
847425374
850671275
849850848
853097277
852017674
855264583
854447260
857694185
856611110
857759859
861137736
860189317
863305170
862422831
865668708
864586161
867831950
867015643
870262032
869182573
870332346
873709303
872757708
875873049
874924630
878302627
877354232
880469557
879517954
882894943
884044692
882965217
886277182
885329675
888444480
887493021
890869994
889922087
893037948
892089417
895467398
896616147
895533096
898780005
897962674
901209487
900129988
903376401
902556014
905801915
904723440
908034765
909184026
908105559
911351468
910531065
913777462
912697859
915944792
915127445
918374370
917291327
920537204
921817921
920869534
923985387
923037472
926414461
925462858
928577671
927695836
930942249
929862758
933109683
934389384
933437893
936553234
935604847
938982820
938034417
941150158
940198171
943575120
942627757
945742586
946891831
946075404
949321305
948238742
951550179
950602296
953718133
952769602
956147615
955199188
958310433
959460222
958642763
961889664
960810205
964056618
963236199
966482108
965403529
968649414
967832595
968982376
972031653
971211250
974457039
973378052
976624977
975807662
979054587
977971504
981217293
980400986
981549719
984665580
983717689
987094646
986143043
989257880
988310485
991687970
990739583
993789876
992972417
994118110
997233451
996285024
999663037
998714506
