40
26
121
20
23
85
12
247
51
24
17
13
48
29
35
6
19
2
26
26
158
100
18
46
36
42
28
9
149
119
4
5
65
105
23
57
30
14
39
43
44
83
17
1
29
41
10
10
33
132
30
21
39
10
16
38
127
57
22
177
15
6
84
65
17
21
28
44
14
22
44
32
96
34
9
1
98
31
35
94
79
16
80
17
30
20
20
49
50
55
9
29
6
37
16
30
14
36
88
5
58
1
94
119
12
58
81
96
27
21
37
95
80
46
37
6
216
20
37
11
22
14
82
18
28
12
32
100
47
2
102
45
1
147
8
45
34
27
30
47
59
4
10
26
39
18
13
19
62
11
36
24
19
13
56
126
30
26
155
19
141
182
26
3
16
5
41
224
98
15
37
64
139
3
34
24
40
63
15
45
20
90
7
48
11
10
58
15
26
3
1
145
53
13
70
54
82
34
39
49
40
72
34
21
71
18
68
116
68
46
69
159
29
34
75
153
149
12
48
26
127
23
56
15
10
36
36
10
39
149
209
117
34
8
13
2
25
59
35
53
71
48
69
16
30
35
63
43
67
97
67
57
257
92
7
124
9
6
65
101
13
38
152
131
17
17
15
3
20
173
58
122
29
20
10
9
4
20
49
4
62
137
90
45
25
54
186
54
47
132
45
40
25
117
46
11
91
20
33
18
16
43
61
13
11
29
76
93
26
8
165
27
91
85
36
17
38
50
45
20
23
18
24
32
16
83
20
14
84
28
45
21
25
25
30
70
125
86
55
22
113
130
120
60
27
66
187
38
21
12
147
78
99
24
71
163
32
55
111
60
29
3
75
55
15
37
103
46
140
29
201
128
10
56
8
22
16
2
13
155
145
8
15
29
16
37
61
25
16
78
16
38
17
177
193
83
96
13
151
78
83
51
132
87
8
14
10
78
74
12
53
20
17
41
116
33
32
7
146
44
39
22
22
102
127
42
24
172
38
201
255
67
7
25
35
5
44
91
9
44
6
21
100
83
16
13
74
99
62
30
112
8
12
23
16
78
6
18
43
11
96
82
12
56
50
37
220
107
203
11
21
16
14
44
9
14
21
62
14
33
46
44
119
23
27
24
70
34
36
62
23
27
76
44
117
49
12
37
42
6
70
30
9
16
22
27
14
35
29
31
181
74
12
5
63
39
37
9
97
13
61
70
29
23
20
50
11
41
42
20
5
66
13
35
142
2
41
29
165
7
47
26
77
49
117
21
53
34
186
157
100
27
14
11
76
49
28
75
147
92
101
36
30
52
2
82
18
244
25
6
50
164
190
55
84
11
17
202
154
94
13
101
202
142
61
49
78
49
102
18
13
109
15
4
186
13
49
59
58
43
29
65
33
6
46
33
36
35
12
38
11
35
53
29
144
115
79
31
31
17
8
21
84
10
75
13
64
146
7
47
26
17
69
41
84
74
87
51
58
114
49
31
78
140
144
5
115
2
42
29
73
4
136
60
170
76
7
40
8
184
180
13
185
12
20
115
20
45
28
79
19
26
12
25
70
24
5
5
62
138
11
141
89
71
167
99
30
12
52
29
31
56
23
83
54
62
52
119
45
173
16
22
23
5
147
51
1
24
32
83
19
13
6
18
15
56
17
6
21
14
50
27
7
162
20
50
34
198
37
191
85
28
14
10
78
59
20
37
6
26
56
34
3
85
166
29
122
11
13
16
67
106
14
62
122
21
18
11
9
7
169
21
6
59
74
104
39
87
65
206
114
48
23
80
18
97
7
26
257
11
110
3
19
40
40
9
120
40
65
19
133
29
86
97
46
153
90
7
27
22
37
19
42
52
8
3
8
40
116
49
7
88
44
28
47
24
17
122
28
38
10
24
162
17
36
60
36
147
26
137
22
35
27
53
14
43
55
82
12
93
10
26
48
129
48
16
25
32
50
4
11
18
66
164
188
3
21
9
207
52
8
205
32
31
56
50
9
8
48
11
14
27
36
45
26
19
19
38
25
55
140
20
19
7
127
12
39
23
3
32
44
71
202
78
114
27
10
33
70
72
191
41
42
2
26
19
98
21
211
98
5
43
76
87
12
74
21
18
33
55
13
158
55
9
7
14
4
194
95
35
145
27
13
44
2
120
25
62
6
59
12
15
17
36
142
105
5
85
89
104
7
143
23
40
4
39
24
16
23
32
48
11
21
44
40
21
42
72
37
30
32
14
175
8
7
23
57
148
10
24
18
127
83
35
11
36
36
13
49
150
112
73
49
11
96
16
8
19
67
5
